--- full build ---
[49/50] Linking CXX executable benchmarks/gpu/cfd_benchmark_large_grid_stress
[50/50] Linking CXX executable tests/integration/mms/CFDMMSValidationTests
--- freshness BEFORE ctest ---
ninja: no work to do.
--- source fingerprints ---
0efae04e0efe9aafa0ae95fb8b84710e1fbfda6e1a01faa2098b93388c5bb711  include/cfd/gpu/DeviceDiffusion.hpp
403e9b08b6c2acf02f3f760bae81b82994d8e42d8dc3c38a84aad27db8b7ac5b  include/cfd/gpu/BoundaryEncoding.hpp
1c331c7d7942bce267a8898c372dbcb3192defec4d388252f85f8d2b03fdae50  include/cfd/gpu/DeviceGradient.hpp
84b74f02e26503b875a3f22d058703b82456ab20a4f1d7c8cf0e59841537a629  cuda/kernels/DeviceDiffusionPlan.cpp
2c2afe7458fee92a2579a5bcbcf7a3773d9540c4aa5345a14cb7835027a49b66  cuda/kernels/DeviceDiffusionKernel.cu
4863d5930e4ca797d506416b39bcc517c6968bce5c503a6789eca4c7da761c45  cuda/kernels/DeviceGradientPlan.cpp
662b72d49e90557283a4f6c4699d99e0112bc8b75a3b7f1adb4b53099fd7e74a  cuda/kernels/DeviceGradientKernel.cu
f9b25cee930cecf59b7cf84f05642d0b52121484ecd03e79fea55b89a20ed62f  cuda/CMakeLists.txt
--- ctest ---
ctest exit=0
100% tests passed, 0 tests failed out of 1998
Total Test time (real) = 384.51 sec
--- freshness AFTER ctest ---
ninja: no work to do.

[exited with code 0]
