# rp4_rhs_not_copied
# layer:       resident-solve
# origin:      GPU-PIPE-001 resident pressure solve
# expectation: detect
# the assembled right-hand side is never moved into the workspace, so the solve runs against whatever the previous iteration left in b
# mutation applied to cuda/kernels/GpuSimpleDiscretizationCuda.cpp
# --- anchor ---
  copyToWorkspaceRhs(system.rhs, impl_->krylov);
# --- became ---
  // MUTATED: the RHS never reaches the solver workspace.
# verdict: DETECTED
# first divergence: n/a

########## harness residency  -> exit 1 (DETECTED) ##########
=== GPU-PIPE-001 resident pressure solve: controlled comparison ===

=== cavity 2d 40x40, 8 outer iterations ===
    FAIL  pressure linear iteration count differs
    FAIL  pressure residual history differs (bitwise)
    FAIL  u residual history differs (bitwise)
    FAIL  v residual history differs (bitwise)
  status            1 / 1
  outer iterations  8
  pressure Krylov   0 (resident) / 1522 (host)
  path taken        resident=yes  host=no

  transfers/iteration       resident        host        change
    H2D calls                   50.4         55.6       -9.4%
    H2D bytes                1091453      1214796      -10.2%
    D2H calls                   82.2        909.8      -91.0%
    D2H bytes                 404954       649524      -37.7%
    allocations (total)          375          375
    syncs (total)                518         7114
    reduction groups             518         7114   identical => same Krylov work
    FAIL  reduction count differs -- the two paths did different Krylov work

=== cavity 2d 80x80, 6 outer iterations ===
    FAIL  pressure linear iteration count differs
    FAIL  pressure residual history differs (bitwise)
    FAIL  u residual history differs (bitwise)
    FAIL  v residual history differs (bitwise)
  status            1 / 1
  outer iterations  6
  pressure Krylov   0 (resident) / 2183 (host)
  path taken        resident=yes  host=no

  transfers/iteration       resident        host        change
    H2D calls                   62.8         68.2       -7.8%
    H2D bytes                5416764      5925760       -8.6%
    D2H calls                   82.0       1596.0      -94.9%
    D2H bytes                1634405      2823549      -42.1%
    allocations (total)          375          375
    syncs (total)                386         9452
    reduction groups             386         9452   identical => same Krylov work
    FAIL  reduction count differs -- the two paths did different Krylov work

=== cavity 2d 160x160, 4 outer iterations ===
    FAIL  pressure linear iteration count differs
    FAIL  pressure residual history differs (bitwise)
    FAIL  u residual history differs (bitwise)
    FAIL  v residual history differs (bitwise)
  status            1 / 1
  outer iterations  4
  pressure Krylov   0 (resident) / 3010 (host)
  path taken        resident=yes  host=no

  transfers/iteration       resident        host        change
    H2D calls                   87.8         93.2       -5.9%
    H2D bytes               30207386     32351368       -6.6%
    D2H calls                   80.0       3143.0      -97.5%
    D2H bytes                6620512     13556036      -51.2%
    allocations (total)          375          375
    syncs (total)                248        12488
    reduction groups             248        12488   identical => same Krylov work
    FAIL  reduction count differs -- the two paths did different Krylov work

=== cavity 2d 40x40 LONG RUN, 60 outer iterations ===
    FAIL  pressure linear iteration count differs
    FAIL  pressure residual history differs (bitwise)
    FAIL  u residual history differs (bitwise)
    FAIL  v residual history differs (bitwise)
  status            1 / 1
  outer iterations  60
  pressure Krylov   0 (resident) / 11115 (host)
  path taken        resident=yes  host=no

  transfers/iteration       resident        host        change
    H2D calls                   18.0         23.0      -21.9%
    H2D bytes                 376268       491431      -23.4%
    D2H calls                   79.2        880.0      -91.0%
    D2H bytes                 399147       641106      -37.7%
    allocations (total)          373          375
    syncs (total)               3728        51596
    reduction groups            3728        51596   identical => same Krylov work
    FAIL  reduction count differs -- the two paths did different Krylov work

RESIDENCY COMPARISON: FAIL
