=== GPU-DISC-001D: CUDA convection vs CPU reference (bitwise) ===
L1 primitives | L2 four schemes vs discretization::convection()
L3 scalar implicit assembly vs thermal::assembleThermalConvectionContribution

=== L1: scheme primitives vs the production CPU functions ===
  FAIL quickFaceValue        n=10000  differing=1317 maxAbs=1.16e-10
  FAIL linearUpwindFaceValue n=10000  differing=55 maxAbs=2.84e-14
  PASS smoothnessRatio       n=1000   differing=0 nullopt cases=100
  PASS vanLeerLimiter        n=23     differing=0 (includes NaN/nullopt, +0, -0)
  L1 total scalar comparisons: 21023

=== L2/L3: operators and assembly ===
       [cartesian2d 16 cells=256 farUpstream(ownerUpwind=448, neighbourUpwind=448) resident=193560 B]
  FAIL cartesian2d 16   dirichlet upwind        positive  fwd  differing=225   maxAbs=1.42e-14   maxRel=1.42e-14   scale=2330
       worst cell 17: cpu=0 gpu=-1.4210854715202004e-14
  FAIL cartesian2d 16   dirichlet upwind        positive  rev  differing=199   maxAbs=1.14e-13   maxRel=1.42e-14   scale=1075
       worst cell 255: cpu=896 gpu=895.99999999999989
  FAIL cartesian2d 16   dirichlet central       positive  fwd  differing=225   maxAbs=1.42e-14   maxRel=1.42e-14   scale=2330
       worst cell 17: cpu=0 gpu=-1.4210854715202004e-14
  FAIL cartesian2d 16   dirichlet central       positive  rev  differing=199   maxAbs=1.14e-13   maxRel=1.42e-14   scale=1075
       worst cell 255: cpu=896 gpu=895.99999999999989
  FAIL cartesian2d 16   dirichlet linear_upwind positive  fwd  differing=225   maxAbs=1.42e-14   maxRel=1.42e-14   scale=2330
       worst cell 17: cpu=0 gpu=-1.4210854715202004e-14
  FAIL cartesian2d 16   dirichlet linear_upwind positive  rev  differing=199   maxAbs=1.14e-13   maxRel=1.42e-14   scale=1075
       worst cell 255: cpu=896 gpu=895.99999999999989
  FAIL cartesian2d 16   dirichlet quick         positive  fwd  differing=225   maxAbs=1.42e-14   maxRel=1.42e-14   scale=2330
       worst cell 17: cpu=0 gpu=-1.4210854715202004e-14
  FAIL cartesian2d 16   dirichlet quick         positive  rev  differing=199   maxAbs=1.14e-13   maxRel=1.42e-14   scale=1075
       worst cell 255: cpu=896 gpu=895.99999999999989
  FAIL cartesian2d 16   mixed     quick         positive  fwd  differing=225   maxAbs=1.42e-14   maxRel=1.42e-14   scale=2330
       worst cell 17: cpu=0 gpu=-1.4210854715202004e-14
  FAIL cartesian2d 16   dirichlet upwind        negative  fwd  differing=199   maxAbs=1.14e-13   maxRel=1.42e-14   scale=1075
       worst cell 255: cpu=896 gpu=895.99999999999989
  FAIL cartesian2d 16   dirichlet upwind        negative  rev  differing=225   maxAbs=1.42e-14   maxRel=1.42e-14   scale=2330
       worst cell 17: cpu=0 gpu=-1.4210854715202004e-14
  FAIL cartesian2d 16   dirichlet central       negative  fwd  differing=199   maxAbs=1.14e-13   maxRel=1.42e-14   scale=1075
       worst cell 255: cpu=896 gpu=895.99999999999989
  FAIL cartesian2d 16   dirichlet central       negative  rev  differing=225   maxAbs=1.42e-14   maxRel=1.42e-14   scale=2330
       worst cell 17: cpu=0 gpu=-1.4210854715202004e-14
  FAIL cartesian2d 16   dirichlet linear_upwind negative  fwd  differing=199   maxAbs=1.14e-13   maxRel=1.42e-14   scale=1075
       worst cell 255: cpu=896 gpu=895.99999999999989
  FAIL cartesian2d 16   dirichlet linear_upwind negative  rev  differing=225   maxAbs=1.42e-14   maxRel=1.42e-14   scale=2330
       worst cell 17: cpu=0 gpu=-1.4210854715202004e-14
  FAIL cartesian2d 16   dirichlet quick         negative  fwd  differing=199   maxAbs=1.14e-13   maxRel=1.42e-14   scale=1075
       worst cell 255: cpu=896 gpu=895.99999999999989
  FAIL cartesian2d 16   dirichlet quick         negative  rev  differing=225   maxAbs=1.42e-14   maxRel=1.42e-14   scale=2330
       worst cell 17: cpu=0 gpu=-1.4210854715202004e-14
  FAIL cartesian2d 16   mixed     quick         negative  fwd  differing=226   maxAbs=5.68e-14   maxRel=6.58e-14   scale=1075
       worst cell 240: cpu=-357.84000000000003 gpu=-357.83999999999997
  FAIL cartesian2d 16   dirichlet upwind        mixed     fwd  differing=140   maxAbs=6.82e-13   maxRel=1.03e-15   scale=3494
       worst cell 1: cpu=1456.0000000000005 gpu=1455.9999999999998
  FAIL cartesian2d 16   dirichlet upwind        mixed     rev  differing=146   maxAbs=4.55e-13   maxRel=3.9e-16    scale=3494
       worst cell 1: cpu=-1168.0000000000005 gpu=-1168
  FAIL cartesian2d 16   dirichlet central       mixed     fwd  differing=140   maxAbs=6.82e-13   maxRel=1.03e-15   scale=3494
       worst cell 1: cpu=1456.0000000000005 gpu=1455.9999999999998
  FAIL cartesian2d 16   dirichlet central       mixed     rev  differing=146   maxAbs=4.55e-13   maxRel=3.9e-16    scale=3494
       worst cell 1: cpu=-1168.0000000000005 gpu=-1168
  FAIL cartesian2d 16   dirichlet linear_upwind mixed     fwd  differing=140   maxAbs=6.82e-13   maxRel=1.03e-15   scale=3494
       worst cell 1: cpu=1456.0000000000005 gpu=1455.9999999999998
  FAIL cartesian2d 16   dirichlet linear_upwind mixed     rev  differing=146   maxAbs=4.55e-13   maxRel=3.9e-16    scale=3494
       worst cell 1: cpu=-1168.0000000000005 gpu=-1168
  FAIL cartesian2d 16   dirichlet quick         mixed     fwd  differing=140   maxAbs=6.82e-13   maxRel=1.03e-15   scale=3494
       worst cell 1: cpu=1456.0000000000005 gpu=1455.9999999999998
  FAIL cartesian2d 16   dirichlet quick         mixed     rev  differing=146   maxAbs=4.55e-13   maxRel=3.9e-16    scale=3494
       worst cell 1: cpu=-1168.0000000000005 gpu=-1168
  FAIL cartesian2d 16   mixed     quick         mixed     fwd  differing=145   maxAbs=6.82e-13   maxRel=1.03e-15   scale=3494
       worst cell 1: cpu=1456.0000000000005 gpu=1455.9999999999998
  FAIL cartesian2d 16   dirichlet upwind        zeros     fwd  differing=83    maxAbs=2.27e-13   maxRel=4.97e-14   scale=1997
       worst cell 49: cpu=-1996.8000000000002 gpu=-1996.8
  FAIL cartesian2d 16   dirichlet upwind        zeros     rev  differing=78    maxAbs=2.27e-13   maxRel=4.97e-14   scale=1997
       worst cell 49: cpu=1996.8000000000002 gpu=1996.8
  FAIL cartesian2d 16   dirichlet central       zeros     fwd  differing=83    maxAbs=2.27e-13   maxRel=4.97e-14   scale=1997
       worst cell 49: cpu=-1996.8000000000002 gpu=-1996.8
  FAIL cartesian2d 16   dirichlet central       zeros     rev  differing=78    maxAbs=2.27e-13   maxRel=4.97e-14   scale=1997
       worst cell 49: cpu=1996.8000000000002 gpu=1996.8
  FAIL cartesian2d 16   dirichlet linear_upwind zeros     fwd  differing=83    maxAbs=2.27e-13   maxRel=4.97e-14   scale=1997
       worst cell 49: cpu=-1996.8000000000002 gpu=-1996.8
  FAIL cartesian2d 16   dirichlet linear_upwind zeros     rev  differing=78    maxAbs=2.27e-13   maxRel=4.97e-14   scale=1997
       worst cell 49: cpu=1996.8000000000002 gpu=1996.8
  FAIL cartesian2d 16   dirichlet quick         zeros     fwd  differing=83    maxAbs=2.27e-13   maxRel=4.97e-14   scale=1997
       worst cell 49: cpu=-1996.8000000000002 gpu=-1996.8
  FAIL cartesian2d 16   dirichlet quick         zeros     rev  differing=78    maxAbs=2.27e-13   maxRel=4.97e-14   scale=1997
       worst cell 49: cpu=1996.8000000000002 gpu=1996.8
  FAIL cartesian2d 16   mixed     quick         zeros     fwd  differing=85    maxAbs=2.27e-13   maxRel=4.97e-14   scale=1999
       worst cell 49: cpu=-1996.8000000000002 gpu=-1996.8
  PASS cartesian2d 16   dirichlet upwind        swirl     fwd  differing=0     maxAbs=0          maxRel=0          scale=33.75
  PASS cartesian2d 16   dirichlet upwind        swirl     rev  differing=0     maxAbs=0          maxRel=0          scale=33.75
  PASS cartesian2d 16   dirichlet central       swirl     fwd  differing=0     maxAbs=0          maxRel=0          scale=33.75
  PASS cartesian2d 16   dirichlet central       swirl     rev  differing=0     maxAbs=0          maxRel=0          scale=33.75
  PASS cartesian2d 16   dirichlet linear_upwind swirl     fwd  differing=0     maxAbs=0          maxRel=0          scale=33.75
  PASS cartesian2d 16   dirichlet linear_upwind swirl     rev  differing=0     maxAbs=0          maxRel=0          scale=33.75
  PASS cartesian2d 16   dirichlet quick         swirl     fwd  differing=0     maxAbs=0          maxRel=0          scale=33.75
  PASS cartesian2d 16   dirichlet quick         swirl     rev  differing=0     maxAbs=0          maxRel=0          scale=33.75
  FAIL cartesian2d 16   mixed     quick         swirl     fwd  differing=7     maxAbs=1.33e-15   maxRel=9.47e-14   scale=33.75
       worst cell 240: cpu=0.0234375 gpu=0.023437499999998668
  PASS cartesian2d 16   dirichlet cp=scalar   positive  fwd  nnz=736     A[d=0] rhs[d=0] maxAbs=0          scaleA=2814      scaleR=0        
  PASS cartesian2d 16   dirichlet cp=field    positive  rev  nnz=735     A[d=0] rhs[d=0] maxAbs=0          scaleA=1577      scaleR=3155     
  PASS cartesian2d 16   mixed     cp=field    positive  fwd  nnz=736     A[d=0] rhs[d=0] maxAbs=0          scaleA=2262      scaleR=0        
  PASS cartesian2d 16   dirichlet cp=scalar   negative  fwd  nnz=735     A[d=0] rhs[d=0] maxAbs=0          scaleA=1407      scaleR=2814     
  PASS cartesian2d 16   dirichlet cp=field    negative  rev  nnz=736     A[d=0] rhs[d=0] maxAbs=0          scaleA=2262      scaleR=0        
  FAIL cartesian2d 16   mixed     cp=field    negative  fwd  nnz=735     A[d=0] rhs[d=1] maxAbs=4.55e-13   scaleA=1577      scaleR=5129     
  PASS cartesian2d 16   dirichlet cp=scalar   mixed     fwd  nnz=711     A[d=0] rhs[d=0] maxAbs=0          scaleA=4221      scaleR=2010     
  PASS cartesian2d 16   dirichlet cp=field    mixed     rev  nnz=711     A[d=0] rhs[d=0] maxAbs=0          scaleA=2873      scaleR=3611     
  PASS cartesian2d 16   mixed     cp=field    mixed     fwd  nnz=711     A[d=0] rhs[d=0] maxAbs=0          scaleA=4688      scaleR=2934     
  PASS cartesian2d 16   dirichlet cp=scalar   zeros     fwd  nnz=483     A[d=0] rhs[d=0] maxAbs=0          scaleA=2412      scaleR=2261     
  PASS cartesian2d 16   dirichlet cp=field    zeros     rev  nnz=486     A[d=0] rhs[d=0] maxAbs=0          scaleA=2613      scaleR=1667     
  PASS cartesian2d 16   mixed     cp=field    zeros     fwd  nnz=483     A[d=0] rhs[d=0] maxAbs=0          scaleA=2558      scaleR=3294     
  PASS cartesian2d 16   dirichlet cp=scalar   swirl     fwd  nnz=736     A[d=0] rhs[d=0] maxAbs=0          scaleA=58.89     scaleR=73.61    
  PASS cartesian2d 16   dirichlet cp=field    swirl     rev  nnz=736     A[d=0] rhs[d=0] maxAbs=0          scaleA=66.01     scaleR=82.52    
  PASS cartesian2d 16   mixed     cp=field    swirl     fwd  nnz=736     A[d=0] rhs[d=0] maxAbs=0          scaleA=66.01     scaleR=107.4    
  FAIL cartesian2d 16   dirichlet upwind        positive  fwd  differing=234   maxAbs=1.14e-13   maxRel=0.25       scale=879.2
       worst cell 8: cpu=565.59999999999991 gpu=565.60000000000002
  FAIL cartesian2d 16   dirichlet upwind        positive  rev  differing=211   maxAbs=2.27e-13   maxRel=0.344      scale=1596
       worst cell 243: cpu=-1103.2 gpu=-1103.1999999999998
  FAIL cartesian2d 16   dirichlet central       positive  fwd  differing=220   maxAbs=1.14e-13   maxRel=2.03e-14   scale=868
       worst cell 8: cpu=565.59999999999991 gpu=565.60000000000002
  FAIL cartesian2d 16   dirichlet central       positive  rev  differing=193   maxAbs=2.27e-13   maxRel=0.562      scale=1585
       worst cell 0: cpu=-1078 gpu=-1077.9999999999998
  FAIL cartesian2d 16   dirichlet linear_upwind positive  fwd  differing=220   maxAbs=1.14e-13   maxRel=2.03e-14   scale=868
       worst cell 8: cpu=565.59999999999991 gpu=565.60000000000002
  FAIL cartesian2d 16   dirichlet linear_upwind positive  rev  differing=193   maxAbs=2.27e-13   maxRel=0.562      scale=1585
       worst cell 0: cpu=-1078 gpu=-1077.9999999999998
  FAIL cartesian2d 16   dirichlet quick         positive  fwd  differing=220   maxAbs=1.14e-13   maxRel=2.03e-14   scale=868
       worst cell 8: cpu=565.59999999999991 gpu=565.60000000000002
  FAIL cartesian2d 16   dirichlet quick         positive  rev  differing=193   maxAbs=2.27e-13   maxRel=0.562      scale=1585
       worst cell 0: cpu=-1078 gpu=-1077.9999999999998
  FAIL cartesian2d 16   mixed     quick         positive  fwd  differing=220   maxAbs=1.14e-13   maxRel=2.03e-14   scale=868
       worst cell 8: cpu=565.59999999999991 gpu=565.60000000000002
  FAIL cartesian2d 16   dirichlet upwind        negative  fwd  differing=211   maxAbs=2.27e-13   maxRel=0.344      scale=1596
       worst cell 243: cpu=-1103.2 gpu=-1103.1999999999998
  FAIL cartesian2d 16   dirichlet upwind        negative  rev  differing=234   maxAbs=1.14e-13   maxRel=0.25       scale=879.2
       worst cell 8: cpu=565.59999999999991 gpu=565.60000000000002
  FAIL cartesian2d 16   dirichlet central       negative  fwd  differing=193   maxAbs=2.27e-13   maxRel=0.562      scale=1585
       worst cell 0: cpu=-1078 gpu=-1077.9999999999998
  FAIL cartesian2d 16   dirichlet central       negative  rev  differing=220   maxAbs=1.14e-13   maxRel=2.03e-14   scale=868
       worst cell 8: cpu=565.59999999999991 gpu=565.60000000000002
  FAIL cartesian2d 16   dirichlet linear_upwind negative  fwd  differing=193   maxAbs=2.27e-13   maxRel=0.562      scale=1585
       worst cell 0: cpu=-1078 gpu=-1077.9999999999998
  FAIL cartesian2d 16   dirichlet linear_upwind negative  rev  differing=220   maxAbs=1.14e-13   maxRel=2.03e-14   scale=868
       worst cell 8: cpu=565.59999999999991 gpu=565.60000000000002
  FAIL cartesian2d 16   dirichlet quick         negative  fwd  differing=193   maxAbs=2.27e-13   maxRel=0.562      scale=1585
       worst cell 0: cpu=-1078 gpu=-1077.9999999999998
  FAIL cartesian2d 16   dirichlet quick         negative  rev  differing=220   maxAbs=1.14e-13   maxRel=2.03e-14   scale=868
       worst cell 8: cpu=565.59999999999991 gpu=565.60000000000002
  FAIL cartesian2d 16   mixed     quick         negative  fwd  differing=207   maxAbs=2.27e-13   maxRel=2e-14      scale=1078
       worst cell 0: cpu=-1078 gpu=-1077.9999999999998
  FAIL cartesian2d 16   dirichlet upwind        mixed     fwd  differing=92    maxAbs=2.27e-13   maxRel=3.97e-15   scale=2369
       worst cell 31: cpu=-1184.8000000000002 gpu=-1184.8
  FAIL cartesian2d 16   dirichlet upwind        mixed     rev  differing=73    maxAbs=3.41e-13   maxRel=3.63e-15   scale=1970
       worst cell 30: cpu=-700.19999999999982 gpu=-700.20000000000016
  FAIL cartesian2d 16   dirichlet central       mixed     fwd  differing=85    maxAbs=3.41e-13   maxRel=7.72e-16   scale=2363
       worst cell 13: cpu=976.60000000000014 gpu=976.5999999999998
  FAIL cartesian2d 16   dirichlet central       mixed     rev  differing=86    maxAbs=2.27e-13   maxRel=2.63e-15   scale=1968
       worst cell 0: cpu=-1279.0000000000002 gpu=-1279
  FAIL cartesian2d 16   dirichlet linear_upwind mixed     fwd  differing=85    maxAbs=3.41e-13   maxRel=7.72e-16   scale=2363
       worst cell 13: cpu=976.60000000000014 gpu=976.5999999999998
  FAIL cartesian2d 16   dirichlet linear_upwind mixed     rev  differing=86    maxAbs=2.27e-13   maxRel=2.63e-15   scale=1968
       worst cell 0: cpu=-1279.0000000000002 gpu=-1279
  FAIL cartesian2d 16   dirichlet quick         mixed     fwd  differing=85    maxAbs=3.41e-13   maxRel=7.72e-16   scale=2363
       worst cell 13: cpu=976.60000000000014 gpu=976.5999999999998
  FAIL cartesian2d 16   dirichlet quick         mixed     rev  differing=86    maxAbs=2.27e-13   maxRel=2.63e-15   scale=1968
       worst cell 0: cpu=-1279.0000000000002 gpu=-1279
  FAIL cartesian2d 16   mixed     quick         mixed     fwd  differing=87    maxAbs=3.41e-13   maxRel=5.38e-15   scale=2363
       worst cell 13: cpu=976.60000000000014 gpu=976.5999999999998
  FAIL cartesian2d 16   dirichlet upwind        zeros     fwd  differing=76    maxAbs=1.14e-13   maxRel=1.85e-15   scale=1357
       worst cell 12: cpu=-473.99999999999994 gpu=-474.00000000000006
  FAIL cartesian2d 16   dirichlet upwind        zeros     rev  differing=81    maxAbs=1.42e-13   maxRel=1.48e-15   scale=1102
       worst cell 79: cpu=-122.39999999999992 gpu=-122.40000000000006
  FAIL cartesian2d 16   dirichlet central       zeros     fwd  differing=95    maxAbs=2.27e-13   maxRel=5.67e-15   scale=1343
       worst cell 241: cpu=-1342.8000000000002 gpu=-1342.8
  FAIL cartesian2d 16   dirichlet central       zeros     rev  differing=98    maxAbs=2.27e-13   maxRel=9.99e-15   scale=1102
       worst cell 46: cpu=817.19999999999982 gpu=817.20000000000005
  FAIL cartesian2d 16   dirichlet linear_upwind zeros     fwd  differing=95    maxAbs=2.27e-13   maxRel=5.67e-15   scale=1343
       worst cell 241: cpu=-1342.8000000000002 gpu=-1342.8
  FAIL cartesian2d 16   dirichlet linear_upwind zeros     rev  differing=98    maxAbs=2.27e-13   maxRel=9.99e-15   scale=1102
       worst cell 46: cpu=817.19999999999982 gpu=817.20000000000005
  FAIL cartesian2d 16   dirichlet quick         zeros     fwd  differing=95    maxAbs=2.27e-13   maxRel=5.67e-15   scale=1343
       worst cell 241: cpu=-1342.8000000000002 gpu=-1342.8
  FAIL cartesian2d 16   dirichlet quick         zeros     rev  differing=98    maxAbs=2.27e-13   maxRel=9.99e-15   scale=1102
       worst cell 46: cpu=817.19999999999982 gpu=817.20000000000005
  FAIL cartesian2d 16   mixed     quick         zeros     fwd  differing=94    maxAbs=1.14e-13   maxRel=1.56e-14   scale=1026
       worst cell 12: cpu=-469.19999999999999 gpu=-469.2000000000001
  PASS cartesian2d 16   dirichlet upwind        swirl     fwd  differing=0     maxAbs=0          maxRel=0          scale=51.8
  PASS cartesian2d 16   dirichlet upwind        swirl     rev  differing=0     maxAbs=0          maxRel=0          scale=29.06
  PASS cartesian2d 16   dirichlet central       swirl     fwd  differing=0     maxAbs=0          maxRel=0          scale=51.33
  PASS cartesian2d 16   dirichlet central       swirl     rev  differing=0     maxAbs=0          maxRel=0          scale=28.71
  PASS cartesian2d 16   dirichlet linear_upwind swirl     fwd  differing=0     maxAbs=0          maxRel=0          scale=51.33
  PASS cartesian2d 16   dirichlet linear_upwind swirl     rev  differing=0     maxAbs=0          maxRel=0          scale=28.71
  PASS cartesian2d 16   dirichlet quick         swirl     fwd  differing=0     maxAbs=0          maxRel=0          scale=51.33
  PASS cartesian2d 16   dirichlet quick         swirl     rev  differing=0     maxAbs=0          maxRel=0          scale=28.71
  FAIL cartesian2d 16   mixed     quick         swirl     fwd  differing=7     maxAbs=1.78e-15   maxRel=2.41e-15   scale=6.914
       worst cell 191: cpu=-0.73593749999999858 gpu=-0.73593750000000036
  PASS cartesian2d 16   dirichlet cp=scalar   positive  fwd  nnz=736     A[d=0] rhs[d=0] maxAbs=0          scaleA=2814      scaleR=0        
  PASS cartesian2d 16   dirichlet cp=field    positive  rev  nnz=735     A[d=0] rhs[d=0] maxAbs=0          scaleA=1577      scaleR=3155     
  PASS cartesian2d 16   mixed     cp=field    positive  fwd  nnz=736     A[d=0] rhs[d=0] maxAbs=0          scaleA=2262      scaleR=0        
  PASS cartesian2d 16   dirichlet cp=scalar   negative  fwd  nnz=735     A[d=0] rhs[d=0] maxAbs=0          scaleA=1407      scaleR=2814     
  PASS cartesian2d 16   dirichlet cp=field    negative  rev  nnz=736     A[d=0] rhs[d=0] maxAbs=0          scaleA=2262      scaleR=0        
  FAIL cartesian2d 16   mixed     cp=field    negative  fwd  nnz=735     A[d=0] rhs[d=1] maxAbs=5.68e-14   scaleA=1577      scaleR=3207     
  PASS cartesian2d 16   dirichlet cp=scalar   mixed     fwd  nnz=711     A[d=0] rhs[d=0] maxAbs=0          scaleA=4221      scaleR=2010     
  PASS cartesian2d 16   dirichlet cp=field    mixed     rev  nnz=711     A[d=0] rhs[d=0] maxAbs=0          scaleA=2873      scaleR=3611     
  PASS cartesian2d 16   mixed     cp=field    mixed     fwd  nnz=711     A[d=0] rhs[d=0] maxAbs=0          scaleA=4688      scaleR=1997     
  PASS cartesian2d 16   dirichlet cp=scalar   zeros     fwd  nnz=483     A[d=0] rhs[d=0] maxAbs=0          scaleA=2412      scaleR=2261     
  PASS cartesian2d 16   dirichlet cp=field    zeros     rev  nnz=486     A[d=0] rhs[d=0] maxAbs=0          scaleA=2613      scaleR=1667     
  PASS cartesian2d 16   mixed     cp=field    zeros     fwd  nnz=483     A[d=0] rhs[d=0] maxAbs=0          scaleA=2558      scaleR=2160     
  PASS cartesian2d 16   dirichlet cp=scalar   swirl     fwd  nnz=736     A[d=0] rhs[d=0] maxAbs=0          scaleA=58.89     scaleR=73.61    
  PASS cartesian2d 16   dirichlet cp=field    swirl     rev  nnz=736     A[d=0] rhs[d=0] maxAbs=0          scaleA=66.01     scaleR=82.52    
  PASS cartesian2d 16   mixed     cp=field    swirl     fwd  nnz=736     A[d=0] rhs[d=0] maxAbs=0          scaleA=66.01     scaleR=61.07    
  PASS cartesian2d 16   dirichlet upwind        positive  fwd  differing=0     maxAbs=0          maxRel=0          scale=896
  FAIL cartesian2d 16   dirichlet upwind        positive  rev  differing=9     maxAbs=2.27e-13   maxRel=5.68e-14   scale=1075
       worst cell 0: cpu=-1075.1999999999998 gpu=-1075.2
  PASS cartesian2d 16   dirichlet central       positive  fwd  differing=0     maxAbs=0          maxRel=0          scale=896
  FAIL cartesian2d 16   dirichlet central       positive  rev  differing=9     maxAbs=2.27e-13   maxRel=5.68e-14   scale=1075
       worst cell 0: cpu=-1075.1999999999998 gpu=-1075.2
  PASS cartesian2d 16   dirichlet linear_upwind positive  fwd  differing=0     maxAbs=0          maxRel=0          scale=896
  FAIL cartesian2d 16   dirichlet linear_upwind positive  rev  differing=9     maxAbs=2.27e-13   maxRel=5.68e-14   scale=1075
       worst cell 0: cpu=-1075.1999999999998 gpu=-1075.2
  PASS cartesian2d 16   dirichlet quick         positive  fwd  differing=0     maxAbs=0          maxRel=0          scale=896
  FAIL cartesian2d 16   dirichlet quick         positive  rev  differing=9     maxAbs=2.27e-13   maxRel=5.68e-14   scale=1075
       worst cell 0: cpu=-1075.1999999999998 gpu=-1075.2
  PASS cartesian2d 16   mixed     quick         positive  fwd  differing=0     maxAbs=0          maxRel=0          scale=896
  FAIL cartesian2d 16   dirichlet upwind        negative  fwd  differing=9     maxAbs=2.27e-13   maxRel=5.68e-14   scale=1075
       worst cell 0: cpu=-1075.1999999999998 gpu=-1075.2
  PASS cartesian2d 16   dirichlet upwind        negative  rev  differing=0     maxAbs=0          maxRel=0          scale=896
  FAIL cartesian2d 16   dirichlet central       negative  fwd  differing=9     maxAbs=2.27e-13   maxRel=5.68e-14   scale=1075
       worst cell 0: cpu=-1075.1999999999998 gpu=-1075.2
  PASS cartesian2d 16   dirichlet central       negative  rev  differing=0     maxAbs=0          maxRel=0          scale=896
  FAIL cartesian2d 16   dirichlet linear_upwind negative  fwd  differing=9     maxAbs=2.27e-13   maxRel=5.68e-14   scale=1075
       worst cell 0: cpu=-1075.1999999999998 gpu=-1075.2
  PASS cartesian2d 16   dirichlet linear_upwind negative  rev  differing=0     maxAbs=0          maxRel=0          scale=896
  FAIL cartesian2d 16   dirichlet quick         negative  fwd  differing=9     maxAbs=2.27e-13   maxRel=5.68e-14   scale=1075
       worst cell 0: cpu=-1075.1999999999998 gpu=-1075.2
  PASS cartesian2d 16   dirichlet quick         negative  rev  differing=0     maxAbs=0          maxRel=0          scale=896
  FAIL cartesian2d 16   mixed     quick         negative  fwd  differing=15    maxAbs=2.27e-13   maxRel=4.04e-14   scale=1075
       worst cell 0: cpu=-1075.1999999999998 gpu=-1075.2
  FAIL cartesian2d 16   dirichlet upwind        mixed     fwd  differing=4     maxAbs=1.14e-13   maxRel=2.47e-16   scale=2150
       worst cell 2: cpu=-499.2000000000001 gpu=-499.19999999999999
  FAIL cartesian2d 16   dirichlet upwind        mixed     rev  differing=3     maxAbs=1.14e-13   maxRel=1.17e-16   scale=2150
       worst cell 248: cpu=-972.80000000000007 gpu=-972.79999999999995
  FAIL cartesian2d 16   dirichlet central       mixed     fwd  differing=4     maxAbs=1.14e-13   maxRel=2.47e-16   scale=2150
       worst cell 2: cpu=-499.2000000000001 gpu=-499.19999999999999
  FAIL cartesian2d 16   dirichlet central       mixed     rev  differing=3     maxAbs=1.14e-13   maxRel=1.17e-16   scale=2150
       worst cell 248: cpu=-972.80000000000007 gpu=-972.79999999999995
  FAIL cartesian2d 16   dirichlet linear_upwind mixed     fwd  differing=4     maxAbs=1.14e-13   maxRel=2.47e-16   scale=2150
       worst cell 2: cpu=-499.2000000000001 gpu=-499.19999999999999
  FAIL cartesian2d 16   dirichlet linear_upwind mixed     rev  differing=3     maxAbs=1.14e-13   maxRel=1.17e-16   scale=2150
       worst cell 248: cpu=-972.80000000000007 gpu=-972.79999999999995
  FAIL cartesian2d 16   dirichlet quick         mixed     fwd  differing=4     maxAbs=1.14e-13   maxRel=2.47e-16   scale=2150
       worst cell 2: cpu=-499.2000000000001 gpu=-499.19999999999999
  FAIL cartesian2d 16   dirichlet quick         mixed     rev  differing=3     maxAbs=1.14e-13   maxRel=1.17e-16   scale=2150
       worst cell 248: cpu=-972.80000000000007 gpu=-972.79999999999995
  FAIL cartesian2d 16   mixed     quick         mixed     fwd  differing=2     maxAbs=1.14e-13   maxRel=2.28e-16   scale=2150
       worst cell 2: cpu=-499.2000000000001 gpu=-499.19999999999999
  FAIL cartesian2d 16   dirichlet upwind        zeros     fwd  differing=2     maxAbs=1.14e-13   maxRel=1.23e-16   scale=1229
       worst cell 249: cpu=-998.40000000000009 gpu=-998.39999999999998
  FAIL cartesian2d 16   dirichlet upwind        zeros     rev  differing=4     maxAbs=1.14e-13   maxRel=3.7e-16    scale=1229
       worst cell 254: cpu=-921.59999999999991 gpu=-921.60000000000002
  FAIL cartesian2d 16   dirichlet central       zeros     fwd  differing=2     maxAbs=1.14e-13   maxRel=1.23e-16   scale=1229
       worst cell 249: cpu=-998.40000000000009 gpu=-998.39999999999998
  FAIL cartesian2d 16   dirichlet central       zeros     rev  differing=4     maxAbs=1.14e-13   maxRel=3.7e-16    scale=1229
       worst cell 254: cpu=-921.59999999999991 gpu=-921.60000000000002
  FAIL cartesian2d 16   dirichlet linear_upwind zeros     fwd  differing=2     maxAbs=1.14e-13   maxRel=1.23e-16   scale=1229
       worst cell 249: cpu=-998.40000000000009 gpu=-998.39999999999998
  FAIL cartesian2d 16   dirichlet linear_upwind zeros     rev  differing=4     maxAbs=1.14e-13   maxRel=3.7e-16    scale=1229
       worst cell 254: cpu=-921.59999999999991 gpu=-921.60000000000002
  FAIL cartesian2d 16   dirichlet quick         zeros     fwd  differing=2     maxAbs=1.14e-13   maxRel=1.23e-16   scale=1229
       worst cell 249: cpu=-998.40000000000009 gpu=-998.39999999999998
  FAIL cartesian2d 16   dirichlet quick         zeros     rev  differing=4     maxAbs=1.14e-13   maxRel=3.7e-16    scale=1229
       worst cell 254: cpu=-921.59999999999991 gpu=-921.60000000000002
  FAIL cartesian2d 16   mixed     quick         zeros     fwd  differing=3     maxAbs=1.14e-13   maxRel=1.59e-14   scale=1231
       worst cell 249: cpu=-767.27999999999997 gpu=-767.28000000000009
  PASS cartesian2d 16   dirichlet upwind        swirl     fwd  differing=0     maxAbs=0          maxRel=0          scale=22.5
  PASS cartesian2d 16   dirichlet upwind        swirl     rev  differing=0     maxAbs=0          maxRel=0          scale=15
  PASS cartesian2d 16   dirichlet central       swirl     fwd  differing=0     maxAbs=0          maxRel=0          scale=22.5
  PASS cartesian2d 16   dirichlet central       swirl     rev  differing=0     maxAbs=0          maxRel=0          scale=15
  PASS cartesian2d 16   dirichlet linear_upwind swirl     fwd  differing=0     maxAbs=0          maxRel=0          scale=22.5
  PASS cartesian2d 16   dirichlet linear_upwind swirl     rev  differing=0     maxAbs=0          maxRel=0          scale=15
  PASS cartesian2d 16   dirichlet quick         swirl     fwd  differing=0     maxAbs=0          maxRel=0          scale=22.5
  PASS cartesian2d 16   dirichlet quick         swirl     rev  differing=0     maxAbs=0          maxRel=0          scale=15
  FAIL cartesian2d 16   mixed     quick         swirl     fwd  differing=7     maxAbs=3.33e-16   maxRel=2.37e-14   scale=7.5
       worst cell 240: cpu=0.0234375 gpu=0.023437500000000333
  PASS cartesian2d 16   dirichlet cp=scalar   positive  fwd  nnz=736     A[d=0] rhs[d=0] maxAbs=0          scaleA=2814      scaleR=0        
  PASS cartesian2d 16   dirichlet cp=field    positive  rev  nnz=735     A[d=0] rhs[d=0] maxAbs=0          scaleA=1577      scaleR=3155     
  PASS cartesian2d 16   mixed     cp=field    positive  fwd  nnz=736     A[d=0] rhs[d=0] maxAbs=0          scaleA=2262      scaleR=0        
  PASS cartesian2d 16   dirichlet cp=scalar   negative  fwd  nnz=735     A[d=0] rhs[d=0] maxAbs=0          scaleA=1407      scaleR=2814     
  PASS cartesian2d 16   dirichlet cp=field    negative  rev  nnz=736     A[d=0] rhs[d=0] maxAbs=0          scaleA=2262      scaleR=0        
  FAIL cartesian2d 16   mixed     cp=field    negative  fwd  nnz=735     A[d=0] rhs[d=1] maxAbs=2.27e-13   scaleA=1577      scaleR=3157     
  PASS cartesian2d 16   dirichlet cp=scalar   mixed     fwd  nnz=711     A[d=0] rhs[d=0] maxAbs=0          scaleA=4221      scaleR=2010     
  PASS cartesian2d 16   dirichlet cp=field    mixed     rev  nnz=711     A[d=0] rhs[d=0] maxAbs=0          scaleA=2873      scaleR=3611     
  PASS cartesian2d 16   mixed     cp=field    mixed     fwd  nnz=711     A[d=0] rhs[d=0] maxAbs=0          scaleA=4688      scaleR=1807     
  PASS cartesian2d 16   dirichlet cp=scalar   zeros     fwd  nnz=483     A[d=0] rhs[d=0] maxAbs=0          scaleA=2412      scaleR=2261     
  PASS cartesian2d 16   dirichlet cp=field    zeros     rev  nnz=486     A[d=0] rhs[d=0] maxAbs=0          scaleA=2613      scaleR=1667     
  PASS cartesian2d 16   mixed     cp=field    zeros     fwd  nnz=483     A[d=0] rhs[d=0] maxAbs=0          scaleA=2558      scaleR=2026     
  PASS cartesian2d 16   dirichlet cp=scalar   swirl     fwd  nnz=736     A[d=0] rhs[d=0] maxAbs=0          scaleA=58.89     scaleR=73.61    
  PASS cartesian2d 16   dirichlet cp=field    swirl     rev  nnz=736     A[d=0] rhs[d=0] maxAbs=0          scaleA=66.01     scaleR=82.52    
  PASS cartesian2d 16   mixed     cp=field    swirl     fwd  nnz=736     A[d=0] rhs[d=0] maxAbs=0          scaleA=66.01     scaleR=66.17    
  FAIL cartesian2d 16   dirichlet upwind        positive  fwd  differing=162   maxAbs=5.68e-14   maxRel=4.55e-14   scale=361.8
       worst cell 3: cpu=255.34005300014462 gpu=255.34005300014468
  FAIL cartesian2d 16   dirichlet upwind        positive  rev  differing=146   maxAbs=2.27e-13   maxRel=3.13e-14   scale=1504
       worst cell 0: cpu=-1108.816685374534 gpu=-1108.8166853745338
  FAIL cartesian2d 16   dirichlet central       positive  fwd  differing=161   maxAbs=5.68e-14   maxRel=7.94e-13   scale=357.3
       worst cell 5: cpu=331.02644785341795 gpu=331.02644785341801
  FAIL cartesian2d 16   dirichlet central       positive  rev  differing=145   maxAbs=2.27e-13   maxRel=6.51e-13   scale=1504
       worst cell 244: cpu=-1149.3350937786313 gpu=-1149.3350937786315
  FAIL cartesian2d 16   dirichlet linear_upwind positive  fwd  differing=174   maxAbs=5.68e-14   maxRel=4.09e-13   scale=355.1
       worst cell 3: cpu=253.7247190143903 gpu=253.72471901439036
  FAIL cartesian2d 16   dirichlet linear_upwind positive  rev  differing=160   maxAbs=2.27e-13   maxRel=3.95e-13   scale=1504
       worst cell 240: cpu=-1271.2212501783338 gpu=-1271.2212501783335
  FAIL cartesian2d 16   dirichlet quick         positive  fwd  differing=203   maxAbs=6.39e-14   maxRel=3.71e-12   scale=356.2
       worst cell 58: cpu=-32.848359534816538 gpu=-32.848359534816474
  FAIL cartesian2d 16   dirichlet quick         positive  rev  differing=178   maxAbs=2.27e-13   maxRel=4.44e-12   scale=1504
       worst cell 240: cpu=-1271.4624998118879 gpu=-1271.4624998118877
  FAIL cartesian2d 16   mixed     quick         positive  fwd  differing=203   maxAbs=6.39e-14   maxRel=3.71e-12   scale=356.2
       worst cell 58: cpu=-32.848359534816538 gpu=-32.848359534816474
  FAIL cartesian2d 16   dirichlet upwind        negative  fwd  differing=146   maxAbs=2.27e-13   maxRel=3.13e-14   scale=1504
       worst cell 0: cpu=-1108.816685374534 gpu=-1108.8166853745338
  FAIL cartesian2d 16   dirichlet upwind        negative  rev  differing=162   maxAbs=5.68e-14   maxRel=4.55e-14   scale=361.8
       worst cell 3: cpu=255.34005300014462 gpu=255.34005300014468
  FAIL cartesian2d 16   dirichlet central       negative  fwd  differing=145   maxAbs=2.27e-13   maxRel=6.51e-13   scale=1504
       worst cell 244: cpu=-1149.3350937786313 gpu=-1149.3350937786315
  FAIL cartesian2d 16   dirichlet central       negative  rev  differing=161   maxAbs=5.68e-14   maxRel=7.94e-13   scale=357.3
       worst cell 5: cpu=331.02644785341795 gpu=331.02644785341801
  FAIL cartesian2d 16   dirichlet linear_upwind negative  fwd  differing=160   maxAbs=2.27e-13   maxRel=3.95e-13   scale=1504
       worst cell 240: cpu=-1271.2212501783338 gpu=-1271.2212501783335
  FAIL cartesian2d 16   dirichlet linear_upwind negative  rev  differing=174   maxAbs=5.68e-14   maxRel=4.09e-13   scale=355.1
       worst cell 3: cpu=253.7247190143903 gpu=253.72471901439036
  FAIL cartesian2d 16   dirichlet quick         negative  fwd  differing=178   maxAbs=2.27e-13   maxRel=4.44e-12   scale=1504
       worst cell 240: cpu=-1271.4624998118879 gpu=-1271.4624998118877
  FAIL cartesian2d 16   dirichlet quick         negative  rev  differing=203   maxAbs=6.39e-14   maxRel=3.71e-12   scale=356.2
       worst cell 58: cpu=-32.848359534816538 gpu=-32.848359534816474
  FAIL cartesian2d 16   mixed     quick         negative  fwd  differing=195   maxAbs=1.14e-13   maxRel=4.44e-12   scale=1093
       worst cell 4: cpu=-738.26604360796784 gpu=-738.26604360796773
  FAIL cartesian2d 16   dirichlet upwind        mixed     fwd  differing=95    maxAbs=2.27e-13   maxRel=9.38e-16   scale=1650
       worst cell 244: cpu=-1509.903250768572 gpu=-1509.9032507685722
  FAIL cartesian2d 16   dirichlet upwind        mixed     rev  differing=94    maxAbs=2.27e-13   maxRel=2.88e-14   scale=2018
       worst cell 242: cpu=-1811.1356404537976 gpu=-1811.1356404537974
  FAIL cartesian2d 16   dirichlet central       mixed     fwd  differing=107   maxAbs=2.27e-13   maxRel=1.69e-15   scale=1647
       worst cell 241: cpu=-1217.5016882517389 gpu=-1217.5016882517386
  FAIL cartesian2d 16   dirichlet central       mixed     rev  differing=119   maxAbs=2.27e-13   maxRel=1.32e-15   scale=2010
       worst cell 227: cpu=666.41805917121633 gpu=666.41805917121656
  FAIL cartesian2d 16   dirichlet linear_upwind mixed     fwd  differing=100   maxAbs=2.27e-13   maxRel=5.86e-15   scale=1645
       worst cell 244: cpu=-1518.4190599375243 gpu=-1518.4190599375245
  FAIL cartesian2d 16   dirichlet linear_upwind mixed     rev  differing=122   maxAbs=2.27e-13   maxRel=3.18e-15   scale=2007
       worst cell 95: cpu=-1026.253672284199 gpu=-1026.2536722841992
  FAIL cartesian2d 16   dirichlet quick         mixed     fwd  differing=126   maxAbs=2.27e-13   maxRel=2.81e-15   scale=1646
       worst cell 244: cpu=-1516.9178992437819 gpu=-1516.9178992437821
  FAIL cartesian2d 16   dirichlet quick         mixed     rev  differing=124   maxAbs=2.27e-13   maxRel=4.71e-15   scale=2008
       worst cell 95: cpu=-1026.0199981607484 gpu=-1026.0199981607486
  FAIL cartesian2d 16   mixed     quick         mixed     fwd  differing=131   maxAbs=1.14e-13   maxRel=4.25e-15   scale=995.9
       worst cell 5: cpu=-518.18268188095772 gpu=-518.1826818809576
  FAIL cartesian2d 16   dirichlet upwind        zeros     fwd  differing=72    maxAbs=2.27e-13   maxRel=0.0382     scale=1556
       worst cell 245: cpu=-1556.4324429651069 gpu=-1556.4324429651067
  FAIL cartesian2d 16   dirichlet upwind        zeros     rev  differing=74    maxAbs=1.14e-13   maxRel=2.08e-15   scale=1038
       worst cell 246: cpu=-908.43220572870177 gpu=-908.43220572870166
  FAIL cartesian2d 16   dirichlet central       zeros     fwd  differing=99    maxAbs=2.27e-13   maxRel=6.06e-15   scale=1556
       worst cell 245: cpu=-1556.4324429651069 gpu=-1556.4324429651067
  FAIL cartesian2d 16   dirichlet central       zeros     rev  differing=100   maxAbs=1.14e-13   maxRel=7.8e-15    scale=1038
       worst cell 246: cpu=-908.43220572870177 gpu=-908.43220572870166
  FAIL cartesian2d 16   dirichlet linear_upwind zeros     fwd  differing=98    maxAbs=2.27e-13   maxRel=1.41e-14   scale=1556
       worst cell 241: cpu=-1195.7190356492322 gpu=-1195.719035649232
  FAIL cartesian2d 16   dirichlet linear_upwind zeros     rev  differing=95    maxAbs=1.14e-13   maxRel=7.63e-14   scale=1038
       worst cell 246: cpu=-908.43220572870177 gpu=-908.43220572870166
  FAIL cartesian2d 16   dirichlet quick         zeros     fwd  differing=118   maxAbs=2.27e-13   maxRel=1.58e-14   scale=1556
       worst cell 245: cpu=-1556.4324429651069 gpu=-1556.4324429651067
  FAIL cartesian2d 16   dirichlet quick         zeros     rev  differing=120   maxAbs=1.14e-13   maxRel=5.44e-14   scale=1038
       worst cell 41: cpu=-349.05274091318489 gpu=-349.05274091318478
  FAIL cartesian2d 16   mixed     quick         zeros     fwd  differing=119   maxAbs=1.14e-13   maxRel=1.88e-14   scale=921.4
       worst cell 11: cpu=-811.04549999653727 gpu=-811.04549999653716
  FAIL cartesian2d 16   dirichlet upwind        swirl     fwd  differing=140   maxAbs=7.11e-15   maxRel=1.04e-14   scale=37.53
       worst cell 240: cpu=-37.528114543751869 gpu=-37.528114543751876
  FAIL cartesian2d 16   dirichlet upwind        swirl     rev  differing=127   maxAbs=7.11e-15   maxRel=1.04e-14   scale=37.53
       worst cell 254: cpu=-34.903729737214881 gpu=-34.903729737214888
  FAIL cartesian2d 16   dirichlet central       swirl     fwd  differing=152   maxAbs=1.78e-15   maxRel=8.3e-15    scale=38.22
       worst cell 11: cpu=-9.551553323176595 gpu=-9.5515533231765932
  FAIL cartesian2d 16   dirichlet central       swirl     rev  differing=155   maxAbs=7.11e-15   maxRel=8.3e-15    scale=38.22
       worst cell 255: cpu=-38.224208263620618 gpu=-38.224208263620625
  FAIL cartesian2d 16   dirichlet linear_upwind swirl     fwd  differing=142   maxAbs=7.11e-15   maxRel=1.71e-13   scale=38.2
       worst cell 241: cpu=-34.836123683123603 gpu=-34.83612368312361
  FAIL cartesian2d 16   dirichlet linear_upwind swirl     rev  differing=146   maxAbs=7.11e-15   maxRel=7.59e-14   scale=38.2
       worst cell 255: cpu=-38.204014376883386 gpu=-38.204014376883393
  FAIL cartesian2d 16   dirichlet quick         swirl     fwd  differing=190   maxAbs=3.55e-15   maxRel=9.2e-15    scale=38.21
       worst cell 12: cpu=-13.459956225170684 gpu=-13.45995622517068
  FAIL cartesian2d 16   dirichlet quick         swirl     rev  differing=183   maxAbs=7.11e-15   maxRel=2.03e-14   scale=38.21
       worst cell 255: cpu=-38.214111320252002 gpu=-38.214111320252009
  FAIL cartesian2d 16   mixed     quick         swirl     fwd  differing=199   maxAbs=3.55e-15   maxRel=2.84e-13   scale=29.29
       worst cell 12: cpu=-13.459956225170684 gpu=-13.45995622517068
  PASS cartesian2d 16   dirichlet cp=scalar   positive  fwd  nnz=736     A[d=0] rhs[d=0] maxAbs=0          scaleA=2814      scaleR=0        
  PASS cartesian2d 16   dirichlet cp=field    positive  rev  nnz=735     A[d=0] rhs[d=0] maxAbs=0          scaleA=1577      scaleR=3155     
  PASS cartesian2d 16   mixed     cp=field    positive  fwd  nnz=736     A[d=0] rhs[d=0] maxAbs=0          scaleA=2262      scaleR=0        
  PASS cartesian2d 16   dirichlet cp=scalar   negative  fwd  nnz=735     A[d=0] rhs[d=0] maxAbs=0          scaleA=1407      scaleR=2814     
  PASS cartesian2d 16   dirichlet cp=field    negative  rev  nnz=736     A[d=0] rhs[d=0] maxAbs=0          scaleA=2262      scaleR=0        
  FAIL cartesian2d 16   mixed     cp=field    negative  fwd  nnz=735     A[d=0] rhs[d=1] maxAbs=2.84e-14   scaleA=1577      scaleR=1697     
  PASS cartesian2d 16   dirichlet cp=scalar   mixed     fwd  nnz=711     A[d=0] rhs[d=0] maxAbs=0          scaleA=4221      scaleR=2010     
  PASS cartesian2d 16   dirichlet cp=field    mixed     rev  nnz=711     A[d=0] rhs[d=0] maxAbs=0          scaleA=2873      scaleR=3611     
  PASS cartesian2d 16   mixed     cp=field    mixed     fwd  nnz=711     A[d=0] rhs[d=0] maxAbs=0          scaleA=4688      scaleR=1643     
  PASS cartesian2d 16   dirichlet cp=scalar   zeros     fwd  nnz=483     A[d=0] rhs[d=0] maxAbs=0          scaleA=2412      scaleR=2261     
  PASS cartesian2d 16   dirichlet cp=field    zeros     rev  nnz=486     A[d=0] rhs[d=0] maxAbs=0          scaleA=2613      scaleR=1667     
  PASS cartesian2d 16   mixed     cp=field    zeros     fwd  nnz=483     A[d=0] rhs[d=0] maxAbs=0          scaleA=2558      scaleR=1876     
  PASS cartesian2d 16   dirichlet cp=scalar   swirl     fwd  nnz=736     A[d=0] rhs[d=0] maxAbs=0          scaleA=58.89     scaleR=73.61    
  PASS cartesian2d 16   dirichlet cp=field    swirl     rev  nnz=736     A[d=0] rhs[d=0] maxAbs=0          scaleA=66.01     scaleR=82.52    
  PASS cartesian2d 16   mixed     cp=field    swirl     fwd  nnz=736     A[d=0] rhs[d=0] maxAbs=0          scaleA=66.01     scaleR=61.07    
       [cartesian2d 32 cells=1024 farUpstream(ownerUpwind=1920, neighbourUpwind=1920) resident=747544 B]
  PASS cartesian2d 32   dirichlet cp=scalar   positive  fwd  nnz=3008    A[d=0] rhs[d=0] maxAbs=0          scaleA=2814      scaleR=0        
  PASS cartesian2d 32   dirichlet cp=field    positive  rev  nnz=3007    A[d=0] rhs[d=0] maxAbs=0          scaleA=1587      scaleR=3173     
  PASS cartesian2d 32   mixed     cp=field    positive  fwd  nnz=3008    A[d=0] rhs[d=0] maxAbs=0          scaleA=2251      scaleR=0        
  PASS cartesian2d 32   dirichlet cp=scalar   negative  fwd  nnz=3007    A[d=0] rhs[d=0] maxAbs=0          scaleA=1407      scaleR=2814     
  PASS cartesian2d 32   dirichlet cp=field    negative  rev  nnz=3008    A[d=0] rhs[d=0] maxAbs=0          scaleA=2251      scaleR=0        
  PASS cartesian2d 32   mixed     cp=field    negative  fwd  nnz=3007    A[d=0] rhs[d=0] maxAbs=0          scaleA=1587      scaleR=5158     
  PASS cartesian2d 32   dirichlet cp=scalar   mixed     fwd  nnz=2898    A[d=0] rhs[d=0] maxAbs=0          scaleA=3417      scaleR=2010     
  PASS cartesian2d 32   dirichlet cp=field    mixed     rev  nnz=2898    A[d=0] rhs[d=0] maxAbs=0          scaleA=3782      scaleR=5893     
  PASS cartesian2d 32   mixed     cp=field    mixed     fwd  nnz=2898    A[d=0] rhs[d=0] maxAbs=0          scaleA=3853      scaleR=2926     
  PASS cartesian2d 32   dirichlet cp=scalar   zeros     fwd  nnz=1984    A[d=0] rhs[d=0] maxAbs=0          scaleA=2412      scaleR=2261     
  PASS cartesian2d 32   dirichlet cp=field    zeros     rev  nnz=1971    A[d=0] rhs[d=0] maxAbs=0          scaleA=2694      scaleR=1665     
  PASS cartesian2d 32   mixed     cp=field    zeros     fwd  nnz=1984    A[d=0] rhs[d=0] maxAbs=0          scaleA=2632      scaleR=3286     
  PASS cartesian2d 32   dirichlet cp=scalar   swirl     fwd  nnz=3008    A[d=0] rhs[d=0] maxAbs=0          scaleA=30.42     scaleR=38.03    
  PASS cartesian2d 32   dirichlet cp=field    swirl     rev  nnz=3008    A[d=0] rhs[d=0] maxAbs=0          scaleA=34.31     scaleR=42.89    
  PASS cartesian2d 32   mixed     cp=field    swirl     fwd  nnz=3008    A[d=0] rhs[d=0] maxAbs=0          scaleA=34.31     scaleR=55.79    
  PASS cartesian2d 32   dirichlet cp=scalar   positive  fwd  nnz=3008    A[d=0] rhs[d=0] maxAbs=0          scaleA=2814      scaleR=0        
  PASS cartesian2d 32   dirichlet cp=field    positive  rev  nnz=3007    A[d=0] rhs[d=0] maxAbs=0          scaleA=1587      scaleR=3173     
  PASS cartesian2d 32   mixed     cp=field    positive  fwd  nnz=3008    A[d=0] rhs[d=0] maxAbs=0          scaleA=2251      scaleR=0        
  PASS cartesian2d 32   dirichlet cp=scalar   negative  fwd  nnz=3007    A[d=0] rhs[d=0] maxAbs=0          scaleA=1407      scaleR=2814     
  PASS cartesian2d 32   dirichlet cp=field    negative  rev  nnz=3008    A[d=0] rhs[d=0] maxAbs=0          scaleA=2251      scaleR=0        
  FAIL cartesian2d 32   mixed     cp=field    negative  fwd  nnz=3007    A[d=0] rhs[d=1] maxAbs=7.11e-15   scaleA=1587      scaleR=3257     
  PASS cartesian2d 32   dirichlet cp=scalar   mixed     fwd  nnz=2898    A[d=0] rhs[d=0] maxAbs=0          scaleA=3417      scaleR=2010     
  PASS cartesian2d 32   dirichlet cp=field    mixed     rev  nnz=2898    A[d=0] rhs[d=0] maxAbs=0          scaleA=3782      scaleR=5893     
  PASS cartesian2d 32   mixed     cp=field    mixed     fwd  nnz=2898    A[d=0] rhs[d=0] maxAbs=0          scaleA=3853      scaleR=1674     
  PASS cartesian2d 32   dirichlet cp=scalar   zeros     fwd  nnz=1984    A[d=0] rhs[d=0] maxAbs=0          scaleA=2412      scaleR=2261     
  PASS cartesian2d 32   dirichlet cp=field    zeros     rev  nnz=1971    A[d=0] rhs[d=0] maxAbs=0          scaleA=2694      scaleR=1665     
  PASS cartesian2d 32   mixed     cp=field    zeros     fwd  nnz=1984    A[d=0] rhs[d=0] maxAbs=0          scaleA=2632      scaleR=2089     
  PASS cartesian2d 32   dirichlet cp=scalar   swirl     fwd  nnz=3008    A[d=0] rhs[d=0] maxAbs=0          scaleA=30.42     scaleR=38.03    
  PASS cartesian2d 32   dirichlet cp=field    swirl     rev  nnz=3008    A[d=0] rhs[d=0] maxAbs=0          scaleA=34.31     scaleR=42.89    
  PASS cartesian2d 32   mixed     cp=field    swirl     fwd  nnz=3008    A[d=0] rhs[d=0] maxAbs=0          scaleA=34.31     scaleR=31.67    
  PASS cartesian2d 32   dirichlet cp=scalar   positive  fwd  nnz=3008    A[d=0] rhs[d=0] maxAbs=0          scaleA=2814      scaleR=0        
  PASS cartesian2d 32   dirichlet cp=field    positive  rev  nnz=3007    A[d=0] rhs[d=0] maxAbs=0          scaleA=1587      scaleR=3173     
  PASS cartesian2d 32   mixed     cp=field    positive  fwd  nnz=3008    A[d=0] rhs[d=0] maxAbs=0          scaleA=2251      scaleR=0        
  PASS cartesian2d 32   dirichlet cp=scalar   negative  fwd  nnz=3007    A[d=0] rhs[d=0] maxAbs=0          scaleA=1407      scaleR=2814     
  PASS cartesian2d 32   dirichlet cp=field    negative  rev  nnz=3008    A[d=0] rhs[d=0] maxAbs=0          scaleA=2251      scaleR=0        
  FAIL cartesian2d 32   mixed     cp=field    negative  fwd  nnz=3007    A[d=0] rhs[d=1] maxAbs=2.27e-13   scaleA=1587      scaleR=3174     
  PASS cartesian2d 32   dirichlet cp=scalar   mixed     fwd  nnz=2898    A[d=0] rhs[d=0] maxAbs=0          scaleA=3417      scaleR=2010     
  PASS cartesian2d 32   dirichlet cp=field    mixed     rev  nnz=2898    A[d=0] rhs[d=0] maxAbs=0          scaleA=3782      scaleR=5893     
  PASS cartesian2d 32   mixed     cp=field    mixed     fwd  nnz=2898    A[d=0] rhs[d=0] maxAbs=0          scaleA=3853      scaleR=1800     
  PASS cartesian2d 32   dirichlet cp=scalar   zeros     fwd  nnz=1984    A[d=0] rhs[d=0] maxAbs=0          scaleA=2412      scaleR=2261     
  PASS cartesian2d 32   dirichlet cp=field    zeros     rev  nnz=1971    A[d=0] rhs[d=0] maxAbs=0          scaleA=2694      scaleR=1665     
  PASS cartesian2d 32   mixed     cp=field    zeros     fwd  nnz=1984    A[d=0] rhs[d=0] maxAbs=0          scaleA=2632      scaleR=2023     
  PASS cartesian2d 32   dirichlet cp=scalar   swirl     fwd  nnz=3008    A[d=0] rhs[d=0] maxAbs=0          scaleA=30.42     scaleR=38.03    
  PASS cartesian2d 32   dirichlet cp=field    swirl     rev  nnz=3008    A[d=0] rhs[d=0] maxAbs=0          scaleA=34.31     scaleR=42.89    
  PASS cartesian2d 32   mixed     cp=field    swirl     fwd  nnz=3008    A[d=0] rhs[d=0] maxAbs=0          scaleA=34.31     scaleR=34.35    
  PASS cartesian2d 32   dirichlet cp=scalar   positive  fwd  nnz=3008    A[d=0] rhs[d=0] maxAbs=0          scaleA=2814      scaleR=0        
  PASS cartesian2d 32   dirichlet cp=field    positive  rev  nnz=3007    A[d=0] rhs[d=0] maxAbs=0          scaleA=1587      scaleR=3173     
  PASS cartesian2d 32   mixed     cp=field    positive  fwd  nnz=3008    A[d=0] rhs[d=0] maxAbs=0          scaleA=2251      scaleR=0        
  PASS cartesian2d 32   dirichlet cp=scalar   negative  fwd  nnz=3007    A[d=0] rhs[d=0] maxAbs=0          scaleA=1407      scaleR=2814     
  PASS cartesian2d 32   dirichlet cp=field    negative  rev  nnz=3008    A[d=0] rhs[d=0] maxAbs=0          scaleA=2251      scaleR=0        
  PASS cartesian2d 32   mixed     cp=field    negative  fwd  nnz=3007    A[d=0] rhs[d=0] maxAbs=0          scaleA=1587      scaleR=1688     
  PASS cartesian2d 32   dirichlet cp=scalar   mixed     fwd  nnz=2898    A[d=0] rhs[d=0] maxAbs=0          scaleA=3417      scaleR=2010     
  PASS cartesian2d 32   dirichlet cp=field    mixed     rev  nnz=2898    A[d=0] rhs[d=0] maxAbs=0          scaleA=3782      scaleR=5893     
  PASS cartesian2d 32   mixed     cp=field    mixed     fwd  nnz=2898    A[d=0] rhs[d=0] maxAbs=0          scaleA=3853      scaleR=1674     
  PASS cartesian2d 32   dirichlet cp=scalar   zeros     fwd  nnz=1984    A[d=0] rhs[d=0] maxAbs=0          scaleA=2412      scaleR=2261     
  PASS cartesian2d 32   dirichlet cp=field    zeros     rev  nnz=1971    A[d=0] rhs[d=0] maxAbs=0          scaleA=2694      scaleR=1665     
  PASS cartesian2d 32   mixed     cp=field    zeros     fwd  nnz=1984    A[d=0] rhs[d=0] maxAbs=0          scaleA=2632      scaleR=1883     
  PASS cartesian2d 32   dirichlet cp=scalar   swirl     fwd  nnz=3008    A[d=0] rhs[d=0] maxAbs=0          scaleA=30.42     scaleR=38.03    
  PASS cartesian2d 32   dirichlet cp=field    swirl     rev  nnz=3008    A[d=0] rhs[d=0] maxAbs=0          scaleA=34.31     scaleR=42.89    
  PASS cartesian2d 32   mixed     cp=field    swirl     fwd  nnz=3008    A[d=0] rhs[d=0] maxAbs=0          scaleA=34.31     scaleR=31.67    
       [graded2d 16 cells=256 farUpstream(ownerUpwind=448, neighbourUpwind=448) resident=193560 B]
  PASS graded2d 16      dirichlet cp=scalar   positive  fwd  nnz=736     A[d=0] rhs[d=0] maxAbs=0          scaleA=2814      scaleR=0        
  PASS graded2d 16      dirichlet cp=field    positive  rev  nnz=735     A[d=0] rhs[d=0] maxAbs=0          scaleA=1565      scaleR=3129     
  PASS graded2d 16      mixed     cp=field    positive  fwd  nnz=736     A[d=0] rhs[d=0] maxAbs=0          scaleA=2246      scaleR=0        
  PASS graded2d 16      dirichlet cp=scalar   negative  fwd  nnz=735     A[d=0] rhs[d=0] maxAbs=0          scaleA=1407      scaleR=2814     
  PASS graded2d 16      dirichlet cp=field    negative  rev  nnz=736     A[d=0] rhs[d=0] maxAbs=0          scaleA=2246      scaleR=0        
  PASS graded2d 16      mixed     cp=field    negative  fwd  nnz=735     A[d=0] rhs[d=0] maxAbs=0          scaleA=1565      scaleR=5093     
  PASS graded2d 16      dirichlet cp=scalar   mixed     fwd  nnz=711     A[d=0] rhs[d=0] maxAbs=0          scaleA=4221      scaleR=2010     
  PASS graded2d 16      dirichlet cp=field    mixed     rev  nnz=711     A[d=0] rhs[d=0] maxAbs=0          scaleA=2850      scaleR=3521     
  PASS graded2d 16      mixed     cp=field    mixed     fwd  nnz=711     A[d=0] rhs[d=0] maxAbs=0          scaleA=4659      scaleR=2915     
  PASS graded2d 16      dirichlet cp=scalar   zeros     fwd  nnz=483     A[d=0] rhs[d=0] maxAbs=0          scaleA=2412      scaleR=2261     
  PASS graded2d 16      dirichlet cp=field    zeros     rev  nnz=486     A[d=0] rhs[d=0] maxAbs=0          scaleA=2600      scaleR=1625     
  PASS graded2d 16      mixed     cp=field    zeros     fwd  nnz=483     A[d=0] rhs[d=0] maxAbs=0          scaleA=2508      scaleR=3268     
  FAIL graded2d 16      dirichlet cp=scalar   swirl     fwd  nnz=736     A[d=46] rhs[d=0] maxAbs=1.42e-14   scaleA=85.18     scaleR=125.3    
  PASS graded2d 16      dirichlet cp=field    swirl     rev  nnz=736     A[d=0] rhs[d=0] maxAbs=0          scaleA=94.72     scaleR=174.2    
  PASS graded2d 16      mixed     cp=field    swirl     fwd  nnz=736     A[d=0] rhs[d=0] maxAbs=0          scaleA=94.72     scaleR=128.7    
  PASS graded2d 16      dirichlet cp=scalar   positive  fwd  nnz=736     A[d=0] rhs[d=0] maxAbs=0          scaleA=2814      scaleR=0        
  PASS graded2d 16      dirichlet cp=field    positive  rev  nnz=735     A[d=0] rhs[d=0] maxAbs=0          scaleA=1565      scaleR=3129     
  PASS graded2d 16      mixed     cp=field    positive  fwd  nnz=736     A[d=0] rhs[d=0] maxAbs=0          scaleA=2246      scaleR=0        
  PASS graded2d 16      dirichlet cp=scalar   negative  fwd  nnz=735     A[d=0] rhs[d=0] maxAbs=0          scaleA=1407      scaleR=2814     
  PASS graded2d 16      dirichlet cp=field    negative  rev  nnz=736     A[d=0] rhs[d=0] maxAbs=0          scaleA=2246      scaleR=0        
  FAIL graded2d 16      mixed     cp=field    negative  fwd  nnz=735     A[d=0] rhs[d=2] maxAbs=2.27e-13   scaleA=1565      scaleR=3127     
  PASS graded2d 16      dirichlet cp=scalar   mixed     fwd  nnz=711     A[d=0] rhs[d=0] maxAbs=0          scaleA=4221      scaleR=2010     
  PASS graded2d 16      dirichlet cp=field    mixed     rev  nnz=711     A[d=0] rhs[d=0] maxAbs=0          scaleA=2850      scaleR=3521     
  PASS graded2d 16      mixed     cp=field    mixed     fwd  nnz=711     A[d=0] rhs[d=0] maxAbs=0          scaleA=4659      scaleR=1923     
  PASS graded2d 16      dirichlet cp=scalar   zeros     fwd  nnz=483     A[d=0] rhs[d=0] maxAbs=0          scaleA=2412      scaleR=2261     
  PASS graded2d 16      dirichlet cp=field    zeros     rev  nnz=486     A[d=0] rhs[d=0] maxAbs=0          scaleA=2600      scaleR=1625     
  PASS graded2d 16      mixed     cp=field    zeros     fwd  nnz=483     A[d=0] rhs[d=0] maxAbs=0          scaleA=2508      scaleR=2096     
  FAIL graded2d 16      dirichlet cp=scalar   swirl     fwd  nnz=736     A[d=46] rhs[d=0] maxAbs=1.42e-14   scaleA=85.18     scaleR=125.3    
  PASS graded2d 16      dirichlet cp=field    swirl     rev  nnz=736     A[d=0] rhs[d=0] maxAbs=0          scaleA=94.72     scaleR=174.2    
  PASS graded2d 16      mixed     cp=field    swirl     fwd  nnz=736     A[d=0] rhs[d=0] maxAbs=0          scaleA=94.72     scaleR=128.7    
  PASS graded2d 16      dirichlet cp=scalar   positive  fwd  nnz=736     A[d=0] rhs[d=0] maxAbs=0          scaleA=2814      scaleR=0        
  PASS graded2d 16      dirichlet cp=field    positive  rev  nnz=735     A[d=0] rhs[d=0] maxAbs=0          scaleA=1565      scaleR=3129     
  PASS graded2d 16      mixed     cp=field    positive  fwd  nnz=736     A[d=0] rhs[d=0] maxAbs=0          scaleA=2246      scaleR=0        
  PASS graded2d 16      dirichlet cp=scalar   negative  fwd  nnz=735     A[d=0] rhs[d=0] maxAbs=0          scaleA=1407      scaleR=2814     
  PASS graded2d 16      dirichlet cp=field    negative  rev  nnz=736     A[d=0] rhs[d=0] maxAbs=0          scaleA=2246      scaleR=0        
  PASS graded2d 16      mixed     cp=field    negative  fwd  nnz=735     A[d=0] rhs[d=0] maxAbs=0          scaleA=1565      scaleR=3137     
  PASS graded2d 16      dirichlet cp=scalar   mixed     fwd  nnz=711     A[d=0] rhs[d=0] maxAbs=0          scaleA=4221      scaleR=2010     
  PASS graded2d 16      dirichlet cp=field    mixed     rev  nnz=711     A[d=0] rhs[d=0] maxAbs=0          scaleA=2850      scaleR=3521     
  PASS graded2d 16      mixed     cp=field    mixed     fwd  nnz=711     A[d=0] rhs[d=0] maxAbs=0          scaleA=4659      scaleR=1798     
  PASS graded2d 16      dirichlet cp=scalar   zeros     fwd  nnz=483     A[d=0] rhs[d=0] maxAbs=0          scaleA=2412      scaleR=2261     
  PASS graded2d 16      dirichlet cp=field    zeros     rev  nnz=486     A[d=0] rhs[d=0] maxAbs=0          scaleA=2600      scaleR=1625     
  PASS graded2d 16      mixed     cp=field    zeros     fwd  nnz=483     A[d=0] rhs[d=0] maxAbs=0          scaleA=2508      scaleR=2010     
  FAIL graded2d 16      dirichlet cp=scalar   swirl     fwd  nnz=736     A[d=46] rhs[d=0] maxAbs=1.42e-14   scaleA=85.18     scaleR=125.3    
  PASS graded2d 16      dirichlet cp=field    swirl     rev  nnz=736     A[d=0] rhs[d=0] maxAbs=0          scaleA=94.72     scaleR=174.2    
  PASS graded2d 16      mixed     cp=field    swirl     fwd  nnz=736     A[d=0] rhs[d=0] maxAbs=0          scaleA=94.72     scaleR=128.7    
  PASS graded2d 16      dirichlet cp=scalar   positive  fwd  nnz=736     A[d=0] rhs[d=0] maxAbs=0          scaleA=2814      scaleR=0        
  PASS graded2d 16      dirichlet cp=field    positive  rev  nnz=735     A[d=0] rhs[d=0] maxAbs=0          scaleA=1565      scaleR=3129     
  PASS graded2d 16      mixed     cp=field    positive  fwd  nnz=736     A[d=0] rhs[d=0] maxAbs=0          scaleA=2246      scaleR=0        
  PASS graded2d 16      dirichlet cp=scalar   negative  fwd  nnz=735     A[d=0] rhs[d=0] maxAbs=0          scaleA=1407      scaleR=2814     
  PASS graded2d 16      dirichlet cp=field    negative  rev  nnz=736     A[d=0] rhs[d=0] maxAbs=0          scaleA=2246      scaleR=0        
  PASS graded2d 16      mixed     cp=field    negative  fwd  nnz=735     A[d=0] rhs[d=0] maxAbs=0          scaleA=1565      scaleR=1685     
  PASS graded2d 16      dirichlet cp=scalar   mixed     fwd  nnz=711     A[d=0] rhs[d=0] maxAbs=0          scaleA=4221      scaleR=2010     
  PASS graded2d 16      dirichlet cp=field    mixed     rev  nnz=711     A[d=0] rhs[d=0] maxAbs=0          scaleA=2850      scaleR=3521     
  PASS graded2d 16      mixed     cp=field    mixed     fwd  nnz=711     A[d=0] rhs[d=0] maxAbs=0          scaleA=4659      scaleR=1596     
  PASS graded2d 16      dirichlet cp=scalar   zeros     fwd  nnz=483     A[d=0] rhs[d=0] maxAbs=0          scaleA=2412      scaleR=2261     
  PASS graded2d 16      dirichlet cp=field    zeros     rev  nnz=486     A[d=0] rhs[d=0] maxAbs=0          scaleA=2600      scaleR=1625     
  PASS graded2d 16      mixed     cp=field    zeros     fwd  nnz=483     A[d=0] rhs[d=0] maxAbs=0          scaleA=2508      scaleR=1857     
  FAIL graded2d 16      dirichlet cp=scalar   swirl     fwd  nnz=736     A[d=46] rhs[d=0] maxAbs=1.42e-14   scaleA=85.18     scaleR=125.3    
  PASS graded2d 16      dirichlet cp=field    swirl     rev  nnz=736     A[d=0] rhs[d=0] maxAbs=0          scaleA=94.72     scaleR=174.2    
  PASS graded2d 16      mixed     cp=field    swirl     fwd  nnz=736     A[d=0] rhs[d=0] maxAbs=0          scaleA=94.72     scaleR=128.7    
       [distorted q16 cells=256 farUpstream(ownerUpwind=478, neighbourUpwind=478) resident=212760 B]
  PASS distorted q16    dirichlet cp=scalar   positive  fwd  nnz=736     A[d=0] rhs[d=0] maxAbs=0          scaleA=2814      scaleR=0        
  PASS distorted q16    dirichlet cp=field    positive  rev  nnz=735     A[d=0] rhs[d=0] maxAbs=0          scaleA=1577      scaleR=3154     
  PASS distorted q16    mixed     cp=field    positive  fwd  nnz=736     A[d=0] rhs[d=0] maxAbs=0          scaleA=2263      scaleR=0        
  PASS distorted q16    dirichlet cp=scalar   negative  fwd  nnz=735     A[d=0] rhs[d=0] maxAbs=0          scaleA=1407      scaleR=2814     
  PASS distorted q16    dirichlet cp=field    negative  rev  nnz=736     A[d=0] rhs[d=0] maxAbs=0          scaleA=2263      scaleR=0        
  FAIL distorted q16    mixed     cp=field    negative  fwd  nnz=735     A[d=0] rhs[d=1] maxAbs=9.09e-13   scaleA=1577      scaleR=5127     
  PASS distorted q16    dirichlet cp=scalar   mixed     fwd  nnz=711     A[d=0] rhs[d=0] maxAbs=0          scaleA=4221      scaleR=2010     
  PASS distorted q16    dirichlet cp=field    mixed     rev  nnz=711     A[d=0] rhs[d=0] maxAbs=0          scaleA=2872      scaleR=3608     
  PASS distorted q16    mixed     cp=field    mixed     fwd  nnz=711     A[d=0] rhs[d=0] maxAbs=0          scaleA=4685      scaleR=2933     
  PASS distorted q16    dirichlet cp=scalar   zeros     fwd  nnz=483     A[d=0] rhs[d=0] maxAbs=0          scaleA=2412      scaleR=2261     
  PASS distorted q16    dirichlet cp=field    zeros     rev  nnz=486     A[d=0] rhs[d=0] maxAbs=0          scaleA=2610      scaleR=1665     
  PASS distorted q16    mixed     cp=field    zeros     fwd  nnz=483     A[d=0] rhs[d=0] maxAbs=0          scaleA=2545      scaleR=3293     
  FAIL distorted q16    dirichlet cp=scalar   swirl     fwd  nnz=736     A[d=47] rhs[d=0] maxAbs=7.11e-15   scaleA=60.85     scaleR=73.61    
  PASS distorted q16    dirichlet cp=field    swirl     rev  nnz=736     A[d=0] rhs[d=0] maxAbs=0          scaleA=68.2      scaleR=82.5     
  PASS distorted q16    mixed     cp=field    swirl     fwd  nnz=736     A[d=0] rhs[d=0] maxAbs=0          scaleA=68.2      scaleR=107.4    
  PASS distorted q16    dirichlet cp=scalar   positive  fwd  nnz=736     A[d=0] rhs[d=0] maxAbs=0          scaleA=2814      scaleR=0        
  PASS distorted q16    dirichlet cp=field    positive  rev  nnz=735     A[d=0] rhs[d=0] maxAbs=0          scaleA=1577      scaleR=3154     
  PASS distorted q16    mixed     cp=field    positive  fwd  nnz=736     A[d=0] rhs[d=0] maxAbs=0          scaleA=2263      scaleR=0        
  PASS distorted q16    dirichlet cp=scalar   negative  fwd  nnz=735     A[d=0] rhs[d=0] maxAbs=0          scaleA=1407      scaleR=2814     
  PASS distorted q16    dirichlet cp=field    negative  rev  nnz=736     A[d=0] rhs[d=0] maxAbs=0          scaleA=2263      scaleR=0        
  FAIL distorted q16    mixed     cp=field    negative  fwd  nnz=735     A[d=0] rhs[d=1] maxAbs=1.42e-14   scaleA=1577      scaleR=3209     
  PASS distorted q16    dirichlet cp=scalar   mixed     fwd  nnz=711     A[d=0] rhs[d=0] maxAbs=0          scaleA=4221      scaleR=2010     
  PASS distorted q16    dirichlet cp=field    mixed     rev  nnz=711     A[d=0] rhs[d=0] maxAbs=0          scaleA=2872      scaleR=3608     
  PASS distorted q16    mixed     cp=field    mixed     fwd  nnz=711     A[d=0] rhs[d=0] maxAbs=0          scaleA=4685      scaleR=2000     
  PASS distorted q16    dirichlet cp=scalar   zeros     fwd  nnz=483     A[d=0] rhs[d=0] maxAbs=0          scaleA=2412      scaleR=2261     
  PASS distorted q16    dirichlet cp=field    zeros     rev  nnz=486     A[d=0] rhs[d=0] maxAbs=0          scaleA=2610      scaleR=1665     
  PASS distorted q16    mixed     cp=field    zeros     fwd  nnz=483     A[d=0] rhs[d=0] maxAbs=0          scaleA=2545      scaleR=2167     
  FAIL distorted q16    dirichlet cp=scalar   swirl     fwd  nnz=736     A[d=47] rhs[d=0] maxAbs=7.11e-15   scaleA=60.85     scaleR=73.61    
  PASS distorted q16    dirichlet cp=field    swirl     rev  nnz=736     A[d=0] rhs[d=0] maxAbs=0          scaleA=68.2      scaleR=82.5     
  PASS distorted q16    mixed     cp=field    swirl     fwd  nnz=736     A[d=0] rhs[d=0] maxAbs=0          scaleA=68.2      scaleR=61.08    
  PASS distorted q16    dirichlet cp=scalar   positive  fwd  nnz=736     A[d=0] rhs[d=0] maxAbs=0          scaleA=2814      scaleR=0        
  PASS distorted q16    dirichlet cp=field    positive  rev  nnz=735     A[d=0] rhs[d=0] maxAbs=0          scaleA=1577      scaleR=3154     
  PASS distorted q16    mixed     cp=field    positive  fwd  nnz=736     A[d=0] rhs[d=0] maxAbs=0          scaleA=2263      scaleR=0        
  PASS distorted q16    dirichlet cp=scalar   negative  fwd  nnz=735     A[d=0] rhs[d=0] maxAbs=0          scaleA=1407      scaleR=2814     
  PASS distorted q16    dirichlet cp=field    negative  rev  nnz=736     A[d=0] rhs[d=0] maxAbs=0          scaleA=2263      scaleR=0        
  FAIL distorted q16    mixed     cp=field    negative  fwd  nnz=735     A[d=0] rhs[d=2] maxAbs=4.55e-13   scaleA=1577      scaleR=3156     
  PASS distorted q16    dirichlet cp=scalar   mixed     fwd  nnz=711     A[d=0] rhs[d=0] maxAbs=0          scaleA=4221      scaleR=2010     
  PASS distorted q16    dirichlet cp=field    mixed     rev  nnz=711     A[d=0] rhs[d=0] maxAbs=0          scaleA=2872      scaleR=3608     
  PASS distorted q16    mixed     cp=field    mixed     fwd  nnz=711     A[d=0] rhs[d=0] maxAbs=0          scaleA=4685      scaleR=1806     
  PASS distorted q16    dirichlet cp=scalar   zeros     fwd  nnz=483     A[d=0] rhs[d=0] maxAbs=0          scaleA=2412      scaleR=2261     
  PASS distorted q16    dirichlet cp=field    zeros     rev  nnz=486     A[d=0] rhs[d=0] maxAbs=0          scaleA=2610      scaleR=1665     
  PASS distorted q16    mixed     cp=field    zeros     fwd  nnz=483     A[d=0] rhs[d=0] maxAbs=0          scaleA=2545      scaleR=2026     
  FAIL distorted q16    dirichlet cp=scalar   swirl     fwd  nnz=736     A[d=47] rhs[d=0] maxAbs=7.11e-15   scaleA=60.85     scaleR=73.61    
  PASS distorted q16    dirichlet cp=field    swirl     rev  nnz=736     A[d=0] rhs[d=0] maxAbs=0          scaleA=68.2      scaleR=82.5     
  PASS distorted q16    mixed     cp=field    swirl     fwd  nnz=736     A[d=0] rhs[d=0] maxAbs=0          scaleA=68.2      scaleR=66.15    
  PASS distorted q16    dirichlet cp=scalar   positive  fwd  nnz=736     A[d=0] rhs[d=0] maxAbs=0          scaleA=2814      scaleR=0        
  PASS distorted q16    dirichlet cp=field    positive  rev  nnz=735     A[d=0] rhs[d=0] maxAbs=0          scaleA=1577      scaleR=3154     
  PASS distorted q16    mixed     cp=field    positive  fwd  nnz=736     A[d=0] rhs[d=0] maxAbs=0          scaleA=2263      scaleR=0        
  PASS distorted q16    dirichlet cp=scalar   negative  fwd  nnz=735     A[d=0] rhs[d=0] maxAbs=0          scaleA=1407      scaleR=2814     
  PASS distorted q16    dirichlet cp=field    negative  rev  nnz=736     A[d=0] rhs[d=0] maxAbs=0          scaleA=2263      scaleR=0        
  PASS distorted q16    mixed     cp=field    negative  fwd  nnz=735     A[d=0] rhs[d=0] maxAbs=0          scaleA=1577      scaleR=1697     
  PASS distorted q16    dirichlet cp=scalar   mixed     fwd  nnz=711     A[d=0] rhs[d=0] maxAbs=0          scaleA=4221      scaleR=2010     
  PASS distorted q16    dirichlet cp=field    mixed     rev  nnz=711     A[d=0] rhs[d=0] maxAbs=0          scaleA=2872      scaleR=3608     
  PASS distorted q16    mixed     cp=field    mixed     fwd  nnz=711     A[d=0] rhs[d=0] maxAbs=0          scaleA=4685      scaleR=1643     
  PASS distorted q16    dirichlet cp=scalar   zeros     fwd  nnz=483     A[d=0] rhs[d=0] maxAbs=0          scaleA=2412      scaleR=2261     
  PASS distorted q16    dirichlet cp=field    zeros     rev  nnz=486     A[d=0] rhs[d=0] maxAbs=0          scaleA=2610      scaleR=1665     
  PASS distorted q16    mixed     cp=field    zeros     fwd  nnz=483     A[d=0] rhs[d=0] maxAbs=0          scaleA=2545      scaleR=1876     
  FAIL distorted q16    dirichlet cp=scalar   swirl     fwd  nnz=736     A[d=47] rhs[d=0] maxAbs=7.11e-15   scaleA=60.85     scaleR=73.61    
  PASS distorted q16    dirichlet cp=field    swirl     rev  nnz=736     A[d=0] rhs[d=0] maxAbs=0          scaleA=68.2      scaleR=82.5     
  PASS distorted q16    mixed     cp=field    swirl     fwd  nnz=736     A[d=0] rhs[d=0] maxAbs=0          scaleA=68.2      scaleR=61.08    
       [sheared 0.35 cells=256 farUpstream(ownerUpwind=477, neighbourUpwind=479) resident=208240 B]
  PASS sheared 0.35     dirichlet cp=scalar   positive  fwd  nnz=736     A[d=0] rhs[d=0] maxAbs=0          scaleA=2814      scaleR=0        
  PASS sheared 0.35     dirichlet cp=field    positive  rev  nnz=735     A[d=0] rhs[d=0] maxAbs=0          scaleA=1575      scaleR=3150     
  PASS sheared 0.35     mixed     cp=field    positive  fwd  nnz=736     A[d=0] rhs[d=0] maxAbs=0          scaleA=2259      scaleR=0        
  PASS sheared 0.35     dirichlet cp=scalar   negative  fwd  nnz=735     A[d=0] rhs[d=0] maxAbs=0          scaleA=1407      scaleR=2814     
  PASS sheared 0.35     dirichlet cp=field    negative  rev  nnz=736     A[d=0] rhs[d=0] maxAbs=0          scaleA=2259      scaleR=0        
  PASS sheared 0.35     mixed     cp=field    negative  fwd  nnz=735     A[d=0] rhs[d=0] maxAbs=0          scaleA=1575      scaleR=5122     
  PASS sheared 0.35     dirichlet cp=scalar   mixed     fwd  nnz=711     A[d=0] rhs[d=0] maxAbs=0          scaleA=4221      scaleR=2010     
  FAIL sheared 0.35     dirichlet cp=field    mixed     rev  nnz=711     A[d=0] rhs[d=1] maxAbs=2.27e-13   scaleA=2869      scaleR=3602     
  PASS sheared 0.35     mixed     cp=field    mixed     fwd  nnz=711     A[d=0] rhs[d=0] maxAbs=0          scaleA=4689      scaleR=2930     
  PASS sheared 0.35     dirichlet cp=scalar   zeros     fwd  nnz=483     A[d=0] rhs[d=0] maxAbs=0          scaleA=2412      scaleR=2261     
  PASS sheared 0.35     dirichlet cp=field    zeros     rev  nnz=486     A[d=0] rhs[d=0] maxAbs=0          scaleA=2611      scaleR=1662     
  PASS sheared 0.35     mixed     cp=field    zeros     fwd  nnz=483     A[d=0] rhs[d=0] maxAbs=0          scaleA=2558      scaleR=3289     
  FAIL sheared 0.35     dirichlet cp=scalar   swirl     fwd  nnz=736     A[d=41] rhs[d=0] maxAbs=1.42e-14   scaleA=68.9      scaleR=73.61    
  PASS sheared 0.35     dirichlet cp=field    swirl     rev  nnz=736     A[d=0] rhs[d=0] maxAbs=0          scaleA=76.41     scaleR=82.39    
  PASS sheared 0.35     mixed     cp=field    swirl     fwd  nnz=736     A[d=0] rhs[d=0] maxAbs=0          scaleA=76.41     scaleR=107.3    
  PASS sheared 0.35     dirichlet cp=scalar   positive  fwd  nnz=736     A[d=0] rhs[d=0] maxAbs=0          scaleA=2814      scaleR=0        
  PASS sheared 0.35     dirichlet cp=field    positive  rev  nnz=735     A[d=0] rhs[d=0] maxAbs=0          scaleA=1575      scaleR=3150     
  PASS sheared 0.35     mixed     cp=field    positive  fwd  nnz=736     A[d=0] rhs[d=0] maxAbs=0          scaleA=2259      scaleR=0        
  PASS sheared 0.35     dirichlet cp=scalar   negative  fwd  nnz=735     A[d=0] rhs[d=0] maxAbs=0          scaleA=1407      scaleR=2814     
  PASS sheared 0.35     dirichlet cp=field    negative  rev  nnz=736     A[d=0] rhs[d=0] maxAbs=0          scaleA=2259      scaleR=0        
  PASS sheared 0.35     mixed     cp=field    negative  fwd  nnz=735     A[d=0] rhs[d=0] maxAbs=0          scaleA=1575      scaleR=3193     
  PASS sheared 0.35     dirichlet cp=scalar   mixed     fwd  nnz=711     A[d=0] rhs[d=0] maxAbs=0          scaleA=4221      scaleR=2010     
  FAIL sheared 0.35     dirichlet cp=field    mixed     rev  nnz=711     A[d=0] rhs[d=1] maxAbs=2.27e-13   scaleA=2869      scaleR=3602     
  PASS sheared 0.35     mixed     cp=field    mixed     fwd  nnz=711     A[d=0] rhs[d=0] maxAbs=0          scaleA=4689      scaleR=1984     
  PASS sheared 0.35     dirichlet cp=scalar   zeros     fwd  nnz=483     A[d=0] rhs[d=0] maxAbs=0          scaleA=2412      scaleR=2261     
  PASS sheared 0.35     dirichlet cp=field    zeros     rev  nnz=486     A[d=0] rhs[d=0] maxAbs=0          scaleA=2611      scaleR=1662     
  PASS sheared 0.35     mixed     cp=field    zeros     fwd  nnz=483     A[d=0] rhs[d=0] maxAbs=0          scaleA=2558      scaleR=2163     
  FAIL sheared 0.35     dirichlet cp=scalar   swirl     fwd  nnz=736     A[d=41] rhs[d=0] maxAbs=1.42e-14   scaleA=68.9      scaleR=73.61    
  PASS sheared 0.35     dirichlet cp=field    swirl     rev  nnz=736     A[d=0] rhs[d=0] maxAbs=0          scaleA=76.41     scaleR=82.39    
  PASS sheared 0.35     mixed     cp=field    swirl     fwd  nnz=736     A[d=0] rhs[d=0] maxAbs=0          scaleA=76.41     scaleR=60.99    
  PASS sheared 0.35     dirichlet cp=scalar   positive  fwd  nnz=736     A[d=0] rhs[d=0] maxAbs=0          scaleA=2814      scaleR=0        
  PASS sheared 0.35     dirichlet cp=field    positive  rev  nnz=735     A[d=0] rhs[d=0] maxAbs=0          scaleA=1575      scaleR=3150     
  PASS sheared 0.35     mixed     cp=field    positive  fwd  nnz=736     A[d=0] rhs[d=0] maxAbs=0          scaleA=2259      scaleR=0        
  PASS sheared 0.35     dirichlet cp=scalar   negative  fwd  nnz=735     A[d=0] rhs[d=0] maxAbs=0          scaleA=1407      scaleR=2814     
  PASS sheared 0.35     dirichlet cp=field    negative  rev  nnz=736     A[d=0] rhs[d=0] maxAbs=0          scaleA=2259      scaleR=0        
  FAIL sheared 0.35     mixed     cp=field    negative  fwd  nnz=735     A[d=0] rhs[d=1] maxAbs=4.55e-13   scaleA=1575      scaleR=3153     
  PASS sheared 0.35     dirichlet cp=scalar   mixed     fwd  nnz=711     A[d=0] rhs[d=0] maxAbs=0          scaleA=4221      scaleR=2010     
  FAIL sheared 0.35     dirichlet cp=field    mixed     rev  nnz=711     A[d=0] rhs[d=1] maxAbs=2.27e-13   scaleA=2869      scaleR=3602     
  PASS sheared 0.35     mixed     cp=field    mixed     fwd  nnz=711     A[d=0] rhs[d=0] maxAbs=0          scaleA=4689      scaleR=1805     
  PASS sheared 0.35     dirichlet cp=scalar   zeros     fwd  nnz=483     A[d=0] rhs[d=0] maxAbs=0          scaleA=2412      scaleR=2261     
  PASS sheared 0.35     dirichlet cp=field    zeros     rev  nnz=486     A[d=0] rhs[d=0] maxAbs=0          scaleA=2611      scaleR=1662     
  PASS sheared 0.35     mixed     cp=field    zeros     fwd  nnz=483     A[d=0] rhs[d=0] maxAbs=0          scaleA=2558      scaleR=2023     
  FAIL sheared 0.35     dirichlet cp=scalar   swirl     fwd  nnz=736     A[d=41] rhs[d=0] maxAbs=1.42e-14   scaleA=68.9      scaleR=73.61    
  PASS sheared 0.35     dirichlet cp=field    swirl     rev  nnz=736     A[d=0] rhs[d=0] maxAbs=0          scaleA=76.41     scaleR=82.39    
  PASS sheared 0.35     mixed     cp=field    swirl     fwd  nnz=736     A[d=0] rhs[d=0] maxAbs=0          scaleA=76.41     scaleR=66.1     
  PASS sheared 0.35     dirichlet cp=scalar   positive  fwd  nnz=736     A[d=0] rhs[d=0] maxAbs=0          scaleA=2814      scaleR=0        
  PASS sheared 0.35     dirichlet cp=field    positive  rev  nnz=735     A[d=0] rhs[d=0] maxAbs=0          scaleA=1575      scaleR=3150     
  PASS sheared 0.35     mixed     cp=field    positive  fwd  nnz=736     A[d=0] rhs[d=0] maxAbs=0          scaleA=2259      scaleR=0        
  PASS sheared 0.35     dirichlet cp=scalar   negative  fwd  nnz=735     A[d=0] rhs[d=0] maxAbs=0          scaleA=1407      scaleR=2814     
  PASS sheared 0.35     dirichlet cp=field    negative  rev  nnz=736     A[d=0] rhs[d=0] maxAbs=0          scaleA=2259      scaleR=0        
  FAIL sheared 0.35     mixed     cp=field    negative  fwd  nnz=735     A[d=0] rhs[d=1] maxAbs=2.84e-14   scaleA=1575      scaleR=1694     
  PASS sheared 0.35     dirichlet cp=scalar   mixed     fwd  nnz=711     A[d=0] rhs[d=0] maxAbs=0          scaleA=4221      scaleR=2010     
  FAIL sheared 0.35     dirichlet cp=field    mixed     rev  nnz=711     A[d=0] rhs[d=1] maxAbs=2.27e-13   scaleA=2869      scaleR=3602     
  PASS sheared 0.35     mixed     cp=field    mixed     fwd  nnz=711     A[d=0] rhs[d=0] maxAbs=0          scaleA=4689      scaleR=1638     
  PASS sheared 0.35     dirichlet cp=scalar   zeros     fwd  nnz=483     A[d=0] rhs[d=0] maxAbs=0          scaleA=2412      scaleR=2261     
  PASS sheared 0.35     dirichlet cp=field    zeros     rev  nnz=486     A[d=0] rhs[d=0] maxAbs=0          scaleA=2611      scaleR=1662     
  PASS sheared 0.35     mixed     cp=field    zeros     fwd  nnz=483     A[d=0] rhs[d=0] maxAbs=0          scaleA=2558      scaleR=1874     
  FAIL sheared 0.35     dirichlet cp=scalar   swirl     fwd  nnz=736     A[d=41] rhs[d=0] maxAbs=1.42e-14   scaleA=68.9      scaleR=73.61    
  PASS sheared 0.35     dirichlet cp=field    swirl     rev  nnz=736     A[d=0] rhs[d=0] maxAbs=0          scaleA=76.41     scaleR=82.39    
  PASS sheared 0.35     mixed     cp=field    swirl     fwd  nnz=736     A[d=0] rhs[d=0] maxAbs=0          scaleA=76.41     scaleR=60.99    
       [cartesian3d 6 cells=216 farUpstream(ownerUpwind=432, neighbourUpwind=432) resident=266136 B]
  PASS cartesian3d 6    dirichlet cp=scalar   positive  fwd  nnz=756     A[d=0] rhs[d=0] maxAbs=0          scaleA=4221      scaleR=0        
  FAIL cartesian3d 6    dirichlet cp=field    positive  rev  nnz=755     A[d=0] rhs[d=4] maxAbs=9.09e-13   scaleA=2397      scaleR=5993     
  PASS cartesian3d 6    mixed     cp=field    positive  fwd  nnz=756     A[d=0] rhs[d=0] maxAbs=0          scaleA=3616      scaleR=0        
  PASS cartesian3d 6    dirichlet cp=scalar   negative  fwd  nnz=755     A[d=0] rhs[d=0] maxAbs=0          scaleA=2110      scaleR=5276     
  PASS cartesian3d 6    dirichlet cp=field    negative  rev  nnz=756     A[d=0] rhs[d=0] maxAbs=0          scaleA=3616      scaleR=0        
  FAIL cartesian3d 6    mixed     cp=field    negative  fwd  nnz=755     A[d=0] rhs[d=6] maxAbs=9.09e-13   scaleA=2397      scaleR=7780     
  PASS cartesian3d 6    dirichlet cp=scalar   mixed     fwd  nnz=756     A[d=0] rhs[d=0] maxAbs=0          scaleA=6030      scaleR=4824     
  FAIL cartesian3d 6    dirichlet cp=field    mixed     rev  nnz=756     A[d=0] rhs[d=2] maxAbs=1.82e-12   scaleA=4298      scaleR=1.113e+04
  FAIL cartesian3d 6    mixed     cp=field    mixed     fwd  nnz=756     A[d=0] rhs[d=3] maxAbs=4.55e-13   scaleA=6649      scaleR=5697     
  PASS cartesian3d 6    dirichlet cp=scalar   zeros     fwd  nnz=519     A[d=0] rhs[d=0] maxAbs=0          scaleA=3316      scaleR=4975     
  FAIL cartesian3d 6    dirichlet cp=field    zeros     rev  nnz=520     A[d=0] rhs[d=2] maxAbs=4.55e-13   scaleA=3765      scaleR=3959     
  PASS cartesian3d 6    mixed     cp=field    zeros     fwd  nnz=519     A[d=0] rhs[d=0] maxAbs=0          scaleA=3503      scaleR=6608     
  FAIL cartesian3d 6    dirichlet cp=scalar   swirl     fwd  nnz=756     A[d=52] rhs[d=0] maxAbs=3.55e-15   scaleA=26.06     scaleR=29.08    
  PASS cartesian3d 6    dirichlet cp=field    swirl     rev  nnz=756     A[d=0] rhs[d=0] maxAbs=0          scaleA=29.06     scaleR=44.13    
  PASS cartesian3d 6    mixed     cp=field    swirl     fwd  nnz=756     A[d=0] rhs[d=0] maxAbs=0          scaleA=29.59     scaleR=43.1     
  PASS cartesian3d 6    dirichlet cp=scalar   positive  fwd  nnz=756     A[d=0] rhs[d=0] maxAbs=0          scaleA=4221      scaleR=0        
  FAIL cartesian3d 6    dirichlet cp=field    positive  rev  nnz=755     A[d=0] rhs[d=4] maxAbs=9.09e-13   scaleA=2397      scaleR=5993     
  PASS cartesian3d 6    mixed     cp=field    positive  fwd  nnz=756     A[d=0] rhs[d=0] maxAbs=0          scaleA=3616      scaleR=0        
  PASS cartesian3d 6    dirichlet cp=scalar   negative  fwd  nnz=755     A[d=0] rhs[d=0] maxAbs=0          scaleA=2110      scaleR=5276     
  PASS cartesian3d 6    dirichlet cp=field    negative  rev  nnz=756     A[d=0] rhs[d=0] maxAbs=0          scaleA=3616      scaleR=0        
  FAIL cartesian3d 6    mixed     cp=field    negative  fwd  nnz=755     A[d=0] rhs[d=5] maxAbs=4.55e-13   scaleA=2397      scaleR=5810     
  PASS cartesian3d 6    dirichlet cp=scalar   mixed     fwd  nnz=756     A[d=0] rhs[d=0] maxAbs=0          scaleA=6030      scaleR=4824     
  FAIL cartesian3d 6    dirichlet cp=field    mixed     rev  nnz=756     A[d=0] rhs[d=2] maxAbs=1.82e-12   scaleA=4298      scaleR=1.113e+04
  FAIL cartesian3d 6    mixed     cp=field    mixed     fwd  nnz=756     A[d=0] rhs[d=4] maxAbs=4.55e-13   scaleA=6649      scaleR=3966     
  PASS cartesian3d 6    dirichlet cp=scalar   zeros     fwd  nnz=519     A[d=0] rhs[d=0] maxAbs=0          scaleA=3316      scaleR=4975     
  FAIL cartesian3d 6    dirichlet cp=field    zeros     rev  nnz=520     A[d=0] rhs[d=2] maxAbs=4.55e-13   scaleA=3765      scaleR=3959     
  FAIL cartesian3d 6    mixed     cp=field    zeros     fwd  nnz=519     A[d=0] rhs[d=1] maxAbs=4.55e-13   scaleA=3503      scaleR=4649     
  FAIL cartesian3d 6    dirichlet cp=scalar   swirl     fwd  nnz=756     A[d=52] rhs[d=0] maxAbs=3.55e-15   scaleA=26.06     scaleR=29.08    
  PASS cartesian3d 6    dirichlet cp=field    swirl     rev  nnz=756     A[d=0] rhs[d=0] maxAbs=0          scaleA=29.06     scaleR=44.13    
  PASS cartesian3d 6    mixed     cp=field    swirl     fwd  nnz=756     A[d=0] rhs[d=0] maxAbs=0          scaleA=29.59     scaleR=24.69    
  PASS cartesian3d 6    dirichlet cp=scalar   positive  fwd  nnz=756     A[d=0] rhs[d=0] maxAbs=0          scaleA=4221      scaleR=0        
  FAIL cartesian3d 6    dirichlet cp=field    positive  rev  nnz=755     A[d=0] rhs[d=4] maxAbs=9.09e-13   scaleA=2397      scaleR=5993     
  PASS cartesian3d 6    mixed     cp=field    positive  fwd  nnz=756     A[d=0] rhs[d=0] maxAbs=0          scaleA=3616      scaleR=0        
  PASS cartesian3d 6    dirichlet cp=scalar   negative  fwd  nnz=755     A[d=0] rhs[d=0] maxAbs=0          scaleA=2110      scaleR=5276     
  PASS cartesian3d 6    dirichlet cp=field    negative  rev  nnz=756     A[d=0] rhs[d=0] maxAbs=0          scaleA=3616      scaleR=0        
  FAIL cartesian3d 6    mixed     cp=field    negative  fwd  nnz=755     A[d=0] rhs[d=12] maxAbs=9.09e-13   scaleA=2397      scaleR=5436     
  PASS cartesian3d 6    dirichlet cp=scalar   mixed     fwd  nnz=756     A[d=0] rhs[d=0] maxAbs=0          scaleA=6030      scaleR=4824     
  FAIL cartesian3d 6    dirichlet cp=field    mixed     rev  nnz=756     A[d=0] rhs[d=2] maxAbs=1.82e-12   scaleA=4298      scaleR=1.113e+04
  FAIL cartesian3d 6    mixed     cp=field    mixed     fwd  nnz=756     A[d=0] rhs[d=3] maxAbs=4.55e-13   scaleA=6649      scaleR=4262     
  PASS cartesian3d 6    dirichlet cp=scalar   zeros     fwd  nnz=519     A[d=0] rhs[d=0] maxAbs=0          scaleA=3316      scaleR=4975     
  FAIL cartesian3d 6    dirichlet cp=field    zeros     rev  nnz=520     A[d=0] rhs[d=2] maxAbs=4.55e-13   scaleA=3765      scaleR=3959     
  FAIL cartesian3d 6    mixed     cp=field    zeros     fwd  nnz=519     A[d=0] rhs[d=1] maxAbs=4.55e-13   scaleA=3503      scaleR=4982     
  FAIL cartesian3d 6    dirichlet cp=scalar   swirl     fwd  nnz=756     A[d=52] rhs[d=0] maxAbs=3.55e-15   scaleA=26.06     scaleR=29.08    
  PASS cartesian3d 6    dirichlet cp=field    swirl     rev  nnz=756     A[d=0] rhs[d=0] maxAbs=0          scaleA=29.06     scaleR=44.13    
  PASS cartesian3d 6    mixed     cp=field    swirl     fwd  nnz=756     A[d=0] rhs[d=0] maxAbs=0          scaleA=29.59     scaleR=26.59    
  PASS cartesian3d 6    dirichlet cp=scalar   positive  fwd  nnz=756     A[d=0] rhs[d=0] maxAbs=0          scaleA=4221      scaleR=0        
  FAIL cartesian3d 6    dirichlet cp=field    positive  rev  nnz=755     A[d=0] rhs[d=4] maxAbs=9.09e-13   scaleA=2397      scaleR=5993     
  PASS cartesian3d 6    mixed     cp=field    positive  fwd  nnz=756     A[d=0] rhs[d=0] maxAbs=0          scaleA=3616      scaleR=0        
  PASS cartesian3d 6    dirichlet cp=scalar   negative  fwd  nnz=755     A[d=0] rhs[d=0] maxAbs=0          scaleA=2110      scaleR=5276     
  PASS cartesian3d 6    dirichlet cp=field    negative  rev  nnz=756     A[d=0] rhs[d=0] maxAbs=0          scaleA=3616      scaleR=0        
  FAIL cartesian3d 6    mixed     cp=field    negative  fwd  nnz=755     A[d=0] rhs[d=8] maxAbs=2.27e-13   scaleA=2397      scaleR=3810     
  PASS cartesian3d 6    dirichlet cp=scalar   mixed     fwd  nnz=756     A[d=0] rhs[d=0] maxAbs=0          scaleA=6030      scaleR=4824     
  FAIL cartesian3d 6    dirichlet cp=field    mixed     rev  nnz=756     A[d=0] rhs[d=2] maxAbs=1.82e-12   scaleA=4298      scaleR=1.113e+04
  FAIL cartesian3d 6    mixed     cp=field    mixed     fwd  nnz=756     A[d=0] rhs[d=4] maxAbs=4.55e-13   scaleA=6649      scaleR=3966     
  PASS cartesian3d 6    dirichlet cp=scalar   zeros     fwd  nnz=519     A[d=0] rhs[d=0] maxAbs=0          scaleA=3316      scaleR=4975     
  FAIL cartesian3d 6    dirichlet cp=field    zeros     rev  nnz=520     A[d=0] rhs[d=2] maxAbs=4.55e-13   scaleA=3765      scaleR=3959     
  FAIL cartesian3d 6    mixed     cp=field    zeros     fwd  nnz=519     A[d=0] rhs[d=1] maxAbs=2.84e-14   scaleA=3503      scaleR=4649     
  FAIL cartesian3d 6    dirichlet cp=scalar   swirl     fwd  nnz=756     A[d=52] rhs[d=0] maxAbs=3.55e-15   scaleA=26.06     scaleR=29.08    
  PASS cartesian3d 6    dirichlet cp=field    swirl     rev  nnz=756     A[d=0] rhs[d=0] maxAbs=0          scaleA=29.06     scaleR=44.13    
  PASS cartesian3d 6    mixed     cp=field    swirl     fwd  nnz=756     A[d=0] rhs[d=0] maxAbs=0          scaleA=29.59     scaleR=24.69    
       [warped 3d 5 cells=125 farUpstream(ownerUpwind=297, neighbourUpwind=294) resident=171224 B]
  PASS warped 3d 5      dirichlet cp=scalar   positive  fwd  nnz=425     A[d=0] rhs[d=0] maxAbs=0          scaleA=4221      scaleR=0        
  FAIL warped 3d 5      dirichlet cp=field    positive  rev  nnz=424     A[d=0] rhs[d=7] maxAbs=4.55e-13   scaleA=2382      scaleR=5955     
  PASS warped 3d 5      mixed     cp=field    positive  fwd  nnz=425     A[d=0] rhs[d=0] maxAbs=0          scaleA=3606      scaleR=0        
  PASS warped 3d 5      dirichlet cp=scalar   negative  fwd  nnz=424     A[d=0] rhs[d=0] maxAbs=0          scaleA=2110      scaleR=5276     
  PASS warped 3d 5      dirichlet cp=field    negative  rev  nnz=425     A[d=0] rhs[d=0] maxAbs=0          scaleA=3606      scaleR=0        
  FAIL warped 3d 5      mixed     cp=field    negative  fwd  nnz=424     A[d=0] rhs[d=7] maxAbs=9.09e-13   scaleA=2382      scaleR=7729     
  PASS warped 3d 5      dirichlet cp=scalar   mixed     fwd  nnz=421     A[d=0] rhs[d=0] maxAbs=0          scaleA=5528      scaleR=4824     
  FAIL warped 3d 5      dirichlet cp=field    mixed     rev  nnz=423     A[d=0] rhs[d=2] maxAbs=9.09e-13   scaleA=5016      scaleR=1.106e+04
  PASS warped 3d 5      mixed     cp=field    mixed     fwd  nnz=421     A[d=0] rhs[d=0] maxAbs=0          scaleA=6239      scaleR=5615     
  PASS warped 3d 5      dirichlet cp=scalar   zeros     fwd  nnz=282     A[d=0] rhs[d=0] maxAbs=0          scaleA=4522      scaleR=6784     
  FAIL warped 3d 5      dirichlet cp=field    zeros     rev  nnz=262     A[d=0] rhs[d=1] maxAbs=4.55e-13   scaleA=5104      scaleR=3905     
  FAIL warped 3d 5      mixed     cp=field    zeros     fwd  nnz=282     A[d=0] rhs[d=2] maxAbs=9.09e-13   scaleA=4882      scaleR=9938     
  FAIL warped 3d 5      dirichlet cp=scalar   swirl     fwd  nnz=425     A[d=30] rhs[d=0] maxAbs=7.11e-15   scaleA=37.01     scaleR=40.2     
  FAIL warped 3d 5      dirichlet cp=field    swirl     rev  nnz=425     A[d=0] rhs[d=2] maxAbs=7.11e-15   scaleA=39.63     scaleR=61.25    
  PASS warped 3d 5      mixed     cp=field    swirl     fwd  nnz=425     A[d=0] rhs[d=0] maxAbs=0          scaleA=40.53     scaleR=59.25    
  PASS warped 3d 5      dirichlet cp=scalar   positive  fwd  nnz=425     A[d=0] rhs[d=0] maxAbs=0          scaleA=4221      scaleR=0        
  FAIL warped 3d 5      dirichlet cp=field    positive  rev  nnz=424     A[d=0] rhs[d=7] maxAbs=4.55e-13   scaleA=2382      scaleR=5955     
  PASS warped 3d 5      mixed     cp=field    positive  fwd  nnz=425     A[d=0] rhs[d=0] maxAbs=0          scaleA=3606      scaleR=0        
  PASS warped 3d 5      dirichlet cp=scalar   negative  fwd  nnz=424     A[d=0] rhs[d=0] maxAbs=0          scaleA=2110      scaleR=5276     
  PASS warped 3d 5      dirichlet cp=field    negative  rev  nnz=425     A[d=0] rhs[d=0] maxAbs=0          scaleA=3606      scaleR=0        
  FAIL warped 3d 5      mixed     cp=field    negative  fwd  nnz=424     A[d=0] rhs[d=15] maxAbs=9.09e-13   scaleA=2382      scaleR=5680     
  PASS warped 3d 5      dirichlet cp=scalar   mixed     fwd  nnz=421     A[d=0] rhs[d=0] maxAbs=0          scaleA=5528      scaleR=4824     
  FAIL warped 3d 5      dirichlet cp=field    mixed     rev  nnz=423     A[d=0] rhs[d=2] maxAbs=9.09e-13   scaleA=5016      scaleR=1.106e+04
  PASS warped 3d 5      mixed     cp=field    mixed     fwd  nnz=421     A[d=0] rhs[d=0] maxAbs=0          scaleA=6239      scaleR=4121     
  PASS warped 3d 5      dirichlet cp=scalar   zeros     fwd  nnz=282     A[d=0] rhs[d=0] maxAbs=0          scaleA=4522      scaleR=6784     
  FAIL warped 3d 5      dirichlet cp=field    zeros     rev  nnz=262     A[d=0] rhs[d=1] maxAbs=4.55e-13   scaleA=5104      scaleR=3905     
  FAIL warped 3d 5      mixed     cp=field    zeros     fwd  nnz=282     A[d=0] rhs[d=3] maxAbs=9.09e-13   scaleA=4882      scaleR=4964     
  FAIL warped 3d 5      dirichlet cp=scalar   swirl     fwd  nnz=425     A[d=30] rhs[d=0] maxAbs=7.11e-15   scaleA=37.01     scaleR=40.2     
  FAIL warped 3d 5      dirichlet cp=field    swirl     rev  nnz=425     A[d=0] rhs[d=2] maxAbs=7.11e-15   scaleA=39.63     scaleR=61.25    
  PASS warped 3d 5      mixed     cp=field    swirl     fwd  nnz=425     A[d=0] rhs[d=0] maxAbs=0          scaleA=40.53     scaleR=33.99    
  PASS warped 3d 5      dirichlet cp=scalar   positive  fwd  nnz=425     A[d=0] rhs[d=0] maxAbs=0          scaleA=4221      scaleR=0        
  FAIL warped 3d 5      dirichlet cp=field    positive  rev  nnz=424     A[d=0] rhs[d=7] maxAbs=4.55e-13   scaleA=2382      scaleR=5955     
  PASS warped 3d 5      mixed     cp=field    positive  fwd  nnz=425     A[d=0] rhs[d=0] maxAbs=0          scaleA=3606      scaleR=0        
  PASS warped 3d 5      dirichlet cp=scalar   negative  fwd  nnz=424     A[d=0] rhs[d=0] maxAbs=0          scaleA=2110      scaleR=5276     
  PASS warped 3d 5      dirichlet cp=field    negative  rev  nnz=425     A[d=0] rhs[d=0] maxAbs=0          scaleA=3606      scaleR=0        
  FAIL warped 3d 5      mixed     cp=field    negative  fwd  nnz=424     A[d=0] rhs[d=6] maxAbs=4.55e-13   scaleA=2382      scaleR=5410     
  PASS warped 3d 5      dirichlet cp=scalar   mixed     fwd  nnz=421     A[d=0] rhs[d=0] maxAbs=0          scaleA=5528      scaleR=4824     
  FAIL warped 3d 5      dirichlet cp=field    mixed     rev  nnz=423     A[d=0] rhs[d=2] maxAbs=9.09e-13   scaleA=5016      scaleR=1.106e+04
  PASS warped 3d 5      mixed     cp=field    mixed     fwd  nnz=421     A[d=0] rhs[d=0] maxAbs=0          scaleA=6239      scaleR=4121     
  PASS warped 3d 5      dirichlet cp=scalar   zeros     fwd  nnz=282     A[d=0] rhs[d=0] maxAbs=0          scaleA=4522      scaleR=6784     
  FAIL warped 3d 5      dirichlet cp=field    zeros     rev  nnz=262     A[d=0] rhs[d=1] maxAbs=4.55e-13   scaleA=5104      scaleR=3905     
  FAIL warped 3d 5      mixed     cp=field    zeros     fwd  nnz=282     A[d=0] rhs[d=2] maxAbs=9.09e-13   scaleA=4882      scaleR=6110     
  FAIL warped 3d 5      dirichlet cp=scalar   swirl     fwd  nnz=425     A[d=30] rhs[d=0] maxAbs=7.11e-15   scaleA=37.01     scaleR=40.2     
  FAIL warped 3d 5      dirichlet cp=field    swirl     rev  nnz=425     A[d=0] rhs[d=2] maxAbs=7.11e-15   scaleA=39.63     scaleR=61.25    
  PASS warped 3d 5      mixed     cp=field    swirl     fwd  nnz=425     A[d=0] rhs[d=0] maxAbs=0          scaleA=40.53     scaleR=36.57    
  PASS warped 3d 5      dirichlet cp=scalar   positive  fwd  nnz=425     A[d=0] rhs[d=0] maxAbs=0          scaleA=4221      scaleR=0        
  FAIL warped 3d 5      dirichlet cp=field    positive  rev  nnz=424     A[d=0] rhs[d=7] maxAbs=4.55e-13   scaleA=2382      scaleR=5955     
  PASS warped 3d 5      mixed     cp=field    positive  fwd  nnz=425     A[d=0] rhs[d=0] maxAbs=0          scaleA=3606      scaleR=0        
  PASS warped 3d 5      dirichlet cp=scalar   negative  fwd  nnz=424     A[d=0] rhs[d=0] maxAbs=0          scaleA=2110      scaleR=5276     
  PASS warped 3d 5      dirichlet cp=field    negative  rev  nnz=425     A[d=0] rhs[d=0] maxAbs=0          scaleA=3606      scaleR=0        
  FAIL warped 3d 5      mixed     cp=field    negative  fwd  nnz=424     A[d=0] rhs[d=13] maxAbs=4.55e-13   scaleA=2382      scaleR=3832     
  PASS warped 3d 5      dirichlet cp=scalar   mixed     fwd  nnz=421     A[d=0] rhs[d=0] maxAbs=0          scaleA=5528      scaleR=4824     
  FAIL warped 3d 5      dirichlet cp=field    mixed     rev  nnz=423     A[d=0] rhs[d=2] maxAbs=9.09e-13   scaleA=5016      scaleR=1.106e+04
  FAIL warped 3d 5      mixed     cp=field    mixed     fwd  nnz=421     A[d=0] rhs[d=1] maxAbs=1.14e-13   scaleA=6239      scaleR=4121     
  PASS warped 3d 5      dirichlet cp=scalar   zeros     fwd  nnz=282     A[d=0] rhs[d=0] maxAbs=0          scaleA=4522      scaleR=6784     
  FAIL warped 3d 5      dirichlet cp=field    zeros     rev  nnz=262     A[d=0] rhs[d=1] maxAbs=4.55e-13   scaleA=5104      scaleR=3905     
  FAIL warped 3d 5      mixed     cp=field    zeros     fwd  nnz=282     A[d=0] rhs[d=4] maxAbs=1.14e-13   scaleA=4882      scaleR=4413     
  FAIL warped 3d 5      dirichlet cp=scalar   swirl     fwd  nnz=425     A[d=30] rhs[d=0] maxAbs=7.11e-15   scaleA=37.01     scaleR=40.2     
  FAIL warped 3d 5      dirichlet cp=field    swirl     rev  nnz=425     A[d=0] rhs[d=2] maxAbs=7.11e-15   scaleA=39.63     scaleR=61.25    
  PASS warped 3d 5      mixed     cp=field    swirl     fwd  nnz=425     A[d=0] rhs[d=0] maxAbs=0          scaleA=40.53     scaleR=33.99    

=== non-vacuity control ===
  PASS identical bits compare equal; a one-ULP perturbation does not (abs=1.78e-15)

=== coverage ===
  scheme upwind         280 operator cases
  scheme central        280 operator cases
  scheme linear_upwind  280 operator cases
  scheme quick          420 operator cases
  reversed-flux pairs                560
  reversal actually changed result   560
  zero/negative-zero flux cases      112
  assembly pattern mismatches        0

cases=1684 failures=1195
CONVECTION EQUIVALENCE: FAIL
