=== GPU-DISC-001D: CUDA convection vs CPU reference (bitwise) ===
L1 primitives | L2 four schemes vs discretization::convection()
L3 scalar implicit assembly vs thermal::assembleThermalConvectionContribution

=== L1: scheme primitives vs the production CPU functions ===
  PASS quickFaceValue        n=10000  differing=0 maxAbs=0
  PASS linearUpwindFaceValue n=10000  differing=0 maxAbs=0
  PASS smoothnessRatio       n=1000   differing=0 nullopt cases=100
  PASS vanLeerLimiter        n=23     differing=0 (includes NaN/nullopt, +0, -0)
  L1 total scalar comparisons: 21023

=== L2/L3: operators and assembly ===
       [cartesian2d 16 cells=256 farUpstream(ownerUpwind=448, neighbourUpwind=448) resident=193560 B]
  PASS cartesian2d 16   dirichlet upwind        positive  fwd  differing=0     maxAbs=0          maxRel=0          scale=2330
  PASS cartesian2d 16   dirichlet upwind        positive  rev  differing=0     maxAbs=0          maxRel=0          scale=1075
  PASS cartesian2d 16   dirichlet central       positive  fwd  differing=0     maxAbs=0          maxRel=0          scale=2330
  PASS cartesian2d 16   dirichlet central       positive  rev  differing=0     maxAbs=0          maxRel=0          scale=1075
  PASS cartesian2d 16   dirichlet linear_upwind positive  fwd  differing=0     maxAbs=0          maxRel=0          scale=2330
  PASS cartesian2d 16   dirichlet linear_upwind positive  rev  differing=0     maxAbs=0          maxRel=0          scale=1075
  PASS cartesian2d 16   dirichlet quick         positive  fwd  differing=0     maxAbs=0          maxRel=0          scale=2330
  PASS cartesian2d 16   dirichlet quick         positive  rev  differing=0     maxAbs=0          maxRel=0          scale=1075
  PASS cartesian2d 16   mixed     quick         positive  fwd  differing=0     maxAbs=0          maxRel=0          scale=2330
  PASS cartesian2d 16   dirichlet upwind        negative  fwd  differing=0     maxAbs=0          maxRel=0          scale=1075
  PASS cartesian2d 16   dirichlet upwind        negative  rev  differing=0     maxAbs=0          maxRel=0          scale=2330
  PASS cartesian2d 16   dirichlet central       negative  fwd  differing=0     maxAbs=0          maxRel=0          scale=1075
  PASS cartesian2d 16   dirichlet central       negative  rev  differing=0     maxAbs=0          maxRel=0          scale=2330
  PASS cartesian2d 16   dirichlet linear_upwind negative  fwd  differing=0     maxAbs=0          maxRel=0          scale=1075
  PASS cartesian2d 16   dirichlet linear_upwind negative  rev  differing=0     maxAbs=0          maxRel=0          scale=2330
  PASS cartesian2d 16   dirichlet quick         negative  fwd  differing=0     maxAbs=0          maxRel=0          scale=1075
  PASS cartesian2d 16   dirichlet quick         negative  rev  differing=0     maxAbs=0          maxRel=0          scale=2330
  PASS cartesian2d 16   mixed     quick         negative  fwd  differing=0     maxAbs=0          maxRel=0          scale=1075
  PASS cartesian2d 16   dirichlet upwind        mixed     fwd  differing=0     maxAbs=0          maxRel=0          scale=3494
  PASS cartesian2d 16   dirichlet upwind        mixed     rev  differing=0     maxAbs=0          maxRel=0          scale=3494
  PASS cartesian2d 16   dirichlet central       mixed     fwd  differing=0     maxAbs=0          maxRel=0          scale=3494
  PASS cartesian2d 16   dirichlet central       mixed     rev  differing=0     maxAbs=0          maxRel=0          scale=3494
  PASS cartesian2d 16   dirichlet linear_upwind mixed     fwd  differing=0     maxAbs=0          maxRel=0          scale=3494
  PASS cartesian2d 16   dirichlet linear_upwind mixed     rev  differing=0     maxAbs=0          maxRel=0          scale=3494
  PASS cartesian2d 16   dirichlet quick         mixed     fwd  differing=0     maxAbs=0          maxRel=0          scale=3494
  PASS cartesian2d 16   dirichlet quick         mixed     rev  differing=0     maxAbs=0          maxRel=0          scale=3494
  PASS cartesian2d 16   mixed     quick         mixed     fwd  differing=0     maxAbs=0          maxRel=0          scale=3494
  PASS cartesian2d 16   dirichlet upwind        zeros     fwd  differing=0     maxAbs=0          maxRel=0          scale=1997
  PASS cartesian2d 16   dirichlet upwind        zeros     rev  differing=0     maxAbs=0          maxRel=0          scale=1997
  PASS cartesian2d 16   dirichlet central       zeros     fwd  differing=0     maxAbs=0          maxRel=0          scale=1997
  PASS cartesian2d 16   dirichlet central       zeros     rev  differing=0     maxAbs=0          maxRel=0          scale=1997
  PASS cartesian2d 16   dirichlet linear_upwind zeros     fwd  differing=0     maxAbs=0          maxRel=0          scale=1997
  PASS cartesian2d 16   dirichlet linear_upwind zeros     rev  differing=0     maxAbs=0          maxRel=0          scale=1997
  PASS cartesian2d 16   dirichlet quick         zeros     fwd  differing=0     maxAbs=0          maxRel=0          scale=1997
  PASS cartesian2d 16   dirichlet quick         zeros     rev  differing=0     maxAbs=0          maxRel=0          scale=1997
  PASS cartesian2d 16   mixed     quick         zeros     fwd  differing=0     maxAbs=0          maxRel=0          scale=1999
  PASS cartesian2d 16   dirichlet upwind        swirl     fwd  differing=0     maxAbs=0          maxRel=0          scale=33.75
  PASS cartesian2d 16   dirichlet upwind        swirl     rev  differing=0     maxAbs=0          maxRel=0          scale=33.75
  PASS cartesian2d 16   dirichlet central       swirl     fwd  differing=0     maxAbs=0          maxRel=0          scale=33.75
  PASS cartesian2d 16   dirichlet central       swirl     rev  differing=0     maxAbs=0          maxRel=0          scale=33.75
  PASS cartesian2d 16   dirichlet linear_upwind swirl     fwd  differing=0     maxAbs=0          maxRel=0          scale=33.75
  PASS cartesian2d 16   dirichlet linear_upwind swirl     rev  differing=0     maxAbs=0          maxRel=0          scale=33.75
  PASS cartesian2d 16   dirichlet quick         swirl     fwd  differing=0     maxAbs=0          maxRel=0          scale=33.75
  PASS cartesian2d 16   dirichlet quick         swirl     rev  differing=0     maxAbs=0          maxRel=0          scale=33.75
  PASS cartesian2d 16   mixed     quick         swirl     fwd  differing=0     maxAbs=0          maxRel=0          scale=33.75
  PASS cartesian2d 16   dirichlet cp=scalar   positive  fwd  nnz=736     A[d=0] rhs[d=0] maxAbs=0          scaleA=2814      scaleR=0        
  PASS cartesian2d 16   dirichlet cp=field    positive  rev  nnz=735     A[d=0] rhs[d=0] maxAbs=0          scaleA=1577      scaleR=3155     
  PASS cartesian2d 16   mixed     cp=field    positive  fwd  nnz=736     A[d=0] rhs[d=0] maxAbs=0          scaleA=2262      scaleR=0        
  PASS cartesian2d 16   dirichlet cp=scalar   negative  fwd  nnz=735     A[d=0] rhs[d=0] maxAbs=0          scaleA=1407      scaleR=2814     
  PASS cartesian2d 16   dirichlet cp=field    negative  rev  nnz=736     A[d=0] rhs[d=0] maxAbs=0          scaleA=2262      scaleR=0        
  PASS cartesian2d 16   mixed     cp=field    negative  fwd  nnz=735     A[d=0] rhs[d=0] maxAbs=0          scaleA=1577      scaleR=5129     
  PASS cartesian2d 16   dirichlet cp=scalar   mixed     fwd  nnz=711     A[d=0] rhs[d=0] maxAbs=0          scaleA=4221      scaleR=2010     
  PASS cartesian2d 16   dirichlet cp=field    mixed     rev  nnz=711     A[d=0] rhs[d=0] maxAbs=0          scaleA=2873      scaleR=3611     
  PASS cartesian2d 16   mixed     cp=field    mixed     fwd  nnz=711     A[d=0] rhs[d=0] maxAbs=0          scaleA=4688      scaleR=2934     
  PASS cartesian2d 16   dirichlet cp=scalar   zeros     fwd  nnz=483     A[d=0] rhs[d=0] maxAbs=0          scaleA=2412      scaleR=2261     
  PASS cartesian2d 16   dirichlet cp=field    zeros     rev  nnz=486     A[d=0] rhs[d=0] maxAbs=0          scaleA=2613      scaleR=1667     
  PASS cartesian2d 16   mixed     cp=field    zeros     fwd  nnz=483     A[d=0] rhs[d=0] maxAbs=0          scaleA=2558      scaleR=3294     
  PASS cartesian2d 16   dirichlet cp=scalar   swirl     fwd  nnz=736     A[d=0] rhs[d=0] maxAbs=0          scaleA=58.89     scaleR=73.61    
  PASS cartesian2d 16   dirichlet cp=field    swirl     rev  nnz=736     A[d=0] rhs[d=0] maxAbs=0          scaleA=66.01     scaleR=82.52    
  PASS cartesian2d 16   mixed     cp=field    swirl     fwd  nnz=736     A[d=0] rhs[d=0] maxAbs=0          scaleA=66.01     scaleR=107.4    
  FAIL cartesian2d 16   dirichlet upwind        positive  fwd  differing=221   maxAbs=39.2       maxRel=6.31e+15   scale=879.2
       worst cell 240: cpu=-336 gpu=-296.79999999999995
  FAIL cartesian2d 16   dirichlet upwind        positive  rev  differing=221   maxAbs=39.2       maxRel=7.88e+14   scale=1596
       worst cell 240: cpu=-1596 gpu=-1556.7999999999997
  FAIL cartesian2d 16   dirichlet central       positive  fwd  differing=206   maxAbs=30.8       maxRel=22.4       scale=868
       worst cell 240: cpu=-327.60000000000002 gpu=-296.79999999999995
  FAIL cartesian2d 16   dirichlet central       positive  rev  differing=204   maxAbs=30.8       maxRel=7.88e+14   scale=1585
       worst cell 239: cpu=-125.99999999999997 gpu=-156.79999999999998
  FAIL cartesian2d 16   dirichlet linear_upwind positive  fwd  differing=206   maxAbs=30.8       maxRel=22.4       scale=868
       worst cell 240: cpu=-327.60000000000002 gpu=-296.79999999999995
  FAIL cartesian2d 16   dirichlet linear_upwind positive  rev  differing=204   maxAbs=30.8       maxRel=7.88e+14   scale=1585
       worst cell 239: cpu=-125.99999999999997 gpu=-156.79999999999998
  FAIL cartesian2d 16   dirichlet quick         positive  fwd  differing=206   maxAbs=30.8       maxRel=22.4       scale=868
       worst cell 240: cpu=-327.60000000000002 gpu=-296.79999999999995
  FAIL cartesian2d 16   dirichlet quick         positive  rev  differing=204   maxAbs=30.8       maxRel=7.88e+14   scale=1585
       worst cell 239: cpu=-125.99999999999997 gpu=-156.79999999999998
  FAIL cartesian2d 16   mixed     quick         positive  fwd  differing=206   maxAbs=30.8       maxRel=22.4       scale=868
       worst cell 240: cpu=-327.60000000000002 gpu=-296.79999999999995
  FAIL cartesian2d 16   dirichlet upwind        negative  fwd  differing=221   maxAbs=39.2       maxRel=7.88e+14   scale=1596
       worst cell 240: cpu=-1596 gpu=-1556.7999999999997
  FAIL cartesian2d 16   dirichlet upwind        negative  rev  differing=221   maxAbs=39.2       maxRel=6.31e+15   scale=879.2
       worst cell 240: cpu=-336 gpu=-296.79999999999995
  FAIL cartesian2d 16   dirichlet central       negative  fwd  differing=204   maxAbs=30.8       maxRel=7.88e+14   scale=1585
       worst cell 239: cpu=-125.99999999999997 gpu=-156.79999999999998
  FAIL cartesian2d 16   dirichlet central       negative  rev  differing=206   maxAbs=30.8       maxRel=22.4       scale=868
       worst cell 240: cpu=-327.60000000000002 gpu=-296.79999999999995
  FAIL cartesian2d 16   dirichlet linear_upwind negative  fwd  differing=204   maxAbs=30.8       maxRel=7.88e+14   scale=1585
       worst cell 239: cpu=-125.99999999999997 gpu=-156.79999999999998
  FAIL cartesian2d 16   dirichlet linear_upwind negative  rev  differing=206   maxAbs=30.8       maxRel=22.4       scale=868
       worst cell 240: cpu=-327.60000000000002 gpu=-296.79999999999995
  FAIL cartesian2d 16   dirichlet quick         negative  fwd  differing=204   maxAbs=30.8       maxRel=7.88e+14   scale=1585
       worst cell 239: cpu=-125.99999999999997 gpu=-156.79999999999998
  FAIL cartesian2d 16   dirichlet quick         negative  rev  differing=206   maxAbs=30.8       maxRel=22.4       scale=868
       worst cell 240: cpu=-327.60000000000002 gpu=-296.79999999999995
  FAIL cartesian2d 16   mixed     quick         negative  fwd  differing=204   maxAbs=30.8       maxRel=5          scale=1078
       worst cell 239: cpu=23.520000000000039 gpu=-7.2799999999999727
  FAIL cartesian2d 16   dirichlet upwind        mixed     fwd  differing=256   maxAbs=58.4       maxRel=9.58       scale=2369
       worst cell 8: cpu=-292.59999999999997 gpu=-351.00000000000006
  FAIL cartesian2d 16   dirichlet upwind        mixed     rev  differing=256   maxAbs=58.4       maxRel=5.3        scale=1970
       worst cell 11: cpu=186.20000000000005 gpu=127.79999999999995
  FAIL cartesian2d 16   dirichlet central       mixed     fwd  differing=256   maxAbs=44.8       maxRel=6.53       scale=2363
       worst cell 2: cpu=-546.20000000000005 gpu=-591.00000000000011
  FAIL cartesian2d 16   dirichlet central       mixed     rev  differing=256   maxAbs=56.8       maxRel=6.53       scale=1968
       worst cell 240: cpu=-1490.4000000000001 gpu=-1433.5999999999999
  FAIL cartesian2d 16   dirichlet linear_upwind mixed     fwd  differing=256   maxAbs=44.8       maxRel=6.53       scale=2363
       worst cell 2: cpu=-546.20000000000005 gpu=-591.00000000000011
  FAIL cartesian2d 16   dirichlet linear_upwind mixed     rev  differing=256   maxAbs=56.8       maxRel=6.53       scale=1968
       worst cell 240: cpu=-1490.4000000000001 gpu=-1433.5999999999999
  FAIL cartesian2d 16   dirichlet quick         mixed     fwd  differing=256   maxAbs=44.8       maxRel=6.53       scale=2363
       worst cell 2: cpu=-546.20000000000005 gpu=-591.00000000000011
  FAIL cartesian2d 16   dirichlet quick         mixed     rev  differing=256   maxAbs=56.8       maxRel=6.53       scale=1968
       worst cell 240: cpu=-1490.4000000000001 gpu=-1433.5999999999999
  FAIL cartesian2d 16   mixed     quick         mixed     fwd  differing=256   maxAbs=44.8       maxRel=83.8       scale=2363
       worst cell 2: cpu=-546.20000000000005 gpu=-591.00000000000011
  FAIL cartesian2d 16   dirichlet upwind        zeros     fwd  differing=235   maxAbs=50.4       maxRel=12         scale=1357
       worst cell 157: cpu=-28.800000000000011 gpu=21.600000000000023
  FAIL cartesian2d 16   dirichlet upwind        zeros     rev  differing=235   maxAbs=50.4       maxRel=20         scale=1102
       worst cell 79: cpu=-122.39999999999992 gpu=-172.80000000000001
  FAIL cartesian2d 16   dirichlet central       zeros     fwd  differing=233   maxAbs=50.4       maxRel=11         scale=1343
       worst cell 239: cpu=187.19999999999999 gpu=136.79999999999998
  FAIL cartesian2d 16   dirichlet central       zeros     rev  differing=235   maxAbs=36         maxRel=7          scale=1102
       worst cell 9: cpu=14.399999999999977 gpu=-21.599999999999966
  FAIL cartesian2d 16   dirichlet linear_upwind zeros     fwd  differing=233   maxAbs=50.4       maxRel=11         scale=1343
       worst cell 239: cpu=187.19999999999999 gpu=136.79999999999998
  FAIL cartesian2d 16   dirichlet linear_upwind zeros     rev  differing=235   maxAbs=36         maxRel=7          scale=1102
       worst cell 9: cpu=14.399999999999977 gpu=-21.599999999999966
  FAIL cartesian2d 16   dirichlet quick         zeros     fwd  differing=233   maxAbs=50.4       maxRel=11         scale=1343
       worst cell 239: cpu=187.19999999999999 gpu=136.79999999999998
  FAIL cartesian2d 16   dirichlet quick         zeros     rev  differing=235   maxAbs=36         maxRel=7          scale=1102
       worst cell 9: cpu=14.399999999999977 gpu=-21.599999999999966
  FAIL cartesian2d 16   mixed     quick         zeros     fwd  differing=233   maxAbs=50.4       maxRel=30         scale=1026
       worst cell 239: cpu=187.19999999999999 gpu=136.79999999999998
  FAIL cartesian2d 16   dirichlet upwind        swirl     fwd  differing=60    maxAbs=1.64       maxRel=44         scale=51.8
       worst cell 15: cpu=6.796875 gpu=5.15625
  FAIL cartesian2d 16   dirichlet upwind        swirl     rev  differing=60    maxAbs=1.64       maxRel=1.86       scale=29.06
       worst cell 15: cpu=14.0625 gpu=12.421875
  FAIL cartesian2d 16   dirichlet central       swirl     fwd  differing=88    maxAbs=1.17       maxRel=6.6        scale=51.33
       worst cell 15: cpu=6.328125 gpu=5.15625
  FAIL cartesian2d 16   dirichlet central       swirl     rev  differing=88    maxAbs=1.29       maxRel=4.67       scale=28.71
       worst cell 15: cpu=13.7109375 gpu=12.421875
  FAIL cartesian2d 16   dirichlet linear_upwind swirl     fwd  differing=88    maxAbs=1.17       maxRel=6.6        scale=51.33
       worst cell 15: cpu=6.328125 gpu=5.15625
  FAIL cartesian2d 16   dirichlet linear_upwind swirl     rev  differing=88    maxAbs=1.29       maxRel=4.67       scale=28.71
       worst cell 15: cpu=13.7109375 gpu=12.421875
  FAIL cartesian2d 16   dirichlet quick         swirl     fwd  differing=88    maxAbs=1.17       maxRel=6.6        scale=51.33
       worst cell 15: cpu=6.328125 gpu=5.15625
  FAIL cartesian2d 16   dirichlet quick         swirl     rev  differing=88    maxAbs=1.29       maxRel=4.67       scale=28.71
       worst cell 15: cpu=13.7109375 gpu=12.421875
  FAIL cartesian2d 16   mixed     quick         swirl     fwd  differing=88    maxAbs=1.17       maxRel=6.6        scale=6.914
       worst cell 15: cpu=6.328125 gpu=5.15625
  PASS cartesian2d 16   dirichlet cp=scalar   positive  fwd  nnz=736     A[d=0] rhs[d=0] maxAbs=0          scaleA=2814      scaleR=0        
  PASS cartesian2d 16   dirichlet cp=field    positive  rev  nnz=735     A[d=0] rhs[d=0] maxAbs=0          scaleA=1577      scaleR=3155     
  PASS cartesian2d 16   mixed     cp=field    positive  fwd  nnz=736     A[d=0] rhs[d=0] maxAbs=0          scaleA=2262      scaleR=0        
  PASS cartesian2d 16   dirichlet cp=scalar   negative  fwd  nnz=735     A[d=0] rhs[d=0] maxAbs=0          scaleA=1407      scaleR=2814     
  PASS cartesian2d 16   dirichlet cp=field    negative  rev  nnz=736     A[d=0] rhs[d=0] maxAbs=0          scaleA=2262      scaleR=0        
  PASS cartesian2d 16   mixed     cp=field    negative  fwd  nnz=735     A[d=0] rhs[d=0] maxAbs=0          scaleA=1577      scaleR=3207     
  PASS cartesian2d 16   dirichlet cp=scalar   mixed     fwd  nnz=711     A[d=0] rhs[d=0] maxAbs=0          scaleA=4221      scaleR=2010     
  PASS cartesian2d 16   dirichlet cp=field    mixed     rev  nnz=711     A[d=0] rhs[d=0] maxAbs=0          scaleA=2873      scaleR=3611     
  PASS cartesian2d 16   mixed     cp=field    mixed     fwd  nnz=711     A[d=0] rhs[d=0] maxAbs=0          scaleA=4688      scaleR=1997     
  PASS cartesian2d 16   dirichlet cp=scalar   zeros     fwd  nnz=483     A[d=0] rhs[d=0] maxAbs=0          scaleA=2412      scaleR=2261     
  PASS cartesian2d 16   dirichlet cp=field    zeros     rev  nnz=486     A[d=0] rhs[d=0] maxAbs=0          scaleA=2613      scaleR=1667     
  PASS cartesian2d 16   mixed     cp=field    zeros     fwd  nnz=483     A[d=0] rhs[d=0] maxAbs=0          scaleA=2558      scaleR=2160     
  PASS cartesian2d 16   dirichlet cp=scalar   swirl     fwd  nnz=736     A[d=0] rhs[d=0] maxAbs=0          scaleA=58.89     scaleR=73.61    
  PASS cartesian2d 16   dirichlet cp=field    swirl     rev  nnz=736     A[d=0] rhs[d=0] maxAbs=0          scaleA=66.01     scaleR=82.52    
  PASS cartesian2d 16   mixed     cp=field    swirl     fwd  nnz=736     A[d=0] rhs[d=0] maxAbs=0          scaleA=66.01     scaleR=61.07    
  FAIL cartesian2d 16   dirichlet upwind        positive  fwd  differing=32    maxAbs=179        maxRel=179        scale=896
       worst cell 23: cpu=0 gpu=179.19999999999999
  FAIL cartesian2d 16   dirichlet upwind        positive  rev  differing=32    maxAbs=179        maxRel=179        scale=1075
       worst cell 7: cpu=-896 gpu=-716.79999999999995
  FAIL cartesian2d 16   dirichlet central       positive  fwd  differing=32    maxAbs=179        maxRel=179        scale=896
       worst cell 23: cpu=0 gpu=179.19999999999999
  FAIL cartesian2d 16   dirichlet central       positive  rev  differing=32    maxAbs=179        maxRel=179        scale=1075
       worst cell 7: cpu=-896 gpu=-716.79999999999995
  FAIL cartesian2d 16   dirichlet linear_upwind positive  fwd  differing=32    maxAbs=179        maxRel=179        scale=896
       worst cell 23: cpu=0 gpu=179.19999999999999
  FAIL cartesian2d 16   dirichlet linear_upwind positive  rev  differing=32    maxAbs=179        maxRel=179        scale=1075
       worst cell 7: cpu=-896 gpu=-716.79999999999995
  FAIL cartesian2d 16   dirichlet quick         positive  fwd  differing=32    maxAbs=179        maxRel=179        scale=896
       worst cell 23: cpu=0 gpu=179.19999999999999
  FAIL cartesian2d 16   dirichlet quick         positive  rev  differing=32    maxAbs=179        maxRel=179        scale=1075
       worst cell 7: cpu=-896 gpu=-716.79999999999995
  FAIL cartesian2d 16   mixed     quick         positive  fwd  differing=32    maxAbs=179        maxRel=179        scale=896
       worst cell 23: cpu=0 gpu=179.19999999999999
  FAIL cartesian2d 16   dirichlet upwind        negative  fwd  differing=32    maxAbs=179        maxRel=179        scale=1075
       worst cell 7: cpu=-896 gpu=-716.79999999999995
  FAIL cartesian2d 16   dirichlet upwind        negative  rev  differing=32    maxAbs=179        maxRel=179        scale=896
       worst cell 23: cpu=0 gpu=179.19999999999999
  FAIL cartesian2d 16   dirichlet central       negative  fwd  differing=32    maxAbs=179        maxRel=179        scale=1075
       worst cell 7: cpu=-896 gpu=-716.79999999999995
  FAIL cartesian2d 16   dirichlet central       negative  rev  differing=32    maxAbs=179        maxRel=179        scale=896
       worst cell 23: cpu=0 gpu=179.19999999999999
  FAIL cartesian2d 16   dirichlet linear_upwind negative  fwd  differing=32    maxAbs=179        maxRel=179        scale=1075
       worst cell 7: cpu=-896 gpu=-716.79999999999995
  FAIL cartesian2d 16   dirichlet linear_upwind negative  rev  differing=32    maxAbs=179        maxRel=179        scale=896
       worst cell 23: cpu=0 gpu=179.19999999999999
  FAIL cartesian2d 16   dirichlet quick         negative  fwd  differing=32    maxAbs=179        maxRel=179        scale=1075
       worst cell 7: cpu=-896 gpu=-716.79999999999995
  FAIL cartesian2d 16   dirichlet quick         negative  rev  differing=32    maxAbs=179        maxRel=179        scale=896
       worst cell 23: cpu=0 gpu=179.19999999999999
  FAIL cartesian2d 16   mixed     quick         negative  fwd  differing=32    maxAbs=179        maxRel=320        scale=1075
       worst cell 7: cpu=-896 gpu=-716.79999999999995
  FAIL cartesian2d 16   dirichlet upwind        mixed     fwd  differing=32    maxAbs=333        maxRel=16         scale=2150
       worst cell 7: cpu=448.00000000000006 gpu=780.80000000000018
  FAIL cartesian2d 16   dirichlet upwind        mixed     rev  differing=32    maxAbs=333        maxRel=1.86       scale=2150
       worst cell 8: cpu=179.20000000000005 gpu=-153.60000000000002
  FAIL cartesian2d 16   dirichlet central       mixed     fwd  differing=32    maxAbs=333        maxRel=16         scale=2150
       worst cell 7: cpu=448.00000000000006 gpu=780.80000000000018
  FAIL cartesian2d 16   dirichlet central       mixed     rev  differing=32    maxAbs=333        maxRel=1.86       scale=2150
       worst cell 8: cpu=179.20000000000005 gpu=-153.60000000000002
  FAIL cartesian2d 16   dirichlet linear_upwind mixed     fwd  differing=32    maxAbs=333        maxRel=16         scale=2150
       worst cell 7: cpu=448.00000000000006 gpu=780.80000000000018
  FAIL cartesian2d 16   dirichlet linear_upwind mixed     rev  differing=32    maxAbs=333        maxRel=1.86       scale=2150
       worst cell 8: cpu=179.20000000000005 gpu=-153.60000000000002
  FAIL cartesian2d 16   dirichlet quick         mixed     fwd  differing=32    maxAbs=333        maxRel=16         scale=2150
       worst cell 7: cpu=448.00000000000006 gpu=780.80000000000018
  FAIL cartesian2d 16   dirichlet quick         mixed     rev  differing=32    maxAbs=333        maxRel=1.86       scale=2150
       worst cell 8: cpu=179.20000000000005 gpu=-153.60000000000002
  FAIL cartesian2d 16   mixed     quick         mixed     fwd  differing=32    maxAbs=333        maxRel=16         scale=2150
       worst cell 7: cpu=448.00000000000006 gpu=780.80000000000018
  FAIL cartesian2d 16   dirichlet upwind        zeros     fwd  differing=20    maxAbs=230        maxRel=2          scale=1229
       worst cell 119: cpu=-691.20000000000005 gpu=-460.80000000000001
  FAIL cartesian2d 16   dirichlet upwind        zeros     rev  differing=20    maxAbs=230        maxRel=2          scale=1229
       worst cell 119: cpu=460.80000000000001 gpu=691.20000000000005
  FAIL cartesian2d 16   dirichlet central       zeros     fwd  differing=20    maxAbs=230        maxRel=2          scale=1229
       worst cell 119: cpu=-691.20000000000005 gpu=-460.80000000000001
  FAIL cartesian2d 16   dirichlet central       zeros     rev  differing=20    maxAbs=230        maxRel=2          scale=1229
       worst cell 119: cpu=460.80000000000001 gpu=691.20000000000005
  FAIL cartesian2d 16   dirichlet linear_upwind zeros     fwd  differing=20    maxAbs=230        maxRel=2          scale=1229
       worst cell 119: cpu=-691.20000000000005 gpu=-460.80000000000001
  FAIL cartesian2d 16   dirichlet linear_upwind zeros     rev  differing=20    maxAbs=230        maxRel=2          scale=1229
       worst cell 119: cpu=460.80000000000001 gpu=691.20000000000005
  FAIL cartesian2d 16   dirichlet quick         zeros     fwd  differing=20    maxAbs=230        maxRel=2          scale=1229
       worst cell 119: cpu=-691.20000000000005 gpu=-460.80000000000001
  FAIL cartesian2d 16   dirichlet quick         zeros     rev  differing=20    maxAbs=230        maxRel=2          scale=1229
       worst cell 119: cpu=460.80000000000001 gpu=691.20000000000005
  FAIL cartesian2d 16   mixed     quick         zeros     fwd  differing=20    maxAbs=230        maxRel=2          scale=1231
       worst cell 119: cpu=-691.20000000000005 gpu=-460.80000000000001
  FAIL cartesian2d 16   dirichlet upwind        swirl     fwd  differing=32    maxAbs=7.5        maxRel=7.5        scale=22.5
       worst cell 7: cpu=0 gpu=7.5
  FAIL cartesian2d 16   dirichlet upwind        swirl     rev  differing=32    maxAbs=7.5        maxRel=7.5        scale=15
       worst cell 7: cpu=-8.5 gpu=-1
  FAIL cartesian2d 16   dirichlet central       swirl     fwd  differing=32    maxAbs=7.5        maxRel=7.5        scale=22.5
       worst cell 7: cpu=0 gpu=7.5
  FAIL cartesian2d 16   dirichlet central       swirl     rev  differing=32    maxAbs=7.5        maxRel=7.5        scale=15
       worst cell 7: cpu=-8.5 gpu=-1
  FAIL cartesian2d 16   dirichlet linear_upwind swirl     fwd  differing=32    maxAbs=7.5        maxRel=7.5        scale=22.5
       worst cell 7: cpu=0 gpu=7.5
  FAIL cartesian2d 16   dirichlet linear_upwind swirl     rev  differing=32    maxAbs=7.5        maxRel=7.5        scale=15
       worst cell 7: cpu=-8.5 gpu=-1
  FAIL cartesian2d 16   dirichlet quick         swirl     fwd  differing=32    maxAbs=7.5        maxRel=7.5        scale=22.5
       worst cell 7: cpu=0 gpu=7.5
  FAIL cartesian2d 16   dirichlet quick         swirl     rev  differing=32    maxAbs=7.5        maxRel=7.5        scale=15
       worst cell 7: cpu=-8.5 gpu=-1
  FAIL cartesian2d 16   mixed     quick         swirl     fwd  differing=32    maxAbs=7.5        maxRel=7.5        scale=7.5
       worst cell 7: cpu=0 gpu=7.5
  PASS cartesian2d 16   dirichlet cp=scalar   positive  fwd  nnz=736     A[d=0] rhs[d=0] maxAbs=0          scaleA=2814      scaleR=0        
  PASS cartesian2d 16   dirichlet cp=field    positive  rev  nnz=735     A[d=0] rhs[d=0] maxAbs=0          scaleA=1577      scaleR=3155     
  PASS cartesian2d 16   mixed     cp=field    positive  fwd  nnz=736     A[d=0] rhs[d=0] maxAbs=0          scaleA=2262      scaleR=0        
  PASS cartesian2d 16   dirichlet cp=scalar   negative  fwd  nnz=735     A[d=0] rhs[d=0] maxAbs=0          scaleA=1407      scaleR=2814     
  PASS cartesian2d 16   dirichlet cp=field    negative  rev  nnz=736     A[d=0] rhs[d=0] maxAbs=0          scaleA=2262      scaleR=0        
  PASS cartesian2d 16   mixed     cp=field    negative  fwd  nnz=735     A[d=0] rhs[d=0] maxAbs=0          scaleA=1577      scaleR=3157     
  PASS cartesian2d 16   dirichlet cp=scalar   mixed     fwd  nnz=711     A[d=0] rhs[d=0] maxAbs=0          scaleA=4221      scaleR=2010     
  PASS cartesian2d 16   dirichlet cp=field    mixed     rev  nnz=711     A[d=0] rhs[d=0] maxAbs=0          scaleA=2873      scaleR=3611     
  PASS cartesian2d 16   mixed     cp=field    mixed     fwd  nnz=711     A[d=0] rhs[d=0] maxAbs=0          scaleA=4688      scaleR=1807     
  PASS cartesian2d 16   dirichlet cp=scalar   zeros     fwd  nnz=483     A[d=0] rhs[d=0] maxAbs=0          scaleA=2412      scaleR=2261     
  PASS cartesian2d 16   dirichlet cp=field    zeros     rev  nnz=486     A[d=0] rhs[d=0] maxAbs=0          scaleA=2613      scaleR=1667     
  PASS cartesian2d 16   mixed     cp=field    zeros     fwd  nnz=483     A[d=0] rhs[d=0] maxAbs=0          scaleA=2558      scaleR=2026     
  PASS cartesian2d 16   dirichlet cp=scalar   swirl     fwd  nnz=736     A[d=0] rhs[d=0] maxAbs=0          scaleA=58.89     scaleR=73.61    
  PASS cartesian2d 16   dirichlet cp=field    swirl     rev  nnz=736     A[d=0] rhs[d=0] maxAbs=0          scaleA=66.01     scaleR=82.52    
  PASS cartesian2d 16   mixed     cp=field    swirl     fwd  nnz=736     A[d=0] rhs[d=0] maxAbs=0          scaleA=66.01     scaleR=66.17    
  FAIL cartesian2d 16   dirichlet upwind        positive  fwd  differing=256   maxAbs=33.6       maxRel=50         scale=361.8
       worst cell 0: cpu=69.920371410580373 gpu=103.53705678511429
  FAIL cartesian2d 16   dirichlet upwind        positive  rev  differing=256   maxAbs=33.6       maxRel=50         scale=1504
       worst cell 0: cpu=-1108.816685374534 gpu=-1075.2
  FAIL cartesian2d 16   dirichlet central       positive  fwd  differing=256   maxAbs=34.1       maxRel=5.06e+03   scale=357.3
       worst cell 240: cpu=-35.187007977995108 gpu=-69.248621245202216
  FAIL cartesian2d 16   dirichlet central       positive  rev  differing=256   maxAbs=34.1       maxRel=90.4       scale=1504
       worst cell 15: cpu=-1219.2129920220048 gpu=-1185.1513787547976
  FAIL cartesian2d 16   dirichlet linear_upwind positive  fwd  differing=256   maxAbs=34.3       maxRel=107        scale=355.1
       worst cell 240: cpu=-34.973093196356999 gpu=-69.248621245202216
  FAIL cartesian2d 16   dirichlet linear_upwind positive  rev  differing=256   maxAbs=34.3       maxRel=53         scale=1504
       worst cell 15: cpu=-1219.4269068036429 gpu=-1185.1513787547976
  FAIL cartesian2d 16   dirichlet quick         positive  fwd  differing=256   maxAbs=34.2       maxRel=980        scale=356.2
       worst cell 240: cpu=-35.080050587176061 gpu=-69.248621245202216
  FAIL cartesian2d 16   dirichlet quick         positive  rev  differing=256   maxAbs=34.2       maxRel=980        scale=1504
       worst cell 15: cpu=-1219.3199494128239 gpu=-1185.1513787547976
  FAIL cartesian2d 16   mixed     quick         positive  fwd  differing=256   maxAbs=34.2       maxRel=980        scale=356.2
       worst cell 240: cpu=-35.080050587176061 gpu=-69.248621245202216
  FAIL cartesian2d 16   dirichlet upwind        negative  fwd  differing=256   maxAbs=33.6       maxRel=50         scale=1504
       worst cell 0: cpu=-1108.816685374534 gpu=-1075.2
  FAIL cartesian2d 16   dirichlet upwind        negative  rev  differing=256   maxAbs=33.6       maxRel=50         scale=361.8
       worst cell 0: cpu=69.920371410580373 gpu=103.53705678511429
  FAIL cartesian2d 16   dirichlet central       negative  fwd  differing=256   maxAbs=34.1       maxRel=90.4       scale=1504
       worst cell 15: cpu=-1219.2129920220048 gpu=-1185.1513787547976
  FAIL cartesian2d 16   dirichlet central       negative  rev  differing=256   maxAbs=34.1       maxRel=5.06e+03   scale=357.3
       worst cell 240: cpu=-35.187007977995108 gpu=-69.248621245202216
  FAIL cartesian2d 16   dirichlet linear_upwind negative  fwd  differing=256   maxAbs=34.3       maxRel=53         scale=1504
       worst cell 15: cpu=-1219.4269068036429 gpu=-1185.1513787547976
  FAIL cartesian2d 16   dirichlet linear_upwind negative  rev  differing=256   maxAbs=34.3       maxRel=107        scale=355.1
       worst cell 240: cpu=-34.973093196356999 gpu=-69.248621245202216
  FAIL cartesian2d 16   dirichlet quick         negative  fwd  differing=256   maxAbs=34.2       maxRel=980        scale=1504
       worst cell 15: cpu=-1219.3199494128239 gpu=-1185.1513787547976
  FAIL cartesian2d 16   dirichlet quick         negative  rev  differing=256   maxAbs=34.2       maxRel=980        scale=356.2
       worst cell 240: cpu=-35.080050587176061 gpu=-69.248621245202216
  FAIL cartesian2d 16   mixed     quick         negative  fwd  differing=256   maxAbs=34.2       maxRel=980        scale=1093
       worst cell 15: cpu=-718.36013511811404 gpu=-684.19156446008799
  FAIL cartesian2d 16   dirichlet upwind        mixed     fwd  differing=256   maxAbs=61         maxRel=9.17       scale=1650
       worst cell 224: cpu=-510.45005612360171 gpu=-571.42305924470122
  FAIL cartesian2d 16   dirichlet upwind        mixed     rev  differing=256   maxAbs=61         maxRel=108        scale=2018
       worst cell 224: cpu=123.40399024523396 gpu=62.43098712413439
  FAIL cartesian2d 16   dirichlet central       mixed     fwd  differing=256   maxAbs=60.7       maxRel=22.2       scale=1647
       worst cell 224: cpu=-510.76786176122545 gpu=-571.42305924470122
  FAIL cartesian2d 16   dirichlet central       mixed     rev  differing=256   maxAbs=60.4       maxRel=21.7       scale=2010
       worst cell 31: cpu=-273.78670957233521 gpu=-213.40693913428686
  FAIL cartesian2d 16   dirichlet linear_upwind mixed     fwd  differing=256   maxAbs=60.1       maxRel=31.9       scale=1645
       worst cell 224: cpu=-511.28976385282095 gpu=-571.42305924470122
  FAIL cartesian2d 16   dirichlet linear_upwind mixed     rev  differing=256   maxAbs=60.1       maxRel=21.6       scale=2007
       worst cell 31: cpu=-273.52456114415747 gpu=-213.40693913428686
  FAIL cartesian2d 16   dirichlet quick         mixed     fwd  differing=256   maxAbs=60.4       maxRel=26.2       scale=1646
       worst cell 224: cpu=-511.0288128070232 gpu=-571.42305924470122
  FAIL cartesian2d 16   dirichlet quick         mixed     rev  differing=256   maxAbs=60.2       maxRel=21.6       scale=2008
       worst cell 31: cpu=-273.65563535824634 gpu=-213.40693913428686
  FAIL cartesian2d 16   mixed     quick         mixed     fwd  differing=256   maxAbs=60.4       maxRel=26.2       scale=995.9
       worst cell 224: cpu=-511.0288128070232 gpu=-571.42305924470122
  FAIL cartesian2d 16   dirichlet upwind        zeros     fwd  differing=244   maxAbs=47.6       maxRel=1.41e+15   scale=1556
       worst cell 197: cpu=-314.14319142182097 gpu=-266.57973233781615
  FAIL cartesian2d 16   dirichlet upwind        zeros     rev  differing=244   maxAbs=47.6       maxRel=18.2       scale=1038
       worst cell 197: cpu=266.57973233781615 gpu=314.14319142182097
  FAIL cartesian2d 16   dirichlet central       zeros     fwd  differing=244   maxAbs=43.3       maxRel=104        scale=1556
       worst cell 239: cpu=-13.543472090742661 gpu=-56.798115406458052
  FAIL cartesian2d 16   dirichlet central       zeros     rev  differing=244   maxAbs=43.6       maxRel=104        scale=1038
       worst cell 225: cpu=17.870125816951585 gpu=61.443845183000036
  FAIL cartesian2d 16   dirichlet linear_upwind zeros     fwd  differing=244   maxAbs=43.3       maxRel=53         scale=1556
       worst cell 239: cpu=-13.543472090742661 gpu=-56.798115406458052
  FAIL cartesian2d 16   dirichlet linear_upwind zeros     rev  differing=244   maxAbs=43.7       maxRel=53         scale=1038
       worst cell 225: cpu=17.726698274880235 gpu=61.443845183000036
  FAIL cartesian2d 16   dirichlet quick         zeros     fwd  differing=244   maxAbs=43.3       maxRel=70.2       scale=1556
       worst cell 239: cpu=-13.543472090742661 gpu=-56.798115406458052
  FAIL cartesian2d 16   dirichlet quick         zeros     rev  differing=244   maxAbs=43.6       maxRel=70.2       scale=1038
       worst cell 225: cpu=17.798412045915924 gpu=61.443845183000036
  FAIL cartesian2d 16   mixed     quick         zeros     fwd  differing=244   maxAbs=43.3       maxRel=70.2       scale=921.4
       worst cell 239: cpu=-13.543472090742661 gpu=-56.798115406458052
  FAIL cartesian2d 16   dirichlet upwind        swirl     fwd  differing=256   maxAbs=1.41       maxRel=13.5       scale=37.53
       worst cell 240: cpu=-37.528114543751869 gpu=-38.935062871369084
  FAIL cartesian2d 16   dirichlet upwind        swirl     rev  differing=256   maxAbs=1.41       maxRel=13.5       scale=37.53
       worst cell 0: cpu=-29.971885456248128 gpu=-28.564937128630916
  FAIL cartesian2d 16   dirichlet central       swirl     fwd  differing=256   maxAbs=1.43       maxRel=7.7        scale=38.22
       worst cell 0: cpu=-13.527329465206675 gpu=-12.101759713509951
  FAIL cartesian2d 16   dirichlet central       swirl     rev  differing=256   maxAbs=1.43       maxRel=7.7        scale=38.22
       worst cell 240: cpu=-16.47267053479332 gpu=-17.898240286490047
  FAIL cartesian2d 16   dirichlet linear_upwind swirl     fwd  differing=256   maxAbs=1.43       maxRel=8.64       scale=38.2
       worst cell 0: cpu=-13.536282371804253 gpu=-12.101759713509951
  FAIL cartesian2d 16   dirichlet linear_upwind swirl     rev  differing=256   maxAbs=1.43       maxRel=8.64       scale=38.2
       worst cell 240: cpu=-16.463717628195742 gpu=-17.898240286490047
  FAIL cartesian2d 16   dirichlet quick         swirl     fwd  differing=256   maxAbs=1.43       maxRel=8.15       scale=38.21
       worst cell 0: cpu=-13.531805918505464 gpu=-12.101759713509951
  FAIL cartesian2d 16   dirichlet quick         swirl     rev  differing=256   maxAbs=1.43       maxRel=8.15       scale=38.21
       worst cell 240: cpu=-16.468194081494531 gpu=-17.898240286490047
  FAIL cartesian2d 16   mixed     quick         swirl     fwd  differing=256   maxAbs=1.43       maxRel=195        scale=29.29
       worst cell 255: cpu=-0.075329166373571566 gpu=-1.5053753713690852
  PASS cartesian2d 16   dirichlet cp=scalar   positive  fwd  nnz=736     A[d=0] rhs[d=0] maxAbs=0          scaleA=2814      scaleR=0        
  PASS cartesian2d 16   dirichlet cp=field    positive  rev  nnz=735     A[d=0] rhs[d=0] maxAbs=0          scaleA=1577      scaleR=3155     
  PASS cartesian2d 16   mixed     cp=field    positive  fwd  nnz=736     A[d=0] rhs[d=0] maxAbs=0          scaleA=2262      scaleR=0        
  PASS cartesian2d 16   dirichlet cp=scalar   negative  fwd  nnz=735     A[d=0] rhs[d=0] maxAbs=0          scaleA=1407      scaleR=2814     
  PASS cartesian2d 16   dirichlet cp=field    negative  rev  nnz=736     A[d=0] rhs[d=0] maxAbs=0          scaleA=2262      scaleR=0        
  PASS cartesian2d 16   mixed     cp=field    negative  fwd  nnz=735     A[d=0] rhs[d=0] maxAbs=0          scaleA=1577      scaleR=1697     
  PASS cartesian2d 16   dirichlet cp=scalar   mixed     fwd  nnz=711     A[d=0] rhs[d=0] maxAbs=0          scaleA=4221      scaleR=2010     
  PASS cartesian2d 16   dirichlet cp=field    mixed     rev  nnz=711     A[d=0] rhs[d=0] maxAbs=0          scaleA=2873      scaleR=3611     
  PASS cartesian2d 16   mixed     cp=field    mixed     fwd  nnz=711     A[d=0] rhs[d=0] maxAbs=0          scaleA=4688      scaleR=1643     
  PASS cartesian2d 16   dirichlet cp=scalar   zeros     fwd  nnz=483     A[d=0] rhs[d=0] maxAbs=0          scaleA=2412      scaleR=2261     
  PASS cartesian2d 16   dirichlet cp=field    zeros     rev  nnz=486     A[d=0] rhs[d=0] maxAbs=0          scaleA=2613      scaleR=1667     
  PASS cartesian2d 16   mixed     cp=field    zeros     fwd  nnz=483     A[d=0] rhs[d=0] maxAbs=0          scaleA=2558      scaleR=1876     
  PASS cartesian2d 16   dirichlet cp=scalar   swirl     fwd  nnz=736     A[d=0] rhs[d=0] maxAbs=0          scaleA=58.89     scaleR=73.61    
  PASS cartesian2d 16   dirichlet cp=field    swirl     rev  nnz=736     A[d=0] rhs[d=0] maxAbs=0          scaleA=66.01     scaleR=82.52    
  PASS cartesian2d 16   mixed     cp=field    swirl     fwd  nnz=736     A[d=0] rhs[d=0] maxAbs=0          scaleA=66.01     scaleR=61.07    
       [cartesian2d 32 cells=1024 farUpstream(ownerUpwind=1920, neighbourUpwind=1920) resident=747544 B]
  PASS cartesian2d 32   dirichlet cp=scalar   positive  fwd  nnz=3008    A[d=0] rhs[d=0] maxAbs=0          scaleA=2814      scaleR=0        
  PASS cartesian2d 32   dirichlet cp=field    positive  rev  nnz=3007    A[d=0] rhs[d=0] maxAbs=0          scaleA=1587      scaleR=3173     
  PASS cartesian2d 32   mixed     cp=field    positive  fwd  nnz=3008    A[d=0] rhs[d=0] maxAbs=0          scaleA=2251      scaleR=0        
  PASS cartesian2d 32   dirichlet cp=scalar   negative  fwd  nnz=3007    A[d=0] rhs[d=0] maxAbs=0          scaleA=1407      scaleR=2814     
  PASS cartesian2d 32   dirichlet cp=field    negative  rev  nnz=3008    A[d=0] rhs[d=0] maxAbs=0          scaleA=2251      scaleR=0        
  PASS cartesian2d 32   mixed     cp=field    negative  fwd  nnz=3007    A[d=0] rhs[d=0] maxAbs=0          scaleA=1587      scaleR=5158     
  PASS cartesian2d 32   dirichlet cp=scalar   mixed     fwd  nnz=2898    A[d=0] rhs[d=0] maxAbs=0          scaleA=3417      scaleR=2010     
  PASS cartesian2d 32   dirichlet cp=field    mixed     rev  nnz=2898    A[d=0] rhs[d=0] maxAbs=0          scaleA=3782      scaleR=5893     
  PASS cartesian2d 32   mixed     cp=field    mixed     fwd  nnz=2898    A[d=0] rhs[d=0] maxAbs=0          scaleA=3853      scaleR=2926     
  PASS cartesian2d 32   dirichlet cp=scalar   zeros     fwd  nnz=1984    A[d=0] rhs[d=0] maxAbs=0          scaleA=2412      scaleR=2261     
  PASS cartesian2d 32   dirichlet cp=field    zeros     rev  nnz=1971    A[d=0] rhs[d=0] maxAbs=0          scaleA=2694      scaleR=1665     
  PASS cartesian2d 32   mixed     cp=field    zeros     fwd  nnz=1984    A[d=0] rhs[d=0] maxAbs=0          scaleA=2632      scaleR=3286     
  PASS cartesian2d 32   dirichlet cp=scalar   swirl     fwd  nnz=3008    A[d=0] rhs[d=0] maxAbs=0          scaleA=30.42     scaleR=38.03    
  PASS cartesian2d 32   dirichlet cp=field    swirl     rev  nnz=3008    A[d=0] rhs[d=0] maxAbs=0          scaleA=34.31     scaleR=42.89    
  PASS cartesian2d 32   mixed     cp=field    swirl     fwd  nnz=3008    A[d=0] rhs[d=0] maxAbs=0          scaleA=34.31     scaleR=55.79    
  PASS cartesian2d 32   dirichlet cp=scalar   positive  fwd  nnz=3008    A[d=0] rhs[d=0] maxAbs=0          scaleA=2814      scaleR=0        
  PASS cartesian2d 32   dirichlet cp=field    positive  rev  nnz=3007    A[d=0] rhs[d=0] maxAbs=0          scaleA=1587      scaleR=3173     
  PASS cartesian2d 32   mixed     cp=field    positive  fwd  nnz=3008    A[d=0] rhs[d=0] maxAbs=0          scaleA=2251      scaleR=0        
  PASS cartesian2d 32   dirichlet cp=scalar   negative  fwd  nnz=3007    A[d=0] rhs[d=0] maxAbs=0          scaleA=1407      scaleR=2814     
  PASS cartesian2d 32   dirichlet cp=field    negative  rev  nnz=3008    A[d=0] rhs[d=0] maxAbs=0          scaleA=2251      scaleR=0        
  PASS cartesian2d 32   mixed     cp=field    negative  fwd  nnz=3007    A[d=0] rhs[d=0] maxAbs=0          scaleA=1587      scaleR=3257     
  PASS cartesian2d 32   dirichlet cp=scalar   mixed     fwd  nnz=2898    A[d=0] rhs[d=0] maxAbs=0          scaleA=3417      scaleR=2010     
  PASS cartesian2d 32   dirichlet cp=field    mixed     rev  nnz=2898    A[d=0] rhs[d=0] maxAbs=0          scaleA=3782      scaleR=5893     
  PASS cartesian2d 32   mixed     cp=field    mixed     fwd  nnz=2898    A[d=0] rhs[d=0] maxAbs=0          scaleA=3853      scaleR=1674     
  PASS cartesian2d 32   dirichlet cp=scalar   zeros     fwd  nnz=1984    A[d=0] rhs[d=0] maxAbs=0          scaleA=2412      scaleR=2261     
  PASS cartesian2d 32   dirichlet cp=field    zeros     rev  nnz=1971    A[d=0] rhs[d=0] maxAbs=0          scaleA=2694      scaleR=1665     
  PASS cartesian2d 32   mixed     cp=field    zeros     fwd  nnz=1984    A[d=0] rhs[d=0] maxAbs=0          scaleA=2632      scaleR=2089     
  PASS cartesian2d 32   dirichlet cp=scalar   swirl     fwd  nnz=3008    A[d=0] rhs[d=0] maxAbs=0          scaleA=30.42     scaleR=38.03    
  PASS cartesian2d 32   dirichlet cp=field    swirl     rev  nnz=3008    A[d=0] rhs[d=0] maxAbs=0          scaleA=34.31     scaleR=42.89    
  PASS cartesian2d 32   mixed     cp=field    swirl     fwd  nnz=3008    A[d=0] rhs[d=0] maxAbs=0          scaleA=34.31     scaleR=31.67    
  PASS cartesian2d 32   dirichlet cp=scalar   positive  fwd  nnz=3008    A[d=0] rhs[d=0] maxAbs=0          scaleA=2814      scaleR=0        
  PASS cartesian2d 32   dirichlet cp=field    positive  rev  nnz=3007    A[d=0] rhs[d=0] maxAbs=0          scaleA=1587      scaleR=3173     
  PASS cartesian2d 32   mixed     cp=field    positive  fwd  nnz=3008    A[d=0] rhs[d=0] maxAbs=0          scaleA=2251      scaleR=0        
  PASS cartesian2d 32   dirichlet cp=scalar   negative  fwd  nnz=3007    A[d=0] rhs[d=0] maxAbs=0          scaleA=1407      scaleR=2814     
  PASS cartesian2d 32   dirichlet cp=field    negative  rev  nnz=3008    A[d=0] rhs[d=0] maxAbs=0          scaleA=2251      scaleR=0        
  PASS cartesian2d 32   mixed     cp=field    negative  fwd  nnz=3007    A[d=0] rhs[d=0] maxAbs=0          scaleA=1587      scaleR=3174     
  PASS cartesian2d 32   dirichlet cp=scalar   mixed     fwd  nnz=2898    A[d=0] rhs[d=0] maxAbs=0          scaleA=3417      scaleR=2010     
  PASS cartesian2d 32   dirichlet cp=field    mixed     rev  nnz=2898    A[d=0] rhs[d=0] maxAbs=0          scaleA=3782      scaleR=5893     
  PASS cartesian2d 32   mixed     cp=field    mixed     fwd  nnz=2898    A[d=0] rhs[d=0] maxAbs=0          scaleA=3853      scaleR=1800     
  PASS cartesian2d 32   dirichlet cp=scalar   zeros     fwd  nnz=1984    A[d=0] rhs[d=0] maxAbs=0          scaleA=2412      scaleR=2261     
  PASS cartesian2d 32   dirichlet cp=field    zeros     rev  nnz=1971    A[d=0] rhs[d=0] maxAbs=0          scaleA=2694      scaleR=1665     
  PASS cartesian2d 32   mixed     cp=field    zeros     fwd  nnz=1984    A[d=0] rhs[d=0] maxAbs=0          scaleA=2632      scaleR=2023     
  PASS cartesian2d 32   dirichlet cp=scalar   swirl     fwd  nnz=3008    A[d=0] rhs[d=0] maxAbs=0          scaleA=30.42     scaleR=38.03    
  PASS cartesian2d 32   dirichlet cp=field    swirl     rev  nnz=3008    A[d=0] rhs[d=0] maxAbs=0          scaleA=34.31     scaleR=42.89    
  PASS cartesian2d 32   mixed     cp=field    swirl     fwd  nnz=3008    A[d=0] rhs[d=0] maxAbs=0          scaleA=34.31     scaleR=34.35    
  PASS cartesian2d 32   dirichlet cp=scalar   positive  fwd  nnz=3008    A[d=0] rhs[d=0] maxAbs=0          scaleA=2814      scaleR=0        
  PASS cartesian2d 32   dirichlet cp=field    positive  rev  nnz=3007    A[d=0] rhs[d=0] maxAbs=0          scaleA=1587      scaleR=3173     
  PASS cartesian2d 32   mixed     cp=field    positive  fwd  nnz=3008    A[d=0] rhs[d=0] maxAbs=0          scaleA=2251      scaleR=0        
  PASS cartesian2d 32   dirichlet cp=scalar   negative  fwd  nnz=3007    A[d=0] rhs[d=0] maxAbs=0          scaleA=1407      scaleR=2814     
  PASS cartesian2d 32   dirichlet cp=field    negative  rev  nnz=3008    A[d=0] rhs[d=0] maxAbs=0          scaleA=2251      scaleR=0        
  PASS cartesian2d 32   mixed     cp=field    negative  fwd  nnz=3007    A[d=0] rhs[d=0] maxAbs=0          scaleA=1587      scaleR=1688     
  PASS cartesian2d 32   dirichlet cp=scalar   mixed     fwd  nnz=2898    A[d=0] rhs[d=0] maxAbs=0          scaleA=3417      scaleR=2010     
  PASS cartesian2d 32   dirichlet cp=field    mixed     rev  nnz=2898    A[d=0] rhs[d=0] maxAbs=0          scaleA=3782      scaleR=5893     
  PASS cartesian2d 32   mixed     cp=field    mixed     fwd  nnz=2898    A[d=0] rhs[d=0] maxAbs=0          scaleA=3853      scaleR=1674     
  PASS cartesian2d 32   dirichlet cp=scalar   zeros     fwd  nnz=1984    A[d=0] rhs[d=0] maxAbs=0          scaleA=2412      scaleR=2261     
  PASS cartesian2d 32   dirichlet cp=field    zeros     rev  nnz=1971    A[d=0] rhs[d=0] maxAbs=0          scaleA=2694      scaleR=1665     
  PASS cartesian2d 32   mixed     cp=field    zeros     fwd  nnz=1984    A[d=0] rhs[d=0] maxAbs=0          scaleA=2632      scaleR=1883     
  PASS cartesian2d 32   dirichlet cp=scalar   swirl     fwd  nnz=3008    A[d=0] rhs[d=0] maxAbs=0          scaleA=30.42     scaleR=38.03    
  PASS cartesian2d 32   dirichlet cp=field    swirl     rev  nnz=3008    A[d=0] rhs[d=0] maxAbs=0          scaleA=34.31     scaleR=42.89    
  PASS cartesian2d 32   mixed     cp=field    swirl     fwd  nnz=3008    A[d=0] rhs[d=0] maxAbs=0          scaleA=34.31     scaleR=31.67    
       [graded2d 16 cells=256 farUpstream(ownerUpwind=448, neighbourUpwind=448) resident=193560 B]
  PASS graded2d 16      dirichlet cp=scalar   positive  fwd  nnz=736     A[d=0] rhs[d=0] maxAbs=0          scaleA=2814      scaleR=0        
  PASS graded2d 16      dirichlet cp=field    positive  rev  nnz=735     A[d=0] rhs[d=0] maxAbs=0          scaleA=1565      scaleR=3129     
  PASS graded2d 16      mixed     cp=field    positive  fwd  nnz=736     A[d=0] rhs[d=0] maxAbs=0          scaleA=2246      scaleR=0        
  PASS graded2d 16      dirichlet cp=scalar   negative  fwd  nnz=735     A[d=0] rhs[d=0] maxAbs=0          scaleA=1407      scaleR=2814     
  PASS graded2d 16      dirichlet cp=field    negative  rev  nnz=736     A[d=0] rhs[d=0] maxAbs=0          scaleA=2246      scaleR=0        
  PASS graded2d 16      mixed     cp=field    negative  fwd  nnz=735     A[d=0] rhs[d=0] maxAbs=0          scaleA=1565      scaleR=5093     
  PASS graded2d 16      dirichlet cp=scalar   mixed     fwd  nnz=711     A[d=0] rhs[d=0] maxAbs=0          scaleA=4221      scaleR=2010     
  PASS graded2d 16      dirichlet cp=field    mixed     rev  nnz=711     A[d=0] rhs[d=0] maxAbs=0          scaleA=2850      scaleR=3521     
  PASS graded2d 16      mixed     cp=field    mixed     fwd  nnz=711     A[d=0] rhs[d=0] maxAbs=0          scaleA=4659      scaleR=2915     
  PASS graded2d 16      dirichlet cp=scalar   zeros     fwd  nnz=483     A[d=0] rhs[d=0] maxAbs=0          scaleA=2412      scaleR=2261     
  PASS graded2d 16      dirichlet cp=field    zeros     rev  nnz=486     A[d=0] rhs[d=0] maxAbs=0          scaleA=2600      scaleR=1625     
  PASS graded2d 16      mixed     cp=field    zeros     fwd  nnz=483     A[d=0] rhs[d=0] maxAbs=0          scaleA=2508      scaleR=3268     
  PASS graded2d 16      dirichlet cp=scalar   swirl     fwd  nnz=736     A[d=0] rhs[d=0] maxAbs=0          scaleA=85.18     scaleR=125.3    
  PASS graded2d 16      dirichlet cp=field    swirl     rev  nnz=736     A[d=0] rhs[d=0] maxAbs=0          scaleA=94.72     scaleR=174.2    
  PASS graded2d 16      mixed     cp=field    swirl     fwd  nnz=736     A[d=0] rhs[d=0] maxAbs=0          scaleA=94.72     scaleR=128.7    
  PASS graded2d 16      dirichlet cp=scalar   positive  fwd  nnz=736     A[d=0] rhs[d=0] maxAbs=0          scaleA=2814      scaleR=0        
  PASS graded2d 16      dirichlet cp=field    positive  rev  nnz=735     A[d=0] rhs[d=0] maxAbs=0          scaleA=1565      scaleR=3129     
  PASS graded2d 16      mixed     cp=field    positive  fwd  nnz=736     A[d=0] rhs[d=0] maxAbs=0          scaleA=2246      scaleR=0        
  PASS graded2d 16      dirichlet cp=scalar   negative  fwd  nnz=735     A[d=0] rhs[d=0] maxAbs=0          scaleA=1407      scaleR=2814     
  PASS graded2d 16      dirichlet cp=field    negative  rev  nnz=736     A[d=0] rhs[d=0] maxAbs=0          scaleA=2246      scaleR=0        
  PASS graded2d 16      mixed     cp=field    negative  fwd  nnz=735     A[d=0] rhs[d=0] maxAbs=0          scaleA=1565      scaleR=3127     
  PASS graded2d 16      dirichlet cp=scalar   mixed     fwd  nnz=711     A[d=0] rhs[d=0] maxAbs=0          scaleA=4221      scaleR=2010     
  PASS graded2d 16      dirichlet cp=field    mixed     rev  nnz=711     A[d=0] rhs[d=0] maxAbs=0          scaleA=2850      scaleR=3521     
  PASS graded2d 16      mixed     cp=field    mixed     fwd  nnz=711     A[d=0] rhs[d=0] maxAbs=0          scaleA=4659      scaleR=1923     
  PASS graded2d 16      dirichlet cp=scalar   zeros     fwd  nnz=483     A[d=0] rhs[d=0] maxAbs=0          scaleA=2412      scaleR=2261     
  PASS graded2d 16      dirichlet cp=field    zeros     rev  nnz=486     A[d=0] rhs[d=0] maxAbs=0          scaleA=2600      scaleR=1625     
  PASS graded2d 16      mixed     cp=field    zeros     fwd  nnz=483     A[d=0] rhs[d=0] maxAbs=0          scaleA=2508      scaleR=2096     
  PASS graded2d 16      dirichlet cp=scalar   swirl     fwd  nnz=736     A[d=0] rhs[d=0] maxAbs=0          scaleA=85.18     scaleR=125.3    
  PASS graded2d 16      dirichlet cp=field    swirl     rev  nnz=736     A[d=0] rhs[d=0] maxAbs=0          scaleA=94.72     scaleR=174.2    
  PASS graded2d 16      mixed     cp=field    swirl     fwd  nnz=736     A[d=0] rhs[d=0] maxAbs=0          scaleA=94.72     scaleR=128.7    
  PASS graded2d 16      dirichlet cp=scalar   positive  fwd  nnz=736     A[d=0] rhs[d=0] maxAbs=0          scaleA=2814      scaleR=0        
  PASS graded2d 16      dirichlet cp=field    positive  rev  nnz=735     A[d=0] rhs[d=0] maxAbs=0          scaleA=1565      scaleR=3129     
  PASS graded2d 16      mixed     cp=field    positive  fwd  nnz=736     A[d=0] rhs[d=0] maxAbs=0          scaleA=2246      scaleR=0        
  PASS graded2d 16      dirichlet cp=scalar   negative  fwd  nnz=735     A[d=0] rhs[d=0] maxAbs=0          scaleA=1407      scaleR=2814     
  PASS graded2d 16      dirichlet cp=field    negative  rev  nnz=736     A[d=0] rhs[d=0] maxAbs=0          scaleA=2246      scaleR=0        
  PASS graded2d 16      mixed     cp=field    negative  fwd  nnz=735     A[d=0] rhs[d=0] maxAbs=0          scaleA=1565      scaleR=3137     
  PASS graded2d 16      dirichlet cp=scalar   mixed     fwd  nnz=711     A[d=0] rhs[d=0] maxAbs=0          scaleA=4221      scaleR=2010     
  PASS graded2d 16      dirichlet cp=field    mixed     rev  nnz=711     A[d=0] rhs[d=0] maxAbs=0          scaleA=2850      scaleR=3521     
  PASS graded2d 16      mixed     cp=field    mixed     fwd  nnz=711     A[d=0] rhs[d=0] maxAbs=0          scaleA=4659      scaleR=1798     
  PASS graded2d 16      dirichlet cp=scalar   zeros     fwd  nnz=483     A[d=0] rhs[d=0] maxAbs=0          scaleA=2412      scaleR=2261     
  PASS graded2d 16      dirichlet cp=field    zeros     rev  nnz=486     A[d=0] rhs[d=0] maxAbs=0          scaleA=2600      scaleR=1625     
  PASS graded2d 16      mixed     cp=field    zeros     fwd  nnz=483     A[d=0] rhs[d=0] maxAbs=0          scaleA=2508      scaleR=2010     
  PASS graded2d 16      dirichlet cp=scalar   swirl     fwd  nnz=736     A[d=0] rhs[d=0] maxAbs=0          scaleA=85.18     scaleR=125.3    
  PASS graded2d 16      dirichlet cp=field    swirl     rev  nnz=736     A[d=0] rhs[d=0] maxAbs=0          scaleA=94.72     scaleR=174.2    
  PASS graded2d 16      mixed     cp=field    swirl     fwd  nnz=736     A[d=0] rhs[d=0] maxAbs=0          scaleA=94.72     scaleR=128.7    
  PASS graded2d 16      dirichlet cp=scalar   positive  fwd  nnz=736     A[d=0] rhs[d=0] maxAbs=0          scaleA=2814      scaleR=0        
  PASS graded2d 16      dirichlet cp=field    positive  rev  nnz=735     A[d=0] rhs[d=0] maxAbs=0          scaleA=1565      scaleR=3129     
  PASS graded2d 16      mixed     cp=field    positive  fwd  nnz=736     A[d=0] rhs[d=0] maxAbs=0          scaleA=2246      scaleR=0        
  PASS graded2d 16      dirichlet cp=scalar   negative  fwd  nnz=735     A[d=0] rhs[d=0] maxAbs=0          scaleA=1407      scaleR=2814     
  PASS graded2d 16      dirichlet cp=field    negative  rev  nnz=736     A[d=0] rhs[d=0] maxAbs=0          scaleA=2246      scaleR=0        
  PASS graded2d 16      mixed     cp=field    negative  fwd  nnz=735     A[d=0] rhs[d=0] maxAbs=0          scaleA=1565      scaleR=1685     
  PASS graded2d 16      dirichlet cp=scalar   mixed     fwd  nnz=711     A[d=0] rhs[d=0] maxAbs=0          scaleA=4221      scaleR=2010     
  PASS graded2d 16      dirichlet cp=field    mixed     rev  nnz=711     A[d=0] rhs[d=0] maxAbs=0          scaleA=2850      scaleR=3521     
  PASS graded2d 16      mixed     cp=field    mixed     fwd  nnz=711     A[d=0] rhs[d=0] maxAbs=0          scaleA=4659      scaleR=1596     
  PASS graded2d 16      dirichlet cp=scalar   zeros     fwd  nnz=483     A[d=0] rhs[d=0] maxAbs=0          scaleA=2412      scaleR=2261     
  PASS graded2d 16      dirichlet cp=field    zeros     rev  nnz=486     A[d=0] rhs[d=0] maxAbs=0          scaleA=2600      scaleR=1625     
  PASS graded2d 16      mixed     cp=field    zeros     fwd  nnz=483     A[d=0] rhs[d=0] maxAbs=0          scaleA=2508      scaleR=1857     
  PASS graded2d 16      dirichlet cp=scalar   swirl     fwd  nnz=736     A[d=0] rhs[d=0] maxAbs=0          scaleA=85.18     scaleR=125.3    
  PASS graded2d 16      dirichlet cp=field    swirl     rev  nnz=736     A[d=0] rhs[d=0] maxAbs=0          scaleA=94.72     scaleR=174.2    
  PASS graded2d 16      mixed     cp=field    swirl     fwd  nnz=736     A[d=0] rhs[d=0] maxAbs=0          scaleA=94.72     scaleR=128.7    
       [distorted q16 cells=256 farUpstream(ownerUpwind=478, neighbourUpwind=478) resident=212760 B]
  PASS distorted q16    dirichlet cp=scalar   positive  fwd  nnz=736     A[d=0] rhs[d=0] maxAbs=0          scaleA=2814      scaleR=0        
  PASS distorted q16    dirichlet cp=field    positive  rev  nnz=735     A[d=0] rhs[d=0] maxAbs=0          scaleA=1577      scaleR=3154     
  PASS distorted q16    mixed     cp=field    positive  fwd  nnz=736     A[d=0] rhs[d=0] maxAbs=0          scaleA=2263      scaleR=0        
  PASS distorted q16    dirichlet cp=scalar   negative  fwd  nnz=735     A[d=0] rhs[d=0] maxAbs=0          scaleA=1407      scaleR=2814     
  PASS distorted q16    dirichlet cp=field    negative  rev  nnz=736     A[d=0] rhs[d=0] maxAbs=0          scaleA=2263      scaleR=0        
  PASS distorted q16    mixed     cp=field    negative  fwd  nnz=735     A[d=0] rhs[d=0] maxAbs=0          scaleA=1577      scaleR=5127     
  PASS distorted q16    dirichlet cp=scalar   mixed     fwd  nnz=711     A[d=0] rhs[d=0] maxAbs=0          scaleA=4221      scaleR=2010     
  PASS distorted q16    dirichlet cp=field    mixed     rev  nnz=711     A[d=0] rhs[d=0] maxAbs=0          scaleA=2872      scaleR=3608     
  PASS distorted q16    mixed     cp=field    mixed     fwd  nnz=711     A[d=0] rhs[d=0] maxAbs=0          scaleA=4685      scaleR=2933     
  PASS distorted q16    dirichlet cp=scalar   zeros     fwd  nnz=483     A[d=0] rhs[d=0] maxAbs=0          scaleA=2412      scaleR=2261     
  PASS distorted q16    dirichlet cp=field    zeros     rev  nnz=486     A[d=0] rhs[d=0] maxAbs=0          scaleA=2610      scaleR=1665     
  PASS distorted q16    mixed     cp=field    zeros     fwd  nnz=483     A[d=0] rhs[d=0] maxAbs=0          scaleA=2545      scaleR=3293     
  PASS distorted q16    dirichlet cp=scalar   swirl     fwd  nnz=736     A[d=0] rhs[d=0] maxAbs=0          scaleA=60.85     scaleR=73.61    
  PASS distorted q16    dirichlet cp=field    swirl     rev  nnz=736     A[d=0] rhs[d=0] maxAbs=0          scaleA=68.2      scaleR=82.5     
  PASS distorted q16    mixed     cp=field    swirl     fwd  nnz=736     A[d=0] rhs[d=0] maxAbs=0          scaleA=68.2      scaleR=107.4    
  PASS distorted q16    dirichlet cp=scalar   positive  fwd  nnz=736     A[d=0] rhs[d=0] maxAbs=0          scaleA=2814      scaleR=0        
  PASS distorted q16    dirichlet cp=field    positive  rev  nnz=735     A[d=0] rhs[d=0] maxAbs=0          scaleA=1577      scaleR=3154     
  PASS distorted q16    mixed     cp=field    positive  fwd  nnz=736     A[d=0] rhs[d=0] maxAbs=0          scaleA=2263      scaleR=0        
  PASS distorted q16    dirichlet cp=scalar   negative  fwd  nnz=735     A[d=0] rhs[d=0] maxAbs=0          scaleA=1407      scaleR=2814     
  PASS distorted q16    dirichlet cp=field    negative  rev  nnz=736     A[d=0] rhs[d=0] maxAbs=0          scaleA=2263      scaleR=0        
  PASS distorted q16    mixed     cp=field    negative  fwd  nnz=735     A[d=0] rhs[d=0] maxAbs=0          scaleA=1577      scaleR=3209     
  PASS distorted q16    dirichlet cp=scalar   mixed     fwd  nnz=711     A[d=0] rhs[d=0] maxAbs=0          scaleA=4221      scaleR=2010     
  PASS distorted q16    dirichlet cp=field    mixed     rev  nnz=711     A[d=0] rhs[d=0] maxAbs=0          scaleA=2872      scaleR=3608     
  PASS distorted q16    mixed     cp=field    mixed     fwd  nnz=711     A[d=0] rhs[d=0] maxAbs=0          scaleA=4685      scaleR=2000     
  PASS distorted q16    dirichlet cp=scalar   zeros     fwd  nnz=483     A[d=0] rhs[d=0] maxAbs=0          scaleA=2412      scaleR=2261     
  PASS distorted q16    dirichlet cp=field    zeros     rev  nnz=486     A[d=0] rhs[d=0] maxAbs=0          scaleA=2610      scaleR=1665     
  PASS distorted q16    mixed     cp=field    zeros     fwd  nnz=483     A[d=0] rhs[d=0] maxAbs=0          scaleA=2545      scaleR=2167     
  PASS distorted q16    dirichlet cp=scalar   swirl     fwd  nnz=736     A[d=0] rhs[d=0] maxAbs=0          scaleA=60.85     scaleR=73.61    
  PASS distorted q16    dirichlet cp=field    swirl     rev  nnz=736     A[d=0] rhs[d=0] maxAbs=0          scaleA=68.2      scaleR=82.5     
  PASS distorted q16    mixed     cp=field    swirl     fwd  nnz=736     A[d=0] rhs[d=0] maxAbs=0          scaleA=68.2      scaleR=61.08    
  PASS distorted q16    dirichlet cp=scalar   positive  fwd  nnz=736     A[d=0] rhs[d=0] maxAbs=0          scaleA=2814      scaleR=0        
  PASS distorted q16    dirichlet cp=field    positive  rev  nnz=735     A[d=0] rhs[d=0] maxAbs=0          scaleA=1577      scaleR=3154     
  PASS distorted q16    mixed     cp=field    positive  fwd  nnz=736     A[d=0] rhs[d=0] maxAbs=0          scaleA=2263      scaleR=0        
  PASS distorted q16    dirichlet cp=scalar   negative  fwd  nnz=735     A[d=0] rhs[d=0] maxAbs=0          scaleA=1407      scaleR=2814     
  PASS distorted q16    dirichlet cp=field    negative  rev  nnz=736     A[d=0] rhs[d=0] maxAbs=0          scaleA=2263      scaleR=0        
  PASS distorted q16    mixed     cp=field    negative  fwd  nnz=735     A[d=0] rhs[d=0] maxAbs=0          scaleA=1577      scaleR=3156     
  PASS distorted q16    dirichlet cp=scalar   mixed     fwd  nnz=711     A[d=0] rhs[d=0] maxAbs=0          scaleA=4221      scaleR=2010     
  PASS distorted q16    dirichlet cp=field    mixed     rev  nnz=711     A[d=0] rhs[d=0] maxAbs=0          scaleA=2872      scaleR=3608     
  PASS distorted q16    mixed     cp=field    mixed     fwd  nnz=711     A[d=0] rhs[d=0] maxAbs=0          scaleA=4685      scaleR=1806     
  PASS distorted q16    dirichlet cp=scalar   zeros     fwd  nnz=483     A[d=0] rhs[d=0] maxAbs=0          scaleA=2412      scaleR=2261     
  PASS distorted q16    dirichlet cp=field    zeros     rev  nnz=486     A[d=0] rhs[d=0] maxAbs=0          scaleA=2610      scaleR=1665     
  PASS distorted q16    mixed     cp=field    zeros     fwd  nnz=483     A[d=0] rhs[d=0] maxAbs=0          scaleA=2545      scaleR=2026     
  PASS distorted q16    dirichlet cp=scalar   swirl     fwd  nnz=736     A[d=0] rhs[d=0] maxAbs=0          scaleA=60.85     scaleR=73.61    
  PASS distorted q16    dirichlet cp=field    swirl     rev  nnz=736     A[d=0] rhs[d=0] maxAbs=0          scaleA=68.2      scaleR=82.5     
  PASS distorted q16    mixed     cp=field    swirl     fwd  nnz=736     A[d=0] rhs[d=0] maxAbs=0          scaleA=68.2      scaleR=66.15    
  PASS distorted q16    dirichlet cp=scalar   positive  fwd  nnz=736     A[d=0] rhs[d=0] maxAbs=0          scaleA=2814      scaleR=0        
  PASS distorted q16    dirichlet cp=field    positive  rev  nnz=735     A[d=0] rhs[d=0] maxAbs=0          scaleA=1577      scaleR=3154     
  PASS distorted q16    mixed     cp=field    positive  fwd  nnz=736     A[d=0] rhs[d=0] maxAbs=0          scaleA=2263      scaleR=0        
  PASS distorted q16    dirichlet cp=scalar   negative  fwd  nnz=735     A[d=0] rhs[d=0] maxAbs=0          scaleA=1407      scaleR=2814     
  PASS distorted q16    dirichlet cp=field    negative  rev  nnz=736     A[d=0] rhs[d=0] maxAbs=0          scaleA=2263      scaleR=0        
  PASS distorted q16    mixed     cp=field    negative  fwd  nnz=735     A[d=0] rhs[d=0] maxAbs=0          scaleA=1577      scaleR=1697     
  PASS distorted q16    dirichlet cp=scalar   mixed     fwd  nnz=711     A[d=0] rhs[d=0] maxAbs=0          scaleA=4221      scaleR=2010     
  PASS distorted q16    dirichlet cp=field    mixed     rev  nnz=711     A[d=0] rhs[d=0] maxAbs=0          scaleA=2872      scaleR=3608     
  PASS distorted q16    mixed     cp=field    mixed     fwd  nnz=711     A[d=0] rhs[d=0] maxAbs=0          scaleA=4685      scaleR=1643     
  PASS distorted q16    dirichlet cp=scalar   zeros     fwd  nnz=483     A[d=0] rhs[d=0] maxAbs=0          scaleA=2412      scaleR=2261     
  PASS distorted q16    dirichlet cp=field    zeros     rev  nnz=486     A[d=0] rhs[d=0] maxAbs=0          scaleA=2610      scaleR=1665     
  PASS distorted q16    mixed     cp=field    zeros     fwd  nnz=483     A[d=0] rhs[d=0] maxAbs=0          scaleA=2545      scaleR=1876     
  PASS distorted q16    dirichlet cp=scalar   swirl     fwd  nnz=736     A[d=0] rhs[d=0] maxAbs=0          scaleA=60.85     scaleR=73.61    
  PASS distorted q16    dirichlet cp=field    swirl     rev  nnz=736     A[d=0] rhs[d=0] maxAbs=0          scaleA=68.2      scaleR=82.5     
  PASS distorted q16    mixed     cp=field    swirl     fwd  nnz=736     A[d=0] rhs[d=0] maxAbs=0          scaleA=68.2      scaleR=61.08    
       [sheared 0.35 cells=256 farUpstream(ownerUpwind=477, neighbourUpwind=479) resident=208240 B]
  PASS sheared 0.35     dirichlet cp=scalar   positive  fwd  nnz=736     A[d=0] rhs[d=0] maxAbs=0          scaleA=2814      scaleR=0        
  PASS sheared 0.35     dirichlet cp=field    positive  rev  nnz=735     A[d=0] rhs[d=0] maxAbs=0          scaleA=1575      scaleR=3150     
  PASS sheared 0.35     mixed     cp=field    positive  fwd  nnz=736     A[d=0] rhs[d=0] maxAbs=0          scaleA=2259      scaleR=0        
  PASS sheared 0.35     dirichlet cp=scalar   negative  fwd  nnz=735     A[d=0] rhs[d=0] maxAbs=0          scaleA=1407      scaleR=2814     
  PASS sheared 0.35     dirichlet cp=field    negative  rev  nnz=736     A[d=0] rhs[d=0] maxAbs=0          scaleA=2259      scaleR=0        
  PASS sheared 0.35     mixed     cp=field    negative  fwd  nnz=735     A[d=0] rhs[d=0] maxAbs=0          scaleA=1575      scaleR=5122     
  PASS sheared 0.35     dirichlet cp=scalar   mixed     fwd  nnz=711     A[d=0] rhs[d=0] maxAbs=0          scaleA=4221      scaleR=2010     
  PASS sheared 0.35     dirichlet cp=field    mixed     rev  nnz=711     A[d=0] rhs[d=0] maxAbs=0          scaleA=2869      scaleR=3602     
  PASS sheared 0.35     mixed     cp=field    mixed     fwd  nnz=711     A[d=0] rhs[d=0] maxAbs=0          scaleA=4689      scaleR=2930     
  PASS sheared 0.35     dirichlet cp=scalar   zeros     fwd  nnz=483     A[d=0] rhs[d=0] maxAbs=0          scaleA=2412      scaleR=2261     
  PASS sheared 0.35     dirichlet cp=field    zeros     rev  nnz=486     A[d=0] rhs[d=0] maxAbs=0          scaleA=2611      scaleR=1662     
  PASS sheared 0.35     mixed     cp=field    zeros     fwd  nnz=483     A[d=0] rhs[d=0] maxAbs=0          scaleA=2558      scaleR=3289     
  PASS sheared 0.35     dirichlet cp=scalar   swirl     fwd  nnz=736     A[d=0] rhs[d=0] maxAbs=0          scaleA=68.9      scaleR=73.61    
  PASS sheared 0.35     dirichlet cp=field    swirl     rev  nnz=736     A[d=0] rhs[d=0] maxAbs=0          scaleA=76.41     scaleR=82.39    
  PASS sheared 0.35     mixed     cp=field    swirl     fwd  nnz=736     A[d=0] rhs[d=0] maxAbs=0          scaleA=76.41     scaleR=107.3    
  PASS sheared 0.35     dirichlet cp=scalar   positive  fwd  nnz=736     A[d=0] rhs[d=0] maxAbs=0          scaleA=2814      scaleR=0        
  PASS sheared 0.35     dirichlet cp=field    positive  rev  nnz=735     A[d=0] rhs[d=0] maxAbs=0          scaleA=1575      scaleR=3150     
  PASS sheared 0.35     mixed     cp=field    positive  fwd  nnz=736     A[d=0] rhs[d=0] maxAbs=0          scaleA=2259      scaleR=0        
  PASS sheared 0.35     dirichlet cp=scalar   negative  fwd  nnz=735     A[d=0] rhs[d=0] maxAbs=0          scaleA=1407      scaleR=2814     
  PASS sheared 0.35     dirichlet cp=field    negative  rev  nnz=736     A[d=0] rhs[d=0] maxAbs=0          scaleA=2259      scaleR=0        
  PASS sheared 0.35     mixed     cp=field    negative  fwd  nnz=735     A[d=0] rhs[d=0] maxAbs=0          scaleA=1575      scaleR=3193     
  PASS sheared 0.35     dirichlet cp=scalar   mixed     fwd  nnz=711     A[d=0] rhs[d=0] maxAbs=0          scaleA=4221      scaleR=2010     
  PASS sheared 0.35     dirichlet cp=field    mixed     rev  nnz=711     A[d=0] rhs[d=0] maxAbs=0          scaleA=2869      scaleR=3602     
  PASS sheared 0.35     mixed     cp=field    mixed     fwd  nnz=711     A[d=0] rhs[d=0] maxAbs=0          scaleA=4689      scaleR=1984     
  PASS sheared 0.35     dirichlet cp=scalar   zeros     fwd  nnz=483     A[d=0] rhs[d=0] maxAbs=0          scaleA=2412      scaleR=2261     
  PASS sheared 0.35     dirichlet cp=field    zeros     rev  nnz=486     A[d=0] rhs[d=0] maxAbs=0          scaleA=2611      scaleR=1662     
  PASS sheared 0.35     mixed     cp=field    zeros     fwd  nnz=483     A[d=0] rhs[d=0] maxAbs=0          scaleA=2558      scaleR=2163     
  PASS sheared 0.35     dirichlet cp=scalar   swirl     fwd  nnz=736     A[d=0] rhs[d=0] maxAbs=0          scaleA=68.9      scaleR=73.61    
  PASS sheared 0.35     dirichlet cp=field    swirl     rev  nnz=736     A[d=0] rhs[d=0] maxAbs=0          scaleA=76.41     scaleR=82.39    
  PASS sheared 0.35     mixed     cp=field    swirl     fwd  nnz=736     A[d=0] rhs[d=0] maxAbs=0          scaleA=76.41     scaleR=60.99    
  PASS sheared 0.35     dirichlet cp=scalar   positive  fwd  nnz=736     A[d=0] rhs[d=0] maxAbs=0          scaleA=2814      scaleR=0        
  PASS sheared 0.35     dirichlet cp=field    positive  rev  nnz=735     A[d=0] rhs[d=0] maxAbs=0          scaleA=1575      scaleR=3150     
  PASS sheared 0.35     mixed     cp=field    positive  fwd  nnz=736     A[d=0] rhs[d=0] maxAbs=0          scaleA=2259      scaleR=0        
  PASS sheared 0.35     dirichlet cp=scalar   negative  fwd  nnz=735     A[d=0] rhs[d=0] maxAbs=0          scaleA=1407      scaleR=2814     
  PASS sheared 0.35     dirichlet cp=field    negative  rev  nnz=736     A[d=0] rhs[d=0] maxAbs=0          scaleA=2259      scaleR=0        
  PASS sheared 0.35     mixed     cp=field    negative  fwd  nnz=735     A[d=0] rhs[d=0] maxAbs=0          scaleA=1575      scaleR=3153     
  PASS sheared 0.35     dirichlet cp=scalar   mixed     fwd  nnz=711     A[d=0] rhs[d=0] maxAbs=0          scaleA=4221      scaleR=2010     
  PASS sheared 0.35     dirichlet cp=field    mixed     rev  nnz=711     A[d=0] rhs[d=0] maxAbs=0          scaleA=2869      scaleR=3602     
  PASS sheared 0.35     mixed     cp=field    mixed     fwd  nnz=711     A[d=0] rhs[d=0] maxAbs=0          scaleA=4689      scaleR=1805     
  PASS sheared 0.35     dirichlet cp=scalar   zeros     fwd  nnz=483     A[d=0] rhs[d=0] maxAbs=0          scaleA=2412      scaleR=2261     
  PASS sheared 0.35     dirichlet cp=field    zeros     rev  nnz=486     A[d=0] rhs[d=0] maxAbs=0          scaleA=2611      scaleR=1662     
  PASS sheared 0.35     mixed     cp=field    zeros     fwd  nnz=483     A[d=0] rhs[d=0] maxAbs=0          scaleA=2558      scaleR=2023     
  PASS sheared 0.35     dirichlet cp=scalar   swirl     fwd  nnz=736     A[d=0] rhs[d=0] maxAbs=0          scaleA=68.9      scaleR=73.61    
  PASS sheared 0.35     dirichlet cp=field    swirl     rev  nnz=736     A[d=0] rhs[d=0] maxAbs=0          scaleA=76.41     scaleR=82.39    
  PASS sheared 0.35     mixed     cp=field    swirl     fwd  nnz=736     A[d=0] rhs[d=0] maxAbs=0          scaleA=76.41     scaleR=66.1     
  PASS sheared 0.35     dirichlet cp=scalar   positive  fwd  nnz=736     A[d=0] rhs[d=0] maxAbs=0          scaleA=2814      scaleR=0        
  PASS sheared 0.35     dirichlet cp=field    positive  rev  nnz=735     A[d=0] rhs[d=0] maxAbs=0          scaleA=1575      scaleR=3150     
  PASS sheared 0.35     mixed     cp=field    positive  fwd  nnz=736     A[d=0] rhs[d=0] maxAbs=0          scaleA=2259      scaleR=0        
  PASS sheared 0.35     dirichlet cp=scalar   negative  fwd  nnz=735     A[d=0] rhs[d=0] maxAbs=0          scaleA=1407      scaleR=2814     
  PASS sheared 0.35     dirichlet cp=field    negative  rev  nnz=736     A[d=0] rhs[d=0] maxAbs=0          scaleA=2259      scaleR=0        
  PASS sheared 0.35     mixed     cp=field    negative  fwd  nnz=735     A[d=0] rhs[d=0] maxAbs=0          scaleA=1575      scaleR=1694     
  PASS sheared 0.35     dirichlet cp=scalar   mixed     fwd  nnz=711     A[d=0] rhs[d=0] maxAbs=0          scaleA=4221      scaleR=2010     
  PASS sheared 0.35     dirichlet cp=field    mixed     rev  nnz=711     A[d=0] rhs[d=0] maxAbs=0          scaleA=2869      scaleR=3602     
  PASS sheared 0.35     mixed     cp=field    mixed     fwd  nnz=711     A[d=0] rhs[d=0] maxAbs=0          scaleA=4689      scaleR=1638     
  PASS sheared 0.35     dirichlet cp=scalar   zeros     fwd  nnz=483     A[d=0] rhs[d=0] maxAbs=0          scaleA=2412      scaleR=2261     
  PASS sheared 0.35     dirichlet cp=field    zeros     rev  nnz=486     A[d=0] rhs[d=0] maxAbs=0          scaleA=2611      scaleR=1662     
  PASS sheared 0.35     mixed     cp=field    zeros     fwd  nnz=483     A[d=0] rhs[d=0] maxAbs=0          scaleA=2558      scaleR=1874     
  PASS sheared 0.35     dirichlet cp=scalar   swirl     fwd  nnz=736     A[d=0] rhs[d=0] maxAbs=0          scaleA=68.9      scaleR=73.61    
  PASS sheared 0.35     dirichlet cp=field    swirl     rev  nnz=736     A[d=0] rhs[d=0] maxAbs=0          scaleA=76.41     scaleR=82.39    
  PASS sheared 0.35     mixed     cp=field    swirl     fwd  nnz=736     A[d=0] rhs[d=0] maxAbs=0          scaleA=76.41     scaleR=60.99    
       [cartesian3d 6 cells=216 farUpstream(ownerUpwind=432, neighbourUpwind=432) resident=266136 B]
  PASS cartesian3d 6    dirichlet cp=scalar   positive  fwd  nnz=756     A[d=0] rhs[d=0] maxAbs=0          scaleA=4221      scaleR=0        
  PASS cartesian3d 6    dirichlet cp=field    positive  rev  nnz=755     A[d=0] rhs[d=0] maxAbs=0          scaleA=2397      scaleR=5993     
  PASS cartesian3d 6    mixed     cp=field    positive  fwd  nnz=756     A[d=0] rhs[d=0] maxAbs=0          scaleA=3616      scaleR=0        
  PASS cartesian3d 6    dirichlet cp=scalar   negative  fwd  nnz=755     A[d=0] rhs[d=0] maxAbs=0          scaleA=2110      scaleR=5276     
  PASS cartesian3d 6    dirichlet cp=field    negative  rev  nnz=756     A[d=0] rhs[d=0] maxAbs=0          scaleA=3616      scaleR=0        
  PASS cartesian3d 6    mixed     cp=field    negative  fwd  nnz=755     A[d=0] rhs[d=0] maxAbs=0          scaleA=2397      scaleR=7780     
  PASS cartesian3d 6    dirichlet cp=scalar   mixed     fwd  nnz=756     A[d=0] rhs[d=0] maxAbs=0          scaleA=6030      scaleR=4824     
  PASS cartesian3d 6    dirichlet cp=field    mixed     rev  nnz=756     A[d=0] rhs[d=0] maxAbs=0          scaleA=4298      scaleR=1.113e+04
  PASS cartesian3d 6    mixed     cp=field    mixed     fwd  nnz=756     A[d=0] rhs[d=0] maxAbs=0          scaleA=6649      scaleR=5697     
  PASS cartesian3d 6    dirichlet cp=scalar   zeros     fwd  nnz=519     A[d=0] rhs[d=0] maxAbs=0          scaleA=3316      scaleR=4975     
  PASS cartesian3d 6    dirichlet cp=field    zeros     rev  nnz=520     A[d=0] rhs[d=0] maxAbs=0          scaleA=3765      scaleR=3959     
  PASS cartesian3d 6    mixed     cp=field    zeros     fwd  nnz=519     A[d=0] rhs[d=0] maxAbs=0          scaleA=3503      scaleR=6608     
  PASS cartesian3d 6    dirichlet cp=scalar   swirl     fwd  nnz=756     A[d=0] rhs[d=0] maxAbs=0          scaleA=26.06     scaleR=29.08    
  PASS cartesian3d 6    dirichlet cp=field    swirl     rev  nnz=756     A[d=0] rhs[d=0] maxAbs=0          scaleA=29.06     scaleR=44.13    
  PASS cartesian3d 6    mixed     cp=field    swirl     fwd  nnz=756     A[d=0] rhs[d=0] maxAbs=0          scaleA=29.59     scaleR=43.1     
  PASS cartesian3d 6    dirichlet cp=scalar   positive  fwd  nnz=756     A[d=0] rhs[d=0] maxAbs=0          scaleA=4221      scaleR=0        
  PASS cartesian3d 6    dirichlet cp=field    positive  rev  nnz=755     A[d=0] rhs[d=0] maxAbs=0          scaleA=2397      scaleR=5993     
  PASS cartesian3d 6    mixed     cp=field    positive  fwd  nnz=756     A[d=0] rhs[d=0] maxAbs=0          scaleA=3616      scaleR=0        
  PASS cartesian3d 6    dirichlet cp=scalar   negative  fwd  nnz=755     A[d=0] rhs[d=0] maxAbs=0          scaleA=2110      scaleR=5276     
  PASS cartesian3d 6    dirichlet cp=field    negative  rev  nnz=756     A[d=0] rhs[d=0] maxAbs=0          scaleA=3616      scaleR=0        
  PASS cartesian3d 6    mixed     cp=field    negative  fwd  nnz=755     A[d=0] rhs[d=0] maxAbs=0          scaleA=2397      scaleR=5810     
  PASS cartesian3d 6    dirichlet cp=scalar   mixed     fwd  nnz=756     A[d=0] rhs[d=0] maxAbs=0          scaleA=6030      scaleR=4824     
  PASS cartesian3d 6    dirichlet cp=field    mixed     rev  nnz=756     A[d=0] rhs[d=0] maxAbs=0          scaleA=4298      scaleR=1.113e+04
  PASS cartesian3d 6    mixed     cp=field    mixed     fwd  nnz=756     A[d=0] rhs[d=0] maxAbs=0          scaleA=6649      scaleR=3966     
  PASS cartesian3d 6    dirichlet cp=scalar   zeros     fwd  nnz=519     A[d=0] rhs[d=0] maxAbs=0          scaleA=3316      scaleR=4975     
  PASS cartesian3d 6    dirichlet cp=field    zeros     rev  nnz=520     A[d=0] rhs[d=0] maxAbs=0          scaleA=3765      scaleR=3959     
  PASS cartesian3d 6    mixed     cp=field    zeros     fwd  nnz=519     A[d=0] rhs[d=0] maxAbs=0          scaleA=3503      scaleR=4649     
  PASS cartesian3d 6    dirichlet cp=scalar   swirl     fwd  nnz=756     A[d=0] rhs[d=0] maxAbs=0          scaleA=26.06     scaleR=29.08    
  PASS cartesian3d 6    dirichlet cp=field    swirl     rev  nnz=756     A[d=0] rhs[d=0] maxAbs=0          scaleA=29.06     scaleR=44.13    
  PASS cartesian3d 6    mixed     cp=field    swirl     fwd  nnz=756     A[d=0] rhs[d=0] maxAbs=0          scaleA=29.59     scaleR=24.69    
  PASS cartesian3d 6    dirichlet cp=scalar   positive  fwd  nnz=756     A[d=0] rhs[d=0] maxAbs=0          scaleA=4221      scaleR=0        
  PASS cartesian3d 6    dirichlet cp=field    positive  rev  nnz=755     A[d=0] rhs[d=0] maxAbs=0          scaleA=2397      scaleR=5993     
  PASS cartesian3d 6    mixed     cp=field    positive  fwd  nnz=756     A[d=0] rhs[d=0] maxAbs=0          scaleA=3616      scaleR=0        
  PASS cartesian3d 6    dirichlet cp=scalar   negative  fwd  nnz=755     A[d=0] rhs[d=0] maxAbs=0          scaleA=2110      scaleR=5276     
  PASS cartesian3d 6    dirichlet cp=field    negative  rev  nnz=756     A[d=0] rhs[d=0] maxAbs=0          scaleA=3616      scaleR=0        
  PASS cartesian3d 6    mixed     cp=field    negative  fwd  nnz=755     A[d=0] rhs[d=0] maxAbs=0          scaleA=2397      scaleR=5436     
  PASS cartesian3d 6    dirichlet cp=scalar   mixed     fwd  nnz=756     A[d=0] rhs[d=0] maxAbs=0          scaleA=6030      scaleR=4824     
  PASS cartesian3d 6    dirichlet cp=field    mixed     rev  nnz=756     A[d=0] rhs[d=0] maxAbs=0          scaleA=4298      scaleR=1.113e+04
  PASS cartesian3d 6    mixed     cp=field    mixed     fwd  nnz=756     A[d=0] rhs[d=0] maxAbs=0          scaleA=6649      scaleR=4262     
  PASS cartesian3d 6    dirichlet cp=scalar   zeros     fwd  nnz=519     A[d=0] rhs[d=0] maxAbs=0          scaleA=3316      scaleR=4975     
  PASS cartesian3d 6    dirichlet cp=field    zeros     rev  nnz=520     A[d=0] rhs[d=0] maxAbs=0          scaleA=3765      scaleR=3959     
  PASS cartesian3d 6    mixed     cp=field    zeros     fwd  nnz=519     A[d=0] rhs[d=0] maxAbs=0          scaleA=3503      scaleR=4982     
  PASS cartesian3d 6    dirichlet cp=scalar   swirl     fwd  nnz=756     A[d=0] rhs[d=0] maxAbs=0          scaleA=26.06     scaleR=29.08    
  PASS cartesian3d 6    dirichlet cp=field    swirl     rev  nnz=756     A[d=0] rhs[d=0] maxAbs=0          scaleA=29.06     scaleR=44.13    
  PASS cartesian3d 6    mixed     cp=field    swirl     fwd  nnz=756     A[d=0] rhs[d=0] maxAbs=0          scaleA=29.59     scaleR=26.59    
  PASS cartesian3d 6    dirichlet cp=scalar   positive  fwd  nnz=756     A[d=0] rhs[d=0] maxAbs=0          scaleA=4221      scaleR=0        
  PASS cartesian3d 6    dirichlet cp=field    positive  rev  nnz=755     A[d=0] rhs[d=0] maxAbs=0          scaleA=2397      scaleR=5993     
  PASS cartesian3d 6    mixed     cp=field    positive  fwd  nnz=756     A[d=0] rhs[d=0] maxAbs=0          scaleA=3616      scaleR=0        
  PASS cartesian3d 6    dirichlet cp=scalar   negative  fwd  nnz=755     A[d=0] rhs[d=0] maxAbs=0          scaleA=2110      scaleR=5276     
  PASS cartesian3d 6    dirichlet cp=field    negative  rev  nnz=756     A[d=0] rhs[d=0] maxAbs=0          scaleA=3616      scaleR=0        
  PASS cartesian3d 6    mixed     cp=field    negative  fwd  nnz=755     A[d=0] rhs[d=0] maxAbs=0          scaleA=2397      scaleR=3810     
  PASS cartesian3d 6    dirichlet cp=scalar   mixed     fwd  nnz=756     A[d=0] rhs[d=0] maxAbs=0          scaleA=6030      scaleR=4824     
  PASS cartesian3d 6    dirichlet cp=field    mixed     rev  nnz=756     A[d=0] rhs[d=0] maxAbs=0          scaleA=4298      scaleR=1.113e+04
  PASS cartesian3d 6    mixed     cp=field    mixed     fwd  nnz=756     A[d=0] rhs[d=0] maxAbs=0          scaleA=6649      scaleR=3966     
  PASS cartesian3d 6    dirichlet cp=scalar   zeros     fwd  nnz=519     A[d=0] rhs[d=0] maxAbs=0          scaleA=3316      scaleR=4975     
  PASS cartesian3d 6    dirichlet cp=field    zeros     rev  nnz=520     A[d=0] rhs[d=0] maxAbs=0          scaleA=3765      scaleR=3959     
  PASS cartesian3d 6    mixed     cp=field    zeros     fwd  nnz=519     A[d=0] rhs[d=0] maxAbs=0          scaleA=3503      scaleR=4649     
  PASS cartesian3d 6    dirichlet cp=scalar   swirl     fwd  nnz=756     A[d=0] rhs[d=0] maxAbs=0          scaleA=26.06     scaleR=29.08    
  PASS cartesian3d 6    dirichlet cp=field    swirl     rev  nnz=756     A[d=0] rhs[d=0] maxAbs=0          scaleA=29.06     scaleR=44.13    
  PASS cartesian3d 6    mixed     cp=field    swirl     fwd  nnz=756     A[d=0] rhs[d=0] maxAbs=0          scaleA=29.59     scaleR=24.69    
       [warped 3d 5 cells=125 farUpstream(ownerUpwind=297, neighbourUpwind=294) resident=171224 B]
  PASS warped 3d 5      dirichlet cp=scalar   positive  fwd  nnz=425     A[d=0] rhs[d=0] maxAbs=0          scaleA=4221      scaleR=0        
  PASS warped 3d 5      dirichlet cp=field    positive  rev  nnz=424     A[d=0] rhs[d=0] maxAbs=0          scaleA=2382      scaleR=5955     
  PASS warped 3d 5      mixed     cp=field    positive  fwd  nnz=425     A[d=0] rhs[d=0] maxAbs=0          scaleA=3606      scaleR=0        
  PASS warped 3d 5      dirichlet cp=scalar   negative  fwd  nnz=424     A[d=0] rhs[d=0] maxAbs=0          scaleA=2110      scaleR=5276     
  PASS warped 3d 5      dirichlet cp=field    negative  rev  nnz=425     A[d=0] rhs[d=0] maxAbs=0          scaleA=3606      scaleR=0        
  PASS warped 3d 5      mixed     cp=field    negative  fwd  nnz=424     A[d=0] rhs[d=0] maxAbs=0          scaleA=2382      scaleR=7729     
  PASS warped 3d 5      dirichlet cp=scalar   mixed     fwd  nnz=421     A[d=0] rhs[d=0] maxAbs=0          scaleA=5528      scaleR=4824     
  PASS warped 3d 5      dirichlet cp=field    mixed     rev  nnz=423     A[d=0] rhs[d=0] maxAbs=0          scaleA=5016      scaleR=1.106e+04
  PASS warped 3d 5      mixed     cp=field    mixed     fwd  nnz=421     A[d=0] rhs[d=0] maxAbs=0          scaleA=6239      scaleR=5615     
  PASS warped 3d 5      dirichlet cp=scalar   zeros     fwd  nnz=282     A[d=0] rhs[d=0] maxAbs=0          scaleA=4522      scaleR=6784     
  PASS warped 3d 5      dirichlet cp=field    zeros     rev  nnz=262     A[d=0] rhs[d=0] maxAbs=0          scaleA=5104      scaleR=3905     
  PASS warped 3d 5      mixed     cp=field    zeros     fwd  nnz=282     A[d=0] rhs[d=0] maxAbs=0          scaleA=4882      scaleR=9938     
  PASS warped 3d 5      dirichlet cp=scalar   swirl     fwd  nnz=425     A[d=0] rhs[d=0] maxAbs=0          scaleA=37.01     scaleR=40.2     
  PASS warped 3d 5      dirichlet cp=field    swirl     rev  nnz=425     A[d=0] rhs[d=0] maxAbs=0          scaleA=39.63     scaleR=61.25    
  PASS warped 3d 5      mixed     cp=field    swirl     fwd  nnz=425     A[d=0] rhs[d=0] maxAbs=0          scaleA=40.53     scaleR=59.25    
  PASS warped 3d 5      dirichlet cp=scalar   positive  fwd  nnz=425     A[d=0] rhs[d=0] maxAbs=0          scaleA=4221      scaleR=0        
  PASS warped 3d 5      dirichlet cp=field    positive  rev  nnz=424     A[d=0] rhs[d=0] maxAbs=0          scaleA=2382      scaleR=5955     
  PASS warped 3d 5      mixed     cp=field    positive  fwd  nnz=425     A[d=0] rhs[d=0] maxAbs=0          scaleA=3606      scaleR=0        
  PASS warped 3d 5      dirichlet cp=scalar   negative  fwd  nnz=424     A[d=0] rhs[d=0] maxAbs=0          scaleA=2110      scaleR=5276     
  PASS warped 3d 5      dirichlet cp=field    negative  rev  nnz=425     A[d=0] rhs[d=0] maxAbs=0          scaleA=3606      scaleR=0        
  PASS warped 3d 5      mixed     cp=field    negative  fwd  nnz=424     A[d=0] rhs[d=0] maxAbs=0          scaleA=2382      scaleR=5680     
  PASS warped 3d 5      dirichlet cp=scalar   mixed     fwd  nnz=421     A[d=0] rhs[d=0] maxAbs=0          scaleA=5528      scaleR=4824     
  PASS warped 3d 5      dirichlet cp=field    mixed     rev  nnz=423     A[d=0] rhs[d=0] maxAbs=0          scaleA=5016      scaleR=1.106e+04
  PASS warped 3d 5      mixed     cp=field    mixed     fwd  nnz=421     A[d=0] rhs[d=0] maxAbs=0          scaleA=6239      scaleR=4121     
  PASS warped 3d 5      dirichlet cp=scalar   zeros     fwd  nnz=282     A[d=0] rhs[d=0] maxAbs=0          scaleA=4522      scaleR=6784     
  PASS warped 3d 5      dirichlet cp=field    zeros     rev  nnz=262     A[d=0] rhs[d=0] maxAbs=0          scaleA=5104      scaleR=3905     
  PASS warped 3d 5      mixed     cp=field    zeros     fwd  nnz=282     A[d=0] rhs[d=0] maxAbs=0          scaleA=4882      scaleR=4964     
  PASS warped 3d 5      dirichlet cp=scalar   swirl     fwd  nnz=425     A[d=0] rhs[d=0] maxAbs=0          scaleA=37.01     scaleR=40.2     
  PASS warped 3d 5      dirichlet cp=field    swirl     rev  nnz=425     A[d=0] rhs[d=0] maxAbs=0          scaleA=39.63     scaleR=61.25    
  PASS warped 3d 5      mixed     cp=field    swirl     fwd  nnz=425     A[d=0] rhs[d=0] maxAbs=0          scaleA=40.53     scaleR=33.99    
  PASS warped 3d 5      dirichlet cp=scalar   positive  fwd  nnz=425     A[d=0] rhs[d=0] maxAbs=0          scaleA=4221      scaleR=0        
  PASS warped 3d 5      dirichlet cp=field    positive  rev  nnz=424     A[d=0] rhs[d=0] maxAbs=0          scaleA=2382      scaleR=5955     
  PASS warped 3d 5      mixed     cp=field    positive  fwd  nnz=425     A[d=0] rhs[d=0] maxAbs=0          scaleA=3606      scaleR=0        
  PASS warped 3d 5      dirichlet cp=scalar   negative  fwd  nnz=424     A[d=0] rhs[d=0] maxAbs=0          scaleA=2110      scaleR=5276     
  PASS warped 3d 5      dirichlet cp=field    negative  rev  nnz=425     A[d=0] rhs[d=0] maxAbs=0          scaleA=3606      scaleR=0        
  PASS warped 3d 5      mixed     cp=field    negative  fwd  nnz=424     A[d=0] rhs[d=0] maxAbs=0          scaleA=2382      scaleR=5410     
  PASS warped 3d 5      dirichlet cp=scalar   mixed     fwd  nnz=421     A[d=0] rhs[d=0] maxAbs=0          scaleA=5528      scaleR=4824     
  PASS warped 3d 5      dirichlet cp=field    mixed     rev  nnz=423     A[d=0] rhs[d=0] maxAbs=0          scaleA=5016      scaleR=1.106e+04
  PASS warped 3d 5      mixed     cp=field    mixed     fwd  nnz=421     A[d=0] rhs[d=0] maxAbs=0          scaleA=6239      scaleR=4121     
  PASS warped 3d 5      dirichlet cp=scalar   zeros     fwd  nnz=282     A[d=0] rhs[d=0] maxAbs=0          scaleA=4522      scaleR=6784     
  PASS warped 3d 5      dirichlet cp=field    zeros     rev  nnz=262     A[d=0] rhs[d=0] maxAbs=0          scaleA=5104      scaleR=3905     
  PASS warped 3d 5      mixed     cp=field    zeros     fwd  nnz=282     A[d=0] rhs[d=0] maxAbs=0          scaleA=4882      scaleR=6110     
  PASS warped 3d 5      dirichlet cp=scalar   swirl     fwd  nnz=425     A[d=0] rhs[d=0] maxAbs=0          scaleA=37.01     scaleR=40.2     
  PASS warped 3d 5      dirichlet cp=field    swirl     rev  nnz=425     A[d=0] rhs[d=0] maxAbs=0          scaleA=39.63     scaleR=61.25    
  PASS warped 3d 5      mixed     cp=field    swirl     fwd  nnz=425     A[d=0] rhs[d=0] maxAbs=0          scaleA=40.53     scaleR=36.57    
  PASS warped 3d 5      dirichlet cp=scalar   positive  fwd  nnz=425     A[d=0] rhs[d=0] maxAbs=0          scaleA=4221      scaleR=0        
  PASS warped 3d 5      dirichlet cp=field    positive  rev  nnz=424     A[d=0] rhs[d=0] maxAbs=0          scaleA=2382      scaleR=5955     
  PASS warped 3d 5      mixed     cp=field    positive  fwd  nnz=425     A[d=0] rhs[d=0] maxAbs=0          scaleA=3606      scaleR=0        
  PASS warped 3d 5      dirichlet cp=scalar   negative  fwd  nnz=424     A[d=0] rhs[d=0] maxAbs=0          scaleA=2110      scaleR=5276     
  PASS warped 3d 5      dirichlet cp=field    negative  rev  nnz=425     A[d=0] rhs[d=0] maxAbs=0          scaleA=3606      scaleR=0        
  PASS warped 3d 5      mixed     cp=field    negative  fwd  nnz=424     A[d=0] rhs[d=0] maxAbs=0          scaleA=2382      scaleR=3832     
  PASS warped 3d 5      dirichlet cp=scalar   mixed     fwd  nnz=421     A[d=0] rhs[d=0] maxAbs=0          scaleA=5528      scaleR=4824     
  PASS warped 3d 5      dirichlet cp=field    mixed     rev  nnz=423     A[d=0] rhs[d=0] maxAbs=0          scaleA=5016      scaleR=1.106e+04
  PASS warped 3d 5      mixed     cp=field    mixed     fwd  nnz=421     A[d=0] rhs[d=0] maxAbs=0          scaleA=6239      scaleR=4121     
  PASS warped 3d 5      dirichlet cp=scalar   zeros     fwd  nnz=282     A[d=0] rhs[d=0] maxAbs=0          scaleA=4522      scaleR=6784     
  PASS warped 3d 5      dirichlet cp=field    zeros     rev  nnz=262     A[d=0] rhs[d=0] maxAbs=0          scaleA=5104      scaleR=3905     
  PASS warped 3d 5      mixed     cp=field    zeros     fwd  nnz=282     A[d=0] rhs[d=0] maxAbs=0          scaleA=4882      scaleR=4413     
  PASS warped 3d 5      dirichlet cp=scalar   swirl     fwd  nnz=425     A[d=0] rhs[d=0] maxAbs=0          scaleA=37.01     scaleR=40.2     
  PASS warped 3d 5      dirichlet cp=field    swirl     rev  nnz=425     A[d=0] rhs[d=0] maxAbs=0          scaleA=39.63     scaleR=61.25    
  PASS warped 3d 5      mixed     cp=field    swirl     fwd  nnz=425     A[d=0] rhs[d=0] maxAbs=0          scaleA=40.53     scaleR=33.99    

=== non-vacuity control ===
  PASS identical bits compare equal; a one-ULP perturbation does not (abs=1.78e-15)

=== coverage ===
  scheme upwind         280 operator cases
  scheme central        280 operator cases
  scheme linear_upwind  280 operator cases
  scheme quick          420 operator cases
  reversed-flux pairs                560
  reversal actually changed result   560
  zero/negative-zero flux cases      112
  assembly pattern mismatches        0

cases=1684 failures=945
CONVECTION EQUIVALENCE: FAIL
