# FORMAT-001 2026-09-17T11:55:55Z git HEAD b66310ca871811c4c7671056beec291a451af55c
# clang-format: Ubuntu clang-format version 18.1.8 (++20240731024944+3b5b5c1ec4a3-1~exp1~20240731145000.144)
# files needing formatting: 18
# libcfdcore.a before: 143a1dda0680bc1d481a0360095ca7c643ffc9e2a2dc53bbd1d55d5a8202132a
src/discretization/NonOrthogonalDiffusion.cpp  full 20a02b16499fa7b0aca07667baae638714e1a176ed6eba33b414a194cf701e1c -> 48588d2927c7ddd8d580e9c62bfa81bec0f5610283d52746ebad50392d3e2564  non-whitespace 0bedc2b9ee8607fa72792b82fa3b9bbb2cceaf4bae949989416a44ab26cf18be -> 0bedc2b9ee8607fa72792b82fa3b9bbb2cceaf4bae949989416a44ab26cf18be  SAME
src/mesh/Mesh.cpp  full 69de1f97ce3b88d0a5627cf45d99d099a12eb739a036d87a6309ec86ac42fcfa -> 590394090fd9b2ef00e374cd41a024cd7cd45d247ab578ca65497df6a0d3876c  non-whitespace 0fb0dd852595befa510929be09c261c72b98c24f48732aece57bafb233a5eb2a -> 0fb0dd852595befa510929be09c261c72b98c24f48732aece57bafb233a5eb2a  SAME
src/mesh/MeshGeometry.cpp  full 04c964c24d6098dbe20def251fa0eba611a1725f17d9e352acf38631e67645b0 -> a2bfb9f53649479f290ba3210e0c15058a015cd9cda08d06450918245a1109e8  non-whitespace c001dfdab20ef285f75a91869f357c24ddbe22c56e60386a1d9a4b54641c359e -> c001dfdab20ef285f75a91869f357c24ddbe22c56e60386a1d9a4b54641c359e  SAME
src/mesh/MeshMotion.cpp  full f5347fa10fa7e7e4a47c01fbd54641525c8bace4e2084c97e7e614f0efdcf70b -> f3f773b532d2cda73d1c0a14d7429406b1a5ff2f232d5d284579c1a55282164c  non-whitespace a9d6475e7c99727cc6322e92c75f6d85bb5cc557cbe73eeea161019ec61632c0 -> a9d6475e7c99727cc6322e92c75f6d85bb5cc557cbe73eeea161019ec61632c0  SAME
src/pressure_velocity/AlePISO.cpp  full 248b0d8ea18f296db4b12b8087b2c57058085b706fa3047f1711cf0fc50e2269 -> d7ef280305a7f7a31bbe851973a66671511c36db7fa375446a8486b69ef6b105  non-whitespace 8391c3970eeebd3f9a2c71a87da2f70938a9deed389eb1fa12dbe624e9ee3983 -> 8391c3970eeebd3f9a2c71a87da2f70938a9deed389eb1fa12dbe624e9ee3983  SAME
src/pressure_velocity/PISO.cpp  full b060dfa9879ad69a9171cdfffedbd996501320bab7265d1b3b0b46f491fa0dbc -> 90ce12807c668f117646dfa5d633c5dbd9b4295b0c252b9c0cfda7939102ee40  non-whitespace 5a3abf049d7bef32ebebaf25833d84a228a2d238c15eae98e31ee77cc4152d52 -> 5a3abf049d7bef32ebebaf25833d84a228a2d238c15eae98e31ee77cc4152d52  SAME
tests/integration/case/test_multiblock_production_case.cpp  full b2b87bb7a477e3e657bf1bc8f7c19bbb08c5a3519ebd403cf55051518479dfc7 -> 7176b3de3256ecba83ea4cfd30e8f886d7d3fa074e807a472a6a05d04985d03f  non-whitespace 692098f9159347ece5b094d49279f8c7facf7e725aa4d6aca3f6973a7aa3f2f8 -> 692098f9159347ece5b094d49279f8c7facf7e725aa4d6aca3f6973a7aa3f2f8  SAME
tests/integration/case/test_structured_quad_production_case.cpp  full 7acf926d41ce8cb1f8f4c8b4ef4c739ffaf73de4efac2fb9c190610c88cc3118 -> 41a4d5060c65a1f0bd23816f09d4703306457dbaa91ead95737cf267f5c7500e  non-whitespace f308fbcaaefe3eddc12384361550c138d59401342386fe9c023dedefdac73a51 -> f308fbcaaefe3eddc12384361550c138d59401342386fe9c023dedefdac73a51  SAME
tests/integration/compressible/test_low_mach_regression.cpp  full e69d3a62a0db1697e380ce6cf3e584f7a7decfba665ef4668d15187403b1dc13 -> 593165a1a2fff9ccbad8b3675ccbdff093bcf22c82b5daad90462fe228949acc  non-whitespace 2d3566652e393da47b358825f525df4a0d691130b2935d569d861bb1626a328f -> 6e1a6dda60efb3e48424d95256eec1cde0049c2c94fb7dd4de17d7d7b2fcd724  DIFFERENT
tests/integration/poiseuille/PoiseuilleValidationUtils.cpp  full 17af0d8a10751f8510dfe7db84590d978a77ee16ed35324dfc766493d56946dc -> 5a1e419783aa58bf45ff2a659b1e9274e4d2cfc8e72e484318cceb813cd26589  non-whitespace 02815ce7701600261c625bc28ebf5bc04974516d9e360ac64bce202dd03c7556 -> 02815ce7701600261c625bc28ebf5bc04974516d9e360ac64bce202dd03c7556  SAME
tests/integration/poiseuille/test_poiseuille_production_validation.cpp  full 53025402b56c2bd2246cd06f4bc955d8bf29aec13f8d2646f793af4994abd990 -> 59bd39da422d849030da28e113919ab1b6477a49468157edec1fbf03dcbe4298  non-whitespace 4eb2c13f0dc3a6771c9dc8f4f61edcb3c74d9c610026e54249f2e2541a568eb2 -> 4eb2c13f0dc3a6771c9dc8f4f61edcb3c74d9c610026e54249f2e2541a568eb2  SAME
tests/integration/thermal/test_natural_convection_validation.cpp  full 4a7f28a9dd8f7dcfeac74b48383070b3fbf021fe910fdcb4c7b838685a817fd1 -> 35a17e5d9d88a055124a21fc7ddcf1c947c1fea12224a12cbe51cd0b5ddada49  non-whitespace 394a15fe4c93fbc8a780afe70f92b80a6704c37a31a2319d63b800bb6e36c755 -> 394a15fe4c93fbc8a780afe70f92b80a6704c37a31a2319d63b800bb6e36c755  SAME
tests/solver/piso/test_ale_piso.cpp  full 6e303000fea74d0519c36af34775650ea9a2d37c179427526f404cc19892c1dc -> b198d38cc8773c47d46d9df7f3e913bfe8a1233340b89ad675de3436d2d4dd05  non-whitespace a98d0b85ccfff55578094d50311ca937dad242ecae47e58ec586e5fe757cce9b -> a98d0b85ccfff55578094d50311ca937dad242ecae47e58ec586e5fe757cce9b  SAME
tests/support/BoundaryFluxProbe.hpp  full 93ef1dde83e7af1e8d609afaceb0e63e8f1c993fcab53fb86b54c95cf72ff031 -> 98f9d74e80be5cf26cc65f65bf31f0666f53d5097d59c2e6edaed3584e5fb184  non-whitespace b3cdf6c74121441ebe3d06e132184a95f956a2df863b4250f6532235d72fc84c -> 0ac832b759481fb256663972125f38457bc95a6a540d73d30260aa990c0b9a2b  DIFFERENT
tests/support/MeshMotionCases.hpp  full b8c9ea3d0f1bec8d89bb6e4f14e564c862ac41bb52d1b6ad559b4031155396c2 -> e69318d6fc9414ad2de9d7633d444238e2e4f4078984f027ee2e8f1b7379d1c5  non-whitespace 7deeeef34740fcca72d2dd278f0c6f9c3413976ec1d0d191cc62c4b198715972 -> 7deeeef34740fcca72d2dd278f0c6f9c3413976ec1d0d191cc62c4b198715972  SAME
tests/unit/discretization/test_ale_operators.cpp  full 04d2916634ef5525312c167e91ffb9fe6d3953e419638ba5f12f09ac1a7d33da -> df2e96266f2c34c54977c59cdd6920c037be84667864a42c0000148d113c98f9  non-whitespace 8536689b744a1a2c91d30d501632274845ff741ec10f839b9939cae537bb88a6 -> 8536689b744a1a2c91d30d501632274845ff741ec10f839b9939cae537bb88a6  SAME
tests/unit/mesh/test_mesh_motion.cpp  full b7b121fbdb27b337843246ba9f259917b9fc7207c0758d79cdc6f2084e20a66e -> 89489c613083c3a96f5c1f407cb087973310cdf5ae9a233cff10a579a00bd454  non-whitespace b3ea578c85b4578c4e3b17cf238221978f15065dd02ec689b37d658598453839 -> b3ea578c85b4578c4e3b17cf238221978f15065dd02ec689b37d658598453839  SAME
tests/unit/thermal/test_thermal_boundary_consistency.cpp  full 32dedf7a1f77f51f6e210f5c74b202174a8106dc74c9bf92d3c367c5db69ad3a -> a0397731b59248c0df0fb045cf22000cb20c6f7aa023280a58fd61a4b6e06c88  non-whitespace a38becb1271562b7e2c12c74625ce18d86c712ddb75ec41859903bd54306b455 -> 90778be69e93b1e7b3c843b2f8ee40675900d3cfa08fba2117e98fd4dea0eef3  DIFFERENT
# non-whitespace streams: ALL IDENTICAL
# remaining violations: 0
# rebuilding libcfdcore (Release)
# libcfdcore.a after:  143a1dda0680bc1d481a0360095ca7c643ffc9e2a2dc53bbd1d55d5a8202132a  -> BIT-IDENTICAL to the frozen library
# src/ + include/ tree after: 42c3d9df70e83705d5052bbb880ab6239ce8fb3054e7831b7a68daf4c46c1aa6
