# G5 investigation: python3 tools/analysis.py data/cfdapp_comparison.json data/analysis.json data/analysis.md
# date 2026-09-15T12:17:14Z; python 3.10.12 numpy 1.24.3 scipy 1.11.3 mpmath 1.3.0

### CFDApp vs analytical, discrete vs analytical, CFDApp vs discrete (measurement plane x = 4a - h/2)

| n | source | L∞ (point) | RMS = L2 (point) | L1 (point) | u_max err | dp/dx (G) err | mean u (plane) | mass flow in / out |
| --- | --- | --- | --- | --- | --- | --- | --- | --- |
| 8 | CFDApp | 8.49967e-02 | 4.19098e-02 | 3.56883e-02 | 6.69071e-02 | 5.55121e-02 | 1.0000000001 | 1.000000000000 / 1.000000000002 |
| 8 | discrete | 8.49967e-02 | 4.19098e-02 | 3.56882e-02 | 6.69071e-02 | 5.55134e-02 | 1.0000000000 | 1 (imposed) |
| 8 | CFDApp − discrete | max\|Δu\| 3.55e-08 (downstream plane 2.04e-08; planes x∈[3,4.5] 2.31e-06) | | | Δu_max 1.70e-08 | ΔG 1.39e-06 | | |
| 12 | CFDApp | 4.04838e-02 | 1.99068e-02 | 1.67542e-02 | 3.10654e-02 | 2.57817e-02 | 1.0000000000 | 1.000000000000 / 1.000000000004 |
| 12 | discrete | 4.04838e-02 | 1.99068e-02 | 1.67542e-02 | 3.10654e-02 | 2.57832e-02 | 1.0000000000 | 1 (imposed) |
| 12 | CFDApp − discrete | max\|Δu\| 5.92e-08 (downstream plane 4.29e-08; planes x∈[3,4.5] 3.10e-06) | | | Δu_max 2.82e-08 | ΔG 1.49e-06 | | |
| 16 | CFDApp | 2.33567e-02 | 1.14830e-02 | 9.53078e-03 | 1.77605e-02 | 1.47420e-02 | 1.0000000000 | 1.000000000000 / 1.000000000003 |
| 16 | discrete | 2.33566e-02 | 1.14830e-02 | 9.53077e-03 | 1.77605e-02 | 1.47435e-02 | 1.0000000000 | 1 (imposed) |
| 16 | CFDApp − discrete | max\|Δu\| 6.38e-08 (downstream plane 5.11e-08; planes x∈[3,4.5] 3.39e-06) | | | Δu_max 3.04e-08 | ΔG 1.54e-06 | | |
| 24 | CFDApp | 1.05773e-02 | 5.20207e-03 | 4.35890e-03 | 7.98965e-03 | 6.63232e-03 | 1.0000000000 | 1.000000000000 / 1.000000000004 |
| 24 | discrete | 1.05772e-02 | 5.20205e-03 | 4.35890e-03 | 7.98962e-03 | 6.63384e-03 | 1.0000000000 | 1 (imposed) |
| 24 | CFDApp − discrete | max\|Δu\| 7.08e-08 (downstream plane 6.27e-08; planes x∈[3,4.5] 3.55e-06) | | | Δu_max 3.38e-08 | ΔG 1.53e-06 | | |
| 32 | CFDApp | 5.99034e-03 | 2.94702e-03 | 2.47456e-03 | 4.51400e-03 | 3.74685e-03 | 1.0000000000 | 1.000000000000 / 0.999999999988 |
| 32 | discrete | 5.99026e-03 | 2.94700e-03 | 2.47455e-03 | 4.51397e-03 | 3.74835e-03 | 1.0000000000 | 1 (imposed) |
| 32 | CFDApp − discrete | max\|Δu\| 8.08e-08 (downstream plane 7.51e-08; planes x∈[3,4.5] 3.58e-06) | | | Δu_max 3.85e-08 | ΔG 1.51e-06 | | |
| 48 | discrete | 2.67568e-03 | 1.31679e-03 | 1.10409e-03 | 2.01272e-03 | 1.67149e-03 | 1.0000000000 | 1 (imposed) |
| 64 | discrete | 1.50778e-03 | 7.42151e-04 | 6.22815e-04 | 1.13348e-03 | 9.41347e-04 | 1.0000000000 | 1 (imposed) |
| 96 | discrete | 6.71013e-04 | 3.30330e-04 | 2.77191e-04 | 5.04200e-04 | 4.18749e-04 | 1.0000000000 | 1 (imposed) |
| 128 | discrete | 3.77624e-04 | 1.85911e-04 | 1.56002e-04 | 2.83700e-04 | 2.35622e-04 | 1.0000000000 | 1 (imposed) |
| 192 | discrete | 1.67892e-04 | 8.26604e-05 | 6.93614e-05 | 1.26117e-04 | 1.04746e-04 | 1.0000000000 | 1 (imposed) |
| 256 | discrete | 9.44509e-05 | 4.65033e-05 | 3.90213e-05 | 7.09468e-05 | 5.89244e-05 | 1.0000000000 | 1 (imposed) |

### Observed order p = ln(E_coarse/E_fine) / ln(n_fine/n_coarse)

| discrete | 8→12 | 12→16 | 16→24 | 24→32 | 32→48 | 48→64 | 64→96 | 96→128 | 128→192 | 192→256 |
| --- | --- | --- | --- | --- | --- | --- | --- | --- | --- | --- |
| Linf point | 1.829 | 1.912 | 1.954 | 1.976 | 1.988 | 1.994 | 1.997 | 1.998 | 1.999 | 2.000 |
| RMS point | 1.836 | 1.913 | 1.953 | 1.975 | 1.987 | 1.993 | 1.996 | 1.998 | 1.999 | 1.999 |
| L1 point | 1.865 | 1.961 | 1.929 | 1.968 | 1.990 | 1.990 | 1.997 | 1.998 | 1.999 | 2.000 |
| Linf average | 1.784 | 1.890 | 1.943 | 1.971 | 1.985 | 1.992 | 1.996 | 1.998 | 1.999 | 1.999 |
| RMS average | 1.799 | 1.895 | 1.944 | 1.971 | 1.984 | 1.992 | 1.996 | 1.998 | 1.999 | 1.999 |
| G error | 1.891 | 1.943 | 1.970 | 1.984 | 1.992 | 1.996 | 1.998 | 1.999 | 1.999 | 2.000 |
| u_max error | 1.892 | 1.944 | 1.970 | 1.985 | 1.992 | 1.996 | 1.998 | 1.999 | 1.999 | 2.000 |

| CFDApp | 8→12 | 12→16 | 16→24 | 24→32 |
| --- | --- | --- | --- | --- |
| Linf point | 1.829 | 1.912 | 1.954 | 1.976 |
| RMS point | 1.836 | 1.913 | 1.953 | 1.975 |
| L1 point | 1.865 | 1.961 | 1.929 | 1.968 |
| Linf average | 1.784 | 1.890 | 1.943 | 1.971 |
| RMS average | 1.799 | 1.895 | 1.944 | 1.971 |
| G error | 1.891 | 1.943 | 1.970 | 1.985 |
| u_max error | 1.892 | 1.944 | 1.970 | 1.985 |

### Richardson / GCI (Celik et al. 2008; F_s = 1.25)

| study | quantity | p | φ_ext | true err of φ_ext | fine-grid true err | GCI_fine | GCI_coarse | asymptotic indicator | exact inside GCI_fine |
| --- | --- | --- | --- | --- | --- | --- | --- | --- | --- |
| CFDApp 8/16/24 (gate grids) | G | 1.881 | 2.84672189 | 4.59e-04 | 6.632e-03 | 8.924e-03 | 1.929e-02 | 1.0082 | yes |
| CFDApp 8/16/24 (gate grids) | u_axis | 1.881 | 2.09740640 | 5.49e-04 | 7.990e-03 | 1.076e-02 | 2.330e-02 | 1.0099 | yes |
| CFDApp 8/16/32 | G | 1.891 | 2.84630713 | 3.13e-04 | 3.747e-03 | 5.094e-03 | 1.910e-02 | 1.0112 | yes |
| CFDApp 8/16/32 | u_axis | 1.891 | 2.09703939 | 3.74e-04 | 4.514e-03 | 6.137e-03 | 2.308e-02 | 1.0135 | yes |
| CFDApp 16/24/32 | G | 1.954 | 2.84563515 | 7.72e-05 | 3.747e-03 | 4.798e-03 | 8.443e-03 | 1.0029 | yes |
| CFDApp 16/24/32 | u_axis | 1.955 | 2.09644492 | 9.01e-05 | 4.514e-03 | 5.781e-03 | 1.018e-02 | 1.0035 | yes |
| discrete 8/16/24 | G | 1.880 | 2.84671770 | 4.58e-04 | 6.634e-03 | 8.924e-03 | 1.929e-02 | 1.0082 | yes |
| discrete 8/16/24 | u_axis | 1.881 | 2.09740648 | 5.49e-04 | 7.990e-03 | 1.076e-02 | 2.330e-02 | 1.0099 | yes |
| discrete 16/32/64 | G | 1.970 | 2.84547493 | 2.09e-05 | 9.413e-04 | 1.204e-03 | 4.729e-03 | 1.0028 | yes |
| discrete 16/32/64 | u_axis | 1.970 | 2.09630803 | 2.48e-05 | 1.133e-03 | 1.450e-03 | 5.699e-03 | 1.0034 | yes |
| discrete 32/64/128 | G | 1.992 | 2.84541936 | 1.40e-06 | 2.356e-04 | 2.963e-04 | 1.180e-03 | 1.0007 | yes |
| discrete 32/64/128 | u_axis | 1.992 | 2.09625946 | 1.64e-06 | 2.837e-04 | 3.568e-04 | 1.421e-03 | 1.0009 | yes |
| discrete 64/128/256 | G | 1.998 | 2.84541564 | 9.32e-08 | 5.892e-05 | 7.378e-05 | 2.947e-04 | 1.0002 | yes |
| discrete 64/128/256 | u_axis | 1.998 | 2.09625624 | 1.08e-07 | 7.095e-05 | 8.883e-05 | 3.549e-04 | 1.0002 | yes |

### Resolution required for the original limits (exact discrete errors, every n from 8 to 48)

| limit | metric | smallest n | smallest even n (the gate's u_max needs even n) | value there |
| --- | --- | --- | --- | --- |
| linf_020 | point | 18 | 18 | 1.85843e-02 |
| linf_010 | point | 25 | 26 | 9.03312e-03 |
| rms_005 | point | 25 | 26 | 4.44302e-03 |
| linf_020 | average | 16 | 16 | 1.87267e-02 |
| linf_010 | average | 23 | 24 | 8.51919e-03 |
| rms_005 | average | 24 | 24 | 4.77725e-03 |

Asymptotic power-law fit E = C h^p (discrete, point metric, n = 64…256): L∞: p = 1.9984, C = 6.1381, n(L∞ ≤ 0.020) = 17.56, n(L∞ ≤ 0.010) = 24.84; RMS: p = 1.9982, C = 3.0189, n(RMS ≤ 0.005) = 24.64.

### Grid location: discrete solution vs analytical point value vs analytical cell average

| n | L∞ point | L∞ average | RMS point | RMS average | mean(u − point) | mean(u − average) | (h²/24)G/μ | L∞ location (cell; cells from wall) | L∞ wall ring (point) | L∞ interior (point) |
| --- | --- | --- | --- | --- | --- | --- | --- | --- | --- | --- |
| 8 | 8.49967e-02 | 6.64930e-02 | 4.19098e-02 | 3.75869e-02 | -1.8477e-02 | -1.9e-16 | 1.8525e-02 | (4,4); 3 | 2.6783e-02 | 8.4997e-02 |
| 12 | 4.04838e-02 | 3.22547e-02 | 1.99068e-02 | 1.81220e-02 | -8.2229e-03 | +1.7e-16 | 8.2333e-03 | (5,5); 5 | 1.4563e-02 | 4.0484e-02 |
| 16 | 2.33566e-02 | 1.87267e-02 | 1.14830e-02 | 1.05067e-02 | -4.6277e-03 | +2.0e-16 | 4.6312e-03 | (8,8); 7 | 9.5177e-03 | 2.3357e-02 |
| 24 | 1.05772e-02 | 8.51919e-03 | 5.20205e-03 | 4.77725e-03 | -2.0576e-03 | +1.1e-16 | 2.0583e-03 | (11,11); 11 | 4.8946e-03 | 1.0577e-02 |
| 32 | 5.99026e-03 | 4.83254e-03 | 2.94700e-03 | 2.70994e-03 | -1.1576e-03 | +8.8e-18 | 1.1578e-03 | (15,15); 15 | 2.9379e-03 | 5.9903e-03 |
| 48 | 2.67568e-03 | 2.16111e-03 | 1.31679e-03 | 1.21206e-03 | -5.1453e-04 | -2.1e-17 | 5.1458e-04 | (24,24); 23 | 1.3868e-03 | 2.6757e-03 |
| 64 | 1.50778e-03 | 1.21834e-03 | 7.42151e-04 | 6.83370e-04 | -2.8943e-04 | -7.7e-17 | 2.8945e-04 | (31,31); 31 | 8.0238e-04 | 1.5078e-03 |
| 96 | 6.71013e-04 | 5.42369e-04 | 3.30330e-04 | 3.04249e-04 | -1.2864e-04 | +3.9e-16 | 1.2864e-04 | (48,48); 47 | 3.6642e-04 | 6.7101e-04 |
| 128 | 3.77624e-04 | 3.05262e-04 | 1.85911e-04 | 1.71249e-04 | -7.2361e-05 | -1.3e-16 | 7.2363e-05 | (63,63); 63 | 2.0886e-04 | 3.7762e-04 |
| 192 | 1.67892e-04 | 1.35730e-04 | 8.26604e-05 | 7.61470e-05 | -3.2161e-05 | +2.5e-16 | 3.2161e-05 | (96,96); 95 | 9.4048e-05 | 1.6789e-04 |
| 256 | 9.44509e-05 | 7.63602e-05 | 4.65033e-05 | 4.28401e-05 | -1.8091e-05 | +1.8e-17 | 1.8091e-05 | (127,127); 127 | 5.3245e-05 | 9.4451e-05 |

### Local truncation error τ of the discrete scheme with the exact solution inserted (per unit volume)

| n | wall ring max | wall cell at mid-edge | second ring max | central half max |
| --- | --- | --- | --- | --- |
| 16 | 9.1586e-01 | 7.1001e-01 | 6.7151e-02 | 9.9832e-03 |
| 32 | 9.1589e-01 | 7.1119e-01 | 6.6875e-02 | 2.6584e-03 |
| 64 | 9.1589e-01 | 7.1133e-01 | 6.6858e-02 | 6.8903e-04 |
| 128 | 9.1590e-01 | 7.1135e-01 | 6.6857e-02 | 1.7561e-04 |
| 256 | 9.1590e-01 | 7.1135e-01 | 6.6857e-02 | 4.4340e-05 |

### Norm cross-check: independent Python norms of the CLI solution vs the gate's C++ numbers

| n | iterations CLI / gate | L∞ Python (truth) | L∞ gate C++ | rel. diff, same reference (D399) | RMS Python (truth) | RMS gate C++ | rel. diff, same reference | dp/dx rel. diff | u_max rel. diff |
| --- | --- | --- | --- | --- | --- | --- | --- | --- | --- |
| 8 | 67 / 67 | 8.49967165e-02 | 8.49967998e-02 | 3.7e-14 | 4.19097947e-02 | 4.19098097e-02 | 1.6e-13 | 1.7e-15 | 0.0e+00 |
| 16 | 183 / 183 | 2.33567039e-02 | 2.33567293e-02 | 1.1e-12 | 1.14830395e-02 | 1.14830553e-02 | 1.5e-12 | 3.3e-15 | 0.0e+00 |
| 24 | 362 / 362 | 1.05773206e-02 | 1.05773173e-02 | 1.2e-12 | 5.20206593e-03 | 5.20210579e-03 | 3.0e-12 | 1.7e-14 | 0.0e+00 |

### Directional symmetry, n16 (independent Python, every cell of the three CLI runs)

| pair | max \|Δ streamwise\|/U | max \|Δ cross 1\|/U | max \|Δ cross 2\|/U | max \|Δp\|/(p_max − p_min) | \|ΔG\|/G |
| --- | --- | --- | --- | --- | --- |
| x vs y | 2.346e-12 | 2.106e-13 | 2.085e-13 | 1.736e-11 | 2.253e-11 |
| x vs z | 3.436e-12 | 1.156e-13 | 1.156e-13 | 2.127e-11 | 6.692e-11 |

| duct | L∞ (point) | RMS (point) | dp/ds error | u_max error | CFDApp − discrete max\|Δu\| |
| --- | --- | --- | --- | --- | --- |
| x | 2.33567039e-02 | 1.14830395e-02 | 1.47420253e-02 | 1.77604922e-02 | 6.38e-08 |
| y | 2.33567039e-02 | 1.14830395e-02 | 1.47420253e-02 | 1.77604922e-02 | 6.38e-08 |
| z | 2.33567039e-02 | 1.14830395e-02 | 1.47420254e-02 | 1.77604922e-02 | 6.38e-08 |

### Implementation-audit experiments (CLI; measurement plane vs the base run)

| variant vs base | iterations | max \|Δu\|/U | max \|Δ cross-flow\|/U | \|ΔG\|/G | L∞ variant / base |
| --- | --- | --- | --- | --- | --- |
| x8relax vs x8 | 142 / 67 | 1.35e-10 | 1.06e-10 | 5.92e-11 | 0.0849967166 / 0.0849967165 |
| x8long vs x8 | 69 / 67 | 8.49e-10 | 7.25e-11 | 1.30e-10 | 0.0849967156 / 0.0849967165 |
| x8linear vs x8 | 20000 / 67 | 2.52e-04 | 4.28e-07 | 4.25e-02 | 0.0848107111 / 0.0849967165 |
| x16tight vs x16 | 228 / 183 | 8.54e-09 | 5.98e-10 | 1.19e-09 | 0.0233566954 / 0.0233567039 |
| x16relax vs x16 | 413 / 183 | 1.18e-10 | 1.13e-10 | 1.00e-10 | 0.0233567040 / 0.0233567039 |

# exit: 0
