# G5 investigation CLI run 'x8linear': n=8 axis=x overrides='face_flux="linear"'
# start 2026-09-15T11:16:25Z; host Linux 6.6.87.2-microsoft-standard-WSL2 x86_64; cfdapp sha256 3ce473967130d8278f2c35efb800dc5c64ce7c019dd15b74b001d7643a51f8a4
# case: /root/m6g5/x8linear (generated by tools/gen_duct_case.py from cases/duct_3d)

CFDApp

Case: Square Duct Re=10 (3D)
Mesh: 48 x 8 x 8 (3D)
Mesh quality: valid
  cells: 3072, cell area: 0.00195312 .. 0.00195312, degenerate cells: 0, invalid faces: 0
  max aspect ratio: 1 (cell 0 at (0.0625, 0.0625))
  max non-orthogonality (deg): 0 (face 1 at (0.125, 0.0625))
  max skewness: 0 (face 1 at (0.125, 0.0625))
  max expansion ratio: 1 (face 1 at (0.125, 0.0625))
Solver: SIMPLE

Converged: no (max iterations reached)
Iterations: 20000

U residual: 3.27461e-07
V residual: 1.19937e-08
W residual: 1.19937e-08
P residual: 8.66723e-06
Continuity: 1.46996e-11
Mass imbalance: 1.60058e-08
NaN/Inf: no

Face flux: linear
Mass balance: inflow 1, outflow 1, relative imbalance 1.60058e-08
Cell continuity: max 6.23268e-11, rms 1.46996e-11, normalized 1.46996e-11

Results:
  JSON:      /root/m6g5/x8linear/results/metadata.json
  Residuals: /root/m6g5/x8linear/results/residuals.csv
  CSV:       /root/m6g5/x8linear/results/fields.csv
  VTK:       /root/m6g5/x8linear/results/solution.vtk
Command exited with non-zero status 3
# elapsed 784.83 s, peak RSS 16168 KB
# exit: 3
# fields.csv sha256 529a922c022ea7565bb961f3024a2fc4aa7fa525522c69132412a047b9c1a237
# end 2026-09-15T11:29:30Z
