# G5 investigation CLI run 'x8relax': n=8 axis=x overrides='velocity_relaxation=0.5 pressure_relaxation=0.2'
# start 2026-09-15T11:16:25Z; host Linux 6.6.87.2-microsoft-standard-WSL2 x86_64; cfdapp sha256 3ce473967130d8278f2c35efb800dc5c64ce7c019dd15b74b001d7643a51f8a4
# case: /root/m6g5/x8relax (generated by tools/gen_duct_case.py from cases/duct_3d)

CFDApp

Case: Square Duct Re=10 (3D)
Mesh: 48 x 8 x 8 (3D)
Mesh quality: valid
  cells: 3072, cell area: 0.00195312 .. 0.00195312, degenerate cells: 0, invalid faces: 0
  max aspect ratio: 1 (cell 0 at (0.0625, 0.0625))
  max non-orthogonality (deg): 0 (face 1 at (0.125, 0.0625))
  max skewness: 0 (face 1 at (0.125, 0.0625))
  max expansion ratio: 1 (face 1 at (0.125, 0.0625))
Solver: SIMPLE

Converged: yes
Iterations: 142

U residual: 9.73776e-10
V residual: 7.98474e-11
W residual: 7.98474e-11
P residual: 1.07886e-11
Continuity: 1.39599e-15
Mass imbalance: 2.47211e-12
NaN/Inf: no

Face flux: rhie_chow
Mass balance: inflow 1, outflow 1, relative imbalance 2.47211e-12
Cell continuity: max 3.12901e-15, rms 1.39599e-15, normalized 1.39599e-15

Results:
  JSON:      /root/m6g5/x8relax/results/metadata.json
  Residuals: /root/m6g5/x8relax/results/residuals.csv
  CSV:       /root/m6g5/x8relax/results/fields.csv
  VTK:       /root/m6g5/x8relax/results/solution.vtk
# elapsed 7.29 s, peak RSS 13324 KB
# exit: 0
# fields.csv sha256 ef31843c9234ad801cb72cd8586ff459ce8f8e030d74f23da1d2c825b71baa53
# end 2026-09-15T11:16:33Z
