# G5 investigation CLI run 'x16tight': n=16 axis=x overrides='velocity_tolerance=1e-11 pressure_tolerance=1e-11 continuity_tolerance=1e-11'
# start 2026-09-15T11:16:25Z; host Linux 6.6.87.2-microsoft-standard-WSL2 x86_64; cfdapp sha256 3ce473967130d8278f2c35efb800dc5c64ce7c019dd15b74b001d7643a51f8a4
# case: /root/m6g5/x16tight (generated by tools/gen_duct_case.py from cases/duct_3d)

CFDApp

Case: Square Duct Re=10 (3D)
Mesh: 96 x 16 x 16 (3D)
Mesh quality: valid
  cells: 24576, cell area: 0.000244141 .. 0.000244141, degenerate cells: 0, invalid faces: 0
  max aspect ratio: 1 (cell 0 at (0.03125, 0.03125))
  max non-orthogonality (deg): 0 (face 1 at (0.0625, 0.03125))
  max skewness: 0 (face 1 at (0.0625, 0.03125))
  max expansion ratio: 1 (face 1 at (0.0625, 0.03125))
Solver: SIMPLE

Converged: yes
Iterations: 228

U residual: 9.66561e-12
V residual: 9.79851e-13
W residual: 9.79485e-13
P residual: 9.58654e-14
Continuity: 6.11514e-16
Mass imbalance: 3.54874e-12
NaN/Inf: no

Face flux: rhie_chow
Mass balance: inflow 1, outflow 1, relative imbalance 3.54874e-12
Cell continuity: max 7.27411e-15, rms 6.11514e-16, normalized 6.11514e-16

Results:
  JSON:      /root/m6g5/x16tight/results/metadata.json
  Residuals: /root/m6g5/x16tight/results/residuals.csv
  CSV:       /root/m6g5/x16tight/results/fields.csv
  VTK:       /root/m6g5/x16tight/results/solution.vtk
# elapsed 126.98 s, peak RSS 71744 KB
# exit: 0
# fields.csv sha256 23af9662af0f59faa6db82c26ec3737885c22a76daf77301420448cc1f68e155
# end 2026-09-15T11:18:32Z
