# G5 investigation CLI run 'x32': n=32 axis=x overrides=''
# start 2026-09-15T11:09:46Z; host Linux 6.6.87.2-microsoft-standard-WSL2 x86_64; cfdapp sha256 3ce473967130d8278f2c35efb800dc5c64ce7c019dd15b74b001d7643a51f8a4
# case: /root/m6g5/x32 (generated by tools/gen_duct_case.py from cases/duct_3d)

CFDApp

Case: Square Duct Re=10 (3D)
Mesh: 192 x 32 x 32 (3D)
Mesh quality: valid
  cells: 196608, cell area: 3.05176e-05 .. 3.05176e-05, degenerate cells: 0, invalid faces: 0
  max aspect ratio: 1 (cell 0 at (0.015625, 0.015625))
  max non-orthogonality (deg): 0 (face 1 at (0.03125, 0.015625))
  max skewness: 0 (face 1 at (0.03125, 0.015625))
  max expansion ratio: 1 (face 1 at (0.03125, 0.015625))
Solver: SIMPLE

Converged: yes
Iterations: 602

U residual: 9.79358e-10
V residual: 5.36921e-11
W residual: 5.36935e-11
P residual: 4.31724e-13
Continuity: 2.23432e-16
Mass imbalance: 1.21623e-11
NaN/Inf: no

Face flux: rhie_chow
Mass balance: inflow 1, outflow 1, relative imbalance 1.21623e-11
Cell continuity: max 1.23418e-15, rms 2.23432e-16, normalized 2.23432e-16

Results:
  JSON:      /root/m6g5/x32/results/metadata.json
  Residuals: /root/m6g5/x32/results/residuals.csv
  CSV:       /root/m6g5/x32/results/fields.csv
  VTK:       /root/m6g5/x32/results/solution.vtk
# elapsed 4013.89 s, peak RSS 539524 KB
# exit: 0
# fields.csv sha256 cb262d384115c366e42de064d1a83ed02880956c21a19a610ee8fe2d2ebbc351
# end 2026-09-15T12:16:40Z
