# G5 investigation CLI run 'x16relax': n=16 axis=x overrides='velocity_relaxation=0.5 pressure_relaxation=0.2'
# start 2026-09-15T11:16:25Z; host Linux 6.6.87.2-microsoft-standard-WSL2 x86_64; cfdapp sha256 3ce473967130d8278f2c35efb800dc5c64ce7c019dd15b74b001d7643a51f8a4
# case: /root/m6g5/x16relax (generated by tools/gen_duct_case.py from cases/duct_3d)

CFDApp

Case: Square Duct Re=10 (3D)
Mesh: 96 x 16 x 16 (3D)
Mesh quality: valid
  cells: 24576, cell area: 0.000244141 .. 0.000244141, degenerate cells: 0, invalid faces: 0
  max aspect ratio: 1 (cell 0 at (0.03125, 0.03125))
  max non-orthogonality (deg): 0 (face 1 at (0.0625, 0.03125))
  max skewness: 0 (face 1 at (0.0625, 0.03125))
  max expansion ratio: 1 (face 1 at (0.0625, 0.03125))
Solver: SIMPLE

Converged: yes
Iterations: 413

U residual: 9.77051e-10
V residual: 5.49481e-11
W residual: 5.49481e-11
P residual: 9.71666e-13
Continuity: 6.37868e-16
Mass imbalance: 4.53162e-12
NaN/Inf: no

Face flux: rhie_chow
Mass balance: inflow 1, outflow 1, relative imbalance 4.53162e-12
Cell continuity: max 1.05465e-15, rms 6.37868e-16, normalized 6.37868e-16

Results:
  JSON:      /root/m6g5/x16relax/results/metadata.json
  Residuals: /root/m6g5/x16relax/results/residuals.csv
  CSV:       /root/m6g5/x16relax/results/fields.csv
  VTK:       /root/m6g5/x16relax/results/solution.vtk
# elapsed 234.54 s, peak RSS 74244 KB
# exit: 0
# fields.csv sha256 9a2ff1e00440f274b9c245afd6668184879ae131a426217f13a466ac4cbdac63
# end 2026-09-15T11:20:20Z
