# G5 investigation CLI run 'x16': n=16 axis=x overrides=''
# start 2026-09-15T11:09:46Z; host Linux 6.6.87.2-microsoft-standard-WSL2 x86_64; cfdapp sha256 3ce473967130d8278f2c35efb800dc5c64ce7c019dd15b74b001d7643a51f8a4
# case: /root/m6g5/x16 (generated by tools/gen_duct_case.py from cases/duct_3d)

CFDApp

Case: Square Duct Re=10 (3D)
Mesh: 96 x 16 x 16 (3D)
Mesh quality: valid
  cells: 24576, cell area: 0.000244141 .. 0.000244141, degenerate cells: 0, invalid faces: 0
  max aspect ratio: 1 (cell 0 at (0.03125, 0.03125))
  max non-orthogonality (deg): 0 (face 1 at (0.0625, 0.03125))
  max skewness: 0 (face 1 at (0.0625, 0.03125))
  max expansion ratio: 1 (face 1 at (0.0625, 0.03125))
Solver: SIMPLE

Converged: yes
Iterations: 183

U residual: 9.98023e-10
V residual: 8.45901e-11
W residual: 8.45901e-11
P residual: 5.20083e-12
Continuity: 6.26495e-16
Mass imbalance: 3.38691e-12
NaN/Inf: no

Face flux: rhie_chow
Mass balance: inflow 1, outflow 1, relative imbalance 3.38691e-12
Cell continuity: max 1.20048e-15, rms 6.26495e-16, normalized 6.26495e-16

Results:
  JSON:      /root/m6g5/x16/results/metadata.json
  Residuals: /root/m6g5/x16/results/residuals.csv
  CSV:       /root/m6g5/x16/results/fields.csv
  VTK:       /root/m6g5/x16/results/solution.vtk
# elapsed 119.98 s, peak RSS 71692 KB
# exit: 0
# fields.csv sha256 98139a07bd7ac38e6f27d9f338fdc69adb1acad74e20a3d382561c9ed9713179
# end 2026-09-15T11:11:47Z
