# G5 investigation CLI run 'x12': n=12 axis=x overrides=''
# start 2026-09-15T11:09:46Z; host Linux 6.6.87.2-microsoft-standard-WSL2 x86_64; cfdapp sha256 3ce473967130d8278f2c35efb800dc5c64ce7c019dd15b74b001d7643a51f8a4
# case: /root/m6g5/x12 (generated by tools/gen_duct_case.py from cases/duct_3d)

CFDApp

Case: Square Duct Re=10 (3D)
Mesh: 72 x 12 x 12 (3D)
Mesh quality: valid
  cells: 10368, cell area: 0.000578704 .. 0.000578704, degenerate cells: 0, invalid faces: 0
  max aspect ratio: 1 (cell 0 at (0.0416667, 0.0416667))
  max non-orthogonality (deg): 0 (face 1 at (0.0833333, 0.0416667))
  max skewness: 0 (face 1 at (0.0833333, 0.0416667))
  max expansion ratio: 1 (face 1 at (0.0833333, 0.0416667))
Solver: SIMPLE

Converged: yes
Iterations: 117

U residual: 9.79108e-10
V residual: 1.13619e-10
W residual: 1.13619e-10
P residual: 1.54425e-11
Continuity: 9.64217e-16
Mass imbalance: 3.63834e-12
NaN/Inf: no

Face flux: rhie_chow
Mass balance: inflow 1, outflow 1, relative imbalance 3.63834e-12
Cell continuity: max 2.35532e-15, rms 9.64217e-16, normalized 9.64217e-16

Results:
  JSON:      /root/m6g5/x12/results/metadata.json
  Residuals: /root/m6g5/x12/results/residuals.csv
  CSV:       /root/m6g5/x12/results/fields.csv
  VTK:       /root/m6g5/x12/results/solution.vtk
# elapsed 24.85 s, peak RSS 37128 KB
# exit: 0
# fields.csv sha256 4c0d55403c4dbd35fd19489c39696b0ac20eb327e1dd612eff6d6712726300a5
# end 2026-09-15T11:10:11Z
