# P12-MESH-007 pre-freeze solver-settings feasibility (existing static PISO; NOT a gate result); 2026-09-15T20:42:09Z
# library: build/release/src/libcfdcore.a sha256 eaadaa635e70adb1
step  1 status 0 continuity 6.771e-16 mass 0.000e+00 cfl 0.000
step  2 status 0 continuity 1.700e-15 mass 0.000e+00 cfl 0.007
step  3 status 0 continuity 2.220e-15 mass 0.000e+00 cfl 0.013
step  4 status 0 continuity 1.233e-15 mass 0.000e+00 cfl 0.019
step  5 status 0 continuity 1.048e-15 mass 0.000e+00 cfl 0.024
step  6 status 0 continuity 1.338e-15 mass 0.000e+00 cfl 0.029
step  7 status 0 continuity 3.032e-15 mass 0.000e+00 cfl 0.034
step  8 status 0 continuity 9.797e-16 mass 0.000e+00 cfl 0.038
step  9 status 0 continuity 7.712e-15 mass 0.000e+00 cfl 0.042
step 10 status 0 continuity 7.831e-15 mass 0.000e+00 cfl 0.046
step 11 status 0 continuity 6.254e-15 mass 0.000e+00 cfl 0.050
step 12 status 0 continuity 8.111e-15 mass 0.000e+00 cfl 0.053
step 13 status 0 continuity 2.543e-15 mass 0.000e+00 cfl 0.056
step 14 status 0 continuity 9.591e-15 mass 0.000e+00 cfl 0.059
step 15 status 0 continuity 5.742e-15 mass 0.000e+00 cfl 0.062
step 16 status 0 continuity 6.434e-15 mass 0.000e+00 cfl 0.064
step 17 status 0 continuity 6.304e-15 mass 0.000e+00 cfl 0.067
step 18 status 0 continuity 1.028e-15 mass 0.000e+00 cfl 0.069
step 19 status 0 continuity 4.166e-15 mass 0.000e+00 cfl 0.071
step 20 status 0 continuity 1.553e-14 mass 0.000e+00 cfl 0.073
converged steps 20 of 20; u range [-0.094645, 0.471533]
exit 0
