# P12-MESH-007 gate stage: stage 3 (G1.2 G5 G6.3 G6.4 G7 G8); 2026-09-15T21:21:15Z
# gate sha256 5b45fed9c473b3b4 (A1+A2: 5b45fed9...)
# binary CFDPisoTests sha256 13a8e2f6620a93e0; filter 'AlePiso*'
Running main() from /mnt/c/Users/Hasib/Desktop/CFDAPP/CFDApp/build/release/_deps/googletest-src/googletest/src/gtest_main.cc
Note: Google Test filter = AlePiso*
[==========] Running 13 tests from 7 test suites.
[----------] Global test environment set-up.
[----------] 1 test from AlePisoStaticLimit
[ RUN      ] AlePisoStaticLimit.StationaryMotionIsPisoBitForBit
G1.2 C16 cavity: AlePISO(STAT) vs PISO, 10 steps -- velocity, pressure, flux, CFL, continuity, mass imbalance BITWISE identical
G1.2 Q16 channel: AlePISO(STAT) vs PISO, 10 steps -- velocity, pressure, flux, CFL, continuity, mass imbalance BITWISE identical
G1.2 MB2 channel: AlePISO(STAT) vs PISO, 10 steps -- velocity, pressure, flux, CFL, continuity, mass imbalance BITWISE identical
[       OK ] AlePisoStaticLimit.StationaryMotionIsPisoBitForBit (68 ms)
[----------] 1 test from AlePisoStaticLimit (68 ms total)

[----------] 2 tests from AlePisoUniformFlow
[ RUN      ] AlePisoUniformFlow.UniformFlowStaysUniformUnderPrescribedMotion
  U1 C16/SN2 ALE step  1 t 0.02: |u-u0| 1.192e-14 |v-v0| 6.852e-15 |p-p0| 9.415e-15 continuity 2.151e-16 mass 0.000e+00 GCL 9.021e-17 (global 0.000e+00) R_P/F 6.643e-14 minV 3.7179e-03 disp 0.0219 CFL 0.480
  U1 C16/SN2 ALE step  2 t 0.04: |u-u0| 1.748e-14 |v-v0| 1.033e-14 |p-p0| 8.349e-15 continuity 1.527e-16 mass 0.000e+00 GCL 1.180e-16 (global -9.992e-16) R_P/F 8.391e-14 minV 3.5479e-03 disp 0.0416 CFL 0.490
  U1 C16/SN2 ALE step  3 t 0.06: |u-u0| 1.162e-14 |v-v0| 5.462e-15 |p-p0| 1.092e-14 continuity 2.290e-16 mass 0.000e+00 GCL 1.180e-16 (global 0.000e+00) R_P/F 8.310e-14 minV 3.4130e-03 disp 0.0572 CFL 0.527
  U1 C16/SN2 ALE step  4 t 0.08: |u-u0| 1.370e-14 |v-v0| 6.852e-15 |p-p0| 1.661e-14 continuity 2.567e-16 mass 0.000e+00 GCL 1.249e-16 (global 9.992e-16) R_P/F 9.005e-14 minV 3.3264e-03 disp 0.0672 CFL 0.561
  U1 C16/SN2 ALE step  5 t 0.10: |u-u0| 1.281e-14 |v-v0| 7.249e-15 |p-p0| 1.767e-14 continuity 1.665e-16 mass 0.000e+00 GCL 1.249e-16 (global 0.000e+00) R_P/F 8.996e-14 minV 3.2966e-03 disp 0.0707 CFL 0.587
  U1 C16/SN2 ALE step  6 t 0.12: |u-u0| 1.003e-14 |v-v0| 6.107e-15 |p-p0| 1.288e-14 continuity 1.318e-16 mass 0.000e+00 GCL 1.249e-16 (global 0.000e+00) R_P/F 8.977e-14 minV 3.3264e-03 disp 0.0672 CFL 0.627
  U1 C16/SN2 ALE step  7 t 0.14: |u-u0| 1.450e-14 |v-v0| 7.994e-15 |p-p0| 1.457e-14 continuity 2.082e-16 mass 0.000e+00 GCL 1.249e-16 (global -9.992e-16) R_P/F 8.976e-14 minV 3.4130e-03 disp 0.0572 CFL 0.741
  U1 C16/SN2 ALE step  8 t 0.16: |u-u0| 1.450e-14 |v-v0| 6.852e-15 |p-p0| 2.203e-14 continuity 1.735e-16 mass 0.000e+00 GCL 1.180e-16 (global 2.220e-16) R_P/F 8.287e-14 minV 3.5479e-03 disp 0.0416 CFL 0.848
  U1 C16/SN2 ALE step  9 t 0.18: |u-u0| 1.013e-14 |v-v0| 4.866e-15 |p-p0| 1.883e-14 continuity 2.706e-16 mass 0.000e+00 GCL 1.180e-16 (global 7.772e-16) R_P/F 8.515e-14 minV 3.7179e-03 disp 0.0219 CFL 0.926
  U1 C16/SN2 ALE step 10 t 0.20: |u-u0| 6.355e-15 |v-v0| 3.724e-15 |p-p0| 9.415e-15 continuity 3.400e-16 mass 0.000e+00 GCL 9.021e-17 (global 0.000e+00) R_P/F 6.648e-14 minV 3.9062e-03 disp 0.0000 CFL 0.966
  U1 C16/SN2 ALE step 11 t 0.22: |u-u0| 1.072e-14 |v-v0| 6.256e-15 |p-p0| 1.315e-14 continuity 1.284e-16 mass 0.000e+00 GCL 1.318e-16 (global 8.882e-16) R_P/F 9.409e-14 minV 3.7179e-03 disp 0.0219 CFL 0.974
  U1 C16/SN2 ALE step 12 t 0.24: |u-u0| 1.291e-14 |v-v0| 7.845e-15 |p-p0| 1.528e-14 continuity 1.492e-16 mass 0.000e+00 GCL 1.318e-16 (global 0.000e+00) R_P/F 9.488e-14 minV 3.5479e-03 disp 0.0416 CFL 0.935
  U1 C16/SN2 ALE step 13 t 0.26: |u-u0| 1.470e-14 |v-v0| 8.391e-15 |p-p0| 1.226e-14 continuity 3.157e-16 mass 0.000e+00 GCL 2.012e-16 (global 0.000e+00) R_P/F 1.439e-13 minV 3.4130e-03 disp 0.0572 CFL 0.861
  U1 C16/SN2 ALE step 14 t 0.28: |u-u0| 8.540e-15 |v-v0| 5.263e-15 |p-p0| 1.066e-14 continuity 1.422e-16 mass 0.000e+00 GCL 1.180e-16 (global -1.221e-15) R_P/F 8.486e-14 minV 3.3264e-03 disp 0.0672 CFL 0.753
  U1 C16/SN2 ALE step 15 t 0.30: |u-u0| 1.271e-14 |v-v0| 5.561e-15 |p-p0| 1.856e-14 continuity 2.082e-16 mass 0.000e+00 GCL 1.457e-16 (global 7.772e-16) R_P/F 1.045e-13 minV 3.2966e-03 disp 0.0707 CFL 0.631
  U1 C16/SN2 ALE step 16 t 0.32: |u-u0| 1.013e-14 |v-v0| 6.852e-15 |p-p0| 1.172e-14 continuity 2.290e-16 mass 0.000e+00 GCL 1.457e-16 (global -7.772e-16) R_P/F 1.076e-13 minV 3.3264e-03 disp 0.0672 CFL 0.584
  U1 C16/SN2 ALE step 17 t 0.34: |u-u0| 1.311e-14 |v-v0| 7.646e-15 |p-p0| 1.013e-14 continuity 1.527e-16 mass 0.000e+00 GCL 1.180e-16 (global 3.331e-16) R_P/F 8.550e-14 minV 3.4130e-03 disp 0.0572 CFL 0.551
  U1 C16/SN2 ALE step 18 t 0.36: |u-u0| 1.926e-14 |v-v0| 8.341e-15 |p-p0| 1.386e-14 continuity 1.943e-16 mass 0.000e+00 GCL 2.012e-16 (global 4.441e-16) R_P/F 1.424e-13 minV 3.5479e-03 disp 0.0416 CFL 0.513
  U1 C16/SN2 ALE step 19 t 0.38: |u-u0| 1.271e-14 |v-v0| 7.845e-15 |p-p0| 1.243e-14 continuity 1.735e-16 mass 0.000e+00 GCL 1.318e-16 (global 4.441e-16) R_P/F 9.627e-14 minV 3.7179e-03 disp 0.0219 CFL 0.480
  U1 C16/SN2 ALE step 20 t 0.40: |u-u0| 1.460e-14 |v-v0| 6.703e-15 |p-p0| 9.415e-15 continuity 2.706e-16 mass 0.000e+00 GCL 1.318e-16 (global -8.882e-16) R_P/F 9.245e-14 minV 3.9062e-03 disp 0.0000 CFL 0.477
G5 U1 C16/SN2 ALE: 20 steps, max |u-u0|/|u0| 1.926e-14 |v-v0|/|u0| 1.033e-14 (<= 1e-9), |p-p0|/(rho|u0|^2) 2.203e-14 (<= 1e-8); continuity 3.400e-16; GCL/bound 3.540e-03; R_P/F_ref 1.439e-13 global 8.739e-13; domain volume/bound 1.099e-03; min V 3.2966e-03; max displacement 0.0707; max |dV|/V 5.067e-02; max corner-angle change 10.81 deg; max CFL 0.974
  U2 C16/TR2 ALE step  1 t 0.02: |u-u0| 1.311e-14 |v-v0| 6.405e-15 |p-p0| 1.279e-14 continuity 1.874e-16 mass 0.000e+00 GCL 1.110e-16 (global -2.251e-16) R_P/F 8.033e-14 minV 3.9062e-03 disp 0.0072 CFL 0.448
  U2 C16/TR2 ALE step  2 t 0.04: |u-u0| 1.668e-14 |v-v0| 8.242e-15 |p-p0| 1.368e-14 continuity 1.422e-16 mass 0.000e+00 GCL 1.665e-16 (global 1.080e-16) R_P/F 1.204e-13 minV 3.9062e-03 disp 0.0144 CFL 0.448
  U2 C16/TR2 ALE step  3 t 0.06: |u-u0| 2.373e-14 |v-v0| 1.350e-14 |p-p0| 2.505e-14 continuity 3.678e-16 mass 0.000e+00 GCL 2.220e-16 (global 1.063e-16) R_P/F 1.595e-13 minV 3.9062e-03 disp 0.0216 CFL 0.448
  U2 C16/TR2 ALE step  4 t 0.08: |u-u0| 1.221e-14 |v-v0| 5.660e-15 |p-p0| 2.220e-14 continuity 1.804e-16 mass 0.000e+00 GCL 1.110e-16 (global -1.301e-18) R_P/F 8.113e-14 minV 3.9062e-03 disp 0.0288 CFL 0.448
  U2 C16/TR2 ALE step  5 t 0.10: |u-u0| 1.569e-14 |v-v0| 9.334e-15 |p-p0| 1.581e-14 continuity 1.353e-16 mass 0.000e+00 GCL 1.665e-16 (global -1.175e-16) R_P/F 1.180e-13 minV 3.9062e-03 disp 0.0361 CFL 0.448
  U2 C16/TR2 ALE step  6 t 0.12: |u-u0| 2.264e-14 |v-v0| 9.732e-15 |p-p0| 1.155e-14 continuity 3.331e-16 mass 0.000e+00 GCL 2.220e-16 (global 1.132e-16) R_P/F 1.603e-13 minV 3.9062e-03 disp 0.0433 CFL 0.448
  U2 C16/TR2 ALE step  7 t 0.14: |u-u0| 1.589e-14 |v-v0| 7.249e-15 |p-p0| 1.616e-14 continuity 2.082e-16 mass 2.776e-17 GCL 1.665e-16 (global 2.173e-16) R_P/F 1.206e-13 minV 3.9062e-03 disp 0.0505 CFL 0.448
  U2 C16/TR2 ALE step  8 t 0.16: |u-u0| 8.043e-15 |v-v0| 5.263e-15 |p-p0| 1.226e-14 continuity 1.249e-16 mass 2.776e-17 GCL 1.110e-16 (global -2.225e-16) R_P/F 8.053e-14 minV 3.9062e-03 disp 0.0577 CFL 0.448
  U2 C16/TR2 ALE step  9 t 0.18: |u-u0| 1.609e-14 |v-v0| 8.540e-15 |p-p0| 1.901e-14 continuity 2.359e-16 mass 1.110e-16 GCL 1.110e-16 (global -2.216e-16) R_P/F 8.063e-14 minV 3.9062e-03 disp 0.0649 CFL 0.448
  U2 C16/TR2 ALE step 10 t 0.20: |u-u0| 1.946e-14 |v-v0| 1.013e-14 |p-p0| 9.415e-15 continuity 1.943e-16 mass 5.551e-17 GCL 2.220e-16 (global 4.302e-16) R_P/F 1.601e-13 minV 3.9062e-03 disp 0.0721 CFL 0.448
  U2 C16/TR2 ALE step 11 t 0.22: |u-u0| 1.887e-14 |v-v0| 1.053e-14 |p-p0| 1.688e-14 continuity 1.527e-16 mass 5.551e-17 GCL 2.220e-16 (global -2.220e-16) R_P/F 1.611e-13 minV 3.9062e-03 disp 0.0793 CFL 0.448
  U2 C16/TR2 ALE step 12 t 0.24: |u-u0| 1.162e-14 |v-v0| 5.660e-15 |p-p0| 1.004e-14 continuity 2.671e-16 mass 5.551e-17 GCL 1.110e-16 (global -6.939e-18) R_P/F 8.153e-14 minV 3.9062e-03 disp 0.0865 CFL 0.448
  U2 C16/TR2 ALE step 13 t 0.26: |u-u0| 1.907e-14 |v-v0| 1.018e-14 |p-p0| 1.474e-14 continuity 1.874e-16 mass 5.551e-17 GCL 2.220e-16 (global -1.041e-16) R_P/F 1.616e-13 minV 3.9062e-03 disp 0.0937 CFL 0.448
  U2 C16/TR2 ALE step 14 t 0.28: |u-u0| 2.254e-14 |v-v0| 9.930e-15 |p-p0| 2.043e-14 continuity 1.665e-16 mass 5.551e-17 GCL 2.220e-16 (global 1.110e-16) R_P/F 1.595e-13 minV 3.9062e-03 disp 0.1010 CFL 0.448
  U2 C16/TR2 ALE step 15 t 0.30: |u-u0| 1.936e-14 |v-v0| 1.033e-14 |p-p0| 1.368e-14 continuity 1.527e-16 mass 5.551e-17 GCL 2.220e-16 (global 4.441e-16) R_P/F 1.595e-13 minV 3.9062e-03 disp 0.1082 CFL 0.448
  U2 C16/TR2 ALE step 16 t 0.32: |u-u0| 1.470e-14 |v-v0| 7.944e-15 |p-p0| 1.341e-14 continuity 2.290e-16 mass 5.551e-17 GCL 1.665e-16 (global -4.441e-16) R_P/F 1.188e-13 minV 3.9062e-03 disp 0.1154 CFL 0.448
  U2 C16/TR2 ALE step 17 t 0.34: |u-u0| 1.529e-14 |v-v0| 6.852e-15 |p-p0| 1.723e-14 continuity 2.567e-16 mass 5.551e-17 GCL 1.665e-16 (global -2.220e-16) R_P/F 1.200e-13 minV 3.9062e-03 disp 0.1226 CFL 0.448
  U2 C16/TR2 ALE step 18 t 0.36: |u-u0| 2.135e-14 |v-v0| 1.087e-14 |p-p0| 1.332e-14 continuity 2.429e-16 mass 5.551e-17 GCL 2.220e-16 (global 1.110e-16) R_P/F 1.615e-13 minV 3.9062e-03 disp 0.1298 CFL 0.448
  U2 C16/TR2 ALE step 19 t 0.38: |u-u0| 1.966e-14 |v-v0| 1.172e-14 |p-p0| 1.883e-14 continuity 1.769e-16 mass 5.551e-17 GCL 2.220e-16 (global 1.110e-16) R_P/F 1.598e-13 minV 3.9062e-03 disp 0.1370 CFL 0.448
  U2 C16/TR2 ALE step 20 t 0.40: |u-u0| 1.390e-14 |v-v0| 7.249e-15 |p-p0| 1.696e-14 continuity 1.804e-16 mass 5.551e-17 GCL 1.665e-16 (global 0.000e+00) R_P/F 1.192e-13 minV 3.9062e-03 disp 0.1442 CFL 0.448
G5 U2 C16/TR2 ALE: 20 steps, max |u-u0|/|u0| 2.373e-14 |v-v0|/|u0| 1.350e-14 (<= 1e-9), |p-p0|/(rho|u0|^2) 2.505e-14 (<= 1e-8); continuity 3.678e-16; GCL/bound 3.769e-03; R_P/F_ref 1.616e-13 global 3.187e-13; domain volume/bound 4.110e-04; min V 3.9062e-03; max displacement 0.1442; max |dV|/V 5.684e-14; max corner-angle change 0.00 deg; max CFL 0.448
  U3 C16/EX2 ALE step  1 t 0.02: |u-u0| 1.867e-14 |v-v0| 9.434e-15 |p-p0| 1.519e-14 continuity 1.527e-16 mass 0.000e+00 GCL 1.587e-16 (global 3.109e-15) R_P/F 1.144e-13 minV 3.9848e-03 disp 0.0071 CFL 0.618
  U3 C16/EX2 ALE step  2 t 0.04: |u-u0| 1.877e-14 |v-v0| 9.185e-15 |p-p0| 1.652e-14 continuity 1.249e-16 mass 3.331e-16 GCL 1.847e-16 (global -2.012e-15) R_P/F 1.328e-13 minV 4.0641e-03 disp 0.0141 CFL 0.612
  U3 C16/EX2 ALE step  3 t 0.06: |u-u0| 1.867e-14 |v-v0| 1.003e-14 |p-p0| 1.350e-14 continuity 1.874e-16 mass 0.000e+00 GCL 2.318e-16 (global 1.978e-16) R_P/F 1.657e-13 minV 4.1441e-03 disp 0.0212 CFL 0.606
  U3 C16/EX2 ALE step  4 t 0.08: |u-u0| 1.986e-14 |v-v0| 1.033e-14 |p-p0| 1.439e-14 continuity 2.776e-16 mass 6.661e-16 GCL 2.147e-16 (global -1.849e-15) R_P/F 1.532e-13 minV 4.2250e-03 disp 0.0283 CFL 0.601
  U3 C16/EX2 ALE step  5 t 0.10: |u-u0| 1.688e-14 |v-v0| 9.235e-15 |p-p0| 2.220e-14 continuity 3.608e-16 mass 6.661e-16 GCL 1.747e-16 (global -1.180e-15) R_P/F 1.253e-13 minV 4.3066e-03 disp 0.0354 CFL 0.595
  U3 C16/EX2 ALE step  6 t 0.12: |u-u0| 1.638e-14 |v-v0| 9.632e-15 |p-p0| 1.092e-14 continuity 3.261e-16 mass 3.331e-16 GCL 1.990e-16 (global 4.517e-15) R_P/F 1.443e-13 minV 4.3891e-03 disp 0.0424 CFL 0.589
  U3 C16/EX2 ALE step  7 t 0.14: |u-u0| 1.708e-14 |v-v0| 8.441e-15 |p-p0| 1.572e-14 continuity 1.943e-16 mass 3.331e-16 GCL 2.252e-16 (global 7.633e-16) R_P/F 1.598e-13 minV 4.4723e-03 disp 0.0495 CFL 0.584
  U3 C16/EX2 ALE step  8 t 0.16: |u-u0| 2.224e-14 |v-v0| 1.162e-14 |p-p0| 1.839e-14 continuity 1.110e-16 mass 5.551e-17 GCL 2.077e-16 (global -1.700e-16) R_P/F 1.478e-13 minV 4.5562e-03 disp 0.0566 CFL 0.579
  U3 C16/EX2 ALE step  9 t 0.18: |u-u0| 1.807e-14 |v-v0| 8.739e-15 |p-p0| 1.590e-14 continuity 2.776e-16 mass 0.000e+00 GCL 1.818e-16 (global -4.607e-15) R_P/F 1.315e-13 minV 4.6410e-03 disp 0.0636 CFL 0.573
  U3 C16/EX2 ALE step 10 t 0.20: |u-u0| 1.986e-14 |v-v0| 9.632e-15 |p-p0| 1.696e-14 continuity 2.429e-16 mass 1.665e-16 GCL 1.924e-16 (global 1.565e-15) R_P/F 1.377e-13 minV 4.7266e-03 disp 0.0707 CFL 0.568
  U3 C16/EX2 ALE step 11 t 0.22: |u-u0| 2.026e-14 |v-v0| 1.072e-14 |p-p0| 1.847e-14 continuity 4.302e-16 mass 3.331e-16 GCL 2.256e-16 (global 6.765e-16) R_P/F 1.630e-13 minV 4.8129e-03 disp 0.0778 CFL 0.563
  U3 C16/EX2 ALE step 12 t 0.24: |u-u0| 1.708e-14 |v-v0| 1.003e-14 |p-p0| 1.776e-14 continuity 1.041e-16 mass 3.331e-16 GCL 2.307e-16 (global -3.469e-17) R_P/F 1.657e-13 minV 4.9000e-03 disp 0.0849 CFL 0.558
  U3 C16/EX2 ALE step 13 t 0.26: |u-u0| 1.589e-14 |v-v0| 9.036e-15 |p-p0| 1.510e-14 continuity 3.955e-16 mass 3.331e-16 GCL 2.706e-16 (global 1.995e-15) R_P/F 1.921e-13 minV 4.9879e-03 disp 0.0919 CFL 0.553
  U3 C16/EX2 ALE step 14 t 0.28: |u-u0| 2.006e-14 |v-v0| 1.013e-14 |p-p0| 1.315e-14 continuity 3.469e-16 mass 3.331e-16 GCL 2.898e-16 (global -4.555e-15) R_P/F 2.089e-13 minV 5.0766e-03 disp 0.0990 CFL 0.548
  U3 C16/EX2 ALE step 15 t 0.30: |u-u0| 2.105e-14 |v-v0| 1.053e-14 |p-p0| 1.936e-14 continuity 3.678e-16 mass 2.776e-16 GCL 2.482e-16 (global -2.057e-15) R_P/F 1.778e-13 minV 5.1660e-03 disp 0.1061 CFL 0.544
  U3 C16/EX2 ALE step 16 t 0.32: |u-u0| 2.065e-14 |v-v0| 1.092e-14 |p-p0| 1.927e-14 continuity 2.984e-16 mass 0.000e+00 GCL 2.304e-16 (global -6.106e-16) R_P/F 1.656e-13 minV 5.2562e-03 disp 0.1131 CFL 0.539
  U3 C16/EX2 ALE step 17 t 0.34: |u-u0| 1.192e-14 |v-v0| 6.951e-15 |p-p0| 1.865e-14 continuity 1.457e-16 mass 3.331e-16 GCL 1.801e-16 (global 1.905e-15) R_P/F 1.267e-13 minV 5.3473e-03 disp 0.1202 CFL 0.534
  U3 C16/EX2 ALE step 18 t 0.36: |u-u0| 2.542e-14 |v-v0| 1.321e-14 |p-p0| 1.048e-14 continuity 5.343e-16 mass 3.331e-16 GCL 2.894e-16 (global 5.350e-15) R_P/F 2.101e-13 minV 5.4391e-03 disp 0.1273 CFL 0.530
  U3 C16/EX2 ALE step 19 t 0.38: |u-u0| 1.331e-14 |v-v0| 6.703e-15 |p-p0| 1.474e-14 continuity 3.400e-16 mass 0.000e+00 GCL 2.051e-16 (global -1.457e-16) R_P/F 1.462e-13 minV 5.5316e-03 disp 0.1344 CFL 0.525
  U3 C16/EX2 ALE step 20 t 0.40: |u-u0| 2.304e-14 |v-v0| 1.231e-14 |p-p0| 2.096e-14 continuity 2.845e-16 mass 3.331e-16 GCL 2.461e-16 (global -4.240e-15) R_P/F 1.735e-13 minV 5.6250e-03 disp 0.1414 CFL 0.521
G5 U3 C16/EX2 ALE: 20 steps, max |u-u0|/|u0| 2.542e-14 |v-v0|/|u0| 1.321e-14 (<= 1e-9), |p-p0|/(rho|u0|^2) 2.220e-14 (<= 1e-8); continuity 5.343e-16; GCL/bound 4.453e-03; R_P/F_ref 2.101e-13 global 3.829e-12; domain volume/bound 3.768e-03; min V 3.9848e-03; max displacement 0.1414; max |dV|/V 2.010e-02; max corner-angle change 0.00 deg; max CFL 0.618
  U4 C16/SH2 ALE step  1 t 0.02: |u-u0| 1.271e-14 |v-v0| 6.057e-15 |p-p0| 7.550e-15 continuity 2.359e-16 mass 1.110e-16 GCL 1.041e-16 (global -2.220e-16) R_P/F 7.557e-14 minV 3.9062e-03 disp 0.0100 CFL 0.630
  U4 C16/SH2 ALE step  2 t 0.04: |u-u0| 8.341e-15 |v-v0| 3.972e-15 |p-p0| 7.194e-15 continuity 1.943e-16 mass 2.220e-16 GCL 8.327e-17 (global 2.220e-16) R_P/F 6.042e-14 minV 3.9062e-03 disp 0.0200 CFL 0.627
  U4 C16/SH2 ALE step  3 t 0.06: |u-u0| 1.490e-14 |v-v0| 8.242e-15 |p-p0| 7.638e-15 continuity 2.776e-16 mass 4.441e-16 GCL 1.180e-16 (global 0.000e+00) R_P/F 8.475e-14 minV 3.9062e-03 disp 0.0300 CFL 0.624
  U4 C16/SH2 ALE step  4 t 0.08: |u-u0| 7.150e-15 |v-v0| 4.121e-15 |p-p0| 9.237e-15 continuity 2.082e-16 mass 2.776e-17 GCL 6.245e-17 (global 2.776e-17) R_P/F 4.374e-14 minV 3.9062e-03 disp 0.0400 CFL 0.620
  U4 C16/SH2 ALE step  5 t 0.10: |u-u0| 6.951e-15 |v-v0| 3.525e-15 |p-p0| 5.329e-15 continuity 1.735e-16 mass 2.776e-17 GCL 5.551e-17 (global -3.469e-17) R_P/F 4.121e-14 minV 3.9062e-03 disp 0.0500 CFL 0.617
  U4 C16/SH2 ALE step  6 t 0.12: |u-u0| 6.157e-15 |v-v0| 3.178e-15 |p-p0| 5.684e-15 continuity 1.978e-16 mass 3.608e-16 GCL 5.551e-17 (global 6.939e-18) R_P/F 4.071e-14 minV 3.9062e-03 disp 0.0600 CFL 0.614
  U4 C16/SH2 ALE step  7 t 0.14: |u-u0| 6.951e-15 |v-v0| 3.277e-15 |p-p0| 7.372e-15 continuity 1.284e-16 mass 1.110e-16 GCL 6.592e-17 (global -6.939e-18) R_P/F 4.568e-14 minV 3.9062e-03 disp 0.0700 CFL 0.611
  U4 C16/SH2 ALE step  8 t 0.16: |u-u0| 7.746e-15 |v-v0| 3.078e-15 |p-p0| 8.704e-15 continuity 2.637e-16 mass 1.665e-16 GCL 8.327e-17 (global 3.469e-18) R_P/F 5.968e-14 minV 3.9062e-03 disp 0.0800 CFL 0.608
  U4 C16/SH2 ALE step  9 t 0.18: |u-u0| 7.448e-15 |v-v0| 3.873e-15 |p-p0| 5.596e-15 continuity 1.804e-16 mass 5.551e-17 GCL 5.725e-17 (global 1.388e-17) R_P/F 4.220e-14 minV 3.9062e-03 disp 0.0900 CFL 0.604
  U4 C16/SH2 ALE step 10 t 0.20: |u-u0| 7.547e-15 |v-v0| 3.575e-15 |p-p0| 8.260e-15 continuity 1.874e-16 mass 2.776e-16 GCL 5.551e-17 (global -6.939e-18) R_P/F 4.032e-14 minV 3.9062e-03 disp 0.1000 CFL 0.601
  U4 C16/SH2 ALE step 11 t 0.22: |u-u0| 1.251e-14 |v-v0| 7.050e-15 |p-p0| 1.137e-14 continuity 2.498e-16 mass 5.551e-17 GCL 1.110e-16 (global 2.151e-16) R_P/F 8.093e-14 minV 3.9062e-03 disp 0.1100 CFL 0.598
  U4 C16/SH2 ALE step 12 t 0.24: |u-u0| 1.192e-14 |v-v0| 6.057e-15 |p-p0| 1.030e-14 continuity 1.631e-16 mass 4.996e-16 GCL 1.388e-16 (global -2.151e-16) R_P/F 9.960e-14 minV 3.9062e-03 disp 0.1200 CFL 0.595
  U4 C16/SH2 ALE step 13 t 0.26: |u-u0| 9.831e-15 |v-v0| 5.164e-15 |p-p0| 5.329e-15 continuity 2.359e-16 mass 2.776e-16 GCL 1.041e-16 (global -1.388e-17) R_P/F 7.328e-14 minV 3.9062e-03 disp 0.1300 CFL 0.592
  U4 C16/SH2 ALE step 14 t 0.28: |u-u0| 1.072e-14 |v-v0| 5.313e-15 |p-p0| 1.101e-14 continuity 2.220e-16 mass 5.551e-17 GCL 8.327e-17 (global 6.939e-18) R_P/F 5.938e-14 minV 3.9062e-03 disp 0.1400 CFL 0.588
  U4 C16/SH2 ALE step 15 t 0.30: |u-u0| 1.033e-14 |v-v0| 5.263e-15 |p-p0| 5.151e-15 continuity 2.012e-16 mass 3.331e-16 GCL 1.110e-16 (global 0.000e+00) R_P/F 7.964e-14 minV 3.9062e-03 disp 0.1500 CFL 0.585
  U4 C16/SH2 ALE step 16 t 0.32: |u-u0| 6.852e-15 |v-v0| 3.922e-15 |p-p0| 7.638e-15 continuity 1.318e-16 mass 5.551e-17 GCL 8.327e-17 (global -2.082e-17) R_P/F 5.983e-14 minV 3.9062e-03 disp 0.1600 CFL 0.582
  U4 C16/SH2 ALE step 17 t 0.34: |u-u0| 9.632e-15 |v-v0| 4.518e-15 |p-p0| 6.928e-15 continuity 2.290e-16 mass 5.551e-17 GCL 8.327e-17 (global 3.469e-17) R_P/F 5.938e-14 minV 3.9062e-03 disp 0.1700 CFL 0.579
  U4 C16/SH2 ALE step 18 t 0.36: |u-u0| 1.152e-14 |v-v0| 5.958e-15 |p-p0| 7.638e-15 continuity 1.527e-16 mass 2.776e-16 GCL 1.110e-16 (global 0.000e+00) R_P/F 8.043e-14 minV 3.9062e-03 disp 0.1800 CFL 0.576
  U4 C16/SH2 ALE step 19 t 0.38: |u-u0| 1.668e-14 |v-v0| 7.994e-15 |p-p0| 9.948e-15 continuity 3.816e-16 mass 5.551e-17 GCL 1.665e-16 (global 0.000e+00) R_P/F 1.186e-13 minV 3.9062e-03 disp 0.1900 CFL 0.572
  U4 C16/SH2 ALE step 20 t 0.40: |u-u0| 7.746e-15 |v-v0| 4.766e-15 |p-p0| 9.770e-15 continuity 1.284e-16 mass 1.665e-16 GCL 1.110e-16 (global 0.000e+00) R_P/F 7.894e-14 minV 3.9062e-03 disp 0.2000 CFL 0.569
G5 U4 C16/SH2 ALE: 20 steps, max |u-u0|/|u0| 1.668e-14 |v-v0|/|u0| 8.242e-15 (<= 1e-9), |p-p0|/(rho|u0|^2) 1.137e-14 (<= 1e-8); continuity 3.816e-16; GCL/bound 2.069e-03; R_P/F_ref 1.186e-13 global 1.629e-13; domain volume/bound 2.393e-04; min V 3.9062e-03; max displacement 0.2000; max |dV|/V 4.263e-14; max corner-angle change 21.80 deg; max CFL 0.630
  U5 Q16/SN2 ALE step  1 t 0.02: |u-u0| 1.539e-14 |v-v0| 7.199e-15 |p-p0| 1.288e-14 continuity 1.388e-16 mass 0.000e+00 GCL 1.191e-16 (global 1.110e-16) R_P/F 8.530e-14 minV 3.3459e-03 disp 0.0219 CFL 0.476
  U5 Q16/SN2 ALE step  2 t 0.04: |u-u0| 1.589e-14 |v-v0| 8.043e-15 |p-p0| 1.563e-14 continuity 1.561e-16 mass 0.000e+00 GCL 1.338e-16 (global 0.000e+00) R_P/F 9.543e-14 minV 3.2839e-03 disp 0.0416 CFL 0.481
  U5 Q16/SN2 ALE step  3 t 0.06: |u-u0| 1.271e-14 |v-v0| 6.703e-15 |p-p0| 2.078e-14 continuity 1.665e-16 mass 0.000e+00 GCL 1.039e-16 (global 4.441e-16) R_P/F 7.573e-14 minV 3.2033e-03 disp 0.0572 CFL 0.498
  U5 Q16/SN2 ALE step  4 t 0.08: |u-u0| 1.539e-14 |v-v0| 9.632e-15 |p-p0| 2.061e-14 continuity 1.457e-16 mass 0.000e+00 GCL 1.398e-16 (global 0.000e+00) R_P/F 1.011e-13 minV 3.1438e-03 disp 0.0672 CFL 0.520
  U5 Q16/SN2 ALE step  5 t 0.10: |u-u0| 1.251e-14 |v-v0| 5.859e-15 |p-p0| 1.252e-14 continuity 2.220e-16 mass 0.000e+00 GCL 1.419e-16 (global 0.000e+00) R_P/F 1.034e-13 minV 3.1212e-03 disp 0.0707 CFL 0.538
  U5 Q16/SN2 ALE step  6 t 0.12: |u-u0| 1.291e-14 |v-v0| 9.136e-15 |p-p0| 1.261e-14 continuity 1.665e-16 mass 0.000e+00 GCL 1.419e-16 (global 0.000e+00) R_P/F 1.037e-13 minV 3.1438e-03 disp 0.0672 CFL 0.698
  U5 Q16/SN2 ALE step  7 t 0.14: |u-u0| 1.152e-14 |v-v0| 6.157e-15 |p-p0| 1.510e-14 continuity 1.180e-16 mass 0.000e+00 GCL 1.398e-16 (global 0.000e+00) R_P/F 1.003e-13 minV 3.2033e-03 disp 0.0572 CFL 0.876
  U5 Q16/SN2 ALE step  8 t 0.16: |u-u0| 1.092e-14 |v-v0| 6.653e-15 |p-p0| 2.185e-14 continuity 1.700e-16 mass 0.000e+00 GCL 1.039e-16 (global -5.551e-16) R_P/F 7.512e-14 minV 3.2839e-03 disp 0.0416 CFL 1.025
  U5 Q16/SN2 ALE step  9 t 0.18: |u-u0| 1.321e-14 |v-v0| 8.391e-15 |p-p0| 1.217e-14 continuity 2.984e-16 mass 0.000e+00 GCL 1.338e-16 (global 1.110e-16) R_P/F 9.491e-14 minV 3.3459e-03 disp 0.0219 CFL 1.129
  U5 Q16/SN2 ALE step 10 t 0.20: |u-u0| 1.033e-14 |v-v0| 5.064e-15 |p-p0| 8.971e-15 continuity 1.388e-16 mass 0.000e+00 GCL 1.191e-16 (global -3.331e-16) R_P/F 8.503e-14 minV 3.3767e-03 disp 0.0000 CFL 1.182
  U5 Q16/SN2 ALE step 11 t 0.22: |u-u0| 9.930e-15 |v-v0| 5.809e-15 |p-p0| 1.101e-14 continuity 1.943e-16 mass 0.000e+00 GCL 1.263e-16 (global -6.661e-16) R_P/F 9.049e-14 minV 3.3459e-03 disp 0.0219 CFL 1.188
  U5 Q16/SN2 ALE step 12 t 0.24: |u-u0| 1.251e-14 |v-v0| 7.100e-15 |p-p0| 1.812e-14 continuity 2.394e-16 mass 0.000e+00 GCL 1.457e-16 (global 9.992e-16) R_P/F 1.048e-13 minV 3.2839e-03 disp 0.0416 CFL 1.137
  U5 Q16/SN2 ALE step 13 t 0.26: |u-u0| 1.718e-14 |v-v0| 9.583e-15 |p-p0| 1.581e-14 continuity 3.261e-16 mass 0.000e+00 GCL 2.081e-16 (global 0.000e+00) R_P/F 1.483e-13 minV 3.2033e-03 disp 0.0572 CFL 1.031
  U5 Q16/SN2 ALE step 14 t 0.28: |u-u0| 1.867e-14 |v-v0| 1.033e-14 |p-p0| 1.226e-14 continuity 1.874e-16 mass 0.000e+00 GCL 1.940e-16 (global -6.661e-16) R_P/F 1.379e-13 minV 3.1438e-03 disp 0.0672 CFL 0.879
  U5 Q16/SN2 ALE step 15 t 0.30: |u-u0| 1.172e-14 |v-v0| 6.504e-15 |p-p0| 1.457e-14 continuity 2.290e-16 mass 0.000e+00 GCL 1.687e-16 (global 0.000e+00) R_P/F 1.188e-13 minV 3.1212e-03 disp 0.0707 CFL 0.699
  U5 Q16/SN2 ALE step 16 t 0.32: |u-u0| 1.251e-14 |v-v0| 5.759e-15 |p-p0| 1.705e-14 continuity 1.978e-16 mass 0.000e+00 GCL 1.687e-16 (global 4.441e-16) R_P/F 1.179e-13 minV 3.1438e-03 disp 0.0672 CFL 0.535
  U5 Q16/SN2 ALE step 17 t 0.34: |u-u0| 1.539e-14 |v-v0| 7.597e-15 |p-p0| 1.830e-14 continuity 2.012e-16 mass 0.000e+00 GCL 1.940e-16 (global 1.110e-16) R_P/F 1.374e-13 minV 3.2033e-03 disp 0.0572 CFL 0.514
  U5 Q16/SN2 ALE step 18 t 0.36: |u-u0| 1.420e-14 |v-v0| 7.448e-15 |p-p0| 1.208e-14 continuity 1.700e-16 mass 0.000e+00 GCL 2.081e-16 (global 1.110e-16) R_P/F 1.497e-13 minV 3.2839e-03 disp 0.0416 CFL 0.492
  U5 Q16/SN2 ALE step 19 t 0.38: |u-u0| 1.271e-14 |v-v0| 6.057e-15 |p-p0| 9.859e-15 continuity 2.325e-16 mass 0.000e+00 GCL 1.457e-16 (global 0.000e+00) R_P/F 1.052e-13 minV 3.3459e-03 disp 0.0219 CFL 0.479
  U5 Q16/SN2 ALE step 20 t 0.40: |u-u0| 1.549e-14 |v-v0| 7.746e-15 |p-p0| 1.386e-14 continuity 1.284e-16 mass 0.000e+00 GCL 1.257e-16 (global -5.551e-16) R_P/F 8.868e-14 minV 3.3767e-03 disp 0.0000 CFL 0.477
G5 U5 Q16/SN2 ALE: 20 steps, max |u-u0|/|u0| 1.867e-14 |v-v0|/|u0| 1.033e-14 (<= 1e-9), |p-p0|/(rho|u0|^2) 2.185e-14 (<= 1e-8); continuity 3.261e-16; GCL/bound 3.662e-03; R_P/F_ref 1.497e-13 global 7.150e-13; domain volume/bound 9.766e-04; min V 3.1212e-03; max displacement 0.0707; max |dV|/V 5.058e-02; max corner-angle change 10.79 deg; max CFL 1.188
  U6 MB2/SN2 ALE step  1 t 0.02: |u-u0| 1.192e-14 |v-v0| 6.852e-15 |p-p0| 9.415e-15 continuity 2.151e-16 mass 0.000e+00 GCL 9.021e-17 (global 2.220e-16) R_P/F 6.643e-14 minV 3.7179e-03 disp 0.0219 CFL 0.480
  U6 MB2/SN2 ALE step  2 t 0.04: |u-u0| 1.748e-14 |v-v0| 1.033e-14 |p-p0| 8.349e-15 continuity 1.527e-16 mass 0.000e+00 GCL 1.180e-16 (global -9.992e-16) R_P/F 8.391e-14 minV 3.5479e-03 disp 0.0416 CFL 0.490
  U6 MB2/SN2 ALE step  3 t 0.06: |u-u0| 1.162e-14 |v-v0| 5.462e-15 |p-p0| 1.101e-14 continuity 2.290e-16 mass 0.000e+00 GCL 1.180e-16 (global 0.000e+00) R_P/F 8.310e-14 minV 3.4130e-03 disp 0.0572 CFL 0.527
  U6 MB2/SN2 ALE step  4 t 0.08: |u-u0| 1.370e-14 |v-v0| 6.852e-15 |p-p0| 1.679e-14 continuity 2.567e-16 mass 0.000e+00 GCL 1.249e-16 (global 7.772e-16) R_P/F 9.005e-14 minV 3.3264e-03 disp 0.0672 CFL 0.561
  U6 MB2/SN2 ALE step  5 t 0.10: |u-u0| 1.261e-14 |v-v0| 7.348e-15 |p-p0| 1.776e-14 continuity 1.596e-16 mass 0.000e+00 GCL 1.249e-16 (global 0.000e+00) R_P/F 8.986e-14 minV 3.2966e-03 disp 0.0707 CFL 0.587
  U6 MB2/SN2 ALE step  6 t 0.12: |u-u0| 9.831e-15 |v-v0| 6.008e-15 |p-p0| 1.661e-14 continuity 2.914e-16 mass 0.000e+00 GCL 1.249e-16 (global 0.000e+00) R_P/F 8.977e-14 minV 3.3264e-03 disp 0.0672 CFL 0.627
  U6 MB2/SN2 ALE step  7 t 0.14: |u-u0| 1.450e-14 |v-v0| 8.192e-15 |p-p0| 1.403e-14 continuity 2.012e-16 mass 0.000e+00 GCL 1.249e-16 (global -7.772e-16) R_P/F 8.986e-14 minV 3.4130e-03 disp 0.0572 CFL 0.741
  U6 MB2/SN2 ALE step  8 t 0.16: |u-u0| 1.450e-14 |v-v0| 6.554e-15 |p-p0| 2.265e-14 continuity 1.804e-16 mass 0.000e+00 GCL 1.180e-16 (global 2.220e-16) R_P/F 8.267e-14 minV 3.5479e-03 disp 0.0416 CFL 0.848
  U6 MB2/SN2 ALE step  9 t 0.18: |u-u0| 9.930e-15 |v-v0| 4.965e-15 |p-p0| 1.830e-14 continuity 2.706e-16 mass 0.000e+00 GCL 1.180e-16 (global 7.772e-16) R_P/F 8.535e-14 minV 3.7179e-03 disp 0.0219 CFL 0.926
  U6 MB2/SN2 ALE step 10 t 0.20: |u-u0| 6.355e-15 |v-v0| 3.873e-15 |p-p0| 9.592e-15 continuity 3.331e-16 mass 0.000e+00 GCL 9.021e-17 (global -2.220e-16) R_P/F 6.658e-14 minV 3.9062e-03 disp 0.0000 CFL 0.966
  U6 MB2/SN2 ALE step 11 t 0.22: |u-u0| 1.072e-14 |v-v0| 6.157e-15 |p-p0| 1.315e-14 continuity 1.284e-16 mass 0.000e+00 GCL 1.318e-16 (global 4.441e-16) R_P/F 9.389e-14 minV 3.7179e-03 disp 0.0219 CFL 0.974
  U6 MB2/SN2 ALE step 12 t 0.24: |u-u0| 1.331e-14 |v-v0| 7.944e-15 |p-p0| 1.510e-14 continuity 1.457e-16 mass 0.000e+00 GCL 1.318e-16 (global -4.441e-16) R_P/F 9.488e-14 minV 3.5479e-03 disp 0.0416 CFL 0.935
  U6 MB2/SN2 ALE step 13 t 0.26: |u-u0| 1.499e-14 |v-v0| 8.689e-15 |p-p0| 1.563e-14 continuity 1.492e-16 mass 0.000e+00 GCL 2.012e-16 (global 4.441e-16) R_P/F 1.418e-13 minV 3.4130e-03 disp 0.0572 CFL 0.861
  U6 MB2/SN2 ALE step 14 t 0.28: |u-u0| 8.639e-15 |v-v0| 5.660e-15 |p-p0| 9.415e-15 continuity 1.388e-16 mass 0.000e+00 GCL 1.180e-16 (global -7.772e-16) R_P/F 8.496e-14 minV 3.3264e-03 disp 0.0672 CFL 0.753
  U6 MB2/SN2 ALE step 15 t 0.30: |u-u0| 1.271e-14 |v-v0| 5.710e-15 |p-p0| 1.652e-14 continuity 2.359e-16 mass 0.000e+00 GCL 1.457e-16 (global 7.772e-16) R_P/F 1.047e-13 minV 3.2966e-03 disp 0.0707 CFL 0.631
  U6 MB2/SN2 ALE step 16 t 0.32: |u-u0| 1.033e-14 |v-v0| 6.554e-15 |p-p0| 1.066e-14 continuity 2.359e-16 mass 0.000e+00 GCL 1.457e-16 (global -9.992e-16) R_P/F 1.068e-13 minV 3.3264e-03 disp 0.0672 CFL 0.584
  U6 MB2/SN2 ALE step 17 t 0.34: |u-u0| 1.311e-14 |v-v0| 7.547e-15 |p-p0| 1.013e-14 continuity 1.492e-16 mass 0.000e+00 GCL 1.180e-16 (global 5.551e-16) R_P/F 8.531e-14 minV 3.4130e-03 disp 0.0572 CFL 0.551
  U6 MB2/SN2 ALE step 18 t 0.36: |u-u0| 1.926e-14 |v-v0| 8.441e-15 |p-p0| 1.315e-14 continuity 2.012e-16 mass 0.000e+00 GCL 2.012e-16 (global 0.000e+00) R_P/F 1.424e-13 minV 3.5479e-03 disp 0.0416 CFL 0.513
  U6 MB2/SN2 ALE step 19 t 0.38: |u-u0| 1.291e-14 |v-v0| 7.845e-15 |p-p0| 1.332e-14 continuity 1.665e-16 mass 0.000e+00 GCL 1.318e-16 (global 4.441e-16) R_P/F 9.617e-14 minV 3.7179e-03 disp 0.0219 CFL 0.480
  U6 MB2/SN2 ALE step 20 t 0.40: |u-u0| 1.440e-14 |v-v0| 6.604e-15 |p-p0| 8.704e-15 continuity 2.671e-16 mass 0.000e+00 GCL 1.318e-16 (global -4.441e-16) R_P/F 9.245e-14 minV 3.9062e-03 disp 0.0000 CFL 0.477
G5 U6 MB2/SN2 ALE: 20 steps, max |u-u0|/|u0| 1.926e-14 |v-v0|/|u0| 1.033e-14 (<= 1e-9), |p-p0|/(rho|u0|^2) 2.265e-14 (<= 1e-8); continuity 3.331e-16; GCL/bound 3.540e-03; R_P/F_ref 1.424e-13 global 7.150e-13; domain volume/bound 8.545e-04; min V 3.2966e-03; max displacement 0.0707; max |dV|/V 5.067e-02; max corner-angle change 10.81 deg; max CFL 0.974
  U7 G16/EX2 ALE step  1 t 0.02: |u-u0| 2.344e-14 |v-v0| 1.172e-14 |p-p0| 1.172e-14 continuity 2.325e-16 mass 0.000e+00 GCL 1.234e-16 (global 1.214e-16) R_P/F 9.077e-14 minV 9.3683e-04 disp 0.0071 CFL 1.286
  U7 G16/EX2 ALE step  2 t 0.04: |u-u0| 3.853e-14 |v-v0| 1.773e-14 |p-p0| 1.812e-14 continuity 1.960e-16 mass 3.331e-16 GCL 2.587e-16 (global 4.267e-16) R_P/F 1.873e-13 minV 9.5548e-04 disp 0.0141 CFL 1.273
  U7 G16/EX2 ALE step  3 t 0.06: |u-u0| 2.056e-14 |v-v0| 1.043e-14 |p-p0| 2.043e-14 continuity 2.637e-16 mass 3.331e-16 GCL 1.540e-16 (global -9.263e-16) R_P/F 1.104e-13 minV 9.7430e-04 disp 0.0212 CFL 1.261
  U7 G16/EX2 ALE step  4 t 0.08: |u-u0| 4.925e-14 |v-v0| 2.056e-14 |p-p0| 4.716e-14 continuity 3.469e-16 mass 3.331e-16 GCL 2.990e-16 (global 3.643e-16) R_P/F 2.138e-13 minV 9.9331e-04 disp 0.0283 CFL 1.249
  U7 G16/EX2 ALE step  5 t 0.10: |u-u0| 1.121e-13 |v-v0| 5.233e-14 |p-p0| 3.437e-14 continuity 5.031e-16 mass 5.551e-17 GCL 4.953e-16 (global -5.135e-16) R_P/F 3.599e-13 minV 1.0125e-03 disp 0.0354 CFL 1.237
  U7 G16/EX2 ALE step  6 t 0.12: |u-u0| 7.448e-14 |v-v0| 3.337e-14 |p-p0| 6.057e-14 continuity 4.545e-16 mass 0.000e+00 GCL 4.055e-16 (global 3.192e-16) R_P/F 2.967e-13 minV 1.0319e-03 disp 0.0424 CFL 1.226
  U7 G16/EX2 ALE step  7 t 0.14: |u-u0| 3.237e-14 |v-v0| 1.634e-14 |p-p0| 3.890e-14 continuity 4.372e-16 mass 5.551e-17 GCL 1.609e-16 (global 7.737e-16) R_P/F 1.155e-13 minV 1.0514e-03 disp 0.0495 CFL 1.214
  U7 G16/EX2 ALE step  8 t 0.16: |u-u0| 4.349e-14 |v-v0| 2.195e-14 |p-p0| 1.892e-14 continuity 3.643e-16 mass 0.000e+00 GCL 1.964e-16 (global -1.665e-16) R_P/F 1.409e-13 minV 1.0712e-03 disp 0.0566 CFL 1.203
  U7 G16/EX2 ALE step  9 t 0.18: |u-u0| 6.157e-14 |v-v0| 2.800e-14 |p-p0| 3.890e-14 continuity 2.325e-16 mass 0.000e+00 GCL 2.794e-16 (global -1.714e-15) R_P/F 1.995e-13 minV 1.0911e-03 disp 0.0636 CFL 1.192
  U7 G16/EX2 ALE step 10 t 0.20: |u-u0| 3.456e-14 |v-v0| 1.430e-14 |p-p0| 2.967e-14 continuity 5.863e-16 mass 1.665e-16 GCL 2.651e-16 (global 1.551e-15) R_P/F 1.896e-13 minV 1.1112e-03 disp 0.0707 CFL 1.181
  U7 G16/EX2 ALE step 11 t 0.22: |u-u0| 6.246e-14 |v-v0| 2.473e-14 |p-p0| 6.288e-14 continuity 5.239e-16 mass 3.331e-16 GCL 2.825e-16 (global 1.141e-15) R_P/F 2.097e-13 minV 1.1315e-03 disp 0.0778 CFL 1.171
  U7 G16/EX2 ALE step 12 t 0.24: |u-u0| 7.309e-14 |v-v0| 3.446e-14 |p-p0| 4.521e-14 continuity 2.741e-16 mass 5.551e-17 GCL 3.971e-16 (global 6.210e-16) R_P/F 2.815e-13 minV 1.1520e-03 disp 0.0849 CFL 1.160
  U7 G16/EX2 ALE step 13 t 0.26: |u-u0| 6.077e-14 |v-v0| 2.671e-14 |p-p0| 4.565e-14 continuity 5.378e-16 mass 0.000e+00 GCL 1.992e-16 (global -3.119e-15) R_P/F 1.437e-13 minV 1.1727e-03 disp 0.0919 CFL 1.150
  U7 G16/EX2 ALE step 14 t 0.28: |u-u0| 6.355e-14 |v-v0| 3.287e-14 |p-p0| 4.068e-14 continuity 4.510e-16 mass 0.000e+00 GCL 3.044e-16 (global 2.342e-15) R_P/F 2.221e-13 minV 1.1935e-03 disp 0.0990 CFL 1.140
  U7 G16/EX2 ALE step 15 t 0.30: |u-u0| 5.263e-14 |v-v0| 2.413e-14 |p-p0| 2.762e-14 continuity 2.741e-16 mass 0.000e+00 GCL 3.649e-16 (global -2.508e-15) R_P/F 2.625e-13 minV 1.2146e-03 disp 0.1061 CFL 1.130
  U7 G16/EX2 ALE step 16 t 0.32: |u-u0| 3.813e-14 |v-v0| 1.917e-14 |p-p0| 3.695e-14 continuity 6.037e-16 mass 5.551e-17 GCL 2.575e-16 (global 2.952e-15) R_P/F 1.846e-13 minV 1.2358e-03 disp 0.1131 CFL 1.121
  U7 G16/EX2 ALE step 17 t 0.34: |u-u0| 4.409e-14 |v-v0| 2.443e-14 |p-p0| 3.251e-14 continuity 6.627e-16 mass 2.776e-16 GCL 3.350e-16 (global -1.669e-15) R_P/F 2.426e-13 minV 1.2572e-03 disp 0.1202 CFL 1.111
  U7 G16/EX2 ALE step 18 t 0.36: |u-u0| 3.356e-14 |v-v0| 1.658e-14 |p-p0| 3.579e-14 continuity 3.053e-16 mass 0.000e+00 GCL 2.486e-16 (global -6.557e-16) R_P/F 1.765e-13 minV 1.2787e-03 disp 0.1273 CFL 1.102
  U7 G16/EX2 ALE step 19 t 0.38: |u-u0| 6.534e-14 |v-v0| 3.833e-14 |p-p0| 4.938e-14 continuity 2.325e-16 mass 0.000e+00 GCL 2.950e-16 (global 1.638e-15) R_P/F 2.101e-13 minV 1.3005e-03 disp 0.1344 CFL 1.093
  U7 G16/EX2 ALE step 20 t 0.40: |u-u0| 6.514e-14 |v-v0| 2.949e-14 |p-p0| 3.197e-14 continuity 2.845e-16 mass 3.331e-16 GCL 3.858e-16 (global 1.769e-16) R_P/F 2.724e-13 minV 1.3225e-03 disp 0.1414 CFL 1.084
G5 U7 G16/EX2 ALE: 20 steps, max |u-u0|/|u0| 1.121e-13 |v-v0|/|u0| 5.233e-14 (<= 1e-9), |p-p0|/(rho|u0|^2) 6.288e-14 (<= 1e-8); continuity 6.627e-16; GCL/bound 8.293e-03; R_P/F_ref 3.599e-13 global 2.231e-12; domain volume/bound 2.390e-03; min V 9.3683e-04; max displacement 0.1414; max |dV|/V 2.010e-02; max corner-angle change 0.00 deg; max CFL 1.286
[       OK ] AlePisoUniformFlow.UniformFlowStaysUniformUnderPrescribedMotion (139 ms)
[ RUN      ] AlePisoUniformFlow.GclInconsistentVariantsBreakUniformFlow
  U1 C16/SN2 N1 no-mesh-flux step  1 t 0.02: |u-u0| 2.027e-02 |v-v0| 1.425e-02 |p-p0| 1.386e+00 continuity 8.830e-15 mass 0.000e+00 GCL 9.021e-17 (global 0.000e+00) R_P/F 1.263e-13 minV 3.7179e-03 disp 0.0219 CFL 0.504
  U1 C16/SN2 N1 no-mesh-flux step  2 t 0.04: |u-u0| 2.759e-02 |v-v0| 2.176e-02 |p-p0| 6.851e-01 continuity 4.979e-15 mass 0.000e+00 GCL 1.180e-16 (global -9.992e-16) R_P/F 8.341e-14 minV 3.5479e-03 disp 0.0416 CFL 0.533
  U1 C16/SN2 N1 no-mesh-flux step  3 t 0.06: |u-u0| 3.675e-02 |v-v0| 3.048e-02 |p-p0| 7.215e-01 continuity 3.643e-16 mass 0.000e+00 GCL 1.180e-16 (global 0.000e+00) R_P/F 8.638e-14 minV 3.4130e-03 disp 0.0572 CFL 0.560
  U1 C16/SN2 N1 no-mesh-flux step  4 t 0.08: |u-u0| 4.583e-02 |v-v0| 3.122e-02 |p-p0| 4.275e-01 continuity 2.078e-15 mass 0.000e+00 GCL 1.249e-16 (global 9.992e-16) R_P/F 8.966e-14 minV 3.3264e-03 disp 0.0672 CFL 0.578
  U1 C16/SN2 N1 no-mesh-flux step  5 t 0.10: |u-u0| 4.461e-02 |v-v0| 3.573e-02 |p-p0| 4.105e-01 continuity 1.735e-16 mass 0.000e+00 GCL 1.249e-16 (global 0.000e+00) R_P/F 8.937e-14 minV 3.2966e-03 disp 0.0707 CFL 0.587
  U1 C16/SN2 N1 no-mesh-flux step  6 t 0.12: |u-u0| 4.215e-02 |v-v0| 2.964e-02 |p-p0| 4.719e-01 continuity 9.919e-15 mass 0.000e+00 GCL 1.249e-16 (global 0.000e+00) R_P/F 1.419e-13 minV 3.3264e-03 disp 0.0672 CFL 0.581
  U1 C16/SN2 N1 no-mesh-flux step  7 t 0.14: |u-u0| 3.009e-02 |v-v0| 2.696e-02 |p-p0| 5.379e-01 continuity 3.015e-15 mass 0.000e+00 GCL 1.249e-16 (global -9.992e-16) R_P/F 8.956e-14 minV 3.4130e-03 disp 0.0572 CFL 0.566
  U1 C16/SN2 N1 no-mesh-flux step  8 t 0.16: |u-u0| 2.142e-02 |v-v0| 1.704e-02 |p-p0| 7.613e-01 continuity 2.109e-15 mass 0.000e+00 GCL 1.180e-16 (global 2.220e-16) R_P/F 8.336e-14 minV 3.5479e-03 disp 0.0416 CFL 0.541
  U1 C16/SN2 N1 no-mesh-flux step  9 t 0.18: |u-u0| 1.778e-02 |v-v0| 1.737e-02 |p-p0| 9.163e-01 continuity 2.262e-15 mass 0.000e+00 GCL 1.180e-16 (global 7.772e-16) R_P/F 8.436e-14 minV 3.7179e-03 disp 0.0219 CFL 0.514
  U1 C16/SN2 N1 no-mesh-flux step 10 t 0.20: |u-u0| 2.535e-02 |v-v0| 2.409e-02 |p-p0| 1.012e+00 continuity 4.066e-15 mass 0.000e+00 GCL 9.021e-17 (global 0.000e+00) R_P/F 6.410e-14 minV 3.9062e-03 disp 0.0000 CFL 0.490
  U1 C16/SN2 N1 no-mesh-flux step 11 t 0.22: |u-u0| 2.968e-02 |v-v0| 3.185e-02 |p-p0| 9.665e-01 continuity 5.947e-15 mass 0.000e+00 GCL 1.318e-16 (global 8.882e-16) R_P/F 9.409e-14 minV 3.7179e-03 disp 0.0219 CFL 0.509
  U1 C16/SN2 N1 no-mesh-flux step 12 t 0.24: |u-u0| 4.078e-02 |v-v0| 3.997e-02 |p-p0| 8.595e-01 continuity 2.845e-15 mass 0.000e+00 GCL 1.318e-16 (global 0.000e+00) R_P/F 9.488e-14 minV 3.5479e-03 disp 0.0416 CFL 0.532
  U1 C16/SN2 N1 no-mesh-flux step 13 t 0.26: |u-u0| 4.900e-02 |v-v0| 4.755e-02 |p-p0| 6.423e-01 continuity 7.987e-15 mass 0.000e+00 GCL 2.012e-16 (global 0.000e+00) R_P/F 1.444e-13 minV 3.4130e-03 disp 0.0572 CFL 0.560
  U1 C16/SN2 N1 no-mesh-flux step 14 t 0.28: |u-u0| 5.211e-02 |v-v0| 5.153e-02 |p-p0| 3.848e-01 continuity 8.132e-15 mass 0.000e+00 GCL 1.180e-16 (global -1.221e-15) R_P/F 1.163e-13 minV 3.3264e-03 disp 0.0672 CFL 0.582
  U1 C16/SN2 N1 no-mesh-flux step 15 t 0.30: |u-u0| 4.990e-02 |v-v0| 5.156e-02 |p-p0| 7.560e-02 continuity 4.788e-16 mass 0.000e+00 GCL 1.457e-16 (global 7.772e-16) R_P/F 1.041e-13 minV 3.2966e-03 disp 0.0707 CFL 0.592
  U1 C16/SN2 N1 no-mesh-flux step 16 t 0.32: |u-u0| 4.467e-02 |v-v0| 4.746e-02 |p-p0| 3.064e-01 continuity 5.065e-16 mass 0.000e+00 GCL 1.457e-16 (global -7.772e-16) R_P/F 1.044e-13 minV 3.3264e-03 disp 0.0672 CFL 0.590
  U1 C16/SN2 N1 no-mesh-flux step 17 t 0.34: |u-u0| 3.602e-02 |v-v0| 3.995e-02 |p-p0| 5.824e-01 continuity 1.001e-14 mass 0.000e+00 GCL 1.180e-16 (global 3.331e-16) R_P/F 1.433e-13 minV 3.4130e-03 disp 0.0572 CFL 0.575
  U1 C16/SN2 N1 no-mesh-flux step 18 t 0.36: |u-u0| 2.704e-02 |v-v0| 3.071e-02 |p-p0| 7.853e-01 continuity 3.414e-15 mass 0.000e+00 GCL 2.012e-16 (global 4.441e-16) R_P/F 1.427e-13 minV 3.5479e-03 disp 0.0416 CFL 0.550
  U1 C16/SN2 N1 no-mesh-flux step 19 t 0.38: |u-u0| 1.845e-02 |v-v0| 2.037e-02 |p-p0| 9.200e-01 continuity 7.078e-16 mass 0.000e+00 GCL 1.318e-16 (global 4.441e-16) R_P/F 9.463e-14 minV 3.7179e-03 disp 0.0219 CFL 0.521
  U1 C16/SN2 N1 no-mesh-flux step 20 t 0.40: |u-u0| 2.436e-02 |v-v0| 2.092e-02 |p-p0| 9.820e-01 continuity 3.098e-15 mass 0.000e+00 GCL 1.318e-16 (global -8.882e-16) R_P/F 9.399e-14 minV 3.9062e-03 disp 0.0000 CFL 0.492
  U1 C16/SN2 N2 V^{n+1}-both-levels step  1 t 0.02: |u-u0| 1.999e-02 |v-v0| 1.224e-02 |p-p0| 1.270e+00 continuity 1.321e-14 mass 0.000e+00 GCL 9.021e-17 (global 0.000e+00) R_P/F 1.890e-13 minV 3.7179e-03 disp 0.0219 CFL 0.480
  U1 C16/SN2 N2 V^{n+1}-both-levels step  2 t 0.04: |u-u0| 2.550e-02 |v-v0| 2.091e-02 |p-p0| 7.738e-01 continuity 9.381e-15 mass 0.000e+00 GCL 1.180e-16 (global -9.992e-16) R_P/F 1.343e-13 minV 3.5479e-03 disp 0.0416 CFL 0.492
  U1 C16/SN2 N2 V^{n+1}-both-levels step  3 t 0.06: |u-u0| 3.521e-02 |v-v0| 2.728e-02 |p-p0| 6.800e-01 continuity 1.932e-15 mass 0.000e+00 GCL 1.180e-16 (global 0.000e+00) R_P/F 8.499e-14 minV 3.4130e-03 disp 0.0572 CFL 0.532
  U1 C16/SN2 N2 V^{n+1}-both-levels step  4 t 0.08: |u-u0| 4.258e-02 |v-v0| 2.958e-02 |p-p0| 3.782e-01 continuity 2.359e-16 mass 0.000e+00 GCL 1.249e-16 (global 9.992e-16) R_P/F 9.035e-14 minV 3.3264e-03 disp 0.0672 CFL 0.569
  U1 C16/SN2 N2 V^{n+1}-both-levels step  5 t 0.10: |u-u0| 4.262e-02 |v-v0| 3.216e-02 |p-p0| 1.877e-01 continuity 5.267e-15 mass 0.000e+00 GCL 1.249e-16 (global 0.000e+00) R_P/F 8.937e-14 minV 3.2966e-03 disp 0.0707 CFL 0.596
  U1 C16/SN2 N2 V^{n+1}-both-levels step  6 t 0.12: |u-u0| 3.969e-02 |v-v0| 2.889e-02 |p-p0| 2.615e-01 continuity 1.119e-14 mass 0.000e+00 GCL 1.249e-16 (global 0.000e+00) R_P/F 1.602e-13 minV 3.3264e-03 disp 0.0672 CFL 0.633
  U1 C16/SN2 N2 V^{n+1}-both-levels step  7 t 0.14: |u-u0| 2.966e-02 |v-v0| 2.554e-02 |p-p0| 5.354e-01 continuity 2.665e-15 mass 0.000e+00 GCL 1.249e-16 (global -9.992e-16) R_P/F 8.956e-14 minV 3.4130e-03 disp 0.0572 CFL 0.744
  U1 C16/SN2 N2 V^{n+1}-both-levels step  8 t 0.16: |u-u0| 2.100e-02 |v-v0| 1.710e-02 |p-p0| 7.701e-01 continuity 1.225e-14 mass 0.000e+00 GCL 1.180e-16 (global 2.220e-16) R_P/F 1.753e-13 minV 3.5479e-03 disp 0.0416 CFL 0.850
  U1 C16/SN2 N2 V^{n+1}-both-levels step  9 t 0.18: |u-u0| 1.750e-02 |v-v0| 1.631e-02 |p-p0| 9.188e-01 continuity 2.366e-15 mass 0.000e+00 GCL 1.180e-16 (global 7.772e-16) R_P/F 8.505e-14 minV 3.7179e-03 disp 0.0219 CFL 0.926
  U1 C16/SN2 N2 V^{n+1}-both-levels step 10 t 0.20: |u-u0| 2.522e-02 |v-v0| 2.230e-02 |p-p0| 1.010e+00 continuity 8.014e-15 mass 0.000e+00 GCL 9.021e-17 (global 0.000e+00) R_P/F 1.148e-13 minV 3.9062e-03 disp 0.0000 CFL 0.966
  U1 C16/SN2 N2 V^{n+1}-both-levels step 11 t 0.22: |u-u0| 2.977e-02 |v-v0| 2.966e-02 |p-p0| 9.581e-01 continuity 1.554e-15 mass 0.000e+00 GCL 1.318e-16 (global 8.882e-16) R_P/F 9.379e-14 minV 3.7179e-03 disp 0.0219 CFL 0.973
  U1 C16/SN2 N2 V^{n+1}-both-levels step 12 t 0.24: |u-u0| 3.503e-02 |v-v0| 4.086e-02 |p-p0| 8.470e-01 continuity 1.658e-15 mass 0.000e+00 GCL 1.318e-16 (global 0.000e+00) R_P/F 9.478e-14 minV 3.5479e-03 disp 0.0416 CFL 0.935
  U1 C16/SN2 N2 V^{n+1}-both-levels step 13 t 0.26: |u-u0| 4.174e-02 |v-v0| 4.914e-02 |p-p0| 6.198e-01 continuity 1.324e-14 mass 0.000e+00 GCL 2.012e-16 (global 0.000e+00) R_P/F 1.894e-13 minV 3.4130e-03 disp 0.0572 CFL 0.862
  U1 C16/SN2 N2 V^{n+1}-both-levels step 14 t 0.28: |u-u0| 4.406e-02 |v-v0| 5.319e-02 |p-p0| 3.792e-01 continuity 3.213e-15 mass 0.000e+00 GCL 1.180e-16 (global -1.221e-15) R_P/F 8.426e-14 minV 3.3264e-03 disp 0.0672 CFL 0.756
  U1 C16/SN2 N2 V^{n+1}-both-levels step 15 t 0.30: |u-u0| 4.224e-02 |v-v0| 5.254e-02 |p-p0| 7.472e-02 continuity 4.080e-15 mass 0.000e+00 GCL 1.457e-16 (global 7.772e-16) R_P/F 1.039e-13 minV 3.2966e-03 disp 0.0707 CFL 0.637
  U1 C16/SN2 N2 V^{n+1}-both-levels step 16 t 0.32: |u-u0| 3.759e-02 |v-v0| 4.712e-02 |p-p0| 3.066e-01 continuity 1.176e-14 mass 0.000e+00 GCL 1.457e-16 (global -7.772e-16) R_P/F 1.683e-13 minV 3.3264e-03 disp 0.0672 CFL 0.586
  U1 C16/SN2 N2 V^{n+1}-both-levels step 17 t 0.34: |u-u0| 3.106e-02 |v-v0| 3.913e-02 |p-p0| 5.845e-01 continuity 3.317e-15 mass 0.000e+00 GCL 1.180e-16 (global 3.331e-16) R_P/F 8.506e-14 minV 3.4130e-03 disp 0.0572 CFL 0.552
  U1 C16/SN2 N2 V^{n+1}-both-levels step 18 t 0.36: |u-u0| 2.351e-02 |v-v0| 2.904e-02 |p-p0| 7.834e-01 continuity 1.311e-15 mass 0.000e+00 GCL 2.012e-16 (global 4.441e-16) R_P/F 1.439e-13 minV 3.5479e-03 disp 0.0416 CFL 0.512
  U1 C16/SN2 N2 V^{n+1}-both-levels step 19 t 0.38: |u-u0| 1.885e-02 |v-v0| 1.862e-02 |p-p0| 9.175e-01 continuity 1.209e-14 mass 0.000e+00 GCL 1.318e-16 (global 4.441e-16) R_P/F 1.730e-13 minV 3.7179e-03 disp 0.0219 CFL 0.480
  U1 C16/SN2 N2 V^{n+1}-both-levels step 20 t 0.40: |u-u0| 2.632e-02 |v-v0| 2.328e-02 |p-p0| 9.809e-01 continuity 9.298e-16 mass 0.000e+00 GCL 1.318e-16 (global -8.882e-16) R_P/F 9.503e-14 minV 3.9062e-03 disp 0.0000 CFL 0.476
  U1 C16/SN2 static step  1 t 0.02: |u-u0| 0.000e+00 |v-v0| 0.000e+00 |p-p0| 0.000e+00 continuity 1.388e-17 mass 0.000e+00 GCL 9.021e-17 (global 0.000e+00) R_P/F 6.455e-14 minV 3.7179e-03 disp 0.0219 CFL 0.504
  U1 C16/SN2 static step  2 t 0.04: |u-u0| 0.000e+00 |v-v0| 0.000e+00 |p-p0| 0.000e+00 continuity 1.388e-17 mass 0.000e+00 GCL 1.180e-16 (global -9.992e-16) R_P/F 8.451e-14 minV 3.5479e-03 disp 0.0416 CFL 0.537
  U1 C16/SN2 static step  3 t 0.06: |u-u0| 0.000e+00 |v-v0| 0.000e+00 |p-p0| 0.000e+00 continuity 1.388e-17 mass 0.000e+00 GCL 1.180e-16 (global 0.000e+00) R_P/F 8.420e-14 minV 3.4130e-03 disp 0.0572 CFL 0.566
  U1 C16/SN2 static step  4 t 0.08: |u-u0| 0.000e+00 |v-v0| 0.000e+00 |p-p0| 0.000e+00 continuity 2.082e-17 mass 0.000e+00 GCL 1.249e-16 (global 9.992e-16) R_P/F 8.936e-14 minV 3.3264e-03 disp 0.0672 CFL 0.587
  U1 C16/SN2 static step  5 t 0.10: |u-u0| 0.000e+00 |v-v0| 0.000e+00 |p-p0| 0.000e+00 continuity 1.388e-17 mass 0.000e+00 GCL 1.249e-16 (global 0.000e+00) R_P/F 8.947e-14 minV 3.2966e-03 disp 0.0707 CFL 0.596
  U1 C16/SN2 static step  6 t 0.12: |u-u0| 0.000e+00 |v-v0| 0.000e+00 |p-p0| 0.000e+00 continuity 2.082e-17 mass 0.000e+00 GCL 1.249e-16 (global 0.000e+00) R_P/F 8.937e-14 minV 3.3264e-03 disp 0.0672 CFL 0.592
  U1 C16/SN2 static step  7 t 0.14: |u-u0| 0.000e+00 |v-v0| 0.000e+00 |p-p0| 0.000e+00 continuity 1.388e-17 mass 0.000e+00 GCL 1.249e-16 (global -9.992e-16) R_P/F 8.926e-14 minV 3.4130e-03 disp 0.0572 CFL 0.576
  U1 C16/SN2 static step  8 t 0.16: |u-u0| 0.000e+00 |v-v0| 0.000e+00 |p-p0| 0.000e+00 continuity 2.082e-17 mass 0.000e+00 GCL 1.180e-16 (global 2.220e-16) R_P/F 8.456e-14 minV 3.5479e-03 disp 0.0416 CFL 0.550
  U1 C16/SN2 static step  9 t 0.18: |u-u0| 0.000e+00 |v-v0| 0.000e+00 |p-p0| 0.000e+00 continuity 1.388e-17 mass 0.000e+00 GCL 1.180e-16 (global 7.772e-16) R_P/F 8.426e-14 minV 3.7179e-03 disp 0.0219 CFL 0.519
  U1 C16/SN2 static step 10 t 0.20: |u-u0| 0.000e+00 |v-v0| 0.000e+00 |p-p0| 0.000e+00 continuity 0.000e+00 mass 0.000e+00 GCL 9.021e-17 (global 0.000e+00) R_P/F 6.469e-14 minV 3.9062e-03 disp 0.0000 CFL 0.488
  U1 C16/SN2 static step 11 t 0.22: |u-u0| 0.000e+00 |v-v0| 0.000e+00 |p-p0| 0.000e+00 continuity 1.388e-17 mass 0.000e+00 GCL 1.318e-16 (global 8.882e-16) R_P/F 9.419e-14 minV 3.7179e-03 disp 0.0219 CFL 0.504
  U1 C16/SN2 static step 12 t 0.24: |u-u0| 0.000e+00 |v-v0| 0.000e+00 |p-p0| 0.000e+00 continuity 2.776e-17 mass 0.000e+00 GCL 1.318e-16 (global 0.000e+00) R_P/F 9.439e-14 minV 3.5479e-03 disp 0.0416 CFL 0.537
  U1 C16/SN2 static step 13 t 0.26: |u-u0| 0.000e+00 |v-v0| 0.000e+00 |p-p0| 0.000e+00 continuity 1.388e-17 mass 0.000e+00 GCL 2.012e-16 (global 0.000e+00) R_P/F 1.438e-13 minV 3.4130e-03 disp 0.0572 CFL 0.566
  U1 C16/SN2 static step 14 t 0.28: |u-u0| 0.000e+00 |v-v0| 0.000e+00 |p-p0| 0.000e+00 continuity 2.082e-17 mass 0.000e+00 GCL 1.180e-16 (global -1.221e-15) R_P/F 8.446e-14 minV 3.3264e-03 disp 0.0672 CFL 0.587
  U1 C16/SN2 static step 15 t 0.30: |u-u0| 0.000e+00 |v-v0| 0.000e+00 |p-p0| 0.000e+00 continuity 1.388e-17 mass 0.000e+00 GCL 1.457e-16 (global 7.772e-16) R_P/F 1.044e-13 minV 3.2966e-03 disp 0.0707 CFL 0.596
  U1 C16/SN2 static step 16 t 0.32: |u-u0| 0.000e+00 |v-v0| 0.000e+00 |p-p0| 0.000e+00 continuity 1.388e-17 mass 0.000e+00 GCL 1.457e-16 (global -7.772e-16) R_P/F 1.044e-13 minV 3.3264e-03 disp 0.0672 CFL 0.592
  U1 C16/SN2 static step 17 t 0.34: |u-u0| 0.000e+00 |v-v0| 0.000e+00 |p-p0| 0.000e+00 continuity 1.388e-17 mass 0.000e+00 GCL 1.180e-16 (global 3.331e-16) R_P/F 8.446e-14 minV 3.4130e-03 disp 0.0572 CFL 0.576
  U1 C16/SN2 static step 18 t 0.36: |u-u0| 0.000e+00 |v-v0| 0.000e+00 |p-p0| 0.000e+00 continuity 2.776e-17 mass 0.000e+00 GCL 2.012e-16 (global 4.441e-16) R_P/F 1.439e-13 minV 3.5479e-03 disp 0.0416 CFL 0.550
  U1 C16/SN2 static step 19 t 0.38: |u-u0| 0.000e+00 |v-v0| 0.000e+00 |p-p0| 0.000e+00 continuity 2.082e-17 mass 0.000e+00 GCL 1.318e-16 (global 4.441e-16) R_P/F 9.444e-14 minV 3.7179e-03 disp 0.0219 CFL 0.519
  U1 C16/SN2 static step 20 t 0.40: |u-u0| 0.000e+00 |v-v0| 0.000e+00 |p-p0| 0.000e+00 continuity 0.000e+00 mass 0.000e+00 GCL 1.318e-16 (global -8.882e-16) R_P/F 9.429e-14 minV 3.9062e-03 disp 0.0000 CFL 0.488
G5.4 U1 C16/SN2: max velocity deviation -- N1 (no mesh flux) 5.211e-02, N2 (V^{n+1} both levels) 5.319e-02 (each >= 1e-5); static formulation 0.000e+00 (recorded; uniform by construction)
  U3 C16/EX2 N1 no-mesh-flux step  1 t 0.02: |u-u0| 8.139e-03 |v-v0| 5.368e-03 |p-p0| 1.783e+00 continuity 5.759e-16 mass 0.000e+00 GCL 1.587e-16 (global 3.109e-15) R_P/F 1.155e-13 minV 3.9848e-03 disp 0.0071 CFL 0.471
  U3 C16/EX2 N1 no-mesh-flux step  2 t 0.04: |u-u0| 1.015e-02 |v-v0| 5.879e-03 |p-p0| 8.633e-01 continuity 1.527e-15 mass 3.331e-16 GCL 1.847e-16 (global -2.012e-15) R_P/F 1.314e-13 minV 4.0641e-03 disp 0.0141 CFL 0.467
  U3 C16/EX2 N1 no-mesh-flux step  3 t 0.06: |u-u0| 9.709e-03 |v-v0| 5.219e-03 |p-p0| 1.382e+00 continuity 1.200e-14 mass 0.000e+00 GCL 2.318e-16 (global 1.978e-16) R_P/F 1.712e-13 minV 4.1441e-03 disp 0.0212 CFL 0.462
  U3 C16/EX2 N1 no-mesh-flux step  4 t 0.08: |u-u0| 9.369e-03 |v-v0| 5.328e-03 |p-p0| 1.103e+00 continuity 1.353e-15 mass 6.661e-16 GCL 2.147e-16 (global -1.849e-15) R_P/F 1.540e-13 minV 4.2250e-03 disp 0.0283 CFL 0.457
  U3 C16/EX2 N1 no-mesh-flux step  5 t 0.10: |u-u0| 8.354e-03 |v-v0| 4.647e-03 |p-p0| 1.248e+00 continuity 7.654e-15 mass 6.661e-16 GCL 1.747e-16 (global -1.180e-15) R_P/F 1.245e-13 minV 4.3066e-03 disp 0.0354 CFL 0.453
  U3 C16/EX2 N1 no-mesh-flux step  6 t 0.12: |u-u0| 8.238e-03 |v-v0| 4.882e-03 |p-p0| 1.175e+00 continuity 1.203e-14 mass 3.331e-16 GCL 1.990e-16 (global 4.517e-15) R_P/F 1.728e-13 minV 4.3891e-03 disp 0.0424 CFL 0.449
  U3 C16/EX2 N1 no-mesh-flux step  7 t 0.14: |u-u0| 6.980e-03 |v-v0| 4.697e-03 |p-p0| 1.211e+00 continuity 1.470e-14 mass 3.331e-16 GCL 2.252e-16 (global 7.633e-16) R_P/F 2.102e-13 minV 4.4723e-03 disp 0.0495 CFL 0.445
  U3 C16/EX2 N1 no-mesh-flux step  8 t 0.16: |u-u0| 6.268e-03 |v-v0| 4.462e-03 |p-p0| 1.192e+00 continuity 7.716e-15 mass 5.551e-17 GCL 2.077e-16 (global -1.700e-16) R_P/F 1.492e-13 minV 4.5562e-03 disp 0.0566 CFL 0.441
  U3 C16/EX2 N1 no-mesh-flux step  9 t 0.18: |u-u0| 6.971e-03 |v-v0| 4.489e-03 |p-p0| 1.205e+00 continuity 3.379e-15 mass 0.000e+00 GCL 1.818e-16 (global -4.607e-15) R_P/F 1.300e-13 minV 4.6410e-03 disp 0.0636 CFL 0.437
  U3 C16/EX2 N1 no-mesh-flux step 10 t 0.20: |u-u0| 7.000e-03 |v-v0| 3.178e-03 |p-p0| 1.201e+00 continuity 1.173e-14 mass 1.665e-16 GCL 1.924e-16 (global 1.565e-15) R_P/F 1.681e-13 minV 4.7266e-03 disp 0.0707 CFL 0.433
  U3 C16/EX2 N1 no-mesh-flux step 11 t 0.22: |u-u0| 6.872e-03 |v-v0| 3.259e-03 |p-p0| 1.200e+00 continuity 5.655e-15 mass 3.331e-16 GCL 2.256e-16 (global 6.765e-16) R_P/F 1.624e-13 minV 4.8129e-03 disp 0.0778 CFL 0.429
  U3 C16/EX2 N1 no-mesh-flux step 12 t 0.24: |u-u0| 6.703e-03 |v-v0| 3.839e-03 |p-p0| 1.208e+00 continuity 7.813e-15 mass 3.331e-16 GCL 2.307e-16 (global -3.469e-17) R_P/F 1.647e-13 minV 4.9000e-03 disp 0.0849 CFL 0.425
  U3 C16/EX2 N1 no-mesh-flux step 13 t 0.26: |u-u0| 5.762e-03 |v-v0| 3.908e-03 |p-p0| 1.204e+00 continuity 2.436e-15 mass 3.331e-16 GCL 2.706e-16 (global 1.995e-15) R_P/F 1.927e-13 minV 4.9879e-03 disp 0.0919 CFL 0.421
  U3 C16/EX2 N1 no-mesh-flux step 14 t 0.28: |u-u0| 6.267e-03 |v-v0| 3.857e-03 |p-p0| 1.211e+00 continuity 7.078e-15 mass 3.331e-16 GCL 2.898e-16 (global -4.555e-15) R_P/F 2.067e-13 minV 5.0766e-03 disp 0.0990 CFL 0.418
  U3 C16/EX2 N1 no-mesh-flux step 15 t 0.30: |u-u0| 4.748e-03 |v-v0| 3.484e-03 |p-p0| 1.198e+00 continuity 4.857e-15 mass 2.776e-16 GCL 2.482e-16 (global -2.057e-15) R_P/F 1.784e-13 minV 5.1660e-03 disp 0.1061 CFL 0.414
  U3 C16/EX2 N1 no-mesh-flux step 16 t 0.32: |u-u0| 4.694e-03 |v-v0| 3.481e-03 |p-p0| 1.208e+00 continuity 3.469e-17 mass 0.000e+00 GCL 2.304e-16 (global -6.106e-16) R_P/F 1.650e-13 minV 5.2562e-03 disp 0.1131 CFL 0.411
  U3 C16/EX2 N1 no-mesh-flux step 17 t 0.34: |u-u0| 5.366e-03 |v-v0| 3.024e-03 |p-p0| 1.208e+00 continuity 7.334e-15 mass 3.331e-16 GCL 1.801e-16 (global 1.905e-15) R_P/F 1.285e-13 minV 5.3473e-03 disp 0.1202 CFL 0.407
  U3 C16/EX2 N1 no-mesh-flux step 18 t 0.36: |u-u0| 3.801e-03 |v-v0| 3.106e-03 |p-p0| 1.198e+00 continuity 1.707e-15 mass 3.331e-16 GCL 2.894e-16 (global 5.350e-15) R_P/F 2.077e-13 minV 5.4391e-03 disp 0.1273 CFL 0.404
  U3 C16/EX2 N1 no-mesh-flux step 19 t 0.38: |u-u0| 4.148e-03 |v-v0| 2.821e-03 |p-p0| 1.201e+00 continuity 1.173e-15 mass 0.000e+00 GCL 2.051e-16 (global -1.457e-16) R_P/F 1.465e-13 minV 5.5316e-03 disp 0.1344 CFL 0.400
  U3 C16/EX2 N1 no-mesh-flux step 20 t 0.40: |u-u0| 4.585e-03 |v-v0| 2.710e-03 |p-p0| 1.207e+00 continuity 1.193e-15 mass 3.331e-16 GCL 2.461e-16 (global -4.240e-15) R_P/F 1.759e-13 minV 5.6250e-03 disp 0.1414 CFL 0.397
  U3 C16/EX2 N2 V^{n+1}-both-levels step  1 t 0.02: |u-u0| 8.252e-03 |v-v0| 5.432e-03 |p-p0| 1.782e+00 continuity 8.792e-15 mass 0.000e+00 GCL 1.587e-16 (global 3.109e-15) R_P/F 1.261e-13 minV 3.9848e-03 disp 0.0071 CFL 0.618
  U3 C16/EX2 N2 V^{n+1}-both-levels step  2 t 0.04: |u-u0| 9.534e-03 |v-v0| 5.573e-03 |p-p0| 8.666e-01 continuity 1.318e-15 mass 3.331e-16 GCL 1.847e-16 (global -2.012e-15) R_P/F 1.334e-13 minV 4.0641e-03 disp 0.0141 CFL 0.612
  U3 C16/EX2 N2 V^{n+1}-both-levels step  3 t 0.06: |u-u0| 8.974e-03 |v-v0| 4.871e-03 |p-p0| 1.382e+00 continuity 1.381e-15 mass 0.000e+00 GCL 2.318e-16 (global 1.978e-16) R_P/F 1.653e-13 minV 4.1441e-03 disp 0.0212 CFL 0.606
  U3 C16/EX2 N2 V^{n+1}-both-levels step  4 t 0.08: |u-u0| 8.538e-03 |v-v0| 5.000e-03 |p-p0| 1.105e+00 continuity 8.535e-16 mass 6.661e-16 GCL 2.147e-16 (global -1.849e-15) R_P/F 1.540e-13 minV 4.2250e-03 disp 0.0283 CFL 0.601
  U3 C16/EX2 N2 V^{n+1}-both-levels step  5 t 0.10: |u-u0| 7.852e-03 |v-v0| 4.191e-03 |p-p0| 1.248e+00 continuity 6.758e-15 mass 6.661e-16 GCL 1.747e-16 (global -1.180e-15) R_P/F 1.257e-13 minV 4.3066e-03 disp 0.0354 CFL 0.595
  U3 C16/EX2 N2 V^{n+1}-both-levels step  6 t 0.12: |u-u0| 7.745e-03 |v-v0| 4.375e-03 |p-p0| 1.177e+00 continuity 3.414e-15 mass 3.331e-16 GCL 1.990e-16 (global 4.517e-15) R_P/F 1.439e-13 minV 4.3891e-03 disp 0.0424 CFL 0.589
  U3 C16/EX2 N2 V^{n+1}-both-levels step  7 t 0.14: |u-u0| 6.326e-03 |v-v0| 4.174e-03 |p-p0| 1.211e+00 continuity 9.139e-15 mass 3.331e-16 GCL 2.252e-16 (global 7.633e-16) R_P/F 1.609e-13 minV 4.4723e-03 disp 0.0495 CFL 0.584
  U3 C16/EX2 N2 V^{n+1}-both-levels step  8 t 0.16: |u-u0| 5.872e-03 |v-v0| 3.952e-03 |p-p0| 1.194e+00 continuity 5.239e-15 mass 5.551e-17 GCL 2.077e-16 (global -1.700e-16) R_P/F 1.483e-13 minV 4.5562e-03 disp 0.0566 CFL 0.579
  U3 C16/EX2 N2 V^{n+1}-both-levels step  9 t 0.18: |u-u0| 6.551e-03 |v-v0| 4.015e-03 |p-p0| 1.206e+00 continuity 2.540e-15 mass 0.000e+00 GCL 1.818e-16 (global -4.607e-15) R_P/F 1.302e-13 minV 4.6410e-03 disp 0.0636 CFL 0.573
  U3 C16/EX2 N2 V^{n+1}-both-levels step 10 t 0.20: |u-u0| 6.580e-03 |v-v0| 2.919e-03 |p-p0| 1.201e+00 continuity 1.152e-15 mass 1.665e-16 GCL 1.924e-16 (global 1.565e-15) R_P/F 1.379e-13 minV 4.7266e-03 disp 0.0707 CFL 0.568
  U3 C16/EX2 N2 V^{n+1}-both-levels step 11 t 0.22: |u-u0| 6.466e-03 |v-v0| 2.945e-03 |p-p0| 1.201e+00 continuity 5.426e-15 mass 3.331e-16 GCL 2.256e-16 (global 6.765e-16) R_P/F 1.616e-13 minV 4.8129e-03 disp 0.0778 CFL 0.563
  U3 C16/EX2 N2 V^{n+1}-both-levels step 12 t 0.24: |u-u0| 6.309e-03 |v-v0| 3.457e-03 |p-p0| 1.209e+00 continuity 1.867e-15 mass 3.331e-16 GCL 2.307e-16 (global -3.469e-17) R_P/F 1.649e-13 minV 4.9000e-03 disp 0.0849 CFL 0.558
  U3 C16/EX2 N2 V^{n+1}-both-levels step 13 t 0.26: |u-u0| 5.436e-03 |v-v0| 3.485e-03 |p-p0| 1.204e+00 continuity 3.192e-15 mass 3.331e-16 GCL 2.706e-16 (global 1.995e-15) R_P/F 1.944e-13 minV 4.9879e-03 disp 0.0919 CFL 0.553
  U3 C16/EX2 N2 V^{n+1}-both-levels step 14 t 0.28: |u-u0| 5.875e-03 |v-v0| 3.424e-03 |p-p0| 1.212e+00 continuity 5.142e-15 mass 3.331e-16 GCL 2.898e-16 (global -4.555e-15) R_P/F 2.081e-13 minV 5.0766e-03 disp 0.0990 CFL 0.548
  U3 C16/EX2 N2 V^{n+1}-both-levels step 15 t 0.30: |u-u0| 5.001e-03 |v-v0| 3.044e-03 |p-p0| 1.197e+00 continuity 3.775e-15 mass 2.776e-16 GCL 2.482e-16 (global -2.057e-15) R_P/F 1.779e-13 minV 5.1660e-03 disp 0.1061 CFL 0.544
  U3 C16/EX2 N2 V^{n+1}-both-levels step 16 t 0.32: |u-u0| 5.031e-03 |v-v0| 3.067e-03 |p-p0| 1.210e+00 continuity 8.514e-15 mass 0.000e+00 GCL 2.304e-16 (global -6.106e-16) R_P/F 1.651e-13 minV 5.2562e-03 disp 0.1131 CFL 0.539
  U3 C16/EX2 N2 V^{n+1}-both-levels step 17 t 0.34: |u-u0| 5.083e-03 |v-v0| 3.127e-03 |p-p0| 1.209e+00 continuity 7.501e-15 mass 3.331e-16 GCL 1.801e-16 (global 1.905e-15) R_P/F 1.281e-13 minV 5.3473e-03 disp 0.1202 CFL 0.534
  U3 C16/EX2 N2 V^{n+1}-both-levels step 18 t 0.36: |u-u0| 3.619e-03 |v-v0| 3.341e-03 |p-p0| 1.198e+00 continuity 5.065e-16 mass 3.331e-16 GCL 2.894e-16 (global 5.350e-15) R_P/F 2.070e-13 minV 5.4391e-03 disp 0.1273 CFL 0.530
  U3 C16/EX2 N2 V^{n+1}-both-levels step 19 t 0.38: |u-u0| 3.995e-03 |v-v0| 2.476e-03 |p-p0| 1.202e+00 continuity 1.318e-16 mass 0.000e+00 GCL 2.051e-16 (global -1.457e-16) R_P/F 1.470e-13 minV 5.5316e-03 disp 0.1344 CFL 0.525
  U3 C16/EX2 N2 V^{n+1}-both-levels step 20 t 0.40: |u-u0| 4.213e-03 |v-v0| 2.589e-03 |p-p0| 1.208e+00 continuity 2.956e-15 mass 3.331e-16 GCL 2.461e-16 (global -4.240e-15) R_P/F 1.768e-13 minV 5.6250e-03 disp 0.1414 CFL 0.521
  U3 C16/EX2 static step  1 t 0.02: |u-u0| 0.000e+00 |v-v0| 0.000e+00 |p-p0| 0.000e+00 continuity 0.000e+00 mass 0.000e+00 GCL 1.587e-16 (global 3.109e-15) R_P/F 1.136e-13 minV 3.9848e-03 disp 0.0071 CFL 0.471
  U3 C16/EX2 static step  2 t 0.04: |u-u0| 0.000e+00 |v-v0| 0.000e+00 |p-p0| 0.000e+00 continuity 1.388e-17 mass 3.331e-16 GCL 1.847e-16 (global -2.012e-15) R_P/F 1.322e-13 minV 4.0641e-03 disp 0.0141 CFL 0.466
  U3 C16/EX2 static step  3 t 0.06: |u-u0| 0.000e+00 |v-v0| 0.000e+00 |p-p0| 0.000e+00 continuity 1.388e-17 mass 0.000e+00 GCL 2.318e-16 (global 1.978e-16) R_P/F 1.658e-13 minV 4.1441e-03 disp 0.0212 CFL 0.461
  U3 C16/EX2 static step  4 t 0.08: |u-u0| 0.000e+00 |v-v0| 0.000e+00 |p-p0| 0.000e+00 continuity 1.388e-17 mass 6.661e-16 GCL 2.147e-16 (global -1.849e-15) R_P/F 1.536e-13 minV 4.2250e-03 disp 0.0283 CFL 0.457
  U3 C16/EX2 static step  5 t 0.10: |u-u0| 0.000e+00 |v-v0| 0.000e+00 |p-p0| 0.000e+00 continuity 1.388e-17 mass 6.661e-16 GCL 1.747e-16 (global -1.180e-15) R_P/F 1.251e-13 minV 4.3066e-03 disp 0.0354 CFL 0.453
  U3 C16/EX2 static step  6 t 0.12: |u-u0| 0.000e+00 |v-v0| 0.000e+00 |p-p0| 0.000e+00 continuity 1.388e-17 mass 3.331e-16 GCL 1.990e-16 (global 4.517e-15) R_P/F 1.424e-13 minV 4.3891e-03 disp 0.0424 CFL 0.449
  U3 C16/EX2 static step  7 t 0.14: |u-u0| 0.000e+00 |v-v0| 0.000e+00 |p-p0| 0.000e+00 continuity 1.388e-17 mass 3.331e-16 GCL 2.252e-16 (global 7.633e-16) R_P/F 1.612e-13 minV 4.4723e-03 disp 0.0495 CFL 0.444
  U3 C16/EX2 static step  8 t 0.16: |u-u0| 0.000e+00 |v-v0| 0.000e+00 |p-p0| 0.000e+00 continuity 1.388e-17 mass 5.551e-17 GCL 2.077e-16 (global -1.700e-16) R_P/F 1.485e-13 minV 4.5562e-03 disp 0.0566 CFL 0.440
  U3 C16/EX2 static step  9 t 0.18: |u-u0| 0.000e+00 |v-v0| 0.000e+00 |p-p0| 0.000e+00 continuity 1.388e-17 mass 0.000e+00 GCL 1.818e-16 (global -4.607e-15) R_P/F 1.301e-13 minV 4.6410e-03 disp 0.0636 CFL 0.436
  U3 C16/EX2 static step 10 t 0.20: |u-u0| 0.000e+00 |v-v0| 0.000e+00 |p-p0| 0.000e+00 continuity 1.388e-17 mass 1.665e-16 GCL 1.924e-16 (global 1.565e-15) R_P/F 1.377e-13 minV 4.7266e-03 disp 0.0707 CFL 0.432
  U3 C16/EX2 static step 11 t 0.22: |u-u0| 0.000e+00 |v-v0| 0.000e+00 |p-p0| 0.000e+00 continuity 2.082e-17 mass 3.331e-16 GCL 2.256e-16 (global 6.765e-16) R_P/F 1.615e-13 minV 4.8129e-03 disp 0.0778 CFL 0.429
  U3 C16/EX2 static step 12 t 0.24: |u-u0| 0.000e+00 |v-v0| 0.000e+00 |p-p0| 0.000e+00 continuity 1.388e-17 mass 3.331e-16 GCL 2.307e-16 (global -3.469e-17) R_P/F 1.652e-13 minV 4.9000e-03 disp 0.0849 CFL 0.425
  U3 C16/EX2 static step 13 t 0.26: |u-u0| 0.000e+00 |v-v0| 0.000e+00 |p-p0| 0.000e+00 continuity 2.082e-17 mass 3.331e-16 GCL 2.706e-16 (global 1.995e-15) R_P/F 1.936e-13 minV 4.9879e-03 disp 0.0919 CFL 0.421
  U3 C16/EX2 static step 14 t 0.28: |u-u0| 0.000e+00 |v-v0| 0.000e+00 |p-p0| 0.000e+00 continuity 1.388e-17 mass 3.331e-16 GCL 2.898e-16 (global -4.555e-15) R_P/F 2.074e-13 minV 5.0766e-03 disp 0.0990 CFL 0.417
  U3 C16/EX2 static step 15 t 0.30: |u-u0| 0.000e+00 |v-v0| 0.000e+00 |p-p0| 0.000e+00 continuity 2.082e-17 mass 2.776e-16 GCL 2.482e-16 (global -2.057e-15) R_P/F 1.778e-13 minV 5.1660e-03 disp 0.1061 CFL 0.414
  U3 C16/EX2 static step 16 t 0.32: |u-u0| 0.000e+00 |v-v0| 0.000e+00 |p-p0| 0.000e+00 continuity 2.082e-17 mass 0.000e+00 GCL 2.304e-16 (global -6.106e-16) R_P/F 1.649e-13 minV 5.2562e-03 disp 0.1131 CFL 0.410
  U3 C16/EX2 static step 17 t 0.34: |u-u0| 0.000e+00 |v-v0| 0.000e+00 |p-p0| 0.000e+00 continuity 1.388e-17 mass 3.331e-16 GCL 1.801e-16 (global 1.905e-15) R_P/F 1.288e-13 minV 5.3473e-03 disp 0.1202 CFL 0.407
  U3 C16/EX2 static step 18 t 0.36: |u-u0| 0.000e+00 |v-v0| 0.000e+00 |p-p0| 0.000e+00 continuity 2.082e-17 mass 3.331e-16 GCL 2.894e-16 (global 5.350e-15) R_P/F 2.074e-13 minV 5.4391e-03 disp 0.1273 CFL 0.403
  U3 C16/EX2 static step 19 t 0.38: |u-u0| 0.000e+00 |v-v0| 0.000e+00 |p-p0| 0.000e+00 continuity 2.082e-17 mass 0.000e+00 GCL 2.051e-16 (global -1.457e-16) R_P/F 1.469e-13 minV 5.5316e-03 disp 0.1344 CFL 0.400
  U3 C16/EX2 static step 20 t 0.40: |u-u0| 0.000e+00 |v-v0| 0.000e+00 |p-p0| 0.000e+00 continuity 2.082e-17 mass 3.331e-16 GCL 2.461e-16 (global -4.240e-15) R_P/F 1.761e-13 minV 5.6250e-03 disp 0.1414 CFL 0.397
G5.4 U3 C16/EX2: max velocity deviation -- N1 (no mesh flux) 1.015e-02, N2 (V^{n+1} both levels) 9.534e-03 (each >= 1e-5); static formulation 0.000e+00 (recorded; uniform by construction)
[       OK ] AlePisoUniformFlow.GclInconsistentVariantsBreakUniformFlow (163 ms)
[----------] 2 tests from AlePisoUniformFlow (304 ms total)

[----------] 2 tests from AlePisoGalilean
[ RUN      ] AlePisoGalilean.TranslatingCavityIsTheFixedCavityPlusTheTranslation
  G6.3 step  1: max |u_B - b - u_A| 5.418e-03, |dp| 1.800e-13, |F_rel,B - F_A| 8.697e-16, R_P 1.180e-14, global 1.599e-14
  G6.3 step  2: max |u_B - b - u_A| 1.183e-02, |dp| 3.293e-02, |F_rel,B - F_A| 3.270e-05, R_P 2.227e-14, global 3.819e-14
  G6.3 step  3: max |u_B - b - u_A| 1.682e-02, |dp| 5.952e-02, |F_rel,B - F_A| 5.377e-05, R_P 2.359e-14, global -7.294e-14
  G6.3 step  4: max |u_B - b - u_A| 1.992e-02, |dp| 7.642e-02, |F_rel,B - F_A| 1.078e-04, R_P 2.226e-14, global 6.056e-14
  G6.3 step  5: max |u_B - b - u_A| 2.151e-02, |dp| 8.576e-02, |F_rel,B - F_A| 1.708e-04, R_P 2.215e-14, global -8.377e-14
  G6.3 step  6: max |u_B - b - u_A| 2.217e-02, |dp| 9.023e-02, |F_rel,B - F_A| 2.354e-04, R_P 2.216e-14, global 1.615e-14
  G6.3 step  7: max |u_B - b - u_A| 2.235e-02, |dp| 9.222e-02, |F_rel,B - F_A| 3.309e-04, R_P 2.151e-14, global -6.058e-15
  G6.3 step  8: max |u_B - b - u_A| 2.237e-02, |dp| 9.254e-02, |F_rel,B - F_A| 4.183e-04, R_P 1.211e-14, global 1.565e-14
  G6.3 step  9: max |u_B - b - u_A| 2.239e-02, |dp| 9.191e-02, |F_rel,B - F_A| 4.267e-04, R_P 3.399e-14, global 2.675e-14
  G6.3 step 10: max |u_B - b - u_A| 2.248e-02, |dp| 9.146e-02, |F_rel,B - F_A| 4.366e-04, R_P 3.328e-14, global -1.765e-14
  G6.3 step 11: max |u_B - b - u_A| 2.265e-02, |dp| 9.108e-02, |F_rel,B - F_A| 4.639e-04, R_P 2.084e-14, global 4.552e-15
  G6.3 step 12: max |u_B - b - u_A| 2.288e-02, |dp| 9.016e-02, |F_rel,B - F_A| 4.922e-04, R_P 2.218e-14, global -3.986e-14
  G6.3 step 13: max |u_B - b - u_A| 2.318e-02, |dp| 9.065e-02, |F_rel,B - F_A| 5.178e-04, R_P 2.219e-14, global 3.786e-14
  G6.3 step 14: max |u_B - b - u_A| 2.352e-02, |dp| 9.084e-02, |F_rel,B - F_A| 5.392e-04, R_P 3.404e-14, global -5.551e-15
  G6.3 step 15: max |u_B - b - u_A| 2.386e-02, |dp| 9.113e-02, |F_rel,B - F_A| 5.570e-04, R_P 2.225e-14, global -5.551e-15
  G6.3 step 16: max |u_B - b - u_A| 2.416e-02, |dp| 9.163e-02, |F_rel,B - F_A| 5.724e-04, R_P 2.290e-14, global 5.553e-15
  G6.3 step 17: max |u_B - b - u_A| 2.442e-02, |dp| 9.221e-02, |F_rel,B - F_A| 5.860e-04, R_P 2.293e-14, global 5.551e-15
  G6.3 step 18: max |u_B - b - u_A| 2.464e-02, |dp| 9.280e-02, |F_rel,B - F_A| 5.986e-04, R_P 2.226e-14, global 5.551e-15
  G6.3 step 19: max |u_B - b - u_A| 2.478e-02, |dp| 9.129e-02, |F_rel,B - F_A| 6.272e-04, R_P 2.299e-14, global 1.665e-14
  G6.3 step 20: max |u_B - b - u_A| 2.491e-02, |dp| 9.327e-02, |F_rel,B - F_A| 6.331e-04, R_P 2.291e-14, global 1.666e-14
/mnt/c/Users/Hasib/Desktop/CFDAPP/CFDApp/tests/solver/piso/test_ale_piso.cpp:491: Failure
Expected: (ale.maxVelocity) <= (1e-8), actual: 0.024912309424299468 vs 1e-08

/mnt/c/Users/Hasib/Desktop/CFDAPP/CFDApp/tests/solver/piso/test_ale_piso.cpp:492: Failure
Expected: (ale.maxPressure) <= (1e-8), actual: 0.093271519123520275 vs 1e-08

/mnt/c/Users/Hasib/Desktop/CFDAPP/CFDApp/tests/solver/piso/test_ale_piso.cpp:493: Failure
Expected: (ale.maxFlux) <= (1e-8 / 16.0), actual: 0.00063311350147606795 vs 6.2500000000000001e-10

G6.3 translating cavity (ALE): max |u_B - b - u_A| 2.491e-02 (<= 1e-8), gauge-aligned |p| 9.327e-02 (<= 1e-8), |F_rel,B - F_A| 6.331e-04 (<= 6.25e-10)
[  FAILED  ] AlePisoGalilean.TranslatingCavityIsTheFixedCavityPlusTheTranslation (47 ms)
[ RUN      ] AlePisoGalilean.StaticFormulationOnTheTranslatingMeshIsNotGalileanInvariant
G6.4 translating cavity, static formulation: max |u_B - b - u_A| 1.159e-01 (>= 1e-4)
[       OK ] AlePisoGalilean.StaticFormulationOnTheTranslatingMeshIsNotGalileanInvariant (46 ms)
[----------] 2 tests from AlePisoGalilean (94 ms total)

[----------] 3 tests from AlePisoMovingWall
[ RUN      ] AlePisoMovingWall.PistonPushesUniformFlowOutOfTheChannel
G7.1 piston: 20 steps, channel length now 1.5000; max |u+Vp|/Vp 3.042e-14, |v|/Vp 3.686e-15 (<= 1e-9), |p|/(rho Vp^2) 3.784e-14 (<= 1e-8), outlet flux error 2.220e-16 (<= 1e-9), R_P/F_ref 3.566e-13, domain volume/bound 1.515e-03
[       OK ] AlePisoMovingWall.PistonPushesUniformFlowOutOfTheChannel (16 ms)
[ RUN      ] AlePisoMovingWall.CouetteFlowIsUnchangedByTangentialMeshTranslation
G7.2 Couette in a translating mesh: max |u - y_c|, |v| 1.177e-14 (<= 1e-9); with the bottom wall given the mesh velocity 2.727e-01 (>= 1e-3)
[       OK ] AlePisoMovingWall.CouetteFlowIsUnchangedByTangentialMeshTranslation (44 ms)
[ RUN      ] AlePisoMovingWall.InconsistentWallMotionIsRefusedAndTheMeshReverted
G7.4 (a) EX2 with stationary walls refused: AlePISO: the prescribed mesh motion is inconsistent with the velocity boundary conditions: patch 'left' (Wall): the boundary moves normally at 0.248762 (face 153) but the stationary wall allows 0 (mismatch 0.248762 > tolerance 3.53553e-09); the fluid cannot cross this boundary, so its normal velocity must equal the boundary's; patch 'right' (Wall): the boundary moves normally at 0.248762 (face 271) but the stationary wall allows 0 (mismatch 0.248762 > tolerance 3.53553e-09); the fluid cannot cross this boundary, so its normal velocity must equal the boundary's; patch 'bottom' (Wall): the boundary moves normally at 0.248762 (face 281) but the stationary wall allows 0 (mismatch 0.248762 > tolerance 3.53553e-09); the fluid cannot cross this boundary, so its normal velocity must equal the boundary's; patch 'top' (Wall): the boundary moves normally at 0.248762 (face 543) but the stationary wall allows 0 (mismatch 0.248762 > tolerance 3.53553e-09); the fluid cannot cross this boundary, so its normal velocity must equal the boundary's;
G7.4 (b) EX2 with symmetry planes refused: AlePISO: the prescribed mesh motion is inconsistent with the velocity boundary conditions: patch 'left' (Symmetry): the boundary moves normally at 0.248762 (face 153) but the symmetry plane allows 0 (mismatch 0.248762 > tolerance 3.53553e-09); the fluid cannot cross this boundary, so its normal velocity must equal the boundary's; patch 'right' (Symmetry): the boundary moves normally at 0.248762 (face 271) but the symmetry plane allows 0 (mismatch 0.248762 > tolerance 3.53553e-09); the fluid cannot cross this boundary, so its normal velocity must equal the boundary's; patch 'bottom' (Symmetry): the boundary moves normally at 0.248762 (face 281) but the symmetry plane allows 0 (mismatch 0.248762 > tolerance 3.53553e-09); the fluid cannot cross this boundary, so its normal velocity must equal the boundary's; patch 'top' (Symmetry): the boundary moves normally at 0.248762 (face 543) but the symmetry plane allows 0 (mismatch 0.248762 > tolerance 3.53553e-09); the fluid cannot cross this boundary, so its normal velocity must equal the boundary's;
G7.4 (c) piston with a mismatched wall velocity refused: AlePISO: the prescribed mesh motion is inconsistent with the velocity boundary conditions: patch 'right' (MovingWall): the boundary moves normally at -0.5 (face 32) but the prescribed wall velocity's normal component is -0.25 (mismatch 0.25 > tolerance 7.5e-09); the fluid cannot cross this boundary, so its normal velocity must equal the boundary's;
[       OK ] AlePisoMovingWall.InconsistentWallMotionIsRefusedAndTheMeshReverted (2 ms)
[----------] 3 tests from AlePisoMovingWall (64 ms total)

[----------] 3 tests from AlePisoTransient
[ RUN      ] AlePisoTransient.TransientSolverRunsAleAndRevertsTheMeshOfARejectedStep
AlePISO + TransientSolver: 20 steps Completed, final mesh = motion replay (bitwise); a CFL-rejected first step leaves the mesh at t0 (bitwise)
[       OK ] AlePisoTransient.TransientSolverRunsAleAndRevertsTheMeshOfARejectedStep (19 ms)
[ RUN      ] AlePisoTransient.NumericalFailureRevertsTheMesh
[       OK ] AlePisoTransient.NumericalFailureRevertsTheMesh (0 ms)
[ RUN      ] AlePisoTransient.RefusesA3DMeshLikePiso
[       OK ] AlePisoTransient.RefusesA3DMeshLikePiso (0 ms)
[----------] 3 tests from AlePisoTransient (21 ms total)

[----------] 1 test from AlePisoConservation
[ RUN      ] AlePisoConservation.StationaryStepMassResidualIsTheContinuityResidualBitForBit
G8.3 C16 cavity, stationary motion: R_P bitwise = continuity imbalance, 5 steps
[       OK ] AlePisoConservation.StationaryStepMassResidualIsTheContinuityResidualBitForBit (4 ms)
[----------] 1 test from AlePisoConservation (5 ms total)

[----------] 1 test from AlePisoOutput
[ RUN      ] AlePisoOutput.VtkWritesTheCurrentMovedGeometry
VTK: 2D (Q16, 5 AlePISO steps, max displacement 0.0707) and 3D (H8, 5 advances) POINTS = the moved vertices, bitwise
[       OK ] AlePisoOutput.VtkWritesTheCurrentMovedGeometry (7 ms)
[----------] 1 test from AlePisoOutput (8 ms total)

[----------] Global test environment tear-down
[==========] 13 tests from 7 test suites ran. (569 ms total)
[  PASSED  ] 12 tests.
[  FAILED  ] 1 test, listed below:
[  FAILED  ] AlePisoGalilean.TranslatingCavityIsTheFixedCavityPlusTheTranslation

 1 FAILED TEST
exit 1
# end 2026-09-15T21:21:15Z
