# P12-MESH-007 stop-state checks (information, NOT G9/G10); 2026-09-15T21:30:58Z
CFDPisoTests '-AlePiso*': [  PASSED  ] 68 tests.  
CFDSolverTests '*': [  PASSED  ] 87 tests.  
CFDMeshTests '-MeshMotion*:MeshGeometryUpdate*': [  PASSED  ] 139 tests.  
CFDDiscretizationTests '-AleOperators*': [  PASSED  ] 148 tests.  
CFDCavityValidationTests 'PISO*:Piso*:Transient*:TimeDerivative*:Restart*:TemporalRefinement*': [  PASSED  ] 2 tests.  
CFDPoiseuilleValidationTests 'PISO*:Piso*:Transient*:TimeDerivative*:Restart*:TemporalRefinement*': [  PASSED  ] 3 tests.  
CFDRestartIntegrationTests 'PISO*:Piso*:Transient*:TimeDerivative*:Restart*:TemporalRefinement*': [  PASSED  ] 16 tests.  
## clang-format-18 --dry-run of the new and changed C++ files (not reformatted)
clean      include/cfd/mesh/Cell.hpp
clean      include/cfd/mesh/Face.hpp
clean      include/cfd/mesh/Mesh.hpp
WOULD CHANGE src/mesh/Mesh.cpp
clean      include/cfd/mesh/MeshGeometry.hpp
WOULD CHANGE src/mesh/MeshGeometry.cpp
clean      include/cfd/mesh/MeshMotion.hpp
WOULD CHANGE src/mesh/MeshMotion.cpp
clean      include/cfd/discretization/TimeDerivative.hpp
clean      src/discretization/TimeDerivative.cpp
clean      include/cfd/physics/MassFlux.hpp
clean      src/physics/MassFlux.cpp
clean      include/cfd/pressure_velocity/TransientMomentum.hpp
clean      src/pressure_velocity/TransientMomentum.cpp
clean      src/pressure_velocity/PisoStep.hpp
WOULD CHANGE src/pressure_velocity/PISO.cpp
clean      include/cfd/pressure_velocity/AlePISO.hpp
WOULD CHANGE src/pressure_velocity/AlePISO.cpp
clean      include/cfd/solver/TransientSolver.hpp
clean      src/solver/TransientSolver.cpp
WOULD CHANGE tests/support/MeshMotionCases.hpp
WOULD CHANGE tests/unit/mesh/test_mesh_motion.cpp
WOULD CHANGE tests/unit/discretization/test_ale_operators.cpp
WOULD CHANGE tests/solver/piso/test_ale_piso.cpp
# end 2026-09-15T21:31:08Z
