# P12-MESH-007 gate RERUN stage: stage 1 (G1.1 G1.3 G2 G3 G4); 2026-09-17T15:54:52Z; git HEAD b66310ca871811c4c7671056beec291a451af55c
# gate sha256 5b45fed9c473b3b4eca923fa2e4b8ce064022270b67259fb23caf0dbdae5faa8 (A1+A2 as frozen: 5b45fed9...)
# binary CFDMeshTests sha256 9608e76e7b93b701710356c518b16916b80684f2cb0b9a9fc2f37c3364f81519; libcfdcore.a 143a1dda0680bc1d481a0360095ca7c643ffc9e2a2dc53bbd1d55d5a8202132a
# test sources: b198d38cc8773c47 tests/solver/piso/test_ale_piso.cpp 89489c613083c3a9 tests/unit/mesh/test_mesh_motion.cpp df2e96266f2c34c5 tests/unit/discretization/test_ale_operators.cpp e69318d6fc9414ad tests/support/MeshMotionCases.hpp 
# filter 'MeshMotion*:MeshGeometryUpdate*'
Running main() from /mnt/c/Users/Hasib/Desktop/CFDAPP/CFDApp/build/release/_deps/googletest-src/googletest/src/gtest_main.cc
Note: Google Test filter = MeshMotion*:MeshGeometryUpdate*
[==========] Running 17 tests from 5 test suites.
[----------] Global test environment set-up.
[----------] 1 test from MeshMotionStatic
[ RUN      ] MeshMotionStatic.StationaryMotionLeavesEveryMeshBitwiseUnchanged
G1.1 C16: 5 stationary advances, geometry bitwise unchanged, dV = v = 0.0
G1.1 G16: 5 stationary advances, geometry bitwise unchanged, dV = v = 0.0
G1.1 Q16: 5 stationary advances, geometry bitwise unchanged, dV = v = 0.0
G1.1 MB2: 5 stationary advances, geometry bitwise unchanged, dV = v = 0.0
G1.1 H8: 5 stationary advances, geometry bitwise unchanged, dV = v = 0.0
[       OK ] MeshMotionStatic.StationaryMotionLeavesEveryMeshBitwiseUnchanged (3 ms)
[----------] 1 test from MeshMotionStatic (3 ms total)

[----------] 3 tests from MeshMotionKernel
[ RUN      ] MeshMotionKernel.RecomputedGeometryReproducesTheBuilders
G1.3 C16: kernel vs builder, worst measured/bound = 0.000e+00
G1.3 G16: kernel vs builder, worst measured/bound = 3.394e-02
G1.3 Q16: kernel geometry BITWISE identical to the builder's
G1.3 MB2: kernel geometry BITWISE identical to the builder's
G1.3 H8: kernel vs builder, worst measured/bound = 1.562e-02
[       OK ] MeshMotionKernel.RecomputedGeometryReproducesTheBuilders (0 ms)
[ RUN      ] MeshMotionKernel.TopologyMapWeldsMultiBlockInterfaceVertices
[       OK ] MeshMotionKernel.TopologyMapWeldsMultiBlockInterfaceVertices (0 ms)
[ RUN      ] MeshMotionKernel.AMeshWithoutAStructuredGridCannotMove
[       OK ] MeshMotionKernel.AMeshWithoutAStructuredGridCannotMove (0 ms)
[----------] 3 tests from MeshMotionKernel (1 ms total)

[----------] 5 tests from MeshMotionGeometry
[ RUN      ] MeshMotionGeometry.AffineMotionsGiveTheExactAffineImage2D
G2/G3/G4 C16/TR2: 20 advances, min V 3.9062e-03; worst measured/bound: geometry 5.830e-02 closure 0.000e+00 total 5.252e-04 velocity 1.122e-01 GCL 4.722e-03 globalGCL 3.283e-05 swept-vs-independent 2.356e-03
G2/G3/G4 C16/EX2: 20 advances, min V 3.9848e-03; worst measured/bound: geometry 1.157e-01 closure 0.000e+00 total 3.768e-03 velocity 1.070e-01 GCL 4.517e-03 globalGCL 3.216e-04 swept-vs-independent 2.448e-03
G2/G3/G4 C16/SH2: 20 advances, min V 3.9062e-03; worst measured/bound: geometry 1.238e-01 closure 7.585e-03 total 2.393e-04 velocity 1.106e-01 GCL 2.069e-03 globalGCL 1.496e-05 swept-vs-independent 2.675e-03
[       OK ] MeshMotionGeometry.AffineMotionsGiveTheExactAffineImage2D (2 ms)
[ RUN      ] MeshMotionGeometry.AffineMotionsGiveTheExactAffineImage3D
G2/G3/G4 H8/TR3: 20 advances, min V 1.9531e-03; worst measured/bound: geometry 1.365e-01 closure 0.000e+00 total 9.707e-04 velocity 1.122e-01 GCL 1.479e-03 globalGCL 1.524e-04 swept-vs-independent 9.368e-06
G2/G3/G4 H8/EX3: 20 advances, min V 2.0123e-03; worst measured/bound: geometry 1.326e-01 closure 0.000e+00 total 1.017e-01 velocity 6.493e-02 GCL 5.947e-04 globalGCL 1.010e-02 swept-vs-independent 9.076e-06
G2/G3/G4 H8/SH3: 20 advances, min V 1.9531e-03; worst measured/bound: geometry 1.352e-01 closure 2.696e-03 total 9.687e-04 velocity 1.103e-01 GCL 2.256e-04 globalGCL 6.782e-05 swept-vs-independent 6.001e-06
[       OK ] MeshMotionGeometry.AffineMotionsGiveTheExactAffineImage3D (31 ms)
[ RUN      ] MeshMotionGeometry.SinusoidalDeformation2D
G2/G3/G4 C16/SN2: 20 advances, min V 3.2966e-03, max |dV|/V per step 5.067e-02, max displacement 0.0707; worst measured/bound: closure 0.000e+00 total 1.465e-03 velocity(mean) 6.250e-02 velocity(midpoint) 9.865e-01 GCL 3.540e-03 globalGCL 9.155e-05 swept-vs-independent 1.953e-03
G2/G3/G4 Q16/SN2: 20 advances, min V 3.1212e-03, max |dV|/V per step 5.058e-02, max displacement 0.0707; worst measured/bound: closure 0.000e+00 total 6.104e-04 velocity(mean) 6.687e-02 velocity(midpoint) 9.865e-01 GCL 3.412e-03 globalGCL 5.341e-05 swept-vs-independent 2.139e-03
G2/G3/G4 G16/SN2: 20 advances, min V 9.0468e-04, max |dV|/V per step 5.038e-02, max displacement 0.0707; worst measured/bound: closure 5.524e-03 total 1.587e-03 velocity(mean) 6.180e-02 velocity(midpoint) 9.865e-01 GCL 3.272e-03 globalGCL 6.866e-05 swept-vs-independent 2.783e-03
G2/G3/G4 MB2/SN2: 20 advances, min V 3.2966e-03, max |dV|/V per step 5.067e-02, max displacement 0.0707; worst measured/bound: closure 0.000e+00 total 9.766e-04 velocity(mean) 6.250e-02 velocity(midpoint) 9.865e-01 GCL 3.540e-03 globalGCL 6.866e-05 swept-vs-independent 1.953e-03
[       OK ] MeshMotionGeometry.SinusoidalDeformation2D (4 ms)
[ RUN      ] MeshMotionGeometry.SinusoidalDeformation3D
G2/G3/G4 H8/SN3: 20 advances, min V 1.6628e-03, max |dV|/V per step 4.815e-02, max displacement 0.0673; worst measured/bound: closure 3.537e-03 total 5.520e-03 velocity(mean) 6.453e-02 velocity(midpoint) 9.865e-01 GCL 2.987e-04 globalGCL 5.326e-04 swept-vs-independent 1.526e-05
[       OK ] MeshMotionGeometry.SinusoidalDeformation3D (10 ms)
[ RUN      ] MeshMotionGeometry.MultiBlockInterfaceStaysConformal
[       OK ] MeshMotionGeometry.MultiBlockInterfaceStaysConformal (0 ms)
[----------] 5 tests from MeshMotionGeometry (51 ms total)

[----------] 6 tests from MeshMotionInvalid
[ RUN      ] MeshMotionInvalid.FoldingSinusoidal2DIsRejectedNamingTheCell
G2.8 rejected at step 3: mesh motion: cell (15,7) is not a strictly convex counter-clockwise quadrilateral: not convex at corner (i+1,j+1) (folded or self-intersecting)
[       OK ] MeshMotionInvalid.FoldingSinusoidal2DIsRejectedNamingTheCell (0 ms)
[ RUN      ] MeshMotionInvalid.FoldingSinusoidal3DIsRejectedNamingTheCellAndCorner
G2.8 rejected at step 3: mesh motion: cell (5,4,1) is not a valid hexahedron: the corner Jacobian determinant at corner (0,0,1) is -8.42912e-05 <= 0 (inverted or degenerate hexahedron)
[       OK ] MeshMotionInvalid.FoldingSinusoidal3DIsRejectedNamingTheCellAndCorner (0 ms)
[ RUN      ] MeshMotionInvalid.CollapsingCellsAreRejectedNamingTheCell
G2.8 rejected at step 20: mesh motion: cell (0,0) is not a strictly convex counter-clockwise quadrilateral: inverted (clockwise corner order, negative area)
[       OK ] MeshMotionInvalid.CollapsingCellsAreRejectedNamingTheCell (0 ms)
[ RUN      ] MeshMotionInvalid.OutOfPlaneMotionOfA2DMeshIsRejected
G2.8 rejected at step 1: MeshMotion: the prescribed motion moves vertex 0 of a two-dimensional mesh out of the xy-plane
[       OK ] MeshMotionInvalid.OutOfPlaneMotionOfA2DMeshIsRejected (0 ms)
[ RUN      ] MeshMotionInvalid.AdvanceMustMoveForwardInTime
[       OK ] MeshMotionInvalid.AdvanceMustMoveForwardInTime (0 ms)
[ RUN      ] MeshMotionInvalid.MotionMustStartAtTheReferencePosition
[       OK ] MeshMotionInvalid.MotionMustStartAtTheReferencePosition (0 ms)
[----------] 6 tests from MeshMotionInvalid (3 ms total)

[----------] 2 tests from MeshGeometryUpdate
[ RUN      ] MeshGeometryUpdate.RejectsInvalidGeometryAndChangesNothing
[       OK ] MeshGeometryUpdate.RejectsInvalidGeometryAndChangesNothing (0 ms)
[ RUN      ] MeshGeometryUpdate.RevertRestoresTheGeometryBitwiseAndIsIdempotent
[       OK ] MeshGeometryUpdate.RevertRestoresTheGeometryBitwiseAndIsIdempotent (0 ms)
[----------] 2 tests from MeshGeometryUpdate (0 ms total)

[----------] Global test environment tear-down
[==========] 17 tests from 5 test suites ran. (61 ms total)
[  PASSED  ] 17 tests.

  YOU HAVE 1 DISABLED TEST

exit 0
# end 2026-09-17T15:54:53Z
