# P12-MESH-007 gate RERUN stage: stage 3 (G1.2 G5 G6.3 G6.4 G7 G8); 2026-09-17T15:54:53Z; git HEAD b66310ca871811c4c7671056beec291a451af55c
# gate sha256 5b45fed9c473b3b4eca923fa2e4b8ce064022270b67259fb23caf0dbdae5faa8 (A1+A2 as frozen: 5b45fed9...)
# binary CFDPisoTests sha256 4cf7d990fa0632bb108dd578432f3b68d2a058b1ce2336ae5b4f49bbc03249a8; libcfdcore.a 143a1dda0680bc1d481a0360095ca7c643ffc9e2a2dc53bbd1d55d5a8202132a
# test sources: b198d38cc8773c47 tests/solver/piso/test_ale_piso.cpp 89489c613083c3a9 tests/unit/mesh/test_mesh_motion.cpp df2e96266f2c34c5 tests/unit/discretization/test_ale_operators.cpp e69318d6fc9414ad tests/support/MeshMotionCases.hpp 
# filter 'AlePiso*'
Running main() from /mnt/c/Users/Hasib/Desktop/CFDAPP/CFDApp/build/release/_deps/googletest-src/googletest/src/gtest_main.cc
Note: Google Test filter = AlePiso*
[==========] Running 13 tests from 7 test suites.
[----------] Global test environment set-up.
[----------] 1 test from AlePisoStaticLimit
[ RUN      ] AlePisoStaticLimit.StationaryMotionIsPisoBitForBit
G1.2 C16 cavity: AlePISO(STAT) vs PISO, 10 steps -- velocity, pressure, flux, CFL, continuity, mass imbalance BITWISE identical
G1.2 Q16 channel: AlePISO(STAT) vs PISO, 10 steps -- velocity, pressure, flux, CFL, continuity, mass imbalance BITWISE identical
G1.2 MB2 channel: AlePISO(STAT) vs PISO, 10 steps -- velocity, pressure, flux, CFL, continuity, mass imbalance BITWISE identical
[       OK ] AlePisoStaticLimit.StationaryMotionIsPisoBitForBit (76 ms)
[----------] 1 test from AlePisoStaticLimit (76 ms total)

[----------] 2 tests from AlePisoUniformFlow
[ RUN      ] AlePisoUniformFlow.UniformFlowStaysUniformUnderPrescribedMotion
  U1 C16/SN2 ALE step  1 t 0.02: |u-u0| 1.172e-14 |v-v0| 6.752e-15 |p-p0| 9.592e-15 continuity 2.290e-16 mass 0.000e+00 GCL 9.021e-17 (global 0.000e+00) R_P/F 6.633e-14 minV 3.7179e-03 disp 0.0219 CFL 0.480
  U1 C16/SN2 ALE step  2 t 0.04: |u-u0| 1.728e-14 |v-v0| 1.033e-14 |p-p0| 8.349e-15 continuity 1.665e-16 mass 0.000e+00 GCL 1.180e-16 (global -9.992e-16) R_P/F 8.381e-14 minV 3.5479e-03 disp 0.0416 CFL 0.490
  U1 C16/SN2 ALE step  3 t 0.06: |u-u0| 1.132e-14 |v-v0| 5.412e-15 |p-p0| 1.084e-14 continuity 2.290e-16 mass 0.000e+00 GCL 1.180e-16 (global 0.000e+00) R_P/F 8.310e-14 minV 3.4130e-03 disp 0.0572 CFL 0.527
  U1 C16/SN2 ALE step  4 t 0.08: |u-u0| 1.390e-14 |v-v0| 6.752e-15 |p-p0| 1.670e-14 continuity 2.359e-16 mass 0.000e+00 GCL 1.249e-16 (global 9.992e-16) R_P/F 9.015e-14 minV 3.3264e-03 disp 0.0672 CFL 0.561
  U1 C16/SN2 ALE step  5 t 0.10: |u-u0| 1.261e-14 |v-v0| 7.348e-15 |p-p0| 1.856e-14 continuity 1.665e-16 mass 0.000e+00 GCL 1.249e-16 (global 0.000e+00) R_P/F 8.986e-14 minV 3.2966e-03 disp 0.0707 CFL 0.587
  U1 C16/SN2 ALE step  6 t 0.12: |u-u0| 9.930e-15 |v-v0| 6.256e-15 |p-p0| 1.315e-14 continuity 1.110e-16 mass 0.000e+00 GCL 1.249e-16 (global 0.000e+00) R_P/F 8.986e-14 minV 3.3264e-03 disp 0.0672 CFL 0.627
  U1 C16/SN2 ALE step  7 t 0.14: |u-u0| 1.480e-14 |v-v0| 7.845e-15 |p-p0| 1.412e-14 continuity 2.082e-16 mass 0.000e+00 GCL 1.249e-16 (global -9.992e-16) R_P/F 8.966e-14 minV 3.4130e-03 disp 0.0572 CFL 0.741
  U1 C16/SN2 ALE step  8 t 0.16: |u-u0| 1.470e-14 |v-v0| 6.951e-15 |p-p0| 2.167e-14 continuity 1.804e-16 mass 0.000e+00 GCL 1.180e-16 (global 2.220e-16) R_P/F 8.287e-14 minV 3.5479e-03 disp 0.0416 CFL 0.848
  U1 C16/SN2 ALE step  9 t 0.18: |u-u0| 9.632e-15 |v-v0| 4.965e-15 |p-p0| 1.901e-14 continuity 2.637e-16 mass 0.000e+00 GCL 1.180e-16 (global 7.772e-16) R_P/F 8.515e-14 minV 3.7179e-03 disp 0.0219 CFL 0.926
  U1 C16/SN2 ALE step 10 t 0.20: |u-u0| 6.157e-15 |v-v0| 3.773e-15 |p-p0| 1.048e-14 continuity 3.331e-16 mass 0.000e+00 GCL 9.021e-17 (global 0.000e+00) R_P/F 6.648e-14 minV 3.9062e-03 disp 0.0000 CFL 0.966
  U1 C16/SN2 ALE step 11 t 0.22: |u-u0| 1.053e-14 |v-v0| 6.256e-15 |p-p0| 1.403e-14 continuity 1.249e-16 mass 0.000e+00 GCL 1.318e-16 (global 8.882e-16) R_P/F 9.429e-14 minV 3.7179e-03 disp 0.0219 CFL 0.974
  U1 C16/SN2 ALE step 12 t 0.24: |u-u0| 1.251e-14 |v-v0| 7.845e-15 |p-p0| 1.350e-14 continuity 1.457e-16 mass 0.000e+00 GCL 1.318e-16 (global 0.000e+00) R_P/F 9.478e-14 minV 3.5479e-03 disp 0.0416 CFL 0.935
  U1 C16/SN2 ALE step 13 t 0.26: |u-u0| 1.509e-14 |v-v0| 8.341e-15 |p-p0| 1.252e-14 continuity 2.914e-16 mass 0.000e+00 GCL 2.012e-16 (global 0.000e+00) R_P/F 1.435e-13 minV 3.4130e-03 disp 0.0572 CFL 0.861
  U1 C16/SN2 ALE step 14 t 0.28: |u-u0| 8.341e-15 |v-v0| 5.164e-15 |p-p0| 1.013e-14 continuity 1.388e-16 mass 0.000e+00 GCL 1.180e-16 (global -1.221e-15) R_P/F 8.506e-14 minV 3.3264e-03 disp 0.0672 CFL 0.753
  U1 C16/SN2 ALE step 15 t 0.30: |u-u0| 1.301e-14 |v-v0| 5.611e-15 |p-p0| 1.883e-14 continuity 2.082e-16 mass 0.000e+00 GCL 1.457e-16 (global 7.772e-16) R_P/F 1.049e-13 minV 3.2966e-03 disp 0.0707 CFL 0.631
  U1 C16/SN2 ALE step 16 t 0.32: |u-u0| 9.930e-15 |v-v0| 6.653e-15 |p-p0| 1.084e-14 continuity 2.533e-16 mass 0.000e+00 GCL 1.457e-16 (global -7.772e-16) R_P/F 1.071e-13 minV 3.3264e-03 disp 0.0672 CFL 0.584
  U1 C16/SN2 ALE step 17 t 0.34: |u-u0| 1.291e-14 |v-v0| 7.944e-15 |p-p0| 1.030e-14 continuity 1.527e-16 mass 0.000e+00 GCL 1.180e-16 (global 3.331e-16) R_P/F 8.536e-14 minV 3.4130e-03 disp 0.0572 CFL 0.551
  U1 C16/SN2 ALE step 18 t 0.36: |u-u0| 1.926e-14 |v-v0| 8.242e-15 |p-p0| 1.315e-14 continuity 2.116e-16 mass 0.000e+00 GCL 2.012e-16 (global 4.441e-16) R_P/F 1.425e-13 minV 3.5479e-03 disp 0.0416 CFL 0.513
  U1 C16/SN2 ALE step 19 t 0.38: |u-u0| 1.271e-14 |v-v0| 7.746e-15 |p-p0| 1.226e-14 continuity 1.804e-16 mass 0.000e+00 GCL 1.318e-16 (global 4.441e-16) R_P/F 9.622e-14 minV 3.7179e-03 disp 0.0219 CFL 0.480
  U1 C16/SN2 ALE step 20 t 0.40: |u-u0| 1.470e-14 |v-v0| 6.802e-15 |p-p0| 9.415e-15 continuity 2.637e-16 mass 0.000e+00 GCL 1.318e-16 (global -8.882e-16) R_P/F 9.255e-14 minV 3.9062e-03 disp 0.0000 CFL 0.477
G5 U1 C16/SN2 ALE: 20 steps, max |u-u0|/|u0| 1.926e-14 |v-v0|/|u0| 1.033e-14 (<= 1e-9), |p-p0|/(rho|u0|^2) 2.167e-14 (<= 1e-8); continuity 3.331e-16; GCL/bound 3.540e-03; R_P/F_ref 1.435e-13 global 8.739e-13; domain volume/bound 1.099e-03; min V 3.2966e-03; max displacement 0.0707; max |dV|/V 5.067e-02; max corner-angle change 10.81 deg; max CFL 0.974
  U2 C16/TR2 ALE step  1 t 0.02: |u-u0| 1.291e-14 |v-v0| 6.206e-15 |p-p0| 1.270e-14 continuity 1.804e-16 mass 0.000e+00 GCL 1.110e-16 (global -2.251e-16) R_P/F 8.043e-14 minV 3.9062e-03 disp 0.0072 CFL 0.448
  U2 C16/TR2 ALE step  2 t 0.04: |u-u0| 1.688e-14 |v-v0| 8.143e-15 |p-p0| 1.332e-14 continuity 1.457e-16 mass 0.000e+00 GCL 1.665e-16 (global 1.080e-16) R_P/F 1.204e-13 minV 3.9062e-03 disp 0.0144 CFL 0.448
  U2 C16/TR2 ALE step  3 t 0.06: |u-u0| 2.334e-14 |v-v0| 1.336e-14 |p-p0| 2.416e-14 continuity 3.678e-16 mass 0.000e+00 GCL 2.220e-16 (global 1.063e-16) R_P/F 1.596e-13 minV 3.9062e-03 disp 0.0216 CFL 0.448
  U2 C16/TR2 ALE step  4 t 0.08: |u-u0| 1.301e-14 |v-v0| 6.107e-15 |p-p0| 2.176e-14 continuity 1.804e-16 mass 0.000e+00 GCL 1.110e-16 (global -1.301e-18) R_P/F 8.113e-14 minV 3.9062e-03 disp 0.0288 CFL 0.448
  U2 C16/TR2 ALE step  5 t 0.10: |u-u0| 1.589e-14 |v-v0| 9.334e-15 |p-p0| 1.750e-14 continuity 1.457e-16 mass 0.000e+00 GCL 1.665e-16 (global -1.175e-16) R_P/F 1.182e-13 minV 3.9062e-03 disp 0.0361 CFL 0.448
  U2 C16/TR2 ALE step  6 t 0.12: |u-u0| 2.244e-14 |v-v0| 9.632e-15 |p-p0| 1.048e-14 continuity 3.331e-16 mass 0.000e+00 GCL 2.220e-16 (global 1.132e-16) R_P/F 1.604e-13 minV 3.9062e-03 disp 0.0433 CFL 0.448
  U2 C16/TR2 ALE step  7 t 0.14: |u-u0| 1.569e-14 |v-v0| 7.299e-15 |p-p0| 1.545e-14 continuity 2.082e-16 mass 2.776e-17 GCL 1.665e-16 (global 2.173e-16) R_P/F 1.206e-13 minV 3.9062e-03 disp 0.0505 CFL 0.448
  U2 C16/TR2 ALE step  8 t 0.16: |u-u0| 8.143e-15 |v-v0| 5.263e-15 |p-p0| 1.137e-14 continuity 1.318e-16 mass 2.776e-17 GCL 1.110e-16 (global -2.225e-16) R_P/F 8.053e-14 minV 3.9062e-03 disp 0.0577 CFL 0.448
  U2 C16/TR2 ALE step  9 t 0.18: |u-u0| 1.589e-14 |v-v0| 8.590e-15 |p-p0| 1.865e-14 continuity 2.359e-16 mass 1.110e-16 GCL 1.110e-16 (global -2.216e-16) R_P/F 8.063e-14 minV 3.9062e-03 disp 0.0649 CFL 0.448
  U2 C16/TR2 ALE step 10 t 0.20: |u-u0| 1.946e-14 |v-v0| 1.033e-14 |p-p0| 9.237e-15 continuity 1.943e-16 mass 5.551e-17 GCL 2.220e-16 (global 4.302e-16) R_P/F 1.600e-13 minV 3.9062e-03 disp 0.0721 CFL 0.448
  U2 C16/TR2 ALE step 11 t 0.22: |u-u0| 1.907e-14 |v-v0| 1.053e-14 |p-p0| 1.741e-14 continuity 1.527e-16 mass 5.551e-17 GCL 2.220e-16 (global -2.220e-16) R_P/F 1.609e-13 minV 3.9062e-03 disp 0.0793 CFL 0.448
  U2 C16/TR2 ALE step 12 t 0.24: |u-u0| 1.152e-14 |v-v0| 5.759e-15 |p-p0| 8.349e-15 continuity 2.463e-16 mass 5.551e-17 GCL 1.110e-16 (global -6.939e-18) R_P/F 8.173e-14 minV 3.9062e-03 disp 0.0865 CFL 0.448
  U2 C16/TR2 ALE step 13 t 0.26: |u-u0| 1.926e-14 |v-v0| 1.003e-14 |p-p0| 1.421e-14 continuity 3.886e-16 mass 5.551e-17 GCL 2.220e-16 (global -1.041e-16) R_P/F 1.644e-13 minV 3.9062e-03 disp 0.0937 CFL 0.448
  U2 C16/TR2 ALE step 14 t 0.28: |u-u0| 2.195e-14 |v-v0| 9.980e-15 |p-p0| 2.149e-14 continuity 1.596e-16 mass 5.551e-17 GCL 2.220e-16 (global 1.110e-16) R_P/F 1.595e-13 minV 3.9062e-03 disp 0.1010 CFL 0.448
  U2 C16/TR2 ALE step 15 t 0.30: |u-u0| 1.936e-14 |v-v0| 1.063e-14 |p-p0| 1.261e-14 continuity 1.665e-16 mass 5.551e-17 GCL 2.220e-16 (global 4.441e-16) R_P/F 1.593e-13 minV 3.9062e-03 disp 0.1082 CFL 0.448
  U2 C16/TR2 ALE step 16 t 0.32: |u-u0| 1.430e-14 |v-v0| 8.143e-15 |p-p0| 1.510e-14 continuity 2.255e-16 mass 5.551e-17 GCL 1.665e-16 (global -4.441e-16) R_P/F 1.186e-13 minV 3.9062e-03 disp 0.1154 CFL 0.448
  U2 C16/TR2 ALE step 17 t 0.34: |u-u0| 1.569e-14 |v-v0| 6.901e-15 |p-p0| 1.705e-14 continuity 2.637e-16 mass 5.551e-17 GCL 1.665e-16 (global -2.220e-16) R_P/F 1.201e-13 minV 3.9062e-03 disp 0.1226 CFL 0.448
  U2 C16/TR2 ALE step 18 t 0.36: |u-u0| 2.125e-14 |v-v0| 1.077e-14 |p-p0| 1.457e-14 continuity 2.429e-16 mass 5.551e-17 GCL 2.220e-16 (global 1.110e-16) R_P/F 1.615e-13 minV 3.9062e-03 disp 0.1298 CFL 0.448
  U2 C16/TR2 ALE step 19 t 0.38: |u-u0| 1.956e-14 |v-v0| 1.152e-14 |p-p0| 1.901e-14 continuity 1.804e-16 mass 5.551e-17 GCL 2.220e-16 (global 1.110e-16) R_P/F 1.597e-13 minV 3.9062e-03 disp 0.1370 CFL 0.448
  U2 C16/TR2 ALE step 20 t 0.40: |u-u0| 1.370e-14 |v-v0| 7.249e-15 |p-p0| 1.723e-14 continuity 1.804e-16 mass 5.551e-17 GCL 1.665e-16 (global 0.000e+00) R_P/F 1.192e-13 minV 3.9062e-03 disp 0.1442 CFL 0.448
G5 U2 C16/TR2 ALE: 20 steps, max |u-u0|/|u0| 2.334e-14 |v-v0|/|u0| 1.336e-14 (<= 1e-9), |p-p0|/(rho|u0|^2) 2.416e-14 (<= 1e-8); continuity 3.886e-16; GCL/bound 3.769e-03; R_P/F_ref 1.644e-13 global 3.187e-13; domain volume/bound 4.110e-04; min V 3.9062e-03; max displacement 0.1442; max |dV|/V 5.684e-14; max corner-angle change 0.00 deg; max CFL 0.448
  U3 C16/EX2 ALE step  1 t 0.02: |u-u0| 1.857e-14 |v-v0| 9.334e-15 |p-p0| 1.510e-14 continuity 1.527e-16 mass 0.000e+00 GCL 1.587e-16 (global 3.109e-15) R_P/F 1.144e-13 minV 3.9848e-03 disp 0.0071 CFL 0.618
  U3 C16/EX2 ALE step  2 t 0.04: |u-u0| 1.847e-14 |v-v0| 8.987e-15 |p-p0| 1.616e-14 continuity 1.180e-16 mass 3.331e-16 GCL 1.847e-16 (global -2.012e-15) R_P/F 1.325e-13 minV 4.0641e-03 disp 0.0141 CFL 0.612
  U3 C16/EX2 ALE step  3 t 0.06: |u-u0| 1.807e-14 |v-v0| 1.023e-14 |p-p0| 1.341e-14 continuity 1.874e-16 mass 0.000e+00 GCL 2.318e-16 (global 1.978e-16) R_P/F 1.659e-13 minV 4.1441e-03 disp 0.0212 CFL 0.606
  U3 C16/EX2 ALE step  4 t 0.08: |u-u0| 1.867e-14 |v-v0| 9.732e-15 |p-p0| 1.457e-14 continuity 2.567e-16 mass 6.661e-16 GCL 2.147e-16 (global -1.849e-15) R_P/F 1.531e-13 minV 4.2250e-03 disp 0.0283 CFL 0.601
  U3 C16/EX2 ALE step  5 t 0.10: |u-u0| 1.609e-14 |v-v0| 8.490e-15 |p-p0| 2.309e-14 continuity 3.678e-16 mass 6.661e-16 GCL 1.747e-16 (global -1.180e-15) R_P/F 1.255e-13 minV 4.3066e-03 disp 0.0354 CFL 0.595
  U3 C16/EX2 ALE step  6 t 0.12: |u-u0| 1.619e-14 |v-v0| 9.831e-15 |p-p0| 1.092e-14 continuity 3.331e-16 mass 3.331e-16 GCL 1.990e-16 (global 4.517e-15) R_P/F 1.442e-13 minV 4.3891e-03 disp 0.0424 CFL 0.589
  U3 C16/EX2 ALE step  7 t 0.14: |u-u0| 1.688e-14 |v-v0| 8.540e-15 |p-p0| 1.448e-14 continuity 1.874e-16 mass 3.331e-16 GCL 2.252e-16 (global 7.633e-16) R_P/F 1.597e-13 minV 4.4723e-03 disp 0.0495 CFL 0.584
  U3 C16/EX2 ALE step  8 t 0.16: |u-u0| 2.244e-14 |v-v0| 1.162e-14 |p-p0| 1.830e-14 continuity 1.041e-16 mass 5.551e-17 GCL 2.077e-16 (global -1.700e-16) R_P/F 1.480e-13 minV 4.5562e-03 disp 0.0566 CFL 0.579
  U3 C16/EX2 ALE step  9 t 0.18: |u-u0| 1.827e-14 |v-v0| 8.937e-15 |p-p0| 1.581e-14 continuity 2.914e-16 mass 0.000e+00 GCL 1.818e-16 (global -4.607e-15) R_P/F 1.315e-13 minV 4.6410e-03 disp 0.0636 CFL 0.573
  U3 C16/EX2 ALE step 10 t 0.20: |u-u0| 2.006e-14 |v-v0| 9.930e-15 |p-p0| 1.732e-14 continuity 2.498e-16 mass 1.665e-16 GCL 1.924e-16 (global 1.565e-15) R_P/F 1.376e-13 minV 4.7266e-03 disp 0.0707 CFL 0.568
  U3 C16/EX2 ALE step 11 t 0.22: |u-u0| 2.046e-14 |v-v0| 1.082e-14 |p-p0| 1.776e-14 continuity 4.372e-16 mass 3.331e-16 GCL 2.256e-16 (global 6.765e-16) R_P/F 1.630e-13 minV 4.8129e-03 disp 0.0778 CFL 0.563
  U3 C16/EX2 ALE step 12 t 0.24: |u-u0| 1.708e-14 |v-v0| 1.013e-14 |p-p0| 1.776e-14 continuity 1.041e-16 mass 3.331e-16 GCL 2.307e-16 (global -3.469e-17) R_P/F 1.654e-13 minV 4.9000e-03 disp 0.0849 CFL 0.558
  U3 C16/EX2 ALE step 13 t 0.26: |u-u0| 1.549e-14 |v-v0| 9.185e-15 |p-p0| 1.172e-14 continuity 3.678e-16 mass 3.331e-16 GCL 2.706e-16 (global 1.995e-15) R_P/F 1.917e-13 minV 4.9879e-03 disp 0.0919 CFL 0.553
  U3 C16/EX2 ALE step 14 t 0.28: |u-u0| 1.986e-14 |v-v0| 1.023e-14 |p-p0| 1.137e-14 continuity 3.469e-16 mass 3.331e-16 GCL 2.898e-16 (global -4.555e-15) R_P/F 2.089e-13 minV 5.0766e-03 disp 0.0990 CFL 0.548
  U3 C16/EX2 ALE step 15 t 0.30: |u-u0| 2.065e-14 |v-v0| 1.053e-14 |p-p0| 1.874e-14 continuity 3.331e-16 mass 2.776e-16 GCL 2.482e-16 (global -2.057e-15) R_P/F 1.779e-13 minV 5.1660e-03 disp 0.1061 CFL 0.544
  U3 C16/EX2 ALE step 16 t 0.32: |u-u0| 2.075e-14 |v-v0| 1.082e-14 |p-p0| 1.821e-14 continuity 2.984e-16 mass 0.000e+00 GCL 2.304e-16 (global -6.106e-16) R_P/F 1.656e-13 minV 5.2562e-03 disp 0.1131 CFL 0.539
  U3 C16/EX2 ALE step 17 t 0.34: |u-u0| 1.211e-14 |v-v0| 6.852e-15 |p-p0| 1.874e-14 continuity 1.596e-16 mass 3.331e-16 GCL 1.801e-16 (global 1.905e-15) R_P/F 1.265e-13 minV 5.3473e-03 disp 0.1202 CFL 0.534
  U3 C16/EX2 ALE step 18 t 0.36: |u-u0| 2.502e-14 |v-v0| 1.321e-14 |p-p0| 1.066e-14 continuity 5.274e-16 mass 3.331e-16 GCL 2.894e-16 (global 5.350e-15) R_P/F 2.100e-13 minV 5.4391e-03 disp 0.1273 CFL 0.530
  U3 C16/EX2 ALE step 19 t 0.38: |u-u0| 1.370e-14 |v-v0| 6.703e-15 |p-p0| 1.545e-14 continuity 3.192e-16 mass 0.000e+00 GCL 2.051e-16 (global -1.457e-16) R_P/F 1.464e-13 minV 5.5316e-03 disp 0.1344 CFL 0.525
  U3 C16/EX2 ALE step 20 t 0.40: |u-u0| 2.284e-14 |v-v0| 1.182e-14 |p-p0| 1.918e-14 continuity 2.914e-16 mass 3.331e-16 GCL 2.461e-16 (global -4.240e-15) R_P/F 1.735e-13 minV 5.6250e-03 disp 0.1414 CFL 0.521
G5 U3 C16/EX2 ALE: 20 steps, max |u-u0|/|u0| 2.502e-14 |v-v0|/|u0| 1.321e-14 (<= 1e-9), |p-p0|/(rho|u0|^2) 2.309e-14 (<= 1e-8); continuity 5.274e-16; GCL/bound 4.453e-03; R_P/F_ref 2.100e-13 global 3.829e-12; domain volume/bound 3.768e-03; min V 3.9848e-03; max displacement 0.1414; max |dV|/V 2.010e-02; max corner-angle change 0.00 deg; max CFL 0.618
  U4 C16/SH2 ALE step  1 t 0.02: |u-u0| 1.291e-14 |v-v0| 5.958e-15 |p-p0| 7.461e-15 continuity 2.359e-16 mass 1.110e-16 GCL 1.041e-16 (global -2.220e-16) R_P/F 7.577e-14 minV 3.9062e-03 disp 0.0100 CFL 0.630
  U4 C16/SH2 ALE step  2 t 0.04: |u-u0| 8.540e-15 |v-v0| 4.171e-15 |p-p0| 7.194e-15 continuity 1.874e-16 mass 2.220e-16 GCL 8.327e-17 (global 2.220e-16) R_P/F 6.047e-14 minV 3.9062e-03 disp 0.0200 CFL 0.627
  U4 C16/SH2 ALE step  3 t 0.06: |u-u0| 1.440e-14 |v-v0| 7.994e-15 |p-p0| 7.105e-15 continuity 2.845e-16 mass 4.441e-16 GCL 1.180e-16 (global 0.000e+00) R_P/F 8.475e-14 minV 3.9062e-03 disp 0.0300 CFL 0.624
  U4 C16/SH2 ALE step  4 t 0.08: |u-u0| 7.348e-15 |v-v0| 3.972e-15 |p-p0| 9.059e-15 continuity 1.908e-16 mass 2.776e-17 GCL 6.245e-17 (global 2.776e-17) R_P/F 4.429e-14 minV 3.9062e-03 disp 0.0400 CFL 0.620
  U4 C16/SH2 ALE step  5 t 0.10: |u-u0| 6.455e-15 |v-v0| 3.327e-15 |p-p0| 5.951e-15 continuity 1.561e-16 mass 2.776e-17 GCL 5.551e-17 (global -3.469e-17) R_P/F 4.086e-14 minV 3.9062e-03 disp 0.0500 CFL 0.617
  U4 C16/SH2 ALE step  6 t 0.12: |u-u0| 5.759e-15 |v-v0| 2.979e-15 |p-p0| 6.040e-15 continuity 1.839e-16 mass 3.608e-16 GCL 5.551e-17 (global 6.939e-18) R_P/F 4.081e-14 minV 3.9062e-03 disp 0.0600 CFL 0.614
  U4 C16/SH2 ALE step  7 t 0.14: |u-u0| 7.547e-15 |v-v0| 3.376e-15 |p-p0| 7.727e-15 continuity 1.388e-16 mass 1.110e-16 GCL 6.592e-17 (global -6.939e-18) R_P/F 4.588e-14 minV 3.9062e-03 disp 0.0700 CFL 0.611
  U4 C16/SH2 ALE step  8 t 0.16: |u-u0| 7.746e-15 |v-v0| 3.277e-15 |p-p0| 7.994e-15 continuity 2.602e-16 mass 1.665e-16 GCL 8.327e-17 (global 3.469e-18) R_P/F 5.998e-14 minV 3.9062e-03 disp 0.0800 CFL 0.608
  U4 C16/SH2 ALE step  9 t 0.18: |u-u0| 7.249e-15 |v-v0| 3.724e-15 |p-p0| 6.040e-15 continuity 1.769e-16 mass 5.551e-17 GCL 5.725e-17 (global 1.388e-17) R_P/F 4.225e-14 minV 3.9062e-03 disp 0.0900 CFL 0.604
  U4 C16/SH2 ALE step 10 t 0.20: |u-u0| 7.448e-15 |v-v0| 3.525e-15 |p-p0| 6.928e-15 continuity 1.804e-16 mass 2.776e-16 GCL 5.551e-17 (global -6.939e-18) R_P/F 4.017e-14 minV 3.9062e-03 disp 0.1000 CFL 0.601
  U4 C16/SH2 ALE step 11 t 0.22: |u-u0| 1.281e-14 |v-v0| 6.852e-15 |p-p0| 1.101e-14 continuity 2.463e-16 mass 5.551e-17 GCL 1.110e-16 (global 2.151e-16) R_P/F 8.063e-14 minV 3.9062e-03 disp 0.1100 CFL 0.598
  U4 C16/SH2 ALE step 12 t 0.24: |u-u0| 1.172e-14 |v-v0| 6.057e-15 |p-p0| 1.039e-14 continuity 1.631e-16 mass 4.996e-16 GCL 1.388e-16 (global -2.151e-16) R_P/F 9.980e-14 minV 3.9062e-03 disp 0.1200 CFL 0.595
  U4 C16/SH2 ALE step 13 t 0.26: |u-u0| 9.831e-15 |v-v0| 4.915e-15 |p-p0| 5.329e-15 continuity 2.290e-16 mass 2.776e-16 GCL 1.041e-16 (global -1.388e-17) R_P/F 7.323e-14 minV 3.9062e-03 disp 0.1300 CFL 0.592
  U4 C16/SH2 ALE step 14 t 0.28: |u-u0| 1.013e-14 |v-v0| 4.667e-15 |p-p0| 9.681e-15 continuity 2.082e-16 mass 5.551e-17 GCL 8.327e-17 (global 6.939e-18) R_P/F 5.958e-14 minV 3.9062e-03 disp 0.1400 CFL 0.588
  U4 C16/SH2 ALE step 15 t 0.30: |u-u0| 1.053e-14 |v-v0| 5.462e-15 |p-p0| 5.329e-15 continuity 1.874e-16 mass 3.331e-16 GCL 1.110e-16 (global 0.000e+00) R_P/F 7.984e-14 minV 3.9062e-03 disp 0.1500 CFL 0.585
  U4 C16/SH2 ALE step 16 t 0.32: |u-u0| 6.852e-15 |v-v0| 3.575e-15 |p-p0| 7.283e-15 continuity 1.318e-16 mass 5.551e-17 GCL 8.327e-17 (global -2.082e-17) R_P/F 5.998e-14 minV 3.9062e-03 disp 0.1600 CFL 0.582
  U4 C16/SH2 ALE step 17 t 0.34: |u-u0| 9.434e-15 |v-v0| 4.369e-15 |p-p0| 7.461e-15 continuity 2.220e-16 mass 5.551e-17 GCL 8.327e-17 (global 3.469e-17) R_P/F 5.938e-14 minV 3.9062e-03 disp 0.1700 CFL 0.579
  U4 C16/SH2 ALE step 18 t 0.36: |u-u0| 1.132e-14 |v-v0| 5.809e-15 |p-p0| 7.638e-15 continuity 1.388e-16 mass 2.776e-16 GCL 1.110e-16 (global 0.000e+00) R_P/F 8.043e-14 minV 3.9062e-03 disp 0.1800 CFL 0.576
  U4 C16/SH2 ALE step 19 t 0.38: |u-u0| 1.638e-14 |v-v0| 8.242e-15 |p-p0| 8.882e-15 continuity 3.816e-16 mass 5.551e-17 GCL 1.665e-16 (global 0.000e+00) R_P/F 1.186e-13 minV 3.9062e-03 disp 0.1900 CFL 0.572
  U4 C16/SH2 ALE step 20 t 0.40: |u-u0| 7.646e-15 |v-v0| 4.816e-15 |p-p0| 9.415e-15 continuity 1.318e-16 mass 1.665e-16 GCL 1.110e-16 (global 0.000e+00) R_P/F 7.899e-14 minV 3.9062e-03 disp 0.2000 CFL 0.569
G5 U4 C16/SH2 ALE: 20 steps, max |u-u0|/|u0| 1.638e-14 |v-v0|/|u0| 8.242e-15 (<= 1e-9), |p-p0|/(rho|u0|^2) 1.101e-14 (<= 1e-8); continuity 3.816e-16; GCL/bound 2.069e-03; R_P/F_ref 1.186e-13 global 1.629e-13; domain volume/bound 2.393e-04; min V 3.9062e-03; max displacement 0.2000; max |dV|/V 4.263e-14; max corner-angle change 21.80 deg; max CFL 0.630
  U5 Q16/SN2 ALE step  1 t 0.02: |u-u0| 1.529e-14 |v-v0| 7.150e-15 |p-p0| 1.297e-14 continuity 1.457e-16 mass 0.000e+00 GCL 1.191e-16 (global 1.110e-16) R_P/F 8.550e-14 minV 3.3459e-03 disp 0.0219 CFL 0.476
  U5 Q16/SN2 ALE step  2 t 0.04: |u-u0| 1.629e-14 |v-v0| 8.143e-15 |p-p0| 1.599e-14 continuity 1.596e-16 mass 0.000e+00 GCL 1.338e-16 (global 0.000e+00) R_P/F 9.553e-14 minV 3.2839e-03 disp 0.0416 CFL 0.481
  U5 Q16/SN2 ALE step  3 t 0.06: |u-u0| 1.271e-14 |v-v0| 6.554e-15 |p-p0| 2.061e-14 continuity 1.700e-16 mass 0.000e+00 GCL 1.039e-16 (global 4.441e-16) R_P/F 7.573e-14 minV 3.2033e-03 disp 0.0572 CFL 0.498
  U5 Q16/SN2 ALE step  4 t 0.08: |u-u0| 1.539e-14 |v-v0| 9.632e-15 |p-p0| 2.061e-14 continuity 1.388e-16 mass 0.000e+00 GCL 1.398e-16 (global 0.000e+00) R_P/F 1.012e-13 minV 3.1438e-03 disp 0.0672 CFL 0.520
  U5 Q16/SN2 ALE step  5 t 0.10: |u-u0| 1.202e-14 |v-v0| 6.057e-15 |p-p0| 1.288e-14 continuity 2.290e-16 mass 0.000e+00 GCL 1.419e-16 (global 0.000e+00) R_P/F 1.034e-13 minV 3.1212e-03 disp 0.0707 CFL 0.538
  U5 Q16/SN2 ALE step  6 t 0.12: |u-u0| 1.211e-14 |v-v0| 9.434e-15 |p-p0| 1.332e-14 continuity 1.804e-16 mass 0.000e+00 GCL 1.419e-16 (global 0.000e+00) R_P/F 1.038e-13 minV 3.1438e-03 disp 0.0672 CFL 0.698
  U5 Q16/SN2 ALE step  7 t 0.14: |u-u0| 1.142e-14 |v-v0| 6.455e-15 |p-p0| 1.421e-14 continuity 1.110e-16 mass 0.000e+00 GCL 1.398e-16 (global 0.000e+00) R_P/F 1.003e-13 minV 3.2033e-03 disp 0.0572 CFL 0.876
  U5 Q16/SN2 ALE step  8 t 0.16: |u-u0| 1.102e-14 |v-v0| 5.958e-15 |p-p0| 2.220e-14 continuity 1.839e-16 mass 0.000e+00 GCL 1.039e-16 (global -5.551e-16) R_P/F 7.482e-14 minV 3.2839e-03 disp 0.0416 CFL 1.025
  U5 Q16/SN2 ALE step  9 t 0.18: |u-u0| 1.321e-14 |v-v0| 8.490e-15 |p-p0| 1.252e-14 continuity 3.123e-16 mass 0.000e+00 GCL 1.338e-16 (global 1.110e-16) R_P/F 9.491e-14 minV 3.3459e-03 disp 0.0219 CFL 1.129
  U5 Q16/SN2 ALE step 10 t 0.20: |u-u0| 1.092e-14 |v-v0| 5.015e-15 |p-p0| 9.770e-15 continuity 1.388e-16 mass 0.000e+00 GCL 1.191e-16 (global -3.331e-16) R_P/F 8.503e-14 minV 3.3767e-03 disp 0.0000 CFL 1.182
  U5 Q16/SN2 ALE step 11 t 0.22: |u-u0| 9.930e-15 |v-v0| 6.008e-15 |p-p0| 1.101e-14 continuity 2.082e-16 mass 0.000e+00 GCL 1.263e-16 (global -6.661e-16) R_P/F 9.059e-14 minV 3.3459e-03 disp 0.0219 CFL 1.188
  U5 Q16/SN2 ALE step 12 t 0.24: |u-u0| 1.251e-14 |v-v0| 7.150e-15 |p-p0| 1.776e-14 continuity 2.220e-16 mass 0.000e+00 GCL 1.457e-16 (global 9.992e-16) R_P/F 1.051e-13 minV 3.2839e-03 disp 0.0416 CFL 1.137
  U5 Q16/SN2 ALE step 13 t 0.26: |u-u0| 1.708e-14 |v-v0| 9.682e-15 |p-p0| 1.563e-14 continuity 3.123e-16 mass 0.000e+00 GCL 2.081e-16 (global 0.000e+00) R_P/F 1.485e-13 minV 3.2033e-03 disp 0.0572 CFL 1.031
  U5 Q16/SN2 ALE step 14 t 0.28: |u-u0| 1.847e-14 |v-v0| 1.003e-14 |p-p0| 1.243e-14 continuity 1.943e-16 mass 0.000e+00 GCL 1.940e-16 (global -6.661e-16) R_P/F 1.379e-13 minV 3.1438e-03 disp 0.0672 CFL 0.879
  U5 Q16/SN2 ALE step 15 t 0.30: |u-u0| 1.192e-14 |v-v0| 6.355e-15 |p-p0| 1.403e-14 continuity 2.220e-16 mass 0.000e+00 GCL 1.687e-16 (global 0.000e+00) R_P/F 1.186e-13 minV 3.1212e-03 disp 0.0707 CFL 0.699
  U5 Q16/SN2 ALE step 16 t 0.32: |u-u0| 1.211e-14 |v-v0| 5.859e-15 |p-p0| 1.634e-14 continuity 1.769e-16 mass 0.000e+00 GCL 1.687e-16 (global 4.441e-16) R_P/F 1.182e-13 minV 3.1438e-03 disp 0.0672 CFL 0.535
  U5 Q16/SN2 ALE step 17 t 0.34: |u-u0| 1.509e-14 |v-v0| 7.646e-15 |p-p0| 1.883e-14 continuity 2.082e-16 mass 0.000e+00 GCL 1.940e-16 (global 1.110e-16) R_P/F 1.373e-13 minV 3.2033e-03 disp 0.0572 CFL 0.514
  U5 Q16/SN2 ALE step 18 t 0.36: |u-u0| 1.430e-14 |v-v0| 7.597e-15 |p-p0| 1.128e-14 continuity 1.769e-16 mass 0.000e+00 GCL 2.081e-16 (global 1.110e-16) R_P/F 1.492e-13 minV 3.2839e-03 disp 0.0416 CFL 0.492
  U5 Q16/SN2 ALE step 19 t 0.38: |u-u0| 1.291e-14 |v-v0| 6.206e-15 |p-p0| 9.770e-15 continuity 2.325e-16 mass 0.000e+00 GCL 1.457e-16 (global 0.000e+00) R_P/F 1.052e-13 minV 3.3459e-03 disp 0.0219 CFL 0.479
  U5 Q16/SN2 ALE step 20 t 0.40: |u-u0| 1.509e-14 |v-v0| 7.646e-15 |p-p0| 1.297e-14 continuity 1.388e-16 mass 0.000e+00 GCL 1.257e-16 (global -5.551e-16) R_P/F 8.848e-14 minV 3.3767e-03 disp 0.0000 CFL 0.477
G5 U5 Q16/SN2 ALE: 20 steps, max |u-u0|/|u0| 1.847e-14 |v-v0|/|u0| 1.003e-14 (<= 1e-9), |p-p0|/(rho|u0|^2) 2.220e-14 (<= 1e-8); continuity 3.123e-16; GCL/bound 3.662e-03; R_P/F_ref 1.492e-13 global 7.150e-13; domain volume/bound 9.766e-04; min V 3.1212e-03; max displacement 0.0707; max |dV|/V 5.058e-02; max corner-angle change 10.79 deg; max CFL 1.188
  U6 MB2/SN2 ALE step  1 t 0.02: |u-u0| 1.172e-14 |v-v0| 6.752e-15 |p-p0| 9.592e-15 continuity 2.290e-16 mass 0.000e+00 GCL 9.021e-17 (global 2.220e-16) R_P/F 6.633e-14 minV 3.7179e-03 disp 0.0219 CFL 0.480
  U6 MB2/SN2 ALE step  2 t 0.04: |u-u0| 1.728e-14 |v-v0| 1.033e-14 |p-p0| 8.349e-15 continuity 1.665e-16 mass 0.000e+00 GCL 1.180e-16 (global -9.992e-16) R_P/F 8.381e-14 minV 3.5479e-03 disp 0.0416 CFL 0.490
  U6 MB2/SN2 ALE step  3 t 0.06: |u-u0| 1.132e-14 |v-v0| 5.412e-15 |p-p0| 1.084e-14 continuity 2.290e-16 mass 0.000e+00 GCL 1.180e-16 (global 0.000e+00) R_P/F 8.310e-14 minV 3.4130e-03 disp 0.0572 CFL 0.527
  U6 MB2/SN2 ALE step  4 t 0.08: |u-u0| 1.390e-14 |v-v0| 6.752e-15 |p-p0| 1.670e-14 continuity 2.359e-16 mass 0.000e+00 GCL 1.249e-16 (global 7.772e-16) R_P/F 9.015e-14 minV 3.3264e-03 disp 0.0672 CFL 0.561
  U6 MB2/SN2 ALE step  5 t 0.10: |u-u0| 1.261e-14 |v-v0| 7.348e-15 |p-p0| 1.847e-14 continuity 1.665e-16 mass 0.000e+00 GCL 1.249e-16 (global 0.000e+00) R_P/F 8.986e-14 minV 3.2966e-03 disp 0.0707 CFL 0.587
  U6 MB2/SN2 ALE step  6 t 0.12: |u-u0| 9.732e-15 |v-v0| 6.107e-15 |p-p0| 1.759e-14 continuity 2.845e-16 mass 0.000e+00 GCL 1.249e-16 (global 0.000e+00) R_P/F 8.986e-14 minV 3.3264e-03 disp 0.0672 CFL 0.627
  U6 MB2/SN2 ALE step  7 t 0.14: |u-u0| 1.460e-14 |v-v0| 8.093e-15 |p-p0| 1.368e-14 continuity 2.082e-16 mass 0.000e+00 GCL 1.249e-16 (global -7.772e-16) R_P/F 8.976e-14 minV 3.4130e-03 disp 0.0572 CFL 0.741
  U6 MB2/SN2 ALE step  8 t 0.16: |u-u0| 1.430e-14 |v-v0| 6.653e-15 |p-p0| 2.203e-14 continuity 1.804e-16 mass 0.000e+00 GCL 1.180e-16 (global 2.220e-16) R_P/F 8.257e-14 minV 3.5479e-03 disp 0.0416 CFL 0.848
  U6 MB2/SN2 ALE step  9 t 0.18: |u-u0| 9.533e-15 |v-v0| 4.766e-15 |p-p0| 1.705e-14 continuity 2.706e-16 mass 0.000e+00 GCL 1.180e-16 (global 7.772e-16) R_P/F 8.535e-14 minV 3.7179e-03 disp 0.0219 CFL 0.926
  U6 MB2/SN2 ALE step 10 t 0.20: |u-u0| 6.355e-15 |v-v0| 3.674e-15 |p-p0| 9.948e-15 continuity 3.053e-16 mass 0.000e+00 GCL 9.021e-17 (global -2.220e-16) R_P/F 6.628e-14 minV 3.9062e-03 disp 0.0000 CFL 0.966
  U6 MB2/SN2 ALE step 11 t 0.22: |u-u0| 1.072e-14 |v-v0| 6.256e-15 |p-p0| 1.279e-14 continuity 1.145e-16 mass 0.000e+00 GCL 1.318e-16 (global 4.441e-16) R_P/F 9.439e-14 minV 3.7179e-03 disp 0.0219 CFL 0.974
  U6 MB2/SN2 ALE step 12 t 0.24: |u-u0| 1.251e-14 |v-v0| 7.944e-15 |p-p0| 1.297e-14 continuity 1.388e-16 mass 0.000e+00 GCL 1.318e-16 (global -4.441e-16) R_P/F 9.478e-14 minV 3.5479e-03 disp 0.0416 CFL 0.935
  U6 MB2/SN2 ALE step 13 t 0.26: |u-u0| 1.509e-14 |v-v0| 8.292e-15 |p-p0| 1.172e-14 continuity 2.880e-16 mass 0.000e+00 GCL 2.012e-16 (global 4.441e-16) R_P/F 1.435e-13 minV 3.4130e-03 disp 0.0572 CFL 0.861
  U6 MB2/SN2 ALE step 14 t 0.28: |u-u0| 8.341e-15 |v-v0| 5.164e-15 |p-p0| 1.048e-14 continuity 1.353e-16 mass 0.000e+00 GCL 1.180e-16 (global -7.772e-16) R_P/F 8.496e-14 minV 3.3264e-03 disp 0.0672 CFL 0.753
  U6 MB2/SN2 ALE step 15 t 0.30: |u-u0| 1.251e-14 |v-v0| 5.313e-15 |p-p0| 1.803e-14 continuity 2.082e-16 mass 0.000e+00 GCL 1.457e-16 (global 7.772e-16) R_P/F 1.048e-13 minV 3.2966e-03 disp 0.0707 CFL 0.631
  U6 MB2/SN2 ALE step 16 t 0.32: |u-u0| 9.930e-15 |v-v0| 6.951e-15 |p-p0| 1.155e-14 continuity 2.290e-16 mass 0.000e+00 GCL 1.457e-16 (global -9.992e-16) R_P/F 1.070e-13 minV 3.3264e-03 disp 0.0672 CFL 0.584
  U6 MB2/SN2 ALE step 17 t 0.34: |u-u0| 1.291e-14 |v-v0| 7.944e-15 |p-p0| 1.021e-14 continuity 1.422e-16 mass 0.000e+00 GCL 1.180e-16 (global 5.551e-16) R_P/F 8.555e-14 minV 3.4130e-03 disp 0.0572 CFL 0.551
  U6 MB2/SN2 ALE step 18 t 0.36: |u-u0| 1.926e-14 |v-v0| 8.341e-15 |p-p0| 1.297e-14 continuity 1.978e-16 mass 0.000e+00 GCL 2.012e-16 (global 0.000e+00) R_P/F 1.424e-13 minV 3.5479e-03 disp 0.0416 CFL 0.513
  U6 MB2/SN2 ALE step 19 t 0.38: |u-u0| 1.291e-14 |v-v0| 7.746e-15 |p-p0| 1.279e-14 continuity 1.804e-16 mass 0.000e+00 GCL 1.318e-16 (global 4.441e-16) R_P/F 9.607e-14 minV 3.7179e-03 disp 0.0219 CFL 0.480
  U6 MB2/SN2 ALE step 20 t 0.40: |u-u0| 1.430e-14 |v-v0| 6.802e-15 |p-p0| 9.237e-15 continuity 2.671e-16 mass 0.000e+00 GCL 1.318e-16 (global -4.441e-16) R_P/F 9.265e-14 minV 3.9062e-03 disp 0.0000 CFL 0.477
G5 U6 MB2/SN2 ALE: 20 steps, max |u-u0|/|u0| 1.926e-14 |v-v0|/|u0| 1.033e-14 (<= 1e-9), |p-p0|/(rho|u0|^2) 2.203e-14 (<= 1e-8); continuity 3.053e-16; GCL/bound 3.540e-03; R_P/F_ref 1.435e-13 global 7.150e-13; domain volume/bound 8.545e-04; min V 3.2966e-03; max displacement 0.0707; max |dV|/V 5.067e-02; max corner-angle change 10.81 deg; max CFL 0.974
  U7 G16/EX2 ALE step  1 t 0.02: |u-u0| 2.344e-14 |v-v0| 1.172e-14 |p-p0| 1.190e-14 continuity 2.394e-16 mass 0.000e+00 GCL 1.234e-16 (global 1.214e-16) R_P/F 9.087e-14 minV 9.3683e-04 disp 0.0071 CFL 1.286
  U7 G16/EX2 ALE step  2 t 0.04: |u-u0| 3.843e-14 |v-v0| 1.768e-14 |p-p0| 1.830e-14 continuity 2.047e-16 mass 3.331e-16 GCL 2.587e-16 (global 4.267e-16) R_P/F 1.872e-13 minV 9.5548e-04 disp 0.0141 CFL 1.273
  U7 G16/EX2 ALE step  3 t 0.06: |u-u0| 1.976e-14 |v-v0| 9.930e-15 |p-p0| 2.078e-14 continuity 2.776e-16 mass 3.331e-16 GCL 1.540e-16 (global -9.263e-16) R_P/F 1.107e-13 minV 9.7430e-04 disp 0.0212 CFL 1.261
  U7 G16/EX2 ALE step  4 t 0.08: |u-u0| 4.647e-14 |v-v0| 2.155e-14 |p-p0| 4.343e-14 continuity 3.747e-16 mass 3.331e-16 GCL 2.990e-16 (global 3.643e-16) R_P/F 2.139e-13 minV 9.9331e-04 disp 0.0283 CFL 1.249
  U7 G16/EX2 ALE step  5 t 0.10: |u-u0| 1.039e-13 |v-v0| 4.985e-14 |p-p0| 2.842e-14 continuity 4.753e-16 mass 5.551e-17 GCL 4.953e-16 (global -5.135e-16) R_P/F 3.597e-13 minV 1.0125e-03 disp 0.0354 CFL 1.237
  U7 G16/EX2 ALE step  6 t 0.12: |u-u0| 7.269e-14 |v-v0| 3.416e-14 |p-p0| 5.773e-14 continuity 4.510e-16 mass 0.000e+00 GCL 4.055e-16 (global 3.192e-16) R_P/F 2.966e-13 minV 1.0319e-03 disp 0.0424 CFL 1.226
  U7 G16/EX2 ALE step  7 t 0.14: |u-u0| 3.158e-14 |v-v0| 1.643e-14 |p-p0| 3.872e-14 continuity 4.337e-16 mass 5.551e-17 GCL 1.609e-16 (global 7.737e-16) R_P/F 1.155e-13 minV 1.0514e-03 disp 0.0495 CFL 1.214
  U7 G16/EX2 ALE step  8 t 0.16: |u-u0| 4.349e-14 |v-v0| 2.244e-14 |p-p0| 1.972e-14 continuity 3.678e-16 mass 0.000e+00 GCL 1.964e-16 (global -1.665e-16) R_P/F 1.410e-13 minV 1.0712e-03 disp 0.0566 CFL 1.203
  U7 G16/EX2 ALE step  9 t 0.18: |u-u0| 5.829e-14 |v-v0| 2.790e-14 |p-p0| 3.677e-14 continuity 2.325e-16 mass 0.000e+00 GCL 2.794e-16 (global -1.714e-15) R_P/F 2.000e-13 minV 1.0911e-03 disp 0.0636 CFL 1.192
  U7 G16/EX2 ALE step 10 t 0.20: |u-u0| 3.138e-14 |v-v0| 1.331e-14 |p-p0| 3.242e-14 continuity 5.586e-16 mass 1.665e-16 GCL 2.651e-16 (global 1.551e-15) R_P/F 1.895e-13 minV 1.1112e-03 disp 0.0707 CFL 1.181
  U7 G16/EX2 ALE step 11 t 0.22: |u-u0| 5.998e-14 |v-v0| 2.622e-14 |p-p0| 5.782e-14 continuity 5.586e-16 mass 3.331e-16 GCL 2.825e-16 (global 1.141e-15) R_P/F 2.102e-13 minV 1.1315e-03 disp 0.0778 CFL 1.171
  U7 G16/EX2 ALE step 12 t 0.24: |u-u0| 6.355e-14 |v-v0| 3.138e-14 |p-p0| 4.894e-14 continuity 2.741e-16 mass 5.551e-17 GCL 3.971e-16 (global 6.210e-16) R_P/F 2.808e-13 minV 1.1520e-03 disp 0.0849 CFL 1.160
  U7 G16/EX2 ALE step 13 t 0.26: |u-u0| 5.581e-14 |v-v0| 2.532e-14 |p-p0| 3.721e-14 continuity 6.106e-16 mass 0.000e+00 GCL 1.992e-16 (global -3.119e-15) R_P/F 1.436e-13 minV 1.1727e-03 disp 0.0919 CFL 1.150
  U7 G16/EX2 ALE step 14 t 0.28: |u-u0| 5.958e-14 |v-v0| 3.073e-14 |p-p0| 4.023e-14 continuity 5.031e-16 mass 0.000e+00 GCL 3.044e-16 (global 2.342e-15) R_P/F 2.224e-13 minV 1.1935e-03 disp 0.0990 CFL 1.140
  U7 G16/EX2 ALE step 15 t 0.30: |u-u0| 5.164e-14 |v-v0| 2.304e-14 |p-p0| 2.718e-14 continuity 2.845e-16 mass 0.000e+00 GCL 3.649e-16 (global -2.508e-15) R_P/F 2.623e-13 minV 1.2146e-03 disp 0.1061 CFL 1.130
  U7 G16/EX2 ALE step 16 t 0.32: |u-u0| 3.456e-14 |v-v0| 1.887e-14 |p-p0| 3.801e-14 continuity 6.210e-16 mass 5.551e-17 GCL 2.575e-16 (global 2.952e-15) R_P/F 1.847e-13 minV 1.2358e-03 disp 0.1131 CFL 1.121
  U7 G16/EX2 ALE step 17 t 0.34: |u-u0| 4.290e-14 |v-v0| 2.353e-14 |p-p0| 3.073e-14 continuity 6.349e-16 mass 2.776e-16 GCL 3.350e-16 (global -1.669e-15) R_P/F 2.427e-13 minV 1.2572e-03 disp 0.1202 CFL 1.111
  U7 G16/EX2 ALE step 18 t 0.36: |u-u0| 3.416e-14 |v-v0| 1.643e-14 |p-p0| 3.633e-14 continuity 3.088e-16 mass 0.000e+00 GCL 2.486e-16 (global -6.557e-16) R_P/F 1.770e-13 minV 1.2787e-03 disp 0.1273 CFL 1.102
  U7 G16/EX2 ALE step 19 t 0.38: |u-u0| 6.196e-14 |v-v0| 3.754e-14 |p-p0| 4.654e-14 continuity 2.012e-16 mass 0.000e+00 GCL 2.950e-16 (global 1.638e-15) R_P/F 2.102e-13 minV 1.3005e-03 disp 0.1344 CFL 1.093
  U7 G16/EX2 ALE step 20 t 0.40: |u-u0| 5.978e-14 |v-v0| 2.860e-14 |p-p0| 3.180e-14 continuity 2.776e-16 mass 3.331e-16 GCL 3.858e-16 (global 1.769e-16) R_P/F 2.721e-13 minV 1.3225e-03 disp 0.1414 CFL 1.084
G5 U7 G16/EX2 ALE: 20 steps, max |u-u0|/|u0| 1.039e-13 |v-v0|/|u0| 4.985e-14 (<= 1e-9), |p-p0|/(rho|u0|^2) 5.782e-14 (<= 1e-8); continuity 6.349e-16; GCL/bound 8.293e-03; R_P/F_ref 3.597e-13 global 2.231e-12; domain volume/bound 2.390e-03; min V 9.3683e-04; max displacement 0.1414; max |dV|/V 2.010e-02; max corner-angle change 0.00 deg; max CFL 1.286
[       OK ] AlePisoUniformFlow.UniformFlowStaysUniformUnderPrescribedMotion (173 ms)
[ RUN      ] AlePisoUniformFlow.GclInconsistentVariantsBreakUniformFlow
  U1 C16/SN2 N1 no-mesh-flux step  1 t 0.02: |u-u0| 2.656e-02 |v-v0| 1.383e-02 |p-p0| 1.390e+00 continuity 1.291e-15 mass 0.000e+00 GCL 9.021e-17 (global 0.000e+00) R_P/F 6.584e-14 minV 3.7179e-03 disp 0.0219 CFL 0.504
  U1 C16/SN2 N1 no-mesh-flux step  2 t 0.04: |u-u0| 2.716e-02 |v-v0| 2.173e-02 |p-p0| 6.993e-01 continuity 3.181e-15 mass 0.000e+00 GCL 1.180e-16 (global -9.992e-16) R_P/F 8.510e-14 minV 3.5479e-03 disp 0.0416 CFL 0.533
  U1 C16/SN2 N1 no-mesh-flux step  3 t 0.06: |u-u0| 3.715e-02 |v-v0| 2.975e-02 |p-p0| 7.425e-01 continuity 1.214e-16 mass 0.000e+00 GCL 1.180e-16 (global 0.000e+00) R_P/F 8.330e-14 minV 3.4130e-03 disp 0.0572 CFL 0.561
  U1 C16/SN2 N1 no-mesh-flux step  4 t 0.08: |u-u0| 4.615e-02 |v-v0| 3.103e-02 |p-p0| 4.289e-01 continuity 1.270e-15 mass 0.000e+00 GCL 1.249e-16 (global 9.992e-16) R_P/F 8.926e-14 minV 3.3264e-03 disp 0.0672 CFL 0.579
  U1 C16/SN2 N1 no-mesh-flux step  5 t 0.10: |u-u0| 4.514e-02 |v-v0| 3.534e-02 |p-p0| 3.679e-01 continuity 1.266e-15 mass 0.000e+00 GCL 1.249e-16 (global 0.000e+00) R_P/F 9.016e-14 minV 3.2966e-03 disp 0.0707 CFL 0.588
  U1 C16/SN2 N1 no-mesh-flux step  6 t 0.12: |u-u0| 4.234e-02 |v-v0| 2.946e-02 |p-p0| 4.327e-01 continuity 1.291e-14 mass 0.000e+00 GCL 1.249e-16 (global 0.000e+00) R_P/F 1.847e-13 minV 3.3264e-03 disp 0.0672 CFL 0.582
  U1 C16/SN2 N1 no-mesh-flux step  7 t 0.14: |u-u0| 3.033e-02 |v-v0| 2.649e-02 |p-p0| 5.451e-01 continuity 3.626e-15 mass 0.000e+00 GCL 1.249e-16 (global -9.992e-16) R_P/F 8.906e-14 minV 3.4130e-03 disp 0.0572 CFL 0.567
  U1 C16/SN2 N1 no-mesh-flux step  8 t 0.16: |u-u0| 2.340e-02 |v-v0| 1.733e-02 |p-p0| 7.729e-01 continuity 1.013e-15 mass 0.000e+00 GCL 1.180e-16 (global 2.220e-16) R_P/F 8.386e-14 minV 3.5479e-03 disp 0.0416 CFL 0.542
  U1 C16/SN2 N1 no-mesh-flux step  9 t 0.18: |u-u0| 2.575e-02 |v-v0| 1.692e-02 |p-p0| 9.333e-01 continuity 3.032e-15 mass 0.000e+00 GCL 1.180e-16 (global 7.772e-16) R_P/F 8.396e-14 minV 3.7179e-03 disp 0.0219 CFL 0.514
  U1 C16/SN2 N1 no-mesh-flux step 10 t 0.20: |u-u0| 2.777e-02 |v-v0| 2.384e-02 |p-p0| 1.017e+00 continuity 1.915e-15 mass 0.000e+00 GCL 9.021e-17 (global 0.000e+00) R_P/F 6.569e-14 minV 3.9062e-03 disp 0.0000 CFL 0.490
  U1 C16/SN2 N1 no-mesh-flux step 11 t 0.22: |u-u0| 2.988e-02 |v-v0| 3.172e-02 |p-p0| 9.874e-01 continuity 7.307e-15 mass 0.000e+00 GCL 1.318e-16 (global 8.882e-16) R_P/F 1.046e-13 minV 3.7179e-03 disp 0.0219 CFL 0.509
  U1 C16/SN2 N1 no-mesh-flux step 12 t 0.24: |u-u0| 4.081e-02 |v-v0| 3.961e-02 |p-p0| 8.776e-01 continuity 9.090e-15 mass 0.000e+00 GCL 1.318e-16 (global 0.000e+00) R_P/F 1.301e-13 minV 3.5479e-03 disp 0.0416 CFL 0.532
  U1 C16/SN2 N1 no-mesh-flux step 13 t 0.26: |u-u0| 4.896e-02 |v-v0| 4.705e-02 |p-p0| 6.683e-01 continuity 2.123e-15 mass 0.000e+00 GCL 2.012e-16 (global 0.000e+00) R_P/F 1.436e-13 minV 3.4130e-03 disp 0.0572 CFL 0.561
  U1 C16/SN2 N1 no-mesh-flux step 14 t 0.28: |u-u0| 5.202e-02 |v-v0| 5.092e-02 |p-p0| 4.027e-01 continuity 4.469e-15 mass 0.000e+00 GCL 1.180e-16 (global -1.221e-15) R_P/F 8.585e-14 minV 3.3264e-03 disp 0.0672 CFL 0.583
  U1 C16/SN2 N1 no-mesh-flux step 15 t 0.30: |u-u0| 4.960e-02 |v-v0| 5.073e-02 |p-p0| 9.522e-02 continuity 1.036e-14 mass 0.000e+00 GCL 1.457e-16 (global 7.772e-16) R_P/F 1.482e-13 minV 3.2966e-03 disp 0.0707 CFL 0.593
  U1 C16/SN2 N1 no-mesh-flux step 16 t 0.32: |u-u0| 4.422e-02 |v-v0| 4.630e-02 |p-p0| 3.135e-01 continuity 7.855e-15 mass 0.000e+00 GCL 1.457e-16 (global -7.772e-16) R_P/F 1.125e-13 minV 3.3264e-03 disp 0.0672 CFL 0.590
  U1 C16/SN2 N1 no-mesh-flux step 17 t 0.34: |u-u0| 3.651e-02 |v-v0| 3.814e-02 |p-p0| 5.903e-01 continuity 2.963e-15 mass 0.000e+00 GCL 1.180e-16 (global 3.331e-16) R_P/F 8.416e-14 minV 3.4130e-03 disp 0.0572 CFL 0.575
  U1 C16/SN2 N1 no-mesh-flux step 18 t 0.36: |u-u0| 2.753e-02 |v-v0| 2.983e-02 |p-p0| 8.021e-01 continuity 1.510e-14 mass 0.000e+00 GCL 2.012e-16 (global 4.441e-16) R_P/F 2.161e-13 minV 3.5479e-03 disp 0.0416 CFL 0.550
  U1 C16/SN2 N1 no-mesh-flux step 19 t 0.38: |u-u0| 2.616e-02 |v-v0| 2.020e-02 |p-p0| 9.335e-01 continuity 8.743e-15 mass 0.000e+00 GCL 1.318e-16 (global 4.441e-16) R_P/F 1.251e-13 minV 3.7179e-03 disp 0.0219 CFL 0.521
  U1 C16/SN2 N1 no-mesh-flux step 20 t 0.40: |u-u0| 2.735e-02 |v-v0| 2.088e-02 |p-p0| 9.863e-01 continuity 2.567e-15 mass 0.000e+00 GCL 1.318e-16 (global -8.882e-16) R_P/F 9.449e-14 minV 3.9062e-03 disp 0.0000 CFL 0.492
  U1 C16/SN2 N2 V^{n+1}-both-levels step  1 t 0.02: |u-u0| 2.586e-02 |v-v0| 1.185e-02 |p-p0| 1.273e+00 continuity 9.232e-15 mass 0.000e+00 GCL 9.021e-17 (global 0.000e+00) R_P/F 1.321e-13 minV 3.7179e-03 disp 0.0219 CFL 0.480
  U1 C16/SN2 N2 V^{n+1}-both-levels step  2 t 0.04: |u-u0| 2.557e-02 |v-v0| 2.069e-02 |p-p0| 7.899e-01 continuity 3.539e-15 mass 0.000e+00 GCL 1.180e-16 (global -9.992e-16) R_P/F 8.431e-14 minV 3.5479e-03 disp 0.0416 CFL 0.492
  U1 C16/SN2 N2 V^{n+1}-both-levels step  3 t 0.06: |u-u0| 3.554e-02 |v-v0| 2.689e-02 |p-p0| 7.000e-01 continuity 7.702e-16 mass 0.000e+00 GCL 1.180e-16 (global 0.000e+00) R_P/F 8.449e-14 minV 3.4130e-03 disp 0.0572 CFL 0.531
  U1 C16/SN2 N2 V^{n+1}-both-levels step  4 t 0.08: |u-u0| 4.304e-02 |v-v0| 2.934e-02 |p-p0| 3.990e-01 continuity 1.912e-15 mass 0.000e+00 GCL 1.249e-16 (global 9.992e-16) R_P/F 8.976e-14 minV 3.3264e-03 disp 0.0672 CFL 0.568
  U1 C16/SN2 N2 V^{n+1}-both-levels step  5 t 0.10: |u-u0| 4.319e-02 |v-v0| 3.170e-02 |p-p0| 1.612e-01 continuity 6.294e-15 mass 0.000e+00 GCL 1.249e-16 (global 0.000e+00) R_P/F 8.997e-14 minV 3.2966e-03 disp 0.0707 CFL 0.595
  U1 C16/SN2 N2 V^{n+1}-both-levels step  6 t 0.12: |u-u0| 3.995e-02 |v-v0| 2.849e-02 |p-p0| 2.617e-01 continuity 5.666e-15 mass 0.000e+00 GCL 1.249e-16 (global 0.000e+00) R_P/F 8.917e-14 minV 3.3264e-03 disp 0.0672 CFL 0.633
  U1 C16/SN2 N2 V^{n+1}-both-levels step  7 t 0.14: |u-u0| 2.993e-02 |v-v0| 2.509e-02 |p-p0| 5.430e-01 continuity 2.272e-15 mass 0.000e+00 GCL 1.249e-16 (global -9.992e-16) R_P/F 8.986e-14 minV 3.4130e-03 disp 0.0572 CFL 0.744
  U1 C16/SN2 N2 V^{n+1}-both-levels step  8 t 0.16: |u-u0| 2.274e-02 |v-v0| 1.728e-02 |p-p0| 7.819e-01 continuity 4.607e-15 mass 0.000e+00 GCL 1.180e-16 (global 2.220e-16) R_P/F 8.436e-14 minV 3.5479e-03 disp 0.0416 CFL 0.850
  U1 C16/SN2 N2 V^{n+1}-both-levels step  9 t 0.18: |u-u0| 2.557e-02 |v-v0| 1.609e-02 |p-p0| 9.359e-01 continuity 4.122e-15 mass 0.000e+00 GCL 1.180e-16 (global 7.772e-16) R_P/F 8.475e-14 minV 3.7179e-03 disp 0.0219 CFL 0.926
  U1 C16/SN2 N2 V^{n+1}-both-levels step 10 t 0.20: |u-u0| 2.747e-02 |v-v0| 2.187e-02 |p-p0| 1.013e+00 continuity 9.957e-16 mass 0.000e+00 GCL 9.021e-17 (global 0.000e+00) R_P/F 6.420e-14 minV 3.9062e-03 disp 0.0000 CFL 0.966
  U1 C16/SN2 N2 V^{n+1}-both-levels step 11 t 0.22: |u-u0| 2.890e-02 |v-v0| 2.999e-02 |p-p0| 9.809e-01 continuity 1.251e-14 mass 0.000e+00 GCL 1.318e-16 (global 8.882e-16) R_P/F 1.791e-13 minV 3.7179e-03 disp 0.0219 CFL 0.973
  U1 C16/SN2 N2 V^{n+1}-both-levels step 12 t 0.24: |u-u0| 3.502e-02 |v-v0| 4.096e-02 |p-p0| 8.620e-01 continuity 8.625e-15 mass 0.000e+00 GCL 1.318e-16 (global 0.000e+00) R_P/F 1.234e-13 minV 3.5479e-03 disp 0.0416 CFL 0.935
  U1 C16/SN2 N2 V^{n+1}-both-levels step 13 t 0.26: |u-u0| 4.163e-02 |v-v0| 4.894e-02 |p-p0| 6.511e-01 continuity 4.781e-15 mass 0.000e+00 GCL 2.012e-16 (global 0.000e+00) R_P/F 1.438e-13 minV 3.4130e-03 disp 0.0572 CFL 0.862
  U1 C16/SN2 N2 V^{n+1}-both-levels step 14 t 0.28: |u-u0| 4.399e-02 |v-v0| 5.270e-02 |p-p0| 3.924e-01 continuity 4.552e-15 mass 0.000e+00 GCL 1.180e-16 (global -1.221e-15) R_P/F 8.491e-14 minV 3.3264e-03 disp 0.0672 CFL 0.756
  U1 C16/SN2 N2 V^{n+1}-both-levels step 15 t 0.30: |u-u0| 4.194e-02 |v-v0| 5.171e-02 |p-p0| 9.310e-02 continuity 2.429e-15 mass 0.000e+00 GCL 1.457e-16 (global 7.772e-16) R_P/F 1.048e-13 minV 3.2966e-03 disp 0.0707 CFL 0.637
  U1 C16/SN2 N2 V^{n+1}-both-levels step 16 t 0.32: |u-u0| 3.716e-02 |v-v0| 4.598e-02 |p-p0| 3.168e-01 continuity 1.230e-14 mass 0.000e+00 GCL 1.457e-16 (global -7.772e-16) R_P/F 1.759e-13 minV 3.3264e-03 disp 0.0672 CFL 0.585
  U1 C16/SN2 N2 V^{n+1}-both-levels step 17 t 0.34: |u-u0| 3.152e-02 |v-v0| 3.752e-02 |p-p0| 5.908e-01 continuity 1.402e-15 mass 0.000e+00 GCL 1.180e-16 (global 3.331e-16) R_P/F 8.590e-14 minV 3.4130e-03 disp 0.0572 CFL 0.552
  U1 C16/SN2 N2 V^{n+1}-both-levels step 18 t 0.36: |u-u0| 2.436e-02 |v-v0| 2.774e-02 |p-p0| 8.012e-01 continuity 7.210e-15 mass 0.000e+00 GCL 2.012e-16 (global 4.441e-16) R_P/F 1.437e-13 minV 3.5479e-03 disp 0.0416 CFL 0.512
  U1 C16/SN2 N2 V^{n+1}-both-levels step 19 t 0.38: |u-u0| 2.820e-02 |v-v0| 1.972e-02 |p-p0| 9.314e-01 continuity 9.506e-16 mass 0.000e+00 GCL 1.318e-16 (global 4.441e-16) R_P/F 9.439e-14 minV 3.7179e-03 disp 0.0219 CFL 0.480
  U1 C16/SN2 N2 V^{n+1}-both-levels step 20 t 0.40: |u-u0| 3.025e-02 |v-v0| 2.370e-02 |p-p0| 9.859e-01 continuity 2.623e-15 mass 0.000e+00 GCL 1.318e-16 (global -8.882e-16) R_P/F 9.553e-14 minV 3.9062e-03 disp 0.0000 CFL 0.476
  U1 C16/SN2 static step  1 t 0.02: |u-u0| 0.000e+00 |v-v0| 0.000e+00 |p-p0| 0.000e+00 continuity 1.388e-17 mass 0.000e+00 GCL 9.021e-17 (global 0.000e+00) R_P/F 6.455e-14 minV 3.7179e-03 disp 0.0219 CFL 0.504
  U1 C16/SN2 static step  2 t 0.04: |u-u0| 0.000e+00 |v-v0| 0.000e+00 |p-p0| 0.000e+00 continuity 1.388e-17 mass 0.000e+00 GCL 1.180e-16 (global -9.992e-16) R_P/F 8.451e-14 minV 3.5479e-03 disp 0.0416 CFL 0.537
  U1 C16/SN2 static step  3 t 0.06: |u-u0| 0.000e+00 |v-v0| 0.000e+00 |p-p0| 0.000e+00 continuity 1.388e-17 mass 0.000e+00 GCL 1.180e-16 (global 0.000e+00) R_P/F 8.420e-14 minV 3.4130e-03 disp 0.0572 CFL 0.566
  U1 C16/SN2 static step  4 t 0.08: |u-u0| 0.000e+00 |v-v0| 0.000e+00 |p-p0| 0.000e+00 continuity 2.082e-17 mass 0.000e+00 GCL 1.249e-16 (global 9.992e-16) R_P/F 8.936e-14 minV 3.3264e-03 disp 0.0672 CFL 0.587
  U1 C16/SN2 static step  5 t 0.10: |u-u0| 0.000e+00 |v-v0| 0.000e+00 |p-p0| 0.000e+00 continuity 1.388e-17 mass 0.000e+00 GCL 1.249e-16 (global 0.000e+00) R_P/F 8.947e-14 minV 3.2966e-03 disp 0.0707 CFL 0.596
  U1 C16/SN2 static step  6 t 0.12: |u-u0| 0.000e+00 |v-v0| 0.000e+00 |p-p0| 0.000e+00 continuity 2.082e-17 mass 0.000e+00 GCL 1.249e-16 (global 0.000e+00) R_P/F 8.937e-14 minV 3.3264e-03 disp 0.0672 CFL 0.592
  U1 C16/SN2 static step  7 t 0.14: |u-u0| 0.000e+00 |v-v0| 0.000e+00 |p-p0| 0.000e+00 continuity 1.388e-17 mass 0.000e+00 GCL 1.249e-16 (global -9.992e-16) R_P/F 8.926e-14 minV 3.4130e-03 disp 0.0572 CFL 0.576
  U1 C16/SN2 static step  8 t 0.16: |u-u0| 0.000e+00 |v-v0| 0.000e+00 |p-p0| 0.000e+00 continuity 2.082e-17 mass 0.000e+00 GCL 1.180e-16 (global 2.220e-16) R_P/F 8.456e-14 minV 3.5479e-03 disp 0.0416 CFL 0.550
  U1 C16/SN2 static step  9 t 0.18: |u-u0| 0.000e+00 |v-v0| 0.000e+00 |p-p0| 0.000e+00 continuity 1.388e-17 mass 0.000e+00 GCL 1.180e-16 (global 7.772e-16) R_P/F 8.426e-14 minV 3.7179e-03 disp 0.0219 CFL 0.519
  U1 C16/SN2 static step 10 t 0.20: |u-u0| 0.000e+00 |v-v0| 0.000e+00 |p-p0| 0.000e+00 continuity 0.000e+00 mass 0.000e+00 GCL 9.021e-17 (global 0.000e+00) R_P/F 6.469e-14 minV 3.9062e-03 disp 0.0000 CFL 0.488
  U1 C16/SN2 static step 11 t 0.22: |u-u0| 0.000e+00 |v-v0| 0.000e+00 |p-p0| 0.000e+00 continuity 1.388e-17 mass 0.000e+00 GCL 1.318e-16 (global 8.882e-16) R_P/F 9.419e-14 minV 3.7179e-03 disp 0.0219 CFL 0.504
  U1 C16/SN2 static step 12 t 0.24: |u-u0| 0.000e+00 |v-v0| 0.000e+00 |p-p0| 0.000e+00 continuity 2.776e-17 mass 0.000e+00 GCL 1.318e-16 (global 0.000e+00) R_P/F 9.439e-14 minV 3.5479e-03 disp 0.0416 CFL 0.537
  U1 C16/SN2 static step 13 t 0.26: |u-u0| 0.000e+00 |v-v0| 0.000e+00 |p-p0| 0.000e+00 continuity 1.388e-17 mass 0.000e+00 GCL 2.012e-16 (global 0.000e+00) R_P/F 1.438e-13 minV 3.4130e-03 disp 0.0572 CFL 0.566
  U1 C16/SN2 static step 14 t 0.28: |u-u0| 0.000e+00 |v-v0| 0.000e+00 |p-p0| 0.000e+00 continuity 2.082e-17 mass 0.000e+00 GCL 1.180e-16 (global -1.221e-15) R_P/F 8.446e-14 minV 3.3264e-03 disp 0.0672 CFL 0.587
  U1 C16/SN2 static step 15 t 0.30: |u-u0| 0.000e+00 |v-v0| 0.000e+00 |p-p0| 0.000e+00 continuity 1.388e-17 mass 0.000e+00 GCL 1.457e-16 (global 7.772e-16) R_P/F 1.044e-13 minV 3.2966e-03 disp 0.0707 CFL 0.596
  U1 C16/SN2 static step 16 t 0.32: |u-u0| 0.000e+00 |v-v0| 0.000e+00 |p-p0| 0.000e+00 continuity 1.388e-17 mass 0.000e+00 GCL 1.457e-16 (global -7.772e-16) R_P/F 1.044e-13 minV 3.3264e-03 disp 0.0672 CFL 0.592
  U1 C16/SN2 static step 17 t 0.34: |u-u0| 0.000e+00 |v-v0| 0.000e+00 |p-p0| 0.000e+00 continuity 1.388e-17 mass 0.000e+00 GCL 1.180e-16 (global 3.331e-16) R_P/F 8.446e-14 minV 3.4130e-03 disp 0.0572 CFL 0.576
  U1 C16/SN2 static step 18 t 0.36: |u-u0| 0.000e+00 |v-v0| 0.000e+00 |p-p0| 0.000e+00 continuity 2.776e-17 mass 0.000e+00 GCL 2.012e-16 (global 4.441e-16) R_P/F 1.439e-13 minV 3.5479e-03 disp 0.0416 CFL 0.550
  U1 C16/SN2 static step 19 t 0.38: |u-u0| 0.000e+00 |v-v0| 0.000e+00 |p-p0| 0.000e+00 continuity 2.082e-17 mass 0.000e+00 GCL 1.318e-16 (global 4.441e-16) R_P/F 9.444e-14 minV 3.7179e-03 disp 0.0219 CFL 0.519
  U1 C16/SN2 static step 20 t 0.40: |u-u0| 0.000e+00 |v-v0| 0.000e+00 |p-p0| 0.000e+00 continuity 0.000e+00 mass 0.000e+00 GCL 1.318e-16 (global -8.882e-16) R_P/F 9.429e-14 minV 3.9062e-03 disp 0.0000 CFL 0.488
G5.4 U1 C16/SN2: max velocity deviation -- N1 (no mesh flux) 5.202e-02, N2 (V^{n+1} both levels) 5.270e-02 (each >= 1e-5); static formulation 0.000e+00 (recorded; uniform by construction)
  U3 C16/EX2 N1 no-mesh-flux step  1 t 0.02: |u-u0| 1.067e-02 |v-v0| 5.282e-03 |p-p0| 1.786e+00 continuity 1.026e-14 mass 0.000e+00 GCL 1.587e-16 (global 3.109e-15) R_P/F 1.466e-13 minV 3.9848e-03 disp 0.0071 CFL 0.471
  U3 C16/EX2 N1 no-mesh-flux step  2 t 0.04: |u-u0| 9.898e-03 |v-v0| 5.863e-03 |p-p0| 8.857e-01 continuity 1.277e-15 mass 3.331e-16 GCL 1.847e-16 (global -2.012e-15) R_P/F 1.328e-13 minV 4.0641e-03 disp 0.0141 CFL 0.467
  U3 C16/EX2 N1 no-mesh-flux step  3 t 0.06: |u-u0| 9.850e-03 |v-v0| 6.004e-03 |p-p0| 1.402e+00 continuity 1.735e-16 mass 0.000e+00 GCL 2.318e-16 (global 1.978e-16) R_P/F 1.658e-13 minV 4.1441e-03 disp 0.0212 CFL 0.462
  U3 C16/EX2 N1 no-mesh-flux step  4 t 0.08: |u-u0| 9.164e-03 |v-v0| 5.729e-03 |p-p0| 1.127e+00 continuity 5.065e-16 mass 6.661e-16 GCL 2.147e-16 (global -1.849e-15) R_P/F 1.546e-13 minV 4.2250e-03 disp 0.0283 CFL 0.457
  U3 C16/EX2 N1 no-mesh-flux step  5 t 0.10: |u-u0| 8.357e-03 |v-v0| 5.317e-03 |p-p0| 1.284e+00 continuity 3.594e-15 mass 6.661e-16 GCL 1.747e-16 (global -1.180e-15) R_P/F 1.246e-13 minV 4.3066e-03 disp 0.0354 CFL 0.453
  U3 C16/EX2 N1 no-mesh-flux step  6 t 0.12: |u-u0| 7.644e-03 |v-v0| 4.894e-03 |p-p0| 1.204e+00 continuity 6.752e-15 mass 3.331e-16 GCL 1.990e-16 (global 4.517e-15) R_P/F 1.418e-13 minV 4.3891e-03 disp 0.0424 CFL 0.449
  U3 C16/EX2 N1 no-mesh-flux step  7 t 0.14: |u-u0| 7.043e-03 |v-v0| 4.514e-03 |p-p0| 1.250e+00 continuity 1.187e-15 mass 3.331e-16 GCL 2.252e-16 (global 7.633e-16) R_P/F 1.625e-13 minV 4.4723e-03 disp 0.0495 CFL 0.445
  U3 C16/EX2 N1 no-mesh-flux step  8 t 0.16: |u-u0| 6.543e-03 |v-v0| 4.203e-03 |p-p0| 1.230e+00 continuity 9.666e-15 mass 5.551e-17 GCL 2.077e-16 (global -1.700e-16) R_P/F 1.489e-13 minV 4.5562e-03 disp 0.0566 CFL 0.441
  U3 C16/EX2 N1 no-mesh-flux step  9 t 0.18: |u-u0| 6.127e-03 |v-v0| 3.939e-03 |p-p0| 1.242e+00 continuity 1.388e-16 mass 0.000e+00 GCL 1.818e-16 (global -4.607e-15) R_P/F 1.303e-13 minV 4.6410e-03 disp 0.0636 CFL 0.437
  U3 C16/EX2 N1 no-mesh-flux step 10 t 0.20: |u-u0| 5.776e-03 |v-v0| 3.713e-03 |p-p0| 1.239e+00 continuity 8.195e-15 mass 1.665e-16 GCL 1.924e-16 (global 1.565e-15) R_P/F 1.373e-13 minV 4.7266e-03 disp 0.0707 CFL 0.433
  U3 C16/EX2 N1 no-mesh-flux step 11 t 0.22: |u-u0| 5.478e-03 |v-v0| 3.539e-03 |p-p0| 1.242e+00 continuity 4.878e-15 mass 3.331e-16 GCL 2.256e-16 (global 6.765e-16) R_P/F 1.611e-13 minV 4.8129e-03 disp 0.0778 CFL 0.429
  U3 C16/EX2 N1 no-mesh-flux step 12 t 0.24: |u-u0| 5.221e-03 |v-v0| 3.391e-03 |p-p0| 1.242e+00 continuity 1.082e-14 mass 3.331e-16 GCL 2.307e-16 (global -3.469e-17) R_P/F 1.657e-13 minV 4.9000e-03 disp 0.0849 CFL 0.425
  U3 C16/EX2 N1 no-mesh-flux step 13 t 0.26: |u-u0| 4.997e-03 |v-v0| 3.260e-03 |p-p0| 1.244e+00 continuity 8.396e-16 mass 3.331e-16 GCL 2.706e-16 (global 1.995e-15) R_P/F 1.937e-13 minV 4.9879e-03 disp 0.0919 CFL 0.421
  U3 C16/EX2 N1 no-mesh-flux step 14 t 0.28: |u-u0| 4.800e-03 |v-v0| 3.143e-03 |p-p0| 1.245e+00 continuity 1.013e-15 mass 3.331e-16 GCL 2.898e-16 (global -4.555e-15) R_P/F 2.070e-13 minV 5.0766e-03 disp 0.0990 CFL 0.417
  U3 C16/EX2 N1 no-mesh-flux step 15 t 0.30: |u-u0| 4.625e-03 |v-v0| 3.037e-03 |p-p0| 1.246e+00 continuity 2.137e-15 mass 2.776e-16 GCL 2.482e-16 (global -2.057e-15) R_P/F 1.779e-13 minV 5.1660e-03 disp 0.1061 CFL 0.414
  U3 C16/EX2 N1 no-mesh-flux step 16 t 0.32: |u-u0| 4.468e-03 |v-v0| 2.941e-03 |p-p0| 1.246e+00 continuity 1.804e-16 mass 0.000e+00 GCL 2.304e-16 (global -6.106e-16) R_P/F 1.652e-13 minV 5.2562e-03 disp 0.1131 CFL 0.410
  U3 C16/EX2 N1 no-mesh-flux step 17 t 0.34: |u-u0| 4.326e-03 |v-v0| 2.854e-03 |p-p0| 1.247e+00 continuity 1.631e-15 mass 3.331e-16 GCL 1.801e-16 (global 1.905e-15) R_P/F 1.284e-13 minV 5.3473e-03 disp 0.1202 CFL 0.407
  U3 C16/EX2 N1 no-mesh-flux step 18 t 0.36: |u-u0| 4.197e-03 |v-v0| 2.773e-03 |p-p0| 1.248e+00 continuity 1.665e-16 mass 3.331e-16 GCL 2.894e-16 (global 5.350e-15) R_P/F 2.070e-13 minV 5.4391e-03 disp 0.1273 CFL 0.403
  U3 C16/EX2 N1 no-mesh-flux step 19 t 0.38: |u-u0| 4.080e-03 |v-v0| 2.699e-03 |p-p0| 1.249e+00 continuity 7.910e-16 mass 0.000e+00 GCL 2.051e-16 (global -1.457e-16) R_P/F 1.462e-13 minV 5.5316e-03 disp 0.1344 CFL 0.400
  U3 C16/EX2 N1 no-mesh-flux step 20 t 0.40: |u-u0| 3.971e-03 |v-v0| 2.628e-03 |p-p0| 1.249e+00 continuity 2.623e-15 mass 3.331e-16 GCL 2.461e-16 (global -4.240e-15) R_P/F 1.763e-13 minV 5.6250e-03 disp 0.1414 CFL 0.397
  U3 C16/EX2 N2 V^{n+1}-both-levels step  1 t 0.02: |u-u0| 1.081e-02 |v-v0| 5.357e-03 |p-p0| 1.784e+00 continuity 6.245e-16 mass 0.000e+00 GCL 1.587e-16 (global 3.109e-15) R_P/F 1.120e-13 minV 3.9848e-03 disp 0.0071 CFL 0.618
  U3 C16/EX2 N2 V^{n+1}-both-levels step  2 t 0.04: |u-u0| 1.123e-02 |v-v0| 6.674e-03 |p-p0| 8.891e-01 continuity 6.280e-15 mass 3.331e-16 GCL 1.847e-16 (global -2.012e-15) R_P/F 1.335e-13 minV 4.0641e-03 disp 0.0141 CFL 0.612
  U3 C16/EX2 N2 V^{n+1}-both-levels step  3 t 0.06: |u-u0| 1.120e-02 |v-v0| 7.022e-03 |p-p0| 1.404e+00 continuity 2.262e-15 mass 0.000e+00 GCL 2.318e-16 (global 1.978e-16) R_P/F 1.658e-13 minV 4.1441e-03 disp 0.0212 CFL 0.606
  U3 C16/EX2 N2 V^{n+1}-both-levels step  4 t 0.08: |u-u0| 9.912e-03 |v-v0| 6.768e-03 |p-p0| 1.129e+00 continuity 6.287e-15 mass 6.661e-16 GCL 2.147e-16 (global -1.849e-15) R_P/F 1.543e-13 minV 4.2250e-03 disp 0.0283 CFL 0.601
  U3 C16/EX2 N2 V^{n+1}-both-levels step  5 t 0.10: |u-u0| 9.134e-03 |v-v0| 6.418e-03 |p-p0| 1.286e+00 continuity 4.947e-15 mass 6.661e-16 GCL 1.747e-16 (global -1.180e-15) R_P/F 1.260e-13 minV 4.3066e-03 disp 0.0354 CFL 0.595
  U3 C16/EX2 N2 V^{n+1}-both-levels step  6 t 0.12: |u-u0| 8.234e-03 |v-v0| 5.996e-03 |p-p0| 1.206e+00 continuity 1.769e-15 mass 3.331e-16 GCL 1.990e-16 (global 4.517e-15) R_P/F 1.424e-13 minV 4.3891e-03 disp 0.0424 CFL 0.589
  U3 C16/EX2 N2 V^{n+1}-both-levels step  7 t 0.14: |u-u0| 7.635e-03 |v-v0| 5.606e-03 |p-p0| 1.252e+00 continuity 5.100e-15 mass 3.331e-16 GCL 2.252e-16 (global 7.633e-16) R_P/F 1.604e-13 minV 4.4723e-03 disp 0.0495 CFL 0.584
  U3 C16/EX2 N2 V^{n+1}-both-levels step  8 t 0.16: |u-u0| 7.061e-03 |v-v0| 5.238e-03 |p-p0| 1.232e+00 continuity 8.084e-15 mass 5.551e-17 GCL 2.077e-16 (global -1.700e-16) R_P/F 1.478e-13 minV 4.5562e-03 disp 0.0566 CFL 0.579
  U3 C16/EX2 N2 V^{n+1}-both-levels step  9 t 0.18: |u-u0| 6.627e-03 |v-v0| 4.916e-03 |p-p0| 1.244e+00 continuity 4.982e-15 mass 0.000e+00 GCL 1.818e-16 (global -4.607e-15) R_P/F 1.300e-13 minV 4.6410e-03 disp 0.0636 CFL 0.573
  U3 C16/EX2 N2 V^{n+1}-both-levels step 10 t 0.20: |u-u0| 6.242e-03 |v-v0| 4.628e-03 |p-p0| 1.240e+00 continuity 6.023e-15 mass 1.665e-16 GCL 1.924e-16 (global 1.565e-15) R_P/F 1.380e-13 minV 4.7266e-03 disp 0.0707 CFL 0.568
  U3 C16/EX2 N2 V^{n+1}-both-levels step 11 t 0.22: |u-u0| 5.921e-03 |v-v0| 4.376e-03 |p-p0| 1.244e+00 continuity 3.143e-15 mass 3.331e-16 GCL 2.256e-16 (global 6.765e-16) R_P/F 1.615e-13 minV 4.8129e-03 disp 0.0778 CFL 0.563
  U3 C16/EX2 N2 V^{n+1}-both-levels step 12 t 0.24: |u-u0| 5.639e-03 |v-v0| 4.155e-03 |p-p0| 1.244e+00 continuity 3.962e-15 mass 3.331e-16 GCL 2.307e-16 (global -3.469e-17) R_P/F 1.649e-13 minV 4.9000e-03 disp 0.0849 CFL 0.558
  U3 C16/EX2 N2 V^{n+1}-both-levels step 13 t 0.26: |u-u0| 5.398e-03 |v-v0| 3.960e-03 |p-p0| 1.246e+00 continuity 5.558e-15 mass 3.331e-16 GCL 2.706e-16 (global 1.995e-15) R_P/F 1.931e-13 minV 4.9879e-03 disp 0.0919 CFL 0.553
  U3 C16/EX2 N2 V^{n+1}-both-levels step 14 t 0.28: |u-u0| 5.184e-03 |v-v0| 3.787e-03 |p-p0| 1.246e+00 continuity 2.588e-15 mass 3.331e-16 GCL 2.898e-16 (global -4.555e-15) R_P/F 2.075e-13 minV 5.0766e-03 disp 0.0990 CFL 0.548
  U3 C16/EX2 N2 V^{n+1}-both-levels step 15 t 0.30: |u-u0| 4.993e-03 |v-v0| 3.633e-03 |p-p0| 1.247e+00 continuity 6.085e-15 mass 2.776e-16 GCL 2.482e-16 (global -2.057e-15) R_P/F 1.791e-13 minV 5.1660e-03 disp 0.1061 CFL 0.544
  U3 C16/EX2 N2 V^{n+1}-both-levels step 16 t 0.32: |u-u0| 4.821e-03 |v-v0| 3.496e-03 |p-p0| 1.248e+00 continuity 6.127e-15 mass 0.000e+00 GCL 2.304e-16 (global -6.106e-16) R_P/F 1.665e-13 minV 5.2562e-03 disp 0.1131 CFL 0.539
  U3 C16/EX2 N2 V^{n+1}-both-levels step 17 t 0.34: |u-u0| 4.666e-03 |v-v0| 3.372e-03 |p-p0| 1.249e+00 continuity 2.928e-15 mass 3.331e-16 GCL 1.801e-16 (global 1.905e-15) R_P/F 1.289e-13 minV 5.3473e-03 disp 0.1202 CFL 0.534
  U3 C16/EX2 N2 V^{n+1}-both-levels step 18 t 0.36: |u-u0| 4.526e-03 |v-v0| 3.260e-03 |p-p0| 1.249e+00 continuity 1.346e-15 mass 3.331e-16 GCL 2.894e-16 (global 5.350e-15) R_P/F 2.072e-13 minV 5.4391e-03 disp 0.1273 CFL 0.530
  U3 C16/EX2 N2 V^{n+1}-both-levels step 19 t 0.38: |u-u0| 4.399e-03 |v-v0| 3.157e-03 |p-p0| 1.250e+00 continuity 1.422e-15 mass 0.000e+00 GCL 2.051e-16 (global -1.457e-16) R_P/F 1.467e-13 minV 5.5316e-03 disp 0.1344 CFL 0.525
  U3 C16/EX2 N2 V^{n+1}-both-levels step 20 t 0.40: |u-u0| 4.284e-03 |v-v0| 3.064e-03 |p-p0| 1.251e+00 continuity 1.797e-15 mass 3.331e-16 GCL 2.461e-16 (global -4.240e-15) R_P/F 1.765e-13 minV 5.6250e-03 disp 0.1414 CFL 0.521
  U3 C16/EX2 static step  1 t 0.02: |u-u0| 0.000e+00 |v-v0| 0.000e+00 |p-p0| 0.000e+00 continuity 0.000e+00 mass 0.000e+00 GCL 1.587e-16 (global 3.109e-15) R_P/F 1.136e-13 minV 3.9848e-03 disp 0.0071 CFL 0.471
  U3 C16/EX2 static step  2 t 0.04: |u-u0| 0.000e+00 |v-v0| 0.000e+00 |p-p0| 0.000e+00 continuity 1.388e-17 mass 3.331e-16 GCL 1.847e-16 (global -2.012e-15) R_P/F 1.322e-13 minV 4.0641e-03 disp 0.0141 CFL 0.466
  U3 C16/EX2 static step  3 t 0.06: |u-u0| 0.000e+00 |v-v0| 0.000e+00 |p-p0| 0.000e+00 continuity 1.388e-17 mass 0.000e+00 GCL 2.318e-16 (global 1.978e-16) R_P/F 1.658e-13 minV 4.1441e-03 disp 0.0212 CFL 0.461
  U3 C16/EX2 static step  4 t 0.08: |u-u0| 0.000e+00 |v-v0| 0.000e+00 |p-p0| 0.000e+00 continuity 1.388e-17 mass 6.661e-16 GCL 2.147e-16 (global -1.849e-15) R_P/F 1.536e-13 minV 4.2250e-03 disp 0.0283 CFL 0.457
  U3 C16/EX2 static step  5 t 0.10: |u-u0| 0.000e+00 |v-v0| 0.000e+00 |p-p0| 0.000e+00 continuity 1.388e-17 mass 6.661e-16 GCL 1.747e-16 (global -1.180e-15) R_P/F 1.251e-13 minV 4.3066e-03 disp 0.0354 CFL 0.453
  U3 C16/EX2 static step  6 t 0.12: |u-u0| 0.000e+00 |v-v0| 0.000e+00 |p-p0| 0.000e+00 continuity 1.388e-17 mass 3.331e-16 GCL 1.990e-16 (global 4.517e-15) R_P/F 1.424e-13 minV 4.3891e-03 disp 0.0424 CFL 0.449
  U3 C16/EX2 static step  7 t 0.14: |u-u0| 0.000e+00 |v-v0| 0.000e+00 |p-p0| 0.000e+00 continuity 1.388e-17 mass 3.331e-16 GCL 2.252e-16 (global 7.633e-16) R_P/F 1.612e-13 minV 4.4723e-03 disp 0.0495 CFL 0.444
  U3 C16/EX2 static step  8 t 0.16: |u-u0| 0.000e+00 |v-v0| 0.000e+00 |p-p0| 0.000e+00 continuity 1.388e-17 mass 5.551e-17 GCL 2.077e-16 (global -1.700e-16) R_P/F 1.485e-13 minV 4.5562e-03 disp 0.0566 CFL 0.440
  U3 C16/EX2 static step  9 t 0.18: |u-u0| 0.000e+00 |v-v0| 0.000e+00 |p-p0| 0.000e+00 continuity 1.388e-17 mass 0.000e+00 GCL 1.818e-16 (global -4.607e-15) R_P/F 1.301e-13 minV 4.6410e-03 disp 0.0636 CFL 0.436
  U3 C16/EX2 static step 10 t 0.20: |u-u0| 0.000e+00 |v-v0| 0.000e+00 |p-p0| 0.000e+00 continuity 1.388e-17 mass 1.665e-16 GCL 1.924e-16 (global 1.565e-15) R_P/F 1.377e-13 minV 4.7266e-03 disp 0.0707 CFL 0.432
  U3 C16/EX2 static step 11 t 0.22: |u-u0| 0.000e+00 |v-v0| 0.000e+00 |p-p0| 0.000e+00 continuity 2.082e-17 mass 3.331e-16 GCL 2.256e-16 (global 6.765e-16) R_P/F 1.615e-13 minV 4.8129e-03 disp 0.0778 CFL 0.429
  U3 C16/EX2 static step 12 t 0.24: |u-u0| 0.000e+00 |v-v0| 0.000e+00 |p-p0| 0.000e+00 continuity 1.388e-17 mass 3.331e-16 GCL 2.307e-16 (global -3.469e-17) R_P/F 1.652e-13 minV 4.9000e-03 disp 0.0849 CFL 0.425
  U3 C16/EX2 static step 13 t 0.26: |u-u0| 0.000e+00 |v-v0| 0.000e+00 |p-p0| 0.000e+00 continuity 2.082e-17 mass 3.331e-16 GCL 2.706e-16 (global 1.995e-15) R_P/F 1.936e-13 minV 4.9879e-03 disp 0.0919 CFL 0.421
  U3 C16/EX2 static step 14 t 0.28: |u-u0| 0.000e+00 |v-v0| 0.000e+00 |p-p0| 0.000e+00 continuity 1.388e-17 mass 3.331e-16 GCL 2.898e-16 (global -4.555e-15) R_P/F 2.074e-13 minV 5.0766e-03 disp 0.0990 CFL 0.417
  U3 C16/EX2 static step 15 t 0.30: |u-u0| 0.000e+00 |v-v0| 0.000e+00 |p-p0| 0.000e+00 continuity 2.082e-17 mass 2.776e-16 GCL 2.482e-16 (global -2.057e-15) R_P/F 1.778e-13 minV 5.1660e-03 disp 0.1061 CFL 0.414
  U3 C16/EX2 static step 16 t 0.32: |u-u0| 0.000e+00 |v-v0| 0.000e+00 |p-p0| 0.000e+00 continuity 2.082e-17 mass 0.000e+00 GCL 2.304e-16 (global -6.106e-16) R_P/F 1.649e-13 minV 5.2562e-03 disp 0.1131 CFL 0.410
  U3 C16/EX2 static step 17 t 0.34: |u-u0| 0.000e+00 |v-v0| 0.000e+00 |p-p0| 0.000e+00 continuity 1.388e-17 mass 3.331e-16 GCL 1.801e-16 (global 1.905e-15) R_P/F 1.288e-13 minV 5.3473e-03 disp 0.1202 CFL 0.407
  U3 C16/EX2 static step 18 t 0.36: |u-u0| 0.000e+00 |v-v0| 0.000e+00 |p-p0| 0.000e+00 continuity 2.082e-17 mass 3.331e-16 GCL 2.894e-16 (global 5.350e-15) R_P/F 2.074e-13 minV 5.4391e-03 disp 0.1273 CFL 0.403
  U3 C16/EX2 static step 19 t 0.38: |u-u0| 0.000e+00 |v-v0| 0.000e+00 |p-p0| 0.000e+00 continuity 2.082e-17 mass 0.000e+00 GCL 2.051e-16 (global -1.457e-16) R_P/F 1.469e-13 minV 5.5316e-03 disp 0.1344 CFL 0.400
  U3 C16/EX2 static step 20 t 0.40: |u-u0| 0.000e+00 |v-v0| 0.000e+00 |p-p0| 0.000e+00 continuity 2.082e-17 mass 3.331e-16 GCL 2.461e-16 (global -4.240e-15) R_P/F 1.761e-13 minV 5.6250e-03 disp 0.1414 CFL 0.397
G5.4 U3 C16/EX2: max velocity deviation -- N1 (no mesh flux) 1.067e-02, N2 (V^{n+1} both levels) 1.123e-02 (each >= 1e-5); static formulation 0.000e+00 (recorded; uniform by construction)
[       OK ] AlePisoUniformFlow.GclInconsistentVariantsBreakUniformFlow (193 ms)
[----------] 2 tests from AlePisoUniformFlow (367 ms total)

[----------] 2 tests from AlePisoGalilean
[ RUN      ] AlePisoGalilean.TranslatingCavityIsTheFixedCavityPlusTheTranslation
  G6.3 step  1: max |u_B - b - u_A| 2.268e-14, |dp| 7.781e-13, |F_rel,B - F_A| 1.243e-15, R_P 1.181e-14, global 1.599e-14
  G6.3 step  2: max |u_B - b - u_A| 3.568e-14, |dp| 5.115e-13, |F_rel,B - F_A| 7.772e-16, R_P 2.220e-14, global 3.819e-14
  G6.3 step  3: max |u_B - b - u_A| 1.885e-14, |dp| 4.592e-13, |F_rel,B - F_A| 1.086e-15, R_P 2.359e-14, global -7.294e-14
  G6.3 step  4: max |u_B - b - u_A| 2.227e-14, |dp| 3.587e-13, |F_rel,B - F_A| 7.780e-16, R_P 2.228e-14, global 6.056e-14
  G6.3 step  5: max |u_B - b - u_A| 2.854e-14, |dp| 7.128e-13, |F_rel,B - F_A| 9.202e-16, R_P 2.224e-14, global -8.377e-14
  G6.3 step  6: max |u_B - b - u_A| 3.036e-14, |dp| 7.891e-13, |F_rel,B - F_A| 9.764e-16, R_P 2.223e-14, global 1.615e-14
  G6.3 step  7: max |u_B - b - u_A| 3.530e-14, |dp| 6.414e-13, |F_rel,B - F_A| 1.079e-15, R_P 2.146e-14, global -6.058e-15
  G6.3 step  8: max |u_B - b - u_A| 3.988e-14, |dp| 6.456e-13, |F_rel,B - F_A| 1.615e-15, R_P 1.215e-14, global 1.565e-14
  G6.3 step  9: max |u_B - b - u_A| 5.167e-14, |dp| 1.367e-12, |F_rel,B - F_A| 2.072e-15, R_P 3.403e-14, global 2.675e-14
  G6.3 step 10: max |u_B - b - u_A| 6.715e-14, |dp| 1.360e-12, |F_rel,B - F_A| 4.149e-15, R_P 3.324e-14, global -1.765e-14
  G6.3 step 11: max |u_B - b - u_A| 3.758e-14, |dp| 2.263e-12, |F_rel,B - F_A| 1.849e-15, R_P 2.083e-14, global 4.552e-15
  G6.3 step 12: max |u_B - b - u_A| 8.671e-14, |dp| 3.409e-12, |F_rel,B - F_A| 6.601e-15, R_P 2.217e-14, global -3.986e-14
  G6.3 step 13: max |u_B - b - u_A| 5.983e-14, |dp| 1.714e-12, |F_rel,B - F_A| 1.423e-15, R_P 2.222e-14, global 3.786e-14
  G6.3 step 14: max |u_B - b - u_A| 9.525e-14, |dp| 1.869e-12, |F_rel,B - F_A| 5.776e-15, R_P 3.406e-14, global -5.551e-15
  G6.3 step 15: max |u_B - b - u_A| 1.900e-13, |dp| 2.900e-12, |F_rel,B - F_A| 1.147e-14, R_P 2.227e-14, global -5.551e-15
  G6.3 step 16: max |u_B - b - u_A| 7.103e-14, |dp| 4.671e-12, |F_rel,B - F_A| 2.311e-15, R_P 2.293e-14, global 5.553e-15
  G6.3 step 17: max |u_B - b - u_A| 5.949e-14, |dp| 8.753e-13, |F_rel,B - F_A| 1.825e-15, R_P 2.289e-14, global 5.551e-15
  G6.3 step 18: max |u_B - b - u_A| 6.798e-14, |dp| 9.750e-13, |F_rel,B - F_A| 1.351e-15, R_P 2.222e-14, global 5.551e-15
  G6.3 step 19: max |u_B - b - u_A| 7.388e-14, |dp| 5.490e-13, |F_rel,B - F_A| 1.858e-15, R_P 2.295e-14, global 1.665e-14
  G6.3 step 20: max |u_B - b - u_A| 6.021e-14, |dp| 4.440e-13, |F_rel,B - F_A| 1.426e-15, R_P 2.292e-14, global 1.666e-14
G6.3 translating cavity (ALE): max |u_B - b - u_A| 1.900e-13 (<= 1e-8), gauge-aligned |p| 4.671e-12 (<= 1e-8), |F_rel,B - F_A| 1.147e-14 (<= 6.25e-10)
[       OK ] AlePisoGalilean.TranslatingCavityIsTheFixedCavityPlusTheTranslation (56 ms)
[ RUN      ] AlePisoGalilean.StaticFormulationOnTheTranslatingMeshIsNotGalileanInvariant
G6.4 translating cavity, static formulation: max |u_B - b - u_A| 1.174e-01 (>= 1e-4)
[       OK ] AlePisoGalilean.StaticFormulationOnTheTranslatingMeshIsNotGalileanInvariant (54 ms)
[----------] 2 tests from AlePisoGalilean (112 ms total)

[----------] 3 tests from AlePisoMovingWall
[ RUN      ] AlePisoMovingWall.PistonPushesUniformFlowOutOfTheChannel
G7.1 piston: 20 steps, channel length now 1.5000; max |u+Vp|/Vp 3.053e-14, |v|/Vp 4.151e-15 (<= 1e-9), |p|/(rho Vp^2) 4.004e-14 (<= 1e-8), outlet flux error 2.220e-16 (<= 1e-9), R_P/F_ref 3.563e-13, domain volume/bound 1.515e-03
[       OK ] AlePisoMovingWall.PistonPushesUniformFlowOutOfTheChannel (21 ms)
[ RUN      ] AlePisoMovingWall.CouetteFlowIsUnchangedByTangentialMeshTranslation
G7.2 Couette in a translating mesh: max |u - y_c|, |v| 1.144e-14 (<= 1e-9); with the bottom wall given the mesh velocity 2.875e-01 (>= 1e-3)
[       OK ] AlePisoMovingWall.CouetteFlowIsUnchangedByTangentialMeshTranslation (50 ms)
[ RUN      ] AlePisoMovingWall.InconsistentWallMotionIsRefusedAndTheMeshReverted
G7.4 (a) EX2 with stationary walls refused: AlePISO: the prescribed mesh motion is inconsistent with the velocity boundary conditions: patch 'left' (Wall): the boundary moves normally at 0.248762 (face 153) but the stationary wall allows 0 (mismatch 0.248762 > tolerance 3.53553e-09); the fluid cannot cross this boundary, so its normal velocity must equal the boundary's; patch 'right' (Wall): the boundary moves normally at 0.248762 (face 271) but the stationary wall allows 0 (mismatch 0.248762 > tolerance 3.53553e-09); the fluid cannot cross this boundary, so its normal velocity must equal the boundary's; patch 'bottom' (Wall): the boundary moves normally at 0.248762 (face 281) but the stationary wall allows 0 (mismatch 0.248762 > tolerance 3.53553e-09); the fluid cannot cross this boundary, so its normal velocity must equal the boundary's; patch 'top' (Wall): the boundary moves normally at 0.248762 (face 543) but the stationary wall allows 0 (mismatch 0.248762 > tolerance 3.53553e-09); the fluid cannot cross this boundary, so its normal velocity must equal the boundary's;
G7.4 (b) EX2 with symmetry planes refused: AlePISO: the prescribed mesh motion is inconsistent with the velocity boundary conditions: patch 'left' (Symmetry): the boundary moves normally at 0.248762 (face 153) but the symmetry plane allows 0 (mismatch 0.248762 > tolerance 3.53553e-09); the fluid cannot cross this boundary, so its normal velocity must equal the boundary's; patch 'right' (Symmetry): the boundary moves normally at 0.248762 (face 271) but the symmetry plane allows 0 (mismatch 0.248762 > tolerance 3.53553e-09); the fluid cannot cross this boundary, so its normal velocity must equal the boundary's; patch 'bottom' (Symmetry): the boundary moves normally at 0.248762 (face 281) but the symmetry plane allows 0 (mismatch 0.248762 > tolerance 3.53553e-09); the fluid cannot cross this boundary, so its normal velocity must equal the boundary's; patch 'top' (Symmetry): the boundary moves normally at 0.248762 (face 543) but the symmetry plane allows 0 (mismatch 0.248762 > tolerance 3.53553e-09); the fluid cannot cross this boundary, so its normal velocity must equal the boundary's;
G7.4 (c) piston with a mismatched wall velocity refused: AlePISO: the prescribed mesh motion is inconsistent with the velocity boundary conditions: patch 'right' (MovingWall): the boundary moves normally at -0.5 (face 32) but the prescribed wall velocity's normal component is -0.25 (mismatch 0.25 > tolerance 7.5e-09); the fluid cannot cross this boundary, so its normal velocity must equal the boundary's;
[       OK ] AlePisoMovingWall.InconsistentWallMotionIsRefusedAndTheMeshReverted (1 ms)
[----------] 3 tests from AlePisoMovingWall (74 ms total)

[----------] 3 tests from AlePisoTransient
[ RUN      ] AlePisoTransient.TransientSolverRunsAleAndRevertsTheMeshOfARejectedStep
AlePISO + TransientSolver: 20 steps Completed, final mesh = motion replay (bitwise); a CFL-rejected first step leaves the mesh at t0 (bitwise)
[       OK ] AlePisoTransient.TransientSolverRunsAleAndRevertsTheMeshOfARejectedStep (24 ms)
[ RUN      ] AlePisoTransient.NumericalFailureRevertsTheMesh
[       OK ] AlePisoTransient.NumericalFailureRevertsTheMesh (0 ms)
[ RUN      ] AlePisoTransient.RefusesA3DMeshLikePiso
[       OK ] AlePisoTransient.RefusesA3DMeshLikePiso (0 ms)
[----------] 3 tests from AlePisoTransient (27 ms total)

[----------] 1 test from AlePisoConservation
[ RUN      ] AlePisoConservation.StationaryStepMassResidualIsTheContinuityResidualBitForBit
G8.3 C16 cavity, stationary motion: R_P bitwise = continuity imbalance, 5 steps
[       OK ] AlePisoConservation.StationaryStepMassResidualIsTheContinuityResidualBitForBit (5 ms)
[----------] 1 test from AlePisoConservation (6 ms total)

[----------] 1 test from AlePisoOutput
[ RUN      ] AlePisoOutput.VtkWritesTheCurrentMovedGeometry
VTK: 2D (Q16, 5 AlePISO steps, max displacement 0.0707) and 3D (H8, 5 advances) POINTS = the moved vertices, bitwise
[       OK ] AlePisoOutput.VtkWritesTheCurrentMovedGeometry (9 ms)
[----------] 1 test from AlePisoOutput (9 ms total)

[----------] Global test environment tear-down
[==========] 13 tests from 7 test suites ran. (677 ms total)
[  PASSED  ] 13 tests.
exit 0
# end 2026-09-17T15:54:54Z
