# P12-MESH-007 G2.3 2026-09-17T15:55:56Z; binary 9608e76e7b93b701710356c518b16916b80684f2cb0b9a9fc2f37c3364f81519; libcfdcore.a 143a1dda0680bc1d481a0360095ca7c643ffc9e2a2dc53bbd1d55d5a8202132a
# instrument 0f8a1de5e123c78e7aa36c7a9d3287d1d31a8a8e2239d5feb017482a6482f097; data dir /root/m7g23/gate
dumped C16_SN2
dumped Q16_SN2
dumped G16_SN2
dumped MB2_SN2
dumped H8_SN3
[       OK ] MeshMotionEvidence.DISABLED_DumpSinusoidalGeometryForIndependentCheck (194 ms)
[  PASSED  ] 1 test.
8fdfbd2d337df87df6ac75203cbf2a31bdf08480a2b49af89818a2b418cdcd5e  geometry_C16_SN2.json
9b9cf34d4a4da4240c427fd1c40a18c0ff7e61a07f6b340ae2950ef03e7f7cb6  geometry_G16_SN2.json
5411eb46002e308d3488b7c48357ad2c1050aa3827ce1e13d446f932dab60618  geometry_H8_SN3.json
035ae9e47ec9d0f62edcd37f0092f545f42c9f019958295cc5f8f259128e0e2a  geometry_MB2_SN2.json
45f72a9692e5aab025782f201692d771c0c9f9be2c717e4b209b9ff12f9ce153  geometry_Q16_SN2.json
G2.3 C16_SN2  steps 20: volume 0.000e+00 of bound, centroid 0.000e+00 of bound, faceCentroid 0.000e+00 of bound, areaVector 0.000e+00 of bound -> PASS
G2.3 G16_SN2  steps 20: volume 0.000e+00 of bound, centroid 0.000e+00 of bound, faceCentroid 0.000e+00 of bound, areaVector 0.000e+00 of bound -> PASS
G2.3 H8_SN3   steps 20: volume 1.494e-02 of bound, centroid 5.555e-02 of bound, faceCentroid 1.795e-01 of bound, areaVector 1.099e-02 of bound -> PASS
G2.3 MB2_SN2  steps 20: volume 0.000e+00 of bound, centroid 0.000e+00 of bound, faceCentroid 0.000e+00 of bound, areaVector 0.000e+00 of bound -> PASS
G2.3 Q16_SN2  steps 20: volume 0.000e+00 of bound, centroid 0.000e+00 of bound, faceCentroid 0.000e+00 of bound, areaVector 0.000e+00 of bound -> PASS
G2.3 overall: PASS
independent check exit 0
## instrument self-test (a 1e-10 relative volume perturbation must be reported FAIL)
SELF-TEST G2.3 C16_SN2  steps 20: volume 1.133e+02 of bound, centroid 0.000e+00 of bound, faceCentroid 0.000e+00 of bound, areaVector 0.000e+00 of bound -> FAIL
SELF-TEST G2.3 G16_SN2  steps 20: volume 2.624e+01 of bound, centroid 0.000e+00 of bound, faceCentroid 0.000e+00 of bound, areaVector 0.000e+00 of bound -> FAIL
SELF-TEST G2.3 H8_SN3   steps 20: volume 8.796e+02 of bound, centroid 5.555e-02 of bound, faceCentroid 1.795e-01 of bound, areaVector 1.099e-02 of bound -> FAIL
SELF-TEST G2.3 MB2_SN2  steps 20: volume 1.133e+02 of bound, centroid 0.000e+00 of bound, faceCentroid 0.000e+00 of bound, areaVector 0.000e+00 of bound -> FAIL
SELF-TEST G2.3 Q16_SN2  steps 20: volume 1.175e+02 of bound, centroid 0.000e+00 of bound, faceCentroid 0.000e+00 of bound, areaVector 0.000e+00 of bound -> FAIL
G2.3 overall: FAIL
self-test exit 1 (must be 1)
# end 2026-09-17T15:56:17Z
