# G2.3 supplementary channel controls (NOT a gate criterion); 2026-09-17T15:58:40Z
# instrument 0f8a1de5e123c78e7aa36c7a9d3287d1d31a8a8e2239d5feb017482a6482f097; control b00ef3a872a8eab2c6c9c7da6f0c5dc45ee78a0b36e63a1fb8109499d54121c2
# gate dumps /root/m7g23/gate:
#   8fdfbd2d337df87df6ac75203cbf2a31bdf08480a2b49af89818a2b418cdcd5e  geometry_C16_SN2.json
#   9b9cf34d4a4da4240c427fd1c40a18c0ff7e61a07f6b340ae2950ef03e7f7cb6  geometry_G16_SN2.json
#   5411eb46002e308d3488b7c48357ad2c1050aa3827ce1e13d446f932dab60618  geometry_H8_SN3.json
#   035ae9e47ec9d0f62edcd37f0092f545f42c9f019958295cc5f8f259128e0e2a  geometry_MB2_SN2.json
#   45f72a9692e5aab025782f201692d771c0c9f9be2c717e4b209b9ff12f9ce153  geometry_Q16_SN2.json
## identity: instrument exit 0; G2.3 overall: PASS; cases reported FAIL 0 of 5 -> as required
   G2.3 C16_SN2  steps 20: volume 0.000e+00 of bound, centroid 0.000e+00 of bound, faceCentroid 0.000e+00 of bound, areaVector 0.000e+00 of bound -> PASS
   G2.3 G16_SN2  steps 20: volume 0.000e+00 of bound, centroid 0.000e+00 of bound, faceCentroid 0.000e+00 of bound, areaVector 0.000e+00 of bound -> PASS
   G2.3 H8_SN3   steps 20: volume 1.494e-02 of bound, centroid 5.555e-02 of bound, faceCentroid 1.795e-01 of bound, areaVector 1.099e-02 of bound -> PASS
   G2.3 MB2_SN2  steps 20: volume 0.000e+00 of bound, centroid 0.000e+00 of bound, faceCentroid 0.000e+00 of bound, areaVector 0.000e+00 of bound -> PASS
   G2.3 Q16_SN2  steps 20: volume 0.000e+00 of bound, centroid 0.000e+00 of bound, faceCentroid 0.000e+00 of bound, areaVector 0.000e+00 of bound -> PASS
## centroid: instrument exit 1; G2.3 overall: FAIL; cases reported FAIL 6 of 5 -> NOT AS REQUIRED
   G2.3 C16_SN2  steps 20: volume 0.000e+00 of bound, centroid 5.665e+02 of bound, faceCentroid 0.000e+00 of bound, areaVector 0.000e+00 of bound -> FAIL
   G2.3 G16_SN2  steps 20: volume 0.000e+00 of bound, centroid 1.312e+02 of bound, faceCentroid 0.000e+00 of bound, areaVector 0.000e+00 of bound -> FAIL
   G2.3 H8_SN3   steps 20: volume 1.494e-02 of bound, centroid 7.037e+04 of bound, faceCentroid 1.795e-01 of bound, areaVector 1.099e-02 of bound -> FAIL
   G2.3 MB2_SN2  steps 20: volume 0.000e+00 of bound, centroid 5.665e+02 of bound, faceCentroid 0.000e+00 of bound, areaVector 0.000e+00 of bound -> FAIL
   G2.3 Q16_SN2  steps 20: volume 0.000e+00 of bound, centroid 5.874e+02 of bound, faceCentroid 0.000e+00 of bound, areaVector 0.000e+00 of bound -> FAIL
## faceCentroid: instrument exit 1; G2.3 overall: FAIL; cases reported FAIL 6 of 5 -> NOT AS REQUIRED
   G2.3 C16_SN2  steps 20: volume 0.000e+00 of bound, centroid 0.000e+00 of bound, faceCentroid 5.629e+05 of bound, areaVector 0.000e+00 of bound -> FAIL
   G2.3 G16_SN2  steps 20: volume 0.000e+00 of bound, centroid 0.000e+00 of bound, faceCentroid 5.629e+05 of bound, areaVector 0.000e+00 of bound -> FAIL
   G2.3 H8_SN3   steps 20: volume 1.494e-02 of bound, centroid 5.555e-02 of bound, faceCentroid 2.815e+05 of bound, areaVector 1.099e-02 of bound -> FAIL
   G2.3 MB2_SN2  steps 20: volume 0.000e+00 of bound, centroid 0.000e+00 of bound, faceCentroid 5.629e+05 of bound, areaVector 0.000e+00 of bound -> FAIL
   G2.3 Q16_SN2  steps 20: volume 0.000e+00 of bound, centroid 0.000e+00 of bound, faceCentroid 5.629e+05 of bound, areaVector 0.000e+00 of bound -> FAIL
## areaVector: instrument exit 1; G2.3 overall: FAIL; cases reported FAIL 6 of 5 -> NOT AS REQUIRED
   G2.3 C16_SN2  steps 20: volume 0.000e+00 of bound, centroid 0.000e+00 of bound, faceCentroid 0.000e+00 of bound, areaVector 5.629e+05 of bound -> FAIL
   G2.3 G16_SN2  steps 20: volume 0.000e+00 of bound, centroid 0.000e+00 of bound, faceCentroid 0.000e+00 of bound, areaVector 5.629e+05 of bound -> FAIL
   G2.3 H8_SN3   steps 20: volume 1.494e-02 of bound, centroid 5.555e-02 of bound, faceCentroid 1.795e-01 of bound, areaVector 1.592e+06 of bound -> FAIL
   G2.3 MB2_SN2  steps 20: volume 0.000e+00 of bound, centroid 0.000e+00 of bound, faceCentroid 0.000e+00 of bound, areaVector 5.629e+05 of bound -> FAIL
   G2.3 Q16_SN2  steps 20: volume 0.000e+00 of bound, centroid 0.000e+00 of bound, faceCentroid 0.000e+00 of bound, areaVector 5.629e+05 of bound -> FAIL
## orientation: instrument exit 1; G2.3 overall: FAIL; cases reported FAIL 6 of 5 -> NOT AS REQUIRED
   G2.3 C16_SN2  steps 20: volume 0.000e+00 of bound, centroid 0.000e+00 of bound, faceCentroid 0.000e+00 of bound, areaVector 7.037e+13 of bound -> FAIL
   G2.3 G16_SN2  steps 20: volume 0.000e+00 of bound, centroid 0.000e+00 of bound, faceCentroid 0.000e+00 of bound, areaVector 3.412e+13 of bound -> FAIL
   G2.3 H8_SN3   steps 20: volume 1.494e-02 of bound, centroid 5.555e-02 of bound, faceCentroid 1.795e-01 of bound, areaVector 4.976e+13 of bound -> FAIL
   G2.3 MB2_SN2  steps 20: volume 0.000e+00 of bound, centroid 0.000e+00 of bound, faceCentroid 0.000e+00 of bound, areaVector 7.037e+13 of bound -> FAIL
   G2.3 Q16_SN2  steps 20: volume 0.000e+00 of bound, centroid 0.000e+00 of bound, faceCentroid 0.000e+00 of bound, areaVector 7.037e+13 of bound -> FAIL
CONTROLS: NOT AS REQUIRED
exit 1
## identity control vs gate log 26 (the G2.3 verdict lines must be identical)
identical
# end 2026-09-17T15:59:45Z
