# nom7 build 2026-09-17T16:06:21Z; git HEAD b66310ca871811c4c7671056beec291a451af55c
removed  include/cfd/mesh/MeshMotion.hpp
removed  src/mesh/MeshMotion.cpp
removed  include/cfd/pressure_velocity/AlePISO.hpp
removed  src/pressure_velocity/AlePISO.cpp
removed  src/pressure_velocity/PisoStep.hpp
removed  tests/support/MeshMotionCases.hpp
removed  tests/unit/mesh/test_mesh_motion.cpp
removed  tests/unit/discretization/test_ale_operators.cpp
removed  tests/solver/piso/test_ale_piso.cpp
removed  tests/unit/discretization/test_gradient_boundary_consistency.cpp
BASE     include/cfd/mesh/Cell.hpp
BASE     include/cfd/mesh/Face.hpp
BASE     include/cfd/mesh/Mesh.hpp
BASE     src/mesh/Mesh.cpp
BASE     include/cfd/discretization/TimeDerivative.hpp
BASE     src/discretization/TimeDerivative.cpp
BASE     include/cfd/physics/MassFlux.hpp
BASE     src/physics/MassFlux.cpp
BASE     include/cfd/pressure_velocity/TransientMomentum.hpp
BASE     src/pressure_velocity/TransientMomentum.cpp
BASE     src/pressure_velocity/PISO.cpp
BASE     include/cfd/solver/TransientSolver.hpp
BASE     src/solver/TransientSolver.cpp
BASE     src/CMakeLists.txt
BASE     tests/solver/piso/CMakeLists.txt
BASE     tests/unit/mesh/CMakeLists.txt
  include/cfd/mesh/MeshGeometry.hpp: dropped MESH-007 include(s) ['#include <array>']
  include/cfd/mesh/MeshGeometry.hpp: dropped MESH-007 include(s) ['#include <string>']
  include/cfd/mesh/MeshGeometry.hpp: dropped MESH-007 block of 84 lines (current 314-397)
  include/cfd/mesh/MeshGeometry.hpp: kept insertion current 153-212 starting '// P12-GRAD-002 -- where the line through a boundary cell's '
  src/mesh/MeshGeometry.cpp: dropped MESH-007 include(s) ['#include <map>']
  src/mesh/MeshGeometry.cpp: dropped MESH-007 include(s) ['#include <tuple>']
  src/mesh/MeshGeometry.cpp: dropped MESH-007 block of 383 lines (current 1162-1544)
  src/mesh/MeshGeometry.cpp: kept insertion current 227-283 starting '}'
  tests/unit/discretization/CMakeLists.txt: dropped 5 MESH-007 / motion-test line(s)
## verification (generated output directories named 'results' excluded, as in the rsync above)
  differs from current: include/cfd/discretization/TimeDerivative.hpp
  differs from current: include/cfd/mesh/Cell.hpp
  differs from current: include/cfd/mesh/Face.hpp
  differs from current: include/cfd/mesh/Mesh.hpp
  differs from current: include/cfd/mesh/MeshGeometry.hpp
  differs from current: include/cfd/physics/MassFlux.hpp
  differs from current: include/cfd/pressure_velocity/TransientMomentum.hpp
  differs from current: include/cfd/solver/TransientSolver.hpp
  differs from current: src/CMakeLists.txt
  differs from current: src/discretization/TimeDerivative.cpp
  differs from current: src/mesh/Mesh.cpp
  differs from current: src/mesh/MeshGeometry.cpp
  differs from current: src/physics/MassFlux.cpp
  differs from current: src/pressure_velocity/PISO.cpp
  differs from current: src/pressure_velocity/TransientMomentum.cpp
  differs from current: src/solver/TransientSolver.cpp
  differs from current: tests/solver/piso/CMakeLists.txt
  differs from current: tests/unit/discretization/CMakeLists.txt
  differs from current: tests/unit/mesh/CMakeLists.txt
  absent from nom7: include/cfd/mesh/MeshMotion.hpp
  absent from nom7: include/cfd/pressure_velocity/AlePISO.hpp
  absent from nom7: src/mesh/MeshMotion.cpp
  absent from nom7: src/pressure_velocity/AlePISO.cpp
  absent from nom7: src/pressure_velocity/PisoStep.hpp
  absent from nom7: tests/solver/piso/test_ale_piso.cpp
  absent from nom7: tests/support/MeshMotionCases.hpp
  absent from nom7: tests/unit/discretization/test_ale_operators.cpp
  absent from nom7: tests/unit/discretization/test_gradient_boundary_consistency.cpp
  absent from nom7: tests/unit/mesh/test_mesh_motion.cpp
  differs from BASE: include/cfd/discretization/NonOrthogonalDiffusion.hpp
  differs from BASE: include/cfd/mesh/MeshGeometry.hpp
  differs from BASE: include/cfd/thermal/EnergyEquation.hpp
  differs from BASE: src/discretization/Gradient.cpp
  differs from BASE: src/discretization/NonOrthogonalDiffusion.cpp
  differs from BASE: src/mesh/MeshGeometry.cpp
  differs from BASE: src/physics/MomentumEquation.cpp
  differs from BASE: src/solver/SolverRobustness.cpp
  differs from BASE: src/species/SpeciesEquation.cpp
  differs from BASE: src/thermal/EnergyEquation.cpp
  differs from BASE: src/thermal/ThermalInterface.cpp
  differs from BASE: src/turbulence/KEpsilonEquation.cpp
  differs from BASE: tests/integration/case/test_multiblock_production_case.cpp
  differs from BASE: tests/integration/case/test_structured_quad_production_case.cpp
  differs from BASE: tests/integration/compressible/test_low_mach_regression.cpp
  differs from BASE: tests/integration/mms/MMSCases.cpp
  differs from BASE: tests/integration/mms/MMSCases.hpp
  differs from BASE: tests/integration/mms/test_mms_momentum.cpp
  differs from BASE: tests/integration/mms/test_mms_simple.cpp
  differs from BASE: tests/integration/poiseuille/CMakeLists.txt
  differs from BASE: tests/integration/poiseuille/PoiseuilleValidationUtils.cpp
  differs from BASE: tests/integration/poiseuille/PoiseuilleValidationUtils.hpp
  differs from BASE: tests/integration/poiseuille/test_poiseuille_production_validation.cpp
  differs from BASE: tests/integration/species/CMakeLists.txt
  differs from BASE: tests/integration/species/test_species_conservation.cpp
  differs from BASE: tests/integration/thermal/test_natural_convection_validation.cpp
  differs from BASE: tests/solver/simple/test_simple_robustness.cpp
  not in BASE: tests/support/BoundaryFluxProbe.hpp
  differs from BASE: tests/unit/discretization/CMakeLists.txt
  not in BASE: tests/unit/discretization/test_boundary_reconstruction.cpp
  differs from BASE: tests/unit/discretization/test_grid_refinement.cpp
  differs from BASE: tests/unit/mesh/test_mesh_quality_report.cpp
  differs from BASE: tests/unit/physics/test_momentum_diffusion.cpp
  differs from BASE: tests/unit/physics/test_momentum_variable_viscosity.cpp
  differs from BASE: tests/unit/solver/test_solver_robustness.cpp
  differs from BASE: tests/unit/species/test_species_equation.cpp
  differs from BASE: tests/unit/thermal/CMakeLists.txt
  not in BASE: tests/unit/thermal/test_conjugate_boundary_equivalence.cpp
  differs from BASE: tests/unit/thermal/test_energy_equation.cpp
  differs from BASE: tests/unit/thermal/test_energy_equation_variable_properties.cpp
  differs from BASE: tests/unit/thermal/test_sparse_assembly3d.cpp
  differs from BASE: tests/unit/thermal/test_thermal_boundary_consistency.cpp
## MeshGeometry against BASE (only GRAD-002 / DIFF-002 insertions may remain)
150a151,210
226a227,283
## fidelity verdicts F1-F3 (tools/nom7_fidelity.py)
F1 nom7 vs current: 19 changed, 10 absent from nom7, 0 only in nom7; expected set 29 files -> PASS
F2 nom7 vs BASE: 39 changed, 3 only in nom7, 0 only in BASE (evidence files indexed: 929)
   changed      include/cfd/discretization/NonOrthogonalDiffusion.hpp: attributed to results/p12-diff-002/summary.md
   changed      include/cfd/mesh/MeshGeometry.hpp: attributed to results/p12-diff-002/summary.md
   changed      include/cfd/thermal/EnergyEquation.hpp: attributed to results/p12-diff-002/summary.md
   changed      src/discretization/Gradient.cpp: attributed to results/p12-diff-002/a1/logs/03_gate_a1_freeze.log
   changed      src/discretization/NonOrthogonalDiffusion.cpp: attributed to results/p12-diff-002/summary.md
   changed      src/mesh/MeshGeometry.cpp: attributed to results/p12-diff-002/summary.md
   changed      src/physics/MomentumEquation.cpp: attributed to results/p12-diff-002/summary.md
   changed      src/solver/SolverRobustness.cpp: attributed to results/p12-diff-002/summary.md
   changed      src/species/SpeciesEquation.cpp: attributed to results/p12-diff-002/summary.md
   changed      src/thermal/EnergyEquation.cpp: attributed to results/p12-diff-002/summary.md
   changed      src/thermal/ThermalInterface.cpp: attributed to results/p12-diff-002/summary.md
   changed      src/turbulence/KEpsilonEquation.cpp: attributed to results/p12-diff-002/architecture.md
   changed      tests/integration/case/test_multiblock_production_case.cpp: attributed to results/p12-diff-002/a1/logs/03_gate_a1_freeze.log
   changed      tests/integration/case/test_structured_quad_production_case.cpp: attributed to results/p12-diff-002/a1/logs/03_gate_a1_freeze.log
   changed      tests/integration/compressible/test_low_mach_regression.cpp: attributed to results/p12-diff-002/final-w7/logs/03_lowmach.log
   changed      tests/integration/mms/MMSCases.cpp: attributed to results/p12-diff-002/validation-migration/a6/resumed/summary.md
   changed      tests/integration/mms/MMSCases.hpp: attributed to results/p12-diff-002/validation-migration/a6/resumed/summary.md
   changed      tests/integration/mms/test_mms_momentum.cpp: attributed to results/p12-diff-002/validation-migration/a6/resumed/summary.md
   changed      tests/integration/mms/test_mms_simple.cpp: attributed to results/p12-diff-002/a4/logs/02_failure_reasons.log
   changed      tests/integration/poiseuille/CMakeLists.txt: attributed to results/p12-diff-002/uc-001/summary.md
   changed      tests/integration/poiseuille/PoiseuilleValidationUtils.cpp: attributed to results/p12-diff-002/format-001/logs/01_format.log
   changed      tests/integration/poiseuille/PoiseuilleValidationUtils.hpp: attributed to results/p12-diff-002/uc-001/logs/00_freeze.log
   changed      tests/integration/poiseuille/test_poiseuille_production_validation.cpp: attributed to results/p12-diff-002/a4/logs/02_failure_reasons.log
   changed      tests/integration/species/CMakeLists.txt: attributed to results/p12-diff-002/validation-migration/summary.md
   changed      tests/integration/species/test_species_conservation.cpp: attributed to results/p12-diff-002/a4/logs/02_failure_reasons.log
   changed      tests/integration/thermal/test_natural_convection_validation.cpp: attributed to results/p12-diff-002/a4/logs/02_failure_reasons.log
   changed      tests/solver/simple/test_simple_robustness.cpp: attributed to results/p12-diff-002/a4/logs/02_failure_reasons.log
   changed      tests/unit/discretization/CMakeLists.txt: attributed to results/p12-diff-002/logs/10_gate_W4.log
   changed      tests/unit/discretization/test_grid_refinement.cpp: attributed to results/p12-diff-002/final-w7/logs/02_greengauss.log
   changed      tests/unit/mesh/test_mesh_quality_report.cpp: attributed to results/p12-grad-002/summary.md
   changed      tests/unit/physics/test_momentum_diffusion.cpp: attributed to results/p12-diff-002/a4/logs/02_failure_reasons.log
   changed      tests/unit/physics/test_momentum_variable_viscosity.cpp: attributed to results/p12-diff-002/a4/logs/02_failure_reasons.log
   changed      tests/unit/solver/test_solver_robustness.cpp: attributed to results/p12-diff-002/rob-001/acceptance_gate.md
   changed      tests/unit/species/test_species_equation.cpp: attributed to results/p12-diff-002/a4/logs/02_failure_reasons.log
   changed      tests/unit/thermal/CMakeLists.txt: attributed to results/p12-diff-002/thermal-interface-fix/summary.md
   changed      tests/unit/thermal/test_energy_equation.cpp: attributed to results/p12-diff-002/a4/logs/02_failure_reasons.log
   changed      tests/unit/thermal/test_energy_equation_variable_properties.cpp: attributed to results/p12-diff-002/a4/logs/02_failure_reasons.log
   changed      tests/unit/thermal/test_sparse_assembly3d.cpp: attributed to results/p12-diff-002/a4/logs/02_failure_reasons.log
   changed      tests/unit/thermal/test_thermal_boundary_consistency.cpp: attributed to results/p12-diff-002/a4/logs/02_failure_reasons.log
   only in nom7 tests/support/BoundaryFluxProbe.hpp: attributed to results/p12-diff-002/summary.md
   only in nom7 tests/unit/discretization/test_boundary_reconstruction.cpp: attributed to results/p12-diff-002/summary.md
   only in nom7 tests/unit/thermal/test_conjugate_boundary_equivalence.cpp: attributed to results/p12-diff-002/summary.md
F2 -> PASS
F3 include/cfd/mesh/MeshGeometry.hpp: insert BASE 151-150 / nom7 151-210 (60 lines) first '// P12-GRAD-002 -- where the line through a boundary cell's centroid a' names: ['BoundaryInwardStencil', 'BoundaryLineIntersection', 'P12-DIFF-002', 'P12-GRAD-002', 'boundaryInwardStencil', 'boundaryLineIntersection']
F3 src/mesh/MeshGeometry.cpp: insert BASE 225-224 / nom7 225-281 (57 lines) first '}' names: ['BoundaryInwardStencil', 'BoundaryLineIntersection', 'P12-DIFF-002', 'P12-GRAD-002', 'boundaryInwardStencil', 'boundaryLineIntersection']
F3 -> PASS
FIDELITY PASS
build OK, warnings 0
nom7 libcfdcore.a 4421c826c5773306f5e86120db53b38adeb07ea51da3cbb438b69df687bea619; cfdapp 50d890a7c4c106a2fe44e2828d70c87ce684aafbd3ccec505892e454cc00c3cc
# end 2026-09-17T16:07:56Z
