# G9.1 bit identity (A3): nom7 vs NEW; 2026-09-17T16:08:08Z; git HEAD b66310ca871811c4c7671056beec291a451af55c
# nom7 libcfdcore.a 4421c826c5773306f5e86120db53b38adeb07ea51da3cbb438b69df687bea619
# NEW  libcfdcore.a 143a1dda0680bc1d481a0360095ca7c643ffc9e2a2dc53bbd1d55d5a8202132a
# probes: 4aa65828c407784e /mnt/c/Users/Hasib/Desktop/CFDAPP/CFDApp/results/p12-mesh-007/tools/bitprobe7.cpp; a7bef8a34472f5f6 /mnt/c/Users/Hasib/Desktop/CFDAPP/CFDApp/results/p12-mesh-005/tools/bitprobe.cpp; f893e38cdf638af0 /mnt/c/Users/Hasib/Desktop/CFDAPP/CFDApp/results/p12-mesh-006/tools/bitprobe6.cpp; 
# lid_driven_cavity_3d inputs: nom7 vs current identical
/mnt/c/Users/Hasib/Desktop/CFDAPP/CFDApp/results/p12-mesh-007/tools/g9_a3.sh: line 86: 220556 Aborted                 (core dumped) $W/p${p}_$v $CASES > $W/p${p}_$v.txt 2>&1
/mnt/c/Users/Hasib/Desktop/CFDAPP/CFDApp/results/p12-mesh-007/tools/g9_a3.sh: line 86: 220560 Aborted                 (core dumped) $W/p${p}_$v $CASES > $W/p${p}_$v.txt 2>&1
/mnt/c/Users/Hasib/Desktop/CFDAPP/CFDApp/results/p12-mesh-007/tools/g9_a3.sh: line 86: 220562 Aborted                 (core dumped) $W/p${p}_$v $CASES > $W/p${p}_$v.txt 2>&1
/mnt/c/Users/Hasib/Desktop/CFDAPP/CFDApp/results/p12-mesh-007/tools/g9_a3.sh: line 86: 220564 Aborted                 (core dumped) $W/p${p}_$v $CASES > $W/p${p}_$v.txt 2>&1
/mnt/c/Users/Hasib/Desktop/CFDAPP/CFDApp/results/p12-mesh-007/tools/g9_a3.sh: line 87: 220566 Aborted                 (core dumped) $W/p${p}_new $CASES > $W/p${p}_new_again.txt 2>&1
/mnt/c/Users/Hasib/Desktop/CFDAPP/CFDApp/results/p12-mesh-007/tools/g9_a3.sh: line 86: 220570 Aborted                 (core dumped) $W/p${p}_$v $CASES > $W/p${p}_$v.txt 2>&1
/mnt/c/Users/Hasib/Desktop/CFDAPP/CFDApp/results/p12-mesh-007/tools/g9_a3.sh: line 86: 220574 Aborted                 (core dumped) $W/p${p}_$v $CASES > $W/p${p}_$v.txt 2>&1
/mnt/c/Users/Hasib/Desktop/CFDAPP/CFDApp/results/p12-mesh-007/tools/g9_a3.sh: line 86: 220580 Aborted                 (core dumped) $W/p${p}_$v $CASES > $W/p${p}_$v.txt 2>&1
/mnt/c/Users/Hasib/Desktop/CFDAPP/CFDApp/results/p12-mesh-007/tools/g9_a3.sh: line 86: 220582 Aborted                 (core dumped) $W/p${p}_$v $CASES > $W/p${p}_$v.txt 2>&1
/mnt/c/Users/Hasib/Desktop/CFDAPP/CFDApp/results/p12-mesh-007/tools/g9_a3.sh: line 87: 220586 Aborted                 (core dumped) $W/p${p}_new $CASES > $W/p${p}_new_again.txt 2>&1
## probe 7: NEW output (54 lines)
# P12-MESH-007 G9.1 bit probe (FNV-1a of the exact IEEE bits)
geometry   C16                                          286534998004fb22
geometry   G16                                          ad72d5afc35d42ba
geometry   Q16                                          51c93025603c61f2
geometry   MB2                                          6f4254188540c1c2
geometry   H8                                           1444a2989c943c23
piso       C16 cavity step 1                            260e0f913a42ebc6
piso       C16 cavity step 2                            95f737f2764571e9
piso       C16 cavity step 3                            f54b3f8267ab157b
piso       C16 cavity step 4                            fddb4421dab2ce01
piso       C16 cavity step 5                            c43b2b2a7ba76919
piso       C16 cavity step 6                            91052401c5f7fdfe
piso       C16 cavity step 7                            a513405d6b56281a
piso       C16 cavity step 8                            d478b46cb021a8de
piso       C16 cavity step 9                            0178768381e0295c
piso       C16 cavity step 10                           53b64afd29849a32
piso       C16 cavity all steps                         855348c936c18823
transient  C16 cavity TransientSolver                   a2e1947fd2bbc1e0
piso       G16 channel step 1                           6f79be4e8da7e21a
piso       G16 channel step 2                           26d1baebd2fb38ba
piso       G16 channel step 3                           ef3747807aaf02ad
piso       G16 channel step 4                           ed535db411e540d6
piso       G16 channel step 5                           8f068b0ecbdfdb5a
piso       G16 channel step 6                           da0d0917b0bb55f2
piso       G16 channel step 7                           554e667ee10085c8
piso       G16 channel step 8                           07a6e8f00d7e4a18
piso       G16 channel step 9                           349c8f7f62bcb154
piso       G16 channel step 10                          b9a41cc9228ccf49
piso       G16 channel all steps                        f84e2635e1c84ba8
piso       Q16 channel step 1                           edba8d72ee84772b
piso       Q16 channel step 2                           b7cf98cc1ff201ac
piso       Q16 channel step 3                           64c0a1dc4b076a21
piso       Q16 channel step 4                           9028a509cea620c5
piso       Q16 channel step 5                           39a15ae0ede3218c
piso       Q16 channel step 6                           a7c92975b90bf14c
piso       Q16 channel step 7                           1de6360ceaf9d81d
piso       Q16 channel step 8                           240b5fd4be10f677
piso       Q16 channel step 9                           91f11da2a0b3ee00
piso       Q16 channel step 10                          cbdac8b2888cf95b
piso       Q16 channel all steps                        45bda17a4915f8b7
piso       MB2 channel step 1                           1061707dab7844e3
piso       MB2 channel step 2                           1061707dab7844e3
piso       MB2 channel step 3                           1061707dab7844e3
piso       MB2 channel step 4                           1061707dab7844e3
piso       MB2 channel step 5                           1061707dab7844e3
piso       MB2 channel step 6                           1061707dab7844e3
piso       MB2 channel step 7                           1061707dab7844e3
piso       MB2 channel step 8                           1061707dab7844e3
piso       MB2 channel step 9                           1061707dab7844e3
piso       MB2 channel step 10                          1061707dab7844e3
piso       MB2 channel all steps                        46634a7251f99f39
simple3d   lid cube 8^3, 20 iterations                  b28a0e7d76f60d53
thermal    2D C16, u = (0.3, 0.1)                       c57b5b5654929fb6
thermal    3D H8, u = (0.3, 0.1, 0.05)                  9327285711db3ba1
VERDICT G9.1 probe 7 nom7 vs NEW: BITWISE IDENTICAL
N2 probe 7: NEW twice identical
N1 probe 7: cur vs nograd -- 35 differing lines
   > piso       C16 cavity step 1                            0e24f4e70c715643
   > piso       C16 cavity step 2                            825b0d8557434dc3
   > piso       C16 cavity step 3                            da2bf2609125d490
   > piso       C16 cavity step 4                            7f0687cb981e9499
   > piso       C16 cavity step 5                            a2f54f97a5dd87cc
   > piso       C16 cavity step 6                            8a7dcc340c0832fa
   > piso       C16 cavity step 7                            6e5d14236ae8a889
   > piso       C16 cavity step 8                            f2d61527f157b0ba
   > piso       C16 cavity step 9                            165a684bdb57bd8b
   > piso       C16 cavity step 10                           de466c2c0f01368d
   > piso       C16 cavity all steps                         ba3b470898c8f970
   > transient  C16 cavity TransientSolver                   7f01d9dcc74c4f33
   > piso       G16 channel step 1                           5eff229fa838fdc6
   > piso       G16 channel step 2                           44096b06a8e18a3d
   > piso       G16 channel step 3                           93f1d39afafd6371
   > piso       G16 channel step 4                           12ccac486663448f
   > piso       G16 channel step 5                           5e9cb4c653be5c1a
   > piso       G16 channel step 6                           82ca8746bf4b2e79
   > piso       G16 channel step 7                           5aebb7023ad46969
   > piso       G16 channel step 8                           2ec6124b8d9598a4
   > piso       G16 channel step 9                           508cdd7d95b8b07e
   > piso       G16 channel step 10                          58796f9e69556bf0
   > piso       G16 channel all steps                        6cbf76f59f646f48
   > piso       Q16 channel step 1                           99500aee0a66c7ec
   > piso       Q16 channel step 2                           120a287de53f0860
   > piso       Q16 channel step 3                           aafc93ba2687bb2d
   > piso       Q16 channel step 4                           79a4b8c4b8fc8744
   > piso       Q16 channel step 5                           db5ee8d736f97a37
   > piso       Q16 channel step 6                           41260ff835e607cf
   > piso       Q16 channel step 7                           ae0a04c359b51e9b
   > piso       Q16 channel step 8                           a918275f14b0c618
   > piso       Q16 channel step 9                           e46aecdec1ba1a51
   > piso       Q16 channel step 10                          d090bf9672ed6b21
   > piso       Q16 channel all steps                        d33730e7a7e93e00
   > simple3d   lid cube 8^3, 20 iterations                  5912af02a43d9a9e
   (cur == NEW for probe 7)
## probe 5: NEW output (2 lines)
terminate called after throwing an instance of 'cfd::InvalidArgumentError'
  what():  interpolateInternalFaceSkewCorrected: a 3D velocity field needs gradientZ
VERDICT G9.1 probe 5 nom7 vs NEW: BITWISE IDENTICAL
N2 probe 5: NEW twice identical
N1 probe 5: cur vs nograd -- 0 differing lines
   (cur == NEW for probe 5)
## probe 6: NEW output (2 lines)
terminate called after throwing an instance of 'cfd::InvalidArgumentError'
  what():  assembleGeometricPressureCorrection: a 3D mesh needs the w response coefficient
VERDICT G9.1 probe 6 nom7 vs NEW: BITWISE IDENTICAL
N2 probe 6: NEW twice identical
N1 probe 6: cur vs nograd -- 0 differing lines
   (cur == NEW for probe 6)
## N1 requirement (A3 §4): nograd differs from cur only in Gradient.cpp, so geometry items must be identical and
## the non-orthogonal flow item 'Q16 channel' must differ
N1 geometry lines differing: 0 (must be 0); Q16 channel lines differing: 11 (must be > 0) -> AS REQUIRED
# end 2026-09-17T16:08:51Z
