# G9.3 (A3); 2026-09-17T16:17:13Z
## (1) MESH-007's own file list contains no case, fixture or test input
  28 files; under cases/ or tests/data/: 0 []
## (2) nom7 vs current, cases/ and tests/data/
  files: nom7 211, current 211; differing 0
## (3) BASE vs current, cases/ and tests/data/: every change attributed to a later phase
  files: BASE 211, current 211; added 0, removed 0, changed 4
  evidence text files indexed: 929
  changed  cases/curved_channel_multiblock/case.json: attributed to results/p12-diff-002/w8b/logs/00_freeze.log
  changed  cases/curved_channel_multiblock/solver.json: attributed to results/p12-diff-002/w8b/logs/00_freeze.log
  changed  cases/poiseuille_distorted/case.json: attributed to results/p12-diff-002/w8b/logs/00_freeze.log
  changed  cases/poiseuille_distorted/solver.json: attributed to results/p12-diff-002/w8-inv-001/tools/w8inv_structured.cpp
G9.3 PASS (unattributed 0)
exit 0
## instrument self-test (planted changes must be flagged; NOT a gate item)
  unmodified copies: exit 0 (must be 0)
  (2) a nom7 case file changed: exit 1, flagged True (must be 1, True)
  (3) an input added in both trees, named by no evidence: exit 1, flagged True (must be 1, True)
G9.3 SELF-TEST PASS
self-test exit 0
