# G9.4 (A3): nom7 and NEW full suites from the same generated-output snapshot; 2026-09-17T17:09:49Z
# snapshot of the current tree: 270 files
# NEW copy vs repository, src include tests apps cases: 0 differing files
# NEW copy build OK, warnings 0; libcfdcore.a 143a1dda0680bc1d481a0360095ca7c643ffc9e2a2dc53bbd1d55d5a8202132a (build/release: 143a1dda0680bc1d481a0360095ca7c643ffc9e2a2dc53bbd1d55d5a8202132a)
## nom7 suite: ctest exit 0 (194 s): 100% tests passed, 0 tests failed out of 1885
## new suite: ctest exit 0 (192 s): 100% tests passed, 0 tests failed out of 1932
## classification: NEW (candidate) vs nom7 (reference), MESH-006's classifier (via GRAD-002's classify_scope.py)
RUNTIME-ONLY  results/validation/grid_convergence/natural_convection_ra1e3.json
RUNTIME-ONLY  results/validation/grid_convergence/natural_convection_ra1e3.md
RUNTIME-ONLY  results/validation/grid_convergence/poiseuille_flow.json
RUNTIME-ONLY  results/validation/grid_convergence/poiseuille_flow.md
RUNTIME-ONLY  results/validation/mms/compressible_simple_mms.json
RUNTIME-ONLY  results/validation/mms/compressible_simple_mms.md
RUNTIME-ONLY  results/validation/mms/distorted_mesh_mms.json
RUNTIME-ONLY  results/validation/mms/distorted_mesh_mms.md
RUNTIME-ONLY  results/validation/mms/distorted_mesh_momentum_mms.json
RUNTIME-ONLY  results/validation/mms/distorted_mesh_momentum_mms.md
RUNTIME-ONLY  results/validation/mms/distorted_mesh_simple_mms.json
RUNTIME-ONLY  results/validation/mms/distorted_mesh_simple_mms.md
RUNTIME-ONLY  results/validation/mms/momentum_mms.json
RUNTIME-ONLY  results/validation/mms/momentum_mms.md
RUNTIME-ONLY  results/validation/mms/momentum_mms_linear_upwind.json
RUNTIME-ONLY  results/validation/mms/momentum_mms_linear_upwind.md
RUNTIME-ONLY  results/validation/mms/momentum_mms_upwind.json
RUNTIME-ONLY  results/validation/mms/momentum_mms_upwind.md
RUNTIME-ONLY  results/validation/mms/scalar_advection_diffusion_mms.json
RUNTIME-ONLY  results/validation/mms/scalar_advection_diffusion_mms.md
RUNTIME-ONLY  results/validation/mms/simple_mms.json
RUNTIME-ONLY  results/validation/mms/simple_mms.md
RUNTIME-ONLY  results/validation/mms/simple_mms_upwind.json
RUNTIME-ONLY  results/validation/mms/simple_mms_upwind.md
RUNTIME-ONLY  results/validation/natural_convection/Ra1e3/10x10/validation.json
RUNTIME-ONLY  results/validation/natural_convection/Ra1e3/10x10_det_a/validation.json
RUNTIME-ONLY  results/validation/natural_convection/Ra1e3/10x10_det_b/validation.json
RUNTIME-ONLY  results/validation/natural_convection/Ra1e3/10x10_refinement_pair/validation.json
RUNTIME-ONLY  results/validation/natural_convection/Ra1e3/10x10_sign_check/validation.json
RUNTIME-ONLY  results/validation/natural_convection/Ra1e3/10x10_variable_property_regression/validation.json
RUNTIME-ONLY  results/validation/natural_convection/Ra1e3/10x10_zero_beta/validation.json
RUNTIME-ONLY  results/validation/natural_convection/Ra1e3/15x15/validation.json
RUNTIME-ONLY  results/validation/natural_convection/Ra1e3/20x20/validation.json
RUNTIME-ONLY  results/validation/natural_convection/Ra1e3/20x20_variable_property_regression/validation.json
RUNTIME-ONLY  results/validation/production/cavity_re100/20x20_quick/validation.json
RUNTIME-ONLY  results/validation/production/channel_transpiration_graded_grid_convergence.json
RUNTIME-ONLY  results/validation/production/curved_channel_multiblock_grid_convergence.json
RUNTIME-ONLY  results/validation/production/poiseuille.json
RUNTIME-ONLY  results/validation/production/poiseuille.md
RUNTIME-ONLY  results/validation/production/poiseuille_distorted_grid_convergence.json
RUNTIME-ONLY  results/validation/production/scheme_comparison_20x20.json
RUNTIME-ONLY  results/validation/production/scheme_comparison_20x20.md
RUNTIME-ONLY  results/validation/production/turbulent_channel_ci.json
RUNTIME-ONLY  results/validation/production/turbulent_channel_ci.md
RUNTIME-ONLY  results/validation/turbulence/channel_flow/k_epsilon/coarse/validation.json
RUNTIME-ONLY  results/validation/turbulence/channel_flow/k_epsilon/medium/validation.json
RUNTIME-ONLY  results/validation/turbulence/channel_flow/k_omega/coarse/validation.json
RUNTIME-ONLY  results/validation/turbulence/channel_flow/k_omega/medium/validation.json
RUNTIME-ONLY  results/validation/turbulence/channel_flow/sst/coarse/validation.json
RUNTIME-ONLY  results/validation/turbulence/channel_flow/sst/medium/validation.json
checked 270 files; IDENTICAL 220, RUNTIME-ONLY 50, VALUES 0, NEW 0, GONE 0
exit 0
# end 2026-09-17T17:17:48Z
