# P12-MESH-007 AMENDMENT A3 FREEZE 2026-09-17T17:19:31Z; git HEAD b66310ca871811c4c7671056beec291a451af55c
# gate documents and the dry-run record
FROZEN 5b45fed9c473b3b4eca923fa2e4b8ce064022270b67259fb23caf0dbdae5faa8  results/p12-mesh-007/acceptance_gate.md
FROZEN ba60e4f726210ed985b5c5af38149d98f90232ac8f9cd3fec4a4a7d890d03aa0  results/p12-mesh-007/acceptance_gate_A3.md
FROZEN 4c78c96f55d42ff609f9ca4c46ee0efedf6ac1b7909034a06de735d672fab125  results/p12-mesh-007/a3/dryrun.md
# instruments
FROZEN e456902f1f276785bd3ab08c83576852734ee97bc35b7d8b0674ff6b67c29f29  results/p12-mesh-007/tools/g9_a3.sh
FROZEN 5e138b6e22951070353ada9b97c1d002b7f2f5fa71d24704471a62b2fe908a14  results/p12-mesh-007/tools/g9_compat.sh
FROZEN cc0a02a7050ba1c12709e5ce73e2cdc8000dedf866210a24408b479bdcb3bf62  results/p12-mesh-007/tools/build_nom7.sh
FROZEN c420375c387d97b0fa951e66ca01b1b8a25a8252c28dbace198dad099eadca36  results/p12-mesh-007/tools/nom7_fidelity.py
FROZEN 8d91d9bab821b8988ed3c7bed783748ef4a130b08d42787137e8fbcae44301d8  results/p12-mesh-007/tools/g93_inputs.py
FROZEN 4aa65828c407784ea6bb3b347e681cf561113b8902adf5d7fd3ad2e58feadb15  results/p12-mesh-007/tools/bitprobe7.cpp
FROZEN a7bef8a34472f5f680c7ab398805b231ec7a08a8832f2e044b0bd5eda7b54f71  results/p12-mesh-005/tools/bitprobe.cpp
FROZEN f893e38cdf638af0301a271381c5eb0a33857d08adf97ab2656f16cbe4436215  results/p12-mesh-006/tools/bitprobe6.cpp
FROZEN f3d353406c51d8e459f5a05f690984ae0fcf5dc796ed7171910bdc6df9afec5a  results/p12-grad-002/a2/tools/classify_scope.py
FROZEN 7a4878b66ee7b210c1fc3872fa8ddc3087e6a61bf196673f16bec22ff045a07b  results/p12-mesh-006/a3/tools/classify_generated_outputs.py
FROZEN 3967ba309fd13a67587f6fe5235f665ce62c0ef0919dec35981a5c57b7b8d2db  results/p12-mesh-007/tools/freeze_a3.sh
# dry-run logs (final sequence and every preserved attempt)
FROZEN f28bca348bc469b918ebf579e5f94788c312271efb102fa45acdc870c077a200  results/p12-mesh-007/logs/30_a3_dry_build_nom7.log
FROZEN f9023a723731fdff0597bdd99a4a30b63e3b38074e916a77f582a1f456f7d77b  results/p12-mesh-007/logs/30_a3_dry_build_nom7.pre-final-script.log
FROZEN f9cd1c5bf86898c926537553461821dbb993e58ce6f9d339b3d26a65d7d81e54  results/p12-mesh-007/logs/30_a3_dry_build_nom7.run1-verification-listed-generated-outputs.log
FROZEN 212cc6ea545755b654ed9d4ca05e14068ad5031c7a50846747359e2038f5eed1  results/p12-mesh-007/logs/31_a3_dry_g91_bitprobes.log
FROZEN ddd3d6efcc7da8008e5b9c5e8bc7eba5a5a16d7395abcee4f6f8734124add314  results/p12-mesh-007/logs/31_a3_dry_g91_bitprobes.pre-final-script.log
FROZEN 75042460324512082cf0127a2210e848493e71d8b42fab300a87d30246c9c2ba  results/p12-mesh-007/logs/31_a3_dry_g91_bitprobes.run1-probes5-6-aborted-on-3D-case.log
FROZEN 163c8319a6b9237320f9405b32825f7d691f10a507e9dbb408143283a8a54efb  results/p12-mesh-007/logs/31_a3_dry_g91_bitprobes.run2-2D-cases-exit-checked-no-completeness-check.log
FROZEN 7b79cb74f9fccc9b39314e63112e55102901ee1945722c67655f59188813c09d  results/p12-mesh-007/logs/31_a3_dry_g91_bitprobes.run3-before-check-refactor.log
FROZEN c83ec1d7f7aa11475344f977e7c4bd8d8a4cd6250a818e296b5295d622c8f3ad  results/p12-mesh-007/logs/31_a3_dry_g91_failclosed_selftest.log
FROZEN 6d46be3c505d81b30700f2cfcb3efa148aff395066bd9462fbecf645db24283e  results/p12-mesh-007/logs/31_a3_dry_g91_failclosed_selftest.pre-final-script.log
FROZEN 80c814912f9ba093891c521acd0dd8ce1854decdcbee06e5f6002c2b11b96a86  results/p12-mesh-007/logs/31_a3_dry_g91_failclosed_selftest.run1-on-run3-outputs.log
FROZEN 0d60c9a32a32c90738944bbaccde3e11d53c67557cc36083e93c3883c22a7034  results/p12-mesh-007/logs/32_a3_dry_g92_cli.log
FROZEN e97a39c9dc050cbd651ed50b7d08f27e1d12c5ba3c6981449e6ab8b5f31ded37  results/p12-mesh-007/logs/32_a3_dry_g92_cli.pre-final-script.log
FROZEN dd0a13885ae94bad21e4191ff938b75311c6741f07ac07cfca237023bd66bca2  results/p12-mesh-007/logs/32_a3_dry_g92_failclosed_selftest.log
FROZEN 4fbdf5123a82eb976ba3ddc96bf3fd072c654ffb69b63bf1adfcd733de15019d  results/p12-mesh-007/logs/32_a3_dry_g92_failclosed_selftest.pre-final-script.log
FROZEN f3d2728d2b948b679c7c4c121c75b95006c7510f2e4b8ee0f2aae999e25e91d4  results/p12-mesh-007/logs/33_a3_dry_g93_inputs.log
FROZEN 1c49df79e88adf6b5dc3e773f954c71ff6c27f43c078fc6bc53143e8e50a5cfa  results/p12-mesh-007/logs/33_a3_dry_g93_inputs.pre-final-script.log
FROZEN f7f75ed61d4857075f28b649bb383ab841ea0b128a8b7d869191e85e236ba76a  results/p12-mesh-007/logs/33_a3_dry_g93_inputs.run1-no-selftest.log
FROZEN 4c70d1cde21c7c1c7b3d91735ea66125dcc1e29a1168a9febb8720510eb680cc  results/p12-mesh-007/logs/34_a3_dry_g94_outputs.log
FROZEN 28d75d70234ddb20dc458e2ee86c201bdaa97510f608fb17c6a35da10a0e6e25  results/p12-mesh-007/logs/3x_a3_dry_driver.log
# earlier MESH-007 evidence this amendment relies on (the original failure and the unchanged rerun)
FROZEN 70738570bcf7eff96b8a6f658f47477092e9561657e7bb6ed25fcc5004301085  results/p12-mesh-007/logs/12_gate_stage3_G1.2_G5_G6_G7_G8.log
FROZEN c493e5d41e77819096d71b68f9ab08cc1157a9396d536cff622b3863aca85d85  results/p12-mesh-007/logs/20_rerun_stage1_G1.1_G1.3_G2_G3_G4.log
FROZEN c0a0eee049a53cfdd52fdec6e18955f54f457eb0eb9a56fda6406d5a1368fab6  results/p12-mesh-007/logs/21_rerun_stage2_G1.4_G6.1_G6.5.log
FROZEN 94b3ccabba49cc67e9f76cc979b32841ba1379a45dd6612ee1842c43f29f4034  results/p12-mesh-007/logs/22_rerun_stage3_G1.2_G5_G6_G7_G8.log
FROZEN 9f22b1b26c06fa640505da44eb28c95cd520e81dc318d983fc30a1b677e8af80  results/p12-mesh-007/logs/26_g23_gate.log
# libraries
FROZEN-LIB new 143a1dda0680bc1d481a0360095ca7c643ffc9e2a2dc53bbd1d55d5a8202132a
FROZEN-LIB nom7 4421c826c5773306f5e86120db53b38adeb07ea51da3cbb438b69df687bea619
# BASE (pre-MESH-007 reference used by F2/F3/G9.3): eaadaa635e70adb180703875b4d8916fb0baee6277feac08c98c206a85330d6e
# control libraries (N1, N3): cur 143a1dda0680bc1d481a0360095ca7c643ffc9e2a2dc53bbd1d55d5a8202132a, nograd c74f6ab75714a3f1a008e29d892e60a5fc77a545627339f346f15b7664c1e074
# end 2026-09-17T17:19:31Z
