# G9.1 bit identity (A3): nom7 vs NEW; 2026-09-17T17:21:13Z; git HEAD b66310ca871811c4c7671056beec291a451af55c
# nom7 libcfdcore.a 4421c826c5773306f5e86120db53b38adeb07ea51da3cbb438b69df687bea619
# NEW  libcfdcore.a 143a1dda0680bc1d481a0360095ca7c643ffc9e2a2dc53bbd1d55d5a8202132a
# probes: 4aa65828c407784e /mnt/c/Users/Hasib/Desktop/CFDAPP/CFDApp/results/p12-mesh-007/tools/bitprobe7.cpp; a7bef8a34472f5f6 /mnt/c/Users/Hasib/Desktop/CFDAPP/CFDApp/results/p12-mesh-005/tools/bitprobe.cpp; f893e38cdf638af0 /mnt/c/Users/Hasib/Desktop/CFDAPP/CFDApp/results/p12-mesh-006/tools/bitprobe6.cpp; 
# 2D committed cases for probes 5 and 6 (16 of 19): annular_sector_conduction_multiblock channel_transpiration_graded compressible_channel_coupled compressible_validation curved_channel_multiblock heated_cavity heated_species_diffusion lid_driven_cavity lid_driven_cavity_40x40 lid_driven_cavity_80x80 multiphase_validation obstacle_channel_multiblock poiseuille_distorted poiseuille_flow species_diffusion step_channel_multiblock 
# lid_driven_cavity_3d inputs: nom7 vs current identical
probe runs with exit 0: all
probe outputs complete (every expected mesh, flow and case printed, all variants): yes
## probe 7: NEW output (55 lines)
# P12-MESH-007 G9.1 bit probe (FNV-1a of the exact IEEE bits)
geometry   C16                                          286534998004fb22
geometry   G16                                          ad72d5afc35d42ba
geometry   Q16                                          51c93025603c61f2
geometry   MB2                                          6f4254188540c1c2
geometry   H8                                           1444a2989c943c23
piso       C16 cavity step 1                            260e0f913a42ebc6
piso       C16 cavity step 2                            95f737f2764571e9
piso       C16 cavity step 3                            f54b3f8267ab157b
piso       C16 cavity step 4                            fddb4421dab2ce01
piso       C16 cavity step 5                            c43b2b2a7ba76919
piso       C16 cavity step 6                            91052401c5f7fdfe
piso       C16 cavity step 7                            a513405d6b56281a
piso       C16 cavity step 8                            d478b46cb021a8de
piso       C16 cavity step 9                            0178768381e0295c
piso       C16 cavity step 10                           53b64afd29849a32
piso       C16 cavity all steps                         855348c936c18823
transient  C16 cavity TransientSolver                   a2e1947fd2bbc1e0
piso       G16 channel step 1                           6f79be4e8da7e21a
piso       G16 channel step 2                           26d1baebd2fb38ba
piso       G16 channel step 3                           ef3747807aaf02ad
piso       G16 channel step 4                           ed535db411e540d6
piso       G16 channel step 5                           8f068b0ecbdfdb5a
piso       G16 channel step 6                           da0d0917b0bb55f2
piso       G16 channel step 7                           554e667ee10085c8
piso       G16 channel step 8                           07a6e8f00d7e4a18
piso       G16 channel step 9                           349c8f7f62bcb154
piso       G16 channel step 10                          b9a41cc9228ccf49
piso       G16 channel all steps                        f84e2635e1c84ba8
piso       Q16 channel step 1                           edba8d72ee84772b
piso       Q16 channel step 2                           b7cf98cc1ff201ac
piso       Q16 channel step 3                           64c0a1dc4b076a21
piso       Q16 channel step 4                           9028a509cea620c5
piso       Q16 channel step 5                           39a15ae0ede3218c
piso       Q16 channel step 6                           a7c92975b90bf14c
piso       Q16 channel step 7                           1de6360ceaf9d81d
piso       Q16 channel step 8                           240b5fd4be10f677
piso       Q16 channel step 9                           91f11da2a0b3ee00
piso       Q16 channel step 10                          cbdac8b2888cf95b
piso       Q16 channel all steps                        45bda17a4915f8b7
piso       MB2 channel step 1                           1061707dab7844e3
piso       MB2 channel step 2                           1061707dab7844e3
piso       MB2 channel step 3                           1061707dab7844e3
piso       MB2 channel step 4                           1061707dab7844e3
piso       MB2 channel step 5                           1061707dab7844e3
piso       MB2 channel step 6                           1061707dab7844e3
piso       MB2 channel step 7                           1061707dab7844e3
piso       MB2 channel step 8                           1061707dab7844e3
piso       MB2 channel step 9                           1061707dab7844e3
piso       MB2 channel step 10                          1061707dab7844e3
piso       MB2 channel all steps                        46634a7251f99f39
simple3d   lid cube 8^3, 20 iterations                  b28a0e7d76f60d53
thermal    2D C16, u = (0.3, 0.1)                       c57b5b5654929fb6
thermal    3D H8, u = (0.3, 0.1, 0.05)                  9327285711db3ba1
exit 0
VERDICT G9.1 probe 7 nom7 vs NEW: BITWISE IDENTICAL
N2 probe 7: NEW twice identical
N1 probe 7: cur vs nograd -- 35 differing lines
   > piso       C16 cavity step 1                            0e24f4e70c715643
   > piso       C16 cavity step 2                            825b0d8557434dc3
   > piso       C16 cavity step 3                            da2bf2609125d490
   > piso       C16 cavity step 4                            7f0687cb981e9499
   > piso       C16 cavity step 5                            a2f54f97a5dd87cc
   > piso       C16 cavity step 6                            8a7dcc340c0832fa
   > piso       C16 cavity step 7                            6e5d14236ae8a889
   > piso       C16 cavity step 8                            f2d61527f157b0ba
   > piso       C16 cavity step 9                            165a684bdb57bd8b
   > piso       C16 cavity step 10                           de466c2c0f01368d
   > piso       C16 cavity all steps                         ba3b470898c8f970
   > transient  C16 cavity TransientSolver                   7f01d9dcc74c4f33
   > piso       G16 channel step 1                           5eff229fa838fdc6
   > piso       G16 channel step 2                           44096b06a8e18a3d
   > piso       G16 channel step 3                           93f1d39afafd6371
   > piso       G16 channel step 4                           12ccac486663448f
   > piso       G16 channel step 5                           5e9cb4c653be5c1a
   > piso       G16 channel step 6                           82ca8746bf4b2e79
   > piso       G16 channel step 7                           5aebb7023ad46969
   > piso       G16 channel step 8                           2ec6124b8d9598a4
   > piso       G16 channel step 9                           508cdd7d95b8b07e
   > piso       G16 channel step 10                          58796f9e69556bf0
   > piso       G16 channel all steps                        6cbf76f59f646f48
   > piso       Q16 channel step 1                           99500aee0a66c7ec
   > piso       Q16 channel step 2                           120a287de53f0860
   > piso       Q16 channel step 3                           aafc93ba2687bb2d
   > piso       Q16 channel step 4                           79a4b8c4b8fc8744
   > piso       Q16 channel step 5                           db5ee8d736f97a37
   > piso       Q16 channel step 6                           41260ff835e607cf
   > piso       Q16 channel step 7                           ae0a04c359b51e9b
   > piso       Q16 channel step 8                           a918275f14b0c618
   > piso       Q16 channel step 9                           e46aecdec1ba1a51
   > piso       Q16 channel step 10                          d090bf9672ed6b21
   > piso       Q16 channel all steps                        d33730e7a7e93e00
   > simple3d   lid cube 8^3, 20 iterations                  5912af02a43d9a9e
   (cur == NEW for probe 7)
## probe 5: NEW output (38 lines)
cartesian 4x3 (1 x 1)                    cells     12 fingerprint f6fc7c6e993bc9ac geometry 9b621f0dde4844a6 operators 768b731cd8d38730
    quality: valid: 12 cells, cell area 0.0833333 .. 0.0833333, max aspect ratio 1.33333, max non-orthogonality 0 deg, max skewness 0, max expansion ratio 1, degenerate cells 0, invalid faces 0
cartesian 13x7 (2.1 x 0.9)               cells     91 fingerprint a267b75d368102a4 geometry e151a26f6d26d0c2 operators c019a116ae84891c
    quality: valid: 91 cells, cell area 0.0207692 .. 0.0207692, max aspect ratio 1.25641, max non-orthogonality 0 deg, max skewness 0, max expansion ratio 1, degenerate cells 0, invalid faces 0
annular_sector_conduction_multiblock     cells   1080 fingerprint 1e76136432bb2636 geometry 1a92a32c9659f0af operators d93b38a70fbb9851
    quality: valid: 1080 cells, cell area 0.00454305 .. 0.00854094, max aspect ratio 1.59173, max non-orthogonality 1.47878e-06 deg, max skewness 0.0102101, max expansion ratio 1.08, degenerate cells 0, invalid faces 0
channel_transpiration_graded             cells   1152 fingerprint 409032638c6566cf geometry 43da053ceefff1b2 operators 01a09939264d69f6
    quality: valid: 1152 cells, cell area 0.00105271 .. 0.0078217, max aspect ratio 6.59675, max non-orthogonality 0 deg, max skewness 0, max expansion ratio 1.2, degenerate cells 0, invalid faces 0
compressible_channel_coupled             cells    384 fingerprint a07404fc34e7835c geometry ab14f3ce1cb4d754 operators 73179d089aefd028
    quality: valid: 384 cells, cell area 0.000130208 .. 0.000130208, max aspect ratio 3.33333, max non-orthogonality 0 deg, max skewness 0, max expansion ratio 1, degenerate cells 0, invalid faces 0
compressible_validation                  cells    144 fingerprint 01bc5fcb01174f62 geometry 317b0a157572eed5 operators 48ae3f4a69257bd4
    quality: valid: 144 cells, cell area 0.0555556 .. 0.0555556, max aspect ratio 2, max non-orthogonality 0 deg, max skewness 0, max expansion ratio 1, degenerate cells 0, invalid faces 0
curved_channel_multiblock                cells   1080 fingerprint 29e07b0ff38a5f50 geometry 1a92a32c9659f0af operators 433b26c1f785cafd
    quality: valid: 1080 cells, cell area 0.00454305 .. 0.00854094, max aspect ratio 1.59173, max non-orthogonality 1.47878e-06 deg, max skewness 0.0102101, max expansion ratio 1.08, degenerate cells 0, invalid faces 0
heated_cavity                            cells    400 fingerprint f4c26e3158566a73 geometry 5653124f7dcd931d operators 60ead47b190aca9c
    quality: valid: 400 cells, cell area 0.0025 .. 0.0025, max aspect ratio 1, max non-orthogonality 0 deg, max skewness 0, max expansion ratio 1, degenerate cells 0, invalid faces 0
heated_species_diffusion                 cells     80 fingerprint f1c383838c6da3f5 geometry 57dcb4d0177f8078 operators b8c52d382f9feba8
    quality: valid: 80 cells, cell area 0.0025 .. 0.0025, max aspect ratio 1, max non-orthogonality 0 deg, max skewness 0, max expansion ratio 1, degenerate cells 0, invalid faces 0
lid_driven_cavity                        cells    400 fingerprint f4c26e3158566a73 geometry 5653124f7dcd931d operators 60ead47b190aca9c
    quality: valid: 400 cells, cell area 0.0025 .. 0.0025, max aspect ratio 1, max non-orthogonality 0 deg, max skewness 0, max expansion ratio 1, degenerate cells 0, invalid faces 0
lid_driven_cavity_40x40                  cells   1600 fingerprint a892681e398c5702 geometry 990264b83efc3d1d operators 9382d4e81df3002c
    quality: valid: 1600 cells, cell area 0.000625 .. 0.000625, max aspect ratio 1, max non-orthogonality 0 deg, max skewness 0, max expansion ratio 1, degenerate cells 0, invalid faces 0
lid_driven_cavity_80x80                  cells   6400 fingerprint 4fbe2c9cdb28fff5 geometry b1d2d7ae65fbc9e1 operators bcbe73d85d323c18
    quality: valid: 6400 cells, cell area 0.00015625 .. 0.00015625, max aspect ratio 1, max non-orthogonality 0 deg, max skewness 0, max expansion ratio 1, degenerate cells 0, invalid faces 0
multiphase_validation                    cells    100 fingerprint c78a089dfa6b7e0c geometry 2e60d221a2f3df69 operators ac006ab5b132809e
    quality: valid: 100 cells, cell area 0.01 .. 0.01, max aspect ratio 1, max non-orthogonality 0 deg, max skewness 0, max expansion ratio 1, degenerate cells 0, invalid faces 0
obstacle_channel_multiblock              cells   1504 fingerprint cf4d67aa9396b189 geometry 23a23004a82e380b operators c620bdfa852bfd46
    quality: valid: 1504 cells, cell area 0.00390625 .. 0.00390625, max aspect ratio 1, max non-orthogonality 0 deg, max skewness 0, max expansion ratio 1, degenerate cells 0, invalid faces 0
poiseuille_distorted                     cells    512 fingerprint 0f60ef5bb11cc27a geometry dabbdbf2b2320cfe operators 302e4b6669e53ce9
    quality: valid: 512 cells, cell area 0.0130641 .. 0.0181912, max aspect ratio 1.28624, max non-orthogonality 44.7624 deg, max skewness 0.131758, max expansion ratio 1.14101, degenerate cells 0, invalid faces 0
    info non_orthogonality: non-orthogonal mesh (max 44.7624 deg at face 804): set non_orthogonal_corrections >= 1 for accurate diffusion [value 44.7624; threshold 10; at (3.5625, 0.482322)]
poiseuille_flow                          cells    512 fingerprint 7bd1d2ca84268f2e geometry b153b1c589c68705 operators be1947da0ebfeab0
    quality: valid: 512 cells, cell area 0.015625 .. 0.015625, max aspect ratio 1, max non-orthogonality 0 deg, max skewness 0, max expansion ratio 1, degenerate cells 0, invalid faces 0
species_diffusion                        cells     80 fingerprint f1c383838c6da3f5 geometry 57dcb4d0177f8078 operators b8c52d382f9feba8
    quality: valid: 80 cells, cell area 0.0025 .. 0.0025, max aspect ratio 1, max non-orthogonality 0 deg, max skewness 0, max expansion ratio 1, degenerate cells 0, invalid faces 0
step_channel_multiblock                  cells   1664 fingerprint 8027bc6de757058d geometry 80fdbc06a152b705 operators caf0289789f64511
    quality: valid: 1664 cells, cell area 0.0078125 .. 0.0078125, max aspect ratio 2, max non-orthogonality 0 deg, max skewness 0, max expansion ratio 1, degenerate cells 0, invalid faces 0
exit 0
VERDICT G9.1 probe 5 nom7 vs NEW: BITWISE IDENTICAL
N2 probe 5: NEW twice identical
N1 probe 5: cur vs nograd -- 18 differing lines
   > cartesian 4x3 (1 x 1)                    cells     12 fingerprint f6fc7c6e993bc9ac geometry 9b621f0dde4844a6 operators c5f6fdc979a36e5a
   > cartesian 13x7 (2.1 x 0.9)               cells     91 fingerprint a267b75d368102a4 geometry e151a26f6d26d0c2 operators d2664360cc1a158f
   > annular_sector_conduction_multiblock     cells   1080 fingerprint 1e76136432bb2636 geometry 1a92a32c9659f0af operators af98e8b656a58732
   > channel_transpiration_graded             cells   1152 fingerprint 409032638c6566cf geometry 43da053ceefff1b2 operators 30b19cd2697c1e32
   > compressible_channel_coupled             cells    384 fingerprint a07404fc34e7835c geometry ab14f3ce1cb4d754 operators 73659bce5eca5351
   > compressible_validation                  cells    144 fingerprint 01bc5fcb01174f62 geometry 317b0a157572eed5 operators 983cccee679ece39
   > curved_channel_multiblock                cells   1080 fingerprint 29e07b0ff38a5f50 geometry 1a92a32c9659f0af operators 13369532bdae99e7
   > heated_cavity                            cells    400 fingerprint f4c26e3158566a73 geometry 5653124f7dcd931d operators 906a74302ad0cf0c
   > heated_species_diffusion                 cells     80 fingerprint f1c383838c6da3f5 geometry 57dcb4d0177f8078 operators 968218e4ad34a49a
   > lid_driven_cavity                        cells    400 fingerprint f4c26e3158566a73 geometry 5653124f7dcd931d operators 906a74302ad0cf0c
   > lid_driven_cavity_40x40                  cells   1600 fingerprint a892681e398c5702 geometry 990264b83efc3d1d operators 4b86de4bb70b801e
   > lid_driven_cavity_80x80                  cells   6400 fingerprint 4fbe2c9cdb28fff5 geometry b1d2d7ae65fbc9e1 operators e036cdad0a5cdfd1
   > multiphase_validation                    cells    100 fingerprint c78a089dfa6b7e0c geometry 2e60d221a2f3df69 operators 098e93ffa718069c
   > obstacle_channel_multiblock              cells   1504 fingerprint cf4d67aa9396b189 geometry 23a23004a82e380b operators 6a54de085286b572
   > poiseuille_distorted                     cells    512 fingerprint 0f60ef5bb11cc27a geometry dabbdbf2b2320cfe operators 4645e2a6aa4f080c
   > poiseuille_flow                          cells    512 fingerprint 7bd1d2ca84268f2e geometry b153b1c589c68705 operators 5cf4f70c6c5e9ca4
   > species_diffusion                        cells     80 fingerprint f1c383838c6da3f5 geometry 57dcb4d0177f8078 operators 968218e4ad34a49a
   > step_channel_multiblock                  cells   1664 fingerprint 8027bc6de757058d geometry 80fdbc06a152b705 operators 706f76b44ca8b760
   (cur == NEW for probe 5)
## probe 6: NEW output (83 lines)
cartesian 4x3 (1 x 1)                    cells     12 operators aef513c1e2f7d6f3
cartesian 13x7 (2.1 x 0.9)               cells     91 operators 9e992ddeaaae1536
annular_sector_conduction_multiblock     cells   1080 operators 6b9ba61dbaf98643
    solve case settings                it   1 Converged                17068a5b946ad465
    solve quick                        it   1 Converged                17068a5b946ad465
    solve least_squares + 2 corrections it   1 Converged                17068a5b946ad465
    solve linear_upwind + normalized/adaptive it   1 Converged                17068a5b946ad465
channel_transpiration_graded             cells   1152 operators 5a53f5d7df2ee14e
    solve case settings                it  25 MaxIterations            23b5b736262a0444
    solve quick                        it  25 MaxIterations            af3aaf048f3d620a
    solve least_squares + 2 corrections it  25 MaxIterations            8d2e43217900893c
    solve linear_upwind + normalized/adaptive it  25 MaxIterations            8a0f3b09636ad9e4
compressible_channel_coupled             cells    384 operators 8b7f729c3e8bd6cd
    solve case settings                it  25 MaxIterations            d1e576ce77a4e901
    solve quick                        it  25 MaxIterations            89ac7b031a917041
    solve least_squares + 2 corrections it  25 MaxIterations            ba157c78b28d28af
    solve linear_upwind + normalized/adaptive it  25 MaxIterations            0956fba876ee3847
compressible_validation                  cells    144 operators 5c0c222556088af7
    solve case settings                it  25 MaxIterations            a58734551be0ca28
    solve quick                        it  25 MaxIterations            54f8f11748abb990
    solve least_squares + 2 corrections it  25 MaxIterations            563744d056ffff90
    solve linear_upwind + normalized/adaptive it  25 MaxIterations            49f80f9f506134ae
curved_channel_multiblock                cells   1080 operators 6b9ba61dbaf98643
    solve case settings                it  25 MaxIterations            8bbb6160e01e563a
    solve quick                        it  25 MaxIterations            d7a8dafd5a308242
    solve least_squares + 2 corrections it  25 MaxIterations            11597d0f54e224a7
    solve linear_upwind + normalized/adaptive it  25 MaxIterations            17ff8b32b997971a
heated_cavity                            cells    400 operators 74312bfa6478b191
    solve case settings                it   1 Converged                dd447a543c0790a5
    solve quick                        it   1 Converged                dd447a543c0790a5
    solve least_squares + 2 corrections it   1 Converged                dd447a543c0790a5
    solve linear_upwind + normalized/adaptive it   1 Converged                dd447a543c0790a5
heated_species_diffusion                 cells     80 operators 8fc60ea14dadfcd6
    solve case settings                it   1 Converged                d2b0d43268fadea5
    solve quick                        it   1 Converged                d2b0d43268fadea5
    solve least_squares + 2 corrections it   1 Converged                d2b0d43268fadea5
    solve linear_upwind + normalized/adaptive it   1 Converged                d2b0d43268fadea5
lid_driven_cavity                        cells    400 operators 74312bfa6478b191
    solve case settings                it  25 MaxIterations            dc25a69a155f725a
    solve quick                        it  25 MaxIterations            3338dc4d87793469
    solve least_squares + 2 corrections it  25 MaxIterations            3ef45de4f61a7007
    solve linear_upwind + normalized/adaptive it  25 MaxIterations            76ab78e1f8f8bb71
lid_driven_cavity_40x40                  cells   1600 operators c42a5a6766413ef2
    solve case settings                it  25 MaxIterations            92f5d97a322f4689
    solve quick                        it  25 MaxIterations            ee2b7145261d806d
    solve least_squares + 2 corrections it  25 MaxIterations            7eecb65fefb9540b
    solve linear_upwind + normalized/adaptive it  25 MaxIterations            1f7d5586ecdf51bb
lid_driven_cavity_80x80                  cells   6400 operators 598a929080eee22b
    solve case settings                it  25 MaxIterations            8165ab0edfdc0c5d
    solve quick                        it  25 MaxIterations            e826b666bd029c70
    solve least_squares + 2 corrections it  25 MaxIterations            876502e1feb698ec
    solve linear_upwind + normalized/adaptive it  25 MaxIterations            c9604c85102a6137
multiphase_validation                    cells    100 operators a8438c81333eb7fa
    solve case settings                it   1 Converged                0613223f15119aa5
    solve quick                        it   1 Converged                0613223f15119aa5
    solve least_squares + 2 corrections it   1 Converged                0613223f15119aa5
    solve linear_upwind + normalized/adaptive it   1 Converged                0613223f15119aa5
obstacle_channel_multiblock              cells   1504 operators f6c26cfe22e1ca62
    solve case settings                it  25 MaxIterations            08191763043089c2
    solve quick                        it  25 MaxIterations            4be6074822cfd6d6
    solve least_squares + 2 corrections it  25 MaxIterations            ad16118eff55bd50
    solve linear_upwind + normalized/adaptive it  25 MaxIterations            01db6aa02c779017
poiseuille_distorted                     cells    512 operators 6f02596220c03edb
    solve case settings                it  25 MaxIterations            05769cfafceec66a
    solve quick                        it  25 MaxIterations            5354e9c298f280f7
    solve least_squares + 2 corrections it  25 MaxIterations            3eeeeac78686d833
    solve linear_upwind + normalized/adaptive it  25 Converged                b9fad97a51f4ffd3
poiseuille_flow                          cells    512 operators 6eac38bbd978186d
    solve case settings                it  25 MaxIterations            d8a3d45b839dbc76
    solve quick                        it  25 MaxIterations            010d66880ae7ac9a
    solve least_squares + 2 corrections it  25 MaxIterations            93a80d59ba35a7a4
    solve linear_upwind + normalized/adaptive it  25 MaxIterations            afd9f5b17dc31663
species_diffusion                        cells     80 operators 8fc60ea14dadfcd6
    solve case settings                it   1 Converged                d2b0d43268fadea5
    solve quick                        it   1 Converged                d2b0d43268fadea5
    solve least_squares + 2 corrections it   1 Converged                d2b0d43268fadea5
    solve linear_upwind + normalized/adaptive it   1 Converged                d2b0d43268fadea5
step_channel_multiblock                  cells   1664 operators 53816e25d3a1fe34
    solve case settings                it  25 MaxIterations            4d1ea1af18b75be0
    solve quick                        it  25 MaxIterations            bed2525c770b3716
    solve least_squares + 2 corrections it  25 MaxIterations            aec463104b97d5ff
    solve linear_upwind + normalized/adaptive it  25 MaxIterations            fcb86c24ce354e91
exit 0
VERDICT G9.1 probe 6 nom7 vs NEW: BITWISE IDENTICAL
N2 probe 6: NEW twice identical
N1 probe 6: cur vs nograd -- 51 differing lines
   > cartesian 4x3 (1 x 1)                    cells     12 operators 0bc5412d669db479
   > cartesian 13x7 (2.1 x 0.9)               cells     91 operators bb4da890f7c03c8f
   > annular_sector_conduction_multiblock     cells   1080 operators c9855a9bcd71a79b
   > channel_transpiration_graded             cells   1152 operators 14fb492e6bbc0b55
   >     solve case settings                it  25 MaxIterations            275e570cdb240d24
   >     solve quick                        it  25 MaxIterations            d9c73eb3a75bad1a
   >     solve linear_upwind + normalized/adaptive it  25 MaxIterations            a356ebf303c4cba4
   > compressible_channel_coupled             cells    384 operators dfaa543649b1f01d
   >     solve case settings                it  25 MaxIterations            f035c64a284b2b24
   >     solve quick                        it  25 MaxIterations            babb47d32be6cf39
   >     solve linear_upwind + normalized/adaptive it  25 MaxIterations            ef4158fa616c18eb
   > compressible_validation                  cells    144 operators c949bb112733bfe0
   >     solve case settings                it  25 MaxIterations            af4b7817507f1752
   >     solve quick                        it  25 MaxIterations            273bc9fef8e6aa4f
   >     solve linear_upwind + normalized/adaptive it  25 MaxIterations            1099a51f34157aa9
   > curved_channel_multiblock                cells   1080 operators c9855a9bcd71a79b
   >     solve case settings                it  25 MaxIterations            5f6ec41ce5fa88cb
   >     solve quick                        it  25 MaxIterations            4ad79a43f37d309b
   >     solve linear_upwind + normalized/adaptive it  25 MaxIterations            49e1d899b3525a6f
   > heated_cavity                            cells    400 operators 16d197350ce501e1
   > heated_species_diffusion                 cells     80 operators 46af8330c74e2c57
   > lid_driven_cavity                        cells    400 operators 16d197350ce501e1
   >     solve case settings                it  25 MaxIterations            a93c7af25dc71b09
   >     solve quick                        it  25 MaxIterations            1e1f1057cee4a0a8
   >     solve linear_upwind + normalized/adaptive it  25 MaxIterations            99e8b61ed490bbd8
   > lid_driven_cavity_40x40                  cells   1600 operators 3bbd97b982b9463e
   >     solve case settings                it  25 MaxIterations            62d9fd6a08cba7f7
   >     solve quick                        it  25 MaxIterations            c06b9e0c370821f2
   >     solve linear_upwind + normalized/adaptive it  25 MaxIterations            c5e8872d3661847f
   > lid_driven_cavity_80x80                  cells   6400 operators c7b37e2c3aee7a13
   >     solve case settings                it  25 MaxIterations            921df718161186a4
   >     solve quick                        it  25 MaxIterations            e25de6e7ec2b03c7
   >     solve linear_upwind + normalized/adaptive it  25 MaxIterations            2ac9ea7220a9a0b8
   > multiphase_validation                    cells    100 operators 2add3d23cebe5ba7
   > obstacle_channel_multiblock              cells   1504 operators e5c33171eab37022
   >     solve case settings                it  25 MaxIterations            99325ce92bcdecfb
   >     solve quick                        it  25 MaxIterations            6d6f19adc8a8b566
   >     solve linear_upwind + normalized/adaptive it  25 MaxIterations            9ecb52350651c615
   > poiseuille_distorted                     cells    512 operators f0faa1de6d45dcf1
   >     solve case settings                it  25 MaxIterations            fcd6701ac3a2e9f4
   (cur == NEW for probe 6)
## N1 requirement (A3 §4): nograd differs from cur only in Gradient.cpp. Each probe must resolve that change
## (cur vs nograd output differs); for probe 7, geometry items must be identical and 'Q16 channel' must differ
N1 geometry lines differing: 0 (must be 0); Q16 channel lines differing: 11 (must be > 0); every probe resolves cur vs nograd -> AS REQUIRED
G9.1 OVERALL: PASS (runs exit 0 and complete; nom7 == NEW and NEW == NEW for probes 7, 5, 6; N1 as required)
# end 2026-09-17T17:22:52Z
