## checkpoint during the G9 A3 dry-run (before the freeze)
2026-09-17T16:55:25Z
full build-input tree: 34cd655d5027d4b2e6409120b6111655738ede683a0d4926f7960519d7aa5859  files 733
newest build input:
  2026-09-17T13:50:45Z tests/unit/discretization/test_gradient_boundary_consistency.cpp
  2026-09-17T13:50:32Z tests/unit/discretization/CMakeLists.txt
  2026-09-17T11:56:10Z tests/unit/thermal/test_thermal_boundary_consistency.cpp
release build log start: # A2 regression release; 2026-09-17T14:11:59Z; git HEAD b66310ca871811c4c7671056beec291a451af55c
## immediately before G10 (after the G9 A3 fresh execution)
2026-09-17T17:54:26Z
full build-input tree: 34cd655d5027d4b2e6409120b6111655738ede683a0d4926f7960519d7aa5859  files 733
newest build input:
  2026-09-17T13:50:45Z tests/unit/discretization/test_gradient_boundary_consistency.cpp
  2026-09-17T13:50:32Z tests/unit/discretization/CMakeLists.txt
  2026-09-17T11:56:10Z tests/unit/thermal/test_thermal_boundary_consistency.cpp
release build log start: # A2 regression release; 2026-09-17T14:11:59Z; git HEAD b66310ca871811c4c7671056beec291a451af55c
## check
2026-09-17T18:03:03Z
full build-input tree: 34cd655d5027d4b2e6409120b6111655738ede683a0d4926f7960519d7aa5859  files 733
newest build input:
  2026-09-17T13:50:45Z tests/unit/discretization/test_gradient_boundary_consistency.cpp
  2026-09-17T13:50:32Z tests/unit/discretization/CMakeLists.txt
  2026-09-17T11:56:10Z tests/unit/thermal/test_thermal_boundary_consistency.cpp
release build log start: # A2 regression release; 2026-09-17T14:11:59Z; git HEAD b66310ca871811c4c7671056beec291a451af55c
