[1/177] Building CXX object apps/cli/CMakeFiles/cfdapp.dir/main.cpp.o
[2/177] Building CXX object tests/unit/fields/CMakeFiles/CFDFieldTests.dir/test_surface_field.cpp.o
[3/177] Linking CXX executable tests/unit/core/CFDCoreTests
[4/177] Building CXX object tests/unit/fields/CMakeFiles/CFDFieldTests.dir/test_field_arithmetic.cpp.o
[5/177] Building CXX object tests/unit/boundary/CMakeFiles/CFDBoundaryTests.dir/test_boundary_validation.cpp.o
[6/177] Building CXX object tests/unit/fields/CMakeFiles/CFDFieldTests.dir/test_fields3d.cpp.o
[7/177] Building CXX object tests/unit/physics/CMakeFiles/CFDPhysicsTests.dir/test_mass_flux.cpp.o
[8/177] Building CXX object tests/unit/physics/CMakeFiles/CFDPhysicsTests.dir/test_momentum_variable_viscosity.cpp.o
[9/177] Building CXX object tests/unit/physics/CMakeFiles/CFDPhysicsTests.dir/test_momentum_pressure.cpp.o
[10/177] Building CXX object tests/unit/physics/CMakeFiles/CFDPhysicsTests.dir/test_momentum_assembly.cpp.o
[11/177] Building CXX object tests/unit/physics/CMakeFiles/CFDPhysicsTests.dir/test_continuity_equation.cpp.o
[12/177] Building CXX object tests/unit/mesh/CMakeFiles/CFDMeshTests.dir/test_mesh.cpp.o
[13/177] Building CXX object tests/unit/physics/CMakeFiles/CFDPhysicsTests.dir/test_momentum_convection.cpp.o
[14/177] Building CXX object tests/unit/mesh/CMakeFiles/CFDMeshTests.dir/test_mesh_fingerprint.cpp.o
[15/177] Building CXX object tests/unit/physics/CMakeFiles/CFDPhysicsTests.dir/test_boussinesq_buoyancy.cpp.o
[16/177] Building CXX object tests/unit/physics/CMakeFiles/CFDPhysicsTests.dir/test_temperature_property.cpp.o
[17/177] Building CXX object tests/unit/physics/CMakeFiles/CFDPhysicsTests.dir/test_momentum_diffusion.cpp.o
[18/177] Linking CXX executable tests/unit/algebra/CFDAlgebraTests
[19/177] Building CXX object tests/unit/physics/CMakeFiles/CFDPhysicsTests.dir/test_momentum_non_orthogonal.cpp.o
[20/177] Building CXX object tests/unit/mesh/CMakeFiles/CFDMeshTests.dir/test_mesh_quality.cpp.o
[21/177] Building CXX object tests/unit/mesh/CMakeFiles/CFDMeshTests.dir/test_graded_mesh.cpp.o
[22/177] Building CXX object tests/unit/mesh/CMakeFiles/CFDMeshTests.dir/test_cartesian_mesh.cpp.o
[23/177] Building CXX object tests/unit/mesh/CMakeFiles/CFDMeshTests.dir/test_mesh_geometry.cpp.o
[24/177] Building CXX object tests/unit/io/CMakeFiles/CFDIoTests.dir/test_boussinesq_case.cpp.o
[25/177] Building CXX object tests/unit/io/CMakeFiles/CFDIoTests.dir/test_thermal_case.cpp.o
[26/177] Building CXX object tests/unit/io/CMakeFiles/CFDIoTests.dir/test_case_builder.cpp.o
[27/177] Building CXX object tests/unit/io/CMakeFiles/CFDIoTests.dir/test_turbulence_case.cpp.o
[28/177] Building CXX object tests/unit/mesh/CMakeFiles/CFDMeshTests.dir/test_mesh_quality_report.cpp.o
[29/177] Building CXX object tests/unit/mesh/CMakeFiles/CFDMeshTests.dir/test_structured_quad_mesh.cpp.o
[30/177] Building CXX object tests/unit/mesh/CMakeFiles/CFDMeshTests.dir/test_multiblock_mesh.cpp.o
[31/177] Building CXX object tests/unit/mesh/CMakeFiles/CFDMeshTests.dir/test_cartesian3d_mesh.cpp.o
[32/177] Building CXX object tests/unit/mesh/CMakeFiles/CFDMeshTests.dir/test_mesh_motion.cpp.o
[33/177] Linking CXX executable tests/unit/fields/CFDFieldTests
[34/177] Building CXX object tests/unit/io/CMakeFiles/CFDIoTests.dir/test_multiphase_case.cpp.o
[35/177] Building CXX object tests/unit/io/CMakeFiles/CFDIoTests.dir/test_species_case.cpp.o
[36/177] Building CXX object tests/unit/io/CMakeFiles/CFDIoTests.dir/test_compressible_case.cpp.o
[37/177] Building CXX object tests/unit/solver/CMakeFiles/CFDSolverTests.dir/test_cfl.cpp.o
[38/177] Linking CXX executable tests/unit/boundary/CFDBoundaryTests
[39/177] Linking CXX executable apps/cli/cfdapp
[40/177] Building CXX object tests/unit/multiphase/CMakeFiles/CFDMultiphaseTests.dir/test_multiphase_properties.cpp.o
[41/177] Building CXX object tests/unit/solver/CMakeFiles/CFDSolverTests.dir/test_restart_snapshot.cpp.o
[42/177] Building CXX object tests/unit/multiphase/CMakeFiles/CFDMultiphaseTests.dir/test_volume_fraction_equation.cpp.o
[43/177] Building CXX object tests/unit/multiphase/CMakeFiles/CFDMultiphaseTests.dir/test_volume_fraction_solver.cpp.o
[44/177] Building CXX object tests/unit/compressible/CMakeFiles/CFDCompressibleTests.dir/test_compressible_continuity.cpp.o
[45/177] Building CXX object tests/unit/compressible/CMakeFiles/CFDCompressibleTests.dir/test_thermodynamic_properties.cpp.o
[46/177] Building CXX object tests/unit/io/CMakeFiles/CFDIoTests.dir/test_physics_compatibility.cpp.o
[47/177] Building CXX object tests/unit/io/CMakeFiles/CFDIoTests.dir/test_mesh_quality_case.cpp.o
[48/177] Building CXX object tests/unit/species/CMakeFiles/CFDSpeciesTests.dir/test_species_non_orthogonal.cpp.o
[49/177] Building CXX object tests/unit/io/CMakeFiles/CFDIoTests.dir/test_robustness_config.cpp.o
[50/177] Building CXX object tests/unit/species/CMakeFiles/CFDSpeciesTests.dir/test_species_solver.cpp.o
[51/177] Building CXX object tests/unit/io/CMakeFiles/CFDIoTests.dir/test_csv_writer.cpp.o
[52/177] Building CXX object tests/unit/io/CMakeFiles/CFDIoTests.dir/test_vtk_writer.cpp.o
[53/177] Building CXX object tests/unit/compressible/CMakeFiles/CFDCompressibleTests.dir/test_compressible_momentum.cpp.o
[54/177] Building CXX object tests/unit/compressible/CMakeFiles/CFDCompressibleTests.dir/test_compressible_mass_flux.cpp.o
[55/177] Building CXX object tests/unit/io/CMakeFiles/CFDIoTests.dir/test_vtk3d.cpp.o
[56/177] Building CXX object tests/unit/species/CMakeFiles/CFDSpeciesTests.dir/test_species_equation.cpp.o
[57/177] Building CXX object tests/unit/viz/CMakeFiles/CFDVizTests.dir/test_derived_fields.cpp.o
[58/177] Building CXX object tests/unit/viz/CMakeFiles/CFDVizTests.dir/test_vector_sampling.cpp.o
[59/177] Building CXX object tests/unit/viz/CMakeFiles/CFDVizTests.dir/test_field_probe.cpp.o
[60/177] Linking CXX executable tests/unit/physics/CFDPhysicsTests
[61/177] Building CXX object tests/unit/app/CMakeFiles/CFDAppLayerTests.dir/test_project_runner.cpp.o
[62/177] Building CXX object tests/unit/app/CMakeFiles/CFDAppLayerTests.dir/test_case_session.cpp.o
[63/177] Building CXX object tests/unit/app/CMakeFiles/CFDAppLayerTests.dir/test_visualization_snapshot.cpp.o
[64/177] Linking CXX executable tests/unit/multiphase/CFDMultiphaseTests
[65/177] Building CXX object tests/unit/io/CMakeFiles/CFDIoTests.dir/test_graded_mesh_case.cpp.o
[66/177] Building CXX object tests/solver/simple/CMakeFiles/CFDSimpleTests.dir/test_simple_settings.cpp.o
[67/177] Building CXX object tests/solver/simple/CMakeFiles/CFDSimpleTests.dir/test_flux_correction.cpp.o
[68/177] Building CXX object tests/unit/io/CMakeFiles/CFDIoTests.dir/test_json_writer.cpp.o
[69/177] Building CXX object tests/unit/io/CMakeFiles/CFDIoTests.dir/test_structured_quad_case.cpp.o
[70/177] Linking CXX executable tests/unit/mesh/CFDMeshTests
[71/177] Building CXX object tests/solver/simple/CMakeFiles/CFDSimpleTests.dir/test_velocity_correction.cpp.o
[72/177] Linking CXX executable tests/unit/viz/CFDVizTests
[73/177] Linking CXX executable tests/unit/species/CFDSpeciesTests
[74/177] Building CXX object tests/solver/simple/CMakeFiles/CFDSimpleTests.dir/test_simple_nonfinite.cpp.o
[75/177] Building CXX object tests/solver/simple/CMakeFiles/CFDSimpleTests.dir/test_pressure_correction.cpp.o
[76/177] Building CXX object tests/unit/io/CMakeFiles/CFDIoTests.dir/test_case3d.cpp.o
[77/177] Building CXX object tests/solver/simple/CMakeFiles/CFDSimpleTests.dir/test_simple_determinism.cpp.o
[78/177] Building CXX object tests/solver/simple/CMakeFiles/CFDSimpleTests.dir/test_simple_continuity.cpp.o
[79/177] Building CXX object tests/solver/simple/CMakeFiles/CFDSimpleTests.dir/test_simple_convergence.cpp.o
[80/177] Linking CXX executable tests/unit/compressible/CFDCompressibleTests
[81/177] Building CXX object tests/solver/simple/CMakeFiles/CFDSimpleTests.dir/test_simple_failure.cpp.o
[82/177] Building CXX object tests/solver/simple/CMakeFiles/CFDSimpleTests.dir/test_simple_turbulence.cpp.o
[83/177] Linking CXX executable tests/unit/solver/CFDSolverTests
[84/177] Building CXX object tests/unit/io/CMakeFiles/CFDIoTests.dir/test_multiblock_case.cpp.o
[85/177] Building CXX object tests/solver/simple/CMakeFiles/CFDSimpleTests.dir/test_simple_kepsilon.cpp.o
[86/177] Building CXX object tests/solver/simple/CMakeFiles/CFDSimpleTests.dir/test_simple_turbulence_models.cpp.o
[87/177] Building CXX object tests/solver/simple/CMakeFiles/CFDSimpleTests.dir/test_simple_komega.cpp.o
[88/177] Building CXX object tests/solver/simple/CMakeFiles/CFDSimpleTests.dir/test_simple_sst.cpp.o
[89/177] Building CXX object tests/solver/simple/CMakeFiles/CFDSimpleTests.dir/test_simple_gpu_residency.cpp.o
[90/177] Building CXX object tests/solver/simple/CMakeFiles/CFDSimpleTests.dir/test_simple_buoyancy.cpp.o
[91/177] Building CXX object tests/solver/simple/CMakeFiles/CFDSimpleTests.dir/test_simple_gpu_solver.cpp.o
[92/177] Building CXX object tests/solver/simple/CMakeFiles/CFDSimpleTests.dir/test_pressure_correction_non_orthogonal.cpp.o
[93/177] Building CXX object tests/unit/validation/CMakeFiles/CFDValidationUnitTests.dir/test_production_validation.cpp.o
[94/177] Building CXX object tests/solver/simple/CMakeFiles/CFDSimpleTests.dir/test_simple_robustness.cpp.o
[95/177] Building CXX object tests/solver/simple/CMakeFiles/CFDSimpleTests.dir/test_simple_non_orthogonal.cpp.o
[96/177] Building CXX object tests/unit/validation/CMakeFiles/CFDValidationUnitTests.dir/test_manufactured_solutions.cpp.o
[97/177] Building CXX object tests/unit/validation/CMakeFiles/CFDValidationUnitTests.dir/test_grid_convergence_study.cpp.o
[98/177] Building CXX object tests/solver/compressible_simple/CMakeFiles/CFDCompressibleSimpleTests.dir/test_compressible_relaxed_momentum.cpp.o
[99/177] Building CXX object tests/solver/compressible_simple/CMakeFiles/CFDCompressibleSimpleTests.dir/test_compressible_pressure_correction.cpp.o
[100/177] Building CXX object tests/integration/cavity/CMakeFiles/CFDCavityValidationTests.dir/CavityProductionCase.cpp.o
[101/177] Building CXX object tests/solver/compressible_simple/CMakeFiles/CFDCompressibleSimpleTests.dir/test_compressible_simple.cpp.o
[102/177] Building CXX object tests/solver/compressible_simple/CMakeFiles/CFDCompressibleSimpleTests.dir/test_compressible_robustness.cpp.o
[103/177] Building CXX object tests/solver/compressible_simple/CMakeFiles/CFDCompressibleSimpleTests.dir/test_compressible_non_orthogonal.cpp.o
[104/177] Building CXX object tests/solver/piso/CMakeFiles/CFDPisoTests.dir/test_piso_turbulence.cpp.o
[105/177] Building CXX object tests/solver/piso/CMakeFiles/CFDPisoTests.dir/test_pressure_correction.cpp.o
[106/177] Building CXX object tests/solver/piso/CMakeFiles/CFDPisoTests.dir/test_transient_momentum.cpp.o
[107/177] Building CXX object tests/solver/simple/CMakeFiles/CFDSimpleTests.dir/test_simple3d.cpp.o
[108/177] Building CXX object tests/solver/piso/CMakeFiles/CFDPisoTests.dir/test_correction_application.cpp.o
[109/177] Building CXX object tests/integration/cavity/CMakeFiles/CFDCavityValidationTests.dir/test_cavity_ghia.cpp.o
[110/177] Building CXX object tests/integration/cavity/CMakeFiles/CFDCavityValidationTests.dir/test_scheme_validation.cpp.o
[111/177] Building CXX object tests/solver/piso/CMakeFiles/CFDPisoTests.dir/test_second_pressure_correction.cpp.o
[112/177] Building CXX object tests/integration/cavity/CMakeFiles/CFDCavityValidationTests.dir/test_transient_cavity.cpp.o
[113/177] Building CXX object tests/solver/piso/CMakeFiles/CFDPisoTests.dir/test_transient_integration.cpp.o
[114/177] Building CXX object tests/integration/poiseuille/CMakeFiles/CFDPoiseuilleValidationTests.dir/test_temporal_refinement.cpp.o
[115/177] Building CXX object tests/integration/poiseuille/CMakeFiles/CFDPoiseuilleValidationTests.dir/test_transient_poiseuille.cpp.o
[116/177] Building CXX object tests/integration/cavity/CMakeFiles/CFDCavityValidationTests.dir/test_cavity_production_validation.cpp.o
[117/177] Building CXX object tests/solver/piso/CMakeFiles/CFDPisoTests.dir/test_piso.cpp.o
[118/177] Building CXX object tests/solver/piso/CMakeFiles/CFDPisoTests.dir/test_final_correction.cpp.o
[119/177] Building CXX object tests/integration/poiseuille/CMakeFiles/CFDPoiseuilleValidationTests.dir/test_poiseuille_validation.cpp.o
[120/177] Building CXX object tests/integration/thermal/CMakeFiles/CFDHeatedCavityValidationTests.dir/test_heated_cavity_validation.cpp.o
[121/177] Building CXX object tests/integration/thermal/CMakeFiles/CFDConjugateHeatTransferValidationTests.dir/test_two_material_conduction.cpp.o
[122/177] Building CXX object tests/integration/thermal/CMakeFiles/CFDBoussinesqCouplingTests.dir/test_boussinesq_coupling.cpp.o
[123/177] Building CXX object tests/integration/poiseuille/CMakeFiles/CFDPoiseuilleValidationTests.dir/test_poiseuille_production_validation.cpp.o
[124/177] Linking CXX executable tests/unit/app/CFDAppLayerTests
[125/177] Building CXX object tests/integration/thermal/CMakeFiles/CFDNaturalConvectionValidationTests.dir/test_natural_convection_validation.cpp.o
[126/177] Building CXX object tests/integration/species/CMakeFiles/CFDSpeciesDiffusionValidationTests.dir/test_species_diffusion.cpp.o
[127/177] Building CXX object tests/integration/restart/CMakeFiles/CFDRestartIntegrationTests.dir/test_restart_resume.cpp.o
[128/177] Building CXX object tests/solver/piso/CMakeFiles/CFDPisoTests.dir/test_ale_piso.cpp.o
[129/177] Building CXX object tests/integration/io/CMakeFiles/CFDResultExportIntegrationTests.dir/test_paraview_smoke.cpp.o
[130/177] Building CXX object tests/integration/species/CMakeFiles/CFDSpeciesAdvectionDiffusionValidationTests.dir/test_species_advection_diffusion.cpp.o
[131/177] Building CXX object tests/integration/species/CMakeFiles/CFDSpeciesConservationValidationTests.dir/test_species_conservation.cpp.o
[132/177] Building CXX object tests/integration/multiphase/CMakeFiles/CFDMultiphaseUniformFieldTests.dir/test_uniform_alpha.cpp.o
[133/177] Building CXX object tests/integration/multiphase/CMakeFiles/CFDMultiphaseAdvectionValidationTests.dir/test_alpha_advection.cpp.o
[134/177] Building CXX object tests/integration/multiphase/CMakeFiles/CFDMultiphaseConservationValidationTests.dir/test_phase_conservation.cpp.o
[135/177] Building CXX object tests/integration/multiphase/CMakeFiles/CFDMultiphaseSinglePhaseEquivalenceTests.dir/test_single_phase_equivalence.cpp.o
[136/177] Building CXX object tests/integration/species/CMakeFiles/CFDSpeciesCouplingValidationTests.dir/test_species_solver_coupling.cpp.o
[137/177] Building CXX object tests/integration/compressible/CMakeFiles/CFDLowMachRegressionTests.dir/test_low_mach_regression.cpp.o
[138/177] Building CXX object benchmarks/cpu/CMakeFiles/cfd_benchmark_spmv_scaling.dir/benchmark_spmv_scaling.cpp.o
[139/177] Building CXX object tests/integration/backward_facing_step/CMakeFiles/CFDBackwardFacingStepTests.dir/BackwardFacingStepCase.cpp.o
[140/177] Building CXX object tests/integration/io/CMakeFiles/CFDResultExportIntegrationTests.dir/test_result_export.cpp.o
[141/177] Building CXX object tests/integration/restart/CMakeFiles/CFDRestartIntegrationTests.dir/test_restart_io.cpp.o
[142/177] Linking CXX executable benchmarks/cpu/cfd_benchmark_spmv_scaling
[143/177] Building CXX object tests/integration/mms/CMakeFiles/CFDMMSValidationTests.dir/MMSCases.cpp.o
[144/177] Linking CXX executable tests/integration/thermal/CFDConjugateHeatTransferValidationTests
[145/177] Building CXX object benchmarks/cpu/CMakeFiles/cfd_benchmark_cpu.dir/benchmark_runner.cpp.o
[146/177] Building CXX object tests/integration/backward_facing_step/CMakeFiles/CFDBackwardFacingStepTests.dir/test_backward_facing_step.cpp.o
[147/177] Building CXX object tests/integration/turbulence_channel/CMakeFiles/CFDTurbulenceChannelValidationTests.dir/test_channel_flow_validation.cpp.o
[148/177] Building CXX object benchmarks/cpu/CMakeFiles/cfd_benchmark_openmp_scaling.dir/benchmark_openmp_scaling.cpp.o
[149/177] Linking CXX executable tests/solver/compressible_simple/CFDCompressibleSimpleTests
[150/177] Linking CXX executable tests/integration/species/CFDSpeciesDiffusionValidationTests
[151/177] Building CXX object tests/integration/mms/CMakeFiles/CFDMMSValidationTests.dir/test_mms_momentum.cpp.o
[152/177] Linking CXX executable benchmarks/cpu/cfd_benchmark_openmp_scaling
[153/177] Linking CXX executable tests/integration/thermal/CFDHeatedCavityValidationTests
[154/177] Building CXX object tests/integration/mms/CMakeFiles/CFDMMSValidationTests.dir/test_mms_3d.cpp.o
[155/177] Linking CXX executable tests/unit/validation/CFDValidationUnitTests
[156/177] Linking CXX executable tests/integration/thermal/CFDBoussinesqCouplingTests
[157/177] Linking CXX executable tests/integration/species/CFDSpeciesAdvectionDiffusionValidationTests
[158/177] Linking CXX executable tests/integration/species/CFDSpeciesConservationValidationTests
[159/177] Linking CXX executable tests/integration/multiphase/CFDMultiphaseUniformFieldTests
[160/177] Linking CXX executable tests/integration/multiphase/CFDMultiphaseAdvectionValidationTests
[161/177] Linking CXX executable tests/integration/multiphase/CFDMultiphaseSinglePhaseEquivalenceTests
[162/177] Linking CXX executable tests/integration/multiphase/CFDMultiphaseConservationValidationTests
[163/177] Building CXX object tests/integration/mms/CMakeFiles/CFDMMSValidationTests.dir/test_mms_simple3d.cpp.o
[164/177] Linking CXX executable tests/integration/cavity/CFDCavityValidationTests
[165/177] Linking CXX executable tests/integration/thermal/CFDNaturalConvectionValidationTests
[166/177] Linking CXX executable benchmarks/cpu/cfd_benchmark_cpu
[167/177] Linking CXX executable tests/integration/poiseuille/CFDPoiseuilleValidationTests
[168/177] Linking CXX executable tests/integration/compressible/CFDLowMachRegressionTests
[169/177] Linking CXX executable tests/integration/species/CFDSpeciesCouplingValidationTests
[170/177] Linking CXX executable tests/solver/piso/CFDPisoTests
[171/177] Linking CXX executable tests/integration/restart/CFDRestartIntegrationTests
[172/177] Linking CXX executable tests/integration/backward_facing_step/CFDBackwardFacingStepTests
[173/177] Linking CXX executable tests/solver/simple/CFDSimpleTests
[174/177] Linking CXX executable tests/integration/turbulence_channel/CFDTurbulenceChannelValidationTests
[175/177] Linking CXX executable tests/integration/io/CFDResultExportIntegrationTests
[176/177] Linking CXX executable tests/unit/io/CFDIoTests
[177/177] Linking CXX executable tests/integration/mms/CFDMMSValidationTests
