# P12-DIFF-002 A4-2 complete inventory run; 2026-09-16T13:01:26Z
# git HEAD b66310ca871811c4c7671056beec291a451af55c
# configure: cmake -S /mnt/c/Users/Hasib/Desktop/CFDAPP/CFDApp -B /mnt/c/Users/Hasib/Desktop/CFDAPP/CFDApp/build/release
# configure OK
# build all: cmake --build /mnt/c/Users/Hasib/Desktop/CFDAPP/CFDApp/build/release -j$(nproc)
# BUILD OK
# library 58be6b751328c9bb
# run: ctest --test-dir /mnt/c/Users/Hasib/Desktop/CFDAPP/CFDApp/build/release -j$(nproc) --output-on-failure

## ctest summary
98% tests passed, 36 tests failed out of 1913
Total Test time (real) = 195.97 sec

## every failing ctest entry
  	205 - MeshMotionEvidence.DumpSinusoidalGeometryForIndependentCheck (Disabled)
  	1723 - CavityGhiaValidation.Grid40x40ConvergesAndMatchesGhia (Disabled)
  	1724 - CavityGhiaValidation.Grid80x80ConvergesAndMatchesGhia (Disabled)
  	1725 - CavityGhiaValidation.GridConvergence (Disabled)
  	1728 - CavityGhiaValidation.Re100Grid40 (Disabled)
  	1729 - CavityGhiaValidation.Re100Grid80 (Disabled)
  	1730 - CavityGhiaValidation.Re100Grid160 (Disabled)
  	1731 - CavityGhiaValidation.Re1000Grid40 (Disabled)
  	1732 - CavityGhiaValidation.Re1000Grid80 (Disabled)
  	1733 - CavityGhiaValidation.Re1000Grid160 (Disabled)
  	1734 - CavityGhiaValidation.Re100Study (Disabled)
  	1735 - CavityGhiaValidation.Re1000Study (Disabled)
  	1741 - SchemeValidation.AccuracyCostComparisonFull (Disabled)
  	1745 - PoiseuilleValidation.Grid128x16ConvergesAndMatchesAnalyticalProfile (Disabled)
  	1746 - PoiseuilleValidation.Grid256x32ConvergesAndMatchesAnalyticalProfile (Disabled)
  	1775 - NaturalConvectionValidation.Grid20x20MatchesDeVahlDavisRa1e3 (Disabled)
  	1781 - CaseLidDrivenCavityIntegrationTest.ProductionCaseLoadsBuildsAndConverges (Disabled)
  	1840 - MeshQualityCampaign.DegradationD1NonOrthogonality (Disabled)
  	1841 - MeshQualityCampaign.DegradationD2Irregularity (Disabled)
  	1842 - MeshQualityCampaign.DegradationD3AspectRatio (Disabled)
  	1843 - MeshQualityCampaign.DegradationD4Expansion (Disabled)
  	1844 - MeshQualityCampaign.ManufacturedSolutionCartesian (Disabled)
  	1845 - MeshQualityCampaign.ManufacturedSolutionSmoothCorrected (Disabled)
  	1846 - MeshQualityCampaign.ManufacturedSolutionSmoothUncorrected (Disabled)
  	1847 - MeshQualityCampaign.GridConvergenceIrregularFamily (Disabled)
  	1850 - Duct3DProductionCase.DuctLevel8 (Disabled)
  	1851 - Duct3DProductionCase.DuctLevel16 (Disabled)
  	1852 - Duct3DProductionCase.DuctLevel24 (Disabled)
  	1853 - Duct3DProductionCase.DuctGate (Disabled)
  	1854 - Duct3DProductionCase.DirectionalSymmetry (Disabled)
  	1857 - LidDrivenCube3DProductionCase.CubeLevel32 (Disabled)
  	1858 - LidDrivenCube3DProductionCase.CubeLevel48 (Disabled)
  	1859 - LidDrivenCube3DProductionCase.CubeLevel64 (Disabled)
  	1860 - LidDrivenCube3DProductionCase.CubeGate (Disabled)
  	1885 - ChannelFlowValidation.KEpsilonFineConvergesAndMatchesLogLaw (Disabled)
  	1888 - ChannelFlowValidation.KOmegaFineConvergesAndMatchesLogLaw (Disabled)
  	1891 - ChannelFlowValidation.SSTFineConvergesAndMatchesLogLaw (Disabled)
  	1892 - ChannelFlowValidation.KEpsilonGridRefinementReducesReTauError (Disabled)
  	1899 - TurbulentChannelValidation.Study (Disabled)
  	1946 - SIMPLEMMS.FineGridStudy (Disabled)
  	1950 - MMS3DTest.OperatorRefinementStudy (Disabled)
  	1953 - MMSSimple3DTest.RefinementStudy (Disabled)
  	1956 - BackwardFacingStep.Converges (Disabled)
  	1957 - BackwardFacingStep.MassConservation (Disabled)
  	1958 - BackwardFacingStep.ReattachmentLength (Disabled)
  	505 - GridRefinementTest.GreenGaussGradientDistortedGlobalOrderReflectsBoundaryTreatment (Failed)
  	566 - BoundaryReconstruction.AssembledThermalSystemMatchesTheHandDerivedOne (Failed)
  	592 - MomentumDiffusionTest.InternalFaceCoefficientsAreSymmetric (Failed)
  	659 - MomentumVariableViscosityTest.InternalFaceMatchesHandDerivedLinearMuValue (Failed)
  	660 - MomentumVariableViscosityTest.TabulatedMuGivesTheExpectedFaceValue (Failed)
  	1041 - EnergyEquationDiffusionTest.TwoCellSystemMatchesHandDerivedCoefficients (Failed)
  	1042 - EnergyEquationDiffusionTest.InternalFaceCoefficientsAreSymmetric (Failed)
  	1055 - EnergyEquationAssemblyTest.CombinedAssemblyMatchesHandDerivedCoefficients (Failed)
  	1063 - EnergyEquationThermalBCIntegrationTest.FixedTemperatureGivesIdenticalResultToEquivalentFixedValue (Failed)
  	1066 - EnergyEquationVariablePropertiesTest.DiffusionInternalFaceMatchesHandDerivedValue (Failed)
  	1067 - EnergyEquationVariablePropertiesTest.DiffusionBoundaryFaceUsesOwnerConductivityDirectly (Failed)
  	1106 - RegionAwareThermalDiffusionTest.EqualConductivityMatchesSingleMaterialPathExactly (Failed)
  	1114 - ThermalBoundaryConsistency.ConvergedFieldIsConsistentWithItsBoundaryValues (Failed)
  	1115 - ThermalBoundaryConsistency.ConjugateConductionPathIsConsistentToo (Failed)
  	1118 - SparseAssembly3DTest.TwoCellsInX (Failed)
  	1119 - SparseAssembly3DTest.TwoCellsWithUpwindConvectionAndAZeroGradientOutlet (Failed)
  	1120 - SparseAssembly3DTest.TwoByTwoByOne (Failed)
  	1121 - SparseAssembly3DTest.TwoByTwoByTwo (Failed)
  	1264 - SpeciesEquationDiffusionTest.TwoCellSystemMatchesHandDerivedCoefficients (Failed)
  	1265 - SpeciesEquationDiffusionTest.InternalFaceCoefficientsAreSymmetric (Failed)
  	1275 - SpeciesEquationAssemblyTest.CombinedAssemblyUsesDensityTimesDiffusivityAsCoefficient (Failed)
  	1589 - SIMPLERobustnessTest.DefaultRobustnessPreservesBaseline (Failed)
  	1593 - SIMPLERobustnessTest.DivergenceStatus (Failed)
  	1749 - PoiseuilleValidation.Profile (Failed)
  	1751 - PoiseuilleValidation.PressureDrop (Failed)
  	1752 - PoiseuilleValidation.ProductionGridConvergence (Failed)
  	1772 - NaturalConvectionValidation.Grid10x10MatchesDeVahlDavisRa1e3 (Failed)
  	1773 - NaturalConvectionValidation.Grid10x10ConstantPropertyModelsMatchDeVahlDavisRa1e3 (Failed)
  	1817 - StructuredQuadProductionCase.DistortedPoiseuilleGridConvergence (Failed)
  	1831 - MultiBlockProductionCase.CurvedChannelGridConvergence (Failed)
  	1911 - SpeciesConservationTest.OpenChannelWithVolumetricSourceBalancesNetOutflowAgainstSource (Failed)
  	1929 - LowMachRegressionTest.GlobalMassImbalanceIsSmall (Failed)
  	1934 - MomentumMMS.UConverges (Failed)
  	1935 - MomentumMMS.VConverges (Failed)
  	1940 - SIMPLEMMS.VelocityConvergesAtExpectedOrder (Failed)
  	1945 - SIMPLEMMS.DistortedMesh (Failed)
