# h9b_packed_entries_swapped  (expectation: detect)
# the packed 2x2 layout read backwards: gx takes Sxx and gy takes Syy
# mutation applied to cuda/kernels/DeviceLeastSquaresGradientKernel.cu
# --- anchor ---
    const Real syy = p.c11[c], sxy = p.c12[c], sxx = p.c22[c];
# --- became ---
    const Real syy = p.c22[c], sxy = p.c12[c], sxx = p.c11[c];
# verdict: DETECTED (exit 1)

=== GPU-DISC-001J: CUDA cell-velocity correction vs CPU (bitwise) ===
CPU references: pressure_velocity::correctVelocity, discretization::leastSquaresGradient

       [distorted q16/all-Neumann fixedValuePatches=0 lsFallbackCells=0 lsOblique=64 resident=202000 B]
  FAIL distorted q16  all-Neumann    linear x    zero        least_squares grad[d=504] inc[d=0] u[d=0] v[d=0] w[d=0] maxAbs=0.147      scaleG=3.5        scaleU=1.492     
  FAIL distorted q16  all-Neumann    linear x    uniform     least_squares grad[d=504] inc[d=476] u[d=245] v[d=231] w[d=0] maxAbs=0.147      scaleG=3.5        scaleU=1.422     
  FAIL distorted q16  all-Neumann    linear x    nonuniform  least_squares grad[d=504] inc[d=473] u[d=244] v[d=229] w[d=0] maxAbs=0.147      scaleG=3.5        scaleU=1.428     
  FAIL distorted q16  all-Neumann    linear y    zero        least_squares grad[d=504] inc[d=0] u[d=0] v[d=0] w[d=0] maxAbs=0.116      scaleG=2.75       scaleU=1.492     
  FAIL distorted q16  all-Neumann    linear y    uniform     least_squares grad[d=504] inc[d=469] u[d=229] v[d=240] w[d=0] maxAbs=0.116      scaleG=2.75       scaleU=1.493     
  FAIL distorted q16  all-Neumann    linear y    nonuniform  least_squares grad[d=504] inc[d=470] u[d=232] v[d=238] w[d=0] maxAbs=0.116      scaleG=2.75       scaleU=1.493     
  FAIL distorted q16  all-Neumann    nonuniform  zero        least_squares grad[d=503] inc[d=0] u[d=0] v[d=0] w[d=0] maxAbs=0.957      scaleG=37.46      scaleU=1.492     
  FAIL distorted q16  all-Neumann    nonuniform  uniform     least_squares grad[d=503] inc[d=498] u[d=249] v[d=249] w[d=0] maxAbs=0.957      scaleG=37.46      scaleU=1.747     
  FAIL distorted q16  all-Neumann    nonuniform  nonuniform  least_squares grad[d=503] inc[d=494] u[d=247] v[d=247] w[d=0] maxAbs=0.957      scaleG=37.46      scaleU=1.936     
  FAIL distorted q16  all-Neumann    negative    zero        least_squares grad[d=503] inc[d=0] u[d=0] v[d=0] w[d=0] maxAbs=0.957      scaleG=37.46      scaleU=1.492     
  FAIL distorted q16  all-Neumann    negative    uniform     least_squares grad[d=503] inc[d=493] u[d=245] v[d=248] w[d=0] maxAbs=0.957      scaleG=37.46      scaleU=1.738     
  FAIL distorted q16  all-Neumann    negative    nonuniform  least_squares grad[d=503] inc[d=493] u[d=245] v[d=248] w[d=0] maxAbs=0.957      scaleG=37.46      scaleU=1.691     
  FAIL distorted q16  all-Neumann    nonuniform  nonuniform  least_squares grad[d=503] inc[d=494] u[d=247] v[d=247] w[d=0] maxAbs=0.957      scaleG=37.46      scaleU=1.936     
  PASS L1b distorted q16  green_gauss  reused buffers, 4 successive p' differing=0 maxAbs=0          scale=1.934
  FAIL L1b distorted q16  least_squares reused buffers, 4 successive p' differing=1460 maxAbs=0.0253     scale=1.936
  FAIL L2 distorted q16  all-Neumann    least-squares gradient differing=2514 fallbackCells=0 obliqueEntries=64 3dCells=0 skipped=0 maxAbs=8.84e+303  scale=2.034e+305
  PASS L3 distorted q16  green_gauss  I1[0] I2[0,sweeps/closure] I3[0] I4[0] I5[0] I6[0]
  PASS L3 distorted q16  least_squares I1[0] I2[0,exact] I3[0] I4[0] I5[0] I6[0]
       [distorted q16/mixed fixedValuePatches=2 lsFallbackCells=0 lsOblique=32 resident=200208 B]
  FAIL distorted q16  mixed          uniform     zero        least_squares grad[d=62] inc[d=0] u[d=0] v[d=0] w[d=0] maxAbs=7.13       scaleG=127.9      scaleU=1.492     
  FAIL distorted q16  mixed          uniform     uniform     least_squares grad[d=62] inc[d=62] u[d=31] v[d=31] w[d=0] maxAbs=7.13       scaleG=127.9      scaleU=2.877     
  FAIL distorted q16  mixed          uniform     nonuniform  least_squares grad[d=62] inc[d=62] u[d=31] v[d=31] w[d=0] maxAbs=7.13       scaleG=127.9      scaleU=2.823     
  FAIL distorted q16  mixed          linear x    zero        least_squares grad[d=506] inc[d=0] u[d=0] v[d=0] w[d=0] maxAbs=2.15       scaleG=55.62      scaleU=1.492     
  FAIL distorted q16  mixed          linear x    uniform     least_squares grad[d=506] inc[d=481] u[d=247] v[d=234] w[d=0] maxAbs=2.15       scaleG=55.62      scaleU=1.458     
  FAIL distorted q16  mixed          linear x    nonuniform  least_squares grad[d=506] inc[d=477] u[d=246] v[d=231] w[d=0] maxAbs=2.15       scaleG=55.62      scaleU=1.505     
  FAIL distorted q16  mixed          linear y    zero        least_squares grad[d=506] inc[d=0] u[d=0] v[d=0] w[d=0] maxAbs=1.69       scaleG=43.7       scaleU=1.492     
  FAIL distorted q16  mixed          linear y    uniform     least_squares grad[d=506] inc[d=473] u[d=231] v[d=242] w[d=0] maxAbs=1.69       scaleG=43.7       scaleU=1.492     
  FAIL distorted q16  mixed          linear y    nonuniform  least_squares grad[d=506] inc[d=473] u[d=234] v[d=239] w[d=0] maxAbs=1.69       scaleG=43.7       scaleU=1.492     
  FAIL distorted q16  mixed          nonuniform  zero        least_squares grad[d=504] inc[d=0] u[d=0] v[d=0] w[d=0] maxAbs=11         scaleG=188.7      scaleU=1.492     
  FAIL distorted q16  mixed          nonuniform  uniform     least_squares grad[d=504] inc[d=501] u[d=250] v[d=251] w[d=0] maxAbs=11         scaleG=188.7      scaleU=4.046     
  FAIL distorted q16  mixed          nonuniform  nonuniform  least_squares grad[d=504] inc[d=497] u[d=249] v[d=248] w[d=0] maxAbs=11         scaleG=188.7      scaleU=2.982     
  FAIL distorted q16  mixed          negative    zero        least_squares grad[d=504] inc[d=0] u[d=0] v[d=0] w[d=0] maxAbs=11         scaleG=188.7      scaleU=1.492     
  FAIL distorted q16  mixed          negative    uniform     least_squares grad[d=504] inc[d=496] u[d=246] v[d=250] w[d=0] maxAbs=11         scaleG=188.7      scaleU=3.513     
  FAIL distorted q16  mixed          negative    nonuniform  least_squares grad[d=504] inc[d=495] u[d=246] v[d=249] w[d=0] maxAbs=11         scaleG=188.7      scaleU=2.394     
  FAIL distorted q16  mixed          nonuniform  nonuniform  least_squares grad[d=504] inc[d=497] u[d=249] v[d=248] w[d=0] maxAbs=11         scaleG=188.7      scaleU=2.982     
  PASS L1b distorted q16  green_gauss  reused buffers, 4 successive p' differing=0 maxAbs=0          scale=3.93
  FAIL L1b distorted q16  least_squares reused buffers, 4 successive p' differing=1469 maxAbs=0.151      scale=2.982
  FAIL L2 distorted q16  mixed          least-squares gradient differing=2710 fallbackCells=0 obliqueEntries=32 3dCells=0 skipped=0 maxAbs=2.23e+305  scale=4.917e+306
  PASS L3 distorted q16  green_gauss  I1[0] I2[0,fixedvalue p'] I3[0] I4[0] I5[0] I6[0]
  PASS L3 distorted q16  least_squares I1[0] I2[0,fixedvalue p'] I3[0] I4[0] I5[0] I6[0]
       [distorted q16/all-FixedValue fixedValuePatches=4 lsFallbackCells=0 lsOblique=0 resident=198416 B]
  FAIL distorted q16  all-FixedValue uniform     zero        least_squares grad[d=118] inc[d=0] u[d=0] v[d=0] w[d=0] maxAbs=7.13       scaleG=127.9      scaleU=1.492     
  FAIL distorted q16  all-FixedValue uniform     uniform     least_squares grad[d=118] inc[d=118] u[d=59] v[d=59] w[d=0] maxAbs=7.13       scaleG=127.9      scaleU=3.127     
  FAIL distorted q16  all-FixedValue uniform     nonuniform  least_squares grad[d=118] inc[d=118] u[d=59] v[d=59] w[d=0] maxAbs=7.13       scaleG=127.9      scaleU=5.337     
  FAIL distorted q16  all-FixedValue linear x    zero        least_squares grad[d=504] inc[d=0] u[d=0] v[d=0] w[d=0] maxAbs=3.24       scaleG=58.24      scaleU=1.492     
  FAIL distorted q16  all-FixedValue linear x    uniform     least_squares grad[d=504] inc[d=481] u[d=247] v[d=234] w[d=0] maxAbs=3.24       scaleG=58.24      scaleU=1.734     
  FAIL distorted q16  all-FixedValue linear x    nonuniform  least_squares grad[d=504] inc[d=474] u[d=244] v[d=230] w[d=0] maxAbs=3.24       scaleG=58.24      scaleU=2.63      
  FAIL distorted q16  all-FixedValue linear y    zero        least_squares grad[d=504] inc[d=0] u[d=0] v[d=0] w[d=0] maxAbs=2.54       scaleG=45.76      scaleU=1.492     
  FAIL distorted q16  all-FixedValue linear y    uniform     least_squares grad[d=504] inc[d=472] u[d=230] v[d=242] w[d=0] maxAbs=2.54       scaleG=45.76      scaleU=1.492     
  FAIL distorted q16  all-FixedValue linear y    nonuniform  least_squares grad[d=504] inc[d=473] u[d=234] v[d=239] w[d=0] maxAbs=2.54       scaleG=45.76      scaleU=1.492     
  FAIL distorted q16  all-FixedValue nonuniform  zero        least_squares grad[d=503] inc[d=0] u[d=0] v[d=0] w[d=0] maxAbs=11.3       scaleG=192.5      scaleU=1.492     
  FAIL distorted q16  all-FixedValue nonuniform  uniform     least_squares grad[d=503] inc[d=500] u[d=249] v[d=251] w[d=0] maxAbs=11.3       scaleG=192.5      scaleU=4.089     
  FAIL distorted q16  all-FixedValue nonuniform  nonuniform  least_squares grad[d=503] inc[d=496] u[d=248] v[d=248] w[d=0] maxAbs=11.3       scaleG=192.5      scaleU=3.887     
  FAIL distorted q16  all-FixedValue negative    zero        least_squares grad[d=503] inc[d=0] u[d=0] v[d=0] w[d=0] maxAbs=11.3       scaleG=192.5      scaleU=1.492     
  FAIL distorted q16  all-FixedValue negative    uniform     least_squares grad[d=503] inc[d=495] u[d=245] v[d=250] w[d=0] maxAbs=11.3       scaleG=192.5      scaleU=3.616     
  FAIL distorted q16  all-FixedValue negative    nonuniform  least_squares grad[d=503] inc[d=494] u[d=245] v[d=249] w[d=0] maxAbs=11.3       scaleG=192.5      scaleU=3.37      
  FAIL distorted q16  all-FixedValue nonuniform  nonuniform  least_squares grad[d=503] inc[d=496] u[d=248] v[d=248] w[d=0] maxAbs=11.3       scaleG=192.5      scaleU=3.887     
  PASS L1b distorted q16  green_gauss  reused buffers, 4 successive p' differing=0 maxAbs=0          scale=5.155
  FAIL L1b distorted q16  least_squares reused buffers, 4 successive p' differing=1464 maxAbs=0.207      scale=3.887
  FAIL L2 distorted q16  all-FixedValue least-squares gradient differing=2632 fallbackCells=0 obliqueEntries=0 3dCells=0 skipped=0 maxAbs=3.22e+305  scale=5.953e+306
  PASS L3 distorted q16  green_gauss  I1[0] I2[0,fixedvalue p'] I3[0] I4[0] I5[0] I6[0]
  PASS L3 distorted q16  least_squares I1[0] I2[0,fixedvalue p'] I3[0] I4[0] I5[0] I6[0]
  PASS L4a distorted q16  scheme=0 green_gauss  controlled p' differing=0 maxAbs=0          scale=190.4
  FAIL L4a distorted q16  scheme=0 least_squares controlled p' differing=503 maxAbs=7.99       scale=188.7
       [warped 3d 3/all-Neumann fixedValuePatches=0 lsFallbackCells=0 lsOblique=54 resident=38248 B]
  PASS L1b warped 3d 3    green_gauss  reused buffers, 4 successive p' differing=0 maxAbs=0          scale=1.51
  PASS L1b warped 3d 3    least_squares reused buffers, 4 successive p' differing=0 maxAbs=0          scale=1.511
  PASS L2 warped 3d 3    all-Neumann    least-squares gradient differing=0 fallbackCells=0 obliqueEntries=54 3dCells=27 skipped=0 maxAbs=0          scale=3.013e+305
  PASS L3 warped 3d 3    green_gauss  I1[0] I2[0,sweeps/closure] I3[0] I4[0] I5[0] I6[0]
  PASS L3 warped 3d 3    least_squares I1[0] I2[0,exact] I3[0] I4[0] I5[0] I6[0]
       [warped 3d 3/mixed fixedValuePatches=3 lsFallbackCells=0 lsOblique=27 resident=36736 B]
  PASS L1b warped 3d 3    green_gauss  reused buffers, 4 successive p' differing=0 maxAbs=0          scale=2.323
  PASS L1b warped 3d 3    least_squares reused buffers, 4 successive p' differing=0 maxAbs=0          scale=1.827
  PASS L2 warped 3d 3    mixed          least-squares gradient differing=0 fallbackCells=0 obliqueEntries=27 3dCells=27 skipped=0 maxAbs=0          scale=1.606e+306
  PASS L3 warped 3d 3    green_gauss  I1[0] I2[0,fixedvalue p'] I3[0] I4[0] I5[0] I6[0]
  PASS L3 warped 3d 3    least_squares I1[0] I2[0,fixedvalue p'] I3[0] I4[0] I5[0] I6[0]
       [warped 3d 3/all-FixedValue fixedValuePatches=6 lsFallbackCells=0 lsOblique=0 resident=35224 B]
  PASS L1b warped 3d 3    green_gauss  reused buffers, 4 successive p' differing=0 maxAbs=0          scale=2.352
  PASS L1b warped 3d 3    least_squares reused buffers, 4 successive p' differing=0 maxAbs=0          scale=2.046
  PASS L2 warped 3d 3    all-FixedValue least-squares gradient differing=0 fallbackCells=0 obliqueEntries=0 3dCells=27 skipped=0 maxAbs=0          scale=1.767e+306
  PASS L3 warped 3d 3    green_gauss  I1[0] I2[0,fixedvalue p'] I3[0] I4[0] I5[0] I6[0]
  PASS L3 warped 3d 3    least_squares I1[0] I2[0,fixedvalue p'] I3[0] I4[0] I5[0] I6[0]
  PASS L4a warped 3d 3    scheme=0 green_gauss  controlled p' differing=0 maxAbs=0          scale=1285
  PASS L4a warped 3d 3    scheme=0 least_squares controlled p' differing=0 maxAbs=0          scale=1310

=== coverage ===
  2D / 3D direct cases              132 / 126
  green_gauss / least_squares cases 129 / 129
  isolated LS gradient cases        48
  LS cells taking the GG fallback   0
  LS oblique-Neumann entries        177
  LS three-dimensional cells        81
  invariant cases                   12
  closure-exact cells (I2 support)  526
  cells where I2 is exactly claimed  283
  cells where I3 is exactly claimed  0
  correction-direction sign checks  1698
  reused-buffer successive calls    48
  2D cases with a non-zero predictor z  132
  2D cases taking the 3D branch     6
  controlled p' chain cases         4
  full chain cases (GPU solve)      0
  values compared                   377196
  bitwise-identical                 317268
  max absolute discrepancy          3.22e+305
  max relative discrepancy          4.44e+14

cases=292 failures=52
VELOCITY CORRECTION EQUIVALENCE: FAIL
