# P12-DIFF-002 diff2_gate (libcfdcore.a sha256 b048bc13fe72f46c); 2026-09-16T06:25:51Z
# P12-DIFF-002 gate probe W1/W2/W3
W1  2D Cartesian                       constant  h 0.12500 faces   128 ho     0 fb 128 | L1 0.0000e+00 Linf/scale 0.0000e+00
W1  2D Cartesian                       constant  h 0.08333 faces   192 ho     0 fb 192 | L1 0.0000e+00 Linf/scale 0.0000e+00
W1  2D Cartesian                       constant  h 0.05556 faces   288 ho     0 fb 288 | L1 0.0000e+00 Linf/scale 0.0000e+00
W1  2D Cartesian                       constant  h 0.03704 faces   432 ho     0 fb 432 | L1 0.0000e+00 Linf/scale 0.0000e+00
W1  2D Cartesian                       constant  EXACTNESS worst 0.0000e+00 bound 1.0000e-12 PASS
W1  2D Cartesian                       linear    h 0.12500 faces   128 ho     0 fb 128 | L1 3.1556e-15 Linf/scale 2.0847e-14
W1  2D Cartesian                       linear    h 0.08333 faces   192 ho     0 fb 192 | L1 8.5456e-15 Linf/scale 4.2503e-14
W1  2D Cartesian                       linear    h 0.05556 faces   288 ho     0 fb 288 | L1 1.1651e-14 Linf/scale 6.7583e-14
W1  2D Cartesian                       linear    h 0.03704 faces   432 ho     0 fb 432 | L1 1.6988e-14 Linf/scale 8.9600e-14
W1  2D Cartesian                       linear    EXACTNESS worst 1.6988e-14 bound 1.0000e-12 PASS
W1  2D Cartesian                       quadratic h 0.12500 faces   128 ho     0 fb 128 | L1 6.2500e-02 Linf/scale 6.2500e-02
W1  2D Cartesian                       quadratic h 0.08333 faces   192 ho     0 fb 192 | L1 4.1667e-02 Linf/scale 4.1667e-02
W1  2D Cartesian                       quadratic h 0.05556 faces   288 ho     0 fb 288 | L1 2.7778e-02 Linf/scale 2.7778e-02
W1  2D Cartesian                       quadratic h 0.03704 faces   432 ho     0 fb 432 | L1 1.8519e-02 Linf/scale 1.8519e-02
W1  2D Cartesian                       quadratic EXACTNESS worst 6.2500e-02 bound 1.0000e-12 FAIL
W1  2D Cartesian                       cubic     h 0.12500 faces   128 ho     0 fb 128 | L1 7.5219e-03 Linf/scale 1.4730e-02
W1  2D Cartesian                       cubic     h 0.08333 faces   192 ho     0 fb 192 | L1 5.0145e-03 Linf/scale 9.8896e-03
W1  2D Cartesian                       cubic     h 0.05556 faces   288 ho     0 fb 288 | L1 3.3429e-03 Linf/scale 6.6240e-03
W1  2D Cartesian                       cubic     h 0.03704 faces   432 ho     0 fb 432 | L1 2.2286e-03 Linf/scale 4.4297e-03
W1  2D Cartesian                       cubic     order 1.000
W1  2D Cartesian                       cubic     order 1.000
W1  2D Cartesian                       cubic     order 1.000
W1  2D Cartesian                       cubic     ORDER worst 1.000 bound 1.800 FAIL
W1  2D Cartesian translated            constant  h 0.12500 faces   128 ho     0 fb 128 | L1 0.0000e+00 Linf/scale 0.0000e+00
W1  2D Cartesian translated            constant  h 0.08333 faces   192 ho     0 fb 192 | L1 0.0000e+00 Linf/scale 0.0000e+00
W1  2D Cartesian translated            constant  h 0.05556 faces   288 ho     0 fb 288 | L1 0.0000e+00 Linf/scale 0.0000e+00
W1  2D Cartesian translated            constant  h 0.03704 faces   432 ho     0 fb 432 | L1 0.0000e+00 Linf/scale 0.0000e+00
W1  2D Cartesian translated            constant  EXACTNESS worst 0.0000e+00 bound 1.0000e-12 PASS
W1  2D Cartesian translated            linear    h 0.12500 faces   128 ho     0 fb 128 | L1 5.1340e-15 Linf/scale 2.2549e-14
W1  2D Cartesian translated            linear    h 0.08333 faces   192 ho     0 fb 192 | L1 6.7919e-15 Linf/scale 2.4251e-14
W1  2D Cartesian translated            linear    h 0.05556 faces   288 ho     0 fb 288 | L1 1.1914e-14 Linf/scale 5.9829e-14
W1  2D Cartesian translated            linear    h 0.03704 faces   432 ho     0 fb 432 | L1 1.7325e-14 Linf/scale 1.0432e-13
W1  2D Cartesian translated            linear    EXACTNESS worst 1.7325e-14 bound 1.0000e-12 PASS
W1  2D Cartesian translated            quadratic h 0.12500 faces   128 ho     0 fb 128 | L1 6.2500e-02 Linf/scale 6.2500e-02
W1  2D Cartesian translated            quadratic h 0.08333 faces   192 ho     0 fb 192 | L1 4.1667e-02 Linf/scale 4.1667e-02
W1  2D Cartesian translated            quadratic h 0.05556 faces   288 ho     0 fb 288 | L1 2.7778e-02 Linf/scale 2.7778e-02
W1  2D Cartesian translated            quadratic h 0.03704 faces   432 ho     0 fb 432 | L1 1.8519e-02 Linf/scale 1.8519e-02
W1  2D Cartesian translated            quadratic EXACTNESS worst 6.2500e-02 bound 1.0000e-12 FAIL
W1  2D Cartesian translated            cubic     h 0.12500 faces   128 ho     0 fb 128 | L1 7.5219e-03 Linf/scale 1.4730e-02
W1  2D Cartesian translated            cubic     h 0.08333 faces   192 ho     0 fb 192 | L1 5.0145e-03 Linf/scale 9.8896e-03
W1  2D Cartesian translated            cubic     h 0.05556 faces   288 ho     0 fb 288 | L1 3.3429e-03 Linf/scale 6.6240e-03
W1  2D Cartesian translated            cubic     h 0.03704 faces   432 ho     0 fb 432 | L1 2.2286e-03 Linf/scale 4.4297e-03
W1  2D Cartesian translated            cubic     order 1.000
W1  2D Cartesian translated            cubic     order 1.000
W1  2D Cartesian translated            cubic     order 1.000
W1  2D Cartesian translated            cubic     ORDER worst 1.000 bound 1.800 FAIL
W1  2D distorted 48deg                 constant  h 0.12500 faces   128 ho     0 fb 128 | L1 0.0000e+00 Linf/scale 0.0000e+00
W1  2D distorted 48deg                 constant  h 0.08333 faces   192 ho     0 fb 192 | L1 0.0000e+00 Linf/scale 0.0000e+00
W1  2D distorted 48deg                 constant  h 0.05556 faces   288 ho     0 fb 288 | L1 0.0000e+00 Linf/scale 0.0000e+00
W1  2D distorted 48deg                 constant  h 0.03704 faces   432 ho     0 fb 432 | L1 0.0000e+00 Linf/scale 0.0000e+00
W1  2D distorted 48deg                 constant  EXACTNESS worst 0.0000e+00 bound 1.0000e-12 PASS
W1  2D distorted 48deg                 linear    h 0.12500 faces   128 ho     0 fb 128 | L1 5.6618e-15 Linf/scale 2.2719e-14
W1  2D distorted 48deg                 linear    h 0.08333 faces   192 ho     0 fb 192 | L1 6.6879e-15 Linf/scale 3.2419e-14
W1  2D distorted 48deg                 linear    h 0.05556 faces   288 ho     0 fb 288 | L1 1.1620e-14 Linf/scale 7.5720e-14
W1  2D distorted 48deg                 linear    h 0.03704 faces   432 ho     0 fb 432 | L1 1.8618e-14 Linf/scale 9.2759e-14
W1  2D distorted 48deg                 linear    EXACTNESS worst 1.8618e-14 bound 1.0000e-12 PASS
W1  2D distorted 48deg                 quadratic h 0.12500 faces   128 ho     0 fb 128 | L1 6.2532e-02 Linf/scale 7.1083e-02
W1  2D distorted 48deg                 quadratic h 0.08333 faces   192 ho     0 fb 192 | L1 4.1677e-02 Linf/scale 4.7882e-02
W1  2D distorted 48deg                 quadratic h 0.05556 faces   288 ho     0 fb 288 | L1 2.7781e-02 Linf/scale 3.2124e-02
W1  2D distorted 48deg                 quadratic h 0.03704 faces   432 ho     0 fb 432 | L1 1.8520e-02 Linf/scale 2.1428e-02
W1  2D distorted 48deg                 quadratic EXACTNESS worst 6.2532e-02 bound 1.0000e-12 FAIL
W1  2D distorted 48deg                 cubic     h 0.12500 faces   128 ho     0 fb 128 | L1 7.3230e-03 Linf/scale 1.6683e-02
W1  2D distorted 48deg                 cubic     h 0.08333 faces   192 ho     0 fb 192 | L1 4.8635e-03 Linf/scale 1.1332e-02
W1  2D distorted 48deg                 cubic     h 0.05556 faces   288 ho     0 fb 288 | L1 3.2365e-03 Linf/scale 7.6458e-03
W1  2D distorted 48deg                 cubic     h 0.03704 faces   432 ho     0 fb 432 | L1 2.1559e-03 Linf/scale 5.1185e-03
W1  2D distorted 48deg                 cubic     order 1.009
W1  2D distorted 48deg                 cubic     order 1.004
W1  2D distorted 48deg                 cubic     order 1.002
W1  2D distorted 48deg                 cubic     ORDER worst 1.002 bound 1.800 FAIL
W1  3D Cartesian                       constant  h 0.12500 faces   128 ho     0 fb 128 | L1 0.0000e+00 Linf/scale 0.0000e+00
W1  3D Cartesian                       constant  h 0.08333 faces   288 ho     0 fb 288 | L1 0.0000e+00 Linf/scale 0.0000e+00
W1  3D Cartesian                       constant  h 0.06250 faces   512 ho     0 fb 512 | L1 0.0000e+00 Linf/scale 0.0000e+00
W1  3D Cartesian                       constant  h 0.04167 faces  1152 ho     0 fb 1152 | L1 0.0000e+00 Linf/scale 0.0000e+00
W1  3D Cartesian                       constant  EXACTNESS worst 0.0000e+00 bound 1.0000e-12 PASS
W1  3D Cartesian                       linear    h 0.12500 faces   128 ho     0 fb 128 | L1 7.5252e-16 Linf/scale 2.2974e-15
W1  3D Cartesian                       linear    h 0.08333 faces   288 ho     0 fb 288 | L1 9.9150e-16 Linf/scale 6.6051e-15
W1  3D Cartesian                       linear    h 0.06250 faces   512 ho     0 fb 512 | L1 1.6581e-15 Linf/scale 6.3818e-15
W1  3D Cartesian                       linear    h 0.04167 faces  1152 ho     0 fb 1152 | L1 2.1082e-15 Linf/scale 1.2732e-14
W1  3D Cartesian                       linear    EXACTNESS worst 2.1082e-15 bound 1.0000e-12 PASS
W1  3D Cartesian                       quadratic h 0.12500 faces   128 ho     0 fb 128 | L1 6.2500e-02 Linf/scale 6.2500e-02
W1  3D Cartesian                       quadratic h 0.08333 faces   288 ho     0 fb 288 | L1 4.1667e-02 Linf/scale 4.1667e-02
W1  3D Cartesian                       quadratic h 0.06250 faces   512 ho     0 fb 512 | L1 3.1250e-02 Linf/scale 3.1250e-02
W1  3D Cartesian                       quadratic h 0.04167 faces  1152 ho     0 fb 1152 | L1 2.0833e-02 Linf/scale 2.0833e-02
W1  3D Cartesian                       quadratic EXACTNESS worst 6.2500e-02 bound 1.0000e-12 FAIL
W1  3D Cartesian                       cubic     h 0.12500 faces   128 ho     0 fb 128 | L1 5.5444e-02 Linf/scale 1.0858e-01
W1  3D Cartesian                       cubic     h 0.08333 faces   288 ho     0 fb 288 | L1 3.6954e-02 Linf/scale 7.2881e-02
W1  3D Cartesian                       cubic     h 0.06250 faces   512 ho     0 fb 512 | L1 2.7713e-02 Linf/scale 5.4848e-02
W1  3D Cartesian                       cubic     h 0.04167 faces  1152 ho     0 fb 1152 | L1 1.8474e-02 Linf/scale 3.6692e-02
W1  3D Cartesian                       cubic     order 1.001
W1  3D Cartesian                       cubic     order 1.000
W1  3D Cartesian                       cubic     order 1.000
W1  3D Cartesian                       cubic     ORDER worst 1.000 bound 1.800 FAIL
W1  curved multi-block (committed)     constant  h 1.00000 faces   204 ho     0 fb 204 | L1 0.0000e+00 Linf/scale 0.0000e+00
W1  curved multi-block (committed)     constant  EXACTNESS worst 0.0000e+00 bound 1.0000e-12 PASS
W1  curved multi-block (committed)     radial    h 1.00000 faces   204 ho     0 fb 204 | L1 1.8616e-02 Linf/scale 2.9835e-02
W1  curved multi-block (committed)     radial    EXACTNESS worst 1.8616e-02 bound 1.8616e-02 PASS
W2  2D Cartesian           quadratic L1: origin 2.7778e-02 translated 2.7778e-02 (diff 5.447e-16 bound 6.377e-12 PASS) | L=1e-3 2.7778e-02 L=1e3 2.7778e-02 (spread 8.119e-15)
W2  2D Cartesian           cubic     L1: origin 3.3429e-03 translated 3.3429e-03 (diff 1.462e-16 bound 6.377e-12 PASS) | L=1e-3 3.3429e-03 L=1e3 3.3429e-03 (spread 3.949e-13)
W2  2D distorted           quadratic L1: origin 2.7781e-02 translated 2.7781e-02 (diff 1.204e-15 bound 7.326e-12 PASS) | L=1e-3 2.7781e-02 L=1e3 2.7781e-02 (spread 1.336e-14)
W2  2D distorted           cubic     L1: origin 3.2365e-03 translated 3.2365e-03 (diff 7.633e-17 bound 7.326e-12 PASS) | L=1e-3 3.2365e-03 L=1e3 3.2365e-03 (spread 1.541e-14)
W3  cases/annular_sector_conduction_multiblock   boundary faces   204 higher-order     0 fallback   204
W3  cases/backward_facing_step                   SKIPPED (not a buildable case)
W3  cases/channel_flow                           SKIPPED (not a buildable case)
W3  cases/channel_transpiration_graded           boundary faces   144 higher-order     0 fallback   144
W3  cases/compressible_channel_coupled           boundary faces   112 higher-order     0 fallback   112
W3  cases/compressible_validation                boundary faces    60 higher-order     0 fallback    60
W3  cases/curved_channel_multiblock              boundary faces   204 higher-order     0 fallback   204
W3  cases/duct_3d                                boundary faces  1664 higher-order     0 fallback  1664
W3  cases/heated_cavity                          boundary faces    80 higher-order     0 fallback    80
W3  cases/heated_species_diffusion               boundary faces    48 higher-order     0 fallback    48
W3  cases/lid_driven_cavity                      boundary faces    80 higher-order     0 fallback    80
W3  cases/lid_driven_cavity_3d                   boundary faces  1536 higher-order     0 fallback  1536
W3  cases/lid_driven_cavity_3d_re1000            boundary faces  6144 higher-order     0 fallback  6144
W3  cases/lid_driven_cavity_40x40                boundary faces   160 higher-order     0 fallback   160
W3  cases/lid_driven_cavity_80x80                boundary faces   320 higher-order     0 fallback   320
W3  cases/multiphase_validation                  boundary faces    40 higher-order     0 fallback    40
W3  cases/obstacle_channel_multiblock            boundary faces   248 higher-order     0 fallback   248
W3  cases/poiseuille_distorted                   boundary faces   144 higher-order     0 fallback   144
W3  cases/poiseuille_flow                        boundary faces   144 higher-order     0 fallback   144
W3  cases/species_diffusion                      boundary faces    48 higher-order     0 fallback    48
W3  cases/step_channel_multiblock                boundary faces   256 higher-order     0 fallback   256
W3  degenerate 2D 1x1                            boundary faces     4 higher-order     0 fallback     4
W3  degenerate 2D 8x1                            boundary faces    18 higher-order     0 fallback    18
W3  degenerate 2D 1x8                            boundary faces    18 higher-order     0 fallback    18
W3  degenerate 3D 1x1x1                          boundary faces     6 higher-order     0 fallback     6
W3  degenerate 3D 8x8x1                          boundary faces   160 higher-order     0 fallback   160
exit 0
