# P12-DIFF-002 GATE FREEZE; 2026-09-16T06:28:19Z
# git HEAD b66310ca871811c4c7671056beec291a451af55c

# frozen documents, tools and the pre-freeze dry-run:
  51079f6da5dd0a417b39fe332f92eccf32a9877a96035168bc566ed1d3a9e46b  acceptance_gate.md
  af8a23107c2745aee268dbea817326b505221e671d8c48ad45b96d038c089a70  architecture.md
  740bc13947495d0100b5c64d932f95133f9e5ff22f5d1c91c2957560a116b54e  tools/diff2_gate.cpp
  11e3cda6ce6f315f11c33770de21014d857af6cc65b9656bc8a39ed31cd14703  tools/diff2_cases.cpp
  0588c37cb122f4423c3128c0403776c53189cc428d4ea5d378f125a3e865390d  tools/run.sh
  1ec72116ff2ff6fcb081b4d07c644d6b89e82c2bb5e9badab16cf32785a619e2  logs/04_gate_dryrun_baseline.log
  8d991482dc4ca42d75023946621f80f80818c35aaa866688d6acb5755a727616  logs/05_cases_before.log

# production source at freeze time (interface widened, numerics unchanged):
  cf618d6a4ec5830f436cea871d1006af87e745294279001e3de8b8351c046152  src/discretization/NonOrthogonalDiffusion.cpp
  076859b950fe0e140d4c6cd961a046a2f363cf1125865f968655298b55cbb8b2  include/cfd/discretization/NonOrthogonalDiffusion.hpp
  0e1c4962faf52b0d0b26a9fc489529445573dacd13029f97c2c4f95271d3fda0  src/physics/MomentumEquation.cpp
  921e61374e86bb01e83063f3ea85506c575a618ca2807564c2a91629ba75325d  src/thermal/EnergyEquation.cpp
  887947ee41510e83685b72f0a2e37c9ec4b28e21342d9fd28da4fa8fc6145360  include/cfd/thermal/EnergyEquation.hpp
  67fdb0aa41c3766b8ac505ffbd948570020c69f70ead5acf549aced08c081bbf  src/species/SpeciesEquation.cpp
  3cf4f50b2448ae9e2b26f317f4b4de4c15ec4996f01ecb8684a8c30f71f6bb4a  src/turbulence/KEpsilonEquation.cpp
  e8e17477465bcaea0415443284088169a936f4bbde8c0392d7abd6492ba7e0df  src/discretization/Diffusion.cpp
  d24882a96e5cbc0025121a71eb9f88e13ffe0ef9a8a09f2e2f9f4d40fd8c03b6  src/discretization/Gradient.cpp
# binary at freeze time:
  b048bc13fe72f46c9cf5b8fa7b51102a402feb85859c46830662be917af000fa  build/release/src/libcfdcore.a

# preserved prior evidence (unchanged):
  226cbdcf5925168ecfdac7015f53169430875fc95d19c0bbd9624b2609c5a1bd  investigation/plan.md
  597f0e8792adc35c5b4124e7e267d59cd69ea1ea71cb2739238e8733ef7c678b  investigation/summary.md
  730e3b937cefc8a238aa3c20f3282be39eb5d6de21b078cffb2702cde249c780  acceptance_gate.md
  9d8a9d30694b81ae39c3a8ebb4afb7ba281046515f06f85773790d74158821e1  summary.md
  a46973ed5ba4190a008a1c3f3138f21612a6b1ca0f11ca32deb6d0899602d2eb  acceptance_gate.md
  353b72ef11345922c849af0a456e2c8082e92188a8a10647b7c9fde2e249f186  acceptance_gate_A1.md
  67b03afc8a7512d58faafa982cfe1053d9c7e1d37d1532cf6f19d7aaedb72b75  summary.md
  f7985b619dc95c6d5786304c8f8b9ab10a4008cc3f839ecddadeafd0605bd697  a1/summary_a1.md
  48359ce0ae6f10af8a123d599bb29a24ebcde1035fed78408416f8d35a7a0c9d  investigation/summary.md
  5b45fed9c473b3b4eca923fa2e4b8ce064022270b67259fb23caf0dbdae5faa8  acceptance_gate.md
  59412e0e7d06b6afb714e261dc40e62de2c9b2f9b581d3b2ffd84e56dbb1efd3  summary.md
# the two historical tests and their cases (unchanged):
  5f98c8046eec7f96e03fdee2336d27733cbb80d58bbc26d8064fab97174cd618  tests/integration/case/test_structured_quad_production_case.cpp
  5b6eca7e7df2ad12f4f25330bf7c166e91d5e4487430f1207f6c7945adabb880  tests/integration/case/test_multiblock_production_case.cpp
