# P12-DIFF-002 diff2_gate (libcfdcore.a sha256 0a2a1398cd48c629); 2026-09-16T06:30:01Z
# P12-DIFF-002 gate probe W1/W2/W3
W1  2D Cartesian                       constant  h 0.12500 faces   128 ho   128 fb   0 | L1 1.4211e-14 Linf/scale 1.4211e-14
W1  2D Cartesian                       constant  h 0.08333 faces   192 ho   192 fb   0 | L1 7.6605e-15 Linf/scale 4.2633e-14
W1  2D Cartesian                       constant  h 0.05556 faces   288 ho   288 fb   0 | L1 1.9318e-14 Linf/scale 9.5923e-14
W1  2D Cartesian                       constant  h 0.03704 faces   432 ho   432 fb   0 | L1 3.2307e-14 Linf/scale 1.4388e-13
W1  2D Cartesian                       constant  EXACTNESS worst 3.2307e-14 bound 1.0000e-12 PASS
W1  2D Cartesian                       linear    h 0.12500 faces   128 ho   128 fb   0 | L1 1.2677e-14 Linf/scale 4.4502e-14
W1  2D Cartesian                       linear    h 0.08333 faces   192 ho   192 fb   0 | L1 1.2757e-14 Linf/scale 4.9842e-14
W1  2D Cartesian                       linear    h 0.05556 faces   288 ho   288 fb   0 | L1 2.3496e-14 Linf/scale 1.3813e-13
W1  2D Cartesian                       linear    h 0.03704 faces   432 ho   432 fb   0 | L1 3.5471e-14 Linf/scale 1.7877e-13
W1  2D Cartesian                       linear    EXACTNESS worst 3.5471e-14 bound 1.0000e-12 PASS
W1  2D Cartesian                       quadratic h 0.12500 faces   128 ho   128 fb   0 | L1 0.0000e+00 Linf/scale 0.0000e+00
W1  2D Cartesian                       quadratic h 0.08333 faces   192 ho   192 fb   0 | L1 8.1677e-17 Linf/scale 4.1633e-16
W1  2D Cartesian                       quadratic h 0.05556 faces   288 ho   288 fb   0 | L1 1.5034e-16 Linf/scale 4.1633e-16
W1  2D Cartesian                       quadratic h 0.03704 faces   432 ho   432 fb   0 | L1 1.4239e-16 Linf/scale 4.6838e-16
W1  2D Cartesian                       quadratic EXACTNESS worst 1.5034e-16 bound 1.0000e-12 PASS
W1  2D Cartesian                       cubic     h 0.12500 faces   128 ho   128 fb   0 | L1 9.4024e-04 Linf/scale 9.4024e-04
W1  2D Cartesian                       cubic     h 0.08333 faces   192 ho   192 fb   0 | L1 4.1787e-04 Linf/scale 4.1787e-04
W1  2D Cartesian                       cubic     h 0.05556 faces   288 ho   288 fb   0 | L1 1.8572e-04 Linf/scale 1.8572e-04
W1  2D Cartesian                       cubic     h 0.03704 faces   432 ho   432 fb   0 | L1 8.2541e-05 Linf/scale 8.2541e-05
W1  2D Cartesian                       cubic     order 2.000
W1  2D Cartesian                       cubic     order 2.000
W1  2D Cartesian                       cubic     order 2.000
W1  2D Cartesian                       cubic     ORDER worst 2.000 bound 1.800 PASS
W1  2D Cartesian translated            constant  h 0.12500 faces   128 ho   128 fb   0 | L1 8.3267e-15 Linf/scale 4.2633e-14
W1  2D Cartesian translated            constant  h 0.08333 faces   192 ho   192 fb   0 | L1 1.1657e-14 Linf/scale 6.3949e-14
W1  2D Cartesian translated            constant  h 0.05556 faces   288 ho   288 fb   0 | L1 2.2982e-14 Linf/scale 6.3949e-14
W1  2D Cartesian translated            constant  h 0.03704 faces   432 ho   432 fb   0 | L1 3.9857e-14 Linf/scale 1.4388e-13
W1  2D Cartesian translated            constant  EXACTNESS worst 3.9857e-14 bound 1.0000e-12 PASS
W1  2D Cartesian translated            linear    h 0.12500 faces   128 ho   128 fb   0 | L1 8.6081e-15 Linf/scale 4.3226e-14
W1  2D Cartesian translated            linear    h 0.08333 faces   192 ho   192 fb   0 | L1 1.5715e-14 Linf/scale 7.6454e-14
W1  2D Cartesian translated            linear    h 0.05556 faces   288 ho   288 fb   0 | L1 2.4011e-14 Linf/scale 1.6312e-13
W1  2D Cartesian translated            linear    h 0.03704 faces   432 ho   432 fb   0 | L1 4.0399e-14 Linf/scale 2.2587e-13
W1  2D Cartesian translated            linear    EXACTNESS worst 4.0399e-14 bound 1.0000e-12 PASS
W1  2D Cartesian translated            quadratic h 0.12500 faces   128 ho   128 fb   0 | L1 1.2721e-16 Linf/scale 3.7007e-16
W1  2D Cartesian translated            quadratic h 0.08333 faces   192 ho   192 fb   0 | L1 1.4673e-16 Linf/scale 6.9389e-16
W1  2D Cartesian translated            quadratic h 0.05556 faces   288 ho   288 fb   0 | L1 1.2288e-16 Linf/scale 6.2450e-16
W1  2D Cartesian translated            quadratic h 0.03704 faces   432 ho   432 fb   0 | L1 1.8251e-16 Linf/scale 6.2450e-16
W1  2D Cartesian translated            quadratic EXACTNESS worst 1.8251e-16 bound 1.0000e-12 PASS
W1  2D Cartesian translated            cubic     h 0.12500 faces   128 ho   128 fb   0 | L1 9.4024e-04 Linf/scale 9.4024e-04
W1  2D Cartesian translated            cubic     h 0.08333 faces   192 ho   192 fb   0 | L1 4.1787e-04 Linf/scale 4.1787e-04
W1  2D Cartesian translated            cubic     h 0.05556 faces   288 ho   288 fb   0 | L1 1.8572e-04 Linf/scale 1.8572e-04
W1  2D Cartesian translated            cubic     h 0.03704 faces   432 ho   432 fb   0 | L1 8.2541e-05 Linf/scale 8.2541e-05
W1  2D Cartesian translated            cubic     order 2.000
W1  2D Cartesian translated            cubic     order 2.000
W1  2D Cartesian translated            cubic     order 2.000
W1  2D Cartesian translated            cubic     ORDER worst 2.000 bound 1.800 PASS
W1  2D distorted 48deg                 constant  h 0.12500 faces   128 ho   128 fb   0 | L1 1.0658e-14 Linf/scale 4.2633e-14
W1  2D distorted 48deg                 constant  h 0.08333 faces   192 ho   192 fb   0 | L1 1.5987e-14 Linf/scale 6.3949e-14
W1  2D distorted 48deg                 constant  h 0.05556 faces   288 ho   288 fb   0 | L1 2.2427e-14 Linf/scale 6.3949e-14
W1  2D distorted 48deg                 constant  h 0.03704 faces   432 ho   432 fb   0 | L1 3.6082e-14 Linf/scale 1.4388e-13
W1  2D distorted 48deg                 constant  EXACTNESS worst 3.6082e-14 bound 1.0000e-12 PASS
W1  2D distorted 48deg                 linear    h 0.12500 faces   128 ho   128 fb   0 | L1 1.0309e-14 Linf/scale 7.0370e-14
W1  2D distorted 48deg                 linear    h 0.08333 faces   192 ho   192 fb   0 | L1 1.5254e-14 Linf/scale 8.3601e-14
W1  2D distorted 48deg                 linear    h 0.05556 faces   288 ho   288 fb   0 | L1 2.3494e-14 Linf/scale 1.2894e-13
W1  2D distorted 48deg                 linear    h 0.03704 faces   432 ho   432 fb   0 | L1 4.0435e-14 Linf/scale 2.4453e-13
W1  2D distorted 48deg                 linear    EXACTNESS worst 4.0435e-14 bound 1.0000e-12 PASS
W1  2D distorted 48deg                 quadratic h 0.12500 faces   128 ho   128 fb   0 | L1 1.2288e-16 Linf/scale 5.5511e-16
W1  2D distorted 48deg                 quadratic h 0.08333 faces   192 ho   192 fb   0 | L1 1.5902e-16 Linf/scale 5.5511e-16
W1  2D distorted 48deg                 quadratic h 0.05556 faces   288 ho   288 fb   0 | L1 1.4311e-16 Linf/scale 6.2450e-16
W1  2D distorted 48deg                 quadratic h 0.03704 faces   432 ho   432 fb   0 | L1 1.5685e-16 Linf/scale 6.2450e-16
W1  2D distorted 48deg                 quadratic EXACTNESS worst 1.5902e-16 bound 1.0000e-12 PASS
W1  2D distorted 48deg                 cubic     h 0.12500 faces   128 ho   128 fb   0 | L1 8.0697e-04 Linf/scale 1.2008e-03
W1  2D distorted 48deg                 cubic     h 0.08333 faces   192 ho   192 fb   0 | L1 3.5550e-04 Linf/scale 5.4791e-04
W1  2D distorted 48deg                 cubic     h 0.05556 faces   288 ho   288 fb   0 | L1 1.5971e-04 Linf/scale 2.4736e-04
W1  2D distorted 48deg                 cubic     h 0.03704 faces   432 ho   432 fb   0 | L1 7.2054e-05 Linf/scale 1.1020e-04
W1  2D distorted 48deg                 cubic     order 2.022
W1  2D distorted 48deg                 cubic     order 1.973
W1  2D distorted 48deg                 cubic     order 1.963
W1  2D distorted 48deg                 cubic     ORDER worst 1.963 bound 1.800 PASS
W1  3D Cartesian                       constant  h 0.12500 faces   128 ho   128 fb   0 | L1 1.7764e-15 Linf/scale 1.7764e-15
W1  3D Cartesian                       constant  h 0.08333 faces   288 ho   288 fb   0 | L1 9.9920e-16 Linf/scale 1.9984e-15
W1  3D Cartesian                       constant  h 0.06250 faces   512 ho   512 fb   0 | L1 3.5527e-15 Linf/scale 3.5527e-15
W1  3D Cartesian                       constant  h 0.04167 faces  1152 ho  1152 fb   0 | L1 1.9984e-15 Linf/scale 3.9968e-15
W1  3D Cartesian                       constant  EXACTNESS worst 3.5527e-15 bound 1.0000e-12 PASS
W1  3D Cartesian                       linear    h 0.12500 faces   128 ho   128 fb   0 | L1 3.2301e-15 Linf/scale 9.1046e-15
W1  3D Cartesian                       linear    h 0.08333 faces   288 ho   288 fb   0 | L1 1.6716e-15 Linf/scale 1.2732e-14
W1  3D Cartesian                       linear    h 0.06250 faces   512 ho   512 fb   0 | L1 5.9563e-15 Linf/scale 2.2719e-14
W1  3D Cartesian                       linear    h 0.04167 faces  1152 ho  1152 fb   0 | L1 3.3308e-15 Linf/scale 2.4985e-14
W1  3D Cartesian                       linear    EXACTNESS worst 5.9563e-15 bound 1.0000e-12 PASS
W1  3D Cartesian                       quadratic h 0.12500 faces   128 ho   128 fb   0 | L1 0.0000e+00 Linf/scale 0.0000e+00
W1  3D Cartesian                       quadratic h 0.08333 faces   288 ho   288 fb   0 | L1 1.0408e-16 Linf/scale 2.0817e-16
W1  3D Cartesian                       quadratic h 0.06250 faces   512 ho   512 fb   0 | L1 1.8504e-16 Linf/scale 1.8504e-16
W1  3D Cartesian                       quadratic h 0.04167 faces  1152 ho  1152 fb   0 | L1 0.0000e+00 Linf/scale 0.0000e+00
W1  3D Cartesian                       quadratic EXACTNESS worst 1.8504e-16 bound 1.0000e-12 PASS
W1  3D Cartesian                       cubic     h 0.12500 faces   128 ho   128 fb   0 | L1 6.9304e-03 Linf/scale 6.9304e-03
W1  3D Cartesian                       cubic     h 0.08333 faces   288 ho   288 fb   0 | L1 3.0795e-03 Linf/scale 3.0795e-03
W1  3D Cartesian                       cubic     h 0.06250 faces   512 ho   512 fb   0 | L1 1.7321e-03 Linf/scale 1.7321e-03
W1  3D Cartesian                       cubic     h 0.04167 faces  1152 ho  1152 fb   0 | L1 7.6975e-04 Linf/scale 7.6975e-04
W1  3D Cartesian                       cubic     order 2.001
W1  3D Cartesian                       cubic     order 2.000
W1  3D Cartesian                       cubic     order 2.000
W1  3D Cartesian                       cubic     ORDER worst 2.000 bound 1.800 PASS
W1  curved multi-block (committed)     constant  h 1.00000 faces   204 ho   204 fb   0 | L1 1.4544e-14 Linf/scale 4.5297e-14
W1  curved multi-block (committed)     constant  EXACTNESS worst 1.4544e-14 bound 1.0000e-12 PASS
W1  curved multi-block (committed)     radial    h 1.00000 faces   204 ho   204 fb   0 | L1 3.3578e-04 Linf/scale 4.9875e-04
W1  curved multi-block (committed)     radial    EXACTNESS worst 3.3578e-04 bound 1.8616e-02 PASS
W2  2D Cartesian           quadratic L1: origin 1.5034e-16 translated 1.2288e-16 (diff 2.747e-17 bound 6.377e-12 PASS) | L=1e-3 1.0054e-15 L=1e3 8.2616e-16 (spread 1.783e-01)
W2  2D Cartesian           cubic     L1: origin 1.8572e-04 translated 1.8572e-04 (diff 1.053e-15 bound 6.377e-12 PASS) | L=1e-3 1.8572e-04 L=1e3 1.8572e-04 (spread 3.744e-12)
W2  2D distorted           quadratic L1: origin 1.4311e-16 translated 1.3950e-16 (diff 3.614e-18 bound 7.326e-12 PASS) | L=1e-3 8.4351e-16 L=1e3 7.6834e-16 (spread 8.912e-02)
W2  2D distorted           cubic     L1: origin 1.5971e-04 translated 1.5971e-04 (diff 1.697e-16 bound 7.326e-12 PASS) | L=1e-3 1.5971e-04 L=1e3 1.5971e-04 (spread 2.312e-12)
W3  cases/annular_sector_conduction_multiblock   boundary faces   204 higher-order   204 fallback     0
W3  cases/backward_facing_step                   SKIPPED (not a buildable case)
W3  cases/channel_flow                           SKIPPED (not a buildable case)
W3  cases/channel_transpiration_graded           boundary faces   144 higher-order   144 fallback     0
W3  cases/compressible_channel_coupled           boundary faces   112 higher-order   112 fallback     0
W3  cases/compressible_validation                boundary faces    60 higher-order    60 fallback     0
W3  cases/curved_channel_multiblock              boundary faces   204 higher-order   204 fallback     0
W3  cases/duct_3d                                boundary faces  1664 higher-order  1664 fallback     0
W3  cases/heated_cavity                          boundary faces    80 higher-order    80 fallback     0
W3  cases/heated_species_diffusion               boundary faces    48 higher-order    48 fallback     0
W3  cases/lid_driven_cavity                      boundary faces    80 higher-order    80 fallback     0
W3  cases/lid_driven_cavity_3d                   boundary faces  1536 higher-order  1536 fallback     0
W3  cases/lid_driven_cavity_3d_re1000            boundary faces  6144 higher-order  6144 fallback     0
W3  cases/lid_driven_cavity_40x40                boundary faces   160 higher-order   160 fallback     0
W3  cases/lid_driven_cavity_80x80                boundary faces   320 higher-order   320 fallback     0
W3  cases/multiphase_validation                  boundary faces    40 higher-order    40 fallback     0
W3  cases/obstacle_channel_multiblock            boundary faces   248 higher-order   248 fallback     0
W3  cases/poiseuille_distorted                   boundary faces   144 higher-order   144 fallback     0
W3  cases/poiseuille_flow                        boundary faces   144 higher-order   144 fallback     0
W3  cases/species_diffusion                      boundary faces    48 higher-order    48 fallback     0
W3  cases/step_channel_multiblock                boundary faces   256 higher-order   256 fallback     0
W3  degenerate 2D 1x1                            boundary faces     4 higher-order     0 fallback     4
W3  degenerate 2D 8x1                            boundary faces    18 higher-order     2 fallback    16
W3  degenerate 2D 1x8                            boundary faces    18 higher-order     2 fallback    16
W3  degenerate 3D 1x1x1                          boundary faces     6 higher-order     0 fallback     6
W3  degenerate 3D 8x8x1                          boundary faces   160 higher-order    32 fallback   128
exit 0
