# P12-DIFF-002 W4 (hand-derived matrix tests); 2026-09-16T06:43:38Z
# git HEAD b66310ca871811c4c7671056beec291a451af55c
  474530ce10f3842f8421fd36346fca83c4ca85925d4c408ded68ff12752f1ebf  tests/unit/discretization/test_boundary_reconstruction.cpp
  fcbc170f393c963288864f36e5447f18ce6dc67d57070b6624673f8a1561167b  tests/unit/discretization/CMakeLists.txt
  0a2a1398cd48c629d412985ba87a84470368cca939f56916f970f85211b230fb  build/release/src/libcfdcore.a

ninja: no work to do.

Running main() from /mnt/c/Users/Hasib/Desktop/CFDAPP/CFDApp/build/release/_deps/googletest-src/googletest/src/gtest_main.cc
Note: Google Test filter = BoundaryInwardStencil*:BoundaryReconstruction*
[==========] Running 13 tests from 2 test suites.
[----------] Global test environment set-up.
[----------] 5 tests from BoundaryInwardStencil
[ RUN      ] BoundaryInwardStencil.UniformCartesianGivesHalfAndThreeHalfCellHeights
[       OK ] BoundaryInwardStencil.UniformCartesianGivesHalfAndThreeHalfCellHeights (0 ms)
[ RUN      ] BoundaryInwardStencil.GradedMeshUsesActualCellHeights
[       OK ] BoundaryInwardStencil.GradedMeshUsesActualCellHeights (0 ms)
[ RUN      ] BoundaryInwardStencil.OneCellThickMeshHasNoStencilAcrossTheThinDirection
[       OK ] BoundaryInwardStencil.OneCellThickMeshHasNoStencilAcrossTheThinDirection (0 ms)
[ RUN      ] BoundaryInwardStencil.SingleCellMeshHasNoStencilAnywhere
[       OK ] BoundaryInwardStencil.SingleCellMeshHasNoStencilAnywhere (0 ms)
[ RUN      ] BoundaryInwardStencil.RejectsInternalFace
[       OK ] BoundaryInwardStencil.RejectsInternalFace (0 ms)
[----------] 5 tests from BoundaryInwardStencil (1 ms total)

[----------] 8 tests from BoundaryReconstruction
[ RUN      ] BoundaryReconstruction.CoefficientsMatchHandDerivedUniformValues
[       OK ] BoundaryReconstruction.CoefficientsMatchHandDerivedUniformValues (0 ms)
[ RUN      ] BoundaryReconstruction.ReproducesTheUniformThreePointFormula
[       OK ] BoundaryReconstruction.ReproducesTheUniformThreePointFormula (0 ms)
[ RUN      ] BoundaryReconstruction.IsExactForALinearFieldAndForAQuadraticOne
[       OK ] BoundaryReconstruction.IsExactForALinearFieldAndForAQuadraticOne (0 ms)
[ RUN      ] BoundaryReconstruction.FallsBackToTheTwoPointFormWithoutAStencil
[       OK ] BoundaryReconstruction.FallsBackToTheTwoPointFormWithoutAStencil (0 ms)
[ RUN      ] BoundaryReconstruction.NeumannAndUncorrectedCallsAreUnchanged
[       OK ] BoundaryReconstruction.NeumannAndUncorrectedCallsAreUnchanged (0 ms)
[ RUN      ] BoundaryReconstruction.TangentialTransferIsZeroOnAnOrthogonalFaceAndNonZeroOffIt
[       OK ] BoundaryReconstruction.TangentialTransferIsZeroOnAnOrthogonalFaceAndNonZeroOffIt (0 ms)
[ RUN      ] BoundaryReconstruction.AssembledThermalSystemMatchesTheHandDerivedOne
[       OK ] BoundaryReconstruction.AssembledThermalSystemMatchesTheHandDerivedOne (0 ms)
[ RUN      ] BoundaryReconstruction.ReproducesTheDiffusionOperatorsThreePointFormula
[       OK ] BoundaryReconstruction.ReproducesTheDiffusionOperatorsThreePointFormula (0 ms)
[----------] 8 tests from BoundaryReconstruction (1 ms total)

[----------] Global test environment tear-down
[==========] 13 tests from 2 test suites ran. (3 ms total)
[  PASSED  ] 13 tests.
exit 0
