# P12-DIFF-002 diff2_cases (libcfdcore.a sha256 0a2a1398cd48c629); 2026-09-16T06:59:31Z
# P12-DIFF-002 committed-case run: status, iterations, solution norms, conservation
K   cases/annular_sector_conduction_multiblock   cells   1080 status 0 iterations      1 | |u|2 0.000000000000e+00 |p|2 0.000000000000e+00 | mass 0.000e+00
K   cases/backward_facing_step                   NO MESH: required file not found: cases/backward_facing_step/case.json
K   cases/channel_flow                           NO MESH: required file not found: cases/channel_flow/case.json
K   cases/channel_transpiration_graded           cells   1152 status 0 iterations   1563 | |u|2 2.341875701028e+00 |p|2 1.021174492717e+01 | mass 3.480e-12
K   cases/compressible_channel_coupled           cells    384 status 0 iterations  12191 | |u|2 2.165624053705e+01 |p|2 3.235659024213e+04 | mass 1.398e-11
K   cases/compressible_validation                cells    144 status 0 iterations   2225 | |u|2 1.071217901408e+00 |p|2 5.497102929521e+00 | mass 8.083e-08
K   cases/curved_channel_multiblock              cells   1080 status 0 iterations   1405 | |u|2 1.082404148042e+00 |p|2 5.231677941656e+00 | mass 4.357e-12
K   cases/duct_3d                                cells   3072 status 0 iterations     67 | |u|2 1.130191533578e+00 |p|2 9.417206277308e+00 | mass 2.918e-12
K   cases/heated_cavity                          cells    400 status 0 iterations      1 | |u|2 0.000000000000e+00 |p|2 0.000000000000e+00 | mass 0.000e+00
K   cases/heated_species_diffusion               cells     80 status 0 iterations      1 | |u|2 0.000000000000e+00 |p|2 0.000000000000e+00 | mass 0.000e+00
K   cases/lid_driven_cavity                      cells    400 status 0 iterations   3036 | |u|2 2.318462869178e-01 |p|2 8.077274343144e-02 | mass 0.000e+00
K   cases/lid_driven_cavity_3d                   cells   4096 status 0 iterations     85 | |u|2 2.112565020110e-01 |p|2 6.615008224593e-02 | mass 0.000e+00
K   cases/lid_driven_cavity_3d_re1000            cells  32768 status 0 iterations    249 | |u|2 1.866938960334e-01 |p|2 2.648362995186e-02 | mass 0.000e+00
K   cases/lid_driven_cavity_40x40                cells   1600 status 0 iterations   5615 | |u|2 2.481531357469e-01 |p|2 8.973351216023e-02 | mass 0.000e+00
K   cases/lid_driven_cavity_80x80                cells   6400 status 0 iterations   9643 | |u|2 2.556887592721e-01 |p|2 9.655105488008e-02 | mass 0.000e+00
K   cases/multiphase_validation                  cells    100 status 0 iterations      1 | |u|2 0.000000000000e+00 |p|2 0.000000000000e+00 | mass 0.000e+00
K   cases/obstacle_channel_multiblock            cells   1504 status 0 iterations   3486 | |u|2 1.117184551789e+00 |p|2 4.720816552432e+00 | mass 1.274e-12
K   cases/poiseuille_distorted                   cells    512 status 0 iterations   2222 | |u|2 1.083633413135e+00 |p|2 5.799225275697e+00 | mass 3.798e-12
K   cases/poiseuille_flow                        cells    512 status 0 iterations   1319 | |u|2 1.079598370953e+00 |p|2 5.422308566535e+00 | mass 1.977e-07
K   cases/species_diffusion                      cells     80 status 0 iterations      1 | |u|2 0.000000000000e+00 |p|2 0.000000000000e+00 | mass 0.000e+00
K   cases/step_channel_multiblock                cells   1664 status 0 iterations    633 | |u|2 6.230813388640e-01 |p|2 4.526212382317e-01 | mass 2.445e-11
exit 0
