# P12-DIFF-002 W6/W8 (libcfdcore.a sha256 0a2a1398cd48c629); 2026-09-16T07:12:00Z
# the two historical tests, UNCHANGED:
  5f98c8046eec7f96e03fdee2336d27733cbb80d58bbc26d8064fab97174cd618  tests/integration/case/test_structured_quad_production_case.cpp
  5b6eca7e7df2ad12f4f25330bf7c166e91d5e4487430f1207f6c7945adabb880  tests/integration/case/test_multiblock_production_case.cpp

[12/13] Building CXX object tests/integration/case/CMakeFiles/CFDCaseIntegrationTests.dir/test_3d_production_cases.cpp.o
[13/13] Linking CXX executable tests/integration/case/CFDCaseIntegrationTests

===== StructuredQuadProductionCase.DistortedPoiseuilleGridConvergence =====
Running main() from /mnt/c/Users/Hasib/Desktop/CFDAPP/CFDApp/build/release/_deps/googletest-src/googletest/src/gtest_main.cc
Note: Google Test filter = StructuredQuadProductionCase.DistortedPoiseuilleGridConvergence
[==========] Running 1 test from 1 test suite.
[----------] Global test environment set-up.
[----------] 1 test from StructuredQuadProductionCase
[ RUN      ] StructuredQuadProductionCase.DistortedPoiseuilleGridConvergence
64x8: non-orthogonality max 44.76 deg, skewness max 0.1318, iterations 2222, velocity L2 1.0827e-02 (Cartesian 1.5183e-02), dp/dx -1.202088, column flow error 1.36e-11
96x12: non-orthogonality max 47.18 deg, skewness max 0.0910, iterations 2181, velocity L2 4.7562e-03 (Cartesian 6.9492e-03), dp/dx -1.199674, column flow error 2.53e-11
144x18: non-orthogonality max 48.25 deg, skewness max 0.0609, iterations 2794, velocity L2 2.6537e-03 (Cartesian 3.1294e-03), dp/dx -1.197516, column flow error 3.60e-11

### Grid convergence: poiseuille_distorted

Distorted Poiseuille Re = 10 (structured_quad), 64x8 / 96x12 / 144x18

| grid | nx x ny | cells | h | runtime (s) | solver | accepted |
|---|---|---|---|---|---|---|
| coarse | 64 x 8 | 512 | 0.125 | 8.2 | Converged (2222 it) | yes |
| medium | 96 x 12 | 1152 | 0.0833333 | 17.8 | Converged (2181 it) | yes |
| fine | 144 x 18 | 2592 | 0.0555556 | 58.3 | Converged (2794 it) | yes |

**pressure_gradient** -- dp/dx, least-squares fit over 0.50 L..0.85 L; exact -12 mu U / H^2

| grid | value | reference | error | relative error |
|---|---|---|---|---|
| coarse | -1.2020884 | -1.2 (analytical) | -0.002088 | 0.00174 |
| medium | -1.1996745 | -1.2 (analytical) | 0.0003255 | 0.0002713 |
| fine | -1.1975162 | -1.2 (analytical) | 0.002484 | 0.00207 |
| extrapolated | -1.1792965 | | 0.0207 | |

| r21 | r32 | p | p formal | phi_ext | U21 (abs) | GCI21 | GCI32 | asymptotic ratio | status | grid independent |
|---|---|---|---|---|---|---|---|---|---|---|
| 1.5 | 1.5 | 0.2761 | 2 | -1.1792965 | 0.02277 | 0.01902 | 0.02123 | 0.4971 | monotonic_not_asymptotic | no |

- monotonic convergence, observed order 0.276104 (formal 2); asymptotic ratio 0.497092 outside 1 +/- 0.1
- grid independence: no grid-independence threshold configured

**velocity_l2_error** -- volume-weighted L2 of |u - u_exact| over 0.50 L..0.85 L; exact 0

| grid | value | reference | error | relative error |
|---|---|---|---|---|
| coarse | 0.010826713 | 0 (analytical) | 0.01083 | -- |
| medium | 0.0047562152 | 0 (analytical) | 0.004756 | -- |
| fine | 0.0026536902 | 0 (analytical) | 0.002654 | -- |
| extrapolated | 0.001539617 | | 0.00154 | |

| r21 | r32 | p | p formal | phi_ext | U21 (abs) | GCI21 | GCI32 | asymptotic ratio | status | grid independent |
|---|---|---|---|---|---|---|---|---|---|---|
| 1.5 | 1.5 | 2.6150 | 2 | 0.001539617 | 0.001393 | 0.5248 | 0.8454 | 1.2832 | monotonic_not_asymptotic | no |

- monotonic convergence, observed order 2.61503 (formal 2); asymptotic ratio 1.28322 outside 1 +/- 0.1
- grid independence: no grid-independence threshold configured
pair 0: observed order velocity 2.029, dp/dx 4.584
pair 1: observed order velocity 1.439, dp/dx -5.012
/mnt/c/Users/Hasib/Desktop/CFDAPP/CFDApp/tests/integration/case/test_structured_quad_production_case.cpp:402: Failure
Expected: (velocityOrder) >= (1.5), actual: 1.4390906187401413 vs 1.5
pair 1

/mnt/c/Users/Hasib/Desktop/CFDAPP/CFDApp/tests/integration/case/test_structured_quad_production_case.cpp:403: Failure
Expected: (gradientOrder) >= (1.5), actual: -5.0119102605839547 vs 1.5
pair 1

[  FAILED  ] StructuredQuadProductionCase.DistortedPoiseuilleGridConvergence (84256 ms)
[----------] 1 test from StructuredQuadProductionCase (84257 ms total)

[----------] Global test environment tear-down
[==========] 1 test from 1 test suite ran. (84257 ms total)
[  PASSED  ] 0 tests.
[  FAILED  ] 1 test, listed below:
[  FAILED  ] StructuredQuadProductionCase.DistortedPoiseuilleGridConvergence

 1 FAILED TEST
  (exit 1)

===== MultiBlockProductionCase.CurvedChannelGridConvergence =====
Running main() from /mnt/c/Users/Hasib/Desktop/CFDAPP/CFDApp/build/release/_deps/googletest-src/googletest/src/gtest_main.cc
Note: Google Test filter = MultiBlockProductionCase.CurvedChannelGridConvergence
[==========] Running 1 test from 1 test suite.
[----------] Global test environment set-up.
[----------] 1 test from MultiBlockProductionCase
[ RUN      ] MultiBlockProductionCase.CurvedChannelGridConvergence
8x20 x3                      cells   480 | converged 1, 1551 it, 5.23 s | mass imbalance 2.14e-11, max radial-line flow error 2.78e-11 (interfaces 1.86e-11), max block net flow 3.26e-11 | velocity L2 1.1093e-02, max |u_r| 9.638e-04 | G -1.819963 (exact -1.828221, rel err 4.5167e-03) | radial rise 0.832832 (exact 0.825969, rel err 8.3088e-03)
12x30 x3                     cells  1080 | converged 1, 1405 it, 10.77 s | mass imbalance 4.26e-12, max radial-line flow error 4.32e-11 (interfaces 4.01e-11), max block net flow 4.86e-11 | velocity L2 4.8237e-03, max |u_r| 5.147e-04 | G -1.822827 (exact -1.828221, rel err 2.9503e-03) | radial rise 0.830327 (exact 0.829445, rel err 1.0636e-03)
18x45 x3                     cells  2430 | converged 1, 3160 it, 63.54 s | mass imbalance 2.29e-11, max radial-line flow error 7.04e-11 (interfaces 6.60e-11), max block net flow 7.08e-11 | velocity L2 2.0951e-03, max |u_r| 5.691e-04 | G -1.825404 (exact -1.828221, rel err 1.5406e-03) | radial rise 0.830137 (exact 0.830537, rel err 4.8249e-04)

### Grid convergence: curved_channel_multiblock

270-degree curved channel, 3 conformal blocks, Re 10: 8x20 / 12x30 / 18x45 per block

| grid | nx x ny | cells | h | runtime (s) | solver | accepted |
|---|---|---|---|---|---|---|
| coarse | 8 x 60 | 480 | 0.121352 | 5.3 | Converged (1551 it) | yes |
| medium | 12 x 90 | 1080 | 0.0809011 | 10.8 | Converged (1405 it) | yes |
| fine | 18 x 135 | 2430 | 0.0539341 | 63.6 | Converged (3160 it) | yes |

**velocity_l2_error** -- RMS |u - u_exact| over bend_b (90-180 deg); exact 0

| grid | value | reference | error | relative error |
|---|---|---|---|---|
| coarse | 0.011092668 | 0 (analytical) | 0.01109 | -- |
| medium | 0.0048237168 | 0 (analytical) | 0.004824 | -- |
| fine | 0.0020951372 | 0 (analytical) | 0.002095 | -- |
| extrapolated | -7.7910583e-06 | | -7.791e-06 | |

| r21 | r32 | p | p formal | phi_ext | U21 (abs) | GCI21 | GCI32 | asymptotic ratio | status | grid independent |
|---|---|---|---|---|---|---|---|---|---|---|
| 1.5 | 1.5 | 2.0515 | 2 | -7.7910583e-06 | 0.002629 | 1.255 | 1.252 | 1.0211 | asymptotic | no |

- monotonic convergence, observed order 2.05154 (formal 2); asymptotic ratio 1.02112 within 1 +/- 0.1
- grid independence: no grid-independence threshold configured

**pressure_gradient** -- dp/dtheta over bend_b (mean per-ring LS slope); exact 2 mu A

| grid | value | reference | error | relative error |
|---|---|---|---|---|
| coarse | -1.8199633 | -1.8282207 (analytical) | 0.008257 | 0.004517 |
| medium | -1.822827 | -1.8282207 (analytical) | 0.005394 | 0.00295 |
| fine | -1.8254041 | -1.8282207 (analytical) | 0.002817 | 0.001541 |
| extrapolated | -1.8485873 | | -0.02037 | |

| r21 | r32 | p | p formal | phi_ext | U21 (abs) | GCI21 | GCI32 | asymptotic ratio | status | grid independent |
|---|---|---|---|---|---|---|---|---|---|---|
| 1.5 | 1.5 | 0.2600 | 2 | -1.8485873 | 0.02898 | 0.01588 | 0.01767 | 0.4939 | monotonic_not_asymptotic | no |

- monotonic convergence, observed order 0.259972 (formal 2); asymptotic ratio 0.493851 outside 1 +/- 0.1
- grid independence: no grid-independence threshold configured

**radial_pressure_rise_ratio** -- [p(outer cell) - p(inner cell)] / (rho int u^2/r dr between the same centroid radii) over bend_b (the radii move with the grid, so the ratio is analysed); exact 1

| grid | value | reference | error | relative error |
|---|---|---|---|---|
| coarse | 1.0083088 | 1 (analytical) | 0.008309 | 0.008309 |
| medium | 1.0010636 | 1 (analytical) | 0.001064 | 0.001064 |
| fine | 0.99951751 | 1 (analytical) | -0.0004825 | 0.0004825 |
| extrapolated | 0.99909805 | | -0.000902 | |

| r21 | r32 | p | p formal | phi_ext | U21 (abs) | GCI21 | GCI32 | asymptotic ratio | status | grid independent |
|---|---|---|---|---|---|---|---|---|---|---|
| 1.5 | 1.5 | 3.8094 | 2 | 0.99909805 | 0.0005243 | 0.0005246 | 0.002454 | 2.0827 | monotonic_not_asymptotic | no |

- monotonic convergence, observed order 3.8094 (formal 2); asymptotic ratio 2.08266 outside 1 +/- 0.1
- grid independence: no grid-independence threshold configured
pair 0 observed order: velocity L2 2.054, G error 1.050, radial rise error 5.059
/mnt/c/Users/Hasib/Desktop/CFDAPP/CFDApp/tests/integration/case/test_multiblock_production_case.cpp:500: Failure
Expected: (gradientOrder) >= (1.5), actual: 1.0503234189823614 vs 1.5
0

pair 1 observed order: velocity L2 2.057, G error 1.602, radial rise error 1.946
pressure_gradient: fine -1.82540412, exact -1.82822072, |error| 2.817e-03, U21 2.898e-02 (GCI21 1.588e-02), extrapolated -1.84858727
radial_pressure_rise_ratio: fine 0.99951751, exact 1.00000000, |error| 4.825e-04, U21 5.243e-04 (GCI21 5.246e-04), extrapolated 0.99909805
[  FAILED  ] MultiBlockProductionCase.CurvedChannelGridConvergence (79618 ms)
[----------] 1 test from MultiBlockProductionCase (79618 ms total)

[----------] Global test environment tear-down
[==========] 1 test from 1 test suite ran. (79618 ms total)
[  PASSED  ] 0 tests.
[  FAILED  ] 1 test, listed below:
[  FAILED  ] MultiBlockProductionCase.CurvedChannelGridConvergence

 1 FAILED TEST
  (exit 1)
