# P12-DIFF-002 diff2_cases (libcfdcore.a sha256 58be6b751328c9bb); 2026-09-16T07:55:00Z
# P12-DIFF-002 committed-case run: status, iterations, solution norms, conservation
K   cases/annular_sector_conduction_multiblock   cells   1080 status 0 iterations      1 | |u|2 0.000000000000e+00 |p|2 0.000000000000e+00 | mass 0.000e+00
K   cases/backward_facing_step                   NO MESH: required file not found: cases/backward_facing_step/case.json
K   cases/channel_flow                           NO MESH: required file not found: cases/channel_flow/case.json
K   cases/channel_transpiration_graded           cells   1152 status 0 iterations   1714 | |u|2 2.343317437473e+00 |p|2 1.023112805914e+01 | mass 1.224e-11
K   cases/compressible_channel_coupled           cells    384 status 0 iterations  12012 | |u|2 2.173160164308e+01 |p|2 3.317366846318e+04 | mass 6.226e-10
K   cases/compressible_validation                cells    144 status 0 iterations   2453 | |u|2 1.077469139565e+00 |p|2 5.780400572002e+00 | mass 5.811e-08
K   cases/curved_channel_multiblock              cells   1080 status 0 iterations   1405 | |u|2 1.082404148042e+00 |p|2 5.231677941656e+00 | mass 4.357e-12
K   cases/duct_3d                                cells   3072 status 0 iterations     65 | |u|2 1.141229341257e+00 |p|2 9.847241648454e+00 | mass 1.334e-12
K   cases/heated_cavity                          cells    400 status 0 iterations      1 | |u|2 0.000000000000e+00 |p|2 0.000000000000e+00 | mass 0.000e+00
K   cases/heated_species_diffusion               cells     80 status 0 iterations      1 | |u|2 0.000000000000e+00 |p|2 0.000000000000e+00 | mass 0.000e+00
K   cases/lid_driven_cavity                      cells    400 status 0 iterations   3312 | |u|2 2.351944477405e-01 |p|2 9.313198599048e-02 | mass 0.000e+00
K   cases/lid_driven_cavity_3d                   cells   4096 status 0 iterations     85 | |u|2 2.163524374147e-01 |p|2 7.444808932077e-02 | mass 0.000e+00
K   cases/lid_driven_cavity_3d_re1000            cells  32768 status 0 iterations    255 | |u|2 1.941054311629e-01 |p|2 2.945645340988e-02 | mass 0.000e+00
K   cases/lid_driven_cavity_40x40                cells   1600 status 0 iterations   6159 | |u|2 2.491166556881e-01 |p|2 1.003947957404e-01 | mass 0.000e+00
K   cases/lid_driven_cavity_80x80                cells   6400 status 0 iterations  10919 | |u|2 2.559104845632e-01 |p|2 1.060212490567e-01 | mass 0.000e+00
K   cases/multiphase_validation                  cells    100 status 0 iterations      1 | |u|2 0.000000000000e+00 |p|2 0.000000000000e+00 | mass 0.000e+00
K   cases/obstacle_channel_multiblock            cells   1504 status 0 iterations   3486 | |u|2 1.117184551789e+00 |p|2 4.720816552432e+00 | mass 1.274e-12
K   cases/poiseuille_distorted                   cells    512 status 0 iterations   2222 | |u|2 1.083633413135e+00 |p|2 5.799225275697e+00 | mass 3.798e-12
K   cases/poiseuille_flow                        cells    512 status 0 iterations   1524 | |u|2 1.083494415628e+00 |p|2 5.555254206218e+00 | mass 1.512e-07
K   cases/species_diffusion                      cells     80 status 0 iterations      1 | |u|2 0.000000000000e+00 |p|2 0.000000000000e+00 | mass 0.000e+00
K   cases/step_channel_multiblock                cells   1664 status 0 iterations    633 | |u|2 6.230813388640e-01 |p|2 4.526212382317e-01 | mass 2.445e-11
exit 0
