# P12-DIFF-001 diff_wallflux (new library, sha256 51e82ee8e0ed1636); 2026-09-16T05:51:55Z
# P12-DIFF-001 wall-flux dry run: is the first-order error a non-orthogonality defect?
# distortion 0.00
F   constant   64x8   nonorth  0.00 | exact 0.000000e+00 | production 0.0000e+00 | normal-foot 0.0000e+00 | plus-tangent 0.0000e+00 | 0.5h = 6.2500e-02
F   constant   96x12  nonorth  0.00 | exact 0.000000e+00 | production 0.0000e+00 | normal-foot 0.0000e+00 | plus-tangent 0.0000e+00 | 0.5h = 4.1667e-02
F   constant  144x18  nonorth  0.00 | exact 0.000000e+00 | production 9.3600e-32 | normal-foot 0.0000e+00 | plus-tangent 0.0000e+00 | 0.5h = 2.7778e-02
O   constant  observed order: production 0.000 / 0.000 | normal-foot 0.000 / 0.000 | plus-tangent 0.000 / 0.000
F   linear     64x8   nonorth  0.00 | exact 4.510281e-17 | production 4.3748e-16 | normal-foot 4.3748e-16 | plus-tangent 4.3748e-16 | 0.5h = 6.2500e-02
F   linear     96x12  nonorth  0.00 | exact 1.847481e-16 | production 4.1194e-15 | normal-foot 3.8516e-15 | plus-tangent 3.5472e-15 | 0.5h = 4.1667e-02
F   linear    144x18  nonorth  0.00 | exact 1.340941e-15 | production 4.7725e-16 | normal-foot 2.0897e-15 | plus-tangent 5.3441e-14 | 0.5h = 2.7778e-02
O   linear    observed order: production -5.531 / 5.316 | normal-foot -5.365 / 1.508 | plus-tangent -5.162 / -6.690
F   parabolic  64x8   nonorth  0.00 | exact -9.600000e+00 | production 6.2500e-02 | normal-foot 6.2500e-02 | plus-tangent 6.2500e-02 | 0.5h = 6.2500e-02
F   parabolic  96x12  nonorth  0.00 | exact -9.600000e+00 | production 4.1667e-02 | normal-foot 4.1667e-02 | plus-tangent 4.1667e-02 | 0.5h = 4.1667e-02
F   parabolic 144x18  nonorth  0.00 | exact -9.600000e+00 | production 2.7778e-02 | normal-foot 2.7778e-02 | plus-tangent 2.7778e-02 | 0.5h = 2.7778e-02
O   parabolic observed order: production 1.000 / 1.000 | normal-foot 1.000 / 1.000 | plus-tangent 1.000 / 1.000
# distortion 1.00
F   constant   64x8   nonorth 44.76 | exact 0.000000e+00 | production 8.6392e-18 | normal-foot 0.0000e+00 | plus-tangent 0.0000e+00 | 0.5h = 6.2500e-02
F   constant   96x12  nonorth 47.18 | exact 0.000000e+00 | production 6.3416e-18 | normal-foot 0.0000e+00 | plus-tangent 0.0000e+00 | 0.5h = 4.1667e-02
F   constant  144x18  nonorth 48.25 | exact 0.000000e+00 | production 6.1060e-18 | normal-foot 0.0000e+00 | plus-tangent 0.0000e+00 | 0.5h = 2.7778e-02
O   constant  observed order: production 0.763 / 0.093 | normal-foot 0.000 / 0.000 | plus-tangent 0.000 / 0.000
F   linear     64x8   nonorth 44.76 | exact 4.510281e-17 | production 7.6077e-03 | normal-foot 7.6077e-03 | plus-tangent 7.6077e-03 | 0.5h = 6.2500e-02
F   linear     96x12  nonorth 47.18 | exact 1.847481e-16 | production 5.0637e-03 | normal-foot 5.0637e-03 | plus-tangent 5.0637e-03 | 0.5h = 4.1667e-02
F   linear    144x18  nonorth 48.25 | exact 1.340941e-15 | production 2.9407e-03 | normal-foot 2.9407e-03 | plus-tangent 2.9407e-03 | 0.5h = 2.7778e-02
O   linear    observed order: production 1.004 / 1.340 | normal-foot 1.004 / 1.340 | plus-tangent 1.004 / 1.340
F   parabolic  64x8   nonorth 44.76 | exact -9.600000e+00 | production 6.2574e-02 | normal-foot 6.2574e-02 | plus-tangent 6.2489e-02 | 0.5h = 6.2500e-02
F   parabolic  96x12  nonorth 47.18 | exact -9.600000e+00 | production 4.1691e-02 | normal-foot 4.1691e-02 | plus-tangent 4.1663e-02 | 0.5h = 4.1667e-02
F   parabolic 144x18  nonorth 48.25 | exact -9.600000e+00 | production 2.7785e-02 | normal-foot 2.7785e-02 | plus-tangent 2.7777e-02 | 0.5h = 2.7778e-02
O   parabolic observed order: production 1.002 / 1.001 | normal-foot 1.002 / 1.001 | plus-tangent 1.000 / 1.000
exit 0
