# lifecycle.cpp 
# date: 2026-09-21T05:21:50Z
# libcfdcuda.a: cfacb5225b2f25c8b032645b1d3945180cf17d3292c9f598f09ce3db5e0eafea
# libcfdcore.a: 829f34eefa23fb56ad668ecbc6e991cdd70688431a7ef4e853f5dee63f2d14c8

=== GPU-PIPE-001 final residency: lifecycle ===
  authorities: small[Converged it=1860] large[MaxIterations it=3000] other[MaxIterations it=3000] 3d[Converged it=25]
  PASS every GPU authority took the resident production path (non-vacuity)

--- 1. first solve, then a second solve of the SAME case ---
  PASS the first solve converges
  PASS the second solve of the same case reproduces the first bit for bit
  PASS and both equal the authority -- no state carried into either

--- 2. a different mesh size, both directions ---
  PASS growing the mesh after a smaller one reproduces the authority exactly
  PASS shrinking back reproduces the small-mesh authority exactly -- no stale capacity from the larger mesh is read

--- 3. a NEW case: different boundary conditions and topology ---
  PASS an open-boundary case solved after a pinned one reproduces its authority exactly
  PASS and returning to the pinned case reproduces its authority exactly
  PASS a 3D case solved after 2D ones reproduces its authority exactly (the W component is not inherited)
  PASS and returning to 2D after 3D reproduces the 2D authority exactly

--- 4. CPU -> GPU and GPU -> CPU switches ---
  PASS a CPU solve after GPU solves reproduces the CPU authority exactly
  PASS a GPU solve immediately after a CPU solve reproduces the GPU authority exactly
  PASS the CPU arm reports that it used neither the device discretization nor the resident loop -- the backends stay independent

--- 5. solver destruction and recreation, repeated ---
  PASS the fifth construct-solve-destroy cycle reproduces the authority exactly
      allocations: first solve 359, each later solve 359.0
  PASS a later solve allocates no more than the first -- nothing accumulates across solver lifetimes

--- 6. a FAILED GPU solve, then a valid one ---
      the failing case reports MaxIterations after 3000 outer iterations
  PASS the reproducer does fail, so this IS a recovery test and not a vacuous one
  PASS a valid solve after a failed GPU solve reproduces its authority exactly -- the failure leaves no residue in the persistent state
  PASS and so does a different case after the failure

LIFECYCLE: PASS
# exit code: 0
