# CUDA 12.9 toolkit install (WSL-Ubuntu repo, no driver); 2026-09-18T11:31:00Z
## dry run said: 10 newly installed, 0 upgraded, 0 removed
Preparing to unpack .../09-cuda-nvcc-12-9_12.9.86-1_amd64.deb ...
Unpacking cuda-nvcc-12-9 (12.9.86-1) ...
Selecting previously unselected package cuda-sanitizer-12-9.
Preparing to unpack .../10-cuda-sanitizer-12-9_12.9.79-1_amd64.deb ...
Unpacking cuda-sanitizer-12-9 (12.9.79-1) ...
Setting up cuda-toolkit-config-common (13.3.29-1) ...
Setting up cuda-sanitizer-12-9 (12.9.79-1) ...
Setting up cuda-nvvm-12-9 (12.9.86-1) ...
Setting up cuda-toolkit-12-9-config-common (12.9.79-1) ...
Setting alternatives
update-alternatives: using /usr/local/cuda-12.9 to provide /usr/local/cuda (cuda) in auto mode
update-alternatives: using /usr/local/cuda-12.9 to provide /usr/local/cuda-12 (cuda-12) in auto mode
Setting up cuda-driver-dev-12-9 (12.9.79-1) ...
Setting up cuda-cccl-12-9 (12.9.27-1) ...
Setting up cuda-toolkit-12-config-common (12.9.79-1) ...
Setting up cuda-cudart-12-9 (12.9.79-1) ...
Setting up cuda-cudart-dev-12-9 (12.9.79-1) ...
Setting up cuda-crt-12-9 (12.9.86-1) ...
Setting up cuda-nvcc-12-9 (12.9.86-1) ...
Processing triggers for libc-bin (2.35-0ubuntu3.15) ...
## installed:
  cuda-cccl-12-9 12.9.27-1
  cuda-crt-12-9 12.9.86-1
  cuda-cudart-12-9 12.9.79-1
  cuda-driver-dev-12-9 12.9.79-1
  cuda-nvcc-12-9 12.9.86-1
  cuda-nvvm-12-9 12.9.86-1
  cuda-sanitizer-12-9 12.9.79-1
## no NVIDIA driver package was installed or changed:
  libnvidia-compute-495:amd64 510.108.03-0ubuntu0.22.04.1
  libnvidia-compute-510:amd64 525.147.05-0ubuntu2.22.04.1
  libnvidia-compute-535:amd64 535.309.01-0ubuntu0.22.04.2
  libnvidia-compute-580:amd64 580.178.04-0ubuntu0.22.04.1
  nvidia-kernel-common-580 580.178.04-0ubuntu0.22.04.1
# end 2026-09-18T11:31:49Z
