# P12-MESH-005 acceptance gate section F: MMS3DTest.DISABLED_OperatorRefinementStudy (Release -O3)
# binary sha256 6c20e6cdee7fbd0a; Tue Sep 15 04:03:25 UTC 2026
$ build/release/tests/integration/mms/CFDMMSValidationTests --gtest_also_run_disabled_tests --gtest_filter=MMS3DTest.*
Running main() from /mnt/c/Users/Hasib/Desktop/CFDAPP/CFDApp/build/release/_deps/googletest-src/googletest/src/gtest_main.cc
Note: Google Test filter = MMS3DTest.*
[==========] Running 3 tests from 1 test suite.
[----------] Global test environment set-up.
[----------] 3 tests from MMS3DTest
[ RUN      ] MMS3DTest.ForcingMatchesFiniteDifferencesOfClosedForms
F0: worst relative deviation from 4th-order central differences: 4.315e-10
[       OK ] MMS3DTest.ForcingMatchesFiniteDifferencesOfClosedForms (2 ms)
[ RUN      ] MMS3DTest.OperatorErrorsDecreaseOnCoarseLevels
level 8x8x8: poisson Converged, transport Converged (0.0 s)
level 16x16x16: poisson Converged, transport Converged (0.1 s)
[       OK ] MMS3DTest.OperatorErrorsDecreaseOnCoarseLevels (111 ms)
[ RUN      ] MMS3DTest.DISABLED_OperatorRefinementStudy
level 8x8x8: poisson Converged, transport Converged (0.0 s)
level 16x16x16: poisson Converged, transport Converged (0.1 s)
level 32x32x32: poisson Converged, transport Converged (1.1 s)
level 64x64x64: poisson Converged, transport Converged (16.8 s)

P12-MESH-005 3D operator refinement study (unit cube, n = 8, 16, 32, 64)
p = ln(Ec/Ef)/ln(hc/hf); gate: finest-pair p >= 0.75 * expected and E decreasing

F1_gg_gradient                          L1     3.5410e-02 9.9288e-03 2.6204e-03 6.7249e-04  p: 1.834 1.922 1.962
F1_gg_gradient                          L2     4.2334e-02 1.2017e-02 3.1733e-03 8.1364e-04  p: 1.817 1.921 1.964
F1_gg_gradient                          Linf   1.0595e-01 3.1257e-02 8.1599e-03 2.0660e-03  p: 1.761 1.938 1.982
F1_gg_gradient_boundary_ring            L1     3.3517e-02 8.9889e-03 2.3123e-03 5.8558e-04  p: 1.899 1.959 1.981
F1_gg_gradient_boundary_ring            L2     4.1134e-02 1.1396e-02 2.9712e-03 7.5692e-04  p: 1.852 1.939 1.973
F1_gg_gradient_boundary_ring            Linf   1.0595e-01 3.1257e-02 8.1599e-03 2.0660e-03  p: 1.761 1.938 1.982
F2_lsq_gradient_interior                L1     3.8005e-02 1.0392e-02 2.6863e-03 6.8117e-04  p: 1.871 1.952 1.980
F2_lsq_gradient_interior                L2     4.3924e-02 1.2311e-02 3.2148e-03 8.1910e-04  p: 1.835 1.937 1.973
F2_lsq_gradient_interior                Linf   9.5736e-02 3.0004e-02 8.0141e-03 2.0487e-03  p: 1.674 1.905 1.968
F3_lsq_gradient                         L1     4.5549e-02 1.1590e-02 2.9393e-03 7.4321e-04  p: 1.975 1.979 1.984
F3_lsq_gradient                         L2     5.4336e-02 1.4035e-02 3.6896e-03 1.0046e-03  p: 1.953 1.927 1.877
F3_lsq_gradient                         Linf   1.2553e-01 3.2650e-02 1.5806e-02 7.9489e-03  p: 1.943 1.047 0.992
F4_diffusion                            L1     7.1050e-02 1.7662e-02 4.4178e-03 1.1058e-03  p: 2.008 1.999 1.998
F4_diffusion                            L2     8.6506e-02 2.1845e-02 5.4928e-03 1.3771e-03  p: 1.985 1.992 1.996
F4_diffusion                            Linf   2.0107e-01 5.3751e-02 1.3716e-02 3.4534e-03  p: 1.903 1.970 1.990
F5_poisson                              L1     2.5110e-03 6.0862e-04 1.5092e-04 3.7737e-05  p: 2.045 2.012 2.000
F5_poisson                              L2     3.2509e-03 8.0324e-04 2.0030e-04 5.0049e-05  p: 2.017 2.004 2.001
F5_poisson                              Linf   7.7696e-03 1.9576e-03 4.9146e-04 1.2293e-04  p: 1.989 1.994 1.999
F6_convection_upwind                    L1     1.3395e-01 6.9536e-02 3.5406e-02 1.7862e-02  p: 0.946 0.974 0.987
F6_convection_upwind                    L2     1.4337e-01 7.3801e-02 3.7412e-02 1.8831e-02  p: 0.958 0.980 0.990
F6_convection_upwind                    Linf   3.0333e-01 1.6262e-01 8.4196e-02 4.2838e-02  p: 0.899 0.950 0.975
F7_convection_central_interior          L1     1.7239e-03 4.3796e-04 1.1059e-04 2.7800e-05  p: 1.977 1.986 1.992
F7_convection_central_interior          L2     1.7448e-03 4.5061e-04 1.1496e-04 2.9060e-05  p: 1.953 1.971 1.984
F7_convection_central_interior          Linf   2.4275e-03 8.1214e-04 2.3458e-04 6.3016e-05  p: 1.580 1.792 1.896
F7_convection_central_global            L1     4.4540e-01 2.4517e-01 1.2826e-01 6.5556e-02  p: 0.861 0.935 0.968
F7_convection_central_global            L2     7.2709e-01 5.0950e-01 3.5738e-01 2.5144e-01  p: 0.513 0.512 0.507
F7_convection_central_global            Linf   4.4970e+00 4.7614e+00 4.8996e+00 4.9702e+00  p: -0.082 -0.041 -0.021
F7_convection_linear_upwind_interior    L1     6.5089e-03 1.7015e-03 4.3593e-04 1.1039e-04  p: 1.936 1.965 1.982
F7_convection_linear_upwind_interior    L2     6.5880e-03 1.7507e-03 4.5315e-04 1.1539e-04  p: 1.912 1.950 1.973
F7_convection_linear_upwind_interior    Linf   9.1653e-03 3.1553e-03 9.2467e-04 2.5022e-04  p: 1.538 1.771 1.886
F7_convection_linear_upwind_global      L1     4.3242e-01 2.4184e-01 1.2743e-01 6.5348e-02  p: 0.838 0.924 0.964
F7_convection_linear_upwind_global      L2     7.0317e-01 5.0060e-01 3.5415e-01 2.5029e-01  p: 0.490 0.499 0.501
F7_convection_linear_upwind_global      Linf   4.3580e+00 4.6836e+00 4.8584e+00 4.9490e+00  p: -0.104 -0.053 -0.027
F7_convection_quick_interior            L1     4.1164e-03 1.0697e-03 2.7326e-04 6.9093e-05  p: 1.944 1.969 1.984
F7_convection_quick_interior            L2     4.1664e-03 1.1007e-03 2.8405e-04 7.2225e-05  p: 1.920 1.954 1.976
F7_convection_quick_interior            Linf   5.7964e-03 1.9837e-03 5.7962e-04 1.5662e-04  p: 1.547 1.775 1.888
F7_convection_quick_global              L1     4.3891e-01 2.4350e-01 1.2785e-01 6.5452e-02  p: 0.850 0.930 0.966
F7_convection_quick_global              L2     7.1512e-01 5.0505e-01 3.5577e-01 2.5087e-01  p: 0.502 0.505 0.504
F7_convection_quick_global              Linf   4.4275e+00 4.7225e+00 4.8790e+00 4.9596e+00  p: -0.093 -0.047 -0.024
F8_convection_diffusion                 L1     4.9118e-02 2.6584e-02 1.4539e-02 7.7998e-03  p: 0.886 0.871 0.898
F8_convection_diffusion                 L2     6.2194e-02 3.5577e-02 1.9862e-02 1.0665e-02  p: 0.806 0.841 0.897
F8_convection_diffusion                 Linf   1.6062e-01 9.7403e-02 5.4584e-02 2.9109e-02  p: 0.722 0.836 0.907

h: 0.125000 0.062500 0.031250 0.015625

GATE
PASS F1_gg_gradient L1: pairwise p 1.834 1.922 1.962; finest 1.962 vs threshold 1.500 (expected 2.0); decreasing
PASS F1_gg_gradient L2: pairwise p 1.817 1.921 1.964; finest 1.964 vs threshold 1.500 (expected 2.0); decreasing
PASS F1_gg_gradient Linf: pairwise p 1.761 1.938 1.982; finest 1.982 vs threshold 1.500 (expected 2.0); decreasing
PASS F2_lsq_gradient_interior L1: pairwise p 1.871 1.952 1.980; finest 1.980 vs threshold 1.500 (expected 2.0); decreasing
PASS F2_lsq_gradient_interior L2: pairwise p 1.835 1.937 1.973; finest 1.973 vs threshold 1.500 (expected 2.0); decreasing
PASS F2_lsq_gradient_interior Linf: pairwise p 1.674 1.905 1.968; finest 1.968 vs threshold 1.500 (expected 2.0); decreasing
PASS F3_lsq_gradient L1: pairwise p 1.975 1.979 1.984; finest 1.984 vs threshold 1.500 (expected 2.0); decreasing
PASS F3_lsq_gradient L2: pairwise p 1.953 1.927 1.877; finest 1.877 vs threshold 1.125 (expected 1.5); decreasing
PASS F3_lsq_gradient Linf: pairwise p 1.943 1.047 0.992; finest 0.992 vs threshold 0.750 (expected 1.0); decreasing
PASS F4_diffusion L1: pairwise p 2.008 1.999 1.998; finest 1.998 vs threshold 1.500 (expected 2.0); decreasing
PASS F4_diffusion L2: pairwise p 1.985 1.992 1.996; finest 1.996 vs threshold 1.500 (expected 2.0); decreasing
PASS F4_diffusion Linf: pairwise p 1.903 1.970 1.990; finest 1.990 vs threshold 1.500 (expected 2.0); decreasing
PASS F5_poisson L1: pairwise p 2.045 2.012 2.000; finest 2.000 vs threshold 1.500 (expected 2.0); decreasing
PASS F5_poisson L2: pairwise p 2.017 2.004 2.001; finest 2.001 vs threshold 1.500 (expected 2.0); decreasing
PASS F5_poisson Linf: pairwise p 1.989 1.994 1.999; finest 1.999 vs threshold 1.500 (expected 2.0); decreasing
PASS F6_convection_upwind L1: pairwise p 0.946 0.974 0.987; finest 0.987 vs threshold 0.750 (expected 1.0); decreasing
PASS F6_convection_upwind L2: pairwise p 0.958 0.980 0.990; finest 0.990 vs threshold 0.750 (expected 1.0); decreasing
PASS F6_convection_upwind Linf: pairwise p 0.899 0.950 0.975; finest 0.975 vs threshold 0.750 (expected 1.0); decreasing
PASS F7_convection_central_interior L1: pairwise p 1.977 1.986 1.992; finest 1.992 vs threshold 1.500 (expected 2.0); decreasing
PASS F7_convection_central_interior L2: pairwise p 1.953 1.971 1.984; finest 1.984 vs threshold 1.500 (expected 2.0); decreasing
PASS F7_convection_central_interior Linf: pairwise p 1.580 1.792 1.896; finest 1.896 vs threshold 1.500 (expected 2.0); decreasing
PASS F7_convection_linear_upwind_interior L1: pairwise p 1.936 1.965 1.982; finest 1.982 vs threshold 1.500 (expected 2.0); decreasing
PASS F7_convection_linear_upwind_interior L2: pairwise p 1.912 1.950 1.973; finest 1.973 vs threshold 1.500 (expected 2.0); decreasing
PASS F7_convection_linear_upwind_interior Linf: pairwise p 1.538 1.771 1.886; finest 1.886 vs threshold 1.500 (expected 2.0); decreasing
PASS F7_convection_quick_interior L1: pairwise p 1.944 1.969 1.984; finest 1.984 vs threshold 1.500 (expected 2.0); decreasing
PASS F7_convection_quick_interior L2: pairwise p 1.920 1.954 1.976; finest 1.976 vs threshold 1.500 (expected 2.0); decreasing
PASS F7_convection_quick_interior Linf: pairwise p 1.547 1.775 1.888; finest 1.888 vs threshold 1.500 (expected 2.0); decreasing
PASS F8_convection_diffusion L1: pairwise p 0.886 0.871 0.898; finest 0.898 vs threshold 0.750 (expected 1.0); decreasing
PASS F8_convection_diffusion L2: pairwise p 0.806 0.841 0.897; finest 0.897 vs threshold 0.750 (expected 1.0); decreasing
PASS F8_convection_diffusion Linf: pairwise p 0.722 0.836 0.907; finest 0.907 vs threshold 0.750 (expected 1.0); decreasing

DECISION: every gated item PASSES

per-level solver diagnostics:
  8x8x8: poisson Converged, transport Converged, F5_outer_iterations 3, F5_last_linear_iterations 0, F8_outer_iterations 2, F8_last_linear_iterations 6, 0.0 s
  16x16x16: poisson Converged, transport Converged, F5_outer_iterations 3, F5_last_linear_iterations 0, F8_outer_iterations 3, F8_last_linear_iterations 0, 0.1 s
  32x32x32: poisson Converged, transport Converged, F5_outer_iterations 3, F5_last_linear_iterations 1, F8_outer_iterations 3, F8_last_linear_iterations 0, 1.1 s
  64x64x64: poisson Converged, transport Converged, F5_outer_iterations 3, F5_last_linear_iterations 1, F8_outer_iterations 3, F8_last_linear_iterations 0, 16.8 s
[       OK ] MMS3DTest.DISABLED_OperatorRefinementStudy (17958 ms)
[----------] 3 tests from MMS3DTest (18078 ms total)

[----------] Global test environment tear-down
[==========] 3 tests from 1 test suite ran. (18085 ms total)
[  PASSED  ] 3 tests.
exit 0
