# P12-MESH-005 performance (reported, not gated): 2D CLI, BASE (pre-MESH-005) vs NEW (final), 5 alternating repetitions; Tue Sep 15 06:17:31 UTC 2026
# NEW bb4beb91ffce66b0  BASE a0aa9756ee22932e  nproc 32   Intel(R) Core(TM) i9-14900HX
# both Release -O3 (GCC 11.4.0), OMP_NUM_THREADS=1, WSL2 6.6.87.2-microsoft-standard-WSL2
case                         build   wall min   wall med    cpu min    cpu med   cpu per run [s]
lid_driven_cavity_40x40      BASE      20.615     21.378     20.692     21.334   21.944 21.915 21.334 20.692 20.714
lid_driven_cavity_40x40      NEW       21.044     21.704     20.983     21.696   21.817 21.696 21.753 20.983 21.065
lid_driven_cavity_40x40      NEW/BASE: wall min 1.021, wall median 1.015; cpu min 1.014, cpu median 1.017
poiseuille_distorted         BASE       3.371      3.436      3.390      3.454   3.458 3.390 3.454 3.404 3.519
poiseuille_distorted         NEW        3.529      3.553      3.530      3.543   3.556 3.537 3.530 3.662 3.543
poiseuille_distorted         NEW/BASE: wall min 1.047, wall median 1.034; cpu min 1.041, cpu median 1.026
curved_channel_multiblock    BASE       5.861      5.904      5.831      5.926   5.898 5.831 5.992 5.926 6.100
curved_channel_multiblock    NEW        5.969      6.071      5.956      6.002   5.956 6.222 6.002 5.989 6.159
curved_channel_multiblock    NEW/BASE: wall min 1.018, wall median 1.028; cpu min 1.021, cpu median 1.013
channel_transpiration_graded BASE       8.168      8.305      8.211      8.352   8.284 8.534 8.352 8.525 8.211
channel_transpiration_graded NEW        8.076      8.161      8.096      8.117   8.096 8.217 8.117 8.097 8.282
channel_transpiration_graded NEW/BASE: wall min 0.989, wall median 0.983; cpu min 0.986, cpu median 0.972
lid_driven_cavity_80x80      BASE     138.352    140.402    138.324    140.408   138.324 140.435 141.217 140.408 139.622
lid_driven_cavity_80x80      NEW      126.344    126.553    126.329    126.649   126.329 129.275 127.296 126.649 126.520
lid_driven_cavity_80x80      NEW/BASE: wall min 0.913, wall median 0.901; cpu min 0.913, cpu median 0.902
perf exit 0
