# P12-MESH-005 gate G5: generated outputs after the final runs (focused logs/17, full regressions logs/15-16)
# vs the pre-MESH-005 working tree ($HOME/m5ref/base). Classifier: results/p12-mesh-005/tools/classify_generated_outputs.py
# (JSON leaf by leaf, Markdown tables / CSV cell by cell; only keys/columns named runtime/seconds/... are excluded).
# The baseline is the snapshot, NOT HEAD: the tree holds legitimate uncommitted MESH-001..004 output changes.
# Tue Sep 15 06:05:06 UTC 2026

## Classification (before restoring)
RUNTIME-ONLY  results/validation/grid_convergence/natural_convection_ra1e3.json
RUNTIME-ONLY  results/validation/grid_convergence/natural_convection_ra1e3.md
RUNTIME-ONLY  results/validation/grid_convergence/poiseuille_flow.json
RUNTIME-ONLY  results/validation/grid_convergence/poiseuille_flow.md
RUNTIME-ONLY  results/validation/mms/compressible_simple_mms.json
RUNTIME-ONLY  results/validation/mms/compressible_simple_mms.md
RUNTIME-ONLY  results/validation/mms/distorted_mesh_mms.json
RUNTIME-ONLY  results/validation/mms/distorted_mesh_mms.md
RUNTIME-ONLY  results/validation/mms/distorted_mesh_momentum_mms.json
RUNTIME-ONLY  results/validation/mms/distorted_mesh_momentum_mms.md
RUNTIME-ONLY  results/validation/mms/distorted_mesh_simple_mms.json
RUNTIME-ONLY  results/validation/mms/distorted_mesh_simple_mms.md
RUNTIME-ONLY  results/validation/mms/momentum_mms.json
RUNTIME-ONLY  results/validation/mms/momentum_mms.md
RUNTIME-ONLY  results/validation/mms/momentum_mms_linear_upwind.json
RUNTIME-ONLY  results/validation/mms/momentum_mms_linear_upwind.md
RUNTIME-ONLY  results/validation/mms/momentum_mms_upwind.json
RUNTIME-ONLY  results/validation/mms/momentum_mms_upwind.md
RUNTIME-ONLY  results/validation/mms/scalar_advection_diffusion_mms.json
RUNTIME-ONLY  results/validation/mms/scalar_advection_diffusion_mms.md
RUNTIME-ONLY  results/validation/mms/simple_mms.json
RUNTIME-ONLY  results/validation/mms/simple_mms.md
RUNTIME-ONLY  results/validation/mms/simple_mms_upwind.json
RUNTIME-ONLY  results/validation/mms/simple_mms_upwind.md
RUNTIME-ONLY  results/validation/natural_convection/Ra1e3/10x10/validation.json
RUNTIME-ONLY  results/validation/natural_convection/Ra1e3/10x10_det_a/validation.json
RUNTIME-ONLY  results/validation/natural_convection/Ra1e3/10x10_det_b/validation.json
RUNTIME-ONLY  results/validation/natural_convection/Ra1e3/10x10_sign_check/validation.json
RUNTIME-ONLY  results/validation/natural_convection/Ra1e3/10x10_variable_property_regression/validation.json
RUNTIME-ONLY  results/validation/natural_convection/Ra1e3/10x10_zero_beta/validation.json
RUNTIME-ONLY  results/validation/natural_convection/Ra1e3/15x15/validation.json
RUNTIME-ONLY  results/validation/natural_convection/Ra1e3/20x20/validation.json
RUNTIME-ONLY  results/validation/production/cavity_re100/20x20_quick/validation.json
RUNTIME-ONLY  results/validation/production/channel_transpiration_graded_grid_convergence.json
RUNTIME-ONLY  results/validation/production/curved_channel_multiblock_grid_convergence.json
RUNTIME-ONLY  results/validation/production/poiseuille.json
RUNTIME-ONLY  results/validation/production/poiseuille.md
RUNTIME-ONLY  results/validation/production/poiseuille_distorted_grid_convergence.json
RUNTIME-ONLY  results/validation/production/scheme_comparison_20x20.json
RUNTIME-ONLY  results/validation/production/scheme_comparison_20x20.md
RUNTIME-ONLY  results/validation/production/turbulent_channel_ci.json
RUNTIME-ONLY  results/validation/production/turbulent_channel_ci.md
RUNTIME-ONLY  results/validation/turbulence/channel_flow/k_epsilon/coarse/validation.json
RUNTIME-ONLY  results/validation/turbulence/channel_flow/k_epsilon/medium/validation.json
RUNTIME-ONLY  results/validation/turbulence/channel_flow/k_omega/coarse/validation.json
RUNTIME-ONLY  results/validation/turbulence/channel_flow/k_omega/medium/validation.json
RUNTIME-ONLY  results/validation/turbulence/channel_flow/sst/coarse/validation.json
RUNTIME-ONLY  results/validation/turbulence/channel_flow/sst/medium/validation.json
checked 539 files; IDENTICAL 491, RUNTIME-ONLY 48, VALUES 0, NEW 0

## Independent cross-check: every changed line of the 48 files, JSON timing keys removed -> no remaining difference
## Restoring the RUNTIME-ONLY files from the snapshot (pre-MESH-005 state):
restored from the snapshot (RUNTIME-ONLY): 48 files
  results/validation/grid_convergence/natural_convection_ra1e3.json
  results/validation/grid_convergence/natural_convection_ra1e3.md
  results/validation/grid_convergence/poiseuille_flow.json
  results/validation/grid_convergence/poiseuille_flow.md
  results/validation/mms/compressible_simple_mms.json
  results/validation/mms/compressible_simple_mms.md
  results/validation/mms/distorted_mesh_mms.json
  results/validation/mms/distorted_mesh_mms.md
  results/validation/mms/distorted_mesh_momentum_mms.json
  results/validation/mms/distorted_mesh_momentum_mms.md
  results/validation/mms/distorted_mesh_simple_mms.json
  results/validation/mms/distorted_mesh_simple_mms.md
  results/validation/mms/momentum_mms.json
  results/validation/mms/momentum_mms.md
  results/validation/mms/momentum_mms_linear_upwind.json
  results/validation/mms/momentum_mms_linear_upwind.md
  results/validation/mms/momentum_mms_upwind.json
  results/validation/mms/momentum_mms_upwind.md
  results/validation/mms/scalar_advection_diffusion_mms.json
  results/validation/mms/scalar_advection_diffusion_mms.md
  results/validation/mms/simple_mms.json
  results/validation/mms/simple_mms.md
  results/validation/mms/simple_mms_upwind.json
  results/validation/mms/simple_mms_upwind.md
  results/validation/natural_convection/Ra1e3/10x10/validation.json
  results/validation/natural_convection/Ra1e3/10x10_det_a/validation.json
  results/validation/natural_convection/Ra1e3/10x10_det_b/validation.json
  results/validation/natural_convection/Ra1e3/10x10_sign_check/validation.json
  results/validation/natural_convection/Ra1e3/10x10_variable_property_regression/validation.json
  results/validation/natural_convection/Ra1e3/10x10_zero_beta/validation.json
  results/validation/natural_convection/Ra1e3/15x15/validation.json
  results/validation/natural_convection/Ra1e3/20x20/validation.json
  results/validation/production/cavity_re100/20x20_quick/validation.json
  results/validation/production/channel_transpiration_graded_grid_convergence.json
  results/validation/production/curved_channel_multiblock_grid_convergence.json
  results/validation/production/poiseuille.json
  results/validation/production/poiseuille.md
  results/validation/production/poiseuille_distorted_grid_convergence.json
  results/validation/production/scheme_comparison_20x20.json
  results/validation/production/scheme_comparison_20x20.md
  results/validation/production/turbulent_channel_ci.json
  results/validation/production/turbulent_channel_ci.md
  results/validation/turbulence/channel_flow/k_epsilon/coarse/validation.json
  results/validation/turbulence/channel_flow/k_epsilon/medium/validation.json
  results/validation/turbulence/channel_flow/k_omega/coarse/validation.json
  results/validation/turbulence/channel_flow/k_omega/medium/validation.json
  results/validation/turbulence/channel_flow/sst/coarse/validation.json
  results/validation/turbulence/channel_flow/sst/medium/validation.json

## Re-classification after the restore
checked 539 files; IDENTICAL 539, RUNTIME-ONLY 0, VALUES 0, NEW 0

## git status --short: at resume (logs/05) vs now
55,58d54
<  M results/validation/mms/compressible_simple_mms.json
<  M results/validation/mms/compressible_simple_mms.md
<  M results/validation/mms/distorted_mesh_mms.json
<  M results/validation/mms/distorted_mesh_mms.md
69,74d64
<  M results/validation/mms/scalar_advection_diffusion_mms.json
<  M results/validation/mms/scalar_advection_diffusion_mms.md
<  M results/validation/mms/simple_mms.json
<  M results/validation/mms/simple_mms.md
<  M results/validation/mms/simple_mms_upwind.json
<  M results/validation/mms/simple_mms_upwind.md
# The 10 entries above were already ' M' at the resume (logs/05) and are clean now: they are 5 MMS reports
# (.json + .md) that MESH-004 had restored to HEAD (results/p12-mesh-004/logs/30) and that the FIRST
# MESH-005 session's focused run (logs/11, stage 17n: the whole CFDMMSValidationTests suite) rewrote with new
# runtimes only. Restoring them to the snapshot returns them to their pre-MESH-005 state, which is HEAD
# (git diff --quiet: clean). Every other status entry is unchanged: the working tree's generated outputs are
# exactly the pre-MESH-005 ones (539/539 identical), so MESH-005 leaves no generated-output change behind.
# G5 VERDICT: PASS -- every regenerated output differed from the pre-MESH-005 tree in timing fields only
# (48 RUNTIME-ONLY, 0 VALUES, 0 NEW).
