# c2_ignores_correction_flag -- restored include/cfd/gpu/DeviceDiffusionTerms.hpp
# sha256 29dd753b0aa132fbe7bf4103e2cc5705076befd3b8559b8cba8136e7f70385f1
# matches baseline: True
# clean baseline re-passes: True

########## harness diffusion -> exit 0 ##########
0,abs=0,scale=2.325]
  PASS warped 3d 6        neumann   manufactured  uniform  corr=on  nnz=1296    diag[d=0,abs=0,scale=1.05] off[d=0,abs=0] rhs[d=0,abs=0,scale=0.5581]
  PASS warped 3d 6        mixed     manufactured  uniform  corr=on  nnz=1296    diag[d=0,abs=0,scale=1.399] off[d=0,abs=0] rhs[d=0,abs=0,scale=1.873]
  PASS warped 3d 6        dirichlet constant      varying  corr=off nnz=1296    diag[d=0,abs=0,scale=2.329] off[d=0,abs=0] rhs[d=0,abs=0,scale=3.897]
  PASS warped 3d 6        neumann   constant      varying  corr=off nnz=1296    diag[d=0,abs=0,scale=1.743] off[d=0,abs=0] rhs[d=0,abs=0,scale=3.812]
  PASS warped 3d 6        mixed     constant      varying  corr=off nnz=1296    diag[d=0,abs=0,scale=1.743] off[d=0,abs=0] rhs[d=0,abs=0,scale=3.812]
  PASS warped 3d 6        dirichlet constant      varying  corr=on  nnz=1296    diag[d=0,abs=0,scale=2.329] off[d=0,abs=0] rhs[d=0,abs=0,scale=3.903]
  PASS warped 3d 6        neumann   constant      varying  corr=on  nnz=1296    diag[d=0,abs=0,scale=1.743] off[d=0,abs=0] rhs[d=0,abs=0,scale=3.813]
  PASS warped 3d 6        mixed     constant      varying  corr=on  nnz=1296    diag[d=0,abs=0,scale=1.743] off[d=0,abs=0] rhs[d=0,abs=0,scale=3.813]
  PASS warped 3d 6        dirichlet linear        varying  corr=off nnz=1296    diag[d=0,abs=0,scale=2.329] off[d=0,abs=0] rhs[d=0,abs=0,scale=3.908]
  PASS warped 3d 6        neumann   linear        varying  corr=off nnz=1296    diag[d=0,abs=0,scale=1.743] off[d=0,abs=0] rhs[d=0,abs=0,scale=2.658]
  PASS warped 3d 6        mixed     linear        varying  corr=off nnz=1296    diag[d=0,abs=0,scale=1.743] off[d=0,abs=0] rhs[d=0,abs=0,scale=2.587]
  PASS warped 3d 6        dirichlet linear        varying  corr=on  nnz=1296    diag[d=0,abs=0,scale=2.329] off[d=0,abs=0] rhs[d=0,abs=0,scale=3.896]
  PASS warped 3d 6        neumann   linear        varying  corr=on  nnz=1296    diag[d=0,abs=0,scale=1.743] off[d=0,abs=0] rhs[d=0,abs=0,scale=2.659]
  PASS warped 3d 6        mixed     linear        varying  corr=on  nnz=1296    diag[d=0,abs=0,scale=1.743] off[d=0,abs=0] rhs[d=0,abs=0,scale=2.587]
  PASS warped 3d 6        dirichlet quadratic     varying  corr=off nnz=1296    diag[d=0,abs=0,scale=2.329] off[d=0,abs=0] rhs[d=0,abs=0,scale=3.904]
  PASS warped 3d 6        neumann   quadratic     varying  corr=off nnz=1296    diag[d=0,abs=0,scale=1.743] off[d=0,abs=0] rhs[d=0,abs=0,scale=2.712]
  PASS warped 3d 6        mixed     quadratic     varying  corr=off nnz=1296    diag[d=0,abs=0,scale=1.743] off[d=0,abs=0] rhs[d=0,abs=0,scale=2.781]
  PASS warped 3d 6        dirichlet quadratic     varying  corr=on  nnz=1296    diag[d=0,abs=0,scale=2.329] off[d=0,abs=0] rhs[d=0,abs=0,scale=3.897]
  PASS warped 3d 6        neumann   quadratic     varying  corr=on  nnz=1296    diag[d=0,abs=0,scale=1.743] off[d=0,abs=0] rhs[d=0,abs=0,scale=2.711]
  PASS warped 3d 6        mixed     quadratic     varying  corr=on  nnz=1296    diag[d=0,abs=0,scale=1.743] off[d=0,abs=0] rhs[d=0,abs=0,scale=2.77]
  PASS warped 3d 6        dirichlet manufactured  varying  corr=off nnz=1296    diag[d=0,abs=0,scale=2.329] off[d=0,abs=0] rhs[d=0,abs=0,scale=3.922]
  PASS warped 3d 6        neumann   manufactured  varying  corr=off nnz=1296    diag[d=0,abs=0,scale=1.743] off[d=0,abs=0] rhs[d=0,abs=0,scale=0.855]
  PASS warped 3d 6        mixed     manufactured  varying  corr=off nnz=1296    diag[d=0,abs=0,scale=1.743] off[d=0,abs=0] rhs[d=0,abs=0,scale=1.753]
  PASS warped 3d 6        dirichlet manufactured  varying  corr=on  nnz=1296    diag[d=0,abs=0,scale=2.329] off[d=0,abs=0] rhs[d=0,abs=0,scale=3.888]
  PASS warped 3d 6        neumann   manufactured  varying  corr=on  nnz=1296    diag[d=0,abs=0,scale=1.743] off[d=0,abs=0] rhs[d=0,abs=0,scale=0.8571]
  PASS warped 3d 6        mixed     manufactured  varying  corr=on  nnz=1296    diag[d=0,abs=0,scale=1.743] off[d=0,abs=0] rhs[d=0,abs=0,scale=1.736]

quick mode: cases=96 failures=0
DIFFUSION EQUIVALENCE (quick): PASS (bitwise)

########## harness momentum_assembly -> exit 0 ##########
=== GPU-DISC-001F: CUDA SIMPLE momentum assembly vs CPU (bitwise) ===
CPU reference: pressure_velocity::assembleRelaxedMomentumComponent

       [distorted q16/wall cells=256 higherOrderBoundary=64 correctableInternal=480 resident=418080 B]
       [distorted q16/all-five cells=256 higherOrderBoundary=64 correctableInternal=480 resident=418080 B]
       [warped 3d 3/wall cells=27 higherOrderBoundary=54 correctableInternal=54 resident=80384 B]
       [warped 3d 3/all-five cells=27 higherOrderBoundary=54 correctableInternal=54 resident=80384 B]

=== coverage ===
  component U   4624 cases
  component V   4624 cases
  component W   2312 cases
  scheme upwind         2890 cases
  scheme central        2890 cases
  scheme linear_upwind  2890 cases
  scheme quick          2890 cases
  relaxation factors exercised     4 (alpha = 1.0, 0.7, 0.3, 0.05)
  relaxed (alpha != 1) cases       8680
  momentum-source cases            2880
  non-orthogonal-correction cases  2880
  sparsity pattern mismatches      0
  bitwise-identical cases          11560 of 11560
  max absolute discrepancy         0
  max relative discrepancy         0

cases=11560 failures=0
MOMENTUM ASSEMBLY EQUIVALENCE: PASS (bitwise)
