# c3_rhs_neighbour_sign
# layer:       diffusion
# origin:      001C NC3
# expectation: detect
# the neighbour row ADDS the explicit non-orthogonal flux instead of subtracting it, so the two rows of a face no longer cancel
# mutation applied to cuda/kernels/DeviceDiffusionKernel.cu
# --- anchor ---
      rhsValue = (p.faceOwner[f] == c) ? (rhsValue + terms.explicitFlux)
                                       : (rhsValue - terms.explicitFlux);
# --- became ---
      rhsValue = (p.faceOwner[f] == c) ? (rhsValue + terms.explicitFlux)
                                       : (rhsValue + terms.explicitFlux);
# verdict: DETECTED
# first divergence: n/a

########## harness diffusion --quick -> exit 1 (DETECTED) ##########
=== GPU-DISC-001C: CUDA implicit diffusion vs CPU reference (bitwise) ===
CPU reference: turbulence::assembleScalarDiffusionContribution

       [distorted q16 cells=256 higherOrderBoundaryFaces=64 correctableInternal=480 resident=262424 B]
  PASS distorted q16      dirichlet constant      uniform  corr=off nnz=1216    diag[d=0,abs=0,scale=5.667] off[d=0,abs=0] rhs[d=0,abs=0,scale=7.359]
  PASS distorted q16      neumann   constant      uniform  corr=off nnz=1216    diag[d=0,abs=0,scale=4.242] off[d=0,abs=0] rhs[d=0,abs=0,scale=9.329]
  PASS distorted q16      mixed     constant      uniform  corr=off nnz=1216    diag[d=0,abs=0,scale=5.537] off[d=0,abs=0] rhs[d=0,abs=0,scale=8.89]
  FAIL distorted q16      dirichlet constant      uniform  corr=on  nnz=1216    diag[d=0,abs=0,scale=5.669] off[d=0,abs=0] rhs[d=247,abs=0.71,scale=7.24]
       worst entry (144,144): cpu=1.977824079470234 gpu=1.2682409122842455  maxRel=16.6
  FAIL distorted q16      neumann   constant      uniform  corr=on  nnz=1216    diag[d=0,abs=0,scale=4.244] off[d=0,abs=0] rhs[d=243,abs=0.0024,scale=9.328]
       worst entry (128,128): cpu=4.5685365402684788 gpu=4.5709375074932606  maxRel=13.9
  FAIL distorted q16      mixed     constant      uniform  corr=on  nnz=1216    diag[d=0,abs=0,scale=5.539] off[d=0,abs=0] rhs[d=244,abs=0.71,scale=8.89]
       worst entry (144,144): cpu=1.977824079470234 gpu=1.2682409122842455  maxRel=16.6
  PASS distorted q16      dirichlet linear        uniform  corr=off nnz=1216    diag[d=0,abs=0,scale=5.667] off[d=0,abs=0] rhs[d=0,abs=0,scale=7.253]
  PASS distorted q16      neumann   linear        uniform  corr=off nnz=1216    diag[d=0,abs=0,scale=4.242] off[d=0,abs=0] rhs[d=0,abs=0,scale=6.872]
  PASS distorted q16      mixed     linear        uniform  corr=off nnz=1216    diag[d=0,abs=0,scale=5.537] off[d=0,abs=0] rhs[d=0,abs=0,scale=7.259]
  FAIL distorted q16      dirichlet linear        uniform  corr=on  nnz=1216    diag[d=0,abs=0,scale=5.669] off[d=0,abs=0] rhs[d=255,abs=0.864,scale=7.351]
       worst entry (246,246): cpu=4.9239748060534412 gpu=4.0603399410805503  maxRel=43.5
  FAIL distorted q16      neumann   linear        uniform  corr=on  nnz=1216    diag[d=0,abs=0,scale=4.244] off[d=0,abs=0] rhs[d=255,abs=0.0222,scale=6.869]
       worst entry (246,246): cpu=-0.21326609972855312 gpu=-0.23543021616926951  maxRel=71.5
  FAIL distorted q16      mixed     linear        uniform  corr=on  nnz=1216    diag[d=0,abs=0,scale=5.539] off[d=0,abs=0] rhs[d=255,abs=0.435,scale=7.273]
       worst entry (176,176): cpu=2.0441116529471963 gpu=2.4788439055033575  maxRel=69.5
  PASS distorted q16      dirichlet quadratic     uniform  corr=off nnz=1216    diag[d=0,abs=0,scale=5.667] off[d=0,abs=0] rhs[d=0,abs=0,scale=7.317]
  PASS distorted q16      neumann   quadratic     uniform  corr=off nnz=1216    diag[d=0,abs=0,scale=4.242] off[d=0,abs=0] rhs[d=0,abs=0,scale=6.409]
  PASS distorted q16      mixed     quadratic     uniform  corr=off nnz=1216    diag[d=0,abs=0,scale=5.537] off[d=0,abs=0] rhs[d=0,abs=0,scale=6.409]
  FAIL distorted q16      dirichlet quadratic     uniform  corr=on  nnz=1216    diag[d=0,abs=0,scale=5.669] off[d=0,abs=0] rhs[d=255,abs=0.536,scale=7.295]
       worst entry (8,8): cpu=3.7917197306236079 gpu=4.3272516207331497  maxRel=660
  FAIL distorted q16      neumann   quadratic     uniform  corr=on  nnz=1216    diag[d=0,abs=0,scale=4.244] off[d=0,abs=0] rhs[d=255,abs=0.0742,scale=6.413]
       worst entry (136,136): cpu=-0.0048195571913822177 gpu=0.069379790292537297  maxRel=3.96e+03
  FAIL distorted q16      mixed     quadratic     uniform  corr=on  nnz=1216    diag[d=0,abs=0,scale=5.539] off[d=0,abs=0] rhs[d=255,abs=0.536,scale=6.413]
       worst entry (8,8): cpu=3.7917197306236079 gpu=4.3272516207331497  maxRel=3.96e+03
  PASS distorted q16      dirichlet manufactured  uniform  corr=off nnz=1216    diag[d=0,abs=0,scale=5.667] off[d=0,abs=0] rhs[d=0,abs=0,scale=7.203]
  PASS distorted q16      neumann   manufactured  uniform  corr=off nnz=1216    diag[d=0,abs=0,scale=4.242] off[d=0,abs=0] rhs[d=0,abs=0,scale=1.389]
  PASS distorted q16      mixed     manufactured  uniform  corr=off nnz=1216    diag[d=0,abs=0,scale=5.537] off[d=0,abs=0] rhs[d=0,abs=0,scale=5.41]
  FAIL distorted q16      dirichlet manufactured  uniform  corr=on  nnz=1216    diag[d=0,abs=0,scale=5.669] off[d=0,abs=0] rhs[d=255,abs=1.07,scale=7.41]
       worst entry (247,247): cpu=4.746636619036587 gpu=3.6728249617053192  maxRel=694
  FAIL distorted q16      neumann   manufactured  uniform  corr=on  nnz=1216    diag[d=0,abs=0,scale=4.244] off[d=0,abs=0] rhs[d=255,abs=0.0885,scale=1.392]
       worst entry (121,121): cpu=0.013290683445125536 gpu=-0.075243313044650845  maxRel=694
  FAIL distorted q16      mixed     manufactured  uniform  corr=on  nnz=1216    diag[d=0,abs=0,scale=5.539] off[d=0,abs=0] rhs[d=255,abs=0.357,scale=5.536]
       worst entry (11,11): cpu=4.1087658305017634 gpu=4.4654916355050887  maxRel=694
  PASS distorted q16      dirichlet constant      varying  corr=off nnz=1216    diag[d=0,abs=0,scale=8.085] off[d=0,abs=0] rhs[d=0,abs=0,scale=10.78]
  PASS distorted q16      neumann   constant      varying  corr=off nnz=1216    diag[d=0,abs=0,scale=6.068] off[d=0,abs=0] rhs[d=0,abs=0,scale=13.02]
  PASS distorted q16      mixed     constant      varying  corr=off nnz=1216    diag[d=0,abs=0,scale=6.068] off[d=0,abs=0] rhs[d=0,abs=0,scale=13.02]
  FAIL distorted q16      dirichlet constant      varying  corr=on  nnz=1216    diag[d=0,abs=0,scale=8.088] off[d=0,abs=0] rhs[d=247,abs=0.624,scale=10.61]
       worst entry (127,127): cpu=3.2976982473312408 gpu=3.9220621760659564  maxRel=32.6
  FAIL distorted q16      neumann   constant      varying  corr=on  nnz=1216    diag[d=0,abs=0,scale=6.071] off[d=0,abs=0] rhs[d=243,abs=0.00168,scale=13.02]
       worst entry (159,159): cpu=5.1697434133304592 gpu=5.1680638485438939  maxRel=13.1
  FAIL distorted q16      mixed     constant      varying  corr=on  nnz=1216    diag[d=0,abs=0,scale=6.071] off[d=0,abs=0] rhs[d=244,abs=0.4,scale=13.02]
       worst entry (176,176): cpu=1.2737218387466196 gpu=0.87354522141610513  maxRel=32.6
  PASS distorted q16      dirichlet linear        varying  corr=off nnz=1216    diag[d=0,abs=0,scale=8.085] off[d=0,abs=0] rhs[d=0,abs=0,scale=10.62]
  PASS distorted q16      neumann   linear        varying  corr=off nnz=1216    diag[d=0,abs=0,scale=6.068] off[d=0,abs=0] rhs[d=0,abs=0,scale=7.31]
  PASS distorted q16      mixed     linear        varying  corr=off nnz=1216    diag[d=0,abs=0,scale=6.068] off[d=0,abs=0] rhs[d=0,abs=0,scale=7.722]
  FAIL distorted q16      dirichlet linear        varying  corr=on  nnz=1216    diag[d=0,abs=0,scale=8.088] off[d=0,abs=0] rhs[d=255,abs=0.999,scale=10.76]
       worst entry (247,247): cpu=5.8554021160406 gpu=4.8560415199872429  maxRel=129
  FAIL distorted q16      neumann   linear        varying  corr=on  nnz=1216    diag[d=0,abs=0,scale=6.071] off[d=0,abs=0] rhs[d=255,abs=0.0261,scale=7.307]
       worst entry (247,247): cpu=-0.03558485982654102 gpu=-0.061648293166959127  maxRel=129
  FAIL distorted q16      mixed     linear        varying  corr=on  nnz=1216    diag[d=0,abs=0,scale=6.071] off[d=0,abs=0] rhs[d=255,abs=0.263,scale=7.736]
       worst entry (192,192): cpu=1.3389617398817146 gpu=1.6020034622728916  maxRel=129
  PASS distorted q16      dirichlet quadratic     varying  corr=off nnz=1216    diag[d=0,abs=0,scale=8.085] off[d=0,abs=0] rhs[d=0,abs=0,scale=10.72]
  PASS distorted q16      neumann   quadratic     varying  corr=off nnz=1216    diag[d=0,abs=0,scale=6.068] off[d=0,abs=0] rhs[d=0,abs=0,scale=9.386]
  PASS distorted q16      mixed     quadratic     varying  corr=off nnz=1216    diag[d=0,abs=0,scale=6.068] off[d=0,abs=0] rhs[d=0,abs=0,scale=9.386]
  FAIL distorted q16      dirichlet quadratic     varying  corr=on  nnz=1216    diag[d=0,abs=0,scale=8.088] off[d=0,abs=0] rhs[d=255,abs=0.478,scale=10.68]
       worst entry (9,9): cpu=3.6204126727910753 gpu=4.098346883957646  maxRel=1.11e+03
  FAIL distorted q16      neumann   quadratic     varying  corr=on  nnz=1216    diag[d=0,abs=0,scale=6.071] off[d=0,abs=0] rhs[d=255,abs=0.0742,scale=9.391]
       worst entry (153,153): cpu=-0.006621519755235148 gpu=0.067558199685548173  maxRel=1.11e+03
  FAIL distorted q16      mixed     quadratic     varying  corr=on  nnz=1216    diag[d=0,abs=0,scale=6.071] off[d=0,abs=0] rhs[d=255,abs=0.478,scale=9.391]
       worst entry (9,9): cpu=3.6204126727910753 gpu=4.098346883957646  maxRel=1.11e+03
  PASS distorted q16      dirichlet manufactured  varying  corr=off nnz=1216    diag[d=0,abs=0,scale=8.085] off[d=0,abs=0] rhs[d=0,abs=0,scale=10.55]
  PASS distorted q16      neumann   manufactured  varying  corr=off nnz=1216    diag[d=0,abs=0,scale=6.068] off[d=0,abs=0] rhs[d=0,abs=0,scale=1.716]
  PASS distorted q16      mixed     manufactured  varying  corr=off nnz=1216    diag[d=0,abs=0,scale=6.068] off[d=0,abs=0] rhs[d=0,abs=0,scale=4.214]
  FAIL distorted q16      dirichlet manufactured  varying  corr=on  nnz=1216    diag[d=0,abs=0,scale=8.088] off[d=0,abs=0] rhs[d=255,abs=1.33,scale=10.85]
       worst entry (248,248): cpu=5.8429175412266314 gpu=4.5141546078490986  maxRel=1.04e+03
  FAIL distorted q16      neumann   manufactured  varying  corr=on  nnz=1216    diag[d=0,abs=0,scale=6.071] off[d=0,abs=0] rhs[d=255,abs=0.0878,scale=1.715]
       worst entry (121,121): cpu=0.012123523779289345 gpu=-0.075635176232665177  maxRel=183
  FAIL distorted q16      mixed     manufactured  varying  corr=on  nnz=1216    diag[d=0,abs=0,scale=6.071] off[d=0,abs=0] rhs[d=255,abs=0.351,scale=4.152]
       worst entry (12,12): cpu=4.1386653258563344 gpu=4.489862025489586  maxRel=183
       [warped 3d 6 cells=216 higherOrderBoundaryFaces=216 correctableInternal=540 resident=360312 B]
  PASS warped 3d 6        dirichlet constant      uniform  corr=off nnz=1296    diag[d=0,abs=0,scale=1.402] off[d=0,abs=0] rhs[d=0,abs=0,scale=2.332]
  PASS warped 3d 6        neumann   constant      uniform  corr=off nnz=1296    diag[d=0,abs=0,scale=1.05] off[d=0,abs=0] rhs[d=0,abs=0,scale=2.301]
  PASS warped 3d 6        mixed     constant      uniform  corr=off nnz=1296    diag[d=0,abs=0,scale=1.399] off[d=0,abs=0] rhs[d=0,abs=0,scale=2.48]
  FAIL warped 3d 6        dirichlet constant      uniform  corr=on  nnz=1296    diag[d=0,abs=0,scale=1.402] off[d=0,abs=0] rhs[d=215,abs=0.0429,scale=2.335]
       worst entry (198,198): cpu=1.3436391585888265 gpu=1.3865226853310619  maxRel=122
  FAIL warped 3d 6        neumann   constant      uniform  corr=on  nnz=1296    diag[d=0,abs=0,scale=1.05] off[d=0,abs=0] rhs[d=215,abs=0.00135,scale=2.301]
       worst entry (195,195): cpu=0.68097423777276456 gpu=0.67962415742771221  maxRel=30.4
  FAIL warped 3d 6        mixed     constant      uniform  corr=on  nnz=1296    diag[d=0,abs=0,scale=1.399] off[d=0,abs=0] rhs[d=215,abs=0.0412,scale=2.481]
       worst entry (198,198): cpu=0.9992459506596667 gpu=1.0404722638437991  maxRel=2.11
  PASS warped 3d 6        dirichlet linear        uniform  corr=off nnz=1296    diag[d=0,abs=0,scale=1.402] off[d=0,abs=0] rhs[d=0,abs=0,scale=2.338]
  PASS warped 3d 6        neumann   linear        uniform  corr=off nnz=1296    diag[d=0,abs=0,scale=1.05] off[d=0,abs=0] rhs[d=0,abs=0,scale=2.024]
  PASS warped 3d 6        mixed     linear        uniform  corr=off nnz=1296    diag[d=0,abs=0,scale=1.399] off[d=0,abs=0] rhs[d=0,abs=0,scale=2.103]
  FAIL warped 3d 6        dirichlet linear        uniform  corr=on  nnz=1296    diag[d=0,abs=0,scale=1.402] off[d=0,abs=0] rhs[d=215,abs=0.155,scale=2.331]
       worst entry (21,21): cpu=1.0322221376700071 gpu=1.1876332175647779  maxRel=73.1
  FAIL warped 3d 6        neumann   linear        uniform  corr=on  nnz=1296    diag[d=0,abs=0,scale=1.05] off[d=0,abs=0] rhs[d=215,abs=0.0129,scale=2.024]
       worst entry (51,51): cpu=0.000772551239640565 gpu=-0.012094992339111585  maxRel=178
  FAIL warped 3d 6        mixed     linear        uniform  corr=on  nnz=1296    diag[d=0,abs=0,scale=1.399] off[d=0,abs=0] rhs[d=215,abs=0.155,scale=2.1]
       worst entry (21,21): cpu=1.0322221400936347 gpu=1.1876332199918835  maxRel=3.12e+03
  PASS warped 3d 6        dirichlet quadratic     uniform  corr=off nnz=1296    diag[d=0,abs=0,scale=1.402] off[d=0,abs=0] rhs[d=0,abs=0,scale=2.336]
  PASS warped 3d 6        neumann   quadratic     uniform  corr=off nnz=1296    diag[d=0,abs=0,scale=1.05] off[d=0,abs=0] rhs[d=0,abs=0,scale=1.623]
  PASS warped 3d 6        mixed     quadratic     uniform  corr=off nnz=1296    diag[d=0,abs=0,scale=1.399] off[d=0,abs=0] rhs[d=0,abs=0,scale=1.94]
  FAIL warped 3d 6        dirichlet quadratic     uniform  corr=on  nnz=1296    diag[d=0,abs=0,scale=1.402] off[d=0,abs=0] rhs[d=215,abs=0.176,scale=2.332]
       worst entry (194,194): cpu=0.98546839207674808 gpu=1.160969239152819  maxRel=191
  FAIL warped 3d 6        neumann   quadratic     uniform  corr=on  nnz=1296    diag[d=0,abs=0,scale=1.05] off[d=0,abs=0] rhs[d=215,abs=0.0115,scale=1.622]
       worst entry (51,51): cpu=0.0031759535623646679 gpu=-0.0083191518872433728  maxRel=12.2
  FAIL warped 3d 6        mixed     quadratic     uniform  corr=on  nnz=1296    diag[d=0,abs=0,scale=1.399] off[d=0,abs=0] rhs[d=215,abs=0.16,scale=1.932]
       worst entry (21,21): cpu=1.0291445452253689 gpu=1.1888753742611249  maxRel=191
  PASS warped 3d 6        dirichlet manufactured  uniform  corr=off nnz=1296    diag[d=0,abs=0,scale=1.402] off[d=0,abs=0] rhs[d=0,abs=0,scale=2.347]
  PASS warped 3d 6        neumann   manufactured  uniform  corr=off nnz=1296    diag[d=0,abs=0,scale=1.05] off[d=0,abs=0] rhs[d=0,abs=0,scale=0.5584]
  PASS warped 3d 6        mixed     manufactured  uniform  corr=off nnz=1296    diag[d=0,abs=0,scale=1.399] off[d=0,abs=0] rhs[d=0,abs=0,scale=1.86]
  FAIL warped 3d 6        dirichlet manufactured  uniform  corr=on  nnz=1296    diag[d=0,abs=0,scale=1.402] off[d=0,abs=0] rhs[d=215,abs=0.227,scale=2.325]
       worst entry (21,21): cpu=1.0396257644821116 gpu=1.2663558976616558  maxRel=10
  FAIL warped 3d 6        neumann   manufactured  uniform  corr=on  nnz=1296    diag[d=0,abs=0,scale=1.05] off[d=0,abs=0] rhs[d=215,abs=0.0122,scale=0.5581]
       worst entry (82,82): cpu=-0.005999434666661768 gpu=0.006243189676440883  maxRel=81.9
  FAIL warped 3d 6        mixed     manufactured  uniform  corr=on  nnz=1296    diag[d=0,abs=0,scale=1.399] off[d=0,abs=0] rhs[d=215,abs=0.227,scale=1.873]
       worst entry (21,21): cpu=1.0396258610176994 gpu=1.266355994206859  maxRel=81.9
  PASS warped 3d 6        dirichlet constant      varying  corr=off nnz=1296    diag[d=0,abs=0,scale=2.329] off[d=0,abs=0] rhs[d=0,abs=0,scale=3.897]
  PASS warped 3d 6        neumann   constant      varying  corr=off nnz=1296    diag[d=0,abs=0,scale=1.743] off[d=0,abs=0] rhs[d=0,abs=0,scale=3.812]
  PASS warped 3d 6        mixed     constant      varying  corr=off nnz=1296    diag[d=0,abs=0,scale=1.743] off[d=0,abs=0] rhs[d=0,abs=0,scale=3.812]
  FAIL warped 3d 6        dirichlet constant      varying  corr=on  nnz=1296    diag[d=0,abs=0,scale=2.329] off[d=0,abs=0] rhs[d=215,abs=0.0501,scale=3.903]
       worst entry (119,119): cpu=0.61508232658400497 gpu=0.66514135577905031  maxRel=30.4
  FAIL warped 3d 6        neumann   constant      varying  corr=on  nnz=1296    diag[d=0,abs=0,scale=1.743] off[d=0,abs=0] rhs[d=215,abs=0.00169,scale=3.813]
       worst entry (201,201): cpu=0.90599350599188244 gpu=0.90430102329988715  maxRel=27.6
  FAIL warped 3d 6        mixed     constant      varying  corr=on  nnz=1296    diag[d=0,abs=0,scale=1.743] off[d=0,abs=0] rhs[d=215,abs=0.035,scale=3.813]
       worst entry (198,198): cpu=0.86473150665299092 gpu=0.89973099201886142  maxRel=2.15
  PASS warped 3d 6        dirichlet linear        varying  corr=off nnz=1296    diag[d=0,abs=0,scale=2.329] off[d=0,abs=0] rhs[d=0,abs=0,scale=3.908]
  PASS warped 3d 6        neumann   linear        varying  corr=off nnz=1296    diag[d=0,abs=0,scale=1.743] off[d=0,abs=0] rhs[d=0,abs=0,scale=2.658]
  PASS warped 3d 6        mixed     linear        varying  corr=off nnz=1296    diag[d=0,abs=0,scale=1.743] off[d=0,abs=0] rhs[d=0,abs=0,scale=2.587]
  FAIL warped 3d 6        dirichlet linear        varying  corr=on  nnz=1296    diag[d=0,abs=0,scale=2.329] off[d=0,abs=0] rhs[d=215,abs=0.166,scale=3.896]
       worst entry (200,200): cpu=1.1955346243260736 gpu=1.3618340645484359  maxRel=271
  FAIL warped 3d 6        neumann   linear        varying  corr=on  nnz=1296    diag[d=0,abs=0,scale=1.743] off[d=0,abs=0] rhs[d=215,abs=0.0141,scale=2.659]
       worst entry (58,58): cpu=0.00086507817020721467 gpu=-0.013223630548177679  maxRel=224
  FAIL warped 3d 6        mixed     linear        varying  corr=on  nnz=1296    diag[d=0,abs=0,scale=1.743] off[d=0,abs=0] rhs[d=215,abs=0.161,scale=2.587]
       worst entry (21,21): cpu=1.1303809543025858 gpu=1.2916035075668122  maxRel=4.94e+03
  PASS warped 3d 6        dirichlet quadratic     varying  corr=off nnz=1296    diag[d=0,abs=0,scale=2.329] off[d=0,abs=0] rhs[d=0,abs=0,scale=3.904]
  PASS warped 3d 6        neumann   quadratic     varying  corr=off nnz=1296    diag[d=0,abs=0,scale=1.743] off[d=0,abs=0] rhs[d=0,abs=0,scale=2.712]
  PASS warped 3d 6        mixed     quadratic     varying  corr=off nnz=1296    diag[d=0,abs=0,scale=1.743] off[d=0,abs=0] rhs[d=0,abs=0,scale=2.781]
  FAIL warped 3d 6        dirichlet quadratic     varying  corr=on  nnz=1296    diag[d=0,abs=0,scale=2.329] off[d=0,abs=0] rhs[d=215,abs=0.208,scale=3.897]
       worst entry (195,195): cpu=1.2312901030822943 gpu=1.4394608125666886  maxRel=658
  FAIL warped 3d 6        neumann   quadratic     varying  corr=on  nnz=1296    diag[d=0,abs=0,scale=1.743] off[d=0,abs=0] rhs[d=215,abs=0.012,scale=2.711]
       worst entry (51,51): cpu=0.0031422348750931076 gpu=-0.0088102626725568116  maxRel=27.9
  FAIL warped 3d 6        mixed     quadratic     varying  corr=on  nnz=1296    diag[d=0,abs=0,scale=1.743] off[d=0,abs=0] rhs[d=215,abs=0.166,scale=2.77]
       worst entry (21,21): cpu=1.1269602670190666 gpu=1.2927639798432911  maxRel=13.4
  PASS warped 3d 6        dirichlet manufactured  varying  corr=off nnz=1296    diag[d=0,abs=0,scale=2.329] off[d=0,abs=0] rhs[d=0,abs=0,scale=3.922]
  PASS warped 3d 6        neumann   manufactured  varying  corr=off nnz=1296    diag[d=0,abs=0,scale=1.743] off[d=0,abs=0] rhs[d=0,abs=0,scale=0.855]
  PASS warped 3d 6        mixed     manufactured  varying  corr=off nnz=1296    diag[d=0,abs=0,scale=1.743] off[d=0,abs=0] rhs[d=0,abs=0,scale=1.753]
  FAIL warped 3d 6        dirichlet manufactured  varying  corr=on  nnz=1296    diag[d=0,abs=0,scale=2.329] off[d=0,abs=0] rhs[d=215,abs=0.269,scale=3.888]
       worst entry (201,201): cpu=1.2950133022699506 gpu=1.563990707879561  maxRel=38.3
  FAIL warped 3d 6        neumann   manufactured  varying  corr=on  nnz=1296    diag[d=0,abs=0,scale=1.743] off[d=0,abs=0] rhs[d=215,abs=0.0137,scale=0.8571]
       worst entry (82,82): cpu=-0.0067157125965734994 gpu=0.0070005519935472677  maxRel=10.1
  FAIL warped 3d 6        mixed     manufactured  varying  corr=on  nnz=1296    diag[d=0,abs=0,scale=1.743] off[d=0,abs=0] rhs[d=215,abs=0.238,scale=1.736]
       worst entry (27,27): cpu=1.1932108570613409 gpu=1.4316739100969782  maxRel=9.44

quick mode: cases=96 failures=48
DIFFUSION EQUIVALENCE (quick): FAIL
