HEAD b66310ca871811c4c7671056beec291a451af55c
snap vs new  lid_driven_cavity: IDENTICAL | exit exit 0/exit 0
head vs new  lid_driven_cavity: IDENTICAL | exit exit 0/exit 0
snap vs new  lid_driven_cavity_40x40: IDENTICAL | exit exit 0/exit 0
head vs new  lid_driven_cavity_40x40: IDENTICAL | exit exit 0/exit 0
snap vs new  lid_driven_cavity_80x80: IDENTICAL | exit exit 0/exit 0
head vs new  lid_driven_cavity_80x80: IDENTICAL | exit exit 0/exit 0
snap vs new  poiseuille_flow: IDENTICAL | exit exit 0/exit 0
head vs new  poiseuille_flow: IDENTICAL | exit exit 0/exit 0
snap vs new  heated_cavity: IDENTICAL | exit exit 0/exit 0
head vs new  heated_cavity: IDENTICAL | exit exit 0/exit 0
snap vs new  species_diffusion: IDENTICAL | exit exit 0/exit 0
head vs new  species_diffusion: IDENTICAL | exit exit 0/exit 0
snap vs new  heated_species_diffusion: IDENTICAL | exit exit 0/exit 0
head vs new  heated_species_diffusion: IDENTICAL | exit exit 0/exit 0
snap vs new  compressible_validation: IDENTICAL | exit exit 0/exit 0
head vs new  compressible_validation: IDENTICAL | exit exit 0/exit 0
snap vs new  compressible_channel_coupled: IDENTICAL | exit exit 0/exit 0
head vs new  compressible_channel_coupled: IDENTICAL | exit exit 0/exit 0
snap vs new  multiphase_validation: IDENTICAL | exit exit 0/exit 0
head vs new  multiphase_validation: IDENTICAL | exit exit 0/exit 0
snap vs new  data_valid_cavity: IDENTICAL | exit exit 0/exit 0
head vs new  data_valid_cavity: IDENTICAL | exit exit 0/exit 0
snap vs new  data_valid_cavity_cli_smoke: IDENTICAL | exit exit 0/exit 0
head vs new  data_valid_cavity_cli_smoke: IDENTICAL | exit exit 0/exit 0
snap vs new  data_does_not_converge: IDENTICAL | exit exit 3/exit 3
head vs new  data_does_not_converge: IDENTICAL | exit exit 3/exit 3
snap vs new  poiseuille_distorted: IDENTICAL | exit exit 0/exit 0
--- new graded case with the pre-MESH-002 CLI (expected: rejected, 'grading' unknown):
Case configuration error: /tmp/m2_compat/snap/channel_transpiration_graded/mesh.json: field "grading" must satisfy be a recognized field of mesh.json; received unknown field
exit 2
--- new graded case with the new CLI:
Converged: yes
Mass imbalance: 3.19472e-12
exit 0
