[1 grading mathematics (unit)] regex: ^(MeshGrading|AxisSpacing)\.
    100% tests passed, 0 tests failed out of 18
[2 mesh construction / quality] regex: ^(GradedMesh|StructuredQuadMesh|MeshValidity|MeshQuality|MeshGeometry|CartesianMesh|MeshFingerprint|Mesh[A-Z][a-z]*Test|CellTest|FaceTest|BoundaryPatch)
    100% tests passed, 0 tests failed out of 82
[3 case reader / builder / writer / export] regex: ^(GradedMeshCase|StructuredQuadCase|CaseValidation|CaseReader|CaseWriter|CaseBuilder|VTKWriter|JSONWriter|CSVWriter|ResultExport)
    100% tests passed, 0 tests failed out of 145
[4 CLI / production path (ProjectRunner, CLI smoke, graded + quad production cases)] regex: ^(GradedMeshProductionCase|StructuredQuadProductionCase|ProjectRunner|CliSmoke|Cli)
    100% tests passed, 0 tests failed out of 20
[6 Poiseuille / channel validation] regex: ^(PoiseuilleValidation|ChannelFlowValidation|TurbulentChannel|GradedMeshProductionCase\.(GradedMeshBeatsUniform|XAndY|GradedVertex))
     8/29 Test #1562: PoiseuilleValidation.Grid128x16ConvergesAndMatchesAnalyticalProfile ......***Not Run (Disabled)   0.00 sec
     9/29 Test #1563: PoiseuilleValidation.Grid256x32ConvergesAndMatchesAnalyticalProfile ......***Not Run (Disabled)   0.00 sec
    10/29 Test #1670: ChannelFlowValidation.KEpsilonFineConvergesAndMatchesLogLaw ..............***Not Run (Disabled)   0.00 sec
    11/29 Test #1673: ChannelFlowValidation.KOmegaFineConvergesAndMatchesLogLaw ................***Not Run (Disabled)   0.00 sec
    12/29 Test #1676: ChannelFlowValidation.SSTFineConvergesAndMatchesLogLaw ...................***Not Run (Disabled)   0.00 sec
    13/29 Test #1677: ChannelFlowValidation.KEpsilonGridRefinementReducesReTauError ............***Not Run (Disabled)   0.00 sec
    14/29 Test #1684: TurbulentChannelValidation.Study .........................................***Not Run (Disabled)   0.00 sec
    100% tests passed, 0 tests failed out of 22
[7 grid convergence (graded + NUM-005 machinery)] regex: ^(GradedMeshProductionCase\.GradedGridConvergence|GridConvergence|GridStudy)
    100% tests passed, 0 tests failed out of 23
[8 SIMPLE / physics] regex: ^(SIMPLE|Simple|PressureCorrection|Momentum|Compressible|MMS|Thermal|Energy|Species|Turbulen|KEpsilon|KOmega|SST|WallDistance|Multiphase|NaturalConvection|HeatedCavity|CavityGhia|ObliqueNeumann|Gradient|Diffusion|Convection)
    604/632 Test #1540: CavityGhiaValidation.Grid40x40ConvergesAndMatchesGhia ....................................................***Not Run (Disabled)   0.00 sec
    605/632 Test #1541: CavityGhiaValidation.Grid80x80ConvergesAndMatchesGhia ....................................................***Not Run (Disabled)   0.00 sec
    606/632 Test #1542: CavityGhiaValidation.GridConvergence .....................................................................***Not Run (Disabled)   0.00 sec
    607/632 Test #1545: CavityGhiaValidation.Re100Grid40 .........................................................................***Not Run (Disabled)   0.00 sec
    608/632 Test #1546: CavityGhiaValidation.Re100Grid80 .........................................................................***Not Run (Disabled)   0.00 sec
    609/632 Test #1547: CavityGhiaValidation.Re100Grid160 ........................................................................***Not Run (Disabled)   0.00 sec
    610/632 Test #1548: CavityGhiaValidation.Re1000Grid40 ........................................................................***Not Run (Disabled)   0.00 sec
    611/632 Test #1549: CavityGhiaValidation.Re1000Grid80 ........................................................................***Not Run (Disabled)   0.00 sec
    612/632 Test #1550: CavityGhiaValidation.Re1000Grid160 .......................................................................***Not Run (Disabled)   0.00 sec
    613/632 Test #1551: CavityGhiaValidation.Re100Study ..........................................................................***Not Run (Disabled)   0.00 sec
    614/632 Test #1552: CavityGhiaValidation.Re1000Study .........................................................................***Not Run (Disabled)   0.00 sec
    615/632 Test #1592: NaturalConvectionValidation.Grid20x20MatchesDeVahlDavisRa1e3 .............................................***Not Run (Disabled)   0.00 sec
    616/632 Test #1684: TurbulentChannelValidation.Study .........................................................................***Not Run (Disabled)   0.00 sec
    617/632 Test #1731: SIMPLEMMS.FineGridStudy ..................................................................................***Not Run (Disabled)   0.00 sec
    100% tests passed, 0 tests failed out of 618
[5 GUI / controller (Debug)]
100% tests passed, 0 tests failed out of 45
