Total Tests: 1737
1690/1737 Test #1540: CavityGhiaValidation.Grid40x40ConvergesAndMatchesGhia ....................................................***Not Run (Disabled)   0.00 sec
1691/1737 Test #1541: CavityGhiaValidation.Grid80x80ConvergesAndMatchesGhia ....................................................***Not Run (Disabled)   0.00 sec
1692/1737 Test #1542: CavityGhiaValidation.GridConvergence .....................................................................***Not Run (Disabled)   0.00 sec
1693/1737 Test #1545: CavityGhiaValidation.Re100Grid40 .........................................................................***Not Run (Disabled)   0.00 sec
1694/1737 Test #1546: CavityGhiaValidation.Re100Grid80 .........................................................................***Not Run (Disabled)   0.00 sec
1695/1737 Test #1547: CavityGhiaValidation.Re100Grid160 ........................................................................***Not Run (Disabled)   0.00 sec
1696/1737 Test #1548: CavityGhiaValidation.Re1000Grid40 ........................................................................***Not Run (Disabled)   0.00 sec
1697/1737 Test #1549: CavityGhiaValidation.Re1000Grid80 ........................................................................***Not Run (Disabled)   0.00 sec
1698/1737 Test #1550: CavityGhiaValidation.Re1000Grid160 .......................................................................***Not Run (Disabled)   0.00 sec
1699/1737 Test #1551: CavityGhiaValidation.Re100Study ..........................................................................***Not Run (Disabled)   0.00 sec
1700/1737 Test #1552: CavityGhiaValidation.Re1000Study .........................................................................***Not Run (Disabled)   0.00 sec
1701/1737 Test #1558: SchemeValidation.AccuracyCostComparisonFull ..............................................................***Not Run (Disabled)   0.00 sec
1702/1737 Test #1562: PoiseuilleValidation.Grid128x16ConvergesAndMatchesAnalyticalProfile ......................................***Not Run (Disabled)   0.00 sec
1703/1737 Test #1563: PoiseuilleValidation.Grid256x32ConvergesAndMatchesAnalyticalProfile ......................................***Not Run (Disabled)   0.00 sec
1704/1737 Test #1592: NaturalConvectionValidation.Grid20x20MatchesDeVahlDavisRa1e3 .............................................***Not Run (Disabled)   0.00 sec
1705/1737 Test #1598: CaseLidDrivenCavityIntegrationTest.ProductionCaseLoadsBuildsAndConverges .................................***Not Run (Disabled)   0.00 sec
1706/1737 Test #1670: ChannelFlowValidation.KEpsilonFineConvergesAndMatchesLogLaw ..............................................***Not Run (Disabled)   0.00 sec
1707/1737 Test #1673: ChannelFlowValidation.KOmegaFineConvergesAndMatchesLogLaw ................................................***Not Run (Disabled)   0.00 sec
1708/1737 Test #1676: ChannelFlowValidation.SSTFineConvergesAndMatchesLogLaw ...................................................***Not Run (Disabled)   0.00 sec
1709/1737 Test #1677: ChannelFlowValidation.KEpsilonGridRefinementReducesReTauError ............................................***Not Run (Disabled)   0.00 sec
1710/1737 Test #1684: TurbulentChannelValidation.Study .........................................................................***Not Run (Disabled)   0.00 sec
1711/1737 Test #1731: SIMPLEMMS.FineGridStudy ..................................................................................***Not Run (Disabled)   0.00 sec
1712/1737 Test #1735: BackwardFacingStep.Converges .............................................................................***Not Run (Disabled)   0.00 sec
1713/1737 Test #1736: BackwardFacingStep.MassConservation ......................................................................***Not Run (Disabled)   0.00 sec
1714/1737 Test #1737: BackwardFacingStep.ReattachmentLength ....................................................................***Not Run (Disabled)   0.00 sec
100% tests passed, 0 tests failed out of 1712
Total Test time (real) = 133.66 sec
release ctest exit 0
