$ cfdapp --case cases/channel_transpiration_graded (copy)   [build/release, final P12-MESH-002 code]
CFDApp

Case: Graded Transpiration Channel 48x24 (wall boundary layer)
Mesh: 48 x 24
Solver: SIMPLE

Converged: yes
Iterations: 1563

U residual: 1.99835e-05
V residual: 1.18011e-05
P residual: 0.000132744
Continuity: 2.41796e-12
Mass imbalance: 3.19472e-12
NaN/Inf: no

Results:
  JSON:      <case>/results/metadata.json
  Residuals: <case>/results/residuals.csv
  CSV:       <case>/results/fields.csv
  VTK:       <case>/results/solution.vtk
exit 0
--- solution.vtk: POINTS header and the x=0 column of y nodes (j = 0,1,2,12,24)
POINTS 1225 double
vertex index 0 : 0.00000000000000000e+00 0.00000000000000000e+00 0
vertex index 49 : 0.00000000000000000e+00 1.26324824518909504e-02 0
vertex index 98 : 0.00000000000000000e+00 2.77914613941600899e-02 0
vertex index 588 : 0.00000000000000000e+00 5.00000000000000000e-01 0
vertex index 1176 : 0.00000000000000000e+00 1.00000000000000000e+00 0
