
=== Cartesian 2D 8x8: 64 cells, 144 faces, 2D ===
    resident 14.9 kB, allocations for this upload: 16
    ok   cell volumes                 64 values, bitwise
    ok   cell centroid x              64 values, bitwise
    ok   cell centroid y              64 values, bitwise
    ok   cell centroid z              64 values, bitwise
    ok   face owner                   144 values, bitwise
    ok   face neighbour               144 values, bitwise
    ok   face centroid x              144 values, bitwise
    ok   face centroid y              144 values, bitwise
    ok   face centroid z              144 values, bitwise
    ok   face area vector x           144 values, bitwise
    ok   face area vector y           144 values, bitwise
    ok   face area vector z           144 values, bitwise
    ok   face area magnitude          144 values, bitwise
    ok   cell-face offsets            65 values, bitwise
    ok   cell-face ids                256 values, bitwise
    ok   boundary face ids            32 values, bitwise
    ok   boundary patches             4 patches, names and slices
    ok   re-upload reuses buffers     0 reallocations

=== Cartesian 2D 40x40: 1600 cells, 3280 faces, 2D ===
    resident 344.4 kB, allocations for this upload: 16
    ok   cell volumes                 1600 values, bitwise
    ok   cell centroid x              1600 values, bitwise
    ok   cell centroid y              1600 values, bitwise
    ok   cell centroid z              1600 values, bitwise
    ok   face owner                   3280 values, bitwise
    ok   face neighbour               3280 values, bitwise
    ok   face centroid x              3280 values, bitwise
    ok   face centroid y              3280 values, bitwise
    ok   face centroid z              3280 values, bitwise
    ok   face area vector x           3280 values, bitwise
    ok   face area vector y           3280 values, bitwise
    ok   face area vector z           3280 values, bitwise
    ok   face area magnitude          3280 values, bitwise
    ok   cell-face offsets            1601 values, bitwise
    ok   cell-face ids                6400 values, bitwise
    ok   boundary face ids            160 values, bitwise
    ok   boundary patches             4 patches, names and slices
    ok   re-upload reuses buffers     0 reallocations

=== Cartesian 2D non-square 32x8: 256 cells, 552 faces, 2D ===
    resident 57.4 kB, allocations for this upload: 16
    ok   cell volumes                 256 values, bitwise
    ok   cell centroid x              256 values, bitwise
    ok   cell centroid y              256 values, bitwise
    ok   cell centroid z              256 values, bitwise
    ok   face owner                   552 values, bitwise
    ok   face neighbour               552 values, bitwise
    ok   face centroid x              552 values, bitwise
    ok   face centroid y              552 values, bitwise
    ok   face centroid z              552 values, bitwise
    ok   face area vector x           552 values, bitwise
    ok   face area vector y           552 values, bitwise
    ok   face area vector z           552 values, bitwise
    ok   face area magnitude          552 values, bitwise
    ok   cell-face offsets            257 values, bitwise
    ok   cell-face ids                1024 values, bitwise
    ok   boundary face ids            80 values, bitwise
    ok   boundary patches             4 patches, names and slices
    ok   re-upload reuses buffers     0 reallocations

=== Cartesian 3D 6x6x6: 216 cells, 756 faces, 3D ===
    resident 73.4 kB, allocations for this upload: 16
    ok   cell volumes                 216 values, bitwise
    ok   cell centroid x              216 values, bitwise
    ok   cell centroid y              216 values, bitwise
    ok   cell centroid z              216 values, bitwise
    ok   face owner                   756 values, bitwise
    ok   face neighbour               756 values, bitwise
    ok   face centroid x              756 values, bitwise
    ok   face centroid y              756 values, bitwise
    ok   face centroid z              756 values, bitwise
    ok   face area vector x           756 values, bitwise
    ok   face area vector y           756 values, bitwise
    ok   face area vector z           756 values, bitwise
    ok   face area magnitude          756 values, bitwise
    ok   cell-face offsets            217 values, bitwise
    ok   cell-face ids                1296 values, bitwise
    ok   boundary face ids            216 values, bitwise
    ok   boundary patches             6 patches, names and slices
    ok   re-upload reuses buffers     0 reallocations

=== Cartesian 3D 12x8x4: 384 cells, 1328 faces, 3D ===
    resident 129.1 kB, allocations for this upload: 16
    ok   cell volumes                 384 values, bitwise
    ok   cell centroid x              384 values, bitwise
    ok   cell centroid y              384 values, bitwise
    ok   cell centroid z              384 values, bitwise
    ok   face owner                   1328 values, bitwise
    ok   face neighbour               1328 values, bitwise
    ok   face centroid x              1328 values, bitwise
    ok   face centroid y              1328 values, bitwise
    ok   face centroid z              1328 values, bitwise
    ok   face area vector x           1328 values, bitwise
    ok   face area vector y           1328 values, bitwise
    ok   face area vector z           1328 values, bitwise
    ok   face area magnitude          1328 values, bitwise
    ok   cell-face offsets            385 values, bitwise
    ok   cell-face ids                2304 values, bitwise
    ok   boundary face ids            352 values, bitwise
    ok   boundary patches             6 patches, names and slices
    ok   re-upload reuses buffers     0 reallocations

=== probe non-vacuity ===
    FAIL injected one-ulp difference  first difference at index 2
    ok   comparison detects a one-ulp difference

checks: 96   failures: 0
DEVICE MESH: PASS
