=== GPU-DISC-001I: CUDA pressure-correction assembly vs CPU (bitwise) ===
CPU reference: pressure_velocity::assemblePressureCorrection (assembly only)

       [cartesian2d 8/all-Neumann pin=yes fixedValueFaces=0 axisAligned=144 general=0 resident=54936 B]
  PASS L5 cartesian2d 8  all-Neumann    ref=0     opposite[e=0] sign[e=0] ambiguous=0 faces[axisaligned=112 wellposed=0 parallel=0 fallback=0]
  PASS L5 cartesian2d 8  all-Neumann    ref=32    opposite[e=0] sign[e=0] ambiguous=0 faces[axisaligned=112 wellposed=0 parallel=0 fallback=0]
  PASS L5 cartesian2d 8  all-Neumann    ref=63    opposite[e=0] sign[e=0] ambiguous=0 faces[axisaligned=112 wellposed=0 parallel=0 fallback=0]
  PASS L6 cartesian2d 8  all-Neumann    threshold sweep 25 decades differing=0 decomposingFaces=0 faces[wellposed=0 fallback=0]  (guard unreachable: every internal face is axis-aligned)
       [cartesian2d 8/one-FixedValue pin=no fixedValueFaces=8 axisAligned=144 general=0 resident=54936 B]
  PASS L5 cartesian2d 8  one-FixedValue ref=0     opposite[e=0] sign[e=0] ambiguous=0 faces[axisaligned=112 wellposed=0 parallel=0 fallback=0]
  PASS L5 cartesian2d 8  one-FixedValue ref=32    opposite[e=0] sign[e=0] ambiguous=0 faces[axisaligned=112 wellposed=0 parallel=0 fallback=0]
  PASS L5 cartesian2d 8  one-FixedValue ref=63    opposite[e=0] sign[e=0] ambiguous=0 faces[axisaligned=112 wellposed=0 parallel=0 fallback=0]
  PASS L6 cartesian2d 8  one-FixedValue threshold sweep 25 decades differing=0 decomposingFaces=0 faces[wellposed=0 fallback=0]  (guard unreachable: every internal face is axis-aligned)
       [cartesian2d 8/mixed pin=no fixedValueFaces=16 axisAligned=144 general=0 resident=54936 B]
  PASS L5 cartesian2d 8  mixed          ref=0     opposite[e=0] sign[e=0] ambiguous=0 faces[axisaligned=112 wellposed=0 parallel=0 fallback=0]
  PASS L5 cartesian2d 8  mixed          ref=32    opposite[e=0] sign[e=0] ambiguous=0 faces[axisaligned=112 wellposed=0 parallel=0 fallback=0]
  PASS L5 cartesian2d 8  mixed          ref=63    opposite[e=0] sign[e=0] ambiguous=0 faces[axisaligned=112 wellposed=0 parallel=0 fallback=0]
  PASS L6 cartesian2d 8  mixed          threshold sweep 25 decades differing=0 decomposingFaces=0 faces[wellposed=0 fallback=0]  (guard unreachable: every internal face is axis-aligned)
  PASS L2 cartesian2d 8  scheme=0 a=0.7   chain A[d=0] rhs[d=0] maxAbs=0          scale=1.78
  PASS L2 cartesian2d 8  scheme=3 a=0.7   chain A[d=0] rhs[d=0] maxAbs=0          scale=1.78
       [cartesian2d 16/all-Neumann pin=yes fixedValueFaces=0 axisAligned=544 general=0 resident=205080 B]
  PASS L5 cartesian2d 16 all-Neumann    ref=0     opposite[e=0] sign[e=0] ambiguous=0 faces[axisaligned=480 wellposed=0 parallel=0 fallback=0]
  PASS L5 cartesian2d 16 all-Neumann    ref=128   opposite[e=0] sign[e=0] ambiguous=0 faces[axisaligned=480 wellposed=0 parallel=0 fallback=0]
  PASS L5 cartesian2d 16 all-Neumann    ref=255   opposite[e=0] sign[e=0] ambiguous=0 faces[axisaligned=480 wellposed=0 parallel=0 fallback=0]
  PASS L6 cartesian2d 16 all-Neumann    threshold sweep 25 decades differing=0 decomposingFaces=0 faces[wellposed=0 fallback=0]  (guard unreachable: every internal face is axis-aligned)
       [cartesian2d 16/one-FixedValue pin=no fixedValueFaces=16 axisAligned=544 general=0 resident=205080 B]
  PASS L5 cartesian2d 16 one-FixedValue ref=0     opposite[e=0] sign[e=0] ambiguous=0 faces[axisaligned=480 wellposed=0 parallel=0 fallback=0]
  PASS L5 cartesian2d 16 one-FixedValue ref=128   opposite[e=0] sign[e=0] ambiguous=0 faces[axisaligned=480 wellposed=0 parallel=0 fallback=0]
  PASS L5 cartesian2d 16 one-FixedValue ref=255   opposite[e=0] sign[e=0] ambiguous=0 faces[axisaligned=480 wellposed=0 parallel=0 fallback=0]
  PASS L6 cartesian2d 16 one-FixedValue threshold sweep 25 decades differing=0 decomposingFaces=0 faces[wellposed=0 fallback=0]  (guard unreachable: every internal face is axis-aligned)
       [cartesian2d 16/mixed pin=no fixedValueFaces=32 axisAligned=544 general=0 resident=205080 B]
  PASS L5 cartesian2d 16 mixed          ref=0     opposite[e=0] sign[e=0] ambiguous=0 faces[axisaligned=480 wellposed=0 parallel=0 fallback=0]
  PASS L5 cartesian2d 16 mixed          ref=128   opposite[e=0] sign[e=0] ambiguous=0 faces[axisaligned=480 wellposed=0 parallel=0 fallback=0]
  PASS L5 cartesian2d 16 mixed          ref=255   opposite[e=0] sign[e=0] ambiguous=0 faces[axisaligned=480 wellposed=0 parallel=0 fallback=0]
  PASS L6 cartesian2d 16 mixed          threshold sweep 25 decades differing=0 decomposingFaces=0 faces[wellposed=0 fallback=0]  (guard unreachable: every internal face is axis-aligned)
  PASS L2 cartesian2d 16 scheme=0 a=0.7   chain A[d=0] rhs[d=0] maxAbs=0          scale=0.807
  PASS L2 cartesian2d 16 scheme=3 a=0.7   chain A[d=0] rhs[d=0] maxAbs=0          scale=0.807
       [graded2d 10/all-Neumann pin=yes fixedValueFaces=0 axisAligned=220 general=0 resident=83544 B]
  PASS L5 graded2d 10    all-Neumann    ref=0     opposite[e=0] sign[e=0] ambiguous=0 faces[axisaligned=180 wellposed=0 parallel=0 fallback=0]
  PASS L5 graded2d 10    all-Neumann    ref=50    opposite[e=0] sign[e=0] ambiguous=0 faces[axisaligned=180 wellposed=0 parallel=0 fallback=0]
  PASS L5 graded2d 10    all-Neumann    ref=99    opposite[e=0] sign[e=0] ambiguous=0 faces[axisaligned=180 wellposed=0 parallel=0 fallback=0]
  PASS L6 graded2d 10    all-Neumann    threshold sweep 25 decades differing=0 decomposingFaces=0 faces[wellposed=0 fallback=0]  (guard unreachable: every internal face is axis-aligned)
       [graded2d 10/one-FixedValue pin=no fixedValueFaces=10 axisAligned=220 general=0 resident=83544 B]
  PASS L5 graded2d 10    one-FixedValue ref=0     opposite[e=0] sign[e=0] ambiguous=0 faces[axisaligned=180 wellposed=0 parallel=0 fallback=0]
  PASS L5 graded2d 10    one-FixedValue ref=50    opposite[e=0] sign[e=0] ambiguous=0 faces[axisaligned=180 wellposed=0 parallel=0 fallback=0]
  PASS L5 graded2d 10    one-FixedValue ref=99    opposite[e=0] sign[e=0] ambiguous=0 faces[axisaligned=180 wellposed=0 parallel=0 fallback=0]
  PASS L6 graded2d 10    one-FixedValue threshold sweep 25 decades differing=0 decomposingFaces=0 faces[wellposed=0 fallback=0]  (guard unreachable: every internal face is axis-aligned)
       [graded2d 10/mixed pin=no fixedValueFaces=20 axisAligned=220 general=0 resident=83544 B]
  PASS L5 graded2d 10    mixed          ref=0     opposite[e=0] sign[e=0] ambiguous=0 faces[axisaligned=180 wellposed=0 parallel=0 fallback=0]
  PASS L5 graded2d 10    mixed          ref=50    opposite[e=0] sign[e=0] ambiguous=0 faces[axisaligned=180 wellposed=0 parallel=0 fallback=0]
  PASS L5 graded2d 10    mixed          ref=99    opposite[e=0] sign[e=0] ambiguous=0 faces[axisaligned=180 wellposed=0 parallel=0 fallback=0]
  PASS L6 graded2d 10    mixed          threshold sweep 25 decades differing=0 decomposingFaces=0 faces[wellposed=0 fallback=0]  (guard unreachable: every internal face is axis-aligned)
  PASS L2 graded2d 10    scheme=0 a=0.7   chain A[d=0] rhs[d=0] maxAbs=0          scale=1.91
  PASS L2 graded2d 10    scheme=3 a=0.7   chain A[d=0] rhs[d=0] maxAbs=0          scale=1.91
       [distorted q16/all-Neumann pin=yes fixedValueFaces=0 axisAligned=0 general=544 resident=227864 B]
  PASS L5 distorted q16  all-Neumann    ref=0     opposite[e=0] sign[e=0] ambiguous=0 faces[axisaligned=0 wellposed=480 parallel=0 fallback=0]
  PASS L5 distorted q16  all-Neumann    ref=128   opposite[e=0] sign[e=0] ambiguous=0 faces[axisaligned=0 wellposed=480 parallel=0 fallback=0]
  PASS L5 distorted q16  all-Neumann    ref=255   opposite[e=0] sign[e=0] ambiguous=0 faces[axisaligned=0 wellposed=480 parallel=0 fallback=0]
  PASS L6 distorted q16  all-Neumann    threshold sweep 25 decades differing=0 decomposingFaces=480 faces[wellposed=9888 fallback=2112]
  PASS L7 distorted q16  all-Neumann    band sweep root=1788.28 differing=0 facesInBand=15/8160
       [distorted q16/one-FixedValue pin=no fixedValueFaces=16 axisAligned=0 general=544 resident=226968 B]
  PASS L5 distorted q16  one-FixedValue ref=0     opposite[e=0] sign[e=0] ambiguous=0 faces[axisaligned=0 wellposed=480 parallel=0 fallback=0]
  PASS L5 distorted q16  one-FixedValue ref=128   opposite[e=0] sign[e=0] ambiguous=0 faces[axisaligned=0 wellposed=480 parallel=0 fallback=0]
  PASS L5 distorted q16  one-FixedValue ref=255   opposite[e=0] sign[e=0] ambiguous=0 faces[axisaligned=0 wellposed=480 parallel=0 fallback=0]
  PASS L6 distorted q16  one-FixedValue threshold sweep 25 decades differing=0 decomposingFaces=480 faces[wellposed=9888 fallback=2112]
  PASS L7 distorted q16  one-FixedValue band sweep root=1788.28 differing=0 facesInBand=15/8160
       [distorted q16/mixed pin=no fixedValueFaces=32 axisAligned=0 general=544 resident=226072 B]
  PASS L5 distorted q16  mixed          ref=0     opposite[e=0] sign[e=0] ambiguous=0 faces[axisaligned=0 wellposed=480 parallel=0 fallback=0]
  PASS L5 distorted q16  mixed          ref=128   opposite[e=0] sign[e=0] ambiguous=0 faces[axisaligned=0 wellposed=480 parallel=0 fallback=0]
  PASS L5 distorted q16  mixed          ref=255   opposite[e=0] sign[e=0] ambiguous=0 faces[axisaligned=0 wellposed=480 parallel=0 fallback=0]
  PASS L6 distorted q16  mixed          threshold sweep 25 decades differing=0 decomposingFaces=480 faces[wellposed=9888 fallback=2112]
  PASS L7 distorted q16  mixed          band sweep root=1788.28 differing=0 facesInBand=15/8160
  PASS L2 distorted q16  scheme=0 a=0.7   chain A[d=0] rhs[d=0] maxAbs=0          scale=0.8176
  PASS L2 distorted q16  scheme=3 a=0.7   chain A[d=0] rhs[d=0] maxAbs=0          scale=0.8176
       [cartesian3d 4/all-Neumann pin=yes fixedValueFaces=0 axisAligned=240 general=0 resident=90520 B]
  PASS L5 cartesian3d 4  all-Neumann    ref=0     opposite[e=0] sign[e=0] ambiguous=0 faces[axisaligned=144 wellposed=0 parallel=0 fallback=0]
  PASS L5 cartesian3d 4  all-Neumann    ref=32    opposite[e=0] sign[e=0] ambiguous=0 faces[axisaligned=144 wellposed=0 parallel=0 fallback=0]
  PASS L5 cartesian3d 4  all-Neumann    ref=63    opposite[e=0] sign[e=0] ambiguous=0 faces[axisaligned=144 wellposed=0 parallel=0 fallback=0]
  PASS L6 cartesian3d 4  all-Neumann    threshold sweep 25 decades differing=0 decomposingFaces=0 faces[wellposed=0 fallback=0]  (guard unreachable: every internal face is axis-aligned)
       [cartesian3d 4/one-FixedValue pin=no fixedValueFaces=16 axisAligned=240 general=0 resident=90520 B]
  PASS L5 cartesian3d 4  one-FixedValue ref=0     opposite[e=0] sign[e=0] ambiguous=0 faces[axisaligned=144 wellposed=0 parallel=0 fallback=0]
  PASS L5 cartesian3d 4  one-FixedValue ref=32    opposite[e=0] sign[e=0] ambiguous=0 faces[axisaligned=144 wellposed=0 parallel=0 fallback=0]
  PASS L5 cartesian3d 4  one-FixedValue ref=63    opposite[e=0] sign[e=0] ambiguous=0 faces[axisaligned=144 wellposed=0 parallel=0 fallback=0]
  PASS L6 cartesian3d 4  one-FixedValue threshold sweep 25 decades differing=0 decomposingFaces=0 faces[wellposed=0 fallback=0]  (guard unreachable: every internal face is axis-aligned)
       [cartesian3d 4/mixed pin=no fixedValueFaces=48 axisAligned=240 general=0 resident=90520 B]
  PASS L5 cartesian3d 4  mixed          ref=0     opposite[e=0] sign[e=0] ambiguous=0 faces[axisaligned=144 wellposed=0 parallel=0 fallback=0]
  PASS L5 cartesian3d 4  mixed          ref=32    opposite[e=0] sign[e=0] ambiguous=0 faces[axisaligned=144 wellposed=0 parallel=0 fallback=0]
  PASS L5 cartesian3d 4  mixed          ref=63    opposite[e=0] sign[e=0] ambiguous=0 faces[axisaligned=144 wellposed=0 parallel=0 fallback=0]
  PASS L6 cartesian3d 4  mixed          threshold sweep 25 decades differing=0 decomposingFaces=0 faces[wellposed=0 fallback=0]  (guard unreachable: every internal face is axis-aligned)
  PASS L2 cartesian3d 4  scheme=0 a=0.7   chain A[d=0] rhs[d=0] maxAbs=0          scale=0.9927
  PASS L2 cartesian3d 4  scheme=3 a=0.7   chain A[d=0] rhs[d=0] maxAbs=0          scale=0.9927
       [warped 3d 3/all-Neumann pin=yes fixedValueFaces=0 axisAligned=0 general=108 resident=46464 B]
  PASS L5 warped 3d 3    all-Neumann    ref=0     opposite[e=0] sign[e=0] ambiguous=0 faces[axisaligned=0 wellposed=54 parallel=0 fallback=0]
  PASS L5 warped 3d 3    all-Neumann    ref=13    opposite[e=0] sign[e=0] ambiguous=0 faces[axisaligned=0 wellposed=54 parallel=0 fallback=0]
  PASS L5 warped 3d 3    all-Neumann    ref=26    opposite[e=0] sign[e=0] ambiguous=0 faces[axisaligned=0 wellposed=54 parallel=0 fallback=0]
  PASS L6 warped 3d 3    all-Neumann    threshold sweep 25 decades differing=0 decomposingFaces=54 faces[wellposed=1207 fallback=143]
  PASS L7 warped 3d 3    all-Neumann    band sweep root=3775.99 differing=0 facesInBand=8/918
       [warped 3d 3/one-FixedValue pin=no fixedValueFaces=9 axisAligned=0 general=108 resident=45960 B]
  PASS L5 warped 3d 3    one-FixedValue ref=0     opposite[e=0] sign[e=0] ambiguous=0 faces[axisaligned=0 wellposed=54 parallel=0 fallback=0]
  PASS L5 warped 3d 3    one-FixedValue ref=13    opposite[e=0] sign[e=0] ambiguous=0 faces[axisaligned=0 wellposed=54 parallel=0 fallback=0]
  PASS L5 warped 3d 3    one-FixedValue ref=26    opposite[e=0] sign[e=0] ambiguous=0 faces[axisaligned=0 wellposed=54 parallel=0 fallback=0]
  PASS L6 warped 3d 3    one-FixedValue threshold sweep 25 decades differing=0 decomposingFaces=54 faces[wellposed=1207 fallback=143]
  PASS L7 warped 3d 3    one-FixedValue band sweep root=3775.99 differing=0 facesInBand=8/918
       [warped 3d 3/mixed pin=no fixedValueFaces=27 axisAligned=0 general=108 resident=44952 B]
  PASS L5 warped 3d 3    mixed          ref=0     opposite[e=0] sign[e=0] ambiguous=0 faces[axisaligned=0 wellposed=54 parallel=0 fallback=0]
  PASS L5 warped 3d 3    mixed          ref=13    opposite[e=0] sign[e=0] ambiguous=0 faces[axisaligned=0 wellposed=54 parallel=0 fallback=0]
  PASS L5 warped 3d 3    mixed          ref=26    opposite[e=0] sign[e=0] ambiguous=0 faces[axisaligned=0 wellposed=54 parallel=0 fallback=0]
  PASS L6 warped 3d 3    mixed          threshold sweep 25 decades differing=0 decomposingFaces=54 faces[wellposed=1207 fallback=143]
  PASS L7 warped 3d 3    mixed          band sweep root=3775.99 differing=0 facesInBand=8/918
  PASS L2 warped 3d 3    scheme=0 a=0.7   chain A[d=0] rhs[d=0] maxAbs=0          scale=3.992
  PASS L2 warped 3d 3    scheme=3 a=0.7   chain A[d=0] rhs[d=0] maxAbs=0          scale=3.992

=== coverage ===
  2D / 3D cases                     3240 / 1620
  pinned / unpinned cases           1620 / 3240
  faces with owner==ref / neighbour==ref / neither  28 / 22 / 13000
  decomposition fallbacks observed  6765
  faces inside the 1e-6 guard band  69
  coupled (FixedValue) boundary faces 67500
  faces carrying an explicit term   141660
  nonOrthogonal off / on            1620 / 3240
  meshes with axis-aligned coupling 12
  meshes with general coupling      6
  continuity/RHS convention checks  4860
  integrated chain cases            12
  sparsity pattern mismatches       0
  coefficients compared             6945908
  bitwise-identical                 6945908
  max absolute discrepancy          0
  max relative discrepancy          0

cases=4950 failures=0
PRESSURE CORRECTION EQUIVALENCE: PASS (bitwise)
