# P12-GRAD-001 measure_misalignment (new library, sha256 11d1c9c8f518b90e); 2026-09-16T02:47:12Z
# P12-GRAD-001 Part A: round-off misalignment of boundary faces (pre-fix)
## 2D: the same Cartesian geometry, built by the axis formulas and by the shoelace builder
createCartesian2D 8x8                    faces   32 exact-par   32 max sin 0.000e+00 sin/(eps(X/h)^3) 0.000e+00 | max area mismatch 0.000e+00 over-1e-12    0 ratio/(eps(X/h)^2) 0.000e+00
structuredQuad2D 8x8, offset 0           faces   32 exact-par   32 max sin 0.000e+00 sin/(eps(X/h)^3) 0.000e+00 | max area mismatch 0.000e+00 over-1e-12    0 ratio/(eps(X/h)^2) 0.000e+00
structuredQuad2D 8x8, offset 0.005       faces   32 exact-par    7 max sin 6.217e-14 sin/(eps(X/h)^3) 6.532e-01 | max area mismatch 0.000e+00 over-1e-12    0 ratio/(eps(X/h)^2) 0.000e+00
structuredQuad2D 8x8, offset 1           faces   32 exact-par   32 max sin 0.000e+00 sin/(eps(X/h)^3) 0.000e+00 | max area mismatch 0.000e+00 over-1e-12    0 ratio/(eps(X/h)^2) 0.000e+00
structuredQuad2D 8x8, offset 100         faces   32 exact-par   32 max sin 0.000e+00 sin/(eps(X/h)^3) 0.000e+00 | max area mismatch 0.000e+00 over-1e-12    0 ratio/(eps(X/h)^2) 0.000e+00
createCartesian2D 16x16                  faces   64 exact-par   64 max sin 0.000e+00 sin/(eps(X/h)^3) 0.000e+00 | max area mismatch 0.000e+00 over-1e-12    0 ratio/(eps(X/h)^2) 0.000e+00
structuredQuad2D 16x16, offset 0         faces   64 exact-par   64 max sin 0.000e+00 sin/(eps(X/h)^3) 0.000e+00 | max area mismatch 0.000e+00 over-1e-12    0 ratio/(eps(X/h)^2) 0.000e+00
structuredQuad2D 16x16, offset 0.005     faces   64 exact-par    8 max sin 2.700e-13 sin/(eps(X/h)^3) 3.215e-01 | max area mismatch 0.000e+00 over-1e-12    0 ratio/(eps(X/h)^2) 0.000e+00
structuredQuad2D 16x16, offset 1         faces   64 exact-par   64 max sin 0.000e+00 sin/(eps(X/h)^3) 0.000e+00 | max area mismatch 0.000e+00 over-1e-12    0 ratio/(eps(X/h)^2) 0.000e+00
structuredQuad2D 16x16, offset 100       faces   64 exact-par   64 max sin 0.000e+00 sin/(eps(X/h)^3) 0.000e+00 | max area mismatch 0.000e+00 over-1e-12    0 ratio/(eps(X/h)^2) 0.000e+00
createCartesian2D 64x64                  faces  256 exact-par  256 max sin 0.000e+00 sin/(eps(X/h)^3) 0.000e+00 | max area mismatch 0.000e+00 over-1e-12    0 ratio/(eps(X/h)^2) 0.000e+00
structuredQuad2D 64x64, offset 0         faces  256 exact-par  256 max sin 0.000e+00 sin/(eps(X/h)^3) 0.000e+00 | max area mismatch 0.000e+00 over-1e-12    0 ratio/(eps(X/h)^2) 0.000e+00
structuredQuad2D 64x64, offset 0.005     faces  256 exact-par    4 max sin 1.951e-11 sin/(eps(X/h)^3) 3.380e-01 | max area mismatch 0.000e+00 over-1e-12    0 ratio/(eps(X/h)^2) 0.000e+00
structuredQuad2D 64x64, offset 1         faces  256 exact-par  256 max sin 0.000e+00 sin/(eps(X/h)^3) 0.000e+00 | max area mismatch 0.000e+00 over-1e-12    0 ratio/(eps(X/h)^2) 0.000e+00
structuredQuad2D 64x64, offset 100       faces  256 exact-par  256 max sin 0.000e+00 sin/(eps(X/h)^3) 0.000e+00 | max area mismatch 0.000e+00 over-1e-12    0 ratio/(eps(X/h)^2) 0.000e+00
createCartesian2D 256x256                faces 1024 exact-par 1024 max sin 0.000e+00 sin/(eps(X/h)^3) 0.000e+00 | max area mismatch 0.000e+00 over-1e-12    0 ratio/(eps(X/h)^2) 0.000e+00
structuredQuad2D 256x256, offset 0       faces 1024 exact-par 1024 max sin 0.000e+00 sin/(eps(X/h)^3) 0.000e+00 | max area mismatch 0.000e+00 over-1e-12    0 ratio/(eps(X/h)^2) 0.000e+00
structuredQuad2D 256x256, offset 0.005   faces 1024 exact-par    6 max sin 1.241e-09 sin/(eps(X/h)^3) 3.301e-01 | max area mismatch 0.000e+00 over-1e-12    0 ratio/(eps(X/h)^2) 0.000e+00
structuredQuad2D 256x256, offset 1       faces 1024 exact-par 1024 max sin 0.000e+00 sin/(eps(X/h)^3) 0.000e+00 | max area mismatch 0.000e+00 over-1e-12    0 ratio/(eps(X/h)^2) 0.000e+00
structuredQuad2D 256x256, offset 100     faces 1024 exact-par 1024 max sin 0.000e+00 sin/(eps(X/h)^3) 0.000e+00 | max area mismatch 0.000e+00 over-1e-12    0 ratio/(eps(X/h)^2) 0.000e+00
## 2D scaling: 16x16, domain length L, offset 0.005 L (scale invariance)
structuredQuad2D 16x16, L = 0.001        faces   64 exact-par   10 max sin 2.880e-13 sin/(eps(X/h)^3) 3.429e-01 | max area mismatch 0.000e+00 over-1e-12    0 ratio/(eps(X/h)^2) 0.000e+00
structuredQuad2D 16x16, L = 1            faces   64 exact-par    8 max sin 2.700e-13 sin/(eps(X/h)^3) 3.215e-01 | max area mismatch 0.000e+00 over-1e-12    0 ratio/(eps(X/h)^2) 0.000e+00
structuredQuad2D 16x16, L = 1000         faces   64 exact-par   64 max sin 0.000e+00 sin/(eps(X/h)^3) 0.000e+00 | max area mismatch 0.000e+00 over-1e-12    0 ratio/(eps(X/h)^2) 0.000e+00
## 3D: Cartesian mesh moved by the MESH-007 kernel (rigid translation)
createCartesian3D 8^3                    faces  384 exact-par  384 max sin 0.000e+00 sin/(eps(X/h)^3) 0.000e+00 | max area mismatch 0.000e+00 over-1e-12    0 ratio/(eps(X/h)^2) 0.000e+00
cartesian3D 8^3 moved by 0.005           faces  384 exact-par   55 max sin 4.441e-15 sin/(eps(X/h)^3) 4.666e-02 | max area mismatch 0.000e+00 over-1e-12    0 ratio/(eps(X/h)^2) 0.000e+00
cartesian3D 8^3 moved by 1               faces  384 exact-par   50 max sin 7.944e-15 sin/(eps(X/h)^3) 9.607e-03 | max area mismatch 0.000e+00 over-1e-12    0 ratio/(eps(X/h)^2) 0.000e+00
createCartesian3D 16^3                   faces 1536 exact-par 1536 max sin 0.000e+00 sin/(eps(X/h)^3) 0.000e+00 | max area mismatch 0.000e+00 over-1e-12    0 ratio/(eps(X/h)^2) 0.000e+00
cartesian3D 16^3 moved by 0.005          faces 1536 exact-par  156 max sin 1.281e-14 sin/(eps(X/h)^3) 1.525e-02 | max area mismatch 0.000e+00 over-1e-12    0 ratio/(eps(X/h)^2) 0.000e+00
cartesian3D 16^3 moved by 1              faces 1536 exact-par  148 max sin 2.010e-14 sin/(eps(X/h)^3) 2.896e-03 | max area mismatch 0.000e+00 over-1e-12    0 ratio/(eps(X/h)^2) 0.000e+00
createCartesian3D 32^3                   faces 6144 exact-par 6144 max sin 0.000e+00 sin/(eps(X/h)^3) 0.000e+00 | max area mismatch 0.000e+00 over-1e-12    0 ratio/(eps(X/h)^2) 0.000e+00
cartesian3D 32^3 moved by 0.005          faces 6144 exact-par  702 max sin 3.178e-14 sin/(eps(X/h)^3) 4.510e-03 | max area mismatch 0.000e+00 over-1e-12    0 ratio/(eps(X/h)^2) 0.000e+00
cartesian3D 32^3 moved by 1              faces 6144 exact-par  561 max sin 5.124e-14 sin/(eps(X/h)^3) 9.012e-04 | max area mismatch 0.000e+00 over-1e-12    0 ratio/(eps(X/h)^2) 0.000e+00
## genuinely non-orthogonal reference (Q16 of the MESH-007 gate)
Q16 distorted (genuine non-orthogonality) faces   64 exact-par    0 max sin 1.763e-01 sin/(eps(X/h)^3) 2.329e+11 | max area mismatch 3.646e-02 over-1e-12   64 ratio/(eps(X/h)^2) 7.285e+11
## controlled small non-orthogonality: boundary cells sheared by angle theta
16x16 sheared by theta = 1e-09           faces   64 exact-par    0 max sin 2.000e-09 sin/(eps(X/h)^3) 2.419e+03 | max area mismatch 1.110e-16 over-1e-12    0 ratio/(eps(X/h)^2) 2.081e-03
16x16 sheared by theta = 1e-08           faces   64 exact-par    0 max sin 2.000e-08 sin/(eps(X/h)^3) 2.419e+04 | max area mismatch 8.882e-16 over-1e-12    0 ratio/(eps(X/h)^2) 1.665e-02
16x16 sheared by theta = 1e-07           faces   64 exact-par    0 max sin 2.000e-07 sin/(eps(X/h)^3) 2.419e+05 | max area mismatch 8.882e-16 over-1e-12    0 ratio/(eps(X/h)^2) 1.665e-02
16x16 sheared by theta = 1e-06           faces   64 exact-par    0 max sin 2.000e-06 sin/(eps(X/h)^3) 2.419e+06 | max area mismatch 8.882e-16 over-1e-12    0 ratio/(eps(X/h)^2) 1.665e-02
16x16 sheared by theta = 1e-05           faces   64 exact-par    0 max sin 2.000e-05 sin/(eps(X/h)^3) 2.419e+07 | max area mismatch 4.441e-16 over-1e-12    0 ratio/(eps(X/h)^2) 8.325e-03
16x16 sheared by theta = 0.001           faces   64 exact-par    0 max sin 2.000e-03 sin/(eps(X/h)^3) 2.419e+09 | max area mismatch 8.882e-16 over-1e-12    0 ratio/(eps(X/h)^2) 1.665e-02
exit 0
