# P12-GRAD-001 gradient_probe (new library, sha256 4fa871b8175b5648); 2026-09-16T02:49:52Z
# P12-GRAD-001 gradient probe
A 2D 16x16 translated                        constant   interior 1.421e-14 boundary 1.421e-14
A 2D 16x16 translated                        linear     interior 3.463e-14 boundary 8.788e-14
A 2D 16x16 translated                        quadratic  interior 2.147e-14 boundary 8.625e-12
A 2D 64x64 translated                        constant   interior 2.842e-14 boundary 6.071e-14
A 2D 64x64 translated                        linear     interior 4.746e-13 boundary 5.617e-12
A 2D 64x64 translated                        quadratic  interior 3.533e-13 boundary 2.414e-09
A 2D 16x16 L = 0.001 translated              constant   interior 6.939e-12 boundary 2.001e-11
A 2D 16x16 L = 0.001 translated              linear     interior 3.469e-12 boundary 3.393e-12
A 2D 16x16 L = 0.001 translated              quadratic  interior 3.586e-14 boundary 1.192e-11
A 2D 16x16 L = 1000 translated               constant   interior 0.000e+00 boundary 0.000e+00
A 2D 16x16 L = 1000 translated               linear     interior 0.000e+00 boundary 0.000e+00
A 2D 16x16 L = 1000 translated               quadratic  interior 0.000e+00 boundary 0.000e+00
A 3D 8^3 translated                          constant   interior 5.024e-15 boundary 5.958e-15
A 3D 8^3 translated                          linear     interior 3.203e-15 boundary 6.113e-15
A 3D 8^3 translated                          quadratic  interior 1.105e-15 boundary 4.584e-14
D 2D 16x16 exact Cartesian                   constant   interior Linf 0.000e+00 L2 0.000e+00 | all cells Linf 5.024e-15 (boundary values exact)
D 2D 16x16 exact Cartesian                   linear     interior Linf 2.820e-15 L2 1.472e-15 | all cells Linf 5.155e-15 (boundary values exact)
D 2D 16x16 exact Cartesian                   quadratic  interior Linf 0.000e+00 L2 0.000e+00 | all cells Linf 2.025e+01 (boundary values NOT representable patch-wise)
D 2D 16x16 shoelace Cartesian                constant   interior Linf 0.000e+00 L2 0.000e+00 | all cells Linf 5.024e-15 (boundary values exact)
D 2D 16x16 shoelace Cartesian                linear     interior Linf 2.820e-15 L2 1.472e-15 | all cells Linf 5.155e-15 (boundary values exact)
D 2D 16x16 shoelace Cartesian                quadratic  interior Linf 0.000e+00 L2 0.000e+00 | all cells Linf 2.025e+01 (boundary values NOT representable patch-wise)
D 2D 16x16 translated                        constant   interior Linf 1.421e-14 L2 1.830e-15 | all cells Linf 1.421e-14 (boundary values exact)
D 2D 16x16 translated                        linear     interior Linf 3.132e-14 L2 8.680e-15 | all cells Linf 8.907e-14 (boundary values exact)
D 2D 16x16 translated                        quadratic  interior Linf 1.254e-14 L2 3.017e-15 | all cells Linf 2.033e+01 (boundary values NOT representable patch-wise)
D 2D 64x64 translated                        constant   interior Linf 2.842e-14 L2 1.025e-15 | all cells Linf 5.684e-14 (boundary values exact)
D 2D 64x64 translated                        linear     interior Linf 4.678e-13 L2 1.690e-13 | all cells Linf 5.620e-12 (boundary values exact)
D 2D 64x64 translated                        quadratic  interior Linf 2.110e-13 L2 5.548e-14 | all cells Linf 8.127e+01 (boundary values NOT representable patch-wise)
D 2D 16x16 distorted                         constant   interior Linf 8.834e-15 L2 2.627e-15 | all cells Linf 8.834e-15 (boundary values exact)
D 2D 16x16 distorted                         linear     interior Linf 1.945e-11 L2 6.320e-12 | all cells Linf 1.091e-10 (boundary values exact)
D 2D 16x16 distorted                         quadratic  interior Linf 1.472e-03 L2 3.191e-04 | all cells Linf 1.465e+01 (boundary values NOT representable patch-wise)
D 3D 8^3 exact Cartesian                     constant   interior Linf 0.000e+00 L2 0.000e+00 | all cells Linf 3.077e-15 (boundary values exact)
D 3D 8^3 exact Cartesian                     linear     interior Linf 2.168e-15 L2 1.192e-15 | all cells Linf 3.757e-15 (boundary values exact)
D 3D 8^3 exact Cartesian                     quadratic  interior Linf 3.401e-16 L2 1.351e-16 | all cells Linf 1.356e+01 (boundary values NOT representable patch-wise)
D 3D 8^3 translated                          constant   interior Linf 5.024e-15 L2 1.567e-15 | all cells Linf 6.466e-15 (boundary values exact)
D 3D 8^3 translated                          linear     interior Linf 2.084e-15 L2 9.692e-16 | all cells Linf 3.737e-15 (boundary values exact)
D 3D 8^3 translated                          quadratic  interior Linf 1.148e-15 L2 4.246e-16 | all cells Linf 1.361e+01 (boundary values NOT representable patch-wise)
exit 0
