# P12-GRAD-001 predicate_behaviour (new library, sha256 4fa871b8175b5648); 2026-09-16T02:52:31Z
# P12-GRAD-001 GR6: boundaryFaceAlignment behaviour
2D 16x16 exact Cartesian (axis builder)        aligned    64 /    64  max sine 0.000e+00  tolerance [1.421e-14, 5.821e-11]  expected all aligned OK
2D 16x16 exact Cartesian (shoelace)            aligned    64 /    64  max sine 0.000e+00  tolerance [1.421e-14, 5.821e-11]  expected all aligned OK
2D 16x16 translated (0.005, 0.0025)            aligned    64 /    64  max sine 2.913e-13  tolerance [1.421e-14, 5.909e-11]  expected all aligned OK
2D 16x16 translated (1234.5678, 987.6543)      aligned    54 /    64  max sine 7.860e-04  tolerance [1.000e-06, 1.000e-06]  expected all aligned MISMATCH
2D 64x64 translated (0.005, 0.0025)            aligned   256 /   256  max sine 1.907e-11  tolerance [1.421e-14, 3.781e-09]  expected all aligned OK
2D 256x256 translated (0.005, 0.0025)          aligned  1024 /  1024  max sine 1.212e-09  tolerance [8.015e-14, 2.420e-07]  expected all aligned OK
2D 16x16 scaled L = 1e-3, offset 0.005 L       aligned    64 /    64  max sine 3.365e-13  tolerance [1.421e-14, 5.909e-11]  expected all aligned OK
2D 16x16 scaled L = 1e3, offset 0.005 L        aligned    64 /    64  max sine 0.000e+00  tolerance [1.421e-14, 5.909e-11]  expected all aligned OK
2D 16x16 one interior vertex moved by 1 ulp    aligned    64 /    64  max sine 0.000e+00  tolerance [1.421e-14, 5.821e-11]  expected all aligned OK
2D 16x16 one boundary vertex moved by 1 ulp    aligned    64 /    64  max sine 0.000e+00  tolerance [1.421e-14, 5.821e-11]  expected all aligned OK
2D 16x16 genuinely sheared, m ~ 1e-05          aligned     0 /    64  max sine 1.000e-05  tolerance [1.421e-14, 5.821e-11]  expected none aligned OK
2D 16x16 genuinely sheared, m ~ 1e-04          aligned     0 /    64  max sine 1.000e-04  tolerance [1.421e-14, 5.821e-11]  expected none aligned OK
2D 16x16 genuinely sheared, m ~ 1e-03          aligned     0 /    64  max sine 1.000e-03  tolerance [1.421e-14, 5.821e-11]  expected none aligned OK
2D 16x16 genuinely sheared, m ~ 1e-02          aligned     0 /    64  max sine 1.000e-02  tolerance [1.421e-14, 5.821e-11]  expected none aligned OK
2D 16x16 distorted Q16 (m up to 1.8e-1)        aligned     0 /    64  max sine 1.763e-01  tolerance [1.421e-14, 7.649e-11]  expected none aligned OK
3D 8^3 exact Cartesian                         aligned   384 /   384  max sine 0.000e+00  tolerance [1.421e-14, 7.276e-12]  expected all aligned OK
3D 8^3 moved by (0.005, 0.0025, 0.00125)       aligned   384 /   384  max sine 3.972e-15  tolerance [1.421e-14, 7.386e-12]  expected all aligned OK
3D 8^3 moved by (1234.57, 617.284, 308.642)    aligned   384 /   384  max sine 7.500e-12  tolerance [1.000e-06, 1.000e-06]  expected all aligned OK
3D 8^3 sinusoidally deformed (genuine)         aligned     0 /   384  max sine 1.887e-01  tolerance [1.421e-14, 1.121e-11]  expected none aligned OK
exit 0
