baseline sha256 6820d29089a1c11c1e1eec8a7d185b970474784f438e31f06da79f37dd45b86c
harness         7b7ff5eb63d60d5dac2ef261a60cad1682a22c2f8caec09e03c987f16bc5cf87

=== g1_reversed_rhs_sign (detect) ===
  mutated: exit=1 -> DETECTED
  restored: sha-match=True exit=0
=== g2_skipped_opposite_row (detect) ===
  mutated: exit=1 -> DETECTED
  restored: sha-match=True exit=0
=== g3_additive_pin (detect) ===
  mutated: exit=1 -> DETECTED
  restored: sha-match=True exit=0
=== g4_precomputed_decomposition (detect) ===
  mutated: exit=1 -> DETECTED
  restored: sha-match=True exit=0
=== g5_reversed_off_diagonal (detect) ===
  mutated: exit=1 -> DETECTED
  restored: sha-match=True exit=0
=== g6_neumann_boundary_couples (detect) ===
  mutated: exit=1 -> DETECTED
  restored: sha-match=True exit=0
=== g6n_matrix_side_filter_only (null) ===
  mutated: exit=0 -> UNDETECTED
  restored: sha-match=True exit=0
=== g7_reversed_continuity_order (detect) ===
  mutated: exit=1 -> DETECTED
  restored: sha-match=True exit=0
=== g7n_continuity_face_id_order (null) ===
  mutated: exit=0 -> UNDETECTED
  restored: sha-match=True exit=0
=== g8_wellposedness_guard_removed (detect) ===
  mutated: exit=1 -> DETECTED
  restored: sha-match=True exit=0

=== summary ===
  g1_reversed_rhs_sign               detect  DETECTED    sha=True repass=True  ok
  g2_skipped_opposite_row            detect  DETECTED    sha=True repass=True  ok
  g3_additive_pin                    detect  DETECTED    sha=True repass=True  ok
  g4_precomputed_decomposition       detect  DETECTED    sha=True repass=True  ok
  g5_reversed_off_diagonal           detect  DETECTED    sha=True repass=True  ok
  g6_neumann_boundary_couples        detect  DETECTED    sha=True repass=True  ok
  g6n_matrix_side_filter_only        null    UNDETECTED  sha=True repass=True  ok
  g7_reversed_continuity_order       detect  DETECTED    sha=True repass=True  ok
  g7n_continuity_face_id_order       null    UNDETECTED  sha=True repass=True  ok
  g8_wellposedness_guard_removed     detect  DETECTED    sha=True repass=True  ok

8/8 observable controls detected; 2 provably-null controls confirmed unobservable
