# P12-GRAD-002 GATE FREEZE; 2026-09-16T03:16:32Z
# git HEAD b66310ca871811c4c7671056beec291a451af55c

# frozen documents and tools:
  a46973ed5ba4190a008a1c3f3138f21612a6b1ca0f11ca32deb6d0899602d2eb  acceptance_gate.md
  5ca61d236ff473e866b1c52cd7ee7785ee1c88427ff6af35782176d0d5e266a8  formulation.md
  fd859a4827a74621657d94c8cb8f8b77a9c4812ae4f097397d589b7226eef089  tools/build_and_run.sh
  ceefb8374b8e6f8c45910dbcde8929643fb6020fde142334866cc33a89163247  tools/gate_freeze.sh

# production source at freeze time (pre-GRAD-002 state = the GRAD-001 formulation):
  0a1e13ba4dff1e878c89b6cd96bae84fbbaeac75cda83dd7f870fe1e5b9ea2dc  src/discretization/Gradient.cpp
  01347c56277c8424eff6293630f5001032c15320a49f0b4a867dd2f4dc6f68dc  src/mesh/MeshGeometry.cpp
  cb9ebead9f230dbb4176cf39e61b780016a4465752cd44143184ce4c3a398944  include/cfd/mesh/MeshGeometry.hpp
# pre-GRAD-002 library snapshot for base/grad001 comparison runs:
  4fa871b8175b56481431b071e43a8ddfbd8f5bda310b5abdc34f9831a57dbee0  /root/m7ref/grad001/libcfdcore.a
  eaadaa635e70adb180703875b4d8916fb0baee6277feac08c98c206a85330d6e  /root/m7ref/base/build/src/libcfdcore.a

# GRAD-001 evidence is preserved unchanged (its own frozen gate and failure logs):
  2c45e4381bb18099117ce9a4e69cfcbac4b6b9fbb7f284833a052dfcdbeb9f91  acceptance_gate.md
  01d3f6e706de92b428a08198354390ecb39d8aa7ea678aeb794ba6ad9702a4f7  summary.md
  da624140741083a2bd42595c2ac146f03cdc012ee66a3906229e00fc98d97f84  logs/04_gradient_probe_postfix.log
  931e43f5583e6ded258042f667f629c57785e3361740230ed1f65cfb473412a3  logs/05_roundoff_floor_postfix.log
  8d2d16208f7a615cacc019be272af63c4c1a08af66931989bf3012df1b58f857  logs/06_predicate_behaviour_postfix.log
# MESH-007's frozen gate and its original failed G6.3 evidence are unchanged:
  5b45fed9c473b3b4eca923fa2e4b8ce064022270b67259fb23caf0dbdae5faa8  acceptance_gate.md
  70738570bcf7eff96b8a6f658f47477092e9561657e7bb6ed25fcc5004301085  logs/12_gate_stage3_G1.2_G5_G6_G7_G8.log
  7f4e3c103f8c84852ed83523a51443aff271d51b7fcfaf6b3abb779b20fb4364  logs/15_diag_g63_static_translation_BASE_and_NEW.log
