ninja: no work to do.
=== GPU-PIPE-001 resident pressure solve: transfer guard ===

=== 40x40  cells=1600 ===
  per pressure solve, steady state
    window        H2D    D2H    D2H bytes note
    assemble        0      0            0   budget 0 / 0
    solve           0    784        76672   of which 783 are Krylov reductions
    carry           0      1            4   budget 0 / 1
    non-reduction D2H calls  2   (budget 2)
    allocations              0   (budget 0)
    Krylov iterations 196, converged

=== 160x160  cells=25600 ===
  per pressure solve, steady state
    window        H2D    D2H    D2H bytes note
    assemble        0      0            0   budget 0 / 0
    solve           0   3368      4712808   of which 3367 are Krylov reductions
    carry           0      1            4   budget 0 / 1
    non-reduction D2H calls  2   (budget 2)
    allocations              0   (budget 0)
    Krylov iterations 842, converged

SOLVE TRANSFER GUARD: PASS
