# l9_momentum_uses_updated_pressure
# the momentum assembly is fed a pressure that is not the start-of-iteration one -- a lagging/ordering error in the outer loop
# --- anchor ---
    dPressure.uploadFrom(p.data(), nc);
# --- became ---
    for (Index i = 0; i < nc; ++i) p[i] = p[i] * 1.0000001;
    dPressure.uploadFrom(p.data(), nc);
# verdict: DETECTED (exit 1)
# first divergence: 1 momentum systems
# expected:         1 momentum systems

=== GPU-DISC-001L: one production SIMPLE iteration, CPU vs CUDA ===
CPU reference: SIMPLE::solve outer loop (SIMPLE.cpp:271)

       [cavity 2d 16 cells=256 faces=544 linear pin=yes]
  PASS R  cavity 2d 16           response coefficients component-independent (dU == dV) separated=0
  PASS F  cavity 2d 16           ladder == SIMPLE::solve(maxIterations=1)  fields[d=0] residuals[d=0] iterations=1 status=1
  PASS C  cavity 2d 16           bitwise
       1 momentum systems         n=2944     differing=0        maxAbs=0           maxRel=0           scale=0.01143     
       2 momentum solutions       n=768      differing=0        maxAbs=0           maxRel=0           scale=0.4314      
       3 response coefficients    n=512      differing=0        maxAbs=0           maxRel=0           scale=0.6836      
       4 predicted flux           n=544      differing=0        maxAbs=0           maxRel=0           scale=0.03235     
       5 pressure system          n=1470     differing=0        maxAbs=0           maxRel=0           scale=3.281       
       6 pressure correction p'   n=256      differing=0        maxAbs=0           maxRel=0           scale=0.1063      
       7 updated pressure         n=256      differing=0        maxAbs=0           maxRel=0           scale=0.03188     
       8 corrected U/V/W          n=768      differing=0        maxAbs=0           maxRel=0           scale=0.3771      
       9 corrected face flux      n=544      differing=0        maxAbs=0           maxRel=0           scale=0.02833     
       10 continuity              n=256      differing=0        maxAbs=0           maxRel=0           scale=5.486e-12   
       11 residuals               n=6        differing=0        maxAbs=0           maxRel=0           scale=0.039       
  PASS V  cavity 2d 16           invariants errors=0 pairs=480 untouchedBoundaryFaces=64
  PASS I  cavity 2d 16           tolerance
       1 momentum systems         n=2944     differing=0        maxAbs=0           maxRel=0           scale=0.01143     
       2 momentum solutions       n=768      differing=212      maxAbs=5.55e-17    maxRel=9.66e-16    scale=0.4314      
       3 response coefficients    n=512      differing=0        maxAbs=0           maxRel=0           scale=0.6836      
       4 predicted flux           n=544      differing=191      maxAbs=6.94e-18    maxRel=6.49e-16    scale=0.03235     
       5 pressure system          n=1470     differing=197      maxAbs=6.94e-18    maxRel=5.11e-11    scale=3.281       
       6 pressure correction p'   n=256      differing=255      maxAbs=1.75e-11    maxRel=1.11e-06    scale=0.1063      
       7 updated pressure         n=256      differing=255      maxAbs=5.25e-12    maxRel=1.11e-06    scale=0.03188     
       8 corrected U/V/W          n=768      differing=512      maxAbs=3.32e-11    maxRel=3e-08       scale=0.3771      
       9 corrected face flux      n=544      differing=480      maxAbs=2.97e-12    maxRel=3e-08       scale=0.02833     
       10 continuity              n=256      differing=256      maxAbs=5.94e-12    maxRel=2.49        scale=5.486e-12   
       11 residuals               n=6        differing=1        maxAbs=3.72e-13    maxRel=1.08        scale=0.039       
       pre-solve stages (1,3) bitwise: yes   gpu solves converged: yes pressure restarts: cpu=0 gpu=0
       [channel 2d 16 cells=256 faces=544 linear pin=no]
  PASS R  channel 2d 16          response coefficients component-independent (dU == dV) separated=0
  PASS F  channel 2d 16          ladder == SIMPLE::solve(maxIterations=1)  fields[d=0] residuals[d=0] iterations=1 status=1
  FAIL C  channel 2d 16          bitwise  FIRST DIVERGENCE: 1 momentum systems
       1 momentum systems         n=2944     differing=272      maxAbs=8.07e-08    maxRel=1e-07       scale=0.8076        <-- DIVERGES
       2 momentum solutions       n=768      differing=0        maxAbs=0           maxRel=0           scale=29.51       
       3 response coefficients    n=512      differing=0        maxAbs=0           maxRel=0           scale=0.406       
       4 predicted flux           n=544      differing=0        maxAbs=0           maxRel=0           scale=2.213       
       5 pressure system          n=1472     differing=0        maxAbs=0           maxRel=0           scale=1.54        
       6 pressure correction p'   n=256      differing=0        maxAbs=0           maxRel=0           scale=25.53       
       7 updated pressure         n=256      differing=0        maxAbs=0           maxRel=0           scale=6.787       
       8 corrected U/V/W          n=768      differing=0        maxAbs=0           maxRel=0           scale=19.16       
       9 corrected face flux      n=544      differing=0        maxAbs=0           maxRel=0           scale=0.97        
       10 continuity              n=256      differing=0        maxAbs=0           maxRel=0           scale=1.155e-12   
       11 residuals               n=6        differing=0        maxAbs=0           maxRel=0           scale=5.789       
  PASS V  channel 2d 16          invariants errors=0 pairs=480 untouchedBoundaryFaces=48
  PASS I  channel 2d 16          tolerance
       1 momentum systems         n=2944     differing=272      maxAbs=8.07e-08    maxRel=1e-07       scale=0.8076      
       2 momentum solutions       n=768      differing=510      maxAbs=2.91e-06    maxRel=1e-07       scale=29.51       
       3 response coefficients    n=512      differing=0        maxAbs=0           maxRel=0           scale=0.406       
       4 predicted flux           n=544      differing=488      maxAbs=2.18e-07    maxRel=1e-07       scale=2.213       
       5 pressure system          n=1472     differing=256      maxAbs=6.76e-08    maxRel=6.31e-07    scale=1.54        
       6 pressure correction p'   n=256      differing=256      maxAbs=2.93e-06    maxRel=1.18e-05    scale=25.53       
       7 updated pressure         n=256      differing=256      maxAbs=8.8e-07     maxRel=0.000118    scale=6.787       
       8 corrected U/V/W          n=768      differing=512      maxAbs=1.04e-06    maxRel=7.89e-06    scale=19.16       
       9 corrected face flux      n=544      differing=496      maxAbs=3.1e-08     maxRel=1.44e-05    scale=0.97        
       10 continuity              n=256      differing=256      maxAbs=1.7e-12     maxRel=5.52e+03    scale=1.155e-12   
       11 residuals               n=6        differing=5        maxAbs=3.77e-07    maxRel=0.919       scale=5.789       
       pre-solve stages (1,3) bitwise: NO   gpu solves converged: yes pressure restarts: cpu=0 gpu=0
       [duct 2d 16 cells=256 faces=544 linear pin=no]
  PASS R  duct 2d 16             response coefficients component-independent (dU == dV) separated=0
  PASS F  duct 2d 16             ladder == SIMPLE::solve(maxIterations=1)  fields[d=0] residuals[d=0] iterations=1 status=1
  FAIL C  duct 2d 16             bitwise  FIRST DIVERGENCE: 1 momentum systems
       1 momentum systems         n=2944     differing=272      maxAbs=4.04e-08    maxRel=1.74e-07    scale=0.4273        <-- DIVERGES
       2 momentum solutions       n=768      differing=0        maxAbs=0           maxRel=0           scale=44.05       
       3 response coefficients    n=512      differing=0        maxAbs=0           maxRel=0           scale=0.4557      
       4 predicted flux           n=544      differing=0        maxAbs=0           maxRel=0           scale=1.741       
       5 pressure system          n=1472     differing=0        maxAbs=0           maxRel=0           scale=1.946       
       6 pressure correction p'   n=256      differing=0        maxAbs=0           maxRel=0           scale=20.6        
       7 updated pressure         n=256      differing=0        maxAbs=0           maxRel=0           scale=6.335       
       8 corrected U/V/W          n=768      differing=0        maxAbs=0           maxRel=0           scale=30          
       9 corrected face flux      n=544      differing=0        maxAbs=0           maxRel=0           scale=0.5471      
       10 continuity              n=256      differing=0        maxAbs=0           maxRel=0           scale=2.248e-13   
       11 residuals               n=6        differing=0        maxAbs=0           maxRel=0           scale=3.488       
  PASS V  duct 2d 16             invariants errors=0 pairs=480 untouchedBoundaryFaces=48
  PASS I  duct 2d 16             tolerance
       1 momentum systems         n=2944     differing=272      maxAbs=4.04e-08    maxRel=1.74e-07    scale=0.4273      
       2 momentum solutions       n=768      differing=505      maxAbs=1.65e-06    maxRel=1.11e-06    scale=44.05       
       3 response coefficients    n=512      differing=0        maxAbs=0           maxRel=0           scale=0.4557      
       4 predicted flux           n=544      differing=479      maxAbs=6.51e-08    maxRel=6.65e-07    scale=1.741       
       5 pressure system          n=1472     differing=256      maxAbs=6.5e-08     maxRel=3.24e-06    scale=1.946       
       6 pressure correction p'   n=256      differing=256      maxAbs=1.54e-06    maxRel=1.12e-05    scale=20.6        
       7 updated pressure         n=256      differing=256      maxAbs=4.62e-07    maxRel=1.33e-05    scale=6.335       
       8 corrected U/V/W          n=768      differing=512      maxAbs=1.13e-06    maxRel=5.86e-06    scale=30          
       9 corrected face flux      n=544      differing=496      maxAbs=1.13e-08    maxRel=1.52e-06    scale=0.5471      
       10 continuity              n=256      differing=256      maxAbs=1.97e-13    maxRel=20.8        scale=2.248e-13   
       11 residuals               n=6        differing=5        maxAbs=1.38e-07    maxRel=0.189       scale=3.488       
       pre-solve stages (1,3) bitwise: NO   gpu solves converged: yes pressure restarts: cpu=0 gpu=0
       [cavity 3d 3 cells=27 faces=108 rhie-chow pin=yes]
  PASS R  cavity 3d 3            response coefficients component-independent (dU == dV == dW) separated=0
  PASS F  cavity 3d 3            ladder == SIMPLE::solve(maxIterations=1)  fields[d=0] residuals[d=0] iterations=1 status=1
  PASS C  cavity 3d 3            bitwise
       1 momentum systems         n=486      differing=0        maxAbs=0           maxRel=0           scale=0.005714    
       2 momentum solutions       n=81       differing=0        maxAbs=0           maxRel=0           scale=0.3262      
       3 response coefficients    n=81       differing=0        maxAbs=0           maxRel=0           scale=12.96       
       4 predicted flux           n=108      differing=0        maxAbs=0           maxRel=0           scale=0.03824     
       5 pressure system          n=159      differing=0        maxAbs=0           maxRel=0           scale=27.22       
       6 pressure correction p'   n=27       differing=0        maxAbs=0           maxRel=0           scale=0.008436    
       7 updated pressure         n=27       differing=0        maxAbs=0           maxRel=0           scale=0.002531    
       8 corrected U/V/W          n=81       differing=0        maxAbs=0           maxRel=0           scale=0.1941      
       9 corrected face flux      n=108      differing=0        maxAbs=0           maxRel=0           scale=0.01421     
       10 continuity              n=27       differing=0        maxAbs=0           maxRel=0           scale=1.743e-12   
       11 residuals               n=6        differing=0        maxAbs=0           maxRel=0           scale=0.0808      
  PASS V  cavity 3d 3            invariants errors=0 pairs=54 untouchedBoundaryFaces=54
  PASS I  cavity 3d 3            tolerance
       1 momentum systems         n=486      differing=0        maxAbs=0           maxRel=0           scale=0.005714    
       2 momentum solutions       n=81       differing=21       maxAbs=5.55e-17    maxRel=6.54e-16    scale=0.3262      
       3 response coefficients    n=81       differing=0        maxAbs=0           maxRel=0           scale=12.96       
       4 predicted flux           n=108      differing=12       maxAbs=6.94e-18    maxRel=5.3e-16     scale=0.03824     
       5 pressure system          n=159      differing=17       maxAbs=6.94e-18    maxRel=1           scale=27.22       
       6 pressure correction p'   n=27       differing=26       maxAbs=2.88e-13    maxRel=0.941       scale=0.008436    
       7 updated pressure         n=27       differing=26       maxAbs=8.63e-14    maxRel=0.941       scale=0.002531    
       8 corrected U/V/W          n=81       differing=81       maxAbs=3.01e-12    maxRel=1.65        scale=0.1941      
       9 corrected face flux      n=108      differing=54       maxAbs=5.54e-13    maxRel=1.65        scale=0.01421     
       10 continuity              n=27       differing=27       maxAbs=1.64e-12    maxRel=45.8        scale=1.743e-12   
       11 residuals               n=6        differing=2        maxAbs=3.56e-13    maxRel=0.938       scale=0.0808      
       pre-solve stages (1,3) bitwise: yes   gpu solves converged: yes pressure restarts: cpu=0 gpu=0

=== coverage ===
  2D / 3D cases                     3 / 1
  linear / rhie-chow predictor      3 / 1
  pinned / open pressure cases      2 / 2
  fidelity checks                   4
  controlled ladders (bitwise)      4
  independent ladders (tolerance)   4
  invariant cases                   4
  determinism checks                0
  cases with dU == dV (== dW)       4
  values compared                   52334
  bitwise-identical                 42565

cases=20 failures=4
SINGLE ITERATION EQUIVALENCE: FAIL
