ninja: no work to do.
built /tmp/final_resident_perf
OMP_NUM_THREADS=<unset, defaults to nproc>
=== GPU-DISC-001Q: production performance qualification ===
cuda available: yes
mode: cavity

cold start (CUDA context, module load, first kernel) -- untimed for every point below, reported here
  cold_start_seconds=0.2397  second_identical_run_seconds=0.1473  one-off cost=0.0923

########## 2D lid-driven cavity -- the canonical scaling series ##########

cavity2d         20x20     cells=400      budget=200  repeats=5
  cpu        median    0.343 s   min    0.328   max    0.368   spread  11.5%   disc  0.234  solve  0.100
  gpu-pipe   median    7.473 s   min    5.445   max    8.200   spread  36.9%   disc  0.245  solve  7.920
  gpu-disc   median    7.904 s   min    7.565   max    7.950   spread   4.9%   disc  0.180  solve  7.663
  disc-only  median    0.790 s   min    0.758   max    0.939   spread  22.9%   disc  0.644  solve  0.115
  PASS equivalence cpu        vs disc-only  BITWISE differing=0 maxAbs=0  (same CPU solver -- isolates GPU discretization)
  PASS equivalence gpu-pipe   vs gpu-disc   BITWISE differing=0 maxAbs=0  (same GPU solver -- isolates GPU discretization (old vs new))
       report    cpu        vs gpu-pipe   differing=1959 maxAbs=5.34e-08  (cross-solver: CPU vs GPU BiCGSTAB, not bitwise by nature)
       report    cpu        vs gpu-disc   differing=1959 maxAbs=5.34e-08  (cross-solver: CPU vs GPU BiCGSTAB, not bitwise by nature)

cavity2d         40x40     cells=1600     budget=200  repeats=5
  cpu        median    1.510 s   min    1.483   max    1.611   spread   8.5%   disc  0.838  solve  0.661
  gpu-pipe   median   14.487 s   min   14.115   max   14.732   spread   4.3%   disc  0.773  solve 13.843
  gpu-disc   median   14.269 s   min   14.202   max   14.606   spread   2.8%   disc  0.221  solve 14.267
  disc-only  median    2.013 s   min    1.949   max    2.047   spread   4.9%   disc  1.199  solve  0.670
  PASS equivalence cpu        vs disc-only  BITWISE differing=0 maxAbs=0  (same CPU solver -- isolates GPU discretization)
  PASS equivalence gpu-pipe   vs gpu-disc   BITWISE differing=0 maxAbs=0  (same GPU solver -- isolates GPU discretization (old vs new))
       report    cpu        vs gpu-pipe   differing=7919 maxAbs=3.01e-05  (cross-solver: CPU vs GPU BiCGSTAB, not bitwise by nature)
       report    cpu        vs gpu-disc   differing=7919 maxAbs=3.01e-05  (cross-solver: CPU vs GPU BiCGSTAB, not bitwise by nature)

cavity2d         80x80     cells=6400     budget=200  repeats=5
  cpu        median    6.592 s   min    6.489   max    6.751   spread   4.0%   disc  3.410  solve  2.973
  gpu-pipe   median   20.516 s   min   20.041   max   21.054   spread   4.9%   disc  3.597  solve 16.324
  gpu-disc   median   16.169 s   min   15.910   max   16.997   spread   6.7%   disc  0.248  solve 16.585
  disc-only  median    6.087 s   min    6.010   max    6.153   spread   2.3%   disc  2.722  solve  3.119
  PASS equivalence cpu        vs disc-only  BITWISE differing=0 maxAbs=0  (same CPU solver -- isolates GPU discretization)
  PASS equivalence gpu-pipe   vs gpu-disc   BITWISE differing=0 maxAbs=0  (same GPU solver -- isolates GPU discretization (old vs new))
       report    cpu        vs gpu-pipe   differing=31839 maxAbs=4.06e-05  (cross-solver: CPU vs GPU BiCGSTAB, not bitwise by nature)
       report    cpu        vs gpu-disc   differing=31839 maxAbs=4.06e-05  (cross-solver: CPU vs GPU BiCGSTAB, not bitwise by nature)

cavity2d         160x160   cells=25600    budget=60   repeats=3
  cpu        median   11.274 s   min   11.172   max   11.436   spread   2.3%   disc  4.711  solve  6.346
  gpu-pipe   median   13.783 s   min   13.768   max   14.490   spread   5.2%   disc  5.065  solve  9.297
  gpu-disc   median    8.732 s   min    8.451   max    8.733   spread   3.2%   disc  0.092  solve  8.161
  disc-only  median    8.897 s   min    8.728   max    9.051   spread   3.6%   disc  1.911  solve  6.530
  PASS equivalence cpu        vs disc-only  BITWISE differing=0 maxAbs=0  (same CPU solver -- isolates GPU discretization)
  PASS equivalence gpu-pipe   vs gpu-disc   BITWISE differing=0 maxAbs=0  (same GPU solver -- isolates GPU discretization (old vs new))
       report    cpu        vs gpu-pipe   differing=127679 maxAbs=0.00133  (cross-solver: CPU vs GPU BiCGSTAB, not bitwise by nature)
       report    cpu        vs gpu-disc   differing=127679 maxAbs=0.00133  (cross-solver: CPU vs GPU BiCGSTAB, not bitwise by nature)

cavity2d         320x320   cells=102400   budget=20   repeats=3
  cpu        median   28.655 s   min   28.436   max   28.738   spread   1.1%   disc  7.765  solve 20.850
  gpu-pipe   median   14.406 s   min   14.191   max   14.508   spread   2.2%   disc  7.980  solve  6.084
  gpu-disc   median    5.262 s   min    5.248   max    5.409   spread   3.1%   disc  0.068  solve  4.735
  disc-only  median   24.046 s   min   23.878   max   24.108   spread   1.0%   disc  2.475  solve 20.733
  PASS equivalence cpu        vs disc-only  BITWISE differing=0 maxAbs=0  (same CPU solver -- isolates GPU discretization)
  PASS equivalence gpu-pipe   vs gpu-disc   BITWISE differing=0 maxAbs=0  (same GPU solver -- isolates GPU discretization (old vs new))
       report    cpu        vs gpu-pipe   differing=511359 maxAbs=0.0299  (cross-solver: CPU vs GPU BiCGSTAB, not bitwise by nature)
       report    cpu        vs gpu-disc   differing=511359 maxAbs=0.0299  (cross-solver: CPU vs GPU BiCGSTAB, not bitwise by nature)

cavity2d         640x640   cells=409600   budget=8    repeats=3
  cpu        median   92.869 s   min   92.761   max   92.965   spread   0.2%   disc 18.217  solve 74.547
  gpu-pipe   median   25.344 s   min   25.175   max   25.928   spread   3.0%   disc 18.614  solve  6.517
  gpu-disc   median    5.349 s   min    5.015   max    5.478   spread   8.7%   disc  0.051  solve  3.852
  disc-only  median   83.679 s   min   83.396   max   84.364   spread   1.2%   disc  4.974  solve 76.945
  PASS equivalence cpu        vs disc-only  BITWISE differing=0 maxAbs=0  (same CPU solver -- isolates GPU discretization)
  PASS equivalence gpu-pipe   vs gpu-disc   BITWISE differing=0 maxAbs=0  (same GPU solver -- isolates GPU discretization (old vs new))
       report    cpu        vs gpu-pipe   differing=2046719 maxAbs=0.0203  (cross-solver: CPU vs GPU BiCGSTAB, not bitwise by nature)
       report    cpu        vs gpu-disc   differing=2046719 maxAbs=0.0203  (cross-solver: CPU vs GPU BiCGSTAB, not bitwise by nature)

wrote results/gpu-disc-001/performance/raw/runs-cavity.csv
PERFORMANCE BENCHMARK: all integrity checks passed
