=== test command ===
ctest --test-dir build/cuda --output-on-failure

=== build identity BEFORE ctest ===
ninja: Entering directory `build/cuda'
ninja: no work to do.
83d55ab66bc4884361988f4b0b06b2f36e799bcd4e8be13c044dd9dd762a767a  build/cuda/cuda/libcfdcuda.a
79b3162c3cfc810773e8c2ce0e3cdd07c5d58a425966a0aee460d4d5cd8c0a7e  build/cuda/src/libcfdcore.a

=== 001M source sha256 BEFORE ctest ===
2d9dfe3e84d392c9ef77604881f683c88f38f13fb57dd55a18f6cfb454221b04  include/cfd/gpu/GpuSimpleDiscretization.hpp
9a868a6a5b18feae36b5954a5cf1ba037d243986cd44ff28406fbe9f1a2650f5  src/gpu/GpuSimpleDiscretization.cpp
08cd0b08e1ee911771f3fe40775a72aed32bc606ccab52f0551b9b71952117c9  cuda/kernels/GpuSimpleDiscretizationCuda.cpp
f5c69deff2fe8857172b32813687d9e9cdd0831dca75feecf3da9acf8944d5fe  src/pressure_velocity/SIMPLE.cpp
b5a946c9bc0b95b5df068cf3f1b55232111eb5f7a24238c0a77fee4a2256fbf5  include/cfd/pressure_velocity/SIMPLESettings.hpp
efaba5f8220ec640861ccc4d5e08ebe327dc55704cc341a79a4117b1d78f6899  include/cfd/pressure_velocity/SIMPLEResult.hpp
5d805de853b491829dc41688761c906053cf7f409a12a5813052d2e1296de523  cuda/CMakeLists.txt
b6c1d605c37c09c65533ef9a9a117c7030a7efa98606db9829b0293c2d800b5b  src/CMakeLists.txt

=== build identity AFTER ctest ===
ninja: Entering directory `build/cuda'
ninja: no work to do.
83d55ab66bc4884361988f4b0b06b2f36e799bcd4e8be13c044dd9dd762a767a  build/cuda/cuda/libcfdcuda.a
79b3162c3cfc810773e8c2ce0e3cdd07c5d58a425966a0aee460d4d5cd8c0a7e  build/cuda/src/libcfdcore.a

=== 001M source sha256 AFTER ctest ===
2d9dfe3e84d392c9ef77604881f683c88f38f13fb57dd55a18f6cfb454221b04  include/cfd/gpu/GpuSimpleDiscretization.hpp
9a868a6a5b18feae36b5954a5cf1ba037d243986cd44ff28406fbe9f1a2650f5  src/gpu/GpuSimpleDiscretization.cpp
08cd0b08e1ee911771f3fe40775a72aed32bc606ccab52f0551b9b71952117c9  cuda/kernels/GpuSimpleDiscretizationCuda.cpp
f5c69deff2fe8857172b32813687d9e9cdd0831dca75feecf3da9acf8944d5fe  src/pressure_velocity/SIMPLE.cpp
b5a946c9bc0b95b5df068cf3f1b55232111eb5f7a24238c0a77fee4a2256fbf5  include/cfd/pressure_velocity/SIMPLESettings.hpp
efaba5f8220ec640861ccc4d5e08ebe327dc55704cc341a79a4117b1d78f6899  include/cfd/pressure_velocity/SIMPLEResult.hpp
5d805de853b491829dc41688761c906053cf7f409a12a5813052d2e1296de523  cuda/CMakeLists.txt
b6c1d605c37c09c65533ef9a9a117c7030a7efa98606db9829b0293c2d800b5b  src/CMakeLists.txt

ctest exit=0
