# P12-GRAD-002 A1 FREEZE; 2026-09-16T03:47:15Z
# git HEAD b66310ca871811c4c7671056beec291a451af55c

# A1 documents, tools and the pre-freeze dry-run:
  353b72ef11345922c849af0a456e2c8082e92188a8a10647b7c9fde2e249f186  acceptance_gate_A1.md
  8bb5515605701ba3f3fd10380750bfe16c407cd4721e3cd43932b3c1b4407c87  a1/audit.md
  606b43e5b32345fcb5653e96fb581d73bf35a29a0beb5544ea7572f8a27b7d14  a1/dryrun.md
  b8ff74531048d059a65aa19dca1fff5cdeba1f6c38b7cb02ec903a559435a608  a1/logs/00_dryrun_baseline.log
  1bb88bb369e4fe099b7a9a6f49698d61c8d24830a8b30a122cc072a8c306dcf7  tools/a1_envelope.cpp
  85927e9c134d8b39c3763cf797d61b6ffbb9f4d853933e4e6d591fdf8551e6b9  tools/diagnostics.cpp
  344405eebe9b0e27a7c3cd67b08359c835ac8f9cab4ccadeda7e757d6055105d  tools/run_a1.sh
  5a6520e2a13e3ec491370aa590e0fc8aa9c80a5ecf8bf3ccf6ac47688c76954b  tools/a1_freeze.sh

# the ORIGINAL gate, its failure and GRAD-001 remain unchanged:
  a46973ed5ba4190a008a1c3f3138f21612a6b1ca0f11ca32deb6d0899602d2eb  acceptance_gate.md
  5ca61d236ff473e866b1c52cd7ee7785ee1c88427ff6af35782176d0d5e266a8  formulation.md
  67b03afc8a7512d58faafa982cfe1053d9c7e1d37d1532cf6f19d7aaedb72b75  summary.md
  4223de1911b8c41de288fcd567d6a7a52172f0b4979900f868ef96a0ea661145  logs/00_gate_freeze.log
  75d716d5b535eedc01717ea1409c5f2dec41906dfab8a5ac0e8827ded0564b12  logs/07_sweep_corrected_new.log
  77f13d93f87f5143764e155ba2f3611bb8a13d6ff19b89d6e1db3b02758b1df7  logs/08_sweep_corrected_base.log
  2c45e4381bb18099117ce9a4e69cfcbac4b6b9fbb7f284833a052dfcdbeb9f91  acceptance_gate.md
  01d3f6e706de92b428a08198354390ecb39d8aa7ea678aeb794ba6ad9702a4f7  summary.md
# MESH-007's frozen gate and its original failed G6.3 evidence remain unchanged:
  5b45fed9c473b3b4eca923fa2e4b8ce064022270b67259fb23caf0dbdae5faa8  acceptance_gate.md
  70738570bcf7eff96b8a6f658f47477092e9561657e7bb6ed25fcc5004301085  logs/12_gate_stage3_G1.2_G5_G6_G7_G8.log
  7f4e3c103f8c84852ed83523a51443aff271d51b7fcfaf6b3abb779b20fb4364  logs/15_diag_g63_static_translation_BASE_and_NEW.log

# production source under test (unchanged by A1; formatted, clang-format clean):
  d24882a96e5cbc0025121a71eb9f88e13ffe0ef9a8a09f2e2f9f4d40fd8c03b6  src/discretization/Gradient.cpp
  0173e7e792b7e81b6fa3b691bd6d44295fd70ea49ec450f03563b0f32dd2d35a  src/mesh/MeshGeometry.cpp
  30034b62dbf79fe662d974dbb4485c3d5e8c263d76ac4a1c6b9300a50c89dd6b  include/cfd/mesh/MeshGeometry.hpp
# rebuild of the final formatted source, and its frozen binary hash:
  ninja: no work to do.
  51e82ee8e0ed16363169b929934961c343ceff2eab58e656f1ada8ac0696f3cd  build/release/src/libcfdcore.a
# reference libraries used by the dry-run and the negative controls:
  eaadaa635e70adb180703875b4d8916fb0baee6277feac08c98c206a85330d6e  /root/m7ref/base/build/src/libcfdcore.a
  4fa871b8175b56481431b071e43a8ddfbd8f5bda310b5abdc34f9831a57dbee0  /root/m7ref/grad001/libcfdcore.a
