# P12-GRAD-002 A1 a1_convergence (base library, sha256 eaadaa635e70adb1); 2026-09-16T03:50:31Z
# P12-GRAD-002 A1: convergence of grad(x^3), exact per-patch boundary values
CV  2D Cartesian plain               n   16 Linf 3.906e-03 L2 3.719e-03 boundary 3.906e-03  (reference level)
CV  2D Cartesian plain               n   32 Linf 9.766e-04 L2 9.534e-04 boundary 9.766e-04 order Linf 2.000000 L2 1.963622 boundary 2.000000
CV  2D Cartesian plain               n   64 Linf 2.441e-04 L2 2.413e-04 boundary 2.441e-04 order Linf 2.000000 L2 1.982477 boundary 2.000000
CV  2D Cartesian plain               n  128 Linf 6.104e-05 L2 6.068e-05 boundary 6.104e-05 order Linf 2.000000 L2 1.991395 boundary 2.000000
CV  2D Cartesian translated small    n   16 Linf 4.297e-02 L2 1.137e-02 boundary 4.297e-02  (reference level)
CV  2D Cartesian translated small    n   32 Linf 2.246e-02 L2 4.085e-03 boundary 2.246e-02 order Linf 0.935870 L2 1.476781 boundary 0.935870
CV  2D Cartesian translated small    n   64 Linf 1.147e-02 L2 1.455e-03 boundary 1.147e-02 order Linf 0.968973 L2 1.489605 boundary 0.968973
CV  2D Cartesian translated small    n  128 Linf 5.798e-03 L2 5.141e-04 boundary 5.798e-03 order Linf 0.984733 L2 1.500498 boundary 0.984733
CV  2D distorted (non-orthogonal)    n   16 Linf 4.741e-02 L2 1.149e-02 boundary 4.741e-02  (reference level)
CV  2D distorted (non-orthogonal)    n   32 Linf 2.472e-02 L2 4.110e-03 boundary 2.472e-02 order Linf 0.939678 L2 1.483065 boundary 0.939678
CV  2D distorted (non-orthogonal)    n   64 Linf 1.260e-02 L2 1.461e-03 boundary 1.260e-02 order Linf 0.972576 L2 1.492073 boundary 0.972576
CV  2D distorted (non-orthogonal)    n  128 Linf 6.355e-03 L2 5.180e-04 boundary 6.355e-03 order Linf 0.986913 L2 1.496158 boundary 0.986913
CV  2D distorted translated small    n   16 Linf 4.741e-02 L2 1.149e-02 boundary 4.741e-02  (reference level)
CV  2D distorted translated small    n   32 Linf 2.472e-02 L2 4.110e-03 boundary 2.472e-02 order Linf 0.939678 L2 1.483065 boundary 0.939678
CV  2D distorted translated small    n   64 Linf 1.260e-02 L2 1.461e-03 boundary 1.260e-02 order Linf 0.972576 L2 1.492073 boundary 0.972576
CV  2D distorted translated small    n  128 Linf 6.355e-03 L2 5.180e-04 boundary 6.355e-03 order Linf 0.986913 L2 1.496158 boundary 0.986913
CV  3D Cartesian plain               n    8 Linf 1.562e-02 L2 1.408e-02 boundary 1.562e-02  (reference level)
CV  3D Cartesian plain               n   16 Linf 3.906e-03 L2 3.719e-03 boundary 3.906e-03 order Linf 2.000000 L2 1.921229 boundary 2.000000
CV  3D Cartesian plain               n   32 Linf 9.766e-04 L2 9.534e-04 boundary 9.766e-04 order Linf 2.000000 L2 1.963622 boundary 2.000000
exit 0
