Running main() from /mnt/c/Users/Hasib/Desktop/CFDAPP/CFDApp/build/release/_deps/googletest-src/googletest/src/gtest_main.cc
[==========] Running 63 tests from 12 test suites.
[----------] Global test environment set-up.
[----------] 1 test from CaseLidDrivenCavityIntegrationTest
[ RUN      ] CaseLidDrivenCavityIntegrationTest.SmallFixtureLoadsBuildsAndConverges
[       OK ] CaseLidDrivenCavityIntegrationTest.SmallFixtureLoadsBuildsAndConverges (44 ms)
[ DISABLED ] CaseLidDrivenCavityIntegrationTest.DISABLED_ProductionCaseLoadsBuildsAndConverges
[----------] 1 test from CaseLidDrivenCavityIntegrationTest (44 ms total)

[----------] 7 tests from SpeciesProductionCaseTest
[ RUN      ] SpeciesProductionCaseTest.RunsEndToEndAndConverges
[       OK ] SpeciesProductionCaseTest.RunsEndToEndAndConverges (37 ms)
[ RUN      ] SpeciesProductionCaseTest.ConcentrationMatchesAnalyticalProfile
[       OK ] SpeciesProductionCaseTest.ConcentrationMatchesAnalyticalProfile (32 ms)
[ RUN      ] SpeciesProductionCaseTest.GlobalDiffusiveFluxBalanceIsConserved
[       OK ] SpeciesProductionCaseTest.GlobalDiffusiveFluxBalanceIsConserved (28 ms)
[ RUN      ] SpeciesProductionCaseTest.MissingCaseDirectoryReportsInvalidCase
[       OK ] SpeciesProductionCaseTest.MissingCaseDirectoryReportsInvalidCase (1 ms)
[ RUN      ] SpeciesProductionCaseTest.ExportsSpeciesFieldToCsvVtkAndJson
[       OK ] SpeciesProductionCaseTest.ExportsSpeciesFieldToCsvVtkAndJson (34 ms)
[ RUN      ] SpeciesProductionCaseTest.NonSpeciesCaseStillRunsWithEmptySpeciesResults
[       OK ] SpeciesProductionCaseTest.NonSpeciesCaseStillRunsWithEmptySpeciesResults (35 ms)
[ RUN      ] SpeciesProductionCaseTest.RepeatedRunsAreDeterministic
[       OK ] SpeciesProductionCaseTest.RepeatedRunsAreDeterministic (50 ms)
[----------] 7 tests from SpeciesProductionCaseTest (221 ms total)

[----------] 7 tests from MultiphaseProductionCaseTest
[ RUN      ] MultiphaseProductionCaseTest.RunsEndToEndAndConverges
[       OK ] MultiphaseProductionCaseTest.RunsEndToEndAndConverges (16 ms)
[ RUN      ] MultiphaseProductionCaseTest.AlphaAndMixturePropertiesMatchExactExpectedValues
[       OK ] MultiphaseProductionCaseTest.AlphaAndMixturePropertiesMatchExactExpectedValues (13 ms)
[ RUN      ] MultiphaseProductionCaseTest.Phase1VolumeIsConserved
[       OK ] MultiphaseProductionCaseTest.Phase1VolumeIsConserved (11 ms)
[ RUN      ] MultiphaseProductionCaseTest.ExportsMixtureFieldsToCsvVtkAndJson
[       OK ] MultiphaseProductionCaseTest.ExportsMixtureFieldsToCsvVtkAndJson (12 ms)
[ RUN      ] MultiphaseProductionCaseTest.MissingCaseDirectoryReportsInvalidCase
[       OK ] MultiphaseProductionCaseTest.MissingCaseDirectoryReportsInvalidCase (0 ms)
[ RUN      ] MultiphaseProductionCaseTest.NonMultiphaseCaseStillRunsWithNoMultiphaseResult
[       OK ] MultiphaseProductionCaseTest.NonMultiphaseCaseStillRunsWithNoMultiphaseResult (34 ms)
[ RUN      ] MultiphaseProductionCaseTest.RepeatedRunsAreDeterministic
[       OK ] MultiphaseProductionCaseTest.RepeatedRunsAreDeterministic (16 ms)
[----------] 7 tests from MultiphaseProductionCaseTest (104 ms total)

[----------] 8 tests from CompressibleProductionCaseTest
[ RUN      ] CompressibleProductionCaseTest.RunsEndToEndAndConverges
[       OK ] CompressibleProductionCaseTest.RunsEndToEndAndConverges (1200 ms)
[ RUN      ] CompressibleProductionCaseTest.MachNumberStaysWellBelowPointOneAndEosIsConsistent
[       OK ] CompressibleProductionCaseTest.MachNumberStaysWellBelowPointOneAndEosIsConsistent (1211 ms)
[ RUN      ] CompressibleProductionCaseTest.ContinuityImbalanceIsSmall
[       OK ] CompressibleProductionCaseTest.ContinuityImbalanceIsSmall (1211 ms)
[ RUN      ] CompressibleProductionCaseTest.OutletBoundaryMassFluxUsesReferencePressureDensity
[       OK ] CompressibleProductionCaseTest.OutletBoundaryMassFluxUsesReferencePressureDensity (1203 ms)
[ RUN      ] CompressibleProductionCaseTest.ExportsCompressibleFieldsToCsvVtkAndJson
[       OK ] CompressibleProductionCaseTest.ExportsCompressibleFieldsToCsvVtkAndJson (1314 ms)
[ RUN      ] CompressibleProductionCaseTest.MissingCaseDirectoryReportsInvalidCase
[       OK ] CompressibleProductionCaseTest.MissingCaseDirectoryReportsInvalidCase (2 ms)
[ RUN      ] CompressibleProductionCaseTest.NonCompressibleCaseStillRunsWithNoCompressibleResult
[       OK ] CompressibleProductionCaseTest.NonCompressibleCaseStillRunsWithNoCompressibleResult (72 ms)
[ RUN      ] CompressibleProductionCaseTest.RepeatedRunsAreDeterministic
[       OK ] CompressibleProductionCaseTest.RepeatedRunsAreDeterministic (2435 ms)
[----------] 8 tests from CompressibleProductionCaseTest (8653 ms total)

[----------] 6 tests from CompressibleCoupledProductionCaseTest
[ RUN      ] CompressibleCoupledProductionCaseTest.DispatchesToCompressibleSimpleAndConverges
[       OK ] CompressibleCoupledProductionCaseTest.DispatchesToCompressibleSimpleAndConverges (31610 ms)
[ RUN      ] CompressibleCoupledProductionCaseTest.MassFlowRateIsConservedAtEveryInternalCrossSection
[       OK ] CompressibleCoupledProductionCaseTest.MassFlowRateIsConservedAtEveryInternalCrossSection (31832 ms)
[ RUN      ] CompressibleCoupledProductionCaseTest.MatchesArkilicIsothermalLubricationPressureProfile
[       OK ] CompressibleCoupledProductionCaseTest.MatchesArkilicIsothermalLubricationPressureProfile (31079 ms)
[ RUN      ] CompressibleCoupledProductionCaseTest.ExportsCoupledCompressibleFields
[       OK ] CompressibleCoupledProductionCaseTest.ExportsCoupledCompressibleFields (32436 ms)
[ RUN      ] CompressibleCoupledProductionCaseTest.RepeatedRunIsDeterministic
[       OK ] CompressibleCoupledProductionCaseTest.RepeatedRunIsDeterministic (64073 ms)
[ RUN      ] CompressibleCoupledProductionCaseTest.NonCoupledCaseStillUsesPostHocPathUnchanged
[       OK ] CompressibleCoupledProductionCaseTest.NonCoupledCaseStillUsesPostHocPathUnchanged (1187 ms)
[----------] 6 tests from CompressibleCoupledProductionCaseTest (192220 ms total)

[----------] 5 tests from HeatedSpeciesDiffusionProductionCaseTest
[ RUN      ] HeatedSpeciesDiffusionProductionCaseTest.RunsEndToEndAndConverges
[       OK ] HeatedSpeciesDiffusionProductionCaseTest.RunsEndToEndAndConverges (31 ms)
[ RUN      ] HeatedSpeciesDiffusionProductionCaseTest.BothFieldsMatchAnalyticalProfilesSimultaneously
[       OK ] HeatedSpeciesDiffusionProductionCaseTest.BothFieldsMatchAnalyticalProfilesSimultaneously (32 ms)
[ RUN      ] HeatedSpeciesDiffusionProductionCaseTest.BothFieldsConserveFluxIndependently
[       OK ] HeatedSpeciesDiffusionProductionCaseTest.BothFieldsConserveFluxIndependently (33 ms)
[ RUN      ] HeatedSpeciesDiffusionProductionCaseTest.ExportsBothFieldsToCsvVtkAndJson
[       OK ] HeatedSpeciesDiffusionProductionCaseTest.ExportsBothFieldsToCsvVtkAndJson (147 ms)
[ RUN      ] HeatedSpeciesDiffusionProductionCaseTest.RepeatedRunsAreDeterministic
[       OK ] HeatedSpeciesDiffusionProductionCaseTest.RepeatedRunsAreDeterministic (53 ms)
[----------] 5 tests from HeatedSpeciesDiffusionProductionCaseTest (298 ms total)

[----------] 9 tests from StructuredQuadProductionCase
[ RUN      ] StructuredQuadProductionCase.CommittedCaseIsAGenuinelyNonOrthogonalMesh
poiseuille_distorted 64x8: non-orthogonality max 44.76 mean 14.58 deg, skewness max 0.1318 mean 0.0369
[       OK ] StructuredQuadProductionCase.CommittedCaseIsAGenuinelyNonOrthogonalMesh (19 ms)
[ RUN      ] StructuredQuadProductionCase.DistortedPoiseuilleMatchesAnalyticalSolution
64x8: iterations 1983, velocity L2 1.7466e-02 (Cartesian 1.5183e-02), dp/dx -1.172639 (exact -1.200000), max column flow error 1.47e-11, mass imbalance 7.50e-13
[       OK ] StructuredQuadProductionCase.DistortedPoiseuilleMatchesAnalyticalSolution (7477 ms)
[ RUN      ] StructuredQuadProductionCase.DistortedPoiseuilleGridConvergence
64x8: non-orthogonality max 44.76 deg, skewness max 0.1318, iterations 1983, velocity L2 1.7466e-02 (Cartesian 1.5183e-02), dp/dx -1.172639, column flow error 1.47e-11
96x12: non-orthogonality max 47.18 deg, skewness max 0.0910, iterations 2105, velocity L2 7.4975e-03 (Cartesian 6.9492e-03), dp/dx -1.186851, column flow error 2.02e-11
144x18: non-orthogonality max 48.25 deg, skewness max 0.0609, iterations 2789, velocity L2 3.7082e-03 (Cartesian 3.1294e-03), dp/dx -1.191854, column flow error 3.80e-11

### Grid convergence: poiseuille_distorted

Distorted Poiseuille Re = 10 (structured_quad), 64x8 / 96x12 / 144x18

| grid | nx x ny | cells | h | runtime (s) | solver | accepted |
|---|---|---|---|---|---|---|
| coarse | 64 x 8 | 512 | 0.125 | 7.5 | Converged (1983 it) | yes |
| medium | 96 x 12 | 1152 | 0.0833333 | 19.4 | Converged (2105 it) | yes |
| fine | 144 x 18 | 2592 | 0.0555556 | 65.6 | Converged (2789 it) | yes |

**pressure_gradient** -- dp/dx, least-squares fit over 0.50 L..0.85 L; exact -12 mu U / H^2

| grid | value | reference | error | relative error |
|---|---|---|---|---|
| coarse | -1.1726395 | -1.2 (analytical) | 0.02736 | 0.0228 |
| medium | -1.186851 | -1.2 (analytical) | 0.01315 | 0.01096 |
| fine | -1.1918543 | -1.2 (analytical) | 0.008146 | 0.006788 |
| extrapolated | -1.1945728 | | 0.005427 | |

| r21 | r32 | p | p formal | phi_ext | U21 (abs) | GCI21 | GCI32 | asymptotic ratio | status | grid independent |
|---|---|---|---|---|---|---|---|---|---|---|
| 1.5 | 1.5 | 2.5747 | 2 | -1.1945728 | 0.003398 | 0.002851 | 0.008133 | 1.2624 | monotonic_not_asymptotic | no |

- monotonic convergence, observed order 2.57474 (formal 2); asymptotic ratio 1.26243 outside 1 +/- 0.1
- grid independence: no grid-independence threshold configured

**velocity_l2_error** -- volume-weighted L2 of |u - u_exact| over 0.50 L..0.85 L; exact 0

| grid | value | reference | error | relative error |
|---|---|---|---|---|
| coarse | 0.017465505 | 0 (analytical) | 0.01747 | -- |
| medium | 0.0074975414 | 0 (analytical) | 0.007498 | -- |
| fine | 0.0037082119 | 0 (analytical) | 0.003708 | -- |
| extrapolated | 0.0013842327 | | 0.001384 | |

| r21 | r32 | p | p formal | phi_ext | U21 (abs) | GCI21 | GCI32 | asymptotic ratio | status | grid independent |
|---|---|---|---|---|---|---|---|---|---|---|
| 1.5 | 1.5 | 2.3854 | 2 | 0.0013842327 | 0.002905 | 0.7834 | 1.019 | 1.1691 | monotonic_not_asymptotic | no |

- monotonic convergence, observed order 2.38538 (formal 2); asymptotic ratio 1.16913 outside 1 +/- 0.1
- grid independence: no grid-independence threshold configured
pair 0: observed order velocity 2.086, dp/dx 1.807
pair 1: observed order velocity 1.736, dp/dx 1.181
/mnt/c/Users/Hasib/Desktop/CFDAPP/CFDApp/tests/integration/case/test_structured_quad_production_case.cpp:403: Failure
Expected: (gradientOrder) >= (1.5), actual: 1.1809918454590758 vs 1.5
pair 1

/mnt/c/Users/Hasib/Desktop/CFDAPP/CFDApp/tests/integration/case/test_structured_quad_production_case.cpp:409: Failure
Expected: (*g.relativeErrorVsReference[2]) <= (*g.analysis.gci21), actual: 0.0067880954188485419 vs 0.0028510978620955663

[  FAILED  ] StructuredQuadProductionCase.DistortedPoiseuilleGridConvergence (92462 ms)
[ RUN      ] StructuredQuadProductionCase.LeastSquaresGradientMatchesAnalyticalSolution
[       OK ] StructuredQuadProductionCase.LeastSquaresGradientMatchesAnalyticalSolution (4009 ms)
[ RUN      ] StructuredQuadProductionCase.NonOrthogonalCorrectionIsActiveOnTheProductionPath
[       OK ] StructuredQuadProductionCase.NonOrthogonalCorrectionIsActiveOnTheProductionPath (13834 ms)
[ RUN      ] StructuredQuadProductionCase.ThermalAndSpeciesMatchLinearProfilesOnDistortedSlab
green_gauss: max |T - T_exact| 1.424e-06 K, max |Y - Y_exact| 4.286e-07
least_squares: max |T - T_exact| 2.357e-09 K, max |Y - Y_exact| 3.897e-07
[       OK ] StructuredQuadProductionCase.ThermalAndSpeciesMatchLinearProfilesOnDistortedSlab (204 ms)
[ RUN      ] StructuredQuadProductionCase.CompressibleSimpleMatchesLubricationSolutionOnDistortedMesh
distorted lubrication channel: iterations 2484, p error L2 6.8948e-03 Linf 1.7110e-02
[       OK ] StructuredQuadProductionCase.CompressibleSimpleMatchesLubricationSolutionOnDistortedMesh (13077 ms)
[ RUN      ] StructuredQuadProductionCase.KEpsilonChannelMatchesCartesianOnTiltedMesh
k_epsilon Re_tau: Cartesian 447.902, distorted 448.123
[       OK ] StructuredQuadProductionCase.KEpsilonChannelMatchesCartesianOnTiltedMesh (3530 ms)
[ RUN      ] StructuredQuadProductionCase.SstChannelMatchesCartesianOnTiltedMesh
sst Re_tau: Cartesian 322.751, distorted 334.979
[       OK ] StructuredQuadProductionCase.SstChannelMatchesCartesianOnTiltedMesh (27491 ms)
[----------] 9 tests from StructuredQuadProductionCase (162107 ms total)

[----------] 5 tests from GradedMeshProductionCase
[ RUN      ] GradedMeshProductionCase.CommittedCaseRunsConservesAndExportsGradedGeometry
committed graded 48x24     cells  1152 | converged 1, 1563 it, 9.92 s | mass imbalance 3.48e-12, inlet 1.000000000, outlet 1.000000000, max column error 4.54e-11 | y1 0.00632 | velocity L1 5.0264e-03 L2 6.8090e-03 Linf 1.8297e-02 | dp/dx (integral wall shear) error 9.4032e-03 | suction-wall shear error 6.6716e-02
[       OK ] GradedMeshProductionCase.CommittedCaseRunsConservesAndExportsGradedGeometry (19846 ms)
[ RUN      ] GradedMeshProductionCase.GradedMeshBeatsUniformAtEqualCellCount
uniform 48x24              cells  1152 | converged 1, 2047 it, 10.21 s | mass imbalance 7.46e-14, inlet 1.000000000, outlet 1.000000000, max column error 3.10e-11 | y1 0.02083 | velocity L1 2.0730e-02 L2 3.1002e-02 Linf 9.6154e-02 | dp/dx (integral wall shear) error 3.2287e-02 | suction-wall shear error 1.7452e-01
graded 48x24 (both, 1.2)   cells  1152 | converged 1, 1563 it, 9.89 s | mass imbalance 3.48e-12, inlet 1.000000000, outlet 1.000000000, max column error 4.54e-11 | y1 0.00632 | velocity L1 5.0264e-03 L2 6.8090e-03 Linf 1.8297e-02 | dp/dx (integral wall shear) error 9.4032e-03 | suction-wall shear error 6.6716e-02
graded / uniform: dp/dx error 0.291, suction-wall shear error 0.382, velocity L2 0.220, L1 0.242, Linf 0.190, iterations 0.764, time 0.969
[       OK ] GradedMeshProductionCase.GradedMeshBeatsUniformAtEqualCellCount (20137 ms)
[ RUN      ] GradedMeshProductionCase.GradedGridConvergence
32x16 (ratio 1.314534)     cells   512 | converged 1, 1538 it, 3.93 s | mass imbalance 1.40e-11, inlet 1.000000000, outlet 1.000000000, max column error 2.46e-11 | y1 0.00993 | velocity L1 9.8144e-03 L2 1.3758e-02 Linf 3.7074e-02 | dp/dx (integral wall shear) error 1.7890e-02 | suction-wall shear error 9.6410e-02
48x24 (ratio 1.200000)     cells  1152 | converged 1, 1563 it, 9.96 s | mass imbalance 3.48e-12, inlet 1.000000000, outlet 1.000000000, max column error 4.54e-11 | y1 0.00632 | velocity L1 5.0264e-03 L2 6.8090e-03 Linf 1.8297e-02 | dp/dx (integral wall shear) error 9.4032e-03 | suction-wall shear error 6.6716e-02
72x36 (ratio 1.129243)     cells  2592 | converged 1, 1452 it, 26.77 s | mass imbalance 1.32e-12, inlet 1.000000000, outlet 1.000000000, max column error 9.84e-11 | y1 0.00408 | velocity L1 2.4719e-03 L2 3.1302e-03 Linf 8.0528e-03 | dp/dx (integral wall shear) error 4.2114e-03 | suction-wall shear error 4.5601e-02

### Grid convergence: channel_transpiration_graded

Transpiration channel Re_w = 20, y-graded (both, r^m = 1.2^12): 32x16 / 48x24 / 72x36

| grid | nx x ny | cells | h | runtime (s) | solver | accepted |
|---|---|---|---|---|---|---|
| coarse | 32 x 16 | 512 | 0.0883883 | 3.9 | Converged (1538 it) | yes |
| medium | 48 x 24 | 1152 | 0.0589256 | 10.0 | Converged (1563 it) | yes |
| fine | 72 x 36 | 2592 | 0.0392837 | 26.8 | Converged (1452 it) | yes |

**pressure_gradient_relative_error** -- pressure_gradient_relative_error vs the exact transpiration-channel solution; exact 0

| grid | value | reference | error | relative error |
|---|---|---|---|---|
| coarse | 0.017890328 | 0 (analytical) | 0.01789 | -- |
| medium | 0.0094032163 | 0 (analytical) | 0.009403 | -- |
| fine | 0.0042113726 | 0 (analytical) | 0.004211 | -- |
| extrapolated | -0.0039686105 | | -0.003969 | |

| r21 | r32 | p | p formal | phi_ext | U21 (abs) | GCI21 | GCI32 | asymptotic ratio | status | grid independent |
|---|---|---|---|---|---|---|---|---|---|---|
| 1.5 | 1.5 | 1.2121 | 2 | -0.0039686105 | 0.01022 | 2.428 | 1.778 | 0.7265 | monotonic_not_asymptotic | no |

- monotonic convergence, observed order 1.21209 (formal 2); asymptotic ratio 0.726534 outside 1 +/- 0.1
- grid independence: no grid-independence threshold configured

**suction_wall_shear_relative_error** -- suction_wall_shear_relative_error vs the exact transpiration-channel solution; exact 0

| grid | value | reference | error | relative error |
|---|---|---|---|---|
| coarse | 0.09641017 | 0 (analytical) | 0.09641 | -- |
| medium | 0.066716227 | 0 (analytical) | 0.06672 | -- |
| fine | 0.045601494 | 0 (analytical) | 0.0456 | -- |
| extrapolated | -0.0063650574 | | -0.006365 | |

| r21 | r32 | p | p formal | phi_ext | U21 (abs) | GCI21 | GCI32 | asymptotic ratio | status | grid independent |
|---|---|---|---|---|---|---|---|---|---|---|
| 1.5 | 1.5 | 0.8409 | 2 | -0.0063650574 | 0.06496 | 1.424 | 1.369 | 0.6250 | monotonic_not_asymptotic | no |

- monotonic convergence, observed order 0.840941 (formal 2); asymptotic ratio 0.625028 outside 1 +/- 0.1
- grid independence: no grid-independence threshold configured

**velocity_l2_error** -- velocity_l2_error vs the exact transpiration-channel solution; exact 0

| grid | value | reference | error | relative error |
|---|---|---|---|---|
| coarse | 0.013757513 | 0 (analytical) | 0.01376 | -- |
| medium | 0.0068089919 | 0 (analytical) | 0.006809 | -- |
| fine | 0.0031302053 | 0 (analytical) | 0.00313 | -- |
| extrapolated | -0.0010088069 | | -0.001009 | |

| r21 | r32 | p | p formal | phi_ext | U21 (abs) | GCI21 | GCI32 | asymptotic ratio | status | grid independent |
|---|---|---|---|---|---|---|---|---|---|---|
| 1.5 | 1.5 | 1.5684 | 2 | -0.0010088069 | 0.005174 | 1.653 | 1.435 | 0.8395 | monotonic_not_asymptotic | no |

- monotonic convergence, observed order 1.56844 (formal 2); asymptotic ratio 0.83947 outside 1 +/- 0.1
- grid independence: no grid-independence threshold configured
pair 0 observed order: dp/dx 1.586, suction-wall shear 0.908, velocity L2 1.735
pair 1 observed order: dp/dx 1.981, suction-wall shear 0.938, velocity L2 1.917
[       OK ] GradedMeshProductionCase.GradedGridConvergence (40764 ms)
[ RUN      ] GradedMeshProductionCase.XAndYGradingTogether
x(left 1.05) + y(both 1.2) cells  1152 | converged 1, 2085 it, 18.52 s | mass imbalance 4.74e-12, inlet 1.000000000, outlet 1.000000000, max column error 3.84e-11 | y1 0.00632 | velocity L1 4.9860e-03 L2 6.7837e-03 Linf 1.8012e-02 | dp/dx (integral wall shear) error 2.4330e-03 | suction-wall shear error 6.6738e-02
[       OK ] GradedMeshProductionCase.XAndYGradingTogether (18548 ms)
[ RUN      ] GradedMeshProductionCase.GradedVertexGridOnNonOrthogonalStructuredQuad
structured_quad graded     cells  1152 | converged 1, 1759 it, 16.27 s | mass imbalance 5.61e-12, inlet 1.000000000, outlet 1.000000000, max column error 3.78e-11 | y1 0.00627 | velocity L1 6.4733e-03 L2 8.2465e-03 Linf 2.1949e-02 | dp/dx (integral wall shear) error 2.1006e-02 | suction-wall shear error 6.6851e-02
structured_quad uniform    cells  1152 | converged 1, 2135 it, 17.68 s | mass imbalance 4.96e-12, inlet 1.000000000, outlet 1.000000000, max column error 3.22e-11 | y1 0.02038 | velocity L1 2.0877e-02 L2 3.1078e-02 Linf 9.9434e-02 | dp/dx (integral wall shear) error 3.9070e-02 | suction-wall shear error 1.7370e-01
[       OK ] GradedMeshProductionCase.GradedVertexGridOnNonOrthogonalStructuredQuad (34002 ms)
[----------] 5 tests from GradedMeshProductionCase (133299 ms total)

[----------] 6 tests from MultiBlockProductionCase
[ RUN      ] MultiBlockProductionCase.CurvedChannelCommittedCaseGate
curved channel mesh: 1080 cells, 2262 faces, max non-orthogonality 1.479e-06 deg, max skewness 1.021e-02, min/max volume 4.5431e-03/8.5409e-03
committed 12x30 x3           cells  1080 | converged 1, 1400 it, 11.68 s | mass imbalance 3.27e-11, max radial-line flow error 4.97e-11 (interfaces 7.05e-12), max block net flow 3.97e-11 | velocity L2 9.3770e-03, max |u_r| 5.468e-04 | G -1.800972 (exact -1.828221, rel err 1.4904e-02) | radial rise 0.828442 (exact 0.829445, rel err 1.2093e-03)
[       OK ] MultiBlockProductionCase.CurvedChannelCommittedCaseGate (23374 ms)
[ RUN      ] MultiBlockProductionCase.CurvedChannelInterfacesAreTransparent
3 blocks                     cells  1080 | converged 1, 1400 it, 11.80 s | mass imbalance 3.27e-11, max radial-line flow error 4.97e-11 (interfaces 7.05e-12), max block net flow 3.97e-11 | velocity L2 9.3770e-03, max |u_r| 5.468e-04 | G -1.800972 (exact -1.828221, rel err 1.4904e-02) | radial rise 0.828442 (exact 0.829445, rel err 1.2093e-03)
1 block (same vertices)      cells  1080 | converged 1, 1400 it, 11.78 s | mass imbalance 3.26e-11, max radial-line flow error 4.94e-11 (interfaces 6.86e-12), max block net flow 3.95e-11 | velocity L2 9.3770e-03, max |u_r| 5.468e-04 | G -1.800972 (exact -1.828221, rel err 1.4904e-02) | radial rise 0.828442 (exact 0.829445, rel err 1.2093e-03)
3-block vs 1-block: max |du| 9.467e-12, max |dp| 2.047e-10 (2.376e-11 of the total pressure drop), iterations 1400 vs 1400
[       OK ] MultiBlockProductionCase.CurvedChannelInterfacesAreTransparent (23614 ms)
[ RUN      ] MultiBlockProductionCase.CurvedChannelGridConvergence
8x20 x3                      cells   480 | converged 1, 1322 it, 4.67 s | mass imbalance 1.82e-11, max radial-line flow error 2.81e-11 (interfaces 2.81e-11), max block net flow 2.38e-11 | velocity L2 2.0417e-02, max |u_r| 9.637e-04 | G -1.771077 (exact -1.828221, rel err 3.1257e-02) | radial rise 0.830610 (exact 0.825969, rel err 5.6185e-03)
12x30 x3                     cells  1080 | converged 1, 1400 it, 11.93 s | mass imbalance 3.26e-11, max radial-line flow error 4.95e-11 (interfaces 6.92e-12), max block net flow 3.96e-11 | velocity L2 9.3770e-03, max |u_r| 5.468e-04 | G -1.800972 (exact -1.828221, rel err 1.4904e-02) | radial rise 0.828442 (exact 0.829445, rel err 1.2093e-03)
18x45 x3                     cells  2430 | converged 1, 3246 it, 72.68 s | mass imbalance 1.83e-11, max radial-line flow error 6.44e-11 (interfaces 6.03e-11), max block net flow 6.65e-11 | velocity L2 4.2096e-03, max |u_r| 5.955e-04 | G -1.815601 (exact -1.828221, rel err 6.9026e-03) | radial rise 0.829072 (exact 0.830537, rel err 1.7644e-03)

### Grid convergence: curved_channel_multiblock

270-degree curved channel, 3 conformal blocks, Re 10: 8x20 / 12x30 / 18x45 per block

| grid | nx x ny | cells | h | runtime (s) | solver | accepted |
|---|---|---|---|---|---|---|
| coarse | 8 x 60 | 480 | 0.121352 | 4.7 | Converged (1322 it) | yes |
| medium | 12 x 90 | 1080 | 0.0809011 | 12.0 | Converged (1400 it) | yes |
| fine | 18 x 135 | 2430 | 0.0539341 | 72.7 | Converged (3246 it) | yes |

**velocity_l2_error** -- RMS |u - u_exact| over bend_b (90-180 deg); exact 0

| grid | value | reference | error | relative error |
|---|---|---|---|---|
| coarse | 0.020416744 | 0 (analytical) | 0.02042 | -- |
| medium | 0.0093770056 | 0 (analytical) | 0.009377 | -- |
| fine | 0.0042095921 | 0 (analytical) | 0.00421 | -- |
| extrapolated | -0.0003375271 | | -0.0003375 | |

| r21 | r32 | p | p formal | phi_ext | U21 (abs) | GCI21 | GCI32 | asymptotic ratio | status | grid independent |
|---|---|---|---|---|---|---|---|---|---|---|
| 1.5 | 1.5 | 1.8722 | 2 | -0.0003375271 | 0.005684 | 1.35 | 1.295 | 0.9495 | asymptotic | no |

- monotonic convergence, observed order 1.87224 (formal 2); asymptotic ratio 0.949518 within 1 +/- 0.1
- grid independence: no grid-independence threshold configured

**pressure_gradient** -- dp/dtheta over bend_b (mean per-ring LS slope); exact 2 mu A

| grid | value | reference | error | relative error |
|---|---|---|---|---|
| coarse | -1.7710765 | -1.8282207 (analytical) | 0.05714 | 0.03126 |
| medium | -1.8009724 | -1.8282207 (analytical) | 0.02725 | 0.0149 |
| fine | -1.8156012 | -1.8282207 (analytical) | 0.01262 | 0.006903 |
| extrapolated | -1.8296184 | | -0.001398 | |

| r21 | r32 | p | p formal | phi_ext | U21 (abs) | GCI21 | GCI32 | asymptotic ratio | status | grid independent |
|---|---|---|---|---|---|---|---|---|---|---|
| 1.5 | 1.5 | 1.7627 | 2 | -1.8296184 | 0.01752 | 0.009651 | 0.01988 | 0.9083 | asymptotic | no |

- monotonic convergence, observed order 1.76273 (formal 2); asymptotic ratio 0.908279 within 1 +/- 0.1
- grid independence: no grid-independence threshold configured

**radial_pressure_rise_ratio** -- [p(outer cell) - p(inner cell)] / (rho int u^2/r dr between the same centroid radii) over bend_b (the radii move with the grid, so the ratio is analysed); exact 1

| grid | value | reference | error | relative error |
|---|---|---|---|---|
| coarse | 1.0056185 | 1 (analytical) | 0.005619 | 0.005619 |
| medium | 0.99879069 | 1 (analytical) | -0.001209 | 0.001209 |
| fine | 0.99823557 | 1 (analytical) | -0.001764 | 0.001764 |
| extrapolated | 0.99818645 | | -0.001814 | |

| r21 | r32 | p | p formal | phi_ext | U21 (abs) | GCI21 | GCI32 | asymptotic ratio | status | grid independent |
|---|---|---|---|---|---|---|---|---|---|---|
| 1.5 | 1.5 | 6.1894 | 2 | 0.99818645 | 6.141e-05 | 6.152e-05 | 0.0007562 | 5.4666 | monotonic_not_asymptotic | no |

- monotonic convergence, observed order 6.18939 (formal 2); asymptotic ratio 5.46658 outside 1 +/- 0.1
- grid independence: no grid-independence threshold configured
pair 0 observed order: velocity L2 1.919, G error 1.827, radial rise error 3.778
/mnt/c/Users/Hasib/Desktop/CFDAPP/CFDApp/tests/integration/case/test_multiblock_production_case.cpp:489: Failure
Expected: (riseError(metrics[k + 1])) < (riseError(metrics[k])), actual: 0.0014654220690225594 vs 0.0010030553130356834
1

pair 1 observed order: velocity L2 1.975, G error 1.898, radial rise error -0.935
pressure_gradient: fine -1.81560117, exact -1.82822072, |error| 1.262e-02, U21 1.752e-02 (GCI21 9.651e-03), extrapolated -1.82961842
radial_pressure_rise_ratio: fine 0.99823557, exact 1.00000000, |error| 1.764e-03, U21 6.141e-05 (GCI21 6.152e-05), extrapolated 0.99818645
/mnt/c/Users/Hasib/Desktop/CFDAPP/CFDApp/tests/integration/case/test_multiblock_production_case.cpp:515: Failure
Expected: (std::abs(fine - exactValue)) <= (*q.analysis.uncertainty21), actual: 0.0017644263895095769 vs 6.1407824215687661e-05
radial_pressure_rise_ratio

[  FAILED  ] MultiBlockProductionCase.CurvedChannelGridConvergence (89369 ms)
[ RUN      ] MultiBlockProductionCase.SectorConductionInterfaceConservation
sector 8x20 x3: thermal converged 1 (2 it) | T L2 1.3060e-06 | heat flow hot end 0.1470345996, interface 1 0.1470345996, interface 2 0.1470345996, cold end 0.1470345996 (exact 0.1470904001, rel err 3.794e-04) | max spread 1.003e-13 (all lines 9.423e-13) = 6.820e-13 Q
  energy balance: in 0.147034599578, out 0.147034599578, |in - out| = 2.264e-14 Q
sector 12x30 x3: thermal converged 1 (2 it) | T L2 3.8679e-07 | heat flow hot end 0.1470654876, interface 1 0.1470654876, interface 2 0.1470654876, cold end 0.1470654876 (exact 0.1470904001, rel err 1.694e-04) | max spread 7.025e-13 (all lines 4.522e-12) = 4.776e-12 Q
  energy balance: in 0.147065487589, out 0.147065487589, |in - out| = 5.718e-14 Q
sector 18x45 x3: thermal converged 1 (2 it) | T L2 1.1458e-07 | heat flow hot end 0.1470793144, interface 1 0.1470793144, interface 2 0.1470793144, cold end 0.1470793144 (exact 0.1470904001, rel err 7.537e-05) | max spread 8.217e-13 (all lines 6.775e-12) = 5.586e-12 Q
  energy balance: in 0.147079314397, out 0.147079314397, |in - out| = 1.628e-13 Q
sector pair 0: temperature L2 observed order 3.001
sector pair 1: temperature L2 observed order 3.000
[       OK ] MultiBlockProductionCase.SectorConductionInterfaceConservation (149 ms)
[ RUN      ] MultiBlockProductionCase.StepChannelRegression
step channel: 535 it, mass imbalance 2.01e-11, max face-line flow error 3.01e-11, reversed bottom-row cells 11 (last at x = 3.3125), far-field max |u - 3y(1-y)| 2.885e-03, max |v| 3.274e-06
[       OK ] MultiBlockProductionCase.StepChannelRegression (6210 ms)
[ RUN      ] MultiBlockProductionCase.ObstacleChannelInternalSolid
obstacle channel: 3412 it, mass imbalance 3.35e-12, max face-line flow error 2.92e-11, symmetry max |du| 4.83e-10 |dv| 7.90e-10 |dp| 7.11e-09
[       OK ] MultiBlockProductionCase.ObstacleChannelInternalSolid (25655 ms)
[----------] 6 tests from MultiBlockProductionCase (168374 ms total)

[----------] 5 tests from MeshQualityCampaign
[ RUN      ] MeshQualityCampaign.ManufacturedForcingMatchesFiniteDifferences
forcing vs central differences: max relative difference momentum 1.08e-07, heat 3.44e-07; max |div u| 2.22e-11
[       OK ] MeshQualityCampaign.ManufacturedForcingMatchesFiniteDifferences (0 ms)
[ RUN      ] MeshQualityCampaign.ManufacturedSolutionSatisfiesTheCaseBoundaryConditions
[       OK ] MeshQualityCampaign.ManufacturedSolutionSatisfiesTheCaseBoundaryConditions (0 ms)
[ RUN      ] MeshQualityCampaign.EachFamilysTargetedMetricIncreasesWithItsParameter
D1 smooth non-orthogonality (amplitude A) -- targeted metric: max non-orthogonality [deg]
  Q0 parameter 0        valid               metric    0.00000 | non-orth   0.000 skew 0.0000 AR    1.000 expansion  1.000
  Q1 parameter 0.025    valid               metric   17.71341 | non-orth  17.713 skew 0.0087 AR    1.084 expansion  1.020
  Q2 parameter 0.05     valid               metric   34.61860 | non-orth  34.619 skew 0.0179 AR    1.179 expansion  1.041
  Q3 parameter 0.075    valid               metric   50.10889 | non-orth  50.109 skew 0.0282 AR    1.283 expansion  1.065
  Q4 parameter 0.1      valid               metric   63.86946 | non-orth  63.869 skew 0.0407 AR    1.394 expansion  1.092
D2 cell-scale irregularity (fraction f) -- targeted metric: max skewness
  Q0 parameter 0        valid               metric    0.00000 | non-orth   0.000 skew 0.0000 AR    1.000 expansion  1.000
  Q1 parameter 0.075    valid               metric    0.06420 | non-orth   9.386 skew 0.0642 AR    1.316 expansion  1.332
  Q2 parameter 0.15     valid               metric    0.13016 | non-orth  19.494 skew 0.1302 AR    1.734 expansion  1.782
  Q3 parameter 0.225    valid_with_warnings metric    0.19887 | non-orth  31.242 skew 0.1989 AR    2.288 expansion  2.403
  Q4 parameter 0.3      valid_with_warnings metric    0.27150 | non-orth  45.098 skew 0.2715 AR    3.005 expansion  3.284
D3 aspect ratio (nx x ny, uniform) -- targeted metric: max aspect ratio
  Q0 parameter 1        valid               metric    1.00000 | non-orth   0.000 skew 0.0000 AR    1.000 expansion  1.000
  Q1 parameter 1.957    valid               metric    1.95652 | non-orth   0.000 skew 0.0000 AR    1.957 expansion  1.000
  Q2 parameter 4        valid               metric    4.00000 | non-orth   0.000 skew 0.0000 AR    4.000 expansion  1.000
  Q3 parameter 8.273    valid               metric    8.27273 | non-orth   0.000 skew 0.0000 AR    8.273 expansion  1.000
  Q4 parameter 16       valid               metric   16.00000 | non-orth   0.000 skew 0.0000 AR   16.000 expansion  1.000
D4 expansion (geometric y-grading ratio r) -- targeted metric: max expansion ratio
  Q0 parameter 1        valid               metric    1.00000 | non-orth   0.000 skew 0.0000 AR    1.000 expansion  1.000
  Q1 parameter 1.1      valid               metric    1.10000 | non-orth   0.000 skew 0.0000 AR    2.247 expansion  1.100
  Q2 parameter 1.2      valid               metric    1.20000 | non-orth   0.000 skew 0.0000 AR    5.465 expansion  1.200
  Q3 parameter 1.3      valid               metric    1.30000 | non-orth   0.000 skew 0.0000 AR   13.655 expansion  1.300
  Q4 parameter 1.4      valid               metric    1.40000 | non-orth   0.000 skew 0.0000 AR   33.874 expansion  1.400
[       OK ] MeshQualityCampaign.EachFamilysTargetedMetricIncreasesWithItsParameter (354 ms)
[ RUN      ] MeshQualityCampaign.InvalidMeshesAreRejectedBeforeTheSolverRuns
zero_area_cell                     status 4, SIMPLE entered no, progress callbacks 0, results written no
    error: mesh.json: invalid multiblock mesh: multi-block mesh: block 'flat' cell (0,0) is not a strictly convex counter-clockwise quadrilateral: zero area (collapsed cell)
inverted_cell_vertex_through       status 4, SIMPLE entered no, progress callbacks 0, results written no
    error: mesh.json: invalid structured_quad mesh: createStructuredQuad2D: cell (1,0) is not a strictly convex counter-clockwise quadrilateral: not convex at corner (i+1,j+1) (folded or self-intersecting)
inverted_block_mirrored            status 4, SIMPLE entered no, progress callbacks 0, results written no
    error: mesh.json: invalid multiblock mesh: multi-block mesh: block 'mirror' cell (0,0) is not a strictly convex counter-clockwise quadrilateral: inverted (clockwise corner order, negative area)
degenerate_face                    status 4, SIMPLE entered no, progress callbacks 0, results written no
    error: mesh.json: invalid structured_quad mesh: createStructuredQuad2D: cell (1,0) is not a strictly convex counter-clockwise quadrilateral: degenerate edge: corners (i+1,j+1) and (i,j+1) coincide (zero-length face)
non_finite_coordinate (memory)     CaseBuilder error: mesh.json: invalid structured_quad mesh: createStructuredQuad2D: vertex (1,1) has a non-finite coordinate
non_finite_coordinate (mesh.json)  status 4, SIMPLE entered no, progress callbacks 0, results written no
    error: malformed JSON in /tmp/cfdapp_mesh004/invalid_non_finite_coordinate_file/mesh.json: [json.exception.out_of_range.406] number overflow parsing '1e999'
broken_connectivity                status 4, SIMPLE entered no, progress callbacks 0, results written no
    error: mesh.json: invalid multiblock mesh: multi-block mesh: interface 0: vertex 0 of block 'a' side 'right' (0.5, 0) does not coincide with block 'b' side 'left' vertex 0 (0.5, 0.01) (interface vertices must be identical; orientation aligned)
disconnected_domain                status 4, SIMPLE entered no, progress callbacks 0, results written no
    error: mesh.json: the multiblock mesh is invalid (invalid: 64 cells, cell area 0.015625 .. 0.015625, max aspect ratio 1, max non-orthogonality 0 deg, max skewness 0, max expansion ratio 1, degenerate cells 0, invalid faces 0):
  fatal connected_components: mesh has 2 disconnected cell regions (cells per region: 32, 32); the fluid domain must be one connected region [value 2; threshold 1]
D1_beyond_range_A0.2               status 4, SIMPLE entered no, progress callbacks 0, results written no
    error: mesh.json: invalid structured_quad mesh: createStructuredQuad2D: cell (17,11) is not a strictly convex counter-clockwise quadrilateral: not convex at corner (i+1,j+1) (folded or self-intersecting)
D2_beyond_range_f0.45              status 4, SIMPLE entered no, progress callbacks 0, results written no
    error: mesh.json: invalid structured_quad mesh: createStructuredQuad2D: cell (26,4) is not a strictly convex counter-clockwise quadrilateral: not convex at corner (i,j) (folded or self-intersecting)
[       OK ] MeshQualityCampaign.InvalidMeshesAreRejectedBeforeTheSolverRuns (143 ms)
[ RUN      ] MeshQualityCampaign.ProductionPathManufacturedSolutionSmoke
smooth A=0.05 n=8      valid               cells    64 | AR   1.170 nonorth  30.822 skew  0.0666 expan  1.152 | Converged       935 it   0.88 s contr 0.99735 | u L2 4.2638e-02 Linf 9.5394e-02 | v L2 4.1744e-02 | p L2 8.8381e-02 | T L2 2.3246e-02 Linf 6.1578e-02 (Converged, 12 it, lin 2.5e-09->6.4e-13) | mass 0.0e+00 cell-cont 1.7e-08 energy 9.6e-12
smooth A=0.05 n=16     valid               cells   256 | AR   1.176 nonorth  33.838 skew  0.0352 expan  1.083 | Converged      2237 it   7.46 s contr 0.99980 | u L2 9.2992e-03 Linf 2.3121e-02 | v L2 7.8677e-03 | p L2 1.8292e-02 | T L2 1.5119e-02 Linf 4.0620e-02 (Converged, 15 it, lin 5.9e-09->3.7e-13) | mass 0.0e+00 cell-cont 1.1e-07 energy 5.8e-12
[       OK ] MeshQualityCampaign.ProductionPathManufacturedSolutionSmoke (8369 ms)
[ DISABLED ] MeshQualityCampaign.DISABLED_DegradationD1NonOrthogonality
[ DISABLED ] MeshQualityCampaign.DISABLED_DegradationD2Irregularity
[ DISABLED ] MeshQualityCampaign.DISABLED_DegradationD3AspectRatio
[ DISABLED ] MeshQualityCampaign.DISABLED_DegradationD4Expansion
[ DISABLED ] MeshQualityCampaign.DISABLED_ManufacturedSolutionCartesian
[ DISABLED ] MeshQualityCampaign.DISABLED_ManufacturedSolutionSmoothCorrected
[ DISABLED ] MeshQualityCampaign.DISABLED_ManufacturedSolutionSmoothUncorrected
[ DISABLED ] MeshQualityCampaign.DISABLED_GridConvergenceIrregularFamily
[----------] 5 tests from MeshQualityCampaign (8868 ms total)

[----------] 2 tests from Duct3DProductionCase
[ RUN      ] Duct3DProductionCase.SeriesReproducesTheSquareDuctConstants
K = 0.0351443, u_max/U = 2.096256, f Re = 56.9083
[       OK ] Duct3DProductionCase.SeriesReproducesTheSquareDuctConstants (0 ms)
[ RUN      ] Duct3DProductionCase.CommittedDuctRunsConservesAndExports
committed duct 48x8x8: 67 iterations, W residual 1.896e-10, relative imbalance 2.918e-12
n= 8 cells   3072 | Converged, rhie_chow, 67 it, 2.4 s | Linf 8.4997e-02 RMS 4.1910e-02 | dp/dx 2.687460 err 5.5512e-02 | u_max 1.95600 err 6.6907e-02 | cross-flow 1.43e-08 | sections 2.99e-12 global 2.92e-12
[       OK ] Duct3DProductionCase.CommittedDuctRunsConservesAndExports (4864 ms)
[ DISABLED ] Duct3DProductionCase.DISABLED_DuctLevel8
[ DISABLED ] Duct3DProductionCase.DISABLED_DuctLevel16
[ DISABLED ] Duct3DProductionCase.DISABLED_DuctLevel24
[ DISABLED ] Duct3DProductionCase.DISABLED_DuctGate
[ DISABLED ] Duct3DProductionCase.DISABLED_DirectionalSymmetry
[----------] 2 tests from Duct3DProductionCase (4865 ms total)

[----------] 2 tests from LidDrivenCube3DProductionCase
[ RUN      ] LidDrivenCube3DProductionCase.CentrelineSamplerIsExactForLinearFields
[       OK ] LidDrivenCube3DProductionCase.CentrelineSamplerIsExactForLinearFields (0 ms)
[ RUN      ] LidDrivenCube3DProductionCase.CommittedLightCubeRunsAndIsMeasured
light cube 16^3 Re=100: 85 iterations, symmetry 7.058e-08, net flux 0.000e+00, vortex (0.5938, 0.7500)
[       OK ] LidDrivenCube3DProductionCase.CommittedLightCubeRunsAndIsMeasured (3826 ms)
[ DISABLED ] LidDrivenCube3DProductionCase.DISABLED_CubeLevel32
[ DISABLED ] LidDrivenCube3DProductionCase.DISABLED_CubeLevel48
[ DISABLED ] LidDrivenCube3DProductionCase.DISABLED_CubeLevel64
[ DISABLED ] LidDrivenCube3DProductionCase.DISABLED_CubeGate
[----------] 2 tests from LidDrivenCube3DProductionCase (3826 ms total)

[----------] Global test environment tear-down
[==========] 63 tests from 12 test suites ran. (682883 ms total)
[  PASSED  ] 61 tests.
[  FAILED  ] 2 tests, listed below:
[  FAILED  ] StructuredQuadProductionCase.DistortedPoiseuilleGridConvergence
[  FAILED  ] MultiBlockProductionCase.CurvedChannelGridConvergence

 2 FAILED TESTS
  YOU HAVE 18 DISABLED TESTS

