# d13_3d_skew_wrong_gradient
# layer:       convection
# origin:      001D M7
# expectation: detect
# the 3D skew correction transports w with grad(u) instead of grad(w)
# mutation applied to cuda/kernels/DeviceMomentumConvectionKernel.cu
# --- anchor ---
  const Real gzx = gWx[o] + ((gWx[n] - gWx[o]) * t);
  const Real gzy = gWy[o] + ((gWy[n] - gWy[o]) * t);
  const Real gzz = gWz[o] + ((gWz[n] - gWz[o]) * t);
# --- became ---
  const Real gzx = gUx[o] + ((gUx[n] - gUx[o]) * t);
  const Real gzy = gUy[o] + ((gUy[n] - gUy[o]) * t);
  const Real gzz = gUz[o] + ((gUz[n] - gUz[o]) * t);
# verdict: DETECTED
# first divergence: n/a

########## harness momentum_convection --quick -> exit 1 (DETECTED) ##########
=== GPU-DISC-001D closure: CUDA momentum convection vs CPU (bitwise) ===
CPU reference: physics::assembleConvectionContribution
plus discretization::computeVelocityGradient (LinearUpwind's dependency)

       [distorted q16/wall cells=256 bcFaces(const=64 identity=0 symmetry=0) skewedFaces=480 resident=190744 B]
  PASS distorted q16    wall           velocityGradient constant      differing=0     maxAbs=0          scale=22.3
  PASS distorted q16    wall           velocityGradient linear        differing=0     maxAbs=0          scale=36.27
  PASS distorted q16    wall           velocityGradient nonuniform    differing=0     maxAbs=0          scale=24.27
  PASS distorted q16    wall           velocityGradient step          differing=0     maxAbs=0          scale=35.68
       [distorted q16/movingwall+inlet cells=256 bcFaces(const=64 identity=0 symmetry=0) skewedFaces=480 resident=190744 B]
  PASS distorted q16    movingwall+inlet velocityGradient constant      differing=0     maxAbs=0          scale=18.73
  PASS distorted q16    movingwall+inlet velocityGradient linear        differing=0     maxAbs=0          scale=22.49
  PASS distorted q16    movingwall+inlet velocityGradient nonuniform    differing=0     maxAbs=0          scale=25.12
  PASS distorted q16    movingwall+inlet velocityGradient step          differing=0     maxAbs=0          scale=21.41
       [distorted q16/outlet+symmetry cells=256 bcFaces(const=0 identity=32 symmetry=32) skewedFaces=480 resident=190744 B]
  PASS distorted q16    outlet+symmetry velocityGradient constant      differing=0     maxAbs=0          scale=22.3
  PASS distorted q16    outlet+symmetry velocityGradient linear        differing=0     maxAbs=0          scale=36.27
  PASS distorted q16    outlet+symmetry velocityGradient nonuniform    differing=0     maxAbs=0          scale=11.57
  PASS distorted q16    outlet+symmetry velocityGradient step          differing=0     maxAbs=0          scale=35.68
       [distorted q16/all-five cells=256 bcFaces(const=48 identity=16 symmetry=0) skewedFaces=480 resident=190744 B]
  PASS distorted q16    all-five       velocityGradient constant      differing=0     maxAbs=0          scale=22.3
  PASS distorted q16    all-five       velocityGradient linear        differing=0     maxAbs=0          scale=21.67
  PASS distorted q16    all-five       velocityGradient nonuniform    differing=0     maxAbs=0          scale=18.54
  PASS distorted q16    all-five       velocityGradient step          differing=0     maxAbs=0          scale=19.62
       [warped 3d 4/wall cells=64 bcFaces(const=96 identity=0 symmetry=0) skewedFaces=144 resident=76696 B]
  FAIL warped 3d 4      wall           velocityGradient constant      differing=192   maxAbs=0.0375     scale=5.711
  FAIL warped 3d 4      wall           velocityGradient linear        differing=192   maxAbs=0.0544     scale=7.937
  FAIL warped 3d 4      wall           velocityGradient nonuniform    differing=192   maxAbs=0.038      scale=5.565
  FAIL warped 3d 4      wall           velocityGradient step          differing=192   maxAbs=0.0541     scale=9.137
       [warped 3d 4/movingwall+inlet cells=64 bcFaces(const=96 identity=0 symmetry=0) skewedFaces=144 resident=76696 B]
  FAIL warped 3d 4      movingwall+inlet velocityGradient constant      differing=192   maxAbs=0.0182     scale=4.797
  FAIL warped 3d 4      movingwall+inlet velocityGradient linear        differing=192   maxAbs=0.0495     scale=7.292
  FAIL warped 3d 4      movingwall+inlet velocityGradient nonuniform    differing=192   maxAbs=0.0488     scale=7.437
  FAIL warped 3d 4      movingwall+inlet velocityGradient step          differing=192   maxAbs=0.0219     scale=5.482
       [warped 3d 4/outlet+symmetry cells=64 bcFaces(const=0 identity=48 symmetry=48) skewedFaces=144 resident=76696 B]
  FAIL warped 3d 4      outlet+symmetry velocityGradient constant      differing=192   maxAbs=0.0497     scale=5.711
  FAIL warped 3d 4      outlet+symmetry velocityGradient linear        differing=192   maxAbs=0.0599     scale=7.239
  FAIL warped 3d 4      outlet+symmetry velocityGradient nonuniform    differing=192   maxAbs=0.0353     scale=4.496
  FAIL warped 3d 4      outlet+symmetry velocityGradient step          differing=192   maxAbs=0.0797     scale=9.137
       [warped 3d 4/all-five cells=64 bcFaces(const=64 identity=16 symmetry=16) skewedFaces=144 resident=76696 B]
  FAIL warped 3d 4      all-five       velocityGradient constant      differing=192   maxAbs=0.0362     scale=5.085
  FAIL warped 3d 4      all-five       velocityGradient linear        differing=192   maxAbs=0.0492     scale=7.803
  FAIL warped 3d 4      all-five       velocityGradient nonuniform    differing=192   maxAbs=0.0551     scale=6.758
  FAIL warped 3d 4      all-five       velocityGradient step          differing=192   maxAbs=0.0534     scale=8.1

=== coverage ===
  component U   1280 cases
  component V   1280 cases
  component W   640 cases
  scheme upwind         800 cases
  scheme central        800 cases
  scheme linear_upwind  800 cases
  scheme quick          800 cases
  vector BC constant/identity/symmetry plans   6 / 4 / 3
  velocityGradient cases                       32
  reversed-flux pairs                          1600
  reversal actually changed the result         1350
  sparsity pattern mismatches                  0

cases=3232 failures=96
MOMENTUM CONVECTION EQUIVALENCE: FAIL
