# d8_symmetry_keeps_normal_x
# layer:       convection
# origin:      001D M2
# expectation: detect
# the Symmetry boundary keeps the normal component in x instead of removing it
# mutation applied to include/cfd/gpu/DeviceConvectionTerms.hpp
# --- anchor ---
  if (component == kVelocityU) return ux - (nx * normalComponent);
# --- became ---
  if (component == kVelocityU) return ux;
# verdict: DETECTED
# first divergence: n/a

########## harness momentum_convection --quick -> exit 1 (DETECTED) ##########
=== GPU-DISC-001D closure: CUDA momentum convection vs CPU (bitwise) ===
CPU reference: physics::assembleConvectionContribution
plus discretization::computeVelocityGradient (LinearUpwind's dependency)

       [distorted q16/wall cells=256 bcFaces(const=64 identity=0 symmetry=0) skewedFaces=480 resident=190744 B]
  PASS distorted q16    wall           velocityGradient constant      differing=0     maxAbs=0          scale=22.3
  PASS distorted q16    wall           velocityGradient linear        differing=0     maxAbs=0          scale=36.27
  PASS distorted q16    wall           velocityGradient nonuniform    differing=0     maxAbs=0          scale=24.27
  PASS distorted q16    wall           velocityGradient step          differing=0     maxAbs=0          scale=35.68
       [distorted q16/movingwall+inlet cells=256 bcFaces(const=64 identity=0 symmetry=0) skewedFaces=480 resident=190744 B]
  PASS distorted q16    movingwall+inlet velocityGradient constant      differing=0     maxAbs=0          scale=18.73
  PASS distorted q16    movingwall+inlet velocityGradient linear        differing=0     maxAbs=0          scale=22.49
  PASS distorted q16    movingwall+inlet velocityGradient nonuniform    differing=0     maxAbs=0          scale=25.12
  PASS distorted q16    movingwall+inlet velocityGradient step          differing=0     maxAbs=0          scale=21.41
       [distorted q16/outlet+symmetry cells=256 bcFaces(const=0 identity=32 symmetry=32) skewedFaces=480 resident=190744 B]
  FAIL distorted q16    outlet+symmetry velocityGradient constant      differing=138   maxAbs=22.3       scale=22.3
  FAIL distorted q16    outlet+symmetry velocityGradient linear        differing=138   maxAbs=37.3       scale=36.27
  FAIL distorted q16    outlet+symmetry velocityGradient nonuniform    differing=138   maxAbs=10.2       scale=11.57
  FAIL distorted q16    outlet+symmetry velocityGradient step          differing=138   maxAbs=35.7       scale=35.68
       [distorted q16/all-five cells=256 bcFaces(const=48 identity=16 symmetry=0) skewedFaces=480 resident=190744 B]
  PASS distorted q16    all-five       velocityGradient constant      differing=0     maxAbs=0          scale=22.3
  PASS distorted q16    all-five       velocityGradient linear        differing=0     maxAbs=0          scale=21.67
  PASS distorted q16    all-five       velocityGradient nonuniform    differing=0     maxAbs=0          scale=18.54
  PASS distorted q16    all-five       velocityGradient step          differing=0     maxAbs=0          scale=19.62
       [warped 3d 4/wall cells=64 bcFaces(const=96 identity=0 symmetry=0) skewedFaces=144 resident=76696 B]
  PASS warped 3d 4      wall           velocityGradient constant      differing=0     maxAbs=0          scale=5.711
  PASS warped 3d 4      wall           velocityGradient linear        differing=0     maxAbs=0          scale=7.937
  PASS warped 3d 4      wall           velocityGradient nonuniform    differing=0     maxAbs=0          scale=5.565
  PASS warped 3d 4      wall           velocityGradient step          differing=0     maxAbs=0          scale=9.137
       [warped 3d 4/movingwall+inlet cells=64 bcFaces(const=96 identity=0 symmetry=0) skewedFaces=144 resident=76696 B]
  PASS warped 3d 4      movingwall+inlet velocityGradient constant      differing=0     maxAbs=0          scale=4.797
  PASS warped 3d 4      movingwall+inlet velocityGradient linear        differing=0     maxAbs=0          scale=7.292
  PASS warped 3d 4      movingwall+inlet velocityGradient nonuniform    differing=0     maxAbs=0          scale=7.437
  PASS warped 3d 4      movingwall+inlet velocityGradient step          differing=0     maxAbs=0          scale=5.482
       [warped 3d 4/outlet+symmetry cells=64 bcFaces(const=0 identity=48 symmetry=48) skewedFaces=144 resident=76696 B]
  FAIL warped 3d 4      outlet+symmetry velocityGradient constant      differing=192   maxAbs=5.71       scale=5.711
  FAIL warped 3d 4      outlet+symmetry velocityGradient linear        differing=192   maxAbs=8.22       scale=7.239
  FAIL warped 3d 4      outlet+symmetry velocityGradient nonuniform    differing=192   maxAbs=3.47       scale=4.496
  FAIL warped 3d 4      outlet+symmetry velocityGradient step          differing=192   maxAbs=9.14       scale=9.137
       [warped 3d 4/all-five cells=64 bcFaces(const=64 identity=16 symmetry=16) skewedFaces=144 resident=76696 B]
  PASS warped 3d 4      all-five       velocityGradient constant      differing=0     maxAbs=0          scale=5.085
  PASS warped 3d 4      all-five       velocityGradient linear        differing=0     maxAbs=0          scale=7.803
  PASS warped 3d 4      all-five       velocityGradient nonuniform    differing=0     maxAbs=0          scale=6.758
  PASS warped 3d 4      all-five       velocityGradient step          differing=0     maxAbs=0          scale=8.1

=== coverage ===
  component U   1280 cases
  component V   1280 cases
  component W   640 cases
  scheme upwind         800 cases
  scheme central        800 cases
  scheme linear_upwind  800 cases
  scheme quick          800 cases
  vector BC constant/identity/symmetry plans   6 / 4 / 3
  velocityGradient cases                       32
  reversed-flux pairs                          1600
  reversal actually changed the result         1350
  sparsity pattern mismatches                  0

cases=3232 failures=272
MOMENTUM CONVECTION EQUIVALENCE: FAIL

########## harness momentum_assembly --quick -> exit 0 (UNDETECTED) ##########
=== GPU-DISC-001F: CUDA SIMPLE momentum assembly vs CPU (bitwise) ===
CPU reference: pressure_velocity::assembleRelaxedMomentumComponent

       [distorted q16/wall cells=256 higherOrderBoundary=64 correctableInternal=480 resident=418080 B]
       [distorted q16/all-five cells=256 higherOrderBoundary=64 correctableInternal=480 resident=418080 B]
       [warped 3d 3/wall cells=27 higherOrderBoundary=54 correctableInternal=54 resident=80384 B]
       [warped 3d 3/all-five cells=27 higherOrderBoundary=54 correctableInternal=54 resident=80384 B]

=== coverage ===
  component U   4624 cases
  component V   4624 cases
  component W   2312 cases
  scheme upwind         2890 cases
  scheme central        2890 cases
  scheme linear_upwind  2890 cases
  scheme quick          2890 cases
  relaxation factors exercised     4 (alpha = 1.0, 0.7, 0.3, 0.05)
  relaxed (alpha != 1) cases       8680
  momentum-source cases            2880
  non-orthogonal-correction cases  2880
  sparsity pattern mismatches      0
  bitwise-identical cases          11560 of 11560
  max absolute discrepancy         0
  max relative discrepancy         0

cases=11560 failures=0
MOMENTUM ASSEMBLY EQUIVALENCE: PASS (bitwise)
