ninja: Entering directory `/mnt/c/Users/Hasib/Desktop/CFDAPP/CFDApp/build/final'
[1/474] Building CXX object src/CMakeFiles/cfdcore.dir/core/Timer.cpp.o
[2/474] Building CXX object src/CMakeFiles/cfdcore.dir/core/Version.cpp.o
[3/474] Building CXX object src/CMakeFiles/cfdcore.dir/core/Logger.cpp.o
[4/474] Building CXX object cuda/CMakeFiles/cfdcuda.dir/kernels/DeviceMeshCuda.cpp.o
[5/474] Building CXX object cuda/CMakeFiles/cfdcuda.dir/kernels/DeviceVelocityCorrectionPlan.cpp.o
[6/474] Building CXX object cuda/CMakeFiles/cfdcuda.dir/kernels/GpuResidencyManagerCuda.cpp.o
[7/474] Building CXX object cuda/CMakeFiles/cfdcuda.dir/kernels/DeviceFaceFluxPlan.cpp.o
[8/474] Building CXX object cuda/CMakeFiles/cfdcuda.dir/kernels/DeviceMomentumAssemblyPlan.cpp.o
[9/474] Building CXX object cuda/CMakeFiles/cfdcuda.dir/kernels/DeviceBoundaryConditions.cpp.o
[10/474] Building CXX object cuda/CMakeFiles/cfdcuda.dir/kernels/GpuLinearSolverCuda.cpp.o
[11/474] Building CXX object cuda/CMakeFiles/cfdcuda.dir/kernels/DeviceLeastSquaresGradientPlan.cpp.o
[12/474] Building CXX object src/CMakeFiles/cfdcore.dir/core/Profiler.cpp.o
[13/474] Building CXX object cuda/CMakeFiles/cfdcuda.dir/kernels/DeviceConvectionPlan.cpp.o
[14/474] Building CXX object cuda/CMakeFiles/cfdcuda.dir/kernels/DevicePressureCorrectionPlan.cpp.o
[15/474] Building CXX object cuda/CMakeFiles/cfdcuda.dir/kernels/DeviceMomentumConvectionPlan.cpp.o
[16/474] Building CXX object cuda/CMakeFiles/cfdcuda.dir/kernels/DeviceGradientPlan.cpp.o
[17/474] Building CXX object src/CMakeFiles/cfdcore.dir/mesh/Cell.cpp.o
[18/474] Building CXX object cuda/CMakeFiles/cfdcuda.dir/kernels/DeviceDiffusionPlan.cpp.o
[19/474] Building CXX object src/CMakeFiles/cfdcore.dir/mesh/BoundaryPatch.cpp.o
[20/474] Building CXX object src/CMakeFiles/cfdcore.dir/mesh/Face.cpp.o
[21/474] Building CXX object cuda/CMakeFiles/cfdcuda.dir/kernels/GpuSimpleDiscretizationCuda.cpp.o
[22/474] Building CUDA object cuda/CMakeFiles/cfdcuda.dir/kernels/DeviceMomentumResponseKernel.cu.o
[23/474] Building CXX object src/CMakeFiles/cfdcore.dir/algebra/LinearSystem.cpp.o
[24/474] Building CUDA object cuda/CMakeFiles/cfdcuda.dir/kernels/DeviceFaceFluxCorrectionKernel.cu.o
[25/474] Building CXX object src/CMakeFiles/cfdcore.dir/algebra/LinearSolver.cpp.o
[26/474] Building CUDA object cuda/CMakeFiles/cfdcuda.dir/kernels/DevicePersistentFieldsKernel.cu.o
[27/474] Building CUDA object cuda/CMakeFiles/cfdcuda.dir/kernels/GpuPreconditionerKernel.cu.o
[28/474] Building CXX object src/CMakeFiles/cfdcore.dir/fields/ScalarField.cpp.o
[29/474] Building CXX object src/CMakeFiles/cfdcore.dir/mesh/Mesh.cpp.o
[30/474] Building CUDA object cuda/CMakeFiles/cfdcuda.dir/kernels/CsrSpmvKernel.cu.o
[31/474] Building CXX object src/CMakeFiles/cfdcore.dir/mesh/MeshGrading.cpp.o
[32/474] Building CUDA object cuda/CMakeFiles/cfdcuda.dir/kernels/GpuResidentSolveKernel.cu.o
[33/474] Building CUDA object cuda/CMakeFiles/cfdcuda.dir/kernels/DeviceVectorOpsKernel.cu.o
[34/474] Building CXX object src/CMakeFiles/cfdcore.dir/mesh/MeshFingerprint.cpp.o
[35/474] Building CXX object src/CMakeFiles/cfdcore.dir/fields/VectorField.cpp.o
[36/474] Building CXX object src/CMakeFiles/cfdcore.dir/algebra/Preconditioner.cpp.o
[37/474] Building CXX object src/CMakeFiles/cfdcore.dir/algebra/Vector.cpp.o
[38/474] Building CXX object src/CMakeFiles/cfdcore.dir/algebra/SparseMatrix.cpp.o
[39/474] Building CUDA object cuda/CMakeFiles/cfdcuda.dir/kernels/DeviceBoundaryConditionsKernel.cu.o
[40/474] Building CUDA object cuda/CMakeFiles/cfdcuda.dir/kernels/DeviceGradientKernel.cu.o
[41/474] Building CXX object src/CMakeFiles/cfdcore.dir/algebra/CG.cpp.o
[42/474] Building CUDA object cuda/CMakeFiles/cfdcuda.dir/kernels/DeviceFaceFluxKernel.cu.o
[43/474] Building CXX object src/CMakeFiles/cfdcore.dir/mesh/MeshMotion.cpp.o
[44/474] Building CXX object src/CMakeFiles/cfdcore.dir/algebra/LinearSolverFactory.cpp.o
[45/474] Building CUDA object cuda/CMakeFiles/cfdcuda.dir/kernels/DeviceVelocityCorrectionKernel.cu.o
[46/474] Building CUDA object cuda/CMakeFiles/cfdcuda.dir/kernels/DeviceLeastSquaresGradientKernel.cu.o
[47/474] Building CXX object src/CMakeFiles/cfdcore.dir/algebra/BiCGSTAB.cpp.o
[48/474] Building CUDA object cuda/CMakeFiles/cfdcuda.dir/kernels/DeviceDiffusionKernel.cu.o
[49/474] Building CUDA object cuda/CMakeFiles/cfdcuda.dir/kernels/DevicePressureCorrectionKernel.cu.o
[50/474] Building CUDA object cuda/CMakeFiles/cfdcuda.dir/kernels/DeviceMomentumAssemblyKernel.cu.o
[51/474] Building CUDA object cuda/CMakeFiles/cfdcuda.dir/kernels/DeviceConvectionKernel.cu.o
[52/474] Building CUDA object cuda/CMakeFiles/cfdcuda.dir/kernels/DeviceMomentumConvectionKernel.cu.o
[53/474] Building CXX object src/CMakeFiles/cfdcore.dir/algebra/GMRES.cpp.o
[54/474] Building CXX object src/CMakeFiles/cfdcore.dir/mesh/MeshQuality.cpp.o
[55/474] Building CXX object src/CMakeFiles/cfdcore.dir/boundary/FixedValue.cpp.o
[56/474] Building CXX object src/CMakeFiles/cfdcore.dir/boundary/Wall.cpp.o
[57/474] Building CXX object src/CMakeFiles/cfdcore.dir/boundary/FixedGradient.cpp.o
[58/474] Building CXX object src/CMakeFiles/cfdcore.dir/boundary/Outlet.cpp.o
[59/474] Building CXX object src/CMakeFiles/cfdcore.dir/boundary/MovingWall.cpp.o
[60/474] Building CXX object src/CMakeFiles/cfdcore.dir/boundary/Inlet.cpp.o
[61/474] Building CXX object src/CMakeFiles/cfdcore.dir/boundary/Symmetry.cpp.o
[62/474] Building CXX object src/CMakeFiles/cfdcore.dir/boundary/FixedTemperature.cpp.o
[63/474] Building CXX object src/CMakeFiles/cfdcore.dir/boundary/Adiabatic.cpp.o
[64/474] Building CXX object src/CMakeFiles/cfdcore.dir/boundary/HeatFlux.cpp.o
[65/474] Building CXX object src/CMakeFiles/cfdcore.dir/boundary/WallOmega.cpp.o
[66/474] Building CXX object src/CMakeFiles/cfdcore.dir/boundary/BoundaryCondition.cpp.o
[67/474] Building CXX object src/CMakeFiles/cfdcore.dir/algebra/LinearSolverFallback.cpp.o
[68/474] Building CXX object src/CMakeFiles/cfdcore.dir/physics/FluidProperties.cpp.o
[69/474] Building CXX object src/CMakeFiles/cfdcore.dir/discretization/Divergence.cpp.o
[70/474] Building CXX object src/CMakeFiles/cfdcore.dir/discretization/Interpolation.cpp.o
[71/474] Building CXX object src/CMakeFiles/cfdcore.dir/discretization/TimeDerivative.cpp.o
[72/474] Building CXX object src/CMakeFiles/cfdcore.dir/physics/BoussinesqBuoyancy.cpp.o
[73/474] Building CXX object src/CMakeFiles/cfdcore.dir/discretization/Diffusion.cpp.o
[74/474] Building CXX object src/CMakeFiles/cfdcore.dir/mesh/MeshGeometry.cpp.o
[75/474] Building CXX object src/CMakeFiles/cfdcore.dir/discretization/NonOrthogonalDiffusion.cpp.o
[76/474] Building CXX object src/CMakeFiles/cfdcore.dir/discretization/Laplacian.cpp.o
[77/474] Building CXX object src/CMakeFiles/cfdcore.dir/physics/ContinuityEquation.cpp.o
[78/474] Building CXX object src/CMakeFiles/cfdcore.dir/discretization/Gradient.cpp.o
[79/474] Building CXX object src/CMakeFiles/cfdcore.dir/pressure_velocity/UnderRelaxation.cpp.o
[80/474] Building CXX object src/CMakeFiles/cfdcore.dir/discretization/Convection.cpp.o
[81/474] Building CXX object src/CMakeFiles/cfdcore.dir/physics/MassFlux.cpp.o
[82/474] Building CXX object src/CMakeFiles/cfdcore.dir/solver/TimeController.cpp.o
[83/474] Building CXX object src/CMakeFiles/cfdcore.dir/discretization/VectorGradient.cpp.o
[84/474] Building CXX object src/CMakeFiles/cfdcore.dir/physics/TemperatureProperty.cpp.o
[85/474] Building CXX object src/CMakeFiles/cfdcore.dir/physics/MomentumEquation.cpp.o
[86/474] Building CXX object src/CMakeFiles/cfdcore.dir/solver/CFL.cpp.o
[87/474] Building CXX object src/CMakeFiles/cfdcore.dir/pressure_velocity/SIMPLESettings.cpp.o
[88/474] Building CXX object src/CMakeFiles/cfdcore.dir/solver/TransientSolver.cpp.o
[89/474] Building CXX object src/CMakeFiles/cfdcore.dir/solver/RestartSnapshot.cpp.o
[90/474] Building CXX object src/CMakeFiles/cfdcore.dir/pressure_velocity/RhieChow.cpp.o
[91/474] Building CXX object src/CMakeFiles/cfdcore.dir/pressure_velocity/PressureCorrectionEquation.cpp.o
[92/474] Building CXX object src/CMakeFiles/cfdcore.dir/pressure_velocity/TransientMomentum.cpp.o
[93/474] Building CXX object src/CMakeFiles/cfdcore.dir/validation/ErrorNorms.cpp.o
[94/474] Building CXX object src/CMakeFiles/cfdcore.dir/validation/GridConvergence.cpp.o
[95/474] Building CXX object src/CMakeFiles/cfdcore.dir/pressure_velocity/AlePISO.cpp.o
[96/474] Building CXX object src/CMakeFiles/cfdcore.dir/pressure_velocity/RelaxedMomentum.cpp.o
[97/474] Building CXX object src/CMakeFiles/cfdcore.dir/io/StructuredMeshInfo.cpp.o
[98/474] Building CXX object src/CMakeFiles/cfdcore.dir/pressure_velocity/PISO.cpp.o
[99/474] Building CXX object src/CMakeFiles/cfdcore.dir/thermal/ThermalProperties.cpp.o
[100/474] Building CXX object src/CMakeFiles/cfdcore.dir/thermal/ThermalRegionMap.cpp.o
[101/474] Building CXX object src/CMakeFiles/cfdcore.dir/solver/SolverRobustness.cpp.o
[102/474] Building CXX object src/CMakeFiles/cfdcore.dir/pressure_velocity/SIMPLE.cpp.o
[103/474] Building CXX object src/CMakeFiles/cfdcore.dir/turbulence/LaminarModel.cpp.o
[104/474] Building CXX object src/CMakeFiles/cfdcore.dir/io/CSVWriter.cpp.o
[105/474] Building CXX object src/CMakeFiles/cfdcore.dir/thermal/EnergyEquation.cpp.o
[106/474] Building CXX object src/CMakeFiles/cfdcore.dir/turbulence/TurbulenceModel.cpp.o
[107/474] Building CXX object src/CMakeFiles/cfdcore.dir/turbulence/KOmegaEquation.cpp.o
[108/474] Building CXX object src/CMakeFiles/cfdcore.dir/turbulence/TurbulenceProduction.cpp.o
[109/474] Building CXX object src/CMakeFiles/cfdcore.dir/io/VTKWriter.cpp.o
[110/474] Building CXX object src/CMakeFiles/cfdcore.dir/thermal/ThermalInterface.cpp.o
[111/474] Building CXX object src/CMakeFiles/cfdcore.dir/thermal/ThermalSolver.cpp.o
[112/474] Building CXX object src/CMakeFiles/cfdcore.dir/turbulence/SSTEquation.cpp.o
[113/474] Building CXX object src/CMakeFiles/cfdcore.dir/turbulence/KEpsilonModel.cpp.o
[114/474] Building CXX object src/CMakeFiles/cfdcore.dir/turbulence/WallDistance.cpp.o
[115/474] Building CXX object src/CMakeFiles/cfdcore.dir/io/ResultExporter.cpp.o
[116/474] Building CXX object src/CMakeFiles/cfdcore.dir/io/case/GeometryConfigParser.cpp.o
[117/474] Building CXX object src/CMakeFiles/cfdcore.dir/turbulence/KOmegaModel.cpp.o
[118/474] Building CXX object src/CMakeFiles/cfdcore.dir/turbulence/KEpsilonEquation.cpp.o
[119/474] Building CXX object src/CMakeFiles/cfdcore.dir/io/case/CaseConfigParser.cpp.o
[120/474] Building CXX object src/CMakeFiles/cfdcore.dir/gpu/GPUExecutionStats.cpp.o
[121/474] Building CXX object src/CMakeFiles/cfdcore.dir/species/SpeciesProperties.cpp.o
[122/474] Building CXX object src/CMakeFiles/cfdcore.dir/multiphase/PhaseProperties.cpp.o
[123/474] Building CXX object src/CMakeFiles/cfdcore.dir/turbulence/SSTModel.cpp.o
[124/474] Building CXX object src/CMakeFiles/cfdcore.dir/io/CaseReader.cpp.o
[125/474] Building CXX object src/CMakeFiles/cfdcore.dir/io/CaseBuilder.cpp.o
[126/474] Building CXX object src/CMakeFiles/cfdcore.dir/compressible/IdealGasEOS.cpp.o
[127/474] Building CXX object src/CMakeFiles/cfdcore.dir/io/RestartReader.cpp.o
[128/474] Building CXX object src/CMakeFiles/cfdcore.dir/multiphase/MultiphaseProperties.cpp.o
[129/474] Building CXX object src/CMakeFiles/cfdcore.dir/io/case/SolverConfigParser.cpp.o
[130/474] Building CXX object src/CMakeFiles/cfdcore.dir/compressible/ThermodynamicProperties.cpp.o
[131/474] Building CXX object src/CMakeFiles/cfdcore.dir/io/case/BoundaryConfigParser.cpp.o
[132/474] Building CXX object src/CMakeFiles/cfdcore.dir/compressible/CompressibleContinuity.cpp.o
[133/474] Building CXX object src/CMakeFiles/cfdcore.dir/turbulence/TurbulenceModelFactory.cpp.o
[134/474] Building CXX object src/CMakeFiles/cfdcore.dir/species/SpeciesEquation.cpp.o
[135/474] Building CXX object src/CMakeFiles/cfdcore.dir/multiphase/VolumeFractionEquation.cpp.o
[136/474] Building CXX object src/CMakeFiles/cfdcore.dir/species/SpeciesSolver.cpp.o
[137/474] Building CXX object src/CMakeFiles/cfdcore.dir/multiphase/VolumeFractionSolver.cpp.o
[138/474] Building CXX object src/CMakeFiles/cfdcore.dir/compressible/CompressibleMassFlux.cpp.o
[139/474] Building CXX object src/CMakeFiles/cfdcore.dir/io/RestartWriter.cpp.o
[140/474] Building CXX object src/CMakeFiles/cfdcore.dir/compressible/CompressibleMomentum.cpp.o
[141/474] Building CXX object src/CMakeFiles/cfdcore.dir/compressible/CompressibleRelaxedMomentum.cpp.o
[142/474] Building CXX object src/CMakeFiles/cfdcore.dir/compressible/CompressiblePressureCorrection.cpp.o
[143/474] Building CXX object src/CMakeFiles/cfdcore.dir/viz/MarchingSquares.cpp.o
[144/474] Building CXX object src/CMakeFiles/cfdcore.dir/io/case/PhysicsConfigParser.cpp.o
[145/474] Building CXX object src/CMakeFiles/cfdcore.dir/viz/DerivedFields.cpp.o
[146/474] Building CXX object src/CMakeFiles/cfdcore.dir/viz/FieldProbe.cpp.o
[147/474] Building CXX object src/CMakeFiles/cfdcore.dir/viz/VectorSampling.cpp.o
[148/474] Building CXX object src/CMakeFiles/cfdcore.dir/io/case/MeshConfigParser.cpp.o
[149/474] Building CXX object src/CMakeFiles/cfdcore.dir/validation/ManufacturedSolutionStudy.cpp.o
[150/474] Building CXX object src/CMakeFiles/cfdcore.dir/io/JSONWriter.cpp.o
[151/474] Building CXX object src/CMakeFiles/cfdcore.dir/compressible/CompressibleSIMPLE.cpp.o
[152/474] Building CXX object src/CMakeFiles/cfdcore.dir/io/case/JsonUtil.cpp.o
[153/474] Building CXX object src/CMakeFiles/cfdcore.dir/io/CaseWriter.cpp.o
[154/474] Building CXX object _deps/googletest-build/googletest/CMakeFiles/gtest_main.dir/src/gtest_main.cc.o
[155/474] Building CXX object apps/cli/CMakeFiles/cfdapp.dir/main.cpp.o
[156/474] Building CXX object src/CMakeFiles/cfdcore.dir/validation/ProductionValidation.cpp.o
[157/474] Building CXX object tests/unit/core/CMakeFiles/CFDCoreTests.dir/test_types.cpp.o
[158/474] Building CXX object tests/unit/core/CMakeFiles/CFDCoreTests.dir/test_constants.cpp.o
[159/474] Building CXX object tests/unit/core/CMakeFiles/CFDCoreTests.dir/test_timer.cpp.o
[160/474] Building CXX object tests/unit/core/CMakeFiles/CFDCoreTests.dir/test_exception.cpp.o
[161/474] Building CXX object tests/unit/core/CMakeFiles/CFDCoreTests.dir/test_logger.cpp.o
[162/474] Building CXX object tests/unit/core/CMakeFiles/CFDCoreTests.dir/test_gpu_backend.cpp.o
[163/474] Building CXX object tests/unit/core/CMakeFiles/CFDCoreTests.dir/test_gpu_residency_manager.cpp.o
[164/474] Building CXX object src/CMakeFiles/cfdcore.dir/app/CaseSession.cpp.o
[165/474] Building CXX object tests/unit/core/CMakeFiles/CFDCoreTests.dir/test_vector3.cpp.o
[166/474] Building CXX object src/CMakeFiles/cfdcore.dir/validation/GridConvergenceStudy.cpp.o
[167/474] Building CXX object src/CMakeFiles/cfdcore.dir/app/ProjectRunner.cpp.o
[168/474] Building CXX object _deps/googletest-build/googlemock/CMakeFiles/gmock_main.dir/src/gmock_main.cc.o
[169/474] Building CXX object _deps/googletest-build/googlemock/CMakeFiles/gmock.dir/src/gmock-all.cc.o
[170/474] Building CXX object tests/unit/mesh/CMakeFiles/CFDMeshTests.dir/test_boundary_patch.cpp.o
[171/474] Building CXX object src/CMakeFiles/cfdcore.dir/app/VisualizationSnapshot.cpp.o
[172/474] Building CXX object tests/unit/species/CMakeFiles/CFDSpeciesTests.dir/test_species_solver.cpp.o
[173/474] Building CXX object tests/unit/mesh/CMakeFiles/CFDMeshTests.dir/test_cell.cpp.o
[174/474] Building CXX object tests/unit/mesh/CMakeFiles/CFDMeshTests.dir/test_face.cpp.o
[175/474] Building CXX object tests/unit/mesh/CMakeFiles/CFDMeshTests.dir/test_mesh.cpp.o
[176/474] Building CXX object tests/unit/fields/CMakeFiles/CFDFieldTests.dir/test_field.cpp.o
[177/474] Building CXX object tests/unit/mesh/CMakeFiles/CFDMeshTests.dir/test_mesh_fingerprint.cpp.o
[178/474] Building CXX object tests/unit/fields/CMakeFiles/CFDFieldTests.dir/test_scalar_field.cpp.o
[179/474] Building CXX object tests/unit/fields/CMakeFiles/CFDFieldTests.dir/test_vector_field.cpp.o
[180/474] Building CXX object tests/unit/algebra/CMakeFiles/CFDAlgebraTests.dir/test_linear_system.cpp.o
[181/474] Building CXX object tests/unit/fields/CMakeFiles/CFDFieldTests.dir/test_surface_field.cpp.o
[182/474] Building CXX object tests/unit/mesh/CMakeFiles/CFDMeshTests.dir/test_mesh_geometry.cpp.o
[183/474] Building CXX object tests/unit/mesh/CMakeFiles/CFDMeshTests.dir/test_cartesian_mesh.cpp.o
[184/474] Building CXX object tests/unit/mesh/CMakeFiles/CFDMeshTests.dir/test_mesh_quality.cpp.o
[185/474] Building CXX object tests/unit/algebra/CMakeFiles/CFDAlgebraTests.dir/test_vector.cpp.o
[186/474] Building CXX object tests/unit/algebra/CMakeFiles/CFDAlgebraTests.dir/test_jacobi.cpp.o
[187/474] Building CXX object tests/unit/mesh/CMakeFiles/CFDMeshTests.dir/test_mesh_motion.cpp.o
[188/474] Building CXX object tests/unit/mesh/CMakeFiles/CFDMeshTests.dir/test_mesh_grading.cpp.o
[189/474] Building CXX object tests/unit/mesh/CMakeFiles/CFDMeshTests.dir/test_graded_mesh.cpp.o
[190/474] Building CXX object tests/unit/fields/CMakeFiles/CFDFieldTests.dir/test_field_arithmetic.cpp.o
[191/474] Building CXX object tests/unit/algebra/CMakeFiles/CFDAlgebraTests.dir/test_sparse_matrix.cpp.o
[192/474] Building CXX object tests/unit/fields/CMakeFiles/CFDFieldTests.dir/test_fields3d.cpp.o
[193/474] Building CXX object tests/unit/algebra/CMakeFiles/CFDAlgebraTests.dir/test_bicgstab.cpp.o
[194/474] Building CXX object tests/unit/algebra/CMakeFiles/CFDAlgebraTests.dir/test_solver_determinism.cpp.o
[195/474] Building CXX object tests/unit/algebra/CMakeFiles/CFDAlgebraTests.dir/test_solver_failures.cpp.o
[196/474] Building CXX object tests/unit/algebra/CMakeFiles/CFDAlgebraTests.dir/test_cg.cpp.o
[197/474] Building CXX object tests/unit/algebra/CMakeFiles/CFDAlgebraTests.dir/test_bicgstab_breakdown.cpp.o
[198/474] Building CXX object tests/unit/boundary/CMakeFiles/CFDBoundaryTests.dir/test_wall.cpp.o
[199/474] Building CXX object tests/unit/boundary/CMakeFiles/CFDBoundaryTests.dir/test_fixed_gradient.cpp.o
[200/474] Building CXX object tests/unit/boundary/CMakeFiles/CFDBoundaryTests.dir/test_fixed_value.cpp.o
[201/474] Building CXX object tests/unit/mesh/CMakeFiles/CFDMeshTests.dir/test_mesh_quality_report.cpp.o
[202/474] Building CXX object tests/unit/mesh/CMakeFiles/CFDMeshTests.dir/test_structured_quad_mesh.cpp.o
[203/474] Building CXX object tests/unit/boundary/CMakeFiles/CFDBoundaryTests.dir/test_moving_wall.cpp.o
[204/474] Building CXX object tests/unit/algebra/CMakeFiles/CFDAlgebraTests.dir/test_linear_solver_factory.cpp.o
[205/474] Building CXX object tests/unit/algebra/CMakeFiles/CFDAlgebraTests.dir/test_gmres.cpp.o
[206/474] Building CXX object tests/unit/boundary/CMakeFiles/CFDBoundaryTests.dir/test_outlet.cpp.o
[207/474] Building CXX object tests/unit/mesh/CMakeFiles/CFDMeshTests.dir/test_multiblock_mesh.cpp.o
[208/474] Building CXX object tests/unit/boundary/CMakeFiles/CFDBoundaryTests.dir/test_inlet.cpp.o
[209/474] Building CXX object tests/unit/mesh/CMakeFiles/CFDMeshTests.dir/test_cartesian3d_mesh.cpp.o
[210/474] Building CXX object tests/unit/algebra/CMakeFiles/CFDAlgebraTests.dir/test_linear_solver_fallback.cpp.o
[211/474] Building CXX object tests/unit/boundary/CMakeFiles/CFDBoundaryTests.dir/test_symmetry.cpp.o
[212/474] Building CXX object tests/unit/boundary/CMakeFiles/CFDBoundaryTests.dir/test_fixed_temperature.cpp.o
[213/474] Building CXX object tests/unit/boundary/CMakeFiles/CFDBoundaryTests.dir/test_adiabatic.cpp.o
[214/474] Building CXX object tests/unit/boundary/CMakeFiles/CFDBoundaryTests.dir/test_heat_flux.cpp.o
[215/474] Building CXX object tests/unit/boundary/CMakeFiles/CFDBoundaryTests.dir/test_wall_omega.cpp.o
[216/474] Building CXX object tests/unit/boundary/CMakeFiles/CFDBoundaryTests.dir/test_boundary_validation.cpp.o
[217/474] Building CXX object _deps/googletest-build/googletest/CMakeFiles/gtest.dir/src/gtest-all.cc.o
[218/474] Building CXX object tests/unit/discretization/CMakeFiles/CFDDiscretizationTests.dir/test_laplacian.cpp.o
[219/474] Building CXX object tests/unit/discretization/CMakeFiles/CFDDiscretizationTests.dir/test_divergence.cpp.o
[220/474] Linking CXX static library lib/libgtest.a
[221/474] Building CXX object tests/unit/discretization/CMakeFiles/CFDDiscretizationTests.dir/test_interpolation.cpp.o
[222/474] Linking CXX static library lib/libgmock.a
[223/474] Linking CXX static library lib/libgtest_main.a
[224/474] Building CXX object tests/unit/discretization/CMakeFiles/CFDDiscretizationTests.dir/test_oblique_neumann_gradient.cpp.o
[225/474] Linking CXX static library lib/libgmock_main.a
[226/474] Building CXX object tests/unit/discretization/CMakeFiles/CFDDiscretizationTests.dir/test_vector_gradient.cpp.o
[227/474] Building CXX object tests/unit/discretization/CMakeFiles/CFDDiscretizationTests.dir/test_time_derivative.cpp.o
[228/474] Building CXX object tests/unit/physics/CMakeFiles/CFDPhysicsTests.dir/test_fluid_properties.cpp.o
[229/474] Building CXX object tests/unit/discretization/CMakeFiles/CFDDiscretizationTests.dir/test_gradient.cpp.o
[230/474] Building CXX object tests/unit/discretization/CMakeFiles/CFDDiscretizationTests.dir/test_grid_refinement.cpp.o
[231/474] Building CXX object tests/unit/discretization/CMakeFiles/CFDDiscretizationTests.dir/test_convection.cpp.o
[232/474] Building CXX object tests/unit/physics/CMakeFiles/CFDPhysicsTests.dir/test_mass_flux.cpp.o
[233/474] Building CXX object tests/unit/physics/CMakeFiles/CFDPhysicsTests.dir/test_continuity_equation.cpp.o
[234/474] Building CXX object tests/unit/physics/CMakeFiles/CFDPhysicsTests.dir/test_momentum_convection.cpp.o
[235/474] Building CXX object tests/unit/discretization/CMakeFiles/CFDDiscretizationTests.dir/test_diffusion.cpp.o
[236/474] Building CXX object tests/unit/physics/CMakeFiles/CFDPhysicsTests.dir/test_momentum_pressure.cpp.o
[237/474] Building CXX object tests/unit/discretization/CMakeFiles/CFDDiscretizationTests.dir/test_ale_operators.cpp.o
[238/474] Building CXX object tests/unit/physics/CMakeFiles/CFDPhysicsTests.dir/test_momentum_assembly.cpp.o
[239/474] Building CXX object tests/unit/discretization/CMakeFiles/CFDDiscretizationTests.dir/test_boundary_reconstruction.cpp.o
[240/474] Building CXX object tests/unit/physics/CMakeFiles/CFDPhysicsTests.dir/test_momentum_diffusion.cpp.o
[241/474] Building CXX object tests/unit/physics/CMakeFiles/CFDPhysicsTests.dir/test_momentum_variable_viscosity.cpp.o
[242/474] Building CXX object tests/unit/physics/CMakeFiles/CFDPhysicsTests.dir/test_boussinesq_buoyancy.cpp.o
[243/474] Building CXX object tests/unit/physics/CMakeFiles/CFDPhysicsTests.dir/test_temperature_property.cpp.o
[244/474] Building CXX object tests/unit/physics/CMakeFiles/CFDPhysicsTests.dir/test_momentum_non_orthogonal.cpp.o
[245/474] Building CXX object tests/unit/discretization/CMakeFiles/CFDDiscretizationTests.dir/test_gradient_boundary_consistency.cpp.o
[246/474] Building CXX object tests/unit/io/CMakeFiles/CFDIoTests.dir/test_case_validation.cpp.o
[247/474] Building CXX object tests/unit/discretization/CMakeFiles/CFDDiscretizationTests.dir/test_operators3d.cpp.o
[248/474] Building CXX object tests/unit/io/CMakeFiles/CFDIoTests.dir/test_case_writer.cpp.o
[249/474] Building CXX object tests/unit/io/CMakeFiles/CFDIoTests.dir/test_case_reader.cpp.o
[250/474] Building CXX object tests/unit/io/CMakeFiles/CFDIoTests.dir/test_boussinesq_case.cpp.o
[251/474] Building CXX object tests/unit/io/CMakeFiles/CFDIoTests.dir/test_case_builder.cpp.o
[252/474] Building CXX object tests/unit/io/CMakeFiles/CFDIoTests.dir/test_thermal_case.cpp.o
[253/474] Linking CXX static library src/libcfdcore.a
[254/474] Building CXX object tests/unit/io/CMakeFiles/CFDIoTests.dir/test_turbulence_case.cpp.o
[255/474] Building CXX object tests/unit/io/CMakeFiles/CFDIoTests.dir/test_multiphase_case.cpp.o
[256/474] Building CXX object tests/unit/io/CMakeFiles/CFDIoTests.dir/test_species_case.cpp.o
[257/474] Building CXX object tests/unit/solver/CMakeFiles/CFDSolverTests.dir/test_time_controller.cpp.o
[258/474] Building CXX object tests/unit/solver/CMakeFiles/CFDSolverTests.dir/test_cfl.cpp.o
[259/474] Building CXX object tests/unit/solver/CMakeFiles/CFDSolverTests.dir/test_transient_solver.cpp.o
[260/474] Building CXX object tests/unit/io/CMakeFiles/CFDIoTests.dir/test_compressible_case.cpp.o
[261/474] Building CXX object tests/unit/io/CMakeFiles/CFDIoTests.dir/test_physics_compatibility.cpp.o
[262/474] Building CXX object tests/unit/io/CMakeFiles/CFDIoTests.dir/test_csv_writer.cpp.o
[263/474] Building CXX object tests/unit/solver/CMakeFiles/CFDSolverTests.dir/test_restart_snapshot.cpp.o
[264/474] Building CXX object tests/unit/io/CMakeFiles/CFDIoTests.dir/test_vtk_writer.cpp.o
[265/474] Building CXX object tests/unit/thermal/CMakeFiles/CFDThermalTests.dir/test_thermal_properties.cpp.o
[266/474] Building CXX object tests/unit/io/CMakeFiles/CFDIoTests.dir/test_robustness_config.cpp.o
[267/474] Building CXX object tests/unit/solver/CMakeFiles/CFDSolverTests.dir/test_solver_robustness.cpp.o
[268/474] Building CXX object tests/unit/io/CMakeFiles/CFDIoTests.dir/test_mesh_quality_case.cpp.o
[269/474] Building CXX object tests/unit/turbulence/CMakeFiles/CFDTurbulenceTests.dir/test_kepsilon_coefficients.cpp.o
[270/474] Linking CXX static library cuda/libcfdcuda.a
[271/474] Building CXX object tests/unit/io/CMakeFiles/CFDIoTests.dir/test_vtk3d.cpp.o
[272/474] Building CXX object tests/unit/thermal/CMakeFiles/CFDThermalTests.dir/test_thermal_solver_variable_properties.cpp.o
[273/474] Building CXX object tests/unit/turbulence/CMakeFiles/CFDTurbulenceTests.dir/test_laminar_model.cpp.o
[274/474] Building CXX object tests/unit/thermal/CMakeFiles/CFDThermalTests.dir/test_thermal_solver.cpp.o
[275/474] Building CXX object tests/unit/thermal/CMakeFiles/CFDThermalTests.dir/test_energy_equation_variable_properties.cpp.o
[276/474] Building CXX object tests/unit/turbulence/CMakeFiles/CFDTurbulenceTests.dir/test_komega_coefficients.cpp.o
[277/474] Building CXX object tests/unit/turbulence/CMakeFiles/CFDTurbulenceTests.dir/test_turbulence_model.cpp.o
[278/474] Building CXX object tests/unit/turbulence/CMakeFiles/CFDTurbulenceTests.dir/test_sst_coefficients.cpp.o
[279/474] Building CXX object tests/unit/thermal/CMakeFiles/CFDThermalTests.dir/test_conjugate_boundary_equivalence.cpp.o
[280/474] Building CXX object tests/unit/turbulence/CMakeFiles/CFDTurbulenceTests.dir/test_turbulence_production.cpp.o
[281/474] Building CXX object tests/unit/thermal/CMakeFiles/CFDThermalTests.dir/test_sparse_assembly3d.cpp.o
[282/474] Building CXX object tests/unit/thermal/CMakeFiles/CFDThermalTests.dir/test_thermal_non_orthogonal.cpp.o
[283/474] Building CXX object tests/unit/thermal/CMakeFiles/CFDThermalTests.dir/test_energy_equation.cpp.o
[284/474] Building CXX object tests/unit/thermal/CMakeFiles/CFDThermalTests.dir/test_thermal_region.cpp.o
[285/474] Building CXX object tests/unit/thermal/CMakeFiles/CFDThermalTests.dir/test_thermal_boundary_consistency.cpp.o
[286/474] Building CXX object tests/unit/turbulence/CMakeFiles/CFDTurbulenceTests.dir/test_komega_equation.cpp.o
[287/474] Building CXX object tests/unit/turbulence/CMakeFiles/CFDTurbulenceTests.dir/test_kepsilon_equation.cpp.o
[288/474] Building CXX object tests/unit/species/CMakeFiles/CFDSpeciesTests.dir/test_species_properties.cpp.o
[289/474] Building CXX object tests/unit/turbulence/CMakeFiles/CFDTurbulenceTests.dir/test_wall_distance.cpp.o
[290/474] Building CXX object tests/unit/turbulence/CMakeFiles/CFDTurbulenceTests.dir/test_kepsilon_model.cpp.o
[291/474] Building CXX object tests/unit/turbulence/CMakeFiles/CFDTurbulenceTests.dir/test_sst_equation.cpp.o
[292/474] Building CXX object tests/unit/multiphase/CMakeFiles/CFDMultiphaseTests.dir/test_phase_properties.cpp.o
[293/474] Building CXX object tests/unit/turbulence/CMakeFiles/CFDTurbulenceTests.dir/test_komega_model.cpp.o
[294/474] Building CXX object tests/unit/turbulence/CMakeFiles/CFDTurbulenceTests.dir/test_turbulence_non_orthogonal.cpp.o
[295/474] Building CXX object tests/unit/turbulence/CMakeFiles/CFDTurbulenceTests.dir/test_turbulence_model_factory.cpp.o
[296/474] Building CXX object tests/unit/turbulence/CMakeFiles/CFDTurbulenceTests.dir/test_sst_model.cpp.o
[297/474] Building CXX object tests/unit/species/CMakeFiles/CFDSpeciesTests.dir/test_species_non_orthogonal.cpp.o
[298/474] Building CXX object tests/unit/io/CMakeFiles/CFDIoTests.dir/test_graded_mesh_case.cpp.o
[299/474] Building CXX object tests/unit/io/CMakeFiles/CFDIoTests.dir/test_json_writer.cpp.o
[300/474] Building CXX object tests/unit/species/CMakeFiles/CFDSpeciesTests.dir/test_species_equation.cpp.o
[301/474] Linking CXX executable tests/unit/core/CFDCoreTests
[302/474] Building CXX object tests/unit/io/CMakeFiles/CFDIoTests.dir/test_structured_quad_case.cpp.o
[303/474] Building CXX object tests/unit/compressible/CMakeFiles/CFDCompressibleTests.dir/test_ideal_gas_eos.cpp.o
[304/474] Building CXX object tests/unit/app/CMakeFiles/CFDAppLayerTests.dir/__/__/support/CaseFixtureCopy.cpp.o
[305/474] Building CXX object tests/unit/multiphase/CMakeFiles/CFDMultiphaseTests.dir/test_multiphase_properties.cpp.o
[306/474] Building CXX object tests/unit/compressible/CMakeFiles/CFDCompressibleTests.dir/test_thermodynamic_properties.cpp.o
[307/474] Building CXX object tests/unit/io/CMakeFiles/CFDIoTests.dir/test_case3d.cpp.o
[308/474] Building CXX object tests/unit/multiphase/CMakeFiles/CFDMultiphaseTests.dir/test_volume_fraction_solver.cpp.o
[309/474] Building CXX object tests/unit/io/CMakeFiles/CFDIoTests.dir/test_multiblock_case.cpp.o
[310/474] Building CXX object tests/unit/compressible/CMakeFiles/CFDCompressibleTests.dir/test_compressible_continuity.cpp.o
[311/474] Building CXX object tests/unit/multiphase/CMakeFiles/CFDMultiphaseTests.dir/test_volume_fraction_equation.cpp.o
[312/474] Linking CXX executable tests/unit/fields/CFDFieldTests
[313/474] Building CXX object tests/unit/compressible/CMakeFiles/CFDCompressibleTests.dir/test_compressible_mass_flux.cpp.o
[314/474] Building CXX object tests/unit/viz/CMakeFiles/CFDVizTests.dir/test_derived_fields.cpp.o
[315/474] Building CXX object tests/unit/compressible/CMakeFiles/CFDCompressibleTests.dir/test_compressible_momentum.cpp.o
[316/474] Building CXX object tests/unit/viz/CMakeFiles/CFDVizTests.dir/test_marching_squares.cpp.o
[317/474] Building CXX object tests/unit/viz/CMakeFiles/CFDVizTests.dir/test_field_probe.cpp.o
[318/474] Building CXX object tests/unit/viz/CMakeFiles/CFDVizTests.dir/test_vector_sampling.cpp.o
[319/474] Linking CXX executable tests/unit/boundary/CFDBoundaryTests
[320/474] Building CXX object tests/unit/app/CMakeFiles/CFDAppLayerTests.dir/test_project_runner.cpp.o
[321/474] Building CXX object tests/unit/gpu/CMakeFiles/CFDGpuTests.dir/test_cuda_spmv.cpp.o
[322/474] Building CXX object tests/unit/app/CMakeFiles/CFDAppLayerTests.dir/test_case_session.cpp.o
[323/474] Building CXX object tests/unit/gpu/CMakeFiles/CFDGpuTests.dir/test_gpu_residency_manager.cpp.o
[324/474] Building CXX object tests/unit/app/CMakeFiles/CFDAppLayerTests.dir/test_visualization_snapshot.cpp.o
[325/474] Linking CXX executable tests/unit/algebra/CFDAlgebraTests
[326/474] Linking CXX executable apps/cli/cfdapp
[327/474] Linking CXX executable tests/unit/physics/CFDPhysicsTests
[328/474] Building CXX object tests/unit/gpu/CMakeFiles/CFDGpuTests.dir/test_device_buffer.cpp.o
[329/474] Building CXX object tests/unit/validation/CMakeFiles/CFDValidationUnitTests.dir/test_grid_convergence.cpp.o
[330/474] Building CXX object tests/solver/simple/CMakeFiles/CFDSimpleTests.dir/test_momentum_predictor.cpp.o
[331/474] Linking CXX executable tests/unit/species/CFDSpeciesTests
[332/474] Linking CXX executable tests/unit/solver/CFDSolverTests
[333/474] Building CXX object tests/unit/gpu/CMakeFiles/CFDGpuTests.dir/test_gpu_linear_solver.cpp.o
[334/474] Building CXX object tests/solver/simple/CMakeFiles/CFDSimpleTests.dir/test_simple_settings.cpp.o
[335/474] Linking CXX executable tests/unit/thermal/CFDThermalTests
[336/474] Linking CXX executable tests/unit/mesh/CFDMeshTests
[337/474] Building CXX object tests/solver/simple/CMakeFiles/CFDSimpleTests.dir/test_velocity_correction.cpp.o
[338/474] Building CXX object tests/solver/simple/CMakeFiles/CFDSimpleTests.dir/test_flux_correction.cpp.o
[339/474] Building CXX object tests/solver/simple/CMakeFiles/CFDSimpleTests.dir/test_pressure_correction.cpp.o
[340/474] Linking CXX executable tests/unit/multiphase/CFDMultiphaseTests
[341/474] Linking CXX executable tests/unit/viz/CFDVizTests
[342/474] Building CXX object tests/solver/simple/CMakeFiles/CFDSimpleTests.dir/test_simple_continuity.cpp.o
[343/474] Building CXX object tests/solver/simple/CMakeFiles/CFDSimpleTests.dir/test_simple_convergence.cpp.o
[344/474] Building CXX object tests/solver/simple/CMakeFiles/CFDSimpleTests.dir/test_simple_nonfinite.cpp.o
[345/474] Building CXX object tests/solver/simple/CMakeFiles/CFDSimpleTests.dir/test_simple_failure.cpp.o
[346/474] Building CXX object tests/solver/simple/CMakeFiles/CFDSimpleTests.dir/test_simple_determinism.cpp.o
[347/474] Linking CXX executable tests/unit/compressible/CFDCompressibleTests
[348/474] Building CXX object tests/solver/simple/CMakeFiles/CFDSimpleTests.dir/test_simple_turbulence.cpp.o
[349/474] Building CXX object tests/solver/simple/CMakeFiles/CFDSimpleTests.dir/test_simple_kepsilon.cpp.o
[350/474] Building CXX object tests/solver/simple/CMakeFiles/CFDSimpleTests.dir/test_simple_komega.cpp.o
[351/474] Building CXX object tests/solver/simple/CMakeFiles/CFDSimpleTests.dir/test_simple_sst.cpp.o
[352/474] Building CXX object tests/solver/simple/CMakeFiles/CFDSimpleTests.dir/test_simple_turbulence_models.cpp.o
[353/474] Linking CXX executable tests/unit/turbulence/CFDTurbulenceTests
[354/474] Building CXX object tests/solver/simple/CMakeFiles/CFDSimpleTests.dir/test_simple_buoyancy.cpp.o
[355/474] Building CXX object tests/solver/simple/CMakeFiles/CFDSimpleTests.dir/test_simple_gpu_residency.cpp.o
[356/474] Building CXX object tests/solver/simple/CMakeFiles/CFDSimpleTests.dir/test_simple_gpu_solver.cpp.o
[357/474] Linking CXX executable tests/unit/discretization/CFDDiscretizationTests
[358/474] Building CXX object tests/solver/simple/CMakeFiles/CFDSimpleTests.dir/test_pressure_correction_non_orthogonal.cpp.o
[359/474] Building CXX object tests/solver/simple/CMakeFiles/CFDSimpleTests.dir/test_simple_robustness.cpp.o
[360/474] Building CXX object tests/solver/simple/CMakeFiles/CFDSimpleTests.dir/test_simple_non_orthogonal.cpp.o
[361/474] Building CXX object tests/integration/cavity/CMakeFiles/CFDCavityValidationTests.dir/CavityValidationUtils.cpp.o
[362/474] Building CXX object tests/unit/validation/CMakeFiles/CFDValidationUnitTests.dir/test_grid_convergence_study.cpp.o
[363/474] Linking CXX executable tests/unit/gpu/CFDGpuTests
[364/474] Building CXX object tests/unit/validation/CMakeFiles/CFDValidationUnitTests.dir/test_production_validation.cpp.o
[365/474] Building CXX object tests/solver/compressible_simple/CMakeFiles/CFDCompressibleSimpleTests.dir/test_compressible_relaxed_momentum.cpp.o
[366/474] Building CXX object tests/solver/compressible_simple/CMakeFiles/CFDCompressibleSimpleTests.dir/test_compressible_pressure_correction.cpp.o
[367/474] Building CXX object tests/unit/validation/CMakeFiles/CFDValidationUnitTests.dir/test_manufactured_solutions.cpp.o
[368/474] Building CXX object tests/integration/poiseuille/CMakeFiles/CFDPoiseuilleValidationTests.dir/PoiseuilleValidationUtils.cpp.o
[369/474] Building CXX object tests/solver/piso/CMakeFiles/CFDPisoTests.dir/test_pressure_correction.cpp.o
[370/474] Building CXX object tests/solver/piso/CMakeFiles/CFDPisoTests.dir/test_correction_application.cpp.o
[371/474] Building CXX object tests/solver/piso/CMakeFiles/CFDPisoTests.dir/test_transient_momentum.cpp.o
[372/474] Building CXX object tests/solver/compressible_simple/CMakeFiles/CFDCompressibleSimpleTests.dir/test_compressible_simple.cpp.o
[373/474] Building CXX object tests/solver/piso/CMakeFiles/CFDPisoTests.dir/test_piso_turbulence.cpp.o
[374/474] Building CXX object tests/solver/piso/CMakeFiles/CFDPisoTests.dir/test_second_pressure_correction.cpp.o
[375/474] Building CXX object tests/solver/simple/CMakeFiles/CFDSimpleTests.dir/test_simple3d.cpp.o
[376/474] Building CXX object tests/solver/compressible_simple/CMakeFiles/CFDCompressibleSimpleTests.dir/test_compressible_robustness.cpp.o
[377/474] Building CXX object tests/solver/compressible_simple/CMakeFiles/CFDCompressibleSimpleTests.dir/test_compressible_non_orthogonal.cpp.o
[378/474] Building CXX object tests/solver/piso/CMakeFiles/CFDPisoTests.dir/test_transient_integration.cpp.o
[379/474] Building CXX object tests/solver/piso/CMakeFiles/CFDPisoTests.dir/test_final_correction.cpp.o
[380/474] Building CXX object tests/integration/cavity/CMakeFiles/CFDCavityValidationTests.dir/CavityProductionCase.cpp.o
[381/474] Building CXX object tests/integration/thermal/CMakeFiles/CFDNaturalConvectionValidationTests.dir/NaturalConvectionValidationUtils.cpp.o
[382/474] Building CXX object tests/solver/piso/CMakeFiles/CFDPisoTests.dir/test_piso.cpp.o
[383/474] Building CXX object tests/integration/cavity/CMakeFiles/CFDCavityValidationTests.dir/test_scheme_validation.cpp.o
[384/474] Building CXX object tests/integration/cavity/CMakeFiles/CFDCavityValidationTests.dir/test_transient_cavity.cpp.o
[385/474] Building CXX object tests/integration/poiseuille/CMakeFiles/CFDPoiseuilleValidationTests.dir/test_temporal_refinement.cpp.o
[386/474] Building CXX object tests/integration/cavity/CMakeFiles/CFDCavityValidationTests.dir/test_cavity_ghia.cpp.o
[387/474] Building CXX object tests/integration/cavity/CMakeFiles/CFDCavityValidationTests.dir/test_cavity_production_validation.cpp.o
[388/474] Building CXX object tests/integration/poiseuille/CMakeFiles/CFDPoiseuilleValidationTests.dir/test_transient_poiseuille.cpp.o
[389/474] Building CXX object tests/integration/thermal/CMakeFiles/CFDHeatedCavityValidationTests.dir/test_heated_cavity_validation.cpp.o
[390/474] Building CXX object tests/integration/thermal/CMakeFiles/CFDConjugateHeatTransferValidationTests.dir/test_two_material_conduction.cpp.o
[391/474] Building CXX object tests/integration/poiseuille/CMakeFiles/CFDPoiseuilleValidationTests.dir/test_poiseuille_validation.cpp.o
[392/474] Building CXX object tests/integration/thermal/CMakeFiles/CFDBoussinesqCouplingTests.dir/test_boussinesq_coupling.cpp.o
[393/474] Building CXX object tests/integration/poiseuille/CMakeFiles/CFDPoiseuilleValidationTests.dir/test_poiseuille_production_validation.cpp.o
[394/474] Linking CXX executable tests/unit/app/CFDAppLayerTests
[395/474] Building CXX object tests/integration/case/CMakeFiles/CFDCaseIntegrationTests.dir/__/__/support/CaseFixtureCopy.cpp.o
[396/474] Building CXX object tests/solver/piso/CMakeFiles/CFDPisoTests.dir/test_ale_piso.cpp.o
[397/474] Building CXX object tests/integration/io/CMakeFiles/CFDResultExportIntegrationTests.dir/__/__/support/CaseFixtureCopy.cpp.o
[398/474] Building CXX object tests/integration/case/CMakeFiles/CFDCaseIntegrationTests.dir/test_case_lid_driven_cavity.cpp.o
[399/474] Building CXX object tests/integration/thermal/CMakeFiles/CFDNaturalConvectionValidationTests.dir/test_natural_convection_validation.cpp.o
[400/474] Building CXX object tests/integration/turbulence_channel/CMakeFiles/CFDTurbulenceChannelValidationTests.dir/ChannelFlowValidationUtils.cpp.o
[401/474] Building CXX object tests/integration/case/CMakeFiles/CFDCaseIntegrationTests.dir/test_multiphase_production_case.cpp.o
[402/474] Building CXX object tests/integration/case/CMakeFiles/CFDCaseIntegrationTests.dir/test_species_production_case.cpp.o
[403/474] Building CXX object tests/integration/case/CMakeFiles/CFDCaseIntegrationTests.dir/MeshQualityCampaign.cpp.o
[404/474] Building CXX object tests/integration/case/CMakeFiles/CFDCaseIntegrationTests.dir/test_compressible_production_case.cpp.o
[405/474] Building CXX object tests/integration/case/CMakeFiles/CFDCaseIntegrationTests.dir/test_compressible_coupled_production_case.cpp.o
[406/474] Building CXX object tests/integration/case/CMakeFiles/CFDCaseIntegrationTests.dir/test_heated_species_diffusion_production_case.cpp.o
[407/474] Building CXX object tests/integration/species/CMakeFiles/CFDSpeciesDiffusionValidationTests.dir/test_species_diffusion.cpp.o
[408/474] Building CXX object tests/integration/io/CMakeFiles/CFDResultExportIntegrationTests.dir/test_paraview_smoke.cpp.o
[409/474] Building CXX object tests/integration/species/CMakeFiles/CFDSpeciesAdvectionDiffusionValidationTests.dir/test_species_advection_diffusion.cpp.o
[410/474] Building CXX object tests/integration/restart/CMakeFiles/CFDRestartIntegrationTests.dir/test_restart_resume.cpp.o
[411/474] Linking CXX executable tests/integration/thermal/CFDConjugateHeatTransferValidationTests
[412/474] Building CXX object tests/integration/multiphase/CMakeFiles/CFDMultiphaseUniformFieldTests.dir/test_uniform_alpha.cpp.o
[413/474] Building CXX object tests/integration/multiphase/CMakeFiles/CFDMultiphaseAdvectionValidationTests.dir/test_alpha_advection.cpp.o
[414/474] Building CXX object tests/integration/species/CMakeFiles/CFDSpeciesCouplingValidationTests.dir/test_species_solver_coupling.cpp.o
[415/474] Building CXX object tests/integration/multiphase/CMakeFiles/CFDMultiphaseConservationValidationTests.dir/test_phase_conservation.cpp.o
[416/474] Building CXX object tests/integration/case/CMakeFiles/CFDCaseIntegrationTests.dir/test_mesh_quality_campaign.cpp.o
[417/474] Building CXX object tests/integration/multiphase/CMakeFiles/CFDMultiphaseSinglePhaseEquivalenceTests.dir/test_single_phase_equivalence.cpp.o
[418/474] Building CXX object tests/integration/species/CMakeFiles/CFDSpeciesConservationValidationTests.dir/test_species_conservation.cpp.o
[419/474] Building CXX object tests/integration/compressible/CMakeFiles/CFDLowMachRegressionTests.dir/test_low_mach_regression.cpp.o
[420/474] Building CXX object tests/integration/io/CMakeFiles/CFDResultExportIntegrationTests.dir/test_result_export.cpp.o
[421/474] Building CXX object tests/integration/case/CMakeFiles/CFDCaseIntegrationTests.dir/test_graded_mesh_production_case.cpp.o
[422/474] Building CXX object tests/integration/turbulence_channel/CMakeFiles/CFDTurbulenceChannelValidationTests.dir/test_channel_flow_validation.cpp.o
[423/474] Building CXX object tests/integration/restart/CMakeFiles/CFDRestartIntegrationTests.dir/test_restart_io.cpp.o
[424/474] Building CXX object tests/integration/case/CMakeFiles/CFDCaseIntegrationTests.dir/test_structured_quad_production_case.cpp.o
[425/474] Linking CXX executable tests/solver/compressible_simple/CFDCompressibleSimpleTests
[426/474] Linking CXX executable tests/integration/species/CFDSpeciesDiffusionValidationTests
[427/474] Building CXX object tests/integration/mms/CMakeFiles/CFDMMSValidationTests.dir/MMSCases.cpp.o
[428/474] Building CXX object tests/integration/case/CMakeFiles/CFDCaseIntegrationTests.dir/test_multiblock_production_case.cpp.o
[429/474] Linking CXX executable tests/integration/species/CFDSpeciesAdvectionDiffusionValidationTests
[430/474] Building CXX object tests/integration/mms/CMakeFiles/CFDMMSValidationTests.dir/test_mms_scalar.cpp.o
[431/474] Linking CXX executable tests/unit/validation/CFDValidationUnitTests
[432/474] Linking CXX executable tests/integration/thermal/CFDHeatedCavityValidationTests
[433/474] Linking CXX executable tests/integration/multiphase/CFDMultiphaseUniformFieldTests
[434/474] Building CXX object tests/integration/mms/CMakeFiles/CFDMMSValidationTests.dir/test_mms_simple.cpp.o
[435/474] Building CXX object tests/integration/mms/CMakeFiles/CFDMMSValidationTests.dir/test_mms_compressible.cpp.o
[436/474] Linking CXX executable tests/integration/thermal/CFDBoussinesqCouplingTests
[437/474] Linking CXX executable tests/unit/io/CFDIoTests
[438/474] Building CXX object benchmarks/cpu/CMakeFiles/cfd_benchmark_spmv_scaling.dir/benchmark_spmv_scaling.cpp.o
[439/474] Building CXX object tests/integration/mms/CMakeFiles/CFDMMSValidationTests.dir/test_mms_momentum.cpp.o
[440/474] Building CXX object benchmarks/gpu/CMakeFiles/cfd_benchmark_gpu_spmv.dir/benchmark_gpu_spmv.cpp.o
[441/474] Linking CXX executable tests/integration/multiphase/CFDMultiphaseAdvectionValidationTests
[442/474] Building CXX object tests/integration/backward_facing_step/CMakeFiles/CFDBackwardFacingStepTests.dir/BackwardFacingStepCase.cpp.o
[443/474] Building CXX object tests/integration/case/CMakeFiles/CFDCaseIntegrationTests.dir/test_3d_production_cases.cpp.o
[444/474] Linking CXX executable tests/solver/piso/CFDPisoTests
[445/474] Linking CXX executable tests/integration/multiphase/CFDMultiphaseSinglePhaseEquivalenceTests
[446/474] Linking CXX executable tests/integration/multiphase/CFDMultiphaseConservationValidationTests
[447/474] Linking CXX executable tests/integration/cavity/CFDCavityValidationTests
[448/474] Linking CXX executable benchmarks/cpu/cfd_benchmark_spmv_scaling
[449/474] Linking CXX executable tests/integration/thermal/CFDNaturalConvectionValidationTests
[450/474] Linking CXX executable tests/integration/species/CFDSpeciesConservationValidationTests
[451/474] Building CXX object tests/integration/mms/CMakeFiles/CFDMMSValidationTests.dir/test_mms_3d.cpp.o
[452/474] Linking CXX executable tests/integration/poiseuille/CFDPoiseuilleValidationTests
[453/474] Building CXX object benchmarks/cpu/CMakeFiles/cfd_benchmark_openmp_scaling.dir/benchmark_openmp_scaling.cpp.o
[454/474] Building CXX object tests/integration/mms/CMakeFiles/CFDMMSValidationTests.dir/test_mms_simple3d.cpp.o
[455/474] Linking CXX executable benchmarks/gpu/cfd_benchmark_gpu_spmv
[456/474] Linking CXX executable benchmarks/cpu/cfd_benchmark_openmp_scaling
[457/474] Linking CXX executable tests/solver/simple/CFDSimpleTests
[458/474] Building CXX object benchmarks/cpu/CMakeFiles/cfd_benchmark_cpu.dir/benchmark_runner.cpp.o
[459/474] Linking CXX executable tests/integration/restart/CFDRestartIntegrationTests
[460/474] Linking CXX executable tests/integration/species/CFDSpeciesCouplingValidationTests
[461/474] Linking CXX executable tests/integration/compressible/CFDLowMachRegressionTests
[462/474] Building CXX object benchmarks/gpu/CMakeFiles/cfd_benchmark_gpu_preconditioner.dir/benchmark_gpu_preconditioner.cpp.o
[463/474] Building CXX object benchmarks/gpu/CMakeFiles/cfd_benchmark_large_grid_stress.dir/benchmark_large_grid_stress.cpp.o
[464/474] Building CXX object benchmarks/gpu/CMakeFiles/cfd_benchmark_cuda_end_to_end.dir/benchmark_cuda_end_to_end.cpp.o
[465/474] Linking CXX executable tests/integration/turbulence_channel/CFDTurbulenceChannelValidationTests
[466/474] Linking CXX executable benchmarks/cpu/cfd_benchmark_cpu
[467/474] Linking CXX executable tests/integration/io/CFDResultExportIntegrationTests
[468/474] Building CXX object tests/integration/backward_facing_step/CMakeFiles/CFDBackwardFacingStepTests.dir/test_backward_facing_step.cpp.o
[469/474] Linking CXX executable benchmarks/gpu/cfd_benchmark_gpu_preconditioner
[470/474] Linking CXX executable benchmarks/gpu/cfd_benchmark_large_grid_stress
[471/474] Linking CXX executable benchmarks/gpu/cfd_benchmark_cuda_end_to_end
[472/474] Linking CXX executable tests/integration/mms/CFDMMSValidationTests
[473/474] Linking CXX executable tests/integration/case/CFDCaseIntegrationTests
[474/474] Linking CXX executable tests/integration/backward_facing_step/CFDBackwardFacingStepTests
  wall 182.92 s, max RSS 565784 KB
