-- The CXX compiler identification is GNU 11.4.0
-- Detecting CXX compiler ABI info
-- Detecting CXX compiler ABI info - done
-- Check for working CXX compiler: /usr/bin/c++ - skipped
-- Detecting CXX compile features
-- Detecting CXX compile features - done
-- Using the multi-header code from /mnt/c/Users/Hasib/Desktop/CFDAPP/CFDApp/build/final/_deps/nlohmann_json-src/include/
-- CFDApp: nvcc 12.9 -> CUDA architectures 80;89 (nvcc's own default is not used)
-- The CUDA compiler identification is NVIDIA 12.9.86
-- Detecting CUDA compiler ABI info
-- Detecting CUDA compiler ABI info - done
-- Check for working CUDA compiler: /usr/local/cuda-12.9/bin/nvcc - skipped
-- Detecting CUDA compile features
-- Detecting CUDA compile features - done
-- Unable to find cublas_v2.h in either "/usr/local/cuda-12.9/include" or "/usr/math_libs/include"
-- Found CUDAToolkit: /usr/local/cuda-12.9/include (found version "12.9.86") 
-- Looking for C++ include pthread.h
-- Looking for C++ include pthread.h - found
-- Performing Test CMAKE_HAVE_LIBC_PTHREAD
-- Performing Test CMAKE_HAVE_LIBC_PTHREAD - Success
-- Found Threads: TRUE  
-- cfdcuda: CUDA 12.9.86, architectures 80;89
-- The C compiler identification is GNU 11.4.0
-- Detecting C compiler ABI info
-- Detecting C compiler ABI info - done
-- Check for working C compiler: /usr/bin/cc - skipped
-- Detecting C compile features
-- Detecting C compile features - done
-- Configuring done
-- Generating done
-- Build files have been written to: /mnt/c/Users/Hasib/Desktop/CFDAPP/CFDApp/build/final
