MSBuild version 17.14.51+25f168cee for .NET Framework

  1>Checking Build System
  Building Custom Rule C:/Users/Hasib/Desktop/CFDAPP/CFDApp/src/CMakeLists.txt
  Version.cpp
  Building Custom Rule C:/Users/Hasib/Desktop/CFDAPP/CFDApp/build/windows-msvc/_deps/googletest-src/googletest/CMakeLists.txt
  gtest-all.cc
  Building Custom Rule C:/Users/Hasib/Desktop/CFDAPP/CFDApp/build/windows-msvc/_deps/googletest-src/googlemock/CMakeLists.txt
  Building Custom Rule C:/Users/Hasib/Desktop/CFDAPP/CFDApp/build/windows-msvc/_deps/googletest-src/googlemock/CMakeLists.txt
  gtest-all.cc
  gtest-all.cc
  Logger.cpp
  Timer.cpp
  Profiler.cpp
  gmock-all.cc
  gmock-all.cc
  gtest.vcxproj -> C:\Users\Hasib\Desktop\CFDAPP\CFDApp\build\windows-msvc\lib\Debug\gtest.lib
  Building Custom Rule C:/Users/Hasib/Desktop/CFDAPP/CFDApp/build/windows-msvc/_deps/googletest-src/googletest/CMakeLists.txt
  Cell.cpp
  gtest_main.cc
  Face.cpp
  BoundaryPatch.cpp
  Mesh.cpp
  gmock_main.cc
  gtest_main.vcxproj -> C:\Users\Hasib\Desktop\CFDAPP\CFDApp\build\windows-msvc\lib\Debug\gtest_main.lib
  MeshGeometry.cpp
  Generating Code...
  gmock.vcxproj -> C:\Users\Hasib\Desktop\CFDAPP\CFDApp\build\windows-msvc\lib\Debug\gmock.lib
  MeshQuality.cpp
  MeshFingerprint.cpp
  Generating Code...
  ScalarField.cpp
  gmock_main.vcxproj -> C:\Users\Hasib\Desktop\CFDAPP\CFDApp\build\windows-msvc\lib\Debug\gmock_main.lib
  VectorField.cpp
  Vector.cpp
  SparseMatrix.cpp
  LinearSystem.cpp
  LinearSolver.cpp
  Preconditioner.cpp
  CG.cpp
  BiCGSTAB.cpp
  Generating Code...
  Compiling...
  LinearSolverFactory.cpp
  BoundaryCondition.cpp
  FixedValue.cpp
  FixedGradient.cpp
  Wall.cpp
  MovingWall.cpp
  Inlet.cpp
  Outlet.cpp
  Symmetry.cpp
  FixedTemperature.cpp
  HeatFlux.cpp
  Adiabatic.cpp
  WallOmega.cpp
  Interpolation.cpp
  Gradient.cpp
  Divergence.cpp
  Diffusion.cpp
  Laplacian.cpp
  Convection.cpp
  TimeDerivative.cpp
  Generating Code...
  Compiling...
  VectorGradient.cpp
  FluidProperties.cpp
  MassFlux.cpp
  ContinuityEquation.cpp
  MomentumEquation.cpp
  BoussinesqBuoyancy.cpp
  TemperatureProperty.cpp
  SIMPLESettings.cpp
  UnderRelaxation.cpp
  PressureCorrectionEquation.cpp
  RelaxedMomentum.cpp
  SIMPLE.cpp
  TransientMomentum.cpp
  PISO.cpp
  TimeController.cpp
  CFL.cpp
  TransientSolver.cpp
  RestartSnapshot.cpp
  CaseReader.cpp
  CaseWriter.cpp
  Generating Code...
  Compiling...
  CaseBuilder.cpp
  JsonUtil.cpp
  CaseConfigParser.cpp
  GeometryConfigParser.cpp
  MeshConfigParser.cpp
  PhysicsConfigParser.cpp
  BoundaryConfigParser.cpp
  SolverConfigParser.cpp
  StructuredMeshInfo.cpp
  CSVWriter.cpp
  JSONWriter.cpp
  VTKWriter.cpp
  ResultExporter.cpp
  RestartWriter.cpp
  RestartReader.cpp
  ThermalProperties.cpp
  EnergyEquation.cpp
  ThermalSolver.cpp
  ThermalRegionMap.cpp
  ThermalInterface.cpp
  Generating Code...
  Compiling...
  TurbulenceModel.cpp
  LaminarModel.cpp
  TurbulenceProduction.cpp
  KEpsilonEquation.cpp
  KEpsilonModel.cpp
  KOmegaEquation.cpp
  KOmegaModel.cpp
  WallDistance.cpp
  SSTEquation.cpp
  SSTModel.cpp
  TurbulenceModelFactory.cpp
  SpeciesProperties.cpp
  SpeciesEquation.cpp
  SpeciesSolver.cpp
  PhaseProperties.cpp
  MultiphaseProperties.cpp
  VolumeFractionEquation.cpp
  VolumeFractionSolver.cpp
  IdealGasEOS.cpp
  ThermodynamicProperties.cpp
  Generating Code...
  Compiling...
  CompressibleMassFlux.cpp
  CompressibleContinuity.cpp
  CompressibleMomentum.cpp
  GPUBackend.cpp
  GpuResidencyManager.cpp
  GpuLinearSolver.cpp
  GPUExecutionStats.cpp
  ProjectRunner.cpp
  CaseSession.cpp
  VisualizationSnapshot.cpp
  MarchingSquares.cpp
  DerivedFields.cpp
  FieldProbe.cpp
  VectorSampling.cpp
  Generating Code...
  cfdcore.vcxproj -> C:\Users\Hasib\Desktop\CFDAPP\CFDApp\build\windows-msvc\src\Debug\cfdcore.lib
  Automatic MOC for target cfdapp_gui
  Automatic MOC for target CFDGuiControllerTests
  Building Custom Rule C:/Users/Hasib/Desktop/CFDAPP/CFDApp/tests/unit/viz/CMakeLists.txt
  Building Custom Rule C:/Users/Hasib/Desktop/CFDAPP/CFDApp/tests/integration/thermal/CMakeLists.txt
  Building Custom Rule C:/Users/Hasib/Desktop/CFDAPP/CFDApp/tests/integration/cavity/CMakeLists.txt
  Building Custom Rule C:/Users/Hasib/Desktop/CFDAPP/CFDApp/tests/unit/turbulence/CMakeLists.txt
  Building Custom Rule C:/Users/Hasib/Desktop/CFDAPP/CFDApp/tests/unit/algebra/CMakeLists.txt
  Building Custom Rule C:/Users/Hasib/Desktop/CFDAPP/CFDApp/tests/integration/species/CMakeLists.txt
  Building Custom Rule C:/Users/Hasib/Desktop/CFDAPP/CFDApp/tests/unit/physics/CMakeLists.txt
  Building Custom Rule C:/Users/Hasib/Desktop/CFDAPP/CFDApp/tests/integration/species/CMakeLists.txt
  Building Custom Rule C:/Users/Hasib/Desktop/CFDAPP/CFDApp/tests/unit/compressible/CMakeLists.txt
  Building Custom Rule C:/Users/Hasib/Desktop/CFDAPP/CFDApp/tests/integration/case/CMakeLists.txt
  Building Custom Rule C:/Users/Hasib/Desktop/CFDAPP/CFDApp/tests/unit/multiphase/CMakeLists.txt
  Building Custom Rule C:/Users/Hasib/Desktop/CFDAPP/CFDApp/tests/integration/io/CMakeLists.txt
  Building Custom Rule C:/Users/Hasib/Desktop/CFDAPP/CFDApp/tests/integration/poiseuille/CMakeLists.txt
  Building Custom Rule C:/Users/Hasib/Desktop/CFDAPP/CFDApp/tests/integration/restart/CMakeLists.txt
  Building Custom Rule C:/Users/Hasib/Desktop/CFDAPP/CFDApp/tests/unit/discretization/CMakeLists.txt
  Building Custom Rule C:/Users/Hasib/Desktop/CFDAPP/CFDApp/apps/cli/CMakeLists.txt
  Building Custom Rule C:/Users/Hasib/Desktop/CFDAPP/CFDApp/tests/integration/multiphase/CMakeLists.txt
  Building Custom Rule C:/Users/Hasib/Desktop/CFDAPP/CFDApp/tests/solver/piso/CMakeLists.txt
  Building Custom Rule C:/Users/Hasib/Desktop/CFDAPP/CFDApp/tests/unit/io/CMakeLists.txt
  Building Custom Rule C:/Users/Hasib/Desktop/CFDAPP/CFDApp/tests/unit/core/CMakeLists.txt
  Building Custom Rule C:/Users/Hasib/Desktop/CFDAPP/CFDApp/tests/integration/thermal/CMakeLists.txt
  Building Custom Rule C:/Users/Hasib/Desktop/CFDAPP/CFDApp/tests/integration/multiphase/CMakeLists.txt
  Building Custom Rule C:/Users/Hasib/Desktop/CFDAPP/CFDApp/tests/unit/app/CMakeLists.txt
  Building Custom Rule C:/Users/Hasib/Desktop/CFDAPP/CFDApp/tests/solver/simple/CMakeLists.txt
  Building Custom Rule C:/Users/Hasib/Desktop/CFDAPP/CFDApp/tests/unit/mesh/CMakeLists.txt
  Building Custom Rule C:/Users/Hasib/Desktop/CFDAPP/CFDApp/tests/integration/thermal/CMakeLists.txt
  Building Custom Rule C:/Users/Hasib/Desktop/CFDAPP/CFDApp/tests/integration/species/CMakeLists.txt
  Building Custom Rule C:/Users/Hasib/Desktop/CFDAPP/CFDApp/tests/integration/multiphase/CMakeLists.txt
  Building Custom Rule C:/Users/Hasib/Desktop/CFDAPP/CFDApp/tests/unit/solver/CMakeLists.txt
  Building Custom Rule C:/Users/Hasib/Desktop/CFDAPP/CFDApp/tests/integration/multiphase/CMakeLists.txt
  Building Custom Rule C:/Users/Hasib/Desktop/CFDAPP/CFDApp/tests/integration/thermal/CMakeLists.txt
  Building Custom Rule C:/Users/Hasib/Desktop/CFDAPP/CFDApp/tests/unit/fields/CMakeLists.txt
  Building Custom Rule C:/Users/Hasib/Desktop/CFDAPP/CFDApp/tests/integration/species/CMakeLists.txt
  Building Custom Rule C:/Users/Hasib/Desktop/CFDAPP/CFDApp/tests/integration/turbulence_channel/CMakeLists.txt
  test_species_diffusion.cpp
  test_turbulence_model.cpp
  test_vector.cpp
  CavityValidationUtils.cpp
  test_boussinesq_coupling.cpp
  main.cpp
  test_ideal_gas_eos.cpp
  test_two_material_conduction.cpp
  test_types.cpp
  test_species_conservation.cpp
  test_species_solver_coupling.cpp
  test_interpolation.cpp
  test_transient_momentum.cpp
  test_alpha_advection.cpp
  test_case_reader.cpp
  test_species_advection_diffusion.cpp
  test_uniform_alpha.cpp
  NaturalConvectionValidationUtils.cpp
  test_cell.cpp
  test_time_controller.cpp
  test_fluid_properties.cpp
  test_result_export.cpp
  test_single_phase_equivalence.cpp
  test_heated_cavity_validation.cpp
  test_phase_conservation.cpp
  test_project_runner.cpp
  test_phase_properties.cpp
  test_field.cpp
  PoiseuilleValidationUtils.cpp
  test_restart_io.cpp
  test_simple_settings.cpp
  ChannelFlowValidationUtils.cpp
  test_natural_convection_validation.cpp
  test_poiseuille_validation.cpp
  test_cavity_ghia.cpp
  test_channel_flow_validation.cpp
  test_constants.cpp
  test_multiphase_properties.cpp
  test_sparse_matrix.cpp
  test_mass_flux.cpp
  test_thermodynamic_properties.cpp
  test_momentum_predictor.cpp
  test_cfl.cpp
  test_face.cpp
  test_gradient.cpp
  test_laminar_model.cpp
  test_marching_squares.cpp
  test_scalar_field.cpp
  test_case_lid_driven_cavity.cpp
  test_pressure_correction.cpp
  Building Custom Rule C:/Users/Hasib/Desktop/CFDAPP/CFDApp/tests/unit/species/CMakeLists.txt
  test_species_properties.cpp
C:\Users\Hasib\Desktop\CFDAPP\CFDApp\tests\integration\restart\test_restart_io.cpp(175,3): warning C4834: discarding return value of function with [[nodiscard]] attribute [C:\Users\Hasib\Desktop\CFDAPP\CFDApp\build\windows-msvc\tests\integration\restart\CFDRestartIntegrationTests.vcxproj]
C:\Users\Hasib\Desktop\CFDAPP\CFDApp\tests\integration\restart\test_restart_io.cpp(183,3): warning C4834: discarding return value of function with [[nodiscard]] attribute [C:\Users\Hasib\Desktop\CFDAPP\CFDApp\build\windows-msvc\tests\integration\restart\CFDRestartIntegrationTests.vcxproj]
C:\Users\Hasib\Desktop\CFDAPP\CFDApp\tests\integration\restart\test_restart_io.cpp(196,3): warning C4834: discarding return value of function with [[nodiscard]] attribute [C:\Users\Hasib\Desktop\CFDAPP\CFDApp\build\windows-msvc\tests\integration\restart\CFDRestartIntegrationTests.vcxproj]
C:\Users\Hasib\Desktop\CFDAPP\CFDApp\tests\integration\restart\test_restart_io.cpp(215,3): warning C4834: discarding return value of function with [[nodiscard]] attribute [C:\Users\Hasib\Desktop\CFDAPP\CFDApp\build\windows-msvc\tests\integration\restart\CFDRestartIntegrationTests.vcxproj]
C:\Users\Hasib\Desktop\CFDAPP\CFDApp\tests\integration\restart\test_restart_io.cpp(234,3): warning C4834: discarding return value of function with [[nodiscard]] attribute [C:\Users\Hasib\Desktop\CFDAPP\CFDApp\build\windows-msvc\tests\integration\restart\CFDRestartIntegrationTests.vcxproj]
C:\Users\Hasib\Desktop\CFDAPP\CFDApp\tests\integration\restart\test_restart_io.cpp(247,3): warning C4834: discarding return value of function with [[nodiscard]] attribute [C:\Users\Hasib\Desktop\CFDAPP\CFDApp\build\windows-msvc\tests\integration\restart\CFDRestartIntegrationTests.vcxproj]
C:\Users\Hasib\Desktop\CFDAPP\CFDApp\tests\integration\restart\test_restart_io.cpp(258,3): warning C4834: discarding return value of function with [[nodiscard]] attribute [C:\Users\Hasib\Desktop\CFDAPP\CFDApp\build\windows-msvc\tests\integration\restart\CFDRestartIntegrationTests.vcxproj]
C:\Users\Hasib\Desktop\CFDAPP\CFDApp\tests\integration\restart\test_restart_io.cpp(278,3): warning C4834: discarding return value of function with [[nodiscard]] attribute [C:\Users\Hasib\Desktop\CFDAPP\CFDApp\build\windows-msvc\tests\integration\restart\CFDRestartIntegrationTests.vcxproj]
C:\Users\Hasib\Desktop\CFDAPP\CFDApp\tests\integration\restart\test_restart_io.cpp(301,3): warning C4834: discarding return value of function with [[nodiscard]] attribute [C:\Users\Hasib\Desktop\CFDAPP\CFDApp\build\windows-msvc\tests\integration\restart\CFDRestartIntegrationTests.vcxproj]
C:\Users\Hasib\Desktop\CFDAPP\CFDApp\tests\integration\restart\test_restart_io.cpp(320,3): warning C4834: discarding return value of function with [[nodiscard]] attribute [C:\Users\Hasib\Desktop\CFDAPP\CFDApp\build\windows-msvc\tests\integration\restart\CFDRestartIntegrationTests.vcxproj]
C:\Users\Hasib\Desktop\CFDAPP\CFDApp\tests\integration\restart\test_restart_io.cpp(339,3): warning C4834: discarding return value of function with [[nodiscard]] attribute [C:\Users\Hasib\Desktop\CFDAPP\CFDApp\build\windows-msvc\tests\integration\restart\CFDRestartIntegrationTests.vcxproj]
C:\Users\Hasib\Desktop\CFDAPP\CFDApp\tests\integration\restart\test_restart_io.cpp(359,3): warning C4834: discarding return value of function with [[nodiscard]] attribute [C:\Users\Hasib\Desktop\CFDAPP\CFDApp\build\windows-msvc\tests\integration\restart\CFDRestartIntegrationTests.vcxproj]
  test_case_writer.cpp
  CFDMultiphaseAdvectionValidationTests.vcxproj -> C:\Users\Hasib\Desktop\CFDAPP\CFDApp\build\windows-msvc\tests\integration\multiphase\Debug\CFDMultiphaseAdvectionValidationTests.exe
  CFDMultiphaseSinglePhaseEquivalenceTests.vcxproj -> C:\Users\Hasib\Desktop\CFDAPP\CFDApp\build\windows-msvc\tests\integration\multiphase\Debug\CFDMultiphaseSinglePhaseEquivalenceTests.exe
  CFDMultiphaseConservationValidationTests.vcxproj -> C:\Users\Hasib\Desktop\CFDAPP\CFDApp\build\windows-msvc\tests\integration\multiphase\Debug\CFDMultiphaseConservationValidationTests.exe
  CFDMultiphaseUniformFieldTests.vcxproj -> C:\Users\Hasib\Desktop\CFDAPP\CFDApp\build\windows-msvc\tests\integration\multiphase\Debug\CFDMultiphaseUniformFieldTests.exe
  test_case_session.cpp
  CFDSpeciesDiffusionValidationTests.vcxproj -> C:\Users\Hasib\Desktop\CFDAPP\CFDApp\build\windows-msvc\tests\integration\species\Debug\CFDSpeciesDiffusionValidationTests.exe
  cfdapp.vcxproj -> C:\Users\Hasib\Desktop\CFDAPP\CFDApp\build\windows-msvc\apps\cli\Debug\cfdapp.exe
  CFDBoussinesqCouplingTests.vcxproj -> C:\Users\Hasib\Desktop\CFDAPP\CFDApp\build\windows-msvc\tests\integration\thermal\Debug\CFDBoussinesqCouplingTests.exe
  test_exception.cpp
  Building Custom Rule C:/Users/Hasib/Desktop/CFDAPP/CFDApp/tests/integration/compressible/CMakeLists.txt
  test_volume_fraction_equation.cpp
  test_low_mach_regression.cpp
  CFDHeatedCavityValidationTests.vcxproj -> C:\Users\Hasib\Desktop\CFDAPP\CFDApp\build\windows-msvc\tests\integration\thermal\Debug\CFDHeatedCavityValidationTests.exe
  test_pressure_correction.cpp
  CFDSpeciesAdvectionDiffusionValidationTests.vcxproj -> C:\Users\Hasib\Desktop\CFDAPP\CFDApp\build\windows-msvc\tests\integration\species\Debug\CFDSpeciesAdvectionDiffusionValidationTests.exe
  test_transient_poiseuille.cpp
  test_linear_system.cpp
  CFDConjugateHeatTransferValidationTests.vcxproj -> C:\Users\Hasib\Desktop\CFDAPP\CFDApp\build\windows-msvc\tests\integration\thermal\Debug\CFDConjugateHeatTransferValidationTests.exe
  CFDSpeciesCouplingValidationTests.vcxproj -> C:\Users\Hasib\Desktop\CFDAPP\CFDApp\build\windows-msvc\tests\integration\species\Debug\CFDSpeciesCouplingValidationTests.exe
  Generating Code...
  test_boundary_patch.cpp
  CFDSpeciesConservationValidationTests.vcxproj -> C:\Users\Hasib\Desktop\CFDAPP\CFDApp\build\windows-msvc\tests\integration\species\Debug\CFDSpeciesConservationValidationTests.exe
  test_continuity_equation.cpp
  test_compressible_mass_flux.cpp
  test_kepsilon_coefficients.cpp
  test_divergence.cpp
  test_transient_cavity.cpp
  test_transient_solver.cpp
  test_restart_resume.cpp
  Generating qrc_qml.cpp
  test_vector_field.cpp
  test_derived_fields.cpp
  Building Custom Rule C:/Users/Hasib/Desktop/CFDAPP/CFDApp/apps/gui/CMakeLists.txt
  test_correction_application.cpp
  Building Custom Rule C:/Users/Hasib/Desktop/CFDAPP/CFDApp/apps/gui/CMakeLists.txt
  test_paraview_smoke.cpp
  test_species_equation.cpp
  Generating Code...
  mocs_compilation_Debug.cpp
  mocs_compilation_Debug.cpp
  Building Custom Rule C:/Users/Hasib/Desktop/CFDAPP/CFDApp/tests/unit/thermal/CMakeLists.txt
  CFDNaturalConvectionValidationTests.vcxproj -> C:\Users\Hasib\Desktop\CFDAPP\CFDApp\build\windows-msvc\tests\integration\thermal\Debug\CFDNaturalConvectionValidationTests.exe
  test_thermal_properties.cpp
  test_species_production_case.cpp
  Building Custom Rule C:/Users/Hasib/Desktop/CFDAPP/CFDApp/tests/unit/boundary/CMakeLists.txt
  test_fixed_value.cpp
  test_logger.cpp
  CFDTurbulenceChannelValidationTests.vcxproj -> C:\Users\Hasib\Desktop\CFDAPP\CFDApp\build\windows-msvc\tests\integration\turbulence_channel\Debug\CFDTurbulenceChannelValidationTests.exe
  test_jacobi.cpp
  test_turbulence_production.cpp
  test_mesh.cpp
  test_volume_fraction_solver.cpp
  test_velocity_correction.cpp
  test_compressible_continuity.cpp
  test_case_validation.cpp
  test_laplacian.cpp
  test_momentum_diffusion.cpp
  test_surface_field.cpp
  test_restart_snapshot.cpp
  test_field_probe.cpp
  CFDLowMachRegressionTests.vcxproj -> C:\Users\Hasib\Desktop\CFDAPP\CFDApp\build\windows-msvc\tests\integration\compressible\Debug\CFDLowMachRegressionTests.exe
  test_second_pressure_correction.cpp
  test_visualization_snapshot.cpp
  test_species_solver.cpp
  test_temporal_refinement.cpp
  test_energy_equation.cpp
  Generating Code...
  Generating Code...
  test_fixed_gradient.cpp
  test_timer.cpp
  test_cg.cpp
  CaseFixtureCopy.cpp
  test_mesh_geometry.cpp
  test_kepsilon_equation.cpp
  CFDCavityValidationTests.vcxproj -> C:\Users\Hasib\Desktop\CFDAPP\CFDApp\build\windows-msvc\tests\integration\cavity\Debug\CFDCavityValidationTests.exe
  test_flux_correction.cpp
  test_compressible_momentum.cpp
C:\Users\Hasib\Desktop\CFDAPP\CFDApp\tests\unit\solver\test_restart_snapshot.cpp(248,3): warning C4834: discarding return value of function with [[nodiscard]] attribute [C:\Users\Hasib\Desktop\CFDAPP\CFDApp\build\windows-msvc\tests\unit\solver\CFDSolverTests.vcxproj]
C:\Users\Hasib\Desktop\CFDAPP\CFDApp\tests\unit\solver\test_restart_snapshot.cpp(256,3): warning C4834: discarding return value of function with [[nodiscard]] attribute [C:\Users\Hasib\Desktop\CFDAPP\CFDApp\build\windows-msvc\tests\unit\solver\CFDSolverTests.vcxproj]
C:\Users\Hasib\Desktop\CFDAPP\CFDApp\tests\unit\solver\test_restart_snapshot.cpp(264,3): warning C4834: discarding return value of function with [[nodiscard]] attribute [C:\Users\Hasib\Desktop\CFDAPP\CFDApp\build\windows-msvc\tests\unit\solver\CFDSolverTests.vcxproj]
C:\Users\Hasib\Desktop\CFDAPP\CFDApp\tests\unit\solver\test_restart_snapshot.cpp(272,5): warning C4834: discarding return value of function with [[nodiscard]] attribute [C:\Users\Hasib\Desktop\CFDAPP\CFDApp\build\windows-msvc\tests\unit\solver\CFDSolverTests.vcxproj]
C:\Users\Hasib\Desktop\CFDAPP\CFDApp\tests\unit\solver\test_restart_snapshot.cpp(285,3): warning C4834: discarding return value of function with [[nodiscard]] attribute [C:\Users\Hasib\Desktop\CFDAPP\CFDApp\build\windows-msvc\tests\unit\solver\CFDSolverTests.vcxproj]
C:\Users\Hasib\Desktop\CFDAPP\CFDApp\tests\unit\solver\test_restart_snapshot.cpp(293,5): warning C4834: discarding return value of function with [[nodiscard]] attribute [C:\Users\Hasib\Desktop\CFDAPP\CFDApp\build\windows-msvc\tests\unit\solver\CFDSolverTests.vcxproj]
  Generating Code...
  CFDRestartIntegrationTests.vcxproj -> C:\Users\Hasib\Desktop\CFDAPP\CFDApp\build\windows-msvc\tests\integration\restart\Debug\CFDRestartIntegrationTests.exe
  test_field_arithmetic.cpp
  test_diffusion.cpp
  test_momentum_convection.cpp
  test_multiphase_production_case.cpp
  test_vector_sampling.cpp
  Generating Code...
  test_final_correction.cpp
  CFDMultiphaseTests.vcxproj -> C:\Users\Hasib\Desktop\CFDAPP\CFDApp\build\windows-msvc\tests\unit\multiphase\Debug\CFDMultiphaseTests.exe
  Generating Code...
  Generating Code...
  test_wall.cpp
  test_simulation_controller.cpp
  CFDSolverTests.vcxproj -> C:\Users\Hasib\Desktop\CFDAPP\CFDApp\build\windows-msvc\tests\unit\solver\Debug\CFDSolverTests.exe
  main.cpp
  test_case_builder.cpp
  test_energy_equation_variable_properties.cpp
  CFDSpeciesTests.vcxproj -> C:\Users\Hasib\Desktop\CFDAPP\CFDApp\build\windows-msvc\tests\unit\species\Debug\CFDSpeciesTests.exe
  test_bicgstab.cpp
  test_mesh_quality.cpp
  CaseFixtureCopy.cpp
  CFDPoiseuilleValidationTests.vcxproj -> C:\Users\Hasib\Desktop\CFDAPP\CFDApp\build\windows-msvc\tests\integration\poiseuille\Debug\CFDPoiseuilleValidationTests.exe
  test_gpu_backend.cpp
  Generating Code...
  test_simple_continuity.cpp
  test_kepsilon_model.cpp
  Generating Code...
  Generating Code...
  test_momentum_pressure.cpp
  test_convection.cpp
  Generating Code...
  CFDCompressibleTests.vcxproj -> C:\Users\Hasib\Desktop\CFDAPP\CFDApp\build\windows-msvc\tests\unit\compressible\Debug\CFDCompressibleTests.exe
  test_piso.cpp
  CFDResultExportIntegrationTests.vcxproj -> C:\Users\Hasib\Desktop\CFDAPP\CFDApp\build\windows-msvc\tests\integration\io\Debug\CFDResultExportIntegrationTests.exe
  CFDFieldTests.vcxproj -> C:\Users\Hasib\Desktop\CFDAPP\CFDApp\build\windows-msvc\tests\unit\fields\Debug\CFDFieldTests.exe
  test_moving_wall.cpp
  CFDVizTests.vcxproj -> C:\Users\Hasib\Desktop\CFDAPP\CFDApp\build\windows-msvc\tests\unit\viz\Debug\CFDVizTests.exe
  test_compressible_production_case.cpp
  test_solver_failures.cpp
  test_thermal_solver.cpp
  test_cartesian_mesh.cpp
  test_gpu_residency_manager.cpp
  Generating Code...
  test_simple_convergence.cpp
  test_komega_coefficients.cpp
  test_thermal_case.cpp
  test_momentum_assembly.cpp
  test_grid_refinement.cpp
  test_inlet.cpp
  CFDAppLayerTests.vcxproj -> C:\Users\Hasib\Desktop\CFDAPP\CFDApp\build\windows-msvc\tests\unit\app\Debug\CFDAppLayerTests.exe
  test_transient_integration.cpp
  test_solver_determinism.cpp
  SimulationController.cpp
  test_mesh_fingerprint.cpp
  Generating Code...
  test_thermal_solver_variable_properties.cpp
  test_komega_equation.cpp
  test_simple_failure.cpp
  CFDCoreTests.vcxproj -> C:\Users\Hasib\Desktop\CFDAPP\CFDApp\build\windows-msvc\tests\unit\core\Debug\CFDCoreTests.exe
  test_boussinesq_buoyancy.cpp
  test_time_derivative.cpp
  test_case_editing.cpp
  test_outlet.cpp
  CaseFixtureCopy.cpp
  test_piso_turbulence.cpp
  test_linear_solver_factory.cpp
  Generating Code...
  test_turbulence_case.cpp
  test_thermal_region.cpp
  test_komega_model.cpp
  test_simple_nonfinite.cpp
C:\Users\Hasib\Desktop\CFDAPP\CFDApp\tests\unit\discretization\test_time_derivative.cpp(98,3): warning C4834: discarding return value of function with [[nodiscard]] attribute [C:\Users\Hasib\Desktop\CFDAPP\CFDApp\build\windows-msvc\tests\unit\discretization\CFDDiscretizationTests.vcxproj]
C:\Users\Hasib\Desktop\CFDAPP\CFDApp\tests\unit\discretization\test_time_derivative.cpp(105,3): warning C4834: discarding return value of function with [[nodiscard]] attribute [C:\Users\Hasib\Desktop\CFDAPP\CFDApp\build\windows-msvc\tests\unit\discretization\CFDDiscretizationTests.vcxproj]
C:\Users\Hasib\Desktop\CFDAPP\CFDApp\tests\unit\discretization\test_time_derivative.cpp(107,3): warning C4834: discarding return value of function with [[nodiscard]] attribute [C:\Users\Hasib\Desktop\CFDAPP\CFDApp\build\windows-msvc\tests\unit\discretization\CFDDiscretizationTests.vcxproj]
C:\Users\Hasib\Desktop\CFDAPP\CFDApp\tests\unit\discretization\test_time_derivative.cpp(114,3): warning C4834: discarding return value of function with [[nodiscard]] attribute [C:\Users\Hasib\Desktop\CFDAPP\CFDApp\build\windows-msvc\tests\unit\discretization\CFDDiscretizationTests.vcxproj]
C:\Users\Hasib\Desktop\CFDAPP\CFDApp\tests\unit\discretization\test_time_derivative.cpp(116,3): warning C4834: discarding return value of function with [[nodiscard]] attribute [C:\Users\Hasib\Desktop\CFDAPP\CFDApp\build\windows-msvc\tests\unit\discretization\CFDDiscretizationTests.vcxproj]
C:\Users\Hasib\Desktop\CFDAPP\CFDApp\tests\unit\discretization\test_time_derivative.cpp(118,3): warning C4834: discarding return value of function with [[nodiscard]] attribute [C:\Users\Hasib\Desktop\CFDAPP\CFDApp\build\windows-msvc\tests\unit\discretization\CFDDiscretizationTests.vcxproj]
C:\Users\Hasib\Desktop\CFDAPP\CFDApp\tests\unit\discretization\test_time_derivative.cpp(120,3): warning C4834: discarding return value of function with [[nodiscard]] attribute [C:\Users\Hasib\Desktop\CFDAPP\CFDApp\build\windows-msvc\tests\unit\discretization\CFDDiscretizationTests.vcxproj]
C:\Users\Hasib\Desktop\CFDAPP\CFDApp\tests\unit\discretization\test_time_derivative.cpp(127,3): warning C4834: discarding return value of function with [[nodiscard]] attribute [C:\Users\Hasib\Desktop\CFDAPP\CFDApp\build\windows-msvc\tests\unit\discretization\CFDDiscretizationTests.vcxproj]
C:\Users\Hasib\Desktop\CFDAPP\CFDApp\tests\unit\discretization\test_time_derivative.cpp(129,3): warning C4834: discarding return value of function with [[nodiscard]] attribute [C:\Users\Hasib\Desktop\CFDAPP\CFDApp\build\windows-msvc\tests\unit\discretization\CFDDiscretizationTests.vcxproj]
  CFDMeshTests.vcxproj -> C:\Users\Hasib\Desktop\CFDAPP\CFDApp\build\windows-msvc\tests\unit\mesh\Debug\CFDMeshTests.exe
  test_symmetry.cpp
  test_vector_gradient.cpp
  test_temperature_property.cpp
  Generating Code...
  Generating Code...
  Generating Code...
  SimulationControllerEditing.cpp
  CFDCaseIntegrationTests.vcxproj -> C:\Users\Hasib\Desktop\CFDAPP\CFDApp\build\windows-msvc\tests\integration\case\Debug\CFDCaseIntegrationTests.exe
  Generating Code...
  test_sst_coefficients.cpp
  CFDAlgebraTests.vcxproj -> C:\Users\Hasib\Desktop\CFDAPP\CFDApp\build\windows-msvc\tests\unit\algebra\Debug\CFDAlgebraTests.exe
  CFDPisoTests.vcxproj -> C:\Users\Hasib\Desktop\CFDAPP\CFDApp\build\windows-msvc\tests\solver\piso\Debug\CFDPisoTests.exe
  test_simple_determinism.cpp
  test_boundary_validation.cpp
  Generating Code...
  test_boussinesq_case.cpp
  CFDThermalTests.vcxproj -> C:\Users\Hasib\Desktop\CFDAPP\CFDApp\build\windows-msvc\tests\unit\thermal\Debug\CFDThermalTests.exe
  test_momentum_variable_viscosity.cpp
  CFDDiscretizationTests.vcxproj -> C:\Users\Hasib\Desktop\CFDAPP\CFDApp\build\windows-msvc\tests\unit\discretization\Debug\CFDDiscretizationTests.exe
  test_wall_distance.cpp
  test_fixed_temperature.cpp
  test_simple_turbulence.cpp
  SimulationController.cpp
  Generating Code...
  CaseModelAdapter.cpp
  test_species_case.cpp
  test_sst_equation.cpp
  test_heat_flux.cpp
  CFDPhysicsTests.vcxproj -> C:\Users\Hasib\Desktop\CFDAPP\CFDApp\build\windows-msvc\tests\unit\physics\Debug\CFDPhysicsTests.exe
  test_simple_kepsilon.cpp
  test_sst_model.cpp
  test_adiabatic.cpp
  SimulationControllerEditing.cpp
  test_simple_komega.cpp
  qrc_qml.cpp
  Generating Code...
  test_multiphase_case.cpp
  cfdapp_gui.vcxproj -> C:\Users\Hasib\Desktop\CFDAPP\CFDApp\build\windows-msvc\apps\gui\Debug\cfdapp_gui.exe
  Running windeployqt on cfdapp_gui (bundles its own Qt runtime/platform plugin)
  test_wall_omega.cpp
  test_turbulence_model_factory.cpp
  test_simple_sst.cpp
  Generating Code...
  test_compressible_case.cpp
  CaseModelAdapter.cpp
  Generating Code...
  test_simple_turbulence_models.cpp
  CFDTurbulenceTests.vcxproj -> C:\Users\Hasib\Desktop\CFDAPP\CFDApp\build\windows-msvc\tests\unit\turbulence\Debug\CFDTurbulenceTests.exe
  test_simple_buoyancy.cpp
  test_csv_writer.cpp
  CaseFixtureCopy.cpp
  test_simple_gpu_residency.cpp
  Generating Code...
  C:\Users\Hasib\Desktop\CFDAPP\CFDApp\build\windows-msvc\apps\gui\Debug\cfdapp_gui.exe 64 bit, debug executable [QML]
  Scanning C:\Users\Hasib\Desktop\CFDAPP\CFDApp\apps\gui\qml:
  QML imports:
    'QtQuick' C:\Qt\6.9.3\msvc2022_64\qml\QtQuick
    'QtQml' C:\Qt\6.9.3\msvc2022_64\qml\QtQml
    'QML' C:\Qt\6.9.3\msvc2022_64\qml\QML
    'QtQml.Models' C:\Qt\6.9.3\msvc2022_64\qml\QtQml\Models
    'QtQml.WorkerScript' C:\Qt\6.9.3\msvc2022_64\qml\QtQml\WorkerScript
    'QtQuick.Controls' C:\Qt\6.9.3\msvc2022_64\qml\QtQuick\Controls
    'QtQuick.Controls.Fusion' C:\Qt\6.9.3\msvc2022_64\qml\QtQuick\Controls\Fusion
    'QtQuick.Controls.Material' C:\Qt\6.9.3\msvc2022_64\qml\QtQuick\Controls\Material
    'QtQuick.Controls.Imagine' C:\Qt\6.9.3\msvc2022_64\qml\QtQuick\Controls\Imagine
    'QtQuick.Controls.Universal' C:\Qt\6.9.3\msvc2022_64\qml\QtQuick\Controls\Universal
    'QtQuick.Controls.FluentWinUI3' C:\Qt\6.9.3\msvc2022_64\qml\QtQuick\Controls\FluentWinUI3
    'QtQuick.Controls.Windows' C:\Qt\6.9.3\msvc2022_64\qml\QtQuick\Controls\Windows
    'QtQuick.Controls.Basic' C:\Qt\6.9.3\msvc2022_64\qml\QtQuick\Controls\Basic
    'QtQuick.Templates' C:\Qt\6.9.3\msvc2022_64\qml\QtQuick\Templates
    'QtQuick.Controls.impl' C:\Qt\6.9.3\msvc2022_64\qml\QtQuick\Controls\impl
    'QtQuick.Controls.Fusion.impl' C:\Qt\6.9.3\msvc2022_64\qml\QtQuick\Controls\Fusion\impl
    'QtQuick.Window' C:\Qt\6.9.3\msvc2022_64\qml\QtQuick\Window
    'QtQuick.Controls.Material.impl' C:\Qt\6.9.3\msvc2022_64\qml\QtQuick\Controls\Material\impl
    'QtQuick.Controls.Imagine.impl' C:\Qt\6.9.3\msvc2022_64\qml\QtQuick\Controls\Imagine\impl
    'QtQuick.Controls.Universal.impl' C:\Qt\6.9.3\msvc2022_64\qml\QtQuick\Controls\Universal\impl
    'QtQuick.Controls.FluentWinUI3.impl' C:\Qt\6.9.3\msvc2022_64\qml\QtQuick\Controls\FluentWinUI3\impl
    'QtQuick.Effects' C:\Qt\6.9.3\msvc2022_64\qml\QtQuick\Effects
    'QtQuick.Layouts' C:\Qt\6.9.3\msvc2022_64\qml\QtQuick\Layouts
    'QtQuick.Shapes' C:\Qt\6.9.3\msvc2022_64\qml\QtQuick\Shapes
    'QtQuick.NativeStyle' C:\Qt\6.9.3\msvc2022_64\qml\QtQuick\NativeStyle
    'QtQuick.Controls.Windows.impl' C:\Qt\6.9.3\msvc2022_64\qml\QtQuick\Controls\Windows\impl
    'QtQuick.Controls.Basic.impl' C:\Qt\6.9.3\msvc2022_64\qml\QtQuick\Controls\Basic\impl
    'Qt.labs.qmlmodels' C:\Qt\6.9.3\msvc2022_64\qml\Qt\labs\qmlmodels
  Adding in plugin type generic for module: Qt6Gui
  Adding in plugin type iconengines for module: Qt6Gui
  Adding Qt6Svg for qsvgicond.dll from plugin type: iconengines
  Adding in plugin type imageformats for module: Qt6Gui
  Adding in plugin type networkinformation for module: Qt6Network
  Adding in plugin type platforms for module: Qt6Gui
  Adding in plugin type qmltooling for module: Qt6Qml
  Adding in plugin type tls for module: Qt6Network
  Skipping plugin qopensslbackendd.dll. Use -force-openssl or specify -openssl-root if you want to use it.
  Direct dependencies: Qt6Core Qt6Gui Qt6Network Qt6Qml
  All dependencies   : Qt6Core Qt6Gui Qt6LabsQmlModels Qt6Network Qt6OpenGL Qt6Qml Qt6QmlMeta Qt6QmlModels Qt6QmlWorkerScript Qt6Quick Qt6QuickControls2 Qt6QuickControls2Basic Qt6QuickControls2BasicStyleImpl Qt6QuickControls2FluentWinUI3StyleImpl Qt6QuickControls2Fusion Qt6QuickControls2FusionStyleImpl Qt6QuickControls2Imagine Qt6QuickControls2ImagineStyleImpl Qt6QuickControls2Impl Qt6QuickControls2Material Qt6QuickControls2MaterialStyleImpl Qt6QuickControls2Universal Qt6QuickControls2UniversalStyleImpl Qt6QuickControls2WindowsStyleImpl Qt6QuickEffects Qt6QuickLayouts Qt6QuickShapes Qt6QuickTemplates2
  To be deployed     : Qt6Core Qt6Gui Qt6LabsQmlModels Qt6Network Qt6OpenGL Qt6Qml Qt6QmlMeta Qt6QmlModels Qt6QmlWorkerScript Qt6Quick Qt6QuickControls2 Qt6QuickControls2Basic Qt6QuickControls2BasicStyleImpl Qt6QuickControls2FluentWinUI3StyleImpl Qt6QuickControls2Fusion Qt6QuickControls2FusionStyleImpl Qt6QuickControls2Imagine Qt6QuickControls2ImagineStyleImpl Qt6QuickControls2Impl Qt6QuickControls2Material Qt6QuickControls2MaterialStyleImpl Qt6QuickControls2Universal Qt6QuickControls2UniversalStyleImpl Qt6QuickControls2WindowsStyleImpl Qt6QuickEffects Qt6QuickLayouts Qt6QuickShapes Qt6QuickTemplates2 Qt6Svg
EXEC : warning : Cannot find Visual Studio installation directory, VCINSTALLDIR is not set. [C:\Users\Hasib\Desktop\CFDAPP\CFDApp\build\windows-msvc\apps\gui\cfdapp_gui.vcxproj]
  test_json_writer.cpp
  Updating Qt6Cored.dll.
  Updating Qt6Guid.dll.
  Updating Qt6LabsQmlModelsd.dll.
  Updating Qt6Networkd.dll.
  Updating Qt6OpenGLd.dll.
  Updating Qt6Qmld.dll.
  Updating Qt6QmlMetad.dll.
  Updating Qt6QmlModelsd.dll.
  Updating Qt6QmlWorkerScriptd.dll.
  Updating Qt6Quickd.dll.
  Updating Qt6QuickControls2d.dll.
  Updating Qt6QuickControls2Basicd.dll.
  Updating Qt6QuickControls2BasicStyleImpld.dll.
  Updating Qt6QuickControls2FluentWinUI3StyleImpld.dll.
  Updating Qt6QuickControls2Fusiond.dll.
  Updating Qt6QuickControls2FusionStyleImpld.dll.
  Updating Qt6QuickControls2Imagined.dll.
  Updating Qt6QuickControls2ImagineStyleImpld.dll.
  Updating Qt6QuickControls2Impld.dll.
  Updating Qt6QuickControls2Materiald.dll.
  Updating Qt6QuickControls2MaterialStyleImpld.dll.
  Updating Qt6QuickControls2Universald.dll.
  Updating Qt6QuickControls2UniversalStyleImpld.dll.
  Updating Qt6QuickControls2WindowsStyleImpld.dll.
  Updating Qt6QuickEffectsd.dll.
  Updating Qt6QuickLayoutsd.dll.
  Updating Qt6QuickShapesd.dll.
  Updating Qt6QuickTemplates2d.dll.
  Updating Qt6Svgd.dll.
  Updating opengl32sw.dll.
  Updating D3Dcompiler_47.dll.
  Updating dxcompiler.dll.
  Creating directory C:/Users/Hasib/Desktop/CFDAPP/CFDApp/build/windows-msvc/apps/gui/Debug/generic.
  Updating qtuiotouchplugind.dll.
  Creating directory C:/Users/Hasib/Desktop/CFDAPP/CFDApp/build/windows-msvc/apps/gui/Debug/iconengines.
  Updating qsvgicond.dll.
  Creating directory C:/Users/Hasib/Desktop/CFDAPP/CFDApp/build/windows-msvc/apps/gui/Debug/imageformats.
  Updating qgifd.dll.
  Updating qicod.dll.
  Updating qjpegd.dll.
  Updating qsvgd.dll.
  Creating directory C:/Users/Hasib/Desktop/CFDAPP/CFDApp/build/windows-msvc/apps/gui/Debug/networkinformation.
  Updating qnetworklistmanagerd.dll.
  Creating directory C:/Users/Hasib/Desktop/CFDAPP/CFDApp/build/windows-msvc/apps/gui/Debug/platforms.
  Updating qwindowsd.dll.
  Creating directory C:/Users/Hasib/Desktop/CFDAPP/CFDApp/build/windows-msvc/apps/gui/Debug/qmltooling.
  Updating qmldbg_debuggerd.dll.
  Updating qmldbg_inspectord.dll.
  Updating qmldbg_locald.dll.
  Updating qmldbg_messagesd.dll.
  Updating qmldbg_natived.dll.
  Updating qmldbg_nativedebuggerd.dll.
  Updating qmldbg_previewd.dll.
  Updating qmldbg_profilerd.dll.
  Updating qmldbg_quickprofilerd.dll.
  Updating qmldbg_serverd.dll.
  Updating qmldbg_tcpd.dll.
  Creating directory C:/Users/Hasib/Desktop/CFDAPP/CFDApp/build/windows-msvc/apps/gui/Debug/tls.
  Updating qcertonlybackendd.dll.
  Updating qschannelbackendd.dll.
  Creating C:\Users\Hasib\Desktop\CFDAPP\CFDApp\build\windows-msvc\apps\gui\Debug\qml...
  Creating C:/Users/Hasib/Desktop/CFDAPP/CFDApp/build/windows-msvc/apps/gui/Debug/qml/QtQuick.
  Updating qtquick2plugind.dll.
  Updating plugins.qmltypes.
  Updating qmldir.
  Creating C:/Users/Hasib/Desktop/CFDAPP/CFDApp/build/windows-msvc/apps/gui/Debug/qml/QtQuick/Controls.
  Creating C:/Users/Hasib/Desktop/CFDAPP/CFDApp/build/windows-msvc/apps/gui/Debug/qml/QtQuick/Controls/Basic.
  Creating C:/Users/Hasib/Desktop/CFDAPP/CFDApp/build/windows-msvc/apps/gui/Debug/qml/QtQuick/Controls/Basic/impl.
  Skipping C:\Qt\6.9.3\msvc2022_64\qml\QtQuick\Controls\designer.
  Creating C:/Users/Hasib/Desktop/CFDAPP/CFDApp/build/windows-msvc/apps/gui/Debug/qml/QtQuick/Controls/FluentWinUI3.
  Creating C:/Users/Hasib/Desktop/CFDAPP/CFDApp/build/windows-msvc/apps/gui/Debug/qml/QtQuick/Controls/FluentWinUI3/dark.
  Creating C:/Users/Hasib/Desktop/CFDAPP/CFDApp/build/windows-msvc/apps/gui/Debug/qml/QtQuick/Controls/FluentWinUI3/dark/images.
  Creating C:/Users/Hasib/Desktop/CFDAPP/CFDApp/build/windows-msvc/apps/gui/Debug/qml/QtQuick/Controls/FluentWinUI3/icons.
  Creating C:/Users/Hasib/Desktop/CFDAPP/CFDApp/build/windows-msvc/apps/gui/Debug/qml/QtQuick/Controls/FluentWinUI3/impl.
  Creating C:/Users/Hasib/Desktop/CFDAPP/CFDApp/build/windows-msvc/apps/gui/Debug/qml/QtQuick/Controls/FluentWinUI3/light.
  Creating C:/Users/Hasib/Desktop/CFDAPP/CFDApp/build/windows-msvc/apps/gui/Debug/qml/QtQuick/Controls/FluentWinUI3/light/images.
  Creating C:/Users/Hasib/Desktop/CFDAPP/CFDApp/build/windows-msvc/apps/gui/Debug/qml/QtQuick/Controls/Fusion.
  Creating C:/Users/Hasib/Desktop/CFDAPP/CFDApp/build/windows-msvc/apps/gui/Debug/qml/QtQuick/Controls/Fusion/impl.
  Creating C:/Users/Hasib/Desktop/CFDAPP/CFDApp/build/windows-msvc/apps/gui/Debug/qml/QtQuick/Controls/Imagine.
  Creating C:/Users/Hasib/Desktop/CFDAPP/CFDApp/build/windows-msvc/apps/gui/Debug/qml/QtQuick/Controls/Imagine/impl.
  Creating C:/Users/Hasib/Desktop/CFDAPP/CFDApp/build/windows-msvc/apps/gui/Debug/qml/QtQuick/Controls/impl.
  Creating C:/Users/Hasib/Desktop/CFDAPP/CFDApp/build/windows-msvc/apps/gui/Debug/qml/QtQuick/Controls/Material.
  Creating C:/Users/Hasib/Desktop/CFDAPP/CFDApp/build/windows-msvc/apps/gui/Debug/qml/QtQuick/Controls/Material/impl.
  Creating C:/Users/Hasib/Desktop/CFDAPP/CFDApp/build/windows-msvc/apps/gui/Debug/qml/QtQuick/Controls/Universal.
  Creating C:/Users/Hasib/Desktop/CFDAPP/CFDApp/build/windows-msvc/apps/gui/Debug/qml/QtQuick/Controls/Universal/impl.
  Creating C:/Users/Hasib/Desktop/CFDAPP/CFDApp/build/windows-msvc/apps/gui/Debug/qml/QtQuick/Controls/Windows.
  Creating C:/Users/Hasib/Desktop/CFDAPP/CFDApp/build/windows-msvc/apps/gui/Debug/qml/QtQuick/Controls/Windows/images.
  Creating C:/Users/Hasib/Desktop/CFDAPP/CFDApp/build/windows-msvc/apps/gui/Debug/qml/QtQuick/Controls/Windows/impl.
  Creating C:/Users/Hasib/Desktop/CFDAPP/CFDApp/build/windows-msvc/apps/gui/Debug/qml/QtQuick/Dialogs.
  Creating C:/Users/Hasib/Desktop/CFDAPP/CFDApp/build/windows-msvc/apps/gui/Debug/qml/QtQuick/Dialogs/quickimpl.
  Creating C:/Users/Hasib/Desktop/CFDAPP/CFDApp/build/windows-msvc/apps/gui/Debug/qml/QtQuick/Dialogs/quickimpl/qml.
  Creating C:/Users/Hasib/Desktop/CFDAPP/CFDApp/build/windows-msvc/apps/gui/Debug/qml/QtQuick/Dialogs/quickimpl/qml/+Fusion.
  Creating C:/Users/Hasib/Desktop/CFDAPP/CFDApp/build/windows-msvc/apps/gui/Debug/qml/QtQuick/Dialogs/quickimpl/qml/+Imagine.
  Creating C:/Users/Hasib/Desktop/CFDAPP/CFDApp/build/windows-msvc/apps/gui/Debug/qml/QtQuick/Dialogs/quickimpl/qml/+Material.
  Creating C:/Users/Hasib/Desktop/CFDAPP/CFDApp/build/windows-msvc/apps/gui/Debug/qml/QtQuick/Dialogs/quickimpl/qml/+Universal.
  Creating C:/Users/Hasib/Desktop/CFDAPP/CFDApp/build/windows-msvc/apps/gui/Debug/qml/QtQuick/Effects.
  Creating C:/Users/Hasib/Desktop/CFDAPP/CFDApp/build/windows-msvc/apps/gui/Debug/qml/QtQuick/Layouts.
  Creating C:/Users/Hasib/Desktop/CFDAPP/CFDApp/build/windows-msvc/apps/gui/Debug/qml/QtQuick/LocalStorage.
  Creating C:/Users/Hasib/Desktop/CFDAPP/CFDApp/build/windows-msvc/apps/gui/Debug/qml/QtQuick/NativeStyle.
  Creating C:/Users/Hasib/Desktop/CFDAPP/CFDApp/build/windows-msvc/apps/gui/Debug/qml/QtQuick/NativeStyle/controls.
  Creating C:/Users/Hasib/Desktop/CFDAPP/CFDApp/build/windows-msvc/apps/gui/Debug/qml/QtQuick/NativeStyle/util.
  Creating C:/Users/Hasib/Desktop/CFDAPP/CFDApp/build/windows-msvc/apps/gui/Debug/qml/QtQuick/Particles.
  Creating C:/Users/Hasib/Desktop/CFDAPP/CFDApp/build/windows-msvc/apps/gui/Debug/qml/QtQuick/Shapes.
  Creating C:/Users/Hasib/Desktop/CFDAPP/CFDApp/build/windows-msvc/apps/gui/Debug/qml/QtQuick/Templates.
  Creating C:/Users/Hasib/Desktop/CFDAPP/CFDApp/build/windows-msvc/apps/gui/Debug/qml/QtQuick/tooling.
  Creating C:/Users/Hasib/Desktop/CFDAPP/CFDApp/build/windows-msvc/apps/gui/Debug/qml/QtQuick/VectorImage.
  Creating C:/Users/Hasib/Desktop/CFDAPP/CFDApp/build/windows-msvc/apps/gui/Debug/qml/QtQuick/Window.
  Creating C:/Users/Hasib/Desktop/CFDAPP/CFDApp/build/windows-msvc/apps/gui/Debug/qml/QtQml.
  Updating qmlplugind.dll.
  Updating plugins.qmltypes.
  Updating qmldir.
  Creating C:/Users/Hasib/Desktop/CFDAPP/CFDApp/build/windows-msvc/apps/gui/Debug/qml/QtQml/Models.
  Creating C:/Users/Hasib/Desktop/CFDAPP/CFDApp/build/windows-msvc/apps/gui/Debug/qml/QtQml/WorkerScript.
  Creating C:/Users/Hasib/Desktop/CFDAPP/CFDApp/build/windows-msvc/apps/gui/Debug/qml/QtQml/XmlListModel.
  Creating C:/Users/Hasib/Desktop/CFDAPP/CFDApp/build/windows-msvc/apps/gui/Debug/qml/QML.
  Updating plugins.qmltypes.
  Updating qmldir.
  Updating modelsplugind.dll.
  Updating plugins.qmltypes.
  Updating qmldir.
  Updating workerscriptplugind.dll.
  Updating plugins.qmltypes.
  Updating qmldir.
  Updating qtquickcontrols2plugind.dll.
  Updating plugins.qmltypes.
  Updating qmldir.
  Skipping C:\Qt\6.9.3\msvc2022_64\qml\QtQuick\Controls\designer.
  Updating qtquickcontrols2fusionstyleplugind.dll.
  Updating ApplicationWindow.qml.
  Updating BusyIndicator.qml.
  Updating Button.qml.
  Updating CheckBox.qml.
  Updating CheckDelegate.qml.
  Updating ComboBox.qml.
  Updating DelayButton.qml.
  Updating Dial.qml.
  Updating Dialog.qml.
  Updating DialogButtonBox.qml.
  Updating Drawer.qml.
  Updating Frame.qml.
  Updating GroupBox.qml.
  Updating HorizontalHeaderView.qml.
  Updating ItemDelegate.qml.
  Updating Label.qml.
  Updating Menu.qml.
  Updating MenuBar.qml.
  Updating MenuBarItem.qml.
  Updating MenuItem.qml.
  Updating MenuSeparator.qml.
  Updating Page.qml.
  Updating PageIndicator.qml.
  Updating Pane.qml.
  Updating plugins.qmltypes.
  Updating Popup.qml.
  Updating ProgressBar.qml.
  Updating qmldir.
  Updating RadioButton.qml.
  Updating RadioDelegate.qml.
  Updating RangeSlider.qml.
  Updating RoundButton.qml.
  Updating ScrollBar.qml.
  Updating ScrollIndicator.qml.
  Updating ScrollView.qml.
  Updating SelectionRectangle.qml.
  Updating Slider.qml.
  Updating SpinBox.qml.
  Updating SplitView.qml.
  Updating SwipeDelegate.qml.
  Updating Switch.qml.
  Updating SwitchDelegate.qml.
  Updating TabBar.qml.
  Updating TabButton.qml.
  Updating TextArea.qml.
  Updating TextField.qml.
  Updating ToolBar.qml.
  Updating ToolButton.qml.
  Updating ToolSeparator.qml.
  Updating ToolTip.qml.
  Updating TreeViewDelegate.qml.
  Updating Tumbler.qml.
  Updating VerticalHeaderView.qml.
  Updating qtquickcontrols2materialstyleplugind.dll.
  Updating ApplicationWindow.qml.
  Updating BusyIndicator.qml.
  Updating Button.qml.
  Updating CheckBox.qml.
  Updating CheckDelegate.qml.
  Updating ComboBox.qml.
  Updating DelayButton.qml.
  Updating Dial.qml.
  Updating Dialog.qml.
  Updating DialogButtonBox.qml.
  Updating Drawer.qml.
  Updating Frame.qml.
  Updating GroupBox.qml.
  Updating HorizontalHeaderView.qml.
  Updating ItemDelegate.qml.
  Updating Label.qml.
  Updating Menu.qml.
  Updating MenuBar.qml.
  Updating MenuBarItem.qml.
  Updating MenuItem.qml.
  Updating MenuSeparator.qml.
  Updating Page.qml.
  Updating PageIndicator.qml.
  Updating Pane.qml.
  Updating plugins.qmltypes.
  Updating Popup.qml.
  Updating ProgressBar.qml.
  Updating qmldir.
  Updating RadioButton.qml.
  Updating RadioDelegate.qml.
  Updating RangeSlider.qml.
  Updating RoundButton.qml.
  Updating ScrollBar.qml.
  Updating ScrollIndicator.qml.
  Updating ScrollView.qml.
  Updating SelectionRectangle.qml.
  Updating Slider.qml.
  Updating SpinBox.qml.
  Updating SplitView.qml.
  Updating StackView.qml.
  Updating SwipeDelegate.qml.
  Updating SwipeView.qml.
  Updating Switch.qml.
  Updating SwitchDelegate.qml.
  Updating TabBar.qml.
  Updating TabButton.qml.
  Updating TextArea.qml.
  Updating TextField.qml.
  Updating ToolBar.qml.
  Updating ToolButton.qml.
  Updating ToolSeparator.qml.
  Updating ToolTip.qml.
  Updating TreeViewDelegate.qml.
  Updating Tumbler.qml.
  Updating VerticalHeaderView.qml.
  Updating qtquickcontrols2imaginestyleplugind.dll.
  Updating ApplicationWindow.qml.
  Updating BusyIndicator.qml.
  Updating Button.qml.
  Updating CheckBox.qml.
  Updating CheckDelegate.qml.
  Updating ComboBox.qml.
  Updating DelayButton.qml.
  Updating Dial.qml.
  Updating Dialog.qml.
  Updating DialogButtonBox.qml.
  Updating Drawer.qml.
  Updating Frame.qml.
  Updating GroupBox.qml.
  Updating HorizontalHeaderView.qml.
  Updating ItemDelegate.qml.
  Updating Label.qml.
  Updating Menu.qml.
  Updating MenuItem.qml.
  Updating MenuSeparator.qml.
  Updating Page.qml.
  Updating PageIndicator.qml.
  Updating Pane.qml.
  Updating plugins.qmltypes.
  Updating Popup.qml.
  Updating ProgressBar.qml.
  Updating qmldir.
  Updating RadioButton.qml.
  Updating RadioDelegate.qml.
  Updating RangeSlider.qml.
  Updating RoundButton.qml.
  Updating ScrollBar.qml.
  Updating ScrollIndicator.qml.
  Updating ScrollView.qml.
  Updating SelectionRectangle.qml.
  Updating Slider.qml.
  Updating SpinBox.qml.
  Updating SplitView.qml.
  Updating StackView.qml.
  Updating SwipeDelegate.qml.
  Updating SwipeView.qml.
  Updating Switch.qml.
  Updating SwitchDelegate.qml.
  Updating TabBar.qml.
  Updating TabButton.qml.
  Updating TextArea.qml.
  Updating TextField.qml.
  Updating ToolBar.qml.
  Updating ToolButton.qml.
  Updating ToolSeparator.qml.
  Updating ToolTip.qml.
  Updating Tumbler.qml.
  Updating VerticalHeaderView.qml.
  Updating qtquickcontrols2universalstyleplugind.dll.
  Updating ApplicationWindow.qml.
  Updating BusyIndicator.qml.
  Updating Button.qml.
  Updating CheckBox.qml.
  Updating CheckDelegate.qml.
  Updating ComboBox.qml.
  Updating DelayButton.qml.
  Updating Dial.qml.
  Updating Dialog.qml.
  Updating DialogButtonBox.qml.
  Updating Drawer.qml.
  Updating Frame.qml.
  Updating GroupBox.qml.
  Updating HorizontalHeaderView.qml.
  Updating ItemDelegate.qml.
  Updating Label.qml.
  Updating Menu.qml.
  Updating MenuBar.qml.
  Updating MenuBarItem.qml.
  Updating MenuItem.qml.
  Updating MenuSeparator.qml.
  Updating Page.qml.
  Updating PageIndicator.qml.
  Updating Pane.qml.
  Updating plugins.qmltypes.
  Updating Popup.qml.
  Updating ProgressBar.qml.
  Updating qmldir.
  Updating RadioButton.qml.
  Updating RadioDelegate.qml.
  Updating RangeSlider.qml.
  Updating RoundButton.qml.
  Updating ScrollBar.qml.
  Updating ScrollIndicator.qml.
  Updating ScrollView.qml.
  Updating SelectionRectangle.qml.
  Updating Slider.qml.
  Updating SpinBox.qml.
  Updating SplitView.qml.
  Updating StackView.qml.
  Updating SwipeDelegate.qml.
  Updating Switch.qml.
  Updating SwitchDelegate.qml.
  Updating TabBar.qml.
  Updating TabButton.qml.
  Updating TextArea.qml.
  Updating TextField.qml.
  Updating ToolBar.qml.
  Updating ToolButton.qml.
  Updating ToolSeparator.qml.
  Updating ToolTip.qml.
  Updating Tumbler.qml.
  Updating VerticalHeaderView.qml.
  Updating qtquickcontrols2fluentwinui3styleplugind.dll.
  Updating ApplicationWindow.qml.
  Updating BusyIndicator.qml.
  Updating Button.qml.
  Updating CheckBox.qml.
  Updating CheckDelegate.qml.
  Updating ComboBox.qml.
  Updating Config.qml.
  Updating DelayButton.qml.
  Updating Dialog.qml.
  Updating DialogButtonBox.qml.
  Updating FocusFrame.qml.
  Updating Frame.qml.
  Updating GroupBox.qml.
  Updating ItemDelegate.qml.
  Updating Menu.qml.
  Updating MenuBar.qml.
  Updating MenuBarItem.qml.
  Updating MenuItem.qml.
  Updating MenuSeparator.qml.
  Updating PageIndicator.qml.
  Updating plugins.qmltypes.
  Updating Popup.qml.
  Updating ProgressBar.qml.
  Updating qmldir.
  Updating RadioButton.qml.
  Updating RadioDelegate.qml.
  Updating RangeSlider.qml.
  Updating RoundButton.qml.
  Updating Slider.qml.
  Updating SpinBox.qml.
  Updating StyleImage.qml.
  Updating SwipeDelegate.qml.
  Updating Switch.qml.
  Updating SwitchDelegate.qml.
  Updating TabBar.qml.
  Updating TabButton.qml.
  Updating TextArea.qml.
  Updating TextField.qml.
  Updating ToolBar.qml.
  Updating ToolButton.qml.
  Updating ToolSeparator.qml.
  Updating ToolTip.qml.
  Updating checkbox-indicator-checked-disabled.png.
  Updating checkbox-indicator-checked-disabled@2x.png.
  Updating checkbox-indicator-checked-disabled@3x.png.
  Updating checkbox-indicator-checked-hovered.png.
  Updating checkbox-indicator-checked-hovered@2x.png.
  Updating checkbox-indicator-checked-hovered@3x.png.
  Updating checkbox-indicator-checked-pressed.png.
  Updating checkbox-indicator-checked-pressed@2x.png.
  Updating checkbox-indicator-checked-pressed@3x.png.
  Updating checkbox-indicator-checked.png.
  Updating checkbox-indicator-checked@2x.png.
  Updating checkbox-indicator-checked@3x.png.
  Updating checkbox-indicator-disabled-partiallyChecked.png.
  Updating checkbox-indicator-disabled-partiallyChecked@2x.png.
  Updating checkbox-indicator-disabled-partiallyChecked@3x.png.
  Updating checkbox-indicator-disabled.png.
  Updating checkbox-indicator-disabled@2x.png.
  Updating checkbox-indicator-disabled@3x.png.
  Updating checkbox-indicator-hovered-partiallyChecked.png.
  Updating checkbox-indicator-hovered-partiallyChecked@2x.png.
  Updating checkbox-indicator-hovered-partiallyChecked@3x.png.
  Updating checkbox-indicator-hovered.png.
  Updating checkbox-indicator-hovered@2x.png.
  Updating checkbox-indicator-hovered@3x.png.
  Updating checkbox-indicator-partiallyChecked-pressed.png.
  Updating checkbox-indicator-partiallyChecked-pressed@2x.png.
  Updating checkbox-indicator-partiallyChecked-pressed@3x.png.
  Updating checkbox-indicator-partiallyChecked.png.
  Updating checkbox-indicator-partiallyChecked@2x.png.
  Updating checkbox-indicator-partiallyChecked@3x.png.
  Updating checkbox-indicator-pressed.png.
  Updating checkbox-indicator-pressed@2x.png.
  Updating checkbox-indicator-pressed@3x.png.
  Updating checkbox-indicator.png.
  Updating checkbox-indicator@2x.png.
  Updating checkbox-indicator@3x.png.
  Updating combobox-background-disabled.png.
  Updating combobox-background-disabled@2x.png.
  Updating combobox-background-disabled@3x.png.
  Updating combobox-background-focused.png.
  Updating combobox-background-focused@2x.png.
  Updating combobox-background-focused@3x.png.
  Updating combobox-background-hovered-open.png.
  Updating combobox-background-hovered-open@2x.png.
  Updating combobox-background-hovered-open@3x.png.
  Updating combobox-background-hovered.png.
  Updating combobox-background-hovered@2x.png.
  Updating combobox-background-hovered@3x.png.
  Updating combobox-background-open-pressed.png.
  Updating combobox-background-open-pressed@2x.png.
  Updating combobox-background-open-pressed@3x.png.
  Updating combobox-background-open.png.
  Updating combobox-background-open@2x.png.
  Updating combobox-background-open@3x.png.
  Updating combobox-background-pressed.png.
  Updating combobox-background-pressed@2x.png.
  Updating combobox-background-pressed@3x.png.
  Updating combobox-background.png.
  Updating combobox-background@2x.png.
  Updating combobox-background@3x.png.
  Updating combobox-indicator-disabled.png.
  Updating combobox-indicator-disabled@2x.png.
  Updating combobox-indicator-disabled@3x.png.
  Updating combobox-indicator-focused.png.
  Updating combobox-indicator-focused@2x.png.
  Updating combobox-indicator-focused@3x.png.
  Updating combobox-indicator-hovered-open.png.
  Updating combobox-indicator-hovered-open@2x.png.
  Updating combobox-indicator-hovered-open@3x.png.
  Updating combobox-indicator-hovered.png.
  Updating combobox-indicator-hovered@2x.png.
  Updating combobox-indicator-hovered@3x.png.
  Updating combobox-indicator-open-pressed.png.
  Updating combobox-indicator-open-pressed@2x.png.
  Updating combobox-indicator-open-pressed@3x.png.
  Updating combobox-indicator-open.png.
  Updating combobox-indicator-open@2x.png.
  Updating combobox-indicator-open@3x.png.
  Updating combobox-indicator-pressed.png.
  Updating combobox-indicator-pressed@2x.png.
  Updating combobox-indicator-pressed@3x.png.
  Updating combobox-indicator.png.
  Updating combobox-indicator@2x.png.
  Updating combobox-indicator@3x.png.
  Updating editablecombobox-background-hovered-open.png.
  Updating editablecombobox-background-hovered-open@2x.png.
  Updating editablecombobox-background-hovered-open@3x.png.
  Updating editablecombobox-background-open-pressed.png.
  Updating editablecombobox-background-open-pressed@2x.png.
  Updating editablecombobox-background-open-pressed@3x.png.
  Updating editablecombobox-background-open.png.
  Updating editablecombobox-background-open@2x.png.
  Updating editablecombobox-background-open@3x.png.
  Updating editablecombobox-indicator-hovered-open.png.
  Updating editablecombobox-indicator-hovered-open@2x.png.
  Updating editablecombobox-indicator-hovered-open@3x.png.
  Updating editablecombobox-indicator-open-pressed.png.
  Updating editablecombobox-indicator-open-pressed@2x.png.
  Updating editablecombobox-indicator-open-pressed@3x.png.
  Updating editablecombobox-indicator-open.png.
  Updating editablecombobox-indicator-open@2x.png.
  Updating editablecombobox-indicator-open@3x.png.
  Updating editablecombobox-popup-background-hovered-open.png.
  Updating editablecombobox-popup-background-hovered-open@2x.png.
  Updating editablecombobox-popup-background-hovered-open@3x.png.
  Updating editablecombobox-popup-background-open-pressed.png.
  Updating editablecombobox-popup-background-open-pressed@2x.png.
  Updating editablecombobox-popup-background-open-pressed@3x.png.
  Updating editablecombobox-popup-background-open.png.
  Updating editablecombobox-popup-background-open@2x.png.
  Updating editablecombobox-popup-background-open@3x.png.
  Updating frame-background-disabled.png.
  Updating frame-background-disabled@2x.png.
  Updating frame-background-disabled@3x.png.
  Updating frame-background.png.
  Updating frame-background@2x.png.
  Updating frame-background@3x.png.
  Updating itemdelegate-background-highlighted-hovered.png.
  Updating itemdelegate-background-highlighted-hovered@2x.png.
  Updating itemdelegate-background-highlighted-hovered@3x.png.
  Updating itemdelegate-background-highlighted-pressed.png.
  Updating itemdelegate-background-highlighted-pressed@2x.png.
  Updating itemdelegate-background-highlighted-pressed@3x.png.
  Updating itemdelegate-background-highlighted.png.
  Updating itemdelegate-background-highlighted@2x.png.
  Updating itemdelegate-background-highlighted@3x.png.
  Updating itemdelegate-background-hovered.png.
  Updating itemdelegate-background-hovered@2x.png.
  Updating itemdelegate-background-hovered@3x.png.
  Updating itemdelegate-background-pressed.png.
  Updating itemdelegate-background-pressed@2x.png.
  Updating itemdelegate-background-pressed@3x.png.
  Updating pageindicatordelegate-indicator-delegate-current-hovered.png.
  Updating pageindicatordelegate-indicator-delegate-current-hovered@2x.png.
  Updating pageindicatordelegate-indicator-delegate-current-hovered@3x.png.
  Updating pageindicatordelegate-indicator-delegate-current-pressed.png.
  Updating pageindicatordelegate-indicator-delegate-current-pressed@2x.png.
  Updating pageindicatordelegate-indicator-delegate-current-pressed@3x.png.
  Updating pageindicatordelegate-indicator-delegate-current.png.
  Updating pageindicatordelegate-indicator-delegate-current@2x.png.
  Updating pageindicatordelegate-indicator-delegate-current@3x.png.
  Updating pageindicatordelegate-indicator-delegate-pressed.png.
  Updating pageindicatordelegate-indicator-delegate-pressed@2x.png.
  Updating pageindicatordelegate-indicator-delegate-pressed@3x.png.
  Updating pageindicatordelegate-indicator-disabled.png.
  Updating pageindicatordelegate-indicator-disabled@2x.png.
  Updating pageindicatordelegate-indicator-disabled@3x.png.
  Updating pageindicatordelegate-indicator-hovered.png.
  Updating pageindicatordelegate-indicator-hovered@2x.png.
  Updating pageindicatordelegate-indicator-hovered@3x.png.
  Updating pageindicatordelegate-indicator.png.
  Updating pageindicatordelegate-indicator@2x.png.
  Updating pageindicatordelegate-indicator@3x.png.
  Updating popup-background.png.
  Updating popup-background@2x.png.
  Updating popup-background@3x.png.
  Updating progressbar-groove-disabled.png.
  Updating progressbar-groove-disabled@2x.png.
  Updating progressbar-groove-disabled@3x.png.
  Updating progressbar-groove.png.
  Updating progressbar-groove@2x.png.
  Updating progressbar-groove@3x.png.
  Updating radiobutton-indicator-checked-disabled.png.
  Updating radiobutton-indicator-checked-disabled@2x.png.
  Updating radiobutton-indicator-checked-disabled@3x.png.
  Updating radiobutton-indicator-checked-hovered.png.
  Updating radiobutton-indicator-checked-hovered@2x.png.
  Updating radiobutton-indicator-checked-hovered@3x.png.
  Updating radiobutton-indicator-checked-pressed.png.
  Updating radiobutton-indicator-checked-pressed@2x.png.
  Updating radiobutton-indicator-checked-pressed@3x.png.
  Updating radiobutton-indicator-checked.png.
  Updating radiobutton-indicator-checked@2x.png.
  Updating radiobutton-indicator-checked@3x.png.
  Updating radiobutton-indicator-disabled.png.
  Updating radiobutton-indicator-disabled@2x.png.
  Updating radiobutton-indicator-disabled@3x.png.
  Updating radiobutton-indicator-hovered.png.
  Updating radiobutton-indicator-hovered@2x.png.
  Updating radiobutton-indicator-hovered@3x.png.
  Updating radiobutton-indicator-pressed.png.
  Updating radiobutton-indicator-pressed@2x.png.
  Updating radiobutton-indicator-pressed@3x.png.
  Updating radiobutton-indicator.png.
  Updating radiobutton-indicator@2x.png.
  Updating radiobutton-indicator@3x.png.
  Updating rangeslider-first-handle-disabled.png.
  Updating rangeslider-first-handle-disabled@2x.png.
  Updating rangeslider-first-handle-disabled@3x.png.
  Updating rangeslider-first-handle-handle-pressed.png.
  Updating rangeslider-first-handle-handle-pressed@2x.png.
  Updating rangeslider-first-handle-handle-pressed@3x.png.
  Updating rangeslider-first-handle-hovered.png.
  Updating rangeslider-first-handle-hovered@2x.png.
  Updating rangeslider-first-handle-hovered@3x.png.
  Updating rangeslider-first-handle.png.
  Updating rangeslider-first-handle@2x.png.
  Updating rangeslider-first-handle@3x.png.
  test_simple_gpu_solver.cpp
  Updating rangeslider-groove-disabled.png.
  Updating rangeslider-groove-disabled@2x.png.
  Updating rangeslider-groove-disabled@3x.png.
  Updating rangeslider-groove-handle-pressed.png.
  Updating rangeslider-groove-handle-pressed@2x.png.
  Updating rangeslider-groove-handle-pressed@3x.png.
  Updating rangeslider-groove-hovered.png.
  Updating rangeslider-groove-hovered@2x.png.
  Updating rangeslider-groove-hovered@3x.png.
  Updating rangeslider-groove.png.
  Updating rangeslider-groove@2x.png.
  Updating rangeslider-groove@3x.png.
  Updating rangeslider-second-handle-disabled.png.
  Updating rangeslider-second-handle-disabled@2x.png.
  Updating rangeslider-second-handle-disabled@3x.png.
  Updating rangeslider-second-handle-handle-pressed.png.
  Updating rangeslider-second-handle-handle-pressed@2x.png.
  Updating rangeslider-second-handle-handle-pressed@3x.png.
  Updating rangeslider-second-handle-hovered.png.
  Updating rangeslider-second-handle-hovered@2x.png.
  Updating rangeslider-second-handle-hovered@3x.png.
  Updating rangeslider-second-handle.png.
  Updating rangeslider-second-handle@2x.png.
  Updating rangeslider-second-handle@3x.png.
  Updating slider-groove-disabled.png.
  Updating slider-groove-disabled@2x.png.
  Updating slider-groove-disabled@3x.png.
  Updating slider-groove-hovered.png.
  Updating slider-groove-hovered@2x.png.
  Updating slider-groove-hovered@3x.png.
  Updating slider-groove-pressed.png.
  Updating slider-groove-pressed@2x.png.
  Updating slider-groove-pressed@3x.png.
  Updating slider-groove.png.
  Updating slider-groove@2x.png.
  Updating slider-groove@3x.png.
  Updating slider-handle-disabled.png.
  Updating slider-handle-disabled@2x.png.
  Updating slider-handle-disabled@3x.png.
  Updating slider-handle-hovered.png.
  Updating slider-handle-hovered@2x.png.
  Updating slider-handle-hovered@3x.png.
  Updating slider-handle-pressed.png.
  Updating slider-handle-pressed@2x.png.
  Updating slider-handle-pressed@3x.png.
  Updating slider-handle.png.
  Updating slider-handle@2x.png.
  Updating slider-handle@3x.png.
  Updating spinbox-background-atlimit.png.
  Updating spinbox-background-atlimit@2x.png.
  Updating spinbox-background-atlimit@3x.png.
  Updating spinbox-background-disabled.png.
  Updating spinbox-background-disabled@2x.png.
  Updating spinbox-background-disabled@3x.png.
  Updating spinbox-background-down-hovered.png.
  Updating spinbox-background-down-hovered@2x.png.
  Updating spinbox-background-down-hovered@3x.png.
  Updating spinbox-background-down-pressed.png.
  Updating spinbox-background-down-pressed@2x.png.
  Updating spinbox-background-down-pressed@3x.png.
  Updating spinbox-background-hovered.png.
  Updating spinbox-background-hovered@2x.png.
  Updating spinbox-background-hovered@3x.png.
  Updating spinbox-background-up-hovered.png.
  Updating spinbox-background-up-hovered@2x.png.
  Updating spinbox-background-up-hovered@3x.png.
  Updating spinbox-background-up-pressed.png.
  Updating spinbox-background-up-pressed@2x.png.
  Updating spinbox-background-up-pressed@3x.png.
  Updating spinbox-background.png.
  Updating spinbox-background@2x.png.
  Updating spinbox-background@3x.png.
  Updating spinbox-indicator-down-background-atlimit.png.
  Updating spinbox-indicator-down-background-atlimit@2x.png.
  Updating spinbox-indicator-down-background-atlimit@3x.png.
  Updating spinbox-indicator-down-background-disabled.png.
  Updating spinbox-indicator-down-background-disabled@2x.png.
  Updating spinbox-indicator-down-background-disabled@3x.png.
  Updating spinbox-indicator-down-background-down-hovered.png.
  Updating spinbox-indicator-down-background-down-hovered@2x.png.
  Updating spinbox-indicator-down-background-down-hovered@3x.png.
  Updating spinbox-indicator-down-background-down-pressed.png.
  Updating spinbox-indicator-down-background-down-pressed@2x.png.
  Updating spinbox-indicator-down-background-down-pressed@3x.png.
  Updating spinbox-indicator-down-background-hovered.png.
  Updating spinbox-indicator-down-background-hovered@2x.png.
  Updating spinbox-indicator-down-background-hovered@3x.png.
  Updating spinbox-indicator-down-background-up-hovered.png.
  Updating spinbox-indicator-down-background-up-hovered@2x.png.
  Updating spinbox-indicator-down-background-up-hovered@3x.png.
  Updating spinbox-indicator-down-background-up-pressed.png.
  Updating spinbox-indicator-down-background-up-pressed@2x.png.
  Updating spinbox-indicator-down-background-up-pressed@3x.png.
  Updating spinbox-indicator-down-background.png.
  Updating spinbox-indicator-down-background@2x.png.
  Updating spinbox-indicator-down-background@3x.png.
  Updating spinbox-indicator-down-icon-atlimit.png.
  Updating spinbox-indicator-down-icon-atlimit@2x.png.
  Updating spinbox-indicator-down-icon-atlimit@3x.png.
  Updating spinbox-indicator-down-icon-disabled.png.
  Updating spinbox-indicator-down-icon-disabled@2x.png.
  Updating spinbox-indicator-down-icon-disabled@3x.png.
  Updating spinbox-indicator-down-icon-down-hovered.png.
  Updating spinbox-indicator-down-icon-down-hovered@2x.png.
  Updating spinbox-indicator-down-icon-down-hovered@3x.png.
  Updating spinbox-indicator-down-icon-down-pressed.png.
  Updating spinbox-indicator-down-icon-down-pressed@2x.png.
  Updating spinbox-indicator-down-icon-down-pressed@3x.png.
  Updating spinbox-indicator-down-icon-hovered.png.
  Updating spinbox-indicator-down-icon-hovered@2x.png.
  Updating spinbox-indicator-down-icon-hovered@3x.png.
  Updating spinbox-indicator-down-icon-up-hovered.png.
  Updating spinbox-indicator-down-icon-up-hovered@2x.png.
  Updating spinbox-indicator-down-icon-up-hovered@3x.png.
  Updating spinbox-indicator-down-icon-up-pressed.png.
  Updating spinbox-indicator-down-icon-up-pressed@2x.png.
  Updating spinbox-indicator-down-icon-up-pressed@3x.png.
  Updating spinbox-indicator-down-icon.png.
  Updating spinbox-indicator-down-icon@2x.png.
  Updating spinbox-indicator-down-icon@3x.png.
  Updating spinbox-indicator-up-background-atlimit.png.
  Updating spinbox-indicator-up-background-atlimit@2x.png.
  Updating spinbox-indicator-up-background-atlimit@3x.png.
  Updating spinbox-indicator-up-background-disabled.png.
  Updating spinbox-indicator-up-background-disabled@2x.png.
  Updating spinbox-indicator-up-background-disabled@3x.png.
  Updating spinbox-indicator-up-background-down-hovered.png.
  Updating spinbox-indicator-up-background-down-hovered@2x.png.
  Updating spinbox-indicator-up-background-down-hovered@3x.png.
  Updating spinbox-indicator-up-background-down-pressed.png.
  Updating spinbox-indicator-up-background-down-pressed@2x.png.
  Updating spinbox-indicator-up-background-down-pressed@3x.png.
  Updating spinbox-indicator-up-background-hovered.png.
  Updating spinbox-indicator-up-background-hovered@2x.png.
  Updating spinbox-indicator-up-background-hovered@3x.png.
  Updating spinbox-indicator-up-background-up-hovered.png.
  Updating spinbox-indicator-up-background-up-hovered@2x.png.
  Updating spinbox-indicator-up-background-up-hovered@3x.png.
  Updating spinbox-indicator-up-background-up-pressed.png.
  Updating spinbox-indicator-up-background-up-pressed@2x.png.
  Updating spinbox-indicator-up-background-up-pressed@3x.png.
  Updating spinbox-indicator-up-background.png.
  Updating spinbox-indicator-up-background@2x.png.
  Updating spinbox-indicator-up-background@3x.png.
  Updating spinbox-indicator-up-icon-atlimit.png.
  Updating spinbox-indicator-up-icon-atlimit@2x.png.
  Updating spinbox-indicator-up-icon-atlimit@3x.png.
  Updating spinbox-indicator-up-icon-disabled.png.
  Updating spinbox-indicator-up-icon-disabled@2x.png.
  Updating spinbox-indicator-up-icon-disabled@3x.png.
  Updating spinbox-indicator-up-icon-down-hovered.png.
  Updating spinbox-indicator-up-icon-down-hovered@2x.png.
  Updating spinbox-indicator-up-icon-down-hovered@3x.png.
  Updating spinbox-indicator-up-icon-down-pressed.png.
  Updating spinbox-indicator-up-icon-down-pressed@2x.png.
  Updating spinbox-indicator-up-icon-down-pressed@3x.png.
  Updating spinbox-indicator-up-icon-hovered.png.
  Updating spinbox-indicator-up-icon-hovered@2x.png.
  Updating spinbox-indicator-up-icon-hovered@3x.png.
  Updating spinbox-indicator-up-icon-up-hovered.png.
  Updating spinbox-indicator-up-icon-up-hovered@2x.png.
  Updating spinbox-indicator-up-icon-up-hovered@3x.png.
  Updating spinbox-indicator-up-icon-up-pressed.png.
  Updating spinbox-indicator-up-icon-up-pressed@2x.png.
  CFDGuiControllerTests.vcxproj -> C:\Users\Hasib\Desktop\CFDAPP\CFDApp\build\windows-msvc\apps\gui\Debug\CFDGuiControllerTests.exe
  Running windeployqt on CFDGuiControllerTests (bundles its own Qt runtime/platform plugin)	
  Updating spinbox-indicator-up-icon-up-pressed@3x.png.
  Updating spinbox-indicator-up-icon.png.
  Updating spinbox-indicator-up-icon@2x.png.
  Updating spinbox-indicator-up-icon@3x.png.
  Updating textarea-background-disabled.png.
  Updating textarea-background-disabled@2x.png.
  Updating textarea-background-disabled@3x.png.
  Updating textarea-background-focused.png.
  Updating textarea-background-focused@2x.png.
  Updating textarea-background-focused@3x.png.
  Updating textarea-background-hovered.png.
  Updating textarea-background-hovered@2x.png.
  Updating textarea-background-hovered@3x.png.
  Updating textarea-background.png.
  Updating textarea-background@2x.png.
  Updating textarea-background@3x.png.
  Updating textfield-background-disabled.png.
  Updating textfield-background-disabled@2x.png.
  Updating textfield-background-disabled@3x.png.
  Updating textfield-background-focused.png.
  Updating textfield-background-focused@2x.png.
  Updating textfield-background-focused@3x.png.
  Updating textfield-background-hovered.png.
  Updating textfield-background-hovered@2x.png.
  Updating textfield-background-hovered@3x.png.
  Updating textfield-background.png.
  Updating textfield-background@2x.png.
  Updating textfield-background@3x.png.
  Updating checkmark.png.
  Updating checkmark@2x.png.
  Updating checkmark@3x.png.
  Updating menuarrow.png.
  Updating menuarrow@2x.png.
  Updating menuarrow@3x.png.
  Updating checkbox-indicator-checked-disabled.png.
  Updating checkbox-indicator-checked-disabled@2x.png.
  Updating checkbox-indicator-checked-disabled@3x.png.
  Updating checkbox-indicator-checked-hovered.png.
  Updating checkbox-indicator-checked-hovered@2x.png.
  Updating checkbox-indicator-checked-hovered@3x.png.
  Updating checkbox-indicator-checked-pressed.png.
  Updating checkbox-indicator-checked-pressed@2x.png.
  Updating checkbox-indicator-checked-pressed@3x.png.
  Updating checkbox-indicator-checked.png.
  Updating checkbox-indicator-checked@2x.png.
  Updating checkbox-indicator-checked@3x.png.
  Updating checkbox-indicator-disabled-partiallyChecked.png.
  Updating checkbox-indicator-disabled-partiallyChecked@2x.png.
  Updating checkbox-indicator-disabled-partiallyChecked@3x.png.
  Updating checkbox-indicator-disabled.png.
  Updating checkbox-indicator-disabled@2x.png.
  Updating checkbox-indicator-disabled@3x.png.
  Updating checkbox-indicator-hovered-partiallyChecked.png.
  Updating checkbox-indicator-hovered-partiallyChecked@2x.png.
  Updating checkbox-indicator-hovered-partiallyChecked@3x.png.
  Updating checkbox-indicator-hovered.png.
  Updating checkbox-indicator-hovered@2x.png.
  Updating checkbox-indicator-hovered@3x.png.
  Updating checkbox-indicator-partiallyChecked-pressed.png.
  Updating checkbox-indicator-partiallyChecked-pressed@2x.png.
  Updating checkbox-indicator-partiallyChecked-pressed@3x.png.
  Updating checkbox-indicator-partiallyChecked.png.
  Updating checkbox-indicator-partiallyChecked@2x.png.
  Updating checkbox-indicator-partiallyChecked@3x.png.
  Updating checkbox-indicator-pressed.png.
  Updating checkbox-indicator-pressed@2x.png.
  Updating checkbox-indicator-pressed@3x.png.
  Updating checkbox-indicator.png.
  Updating checkbox-indicator@2x.png.
  Updating checkbox-indicator@3x.png.
  Updating combobox-background-disabled.png.
  Updating combobox-background-disabled@2x.png.
  Updating combobox-background-disabled@3x.png.
  Updating combobox-background-focused.png.
  Updating combobox-background-focused@2x.png.
  Updating combobox-background-focused@3x.png.
  Updating combobox-background-hovered-open.png.
  Updating combobox-background-hovered-open@2x.png.
  Updating combobox-background-hovered-open@3x.png.
  Updating combobox-background-hovered.png.
  Updating combobox-background-hovered@2x.png.
  Updating combobox-background-hovered@3x.png.
  Updating combobox-background-open-pressed.png.
  Updating combobox-background-open-pressed@2x.png.
  Updating combobox-background-open-pressed@3x.png.
  Updating combobox-background-open.png.
  Updating combobox-background-open@2x.png.
  Updating combobox-background-open@3x.png.
  Updating combobox-background-pressed.png.
  Updating combobox-background-pressed@2x.png.
  Updating combobox-background-pressed@3x.png.
  Updating combobox-background.png.
  Updating combobox-background@2x.png.
  Updating combobox-background@3x.png.
  Updating combobox-indicator-disabled.png.
  Updating combobox-indicator-disabled@2x.png.
  Updating combobox-indicator-disabled@3x.png.
  Updating combobox-indicator-focused.png.
  Updating combobox-indicator-focused@2x.png.
  Updating combobox-indicator-focused@3x.png.
  Updating combobox-indicator-hovered-open.png.
  Updating combobox-indicator-hovered-open@2x.png.
  Updating combobox-indicator-hovered-open@3x.png.
  Updating combobox-indicator-hovered.png.
  Updating combobox-indicator-hovered@2x.png.
  Updating combobox-indicator-hovered@3x.png.
  Updating combobox-indicator-open-pressed.png.
  Updating combobox-indicator-open-pressed@2x.png.
  Updating combobox-indicator-open-pressed@3x.png.
  Updating combobox-indicator-open.png.
  Updating combobox-indicator-open@2x.png.
  Updating combobox-indicator-open@3x.png.
  Updating combobox-indicator-pressed.png.
  Updating combobox-indicator-pressed@2x.png.
  Updating combobox-indicator-pressed@3x.png.
  Updating combobox-indicator.png.
  Updating combobox-indicator@2x.png.
  Updating combobox-indicator@3x.png.
  Updating editablecombobox-background-hovered-open.png.
  Updating editablecombobox-background-hovered-open@2x.png.
  Updating editablecombobox-background-hovered-open@3x.png.
  Updating editablecombobox-background-open-pressed.png.
  Updating editablecombobox-background-open-pressed@2x.png.
  Updating editablecombobox-background-open-pressed@3x.png.
  Updating editablecombobox-background-open.png.
  Updating editablecombobox-background-open@2x.png.
  Updating editablecombobox-background-open@3x.png.
  Updating editablecombobox-indicator-hovered-open.png.
  Updating editablecombobox-indicator-hovered-open@2x.png.
  Updating editablecombobox-indicator-hovered-open@3x.png.
  Updating editablecombobox-indicator-open-pressed.png.
  Updating editablecombobox-indicator-open-pressed@2x.png.
  Updating editablecombobox-indicator-open-pressed@3x.png.
  Updating editablecombobox-indicator-open.png.
  Updating editablecombobox-indicator-open@2x.png.
  Updating editablecombobox-indicator-open@3x.png.
  Updating editablecombobox-popup-background-hovered-open.png.
  Updating editablecombobox-popup-background-hovered-open@2x.png.
  Updating editablecombobox-popup-background-hovered-open@3x.png.
  Updating editablecombobox-popup-background-open-pressed.png.
  Updating editablecombobox-popup-background-open-pressed@2x.png.
  Updating editablecombobox-popup-background-open-pressed@3x.png.
  Updating editablecombobox-popup-background-open.png.
  Updating editablecombobox-popup-background-open@2x.png.
  Updating editablecombobox-popup-background-open@3x.png.
  Updating frame-background-disabled.png.
  Updating frame-background-disabled@2x.png.
  Updating frame-background-disabled@3x.png.
  Updating frame-background.png.
  Updating frame-background@2x.png.
  Updating frame-background@3x.png.
  Updating itemdelegate-background-highlighted-hovered.png.
  Updating itemdelegate-background-highlighted-hovered@2x.png.
  Updating itemdelegate-background-highlighted-hovered@3x.png.
  Updating itemdelegate-background-highlighted-pressed.png.
  Updating itemdelegate-background-highlighted-pressed@2x.png.
  Updating itemdelegate-background-highlighted-pressed@3x.png.
  Updating itemdelegate-background-highlighted.png.
  Updating itemdelegate-background-highlighted@2x.png.
  Updating itemdelegate-background-highlighted@3x.png.
  Updating itemdelegate-background-hovered.png.
  Updating itemdelegate-background-hovered@2x.png.
  Updating itemdelegate-background-hovered@3x.png.
  Updating itemdelegate-background-pressed.png.
  Updating itemdelegate-background-pressed@2x.png.
  Updating itemdelegate-background-pressed@3x.png.
  Updating pageindicatordelegate-indicator-delegate-current-hovered.png.
  Updating pageindicatordelegate-indicator-delegate-current-hovered@2x.png.
  Updating pageindicatordelegate-indicator-delegate-current-hovered@3x.png.
  Updating pageindicatordelegate-indicator-delegate-current-pressed.png.
  Updating pageindicatordelegate-indicator-delegate-current-pressed@2x.png.
  Updating pageindicatordelegate-indicator-delegate-current-pressed@3x.png.
  Updating pageindicatordelegate-indicator-delegate-current.png.
  Updating pageindicatordelegate-indicator-delegate-current@2x.png.
  Updating pageindicatordelegate-indicator-delegate-current@3x.png.
  Updating pageindicatordelegate-indicator-delegate-pressed.png.
  Updating pageindicatordelegate-indicator-delegate-pressed@2x.png.
  Updating pageindicatordelegate-indicator-delegate-pressed@3x.png.
  Updating pageindicatordelegate-indicator-disabled.png.
  Updating pageindicatordelegate-indicator-disabled@2x.png.
  Updating pageindicatordelegate-indicator-disabled@3x.png.
  Updating pageindicatordelegate-indicator-hovered.png.
  Updating pageindicatordelegate-indicator-hovered@2x.png.
  Updating pageindicatordelegate-indicator-hovered@3x.png.
  Updating pageindicatordelegate-indicator.png.
  Updating pageindicatordelegate-indicator@2x.png.
  Updating pageindicatordelegate-indicator@3x.png.
  Updating popup-background.png.
  Updating popup-background@2x.png.
  Updating popup-background@3x.png.
  C:\Users\Hasib\Desktop\CFDAPP\CFDApp\build\windows-msvc\apps\gui\Debug\CFDGuiControllerTests.exe 64 bit, debug executable
  Updating progressbar-groove-disabled.png.
  Direct dependencies: Qt6Core Qt6Test
  Updating progressbar-groove-disabled@2x.png.
  All dependencies   : Qt6Core Qt6Test
  To be deployed     : Qt6Core Qt6Test
  Updating progressbar-groove-disabled@3x.png.
  Updating progressbar-groove.png.
  Updating progressbar-groove@2x.png.
  Updating progressbar-groove@3x.png.
  Updating radiobutton-indicator-checked-disabled.png.
  Updating radiobutton-indicator-checked-disabled@2x.png.
  Updating radiobutton-indicator-checked-disabled@3x.png.
  Updating radiobutton-indicator-checked-hovered.png.
  Updating radiobutton-indicator-checked-hovered@2x.png.
  Updating radiobutton-indicator-checked-hovered@3x.png.
  Updating radiobutton-indicator-checked-pressed.png.
  Updating radiobutton-indicator-checked-pressed@2x.png.
  Updating radiobutton-indicator-checked-pressed@3x.png.
  Updating radiobutton-indicator-checked.png.
  Updating radiobutton-indicator-checked@2x.png.
  Updating radiobutton-indicator-checked@3x.png.
  Updating radiobutton-indicator-disabled.png.
  Updating radiobutton-indicator-disabled@2x.png.
  Updating radiobutton-indicator-disabled@3x.png.
  Updating radiobutton-indicator-hovered.png.
  Updating radiobutton-indicator-hovered@2x.png.
  Updating radiobutton-indicator-hovered@3x.png.
  Updating radiobutton-indicator-pressed.png.
  Updating radiobutton-indicator-pressed@2x.png.
  Updating radiobutton-indicator-pressed@3x.png.
  Updating radiobutton-indicator.png.
  Updating radiobutton-indicator@2x.png.
  Updating radiobutton-indicator@3x.png.
  Updating rangeslider-first-handle-disabled.png.
  Updating rangeslider-first-handle-disabled@2x.png.
  Updating rangeslider-first-handle-disabled@3x.png.
  Updating rangeslider-first-handle-handle-pressed.png.
  Updating rangeslider-first-handle-handle-pressed@2x.png.
  Updating rangeslider-first-handle-handle-pressed@3x.png.
  Updating rangeslider-first-handle-hovered.png.
  Updating rangeslider-first-handle-hovered@2x.png.
  Updating rangeslider-first-handle-hovered@3x.png.
  Updating rangeslider-first-handle.png.
  Updating rangeslider-first-handle@2x.png.
  Updating rangeslider-first-handle@3x.png.
  Updating rangeslider-groove-disabled.png.
  Updating rangeslider-groove-disabled@2x.png.
  Updating rangeslider-groove-disabled@3x.png.
  Updating rangeslider-groove-handle-pressed.png.
  Updating rangeslider-groove-handle-pressed@2x.png.
  Updating rangeslider-groove-handle-pressed@3x.png.
  Updating rangeslider-groove-hovered.png.
  Updating rangeslider-groove-hovered@2x.png.
  Updating rangeslider-groove-hovered@3x.png.
  Updating rangeslider-groove.png.
  Updating rangeslider-groove@2x.png.
  Updating rangeslider-groove@3x.png.
  Updating rangeslider-second-handle-disabled.png.
  Updating rangeslider-second-handle-disabled@2x.png.
  Updating rangeslider-second-handle-disabled@3x.png.
  Updating rangeslider-second-handle-handle-pressed.png.
  Updating rangeslider-second-handle-handle-pressed@2x.png.
  Updating rangeslider-second-handle-handle-pressed@3x.png.
  Updating rangeslider-second-handle-hovered.png.
  Updating rangeslider-second-handle-hovered@2x.png.
  Updating rangeslider-second-handle-hovered@3x.png.
  Updating rangeslider-second-handle.png.
  Updating rangeslider-second-handle@2x.png.
  Updating rangeslider-second-handle@3x.png.
  Updating slider-groove-disabled.png.
EXEC : warning : Cannot find Visual Studio installation directory, VCINSTALLDIR is not set. [C:\Users\Hasib\Desktop\CFDAPP\CFDApp\build\windows-msvc\apps\gui\CFDGuiControllerTests.vcxproj]
  Updating slider-groove-disabled@2x.png.
  Updating slider-groove-disabled@3x.png.
  Updating slider-groove-hovered.png.
  Updating slider-groove-hovered@2x.png.
  Updating slider-groove-hovered@3x.png.
  Updating slider-groove-pressed.png.
  Updating slider-groove-pressed@2x.png.
  Updating slider-groove-pressed@3x.png.
  Updating slider-groove.png.
  Updating slider-groove@2x.png.
  Updating slider-groove@3x.png.
  Updating slider-handle-disabled.png.
  Updating slider-handle-disabled@2x.png.
  Updating slider-handle-disabled@3x.png.
  Updating slider-handle-hovered.png.
  Updating slider-handle-hovered@2x.png.
  Updating slider-handle-hovered@3x.png.
  Updating slider-handle-pressed.png.
  Updating slider-handle-pressed@2x.png.
  Updating slider-handle-pressed@3x.png.
  Updating slider-handle.png.
  Updating slider-handle@2x.png.
  Updating slider-handle@3x.png.
  Updating spinbox-background-atlimit.png.
  Updating spinbox-background-atlimit@2x.png.
  Updating spinbox-background-atlimit@3x.png.
  Updating spinbox-background-disabled.png.
  Updating spinbox-background-disabled@2x.png.
  Updating spinbox-background-disabled@3x.png.
  Updating spinbox-background-down-hovered.png.
  Updating spinbox-background-down-hovered@2x.png.
  Updating spinbox-background-down-hovered@3x.png.
  Updating spinbox-background-down-pressed.png.
  Updating spinbox-background-down-pressed@2x.png.
  Updating spinbox-background-down-pressed@3x.png.
  Updating spinbox-background-hovered.png.
  Updating spinbox-background-hovered@2x.png.
  Updating spinbox-background-hovered@3x.png.
  Updating spinbox-background-up-hovered.png.
  Updating spinbox-background-up-hovered@2x.png.
  Updating spinbox-background-up-hovered@3x.png.
  Updating spinbox-background-up-pressed.png.
  Updating spinbox-background-up-pressed@2x.png.
  Updating spinbox-background-up-pressed@3x.png.
  Updating spinbox-background.png.
  Updating spinbox-background@2x.png.
  Updating spinbox-background@3x.png.
  Updating spinbox-indicator-down-background-atlimit.png.
  Updating spinbox-indicator-down-background-atlimit@2x.png.
  Updating spinbox-indicator-down-background-atlimit@3x.png.
  Updating spinbox-indicator-down-background-disabled.png.
  Updating spinbox-indicator-down-background-disabled@2x.png.
  Updating spinbox-indicator-down-background-disabled@3x.png.
  Updating spinbox-indicator-down-background-down-hovered.png.
  Updating spinbox-indicator-down-background-down-hovered@2x.png.
  Updating spinbox-indicator-down-background-down-hovered@3x.png.
  Updating spinbox-indicator-down-background-down-pressed.png.
  Updating spinbox-indicator-down-background-down-pressed@2x.png.
  Updating spinbox-indicator-down-background-down-pressed@3x.png.
  Updating spinbox-indicator-down-background-hovered.png.
  Updating spinbox-indicator-down-background-hovered@2x.png.
  Updating spinbox-indicator-down-background-hovered@3x.png.
  Updating spinbox-indicator-down-background-up-hovered.png.
  Updating spinbox-indicator-down-background-up-hovered@2x.png.
  Updating spinbox-indicator-down-background-up-hovered@3x.png.
  Updating spinbox-indicator-down-background-up-pressed.png.
  Updating spinbox-indicator-down-background-up-pressed@2x.png.
  Updating spinbox-indicator-down-background-up-pressed@3x.png.
  Updating spinbox-indicator-down-background.png.
  Updating spinbox-indicator-down-background@2x.png.
  Updating spinbox-indicator-down-background@3x.png.
  Updating spinbox-indicator-down-icon-atlimit.png.
  Updating spinbox-indicator-down-icon-atlimit@2x.png.
  Updating spinbox-indicator-down-icon-atlimit@3x.png.
  Updating spinbox-indicator-down-icon-disabled.png.
  Updating spinbox-indicator-down-icon-disabled@2x.png.
  Updating spinbox-indicator-down-icon-disabled@3x.png.
  Updating spinbox-indicator-down-icon-down-hovered.png.
  Updating spinbox-indicator-down-icon-down-hovered@2x.png.
  Updating spinbox-indicator-down-icon-down-hovered@3x.png.
  Updating spinbox-indicator-down-icon-down-pressed.png.
  Updating spinbox-indicator-down-icon-down-pressed@2x.png.
  Updating spinbox-indicator-down-icon-down-pressed@3x.png.
  Updating spinbox-indicator-down-icon-hovered.png.
  Updating spinbox-indicator-down-icon-hovered@2x.png.
  Updating spinbox-indicator-down-icon-hovered@3x.png.
  Updating spinbox-indicator-down-icon-up-hovered.png.
  Updating spinbox-indicator-down-icon-up-hovered@2x.png.
  Updating spinbox-indicator-down-icon-up-hovered@3x.png.
  Updating spinbox-indicator-down-icon-up-pressed.png.
  Updating spinbox-indicator-down-icon-up-pressed@2x.png.
  Updating spinbox-indicator-down-icon-up-pressed@3x.png.
  Updating spinbox-indicator-down-icon.png.
  Updating spinbox-indicator-down-icon@2x.png.
  Updating spinbox-indicator-down-icon@3x.png.
  Updating spinbox-indicator-up-background-atlimit.png.
  Updating spinbox-indicator-up-background-atlimit@2x.png.
  Updating spinbox-indicator-up-background-atlimit@3x.png.
  Updating spinbox-indicator-up-background-disabled.png.
  Updating spinbox-indicator-up-background-disabled@2x.png.
  Updating spinbox-indicator-up-background-disabled@3x.png.
  Updating spinbox-indicator-up-background-down-hovered.png.
  Updating spinbox-indicator-up-background-down-hovered@2x.png.
  Updating spinbox-indicator-up-background-down-hovered@3x.png.
  Updating spinbox-indicator-up-background-down-pressed.png.
  Updating spinbox-indicator-up-background-down-pressed@2x.png.
  Updating spinbox-indicator-up-background-down-pressed@3x.png.
  Updating spinbox-indicator-up-background-hovered.png.
  Updating spinbox-indicator-up-background-hovered@2x.png.
  Updating spinbox-indicator-up-background-hovered@3x.png.
  Updating spinbox-indicator-up-background-up-hovered.png.
  Updating spinbox-indicator-up-background-up-hovered@2x.png.
  Updating spinbox-indicator-up-background-up-hovered@3x.png.
  Updating spinbox-indicator-up-background-up-pressed.png.
  Updating spinbox-indicator-up-background-up-pressed@2x.png.
  Updating spinbox-indicator-up-background-up-pressed@3x.png.
  Updating spinbox-indicator-up-background.png.
  Updating spinbox-indicator-up-background@2x.png.
  Updating spinbox-indicator-up-background@3x.png.
  Updating spinbox-indicator-up-icon-atlimit.png.
  Updating spinbox-indicator-up-icon-atlimit@2x.png.
  Updating spinbox-indicator-up-icon-atlimit@3x.png.
  Updating spinbox-indicator-up-icon-disabled.png.
  Updating spinbox-indicator-up-icon-disabled@2x.png.
  Updating spinbox-indicator-up-icon-disabled@3x.png.
  Updating spinbox-indicator-up-icon-down-hovered.png.
  Updating spinbox-indicator-up-icon-down-hovered@2x.png.
  Updating spinbox-indicator-up-icon-down-hovered@3x.png.
  Updating spinbox-indicator-up-icon-down-pressed.png.
  Updating spinbox-indicator-up-icon-down-pressed@2x.png.
  Updating spinbox-indicator-up-icon-down-pressed@3x.png.
  Updating spinbox-indicator-up-icon-hovered.png.
  Updating spinbox-indicator-up-icon-hovered@2x.png.
  Updating spinbox-indicator-up-icon-hovered@3x.png.
  Updating spinbox-indicator-up-icon-up-hovered.png.
  Updating spinbox-indicator-up-icon-up-hovered@2x.png.
  Updating spinbox-indicator-up-icon-up-hovered@3x.png.
  Updating spinbox-indicator-up-icon-up-pressed.png.
  Updating spinbox-indicator-up-icon-up-pressed@2x.png.
  Updating spinbox-indicator-up-icon-up-pressed@3x.png.
  Updating spinbox-indicator-up-icon.png.
  Updating spinbox-indicator-up-icon@2x.png.
  Updating spinbox-indicator-up-icon@3x.png.
  Updating textarea-background-disabled.png.
  Updating textarea-background-disabled@2x.png.
  Updating textarea-background-disabled@3x.png.
  Updating textarea-background-focused.png.
  Updating textarea-background-focused@2x.png.
  Updating textarea-background-focused@3x.png.
  Updating textarea-background-hovered.png.
  Updating textarea-background-hovered@2x.png.
  Updating textarea-background-hovered@3x.png.
  Updating textarea-background.png.
  Updating textarea-background@2x.png.
  Updating textarea-background@3x.png.
  Updating textfield-background-disabled.png.
  Updating textfield-background-disabled@2x.png.
  Updating textfield-background-disabled@3x.png.
  Updating textfield-background-focused.png.
  Updating textfield-background-focused@2x.png.
  Updating textfield-background-focused@3x.png.
  Updating textfield-background-hovered.png.
  Updating textfield-background-hovered@2x.png.
  Updating textfield-background-hovered@3x.png.
  Updating textfield-background.png.
  Updating textfield-background@2x.png.
  Updating textfield-background@3x.png.
  Updating qtquickcontrols2windowsstyleplugind.dll.
  Updating ApplicationWindow.qml.
  Updating Button.qml.
  Updating CheckBox.qml.
  Updating CheckDelegate.qml.
  Updating ComboBox.qml.
  Updating DelayButton.qml.
  Updating Frame.qml.
  Updating GroupBox.qml.
  Updating ItemDelegate.qml.
  Updating Menu.qml.
  Updating MenuBar.qml.
  Updating MenuBarItem.qml.
  Updating MenuItem.qml.
  Updating MenuSeparator.qml.
  Updating plugins.qmltypes.
  Updating ProgressBar.qml.
  Updating qmldir.
  Updating RadioButton.qml.
  Updating RadioDelegate.qml.
  Updating RangeSlider.qml.
  Updating ScrollBar.qml.
  Updating ScrollIndicator.qml.
  Updating ScrollView.qml.
  Updating SelectionRectangle.qml.
  Updating Slider.qml.
  Updating SpinBox.qml.
  Updating Switch.qml.
  Updating SwitchDelegate.qml.
  Updating TextArea.qml.
  Updating TextField.qml.
  Updating checkmark.png.
  Updating checkmark@2x.png.
  Updating checkmark@3x.png.
  Updating menuarrow.png.
  Updating menuarrow@2x.png.
  Updating menuarrow@3x.png.
  Updating qtquickcontrols2basicstyleplugind.dll.
  Updating AbstractButton.qml.
  Updating Action.qml.
  Updating ActionGroup.qml.
  Updating ApplicationWindow.qml.
  Updating BusyIndicator.qml.
  Updating Button.qml.
  Updating ButtonGroup.qml.
  Updating Calendar.qml.
  Updating CalendarModel.qml.
  Updating CheckBox.qml.
  Updating CheckDelegate.qml.
  Updating ComboBox.qml.
  Updating Container.qml.
  Updating Control.qml.
  Updating DayOfWeekRow.qml.
  Updating DelayButton.qml.
  Updating Dial.qml.
  Updating Dialog.qml.
  Updating DialogButtonBox.qml.
  Updating Drawer.qml.
  Updating Frame.qml.
  Updating GroupBox.qml.
  Updating HorizontalHeaderView.qml.
  Updating ItemDelegate.qml.
  Updating Label.qml.
  Updating Menu.qml.
  Updating MenuBar.qml.
  Updating MenuBarItem.qml.
  Updating MenuItem.qml.
  Updating MenuSeparator.qml.
  Updating MonthGrid.qml.
  Updating Page.qml.
  Updating PageIndicator.qml.
  Updating Pane.qml.
  Updating plugins.qmltypes.
  Updating Popup.qml.
  Updating ProgressBar.qml.
  Updating qmldir.
  Updating RadioButton.qml.
  Updating RadioDelegate.qml.
  Updating RangeSlider.qml.
  Updating RoundButton.qml.
  Updating ScrollBar.qml.
  Updating ScrollIndicator.qml.
  Updating ScrollView.qml.
  Updating SelectionRectangle.qml.
  Updating Slider.qml.
  Updating SpinBox.qml.
  Updating SplitView.qml.
  Updating StackView.qml.
  Updating SwipeDelegate.qml.
  Updating SwipeView.qml.
  Updating Switch.qml.
  Updating SwitchDelegate.qml.
  Updating TabBar.qml.
  Updating TabButton.qml.
  Updating TableViewDelegate.qml.
  Updating TextArea.qml.
  Updating TextField.qml.
  Updating ToolBar.qml.
  Updating ToolButton.qml.
  Updating ToolSeparator.qml.
  Updating ToolTip.qml.
  Updating TreeViewDelegate.qml.
  Updating Tumbler.qml.
  Updating VerticalHeaderView.qml.
  Updating WeekNumberColumn.qml.
  Updating qtquicktemplates2plugind.dll.
  Updating plugins.qmltypes.
  Updating qmldir.
  Updating qtquickcontrols2implplugind.dll.
  Updating plugins.qmltypes.
  Updating qmldir.
  Updating qtquickcontrols2fusionstyleimplplugind.dll.
  Updating ButtonPanel.qml.
  Updating CheckIndicator.qml.
  Updating plugins.qmltypes.
  Updating qmldir.
  Updating RadioIndicator.qml.
  Updating SliderGroove.qml.
  Updating SliderHandle.qml.
  Updating SwitchIndicator.qml.
  Updating TextFieldBackground.qml.
  Updating quickwindowplugind.dll.
  Updating qmldir.
  Updating quickwindow.qmltypes.
  Updating qtquickcontrols2materialstyleimplplugind.dll.
  Updating BoxShadow.qml.
  Updating CheckIndicator.qml.
  Updating CursorDelegate.qml.
  Updating ElevationEffect.qml.
  Updating plugins.qmltypes.
  Updating qmldir.
  Updating RadioIndicator.qml.
  Updating RectangularGlow.qml.
  Updating RoundedElevationEffect.qml.
  Updating SliderHandle.qml.
  Updating SwitchIndicator.qml.
  Updating qtquickcontrols2imaginestyleimplplugind.dll.
  Updating OpacityMask.qml.
  Updating qmldir.
  Updating QuickControls2ImagineStyleImpl.qmltypes.
  Updating qtquickcontrols2universalstyleimplplugind.dll.
  Updating CheckIndicator.qml.
  Updating plugins.qmltypes.
  Updating qmldir.
  Updating RadioIndicator.qml.
  Updating SwitchIndicator.qml.
  Updating qtquickcontrols2fluentwinui3styleimplplugind.dll.
  Updating ButtonBackground.qml.
  Updating CheckIndicator.qml.
  Updating FocusFrame.qml.
  Generating Code...
  Qt6Cored.dll is up to date.
  Updating Qt6Testd.dll.
  Creating C:\Users\Hasib\Desktop\CFDAPP\CFDApp\build\windows-msvc\apps\gui\Debug\translations...
  Creating qt_ar.qm...
  Creating qt_bg.qm...
  Creating qt_ca.qm...
  Creating qt_cs.qm...
  Creating qt_da.qm...
  Creating qt_de.qm...
  Creating qt_en.qm...
  Creating qt_es.qm...
  Creating qt_fa.qm...
  Creating qt_fi.qm...
  Creating qt_fr.qm...
  Creating qt_gd.qm...
  Creating qt_he.qm...
  Creating qt_hr.qm...
  Creating qt_hu.qm...
  Creating qt_it.qm...
  Creating qt_ja.qm...
  Creating qt_ka.qm...
  Creating qt_ko.qm...
  Creating qt_lg.qm...
  Creating qt_lv.qm...
  Creating qt_nl.qm...
  Creating qt_nn.qm...
  Creating qt_pl.qm...
  Creating qt_pt_BR.qm...
  Creating qt_ru.qm...
  Creating qt_sk.qm...
  Creating qt_sv.qm...
  Creating qt_tr.qm...
  Creating qt_uk.qm...
  Creating qt_zh_CN.qm...
  Creating qt_zh_TW.qm...
  Updating plugins.qmltypes.
  Updating qmldir.
  Updating RadioIndicator.qml.
  Updating StyleImage.qml.
  Updating SwitchIndicator.qml.
  Updating effectsplugind.dll.
  Updating plugins.qmltypes.
  Updating qmldir.
  Updating qquicklayoutsplugind.dll.
  Updating plugins.qmltypes.
  Updating qmldir.
  Updating qmlshapesplugind.dll.
  Updating plugins.qmltypes.
  Updating qmldir.
  Updating qtquickcontrols2nativestyleplugind.dll.
  Updating plugins.qmltypes.
  Updating qmldir.
  Updating qtquickcontrols2windowsstyleimplplugind.dll.
  Updating CheckIndicator.qml.
  Updating qmldir.
  Updating QuickControls2WindowsStyleImpl.qmltypes.
  Updating SwitchIndicator.qml.
  Updating qtquickcontrols2basicstyleimplplugind.dll.
  Updating plugins.qmltypes.
  Updating qmldir.
  Creating C:\Users\Hasib\Desktop\CFDAPP\CFDApp\build\windows-msvc\apps\gui\Debug\qml\Qt\labs...
  Creating C:/Users/Hasib/Desktop/CFDAPP/CFDApp/build/windows-msvc/apps/gui/Debug/qml/Qt/labs/qmlmodels.
  Updating labsmodelsplugind.dll.
  Updating plugins.qmltypes.
  Updating qmldir.
  Creating qt_ar.qm...
  Creating qt_bg.qm...
  Creating qt_ca.qm...
  Creating qt_cs.qm...
  Creating qt_da.qm...
  Creating qt_de.qm...
  Creating qt_en.qm...
  Creating qt_es.qm...
  Creating qt_fa.qm...
  Creating qt_fi.qm...
  Creating qt_fr.qm...
  Creating qt_gd.qm...
  Creating qt_he.qm...
  Creating qt_hr.qm...
  Creating qt_hu.qm...
  Creating qt_it.qm...
  Creating qt_ja.qm...
  Creating qt_ka.qm...
  Creating qt_ko.qm...
  Creating qt_lg.qm...
  Creating qt_lv.qm...
  Creating qt_nl.qm...
  Creating qt_nn.qm...
  Creating qt_pl.qm...
  Creating qt_pt_BR.qm...
  Creating qt_ru.qm...
  Creating qt_sk.qm...
  Creating qt_sv.qm...
  Creating qt_tr.qm...
  Creating qt_uk.qm...
  Creating qt_zh_CN.qm...
  Creating qt_zh_TW.qm...
  CFDSimpleTests.vcxproj -> C:\Users\Hasib\Desktop\CFDAPP\CFDApp\build\windows-msvc\tests\solver\simple\Debug\CFDSimpleTests.exe
  CFDBoundaryTests.vcxproj -> C:\Users\Hasib\Desktop\CFDAPP\CFDApp\build\windows-msvc\tests\unit\boundary\Debug\CFDBoundaryTests.exe
  test_vtk_writer.cpp
  Generating Code...
  CFDIoTests.vcxproj -> C:\Users\Hasib\Desktop\CFDAPP\CFDApp\build\windows-msvc\tests\unit\io\Debug\CFDIoTests.exe
  Building Custom Rule C:/Users/Hasib/Desktop/CFDAPP/CFDApp/CMakeLists.txt
EXITCODE:0

[exited with code 0]
