Enabled checks:
    bugprone-argument-comment
    bugprone-assert-side-effect
    bugprone-bad-signal-to-kill-thread
    bugprone-bool-pointer-implicit-conversion
    bugprone-branch-clone
    bugprone-copy-constructor-init
    bugprone-dangling-handle
    bugprone-dynamic-static-initializers
    bugprone-exception-escape
    bugprone-fold-init-type
    bugprone-forward-declaration-namespace
    bugprone-forwarding-reference-overload
    bugprone-implicit-widening-of-multiplication-result
    bugprone-inaccurate-erase
    bugprone-incorrect-roundings
    bugprone-infinite-loop
    bugprone-integer-division
    bugprone-lambda-function-name
    bugprone-macro-parentheses
    bugprone-macro-repeated-side-effects
    bugprone-misplaced-operator-in-strlen-in-alloc
    bugprone-misplaced-pointer-arithmetic-in-alloc
    bugprone-misplaced-widening-cast
    bugprone-move-forwarding-reference
    bugprone-multiple-statement-macro
    bugprone-narrowing-conversions
    bugprone-no-escape
    bugprone-not-null-terminated-result
    bugprone-parent-virtual-call
    bugprone-posix-return
    bugprone-redundant-branch-condition
    bugprone-reserved-identifier
    bugprone-signal-handler
    bugprone-signed-char-misuse
    bugprone-sizeof-container
    bugprone-sizeof-expression
    bugprone-spuriously-wake-up-functions
    bugprone-string-constructor
    bugprone-string-integer-assignment
    bugprone-string-literal-with-embedded-nul
    bugprone-stringview-nullptr
    bugprone-suspicious-enum-usage
    bugprone-suspicious-include
    bugprone-suspicious-memory-comparison
    bugprone-suspicious-memset-usage
    bugprone-suspicious-missing-comma
    bugprone-suspicious-semicolon
    bugprone-suspicious-string-compare
    bugprone-swapped-arguments
    bugprone-terminating-continue
    bugprone-throw-keyword-missing
    bugprone-too-small-loop-variable
    bugprone-undefined-memory-manipulation
    bugprone-undelegated-constructor
    bugprone-unhandled-exception-at-new
    bugprone-unhandled-self-assignment
    bugprone-unused-raii
    bugprone-unused-return-value
    bugprone-use-after-move
    bugprone-virtual-near-miss
    cppcoreguidelines-init-variables
    cppcoreguidelines-pro-bounds-constant-array-index
    modernize-avoid-bind
    modernize-avoid-c-arrays
    modernize-concat-nested-namespaces
    modernize-deprecated-headers
    modernize-deprecated-ios-base-aliases
    modernize-loop-convert
    modernize-make-shared
    modernize-make-unique
    modernize-pass-by-value
    modernize-raw-string-literal
    modernize-redundant-void-arg
    modernize-replace-auto-ptr
    modernize-replace-disallow-copy-and-assign-macro
    modernize-replace-random-shuffle
    modernize-return-braced-init-list
    modernize-shrink-to-fit
    modernize-unary-static-assert
    modernize-use-auto
    modernize-use-bool-literals
    modernize-use-default-member-init
    modernize-use-emplace
    modernize-use-equals-default
    modernize-use-equals-delete
    modernize-use-nodiscard
    modernize-use-noexcept
    modernize-use-nullptr
    modernize-use-override
    modernize-use-transparent-functors
    modernize-use-uncaught-exceptions
    modernize-use-using
    performance-faster-string-find
    performance-for-range-copy
    performance-implicit-conversion-in-loop
    performance-inefficient-algorithm
    performance-inefficient-string-concatenation
    performance-inefficient-vector-operation
    performance-move-const-arg
    performance-move-constructor-init
    performance-no-automatic-move
    performance-no-int-to-ptr
    performance-noexcept-move-constructor
    performance-trivially-destructible
    performance-type-promotion-in-math-fn
    performance-unnecessary-copy-initialization
    performance-unnecessary-value-param
    readability-const-return-type

