baseline fe2e6d4811e454e6447ec0697fca6b8751fb3902067d8c62bede489a5b694b6e  single_iteration_equivalence.cpp

=== l1_skip_velocity_correction ===
  mutated: DETECTED  first divergence: 8 corrected U/V/W
  restored: sha-match=True exit=0
=== l2_skip_face_flux_correction ===
  mutated: DETECTED  first divergence: 9 corrected face flux
  restored: sha-match=True exit=0
=== l3_stale_response_coefficients ===
  mutated: UNDETECTED  first divergence: (none)
  restored: sha-match=True exit=0
=== l4_previous_iteration_predicted_flux ===
  mutated: DETECTED  first divergence: 5 pressure system
  restored: sha-match=True exit=0
=== l5_skip_pressure_update ===
  mutated: DETECTED  first divergence: 7 updated pressure
  restored: sha-match=True exit=0
=== l6_reversed_pprime_sign ===
  mutated: DETECTED  first divergence: 8 corrected U/V/W
  restored: sha-match=True exit=0
=== l7_correction_stage_order_swapped ===
  mutated: DETECTED  first divergence: 9 corrected face flux
  restored: sha-match=True exit=0
=== l8_unrelaxed_pressure_update ===
  mutated: DETECTED  first divergence: 7 updated pressure
  restored: sha-match=True exit=0
=== l9_momentum_uses_updated_pressure ===
  mutated: DETECTED  first divergence: 1 momentum systems
  restored: sha-match=True exit=0
=== l10_velocity_correction_uses_old_velocity ===
  mutated: DETECTED  first divergence: 8 corrected U/V/W
  restored: sha-match=True exit=0

=== summary ===
  l1_skip_velocity_correction                DETECTED    stage=8 corrected U/V/W expected=8 corrected U/V/W sha=True repass=True  ok
  l2_skip_face_flux_correction               DETECTED    stage=9 corrected face flux expected=9 corrected face flux sha=True repass=True  ok
  l3_stale_response_coefficients             UNDETECTED  stage= expected=(null) sha=True repass=True  ok
  l4_previous_iteration_predicted_flux       DETECTED    stage=5 pressure system expected=5 pressure system sha=True repass=True  ok
  l5_skip_pressure_update                    DETECTED    stage=7 updated pressure expected=7 updated pressure sha=True repass=True  ok
  l6_reversed_pprime_sign                    DETECTED    stage=8 corrected U/V/W expected=8 corrected U/V/W sha=True repass=True  ok
  l7_correction_stage_order_swapped          DETECTED    stage=9 corrected face flux expected=9 corrected face flux sha=True repass=True  ok
  l8_unrelaxed_pressure_update               DETECTED    stage=7 updated pressure expected=7 updated pressure sha=True repass=True  ok
  l9_momentum_uses_updated_pressure          DETECTED    stage=1 momentum systems expected=1 momentum systems sha=True repass=True  ok
  l10_velocity_correction_uses_old_velocity  DETECTED    stage=8 corrected U/V/W expected=8 corrected U/V/W sha=True repass=True  ok

observable controls: 9
detected observable controls: 9/9
detected AT THE EXPECTED STAGE: 9/9
documented null controls: 1
