=== test command ===
ctest --test-dir build/cuda --output-on-failure

=== build identity BEFORE ctest ===
ninja: Entering directory `build/cuda'
ninja: no work to do.
a6f376e53ad8d13214dd10cd14ccc4be6be92216cb43d50651b2863cee1845f1  build/cuda/cuda/libcfdcuda.a
eae75242473f6be813fc2926f07b14c877ce28bfe787441aca47119af4e2d16f  build/cuda/src/libcfdcore.a

=== 001L source sha256 BEFORE ctest ===
3ccf3e29b98fc002cc8211fc4fe70023c041bd3e1901ff0941170dd6bfee4fa2  include/cfd/gpu/DeviceFaceFluxCorrection.hpp
a05aa39cc91645fef0128f0e29118dc93791d7113b5479e7212998684c13efbe  cuda/kernels/DeviceFaceFluxCorrectionKernel.cu
992289552de409ffcaf70c16d908b3e619f4e3a25b4e52b07c64584dc311b0e1  cuda/CMakeLists.txt
d38c2bb3d86b62b693a625b30b002d2deac511b5c324b92c197af4a810c462cd  src/pressure_velocity/SIMPLE.cpp

=== build identity AFTER ctest ===
ninja: Entering directory `build/cuda'
ninja: no work to do.
a6f376e53ad8d13214dd10cd14ccc4be6be92216cb43d50651b2863cee1845f1  build/cuda/cuda/libcfdcuda.a
eae75242473f6be813fc2926f07b14c877ce28bfe787441aca47119af4e2d16f  build/cuda/src/libcfdcore.a

=== 001L source sha256 AFTER ctest ===
3ccf3e29b98fc002cc8211fc4fe70023c041bd3e1901ff0941170dd6bfee4fa2  include/cfd/gpu/DeviceFaceFluxCorrection.hpp
a05aa39cc91645fef0128f0e29118dc93791d7113b5479e7212998684c13efbe  cuda/kernels/DeviceFaceFluxCorrectionKernel.cu
992289552de409ffcaf70c16d908b3e619f4e3a25b4e52b07c64584dc311b0e1  cuda/CMakeLists.txt
d38c2bb3d86b62b693a625b30b002d2deac511b5c324b92c197af4a810c462cd  src/pressure_velocity/SIMPLE.cpp

ctest exit=0
