# P12-MESH-006 G10.1 2D bit identity; Tue Sep 15 09:43:44 UTC 2026
# BASE lib 42fbf5440e3767df (/root/m6ref/base, pre-MESH-006)
# NEW  lib 609d5898ddc24b82 (build/release)
# probe5 = results/p12-mesh-005/tools/bitprobe.cpp (geometry + scalar operators)
# probe6 = results/p12-mesh-006/tools/bitprobe6.cpp (momentum, pressure correction, SIMPLE solves)
## probe5 NEW output
cartesian 4x3 (1 x 1)                    cells     12 fingerprint f6fc7c6e993bc9ac geometry 9b621f0dde4844a6 operators f4684152261ade55
    quality: valid: 12 cells, cell area 0.0833333 .. 0.0833333, max aspect ratio 1.33333, max non-orthogonality 0 deg, max skewness 0, max expansion ratio 1, degenerate cells 0, invalid faces 0
cartesian 13x7 (2.1 x 0.9)               cells     91 fingerprint a267b75d368102a4 geometry e151a26f6d26d0c2 operators 094728c36bbd258e
    quality: valid: 91 cells, cell area 0.0207692 .. 0.0207692, max aspect ratio 1.25641, max non-orthogonality 0 deg, max skewness 0, max expansion ratio 1, degenerate cells 0, invalid faces 0
annular_sector_conduction_multiblock     cells   1080 fingerprint 1e76136432bb2636 geometry 1a92a32c9659f0af operators 2b76687d7d7ce243
    quality: valid: 1080 cells, cell area 0.00454305 .. 0.00854094, max aspect ratio 1.59173, max non-orthogonality 1.47878e-06 deg, max skewness 0.0102101, max expansion ratio 1.08, degenerate cells 0, invalid faces 0
channel_transpiration_graded             cells   1152 fingerprint 409032638c6566cf geometry 43da053ceefff1b2 operators b1c62edddd401d01
    quality: valid: 1152 cells, cell area 0.00105271 .. 0.0078217, max aspect ratio 6.59675, max non-orthogonality 0 deg, max skewness 0, max expansion ratio 1.2, degenerate cells 0, invalid faces 0
compressible_channel_coupled             cells    384 fingerprint a07404fc34e7835c geometry ab14f3ce1cb4d754 operators f88bc2e6a5b01714
    quality: valid: 384 cells, cell area 0.000130208 .. 0.000130208, max aspect ratio 3.33333, max non-orthogonality 0 deg, max skewness 0, max expansion ratio 1, degenerate cells 0, invalid faces 0
compressible_validation                  cells    144 fingerprint 01bc5fcb01174f62 geometry 317b0a157572eed5 operators 3030631f7e531318
    quality: valid: 144 cells, cell area 0.0555556 .. 0.0555556, max aspect ratio 2, max non-orthogonality 0 deg, max skewness 0, max expansion ratio 1, degenerate cells 0, invalid faces 0
curved_channel_multiblock                cells   1080 fingerprint 29e07b0ff38a5f50 geometry 1a92a32c9659f0af operators 3f59bbc8f8278809
    quality: valid: 1080 cells, cell area 0.00454305 .. 0.00854094, max aspect ratio 1.59173, max non-orthogonality 1.47878e-06 deg, max skewness 0.0102101, max expansion ratio 1.08, degenerate cells 0, invalid faces 0
heated_cavity                            cells    400 fingerprint f4c26e3158566a73 geometry 5653124f7dcd931d operators e502b22e3a65c775
    quality: valid: 400 cells, cell area 0.0025 .. 0.0025, max aspect ratio 1, max non-orthogonality 0 deg, max skewness 0, max expansion ratio 1, degenerate cells 0, invalid faces 0
heated_species_diffusion                 cells     80 fingerprint f1c383838c6da3f5 geometry 57dcb4d0177f8078 operators 37b576f748e6fd0c
    quality: valid: 80 cells, cell area 0.0025 .. 0.0025, max aspect ratio 1, max non-orthogonality 0 deg, max skewness 0, max expansion ratio 1, degenerate cells 0, invalid faces 0
lid_driven_cavity                        cells    400 fingerprint f4c26e3158566a73 geometry 5653124f7dcd931d operators e502b22e3a65c775
    quality: valid: 400 cells, cell area 0.0025 .. 0.0025, max aspect ratio 1, max non-orthogonality 0 deg, max skewness 0, max expansion ratio 1, degenerate cells 0, invalid faces 0
lid_driven_cavity_40x40                  cells   1600 fingerprint a892681e398c5702 geometry 990264b83efc3d1d operators bd63d478b3e57e81
    quality: valid: 1600 cells, cell area 0.000625 .. 0.000625, max aspect ratio 1, max non-orthogonality 0 deg, max skewness 0, max expansion ratio 1, degenerate cells 0, invalid faces 0
lid_driven_cavity_80x80                  cells   6400 fingerprint 4fbe2c9cdb28fff5 geometry b1d2d7ae65fbc9e1 operators 1edc6e303fa16786
    quality: valid: 6400 cells, cell area 0.00015625 .. 0.00015625, max aspect ratio 1, max non-orthogonality 0 deg, max skewness 0, max expansion ratio 1, degenerate cells 0, invalid faces 0
multiphase_validation                    cells    100 fingerprint c78a089dfa6b7e0c geometry 2e60d221a2f3df69 operators 6f71a789d1608799
    quality: valid: 100 cells, cell area 0.01 .. 0.01, max aspect ratio 1, max non-orthogonality 0 deg, max skewness 0, max expansion ratio 1, degenerate cells 0, invalid faces 0
obstacle_channel_multiblock              cells   1504 fingerprint cf4d67aa9396b189 geometry 23a23004a82e380b operators 4fe5e4635dc94016
    quality: valid: 1504 cells, cell area 0.00390625 .. 0.00390625, max aspect ratio 1, max non-orthogonality 0 deg, max skewness 0, max expansion ratio 1, degenerate cells 0, invalid faces 0
poiseuille_distorted                     cells    512 fingerprint 0f60ef5bb11cc27a geometry dabbdbf2b2320cfe operators 3af39cb143dfdb6d
    quality: valid: 512 cells, cell area 0.0130641 .. 0.0181912, max aspect ratio 1.28624, max non-orthogonality 44.7624 deg, max skewness 0.131758, max expansion ratio 1.14101, degenerate cells 0, invalid faces 0
    info non_orthogonality: non-orthogonal mesh (max 44.7624 deg at face 804): set non_orthogonal_corrections >= 1 for accurate diffusion [value 44.7624; threshold 10; at (3.5625, 0.482322)]
poiseuille_flow                          cells    512 fingerprint 7bd1d2ca84268f2e geometry b153b1c589c68705 operators 076746f5f54ca8f0
    quality: valid: 512 cells, cell area 0.015625 .. 0.015625, max aspect ratio 1, max non-orthogonality 0 deg, max skewness 0, max expansion ratio 1, degenerate cells 0, invalid faces 0
species_diffusion                        cells     80 fingerprint f1c383838c6da3f5 geometry 57dcb4d0177f8078 operators 37b576f748e6fd0c
    quality: valid: 80 cells, cell area 0.0025 .. 0.0025, max aspect ratio 1, max non-orthogonality 0 deg, max skewness 0, max expansion ratio 1, degenerate cells 0, invalid faces 0
step_channel_multiblock                  cells   1664 fingerprint 8027bc6de757058d geometry 80fdbc06a152b705 operators 90feefb60f8e7c1e
    quality: valid: 1664 cells, cell area 0.0078125 .. 0.0078125, max aspect ratio 2, max non-orthogonality 0 deg, max skewness 0, max expansion ratio 1, degenerate cells 0, invalid faces 0

VERDICT probe5: BITWISE IDENTICAL (37 lines)

## probe6 NEW output
cartesian 4x3 (1 x 1)                    cells     12 operators f977f5290446bd2f
cartesian 13x7 (2.1 x 0.9)               cells     91 operators 167ea5fab12064cb
annular_sector_conduction_multiblock     cells   1080 operators 06c21684c0bbeac1
    solve case settings                it   1 Converged                17068a5b946ad465
    solve quick                        it   1 Converged                17068a5b946ad465
    solve least_squares + 2 corrections it   1 Converged                17068a5b946ad465
    solve linear_upwind + normalized/adaptive it   1 Converged                17068a5b946ad465
channel_transpiration_graded             cells   1152 operators 2a48b8d79339be2e
    solve case settings                it  25 MaxIterations            8098f11902267a5f
    solve quick                        it  25 MaxIterations            3745e11ea774e457
    solve least_squares + 2 corrections it  25 MaxIterations            8deb031a2ddac202
    solve linear_upwind + normalized/adaptive it  25 MaxIterations            bc0c0f7adb9af26e
compressible_channel_coupled             cells    384 operators bf5e6c0f167274cd
    solve case settings                it  25 MaxIterations            30469fca66098e11
    solve quick                        it  25 MaxIterations            c2b254fbad664f3b
    solve least_squares + 2 corrections it  25 MaxIterations            ee0f4ec5a9b1f080
    solve linear_upwind + normalized/adaptive it  25 MaxIterations            420ac646a8f32bf1
compressible_validation                  cells    144 operators d48cd52f15ad6d8b
    solve case settings                it  25 MaxIterations            fbe86cce3a57ef6b
    solve quick                        it  25 MaxIterations            ec1cfcc26ce574a0
    solve least_squares + 2 corrections it  25 MaxIterations            56e2468f8f738e82
    solve linear_upwind + normalized/adaptive it  25 MaxIterations            5d9e499d7926bf8e
curved_channel_multiblock                cells   1080 operators 06c21684c0bbeac1
    solve case settings                it  25 MaxIterations            2e703648b385cdd3
    solve quick                        it  25 MaxIterations            1e345f3d5c8f31ad
    solve least_squares + 2 corrections it  25 MaxIterations            8371d2dd89038300
    solve linear_upwind + normalized/adaptive it  25 MaxIterations            2e85ed862e28edb0
heated_cavity                            cells    400 operators 9f429feee1c0038b
    solve case settings                it   1 Converged                dd447a543c0790a5
    solve quick                        it   1 Converged                dd447a543c0790a5
    solve least_squares + 2 corrections it   1 Converged                dd447a543c0790a5
    solve linear_upwind + normalized/adaptive it   1 Converged                dd447a543c0790a5
heated_species_diffusion                 cells     80 operators c18ca7aa589a4f0f
    solve case settings                it   1 Converged                d2b0d43268fadea5
    solve quick                        it   1 Converged                d2b0d43268fadea5
    solve least_squares + 2 corrections it   1 Converged                d2b0d43268fadea5
    solve linear_upwind + normalized/adaptive it   1 Converged                d2b0d43268fadea5
lid_driven_cavity                        cells    400 operators 9f429feee1c0038b
    solve case settings                it  25 MaxIterations            c7b6cb6cb3c716ab
    solve quick                        it  25 MaxIterations            6267a99d744d6ce0
    solve least_squares + 2 corrections it  25 MaxIterations            91571594b7a2460d
    solve linear_upwind + normalized/adaptive it  25 MaxIterations            ebb868c67345a20a
lid_driven_cavity_40x40                  cells   1600 operators 74e1b115170398ab
    solve case settings                it  25 MaxIterations            287fd1efae71cd00
    solve quick                        it  25 MaxIterations            743726b4a45108e8
    solve least_squares + 2 corrections it  25 MaxIterations            e44b74aebc94facd
    solve linear_upwind + normalized/adaptive it  25 MaxIterations            301be34e69524513
lid_driven_cavity_80x80                  cells   6400 operators cffe55be9542cac1
    solve case settings                it  25 MaxIterations            64c8e84cc5ffc667
    solve quick                        it  25 MaxIterations            99ac1994c6422387
    solve least_squares + 2 corrections it  25 MaxIterations            9995410c93896a5d
    solve linear_upwind + normalized/adaptive it  25 MaxIterations            86f36fa2f3b9881c
multiphase_validation                    cells    100 operators 528bedd79a711925
    solve case settings                it   1 Converged                0613223f15119aa5
    solve quick                        it   1 Converged                0613223f15119aa5
    solve least_squares + 2 corrections it   1 Converged                0613223f15119aa5
    solve linear_upwind + normalized/adaptive it   1 Converged                0613223f15119aa5
obstacle_channel_multiblock              cells   1504 operators 5ae29ac3ac10208e
    solve case settings                it  25 MaxIterations            584d5e54207569ef
    solve quick                        it  25 MaxIterations            3350bc6fe41555b9
    solve least_squares + 2 corrections it  25 MaxIterations            25d3381b01924229
    solve linear_upwind + normalized/adaptive it  25 MaxIterations            04f0539424ba861d
poiseuille_distorted                     cells    512 operators 44b400282ee40da6
    solve case settings                it  25 MaxIterations            6a10983070ee1190
    solve quick                        it  25 MaxIterations            6f797880152572e5
    solve least_squares + 2 corrections it  25 MaxIterations            95e685647bf10b04
    solve linear_upwind + normalized/adaptive it  25 MaxIterations            126d8adc7715f940
poiseuille_flow                          cells    512 operators babf17026e231742
    solve case settings                it  25 MaxIterations            6401da4155595579
    solve quick                        it  25 MaxIterations            46b94bb184ab744c
    solve least_squares + 2 corrections it  25 MaxIterations            32f757298ab42aff
    solve linear_upwind + normalized/adaptive it  25 MaxIterations            5438befa13adfedc
species_diffusion                        cells     80 operators c18ca7aa589a4f0f
    solve case settings                it   1 Converged                d2b0d43268fadea5
    solve quick                        it   1 Converged                d2b0d43268fadea5
    solve least_squares + 2 corrections it   1 Converged                d2b0d43268fadea5
    solve linear_upwind + normalized/adaptive it   1 Converged                d2b0d43268fadea5
step_channel_multiblock                  cells   1664 operators 00ae76b0cd1ca355
    solve case settings                it  25 MaxIterations            91ca006f49c2f93b
    solve quick                        it  25 MaxIterations            04a3f16bde810eb8
    solve least_squares + 2 corrections it  25 MaxIterations            b3d43eb4daca4d41
    solve linear_upwind + normalized/adaptive it  25 MaxIterations            157421e625be22a2

VERDICT probe6: BITWISE IDENTICAL (82 lines)

