# P12-MESH-006 Duct3DProductionCase.DISABLED_DuctLevel8
# start: 2026-09-15T10:40:28Z  host: Linux 6.6.87.2-microsoft-standard-WSL2 x86_64  cpu:  Intel(R) Core(TM) i9-14900HX
# binary: frozen copy of build/release/tests/integration/case/CFDCaseIntegrationTests, sha256 50b675bbaff961c9efe5d03443318f706a6d74109fc4e4ab86b043150b60f45a
# command: CFDCaseIntegrationTests --gtest_also_run_disabled_tests --gtest_filter='Duct3DProductionCase.DISABLED_DuctLevel8'
# note: levels of G5, G6 and G7 run concurrently (one process each); runtimes are wall-clock under that load

Running main() from /mnt/c/Users/Hasib/Desktop/CFDAPP/CFDApp/build/release/_deps/googletest-src/googletest/src/gtest_main.cc
Note: Google Test filter = Duct3DProductionCase.DISABLED_DuctLevel8
[==========] Running 1 test from 1 test suite.
[----------] Global test environment set-up.
[----------] 1 test from Duct3DProductionCase
[ RUN      ] Duct3DProductionCase.DISABLED_DuctLevel8
n= 8 cells   3072 | Converged, rhie_chow, 67 it, 2.7 s | Linf 8.4997e-02 RMS 4.1910e-02 | dp/dx 2.687460 err 5.5512e-02 | u_max 1.95600 err 6.6907e-02 | cross-flow 1.43e-08 | sections 1.98e-12 global 1.93e-12
[       OK ] Duct3DProductionCase.DISABLED_DuctLevel8 (2770 ms)
[----------] 1 test from Duct3DProductionCase (2771 ms total)

[----------] Global test environment tear-down
[==========] 1 test from 1 test suite ran. (2772 ms total)
[  PASSED  ] 1 test.
# elapsed 2.77 s, peak RSS 15204 KB
# exit: 0
# end: 2026-09-15T10:40:31Z
