# P12-MESH-006 Duct3DProductionCase.DISABLED_DuctLevel24
# start: 2026-09-15T10:40:28Z  host: Linux 6.6.87.2-microsoft-standard-WSL2 x86_64  cpu:  Intel(R) Core(TM) i9-14900HX
# binary: frozen copy of build/release/tests/integration/case/CFDCaseIntegrationTests, sha256 50b675bbaff961c9efe5d03443318f706a6d74109fc4e4ab86b043150b60f45a
# command: CFDCaseIntegrationTests --gtest_also_run_disabled_tests --gtest_filter='Duct3DProductionCase.DISABLED_DuctLevel24'
# note: levels of G5, G6 and G7 run concurrently (one process each); runtimes are wall-clock under that load

Running main() from /mnt/c/Users/Hasib/Desktop/CFDAPP/CFDApp/build/release/_deps/googletest-src/googletest/src/gtest_main.cc
Note: Google Test filter = Duct3DProductionCase.DISABLED_DuctLevel24
[==========] Running 1 test from 1 test suite.
[----------] Global test environment set-up.
[----------] 1 test from Duct3DProductionCase
[ RUN      ] Duct3DProductionCase.DISABLED_DuctLevel24
n=24 cells  82944 | Converged, rhie_chow, 362 it, 971.5 s | Linf 1.0577e-02 RMS 5.2021e-03 | dp/dx 2.826544 err 6.6323e-03 | u_max 2.07951 err 7.9896e-03 | cross-flow 1.35e-08 | sections 1.44e-11 global 3.52e-12
[       OK ] Duct3DProductionCase.DISABLED_DuctLevel24 (971667 ms)
[----------] 1 test from Duct3DProductionCase (971668 ms total)

[----------] Global test environment tear-down
[==========] 1 test from 1 test suite ran. (971669 ms total)
[  PASSED  ] 1 test.
# elapsed 971.67 s, peak RSS 241088 KB
# exit: 0
# end: 2026-09-15T10:56:40Z
