# P12-MESH-006 Duct3DProductionCase.DISABLED_DirectionalSymmetry
# start: 2026-09-15T10:40:31Z  host: Linux 6.6.87.2-microsoft-standard-WSL2 x86_64  cpu:  Intel(R) Core(TM) i9-14900HX
# binary: frozen copy of build/release/tests/integration/case/CFDCaseIntegrationTests, sha256 50b675bbaff961c9efe5d03443318f706a6d74109fc4e4ab86b043150b60f45a
# command: CFDCaseIntegrationTests --gtest_also_run_disabled_tests --gtest_filter='Duct3DProductionCase.DISABLED_DirectionalSymmetry'
# note: levels of G5, G6 and G7 run concurrently (one process each); runtimes are wall-clock under that load

Running main() from /mnt/c/Users/Hasib/Desktop/CFDAPP/CFDApp/build/release/_deps/googletest-src/googletest/src/gtest_main.cc
Note: Google Test filter = Duct3DProductionCase.DISABLED_DirectionalSymmetry
[==========] Running 1 test from 1 test suite.
[----------] Global test environment set-up.
[----------] 1 test from Duct3DProductionCase
[ RUN      ] Duct3DProductionCase.DISABLED_DirectionalSymmetry
/mnt/c/Users/Hasib/Desktop/CFDAPP/CFDApp/tests/integration/case/test_3d_production_cases.cpp:670: Failure
Value of: passed
  Actual: false
Expected: true
G6.2 z-duct Linf <= 0.020: 2.3357e-02


P12-MESH-006 G6 -- directional symmetry: the n = 16 duct along x, y and z

x: n=16 cells  24576 | Converged, rhie_chow, 183 it, 98.4 s | Linf 2.3357e-02 RMS 1.1483e-02 | dp/dx 2.803468 err 1.4742e-02 | u_max 2.05903 err 1.7760e-02 | cross-flow 1.53e-08 | sections 7.98e-12 global 3.39e-12
PASS G6 x Converged, finite, Rhie-Chow: Converged
y: n=16 cells  24576 | Converged, rhie_chow, 183 it, 101.4 s | Linf 2.3357e-02 RMS 1.1483e-02 | dp/dx 2.803468 err 1.4742e-02 | u_max 2.05903 err 1.7760e-02 | cross-flow 1.53e-08 | sections 7.68e-12 global 2.65e-12
PASS G6 y Converged, finite, Rhie-Chow: Converged
z: n=16 cells  24576 | Converged, rhie_chow, 183 it, 100.3 s | Linf 2.3357e-02 RMS 1.1483e-02 | dp/dx 2.803468 err 1.4742e-02 | u_max 2.05903 err 1.7760e-02 | cross-flow 1.53e-08 | sections 6.84e-12 global 2.53e-12
PASS G6 z Converged, finite, Rhie-Chow: Converged

PASS G6.1 x vs y streamwise velocity: max |du_s|/U 2.346e-12
PASS G6.1 x vs y cross-flow 1: max |du_1|/U 2.106e-13
PASS G6.1 x vs y cross-flow 2: max |du_2|/U 2.085e-13
PASS G6.1 x vs y pressure: max |dp|/(p_max - p_min) 1.736e-11
PASS G6.1 x vs y dp/ds: |d(dp/ds)|/G 2.252e-11
PASS G6.1 x vs z streamwise velocity: max |du_s|/U 3.436e-12
PASS G6.1 x vs z cross-flow 1: max |du_1|/U 1.156e-13
PASS G6.1 x vs z cross-flow 2: max |du_2|/U 1.156e-13
PASS G6.1 x vs z pressure: max |dp|/(p_max - p_min) 2.127e-11
PASS G6.1 x vs z dp/ds: |d(dp/ds)|/G 6.692e-11
FAIL G6.2 z-duct Linf <= 0.020: 2.3357e-02
PASS G6.2 z-duct |dp/dz error|/G <= 0.030: 1.4742e-02

DECISION: G6 FAILED
[  FAILED  ] Duct3DProductionCase.DISABLED_DirectionalSymmetry (300646 ms)
[----------] 1 test from Duct3DProductionCase (300646 ms total)

[----------] Global test environment tear-down
[==========] 1 test from 1 test suite ran. (300647 ms total)
[  PASSED  ] 0 tests.
[  FAILED  ] 1 test, listed below:
[  FAILED  ] Duct3DProductionCase.DISABLED_DirectionalSymmetry

 1 FAILED TEST
Command exited with non-zero status 1
# elapsed 300.65 s, peak RSS 79636 KB
# exit: 1
# end: 2026-09-15T10:45:31Z
