# P12-MESH-006 LidDrivenCube3DProductionCase.DISABLED_CubeLevel64
# start: 2026-09-15T10:40:26Z  host: Linux 6.6.87.2-microsoft-standard-WSL2 x86_64  cpu:  Intel(R) Core(TM) i9-14900HX
# binary: frozen copy of build/release/tests/integration/case/CFDCaseIntegrationTests, sha256 50b675bbaff961c9efe5d03443318f706a6d74109fc4e4ab86b043150b60f45a
# command: CFDCaseIntegrationTests --gtest_also_run_disabled_tests --gtest_filter='LidDrivenCube3DProductionCase.DISABLED_CubeLevel64'
# note: levels of G5, G6 and G7 run concurrently (one process each); runtimes are wall-clock under that load

Running main() from /mnt/c/Users/Hasib/Desktop/CFDAPP/CFDApp/build/release/_deps/googletest-src/googletest/src/gtest_main.cc
Note: Google Test filter = LidDrivenCube3DProductionCase.DISABLED_CubeLevel64
[==========] Running 1 test from 1 test suite.
[----------] Global test environment set-up.
[----------] 1 test from LidDrivenCube3DProductionCase
[ RUN      ] LidDrivenCube3DProductionCase.DISABLED_CubeLevel64
64x64x64: Converged, 680 iterations, 6174.9 s, symmetry 5.616e-07, net flux 0.000e+00
[       OK ] LidDrivenCube3DProductionCase.DISABLED_CubeLevel64 (6174916 ms)
[----------] 1 test from LidDrivenCube3DProductionCase (6174916 ms total)

[----------] Global test environment tear-down
[==========] 1 test from 1 test suite ran. (6174917 ms total)
[  PASSED  ] 1 test.
# elapsed 6186.95 s, peak RSS 761644 KB
# exit: 0
# end: 2026-09-15T12:23:33Z
