# P12-DIFF-002-INV-001 diff2_channel1d (standalone (no CFDApp library)); 2026-09-16T06:01:52Z
# P12-DIFF-002-INV-001: discrete fully developed channel, exact G = -1.200000
# uniform spacing
C   ny   8 | wall flux: 2pt 6.2500e-02 3pt 0.0000e+00 | dp/dx err: 2pt 3.0303e-02 (2/(ny^2+2) = 3.0303e-02) 3pt 7.7519e-03 | velocity L2: 2pt 1.5183e-02 3pt 8.4927e-03
C   ny  12 | wall flux: 2pt 4.1667e-02 3pt 0.0000e+00 | dp/dx err: 2pt 1.3699e-02 (2/(ny^2+2) = 1.3699e-02) 3pt 3.4602e-03 | velocity L2: 2pt 6.9492e-03 3pt 3.7905e-03
C   ny  18 | wall flux: 2pt 2.7778e-02 3pt 0.0000e+00 | dp/dx err: 2pt 6.1350e-03 (2/(ny^2+2) = 6.1350e-03) 3pt 1.5408e-03 | velocity L2: 2pt 3.1294e-03 3pt 1.6879e-03
C   ny  27 | wall flux: 2pt 1.8519e-02 3pt 0.0000e+00 | dp/dx err: 2pt 2.7360e-03 (2/(ny^2+2) = 2.7360e-03) 3pt 6.8540e-04 | velocity L2: 2pt 1.3990e-03 3pt 7.5082e-04
C   ny  36 | wall flux: 2pt 1.3889e-02 3pt 0.0000e+00 | dp/dx err: 2pt 1.5408e-03 (2/(ny^2+2) = 1.5408e-03) 3pt 3.8565e-04 | velocity L2: 2pt 7.8857e-04 3pt 4.2246e-04
C   ny  54 | wall flux: 2pt 9.2593e-03 3pt 3.7007e-16 | dp/dx err: 2pt 6.8540e-04 (2/(ny^2+2) = 6.8540e-04) 3pt 1.7144e-04 | velocity L2: 2pt 3.5099e-04 3pt 1.8780e-04
C   ny  72 | wall flux: 2pt 6.9444e-03 3pt 0.0000e+00 | dp/dx err: 2pt 3.8565e-04 (2/(ny^2+2) = 3.8565e-04) 3pt 9.6441e-05 | velocity L2: 2pt 1.9753e-04 3pt 1.0565e-04
O     8-> 12 | wall flux order: 2pt  1.000 3pt  0.000 | dp/dx order: 2pt  1.958 3pt  1.989 | velocity order: 2pt  1.928 3pt  1.990
O    12-> 18 | wall flux order: 2pt  1.000 3pt  0.000 | dp/dx order: 2pt  1.981 3pt  1.995 | velocity order: 2pt  1.968 3pt  1.995
O    18-> 27 | wall flux order: 2pt  1.000 3pt  0.000 | dp/dx order: 2pt  1.992 3pt  1.998 | velocity order: 2pt  1.986 3pt  1.998
O    27-> 36 | wall flux order: 2pt  1.000 3pt  0.000 | dp/dx order: 2pt  1.996 3pt  1.999 | velocity order: 2pt  1.993 3pt  1.999
O    36-> 54 | wall flux order: 2pt  1.000 3pt  0.000 | dp/dx order: 2pt  1.998 3pt  1.999 | velocity order: 2pt  1.996 3pt  1.999
O    54-> 72 | wall flux order: 2pt  1.000 3pt  0.000 | dp/dx order: 2pt  1.999 3pt  2.000 | velocity order: 2pt  1.998 3pt  2.000
# graded spacing, ratio 1.2 clustered at both walls
C   ny   8 | wall flux: 2pt 4.6572e-02 3pt 3.7007e-16 | dp/dx err: 2pt 3.3955e-02 (2/(ny^2+2) = 3.0303e-02) 3pt 2.2249e-02 | velocity L2: 2pt 1.0828e-02 3pt 9.2114e-03
C   ny  12 | wall flux: 2pt 2.5176e-02 3pt 1.8504e-16 | dp/dx err: 2pt 1.7656e-02 (2/(ny^2+2) = 1.3699e-02) 3pt 1.4149e-02 | velocity L2: 2pt 5.2475e-03 3pt 5.0858e-03
C   ny  18 | wall flux: 2pt 1.2020e-02 3pt 0.0000e+00 | dp/dx err: 2pt 1.0302e-02 (2/(ny^2+2) = 6.1350e-03) 3pt 9.4931e-03 | velocity L2: 2pt 3.3184e-03 3pt 3.3614e-03
C   ny  27 | wall flux: 2pt 4.6428e-03 3pt 0.0000e+00 | dp/dx err: 2pt 7.2915e-03 (2/(ny^2+2) = 2.7360e-03) 3pt 7.1701e-03 | velocity L2: 2pt 2.9205e-03 3pt 2.9345e-03
C   ny  36 | wall flux: 2pt 1.9513e-03 3pt 0.0000e+00 | dp/dx err: 2pt 6.1252e-03 (2/(ny^2+2) = 1.5408e-03) 3pt 6.1037e-03 | velocity L2: 2pt 2.4505e-03 3pt 2.4534e-03
C   ny  54 | wall flux: 2pt 3.6665e-04 3pt 1.8504e-16 | dp/dx err: 2pt 5.5849e-03 (2/(ny^2+2) = 6.8540e-04) 3pt 5.5841e-03 | velocity L2: 2pt 2.3403e-03 3pt 2.3404e-03
C   ny  72 | wall flux: 2pt 7.0641e-05 3pt 0.0000e+00 | dp/dx err: 2pt 5.4875e-03 (2/(ny^2+2) = 3.8565e-04) 3pt 5.4875e-03 | velocity L2: 2pt 2.3201e-03 3pt 2.3201e-03
O     8-> 12 | wall flux order: 2pt  1.517 3pt  1.710 | dp/dx order: 2pt  1.613 3pt  1.116 | velocity order: 2pt  1.787 3pt  1.465
O    12-> 18 | wall flux order: 2pt  1.823 3pt  0.000 | dp/dx order: 2pt  1.329 3pt  0.984 | velocity order: 2pt  1.130 3pt  1.021
O    18-> 27 | wall flux order: 2pt  2.346 3pt  0.000 | dp/dx order: 2pt  0.853 3pt  0.692 | velocity order: 2pt  0.315 3pt  0.335
O    27-> 36 | wall flux order: 2pt  3.013 3pt  0.000 | dp/dx order: 2pt  0.606 3pt  0.560 | velocity order: 2pt  0.610 3pt  0.622
O    36-> 54 | wall flux order: 2pt  4.123 3pt  0.000 | dp/dx order: 2pt  0.228 3pt  0.219 | velocity order: 2pt  0.113 3pt  0.116
O    54-> 72 | wall flux order: 2pt  5.724 3pt  0.000 | dp/dx order: 2pt  0.061 3pt  0.061 | velocity order: 2pt  0.030 3pt  0.030
exit 0
