# P12-DIFF-002-INV-001 diff2_wallflux (libcfdcore.a sha256 51e82ee8e0ed1636); 2026-09-16T06:05:07Z
# P12-DIFF-002-INV-001 wall-flux reconstruction on CFDApp geometry
W   2D orthogonal Cartesian            constant  h 0.1250 faces  128 no-neighbour  0 | 2pt 0.0000e+00 | 3pt(exact g) 0.0000e+00 | 3pt(computed g) 0.000000
W   2D orthogonal Cartesian            constant  h 0.0833 faces  192 no-neighbour  0 | 2pt 0.0000e+00 | 3pt(exact g) 0.0000e+00 | 3pt(computed g) 0.000000
W   2D orthogonal Cartesian            constant  h 0.0556 faces  288 no-neighbour  0 | 2pt 0.0000e+00 | 3pt(exact g) 0.0000e+00 | 3pt(computed g) 0.000000
W   2D orthogonal Cartesian            constant  h 0.0370 faces  432 no-neighbour  0 | 2pt 0.0000e+00 | 3pt(exact g) 0.0000e+00 | 3pt(computed g) 0.000000
P   2D orthogonal Cartesian            constant  order: 2pt  0.000 | 3pt(exact g)  0.000 | 3pt(computed g)  0.000
P   2D orthogonal Cartesian            constant  order: 2pt  0.000 | 3pt(exact g)  0.000 | 3pt(computed g)  0.000
P   2D orthogonal Cartesian            constant  order: 2pt  0.000 | 3pt(exact g)  0.000 | 3pt(computed g)  0.000
W   2D orthogonal Cartesian            linear    h 0.1250 faces  128 no-neighbour  0 | 2pt 4.2412e-16 | 3pt(exact g) 3.3903e-16 | 3pt(computed g) n/a (no exact patch BC)
W   2D orthogonal Cartesian            linear    h 0.0833 faces  192 no-neighbour  0 | 2pt 3.9936e-15 | 3pt(exact g) 5.0562e-15 | 3pt(computed g) n/a (no exact patch BC)
W   2D orthogonal Cartesian            linear    h 0.0556 faces  288 no-neighbour  0 | 2pt 1.4917e-15 | 3pt(exact g) 2.0737e-15 | 3pt(computed g) n/a (no exact patch BC)
W   2D orthogonal Cartesian            linear    h 0.0370 faces  432 no-neighbour  0 | 2pt 1.5968e-15 | 3pt(exact g) 7.5601e-16 | 3pt(computed g) n/a (no exact patch BC)
P   2D orthogonal Cartesian            linear    order: 2pt -5.531 | 3pt(exact g) -6.665 | 3pt(computed g) -6.665
P   2D orthogonal Cartesian            linear    order: 2pt  2.429 | 3pt(exact g)  2.198 | 3pt(computed g)  2.198
P   2D orthogonal Cartesian            linear    order: 2pt -0.168 | 3pt(exact g)  2.489 | 3pt(computed g)  2.489
W   2D orthogonal Cartesian            quadratic h 0.1250 faces  128 no-neighbour  0 | 2pt 6.2500e-02 | 3pt(exact g) 0.0000e+00 | 3pt(computed g) 0.000000
W   2D orthogonal Cartesian            quadratic h 0.0833 faces  192 no-neighbour  0 | 2pt 4.1667e-02 | 3pt(exact g) 1.8504e-16 | 3pt(computed g) 0.000000
W   2D orthogonal Cartesian            quadratic h 0.0556 faces  288 no-neighbour  0 | 2pt 2.7778e-02 | 3pt(exact g) 0.0000e+00 | 3pt(computed g) 0.000000
W   2D orthogonal Cartesian            quadratic h 0.0370 faces  432 no-neighbour  0 | 2pt 1.8519e-02 | 3pt(exact g) 0.0000e+00 | 3pt(computed g) 0.000000
P   2D orthogonal Cartesian            quadratic order: 2pt  1.000 | 3pt(exact g)  0.000 | 3pt(computed g)  0.000
P   2D orthogonal Cartesian            quadratic order: 2pt  1.000 | 3pt(exact g)  0.000 | 3pt(computed g)  0.000
P   2D orthogonal Cartesian            quadratic order: 2pt  1.000 | 3pt(exact g)  0.000 | 3pt(computed g)  0.000
W   2D orthogonal Cartesian            cubic     h 0.1250 faces  128 no-neighbour  0 | 2pt 7.5219e-03 | 3pt(exact g) 2.4496e-16 | 3pt(computed g) n/a (no exact patch BC)
W   2D orthogonal Cartesian            cubic     h 0.0833 faces  192 no-neighbour  0 | 2pt 5.0145e-03 | 3pt(exact g) 1.3361e-16 | 3pt(computed g) n/a (no exact patch BC)
W   2D orthogonal Cartesian            cubic     h 0.0556 faces  288 no-neighbour  0 | 2pt 3.3429e-03 | 3pt(exact g) 3.3403e-16 | 3pt(computed g) n/a (no exact patch BC)
W   2D orthogonal Cartesian            cubic     h 0.0370 faces  432 no-neighbour  0 | 2pt 2.2286e-03 | 3pt(exact g) 3.7856e-16 | 3pt(computed g) n/a (no exact patch BC)
P   2D orthogonal Cartesian            cubic     order: 2pt  1.000 | 3pt(exact g)  1.495 | 3pt(computed g)  1.495
P   2D orthogonal Cartesian            cubic     order: 2pt  1.000 | 3pt(exact g) -2.260 | 3pt(computed g) -2.260
P   2D orthogonal Cartesian            cubic     order: 2pt  1.000 | 3pt(exact g) -0.309 | 3pt(computed g) -0.309
W   2D Cartesian translated            constant  h 0.1250 faces  128 no-neighbour  0 | 2pt 0.0000e+00 | 3pt(exact g) 0.0000e+00 | 3pt(computed g) 0.000000
W   2D Cartesian translated            constant  h 0.0833 faces  192 no-neighbour  0 | 2pt 0.0000e+00 | 3pt(exact g) 0.0000e+00 | 3pt(computed g) 0.000000
W   2D Cartesian translated            constant  h 0.0556 faces  288 no-neighbour  0 | 2pt 0.0000e+00 | 3pt(exact g) 0.0000e+00 | 3pt(computed g) 0.000000
W   2D Cartesian translated            constant  h 0.0370 faces  432 no-neighbour  0 | 2pt 0.0000e+00 | 3pt(exact g) 0.0000e+00 | 3pt(computed g) 0.000000
P   2D Cartesian translated            constant  order: 2pt  0.000 | 3pt(exact g)  0.000 | 3pt(computed g)  0.000
P   2D Cartesian translated            constant  order: 2pt  0.000 | 3pt(exact g)  0.000 | 3pt(computed g)  0.000
P   2D Cartesian translated            constant  order: 2pt  0.000 | 3pt(exact g)  0.000 | 3pt(computed g)  0.000
W   2D Cartesian translated            linear    h 0.1250 faces  128 no-neighbour  0 | 2pt 1.4226e-16 | 3pt(exact g) 5.7835e-16 | 3pt(computed g) n/a (no exact patch BC)
W   2D Cartesian translated            linear    h 0.0833 faces  192 no-neighbour  0 | 2pt 3.6336e-15 | 3pt(exact g) 5.1327e-15 | 3pt(computed g) n/a (no exact patch BC)
W   2D Cartesian translated            linear    h 0.0556 faces  288 no-neighbour  0 | 2pt 3.8490e-16 | 3pt(exact g) 1.0237e-16 | 3pt(computed g) n/a (no exact patch BC)
W   2D Cartesian translated            linear    h 0.0370 faces  432 no-neighbour  0 | 2pt 1.7967e-15 | 3pt(exact g) 2.6985e-15 | 3pt(computed g) n/a (no exact patch BC)
P   2D Cartesian translated            linear    order: 2pt -7.992 | 3pt(exact g) -5.384 | 3pt(computed g) -5.384
P   2D Cartesian translated            linear    order: 2pt  5.537 | 3pt(exact g)  9.655 | 3pt(computed g)  9.655
P   2D Cartesian translated            linear    order: 2pt -3.800 | 3pt(exact g) -8.069 | 3pt(computed g) -8.069
W   2D Cartesian translated            quadratic h 0.1250 faces  128 no-neighbour  0 | 2pt 6.2500e-02 | 3pt(exact g) 0.0000e+00 | 3pt(computed g) 0.000000
W   2D Cartesian translated            quadratic h 0.0833 faces  192 no-neighbour  0 | 2pt 4.1667e-02 | 3pt(exact g) 0.0000e+00 | 3pt(computed g) 0.000000
W   2D Cartesian translated            quadratic h 0.0556 faces  288 no-neighbour  0 | 2pt 2.7778e-02 | 3pt(exact g) 0.0000e+00 | 3pt(computed g) 0.000000
W   2D Cartesian translated            quadratic h 0.0370 faces  432 no-neighbour  0 | 2pt 1.8519e-02 | 3pt(exact g) 0.0000e+00 | 3pt(computed g) 0.000000
P   2D Cartesian translated            quadratic order: 2pt  1.000 | 3pt(exact g)  0.000 | 3pt(computed g)  0.000
P   2D Cartesian translated            quadratic order: 2pt  1.000 | 3pt(exact g)  0.000 | 3pt(computed g)  0.000
P   2D Cartesian translated            quadratic order: 2pt  1.000 | 3pt(exact g)  0.000 | 3pt(computed g)  0.000
W   2D Cartesian translated            cubic     h 0.1250 faces  128 no-neighbour  0 | 2pt 7.5420e-03 | 3pt(exact g) 1.5552e-16 | 3pt(computed g) n/a (no exact patch BC)
W   2D Cartesian translated            cubic     h 0.0833 faces  192 no-neighbour  0 | 2pt 5.0279e-03 | 3pt(exact g) 2.4439e-16 | 3pt(computed g) n/a (no exact patch BC)
W   2D Cartesian translated            cubic     h 0.0556 faces  288 no-neighbour  0 | 2pt 3.3519e-03 | 3pt(exact g) 1.7773e-16 | 3pt(computed g) n/a (no exact patch BC)
W   2D Cartesian translated            cubic     h 0.0370 faces  432 no-neighbour  0 | 2pt 2.2346e-03 | 3pt(exact g) 1.1997e-15 | 3pt(computed g) n/a (no exact patch BC)
P   2D Cartesian translated            cubic     order: 2pt  1.000 | 3pt(exact g) -1.115 | 3pt(computed g) -1.115
P   2D Cartesian translated            cubic     order: 2pt  1.000 | 3pt(exact g)  0.785 | 3pt(computed g)  0.785
P   2D Cartesian translated            cubic     order: 2pt  1.000 | 3pt(exact g) -4.709 | 3pt(computed g) -4.709
W   2D distorted (48 deg)              constant  h 0.1250 faces  128 no-neighbour  0 | 2pt 0.0000e+00 | 3pt(exact g) 0.0000e+00 | 3pt(computed g) 0.000000
W   2D distorted (48 deg)              constant  h 0.0833 faces  192 no-neighbour  0 | 2pt 0.0000e+00 | 3pt(exact g) 0.0000e+00 | 3pt(computed g) 0.000000
W   2D distorted (48 deg)              constant  h 0.0556 faces  288 no-neighbour  0 | 2pt 0.0000e+00 | 3pt(exact g) 0.0000e+00 | 3pt(computed g) 0.000000
W   2D distorted (48 deg)              constant  h 0.0370 faces  432 no-neighbour  0 | 2pt 0.0000e+00 | 3pt(exact g) 0.0000e+00 | 3pt(computed g) 0.000000
P   2D distorted (48 deg)              constant  order: 2pt  0.000 | 3pt(exact g)  0.000 | 3pt(computed g) -6.028
P   2D distorted (48 deg)              constant  order: 2pt  0.000 | 3pt(exact g)  0.000 | 3pt(computed g)  4.286
P   2D distorted (48 deg)              constant  order: 2pt  0.000 | 3pt(exact g)  0.000 | 3pt(computed g) -2.270
W   2D distorted (48 deg)              linear    h 0.1250 faces  128 no-neighbour  0 | 2pt 1.3455e-15 | 3pt(exact g) 1.4033e-15 | 3pt(computed g) n/a (no exact patch BC)
W   2D distorted (48 deg)              linear    h 0.0833 faces  192 no-neighbour  0 | 2pt 2.4872e-15 | 3pt(exact g) 2.7309e-15 | 3pt(computed g) n/a (no exact patch BC)
W   2D distorted (48 deg)              linear    h 0.0556 faces  288 no-neighbour  0 | 2pt 3.8719e-15 | 3pt(exact g) 4.5952e-15 | 3pt(computed g) n/a (no exact patch BC)
W   2D distorted (48 deg)              linear    h 0.0370 faces  432 no-neighbour  0 | 2pt 5.1908e-15 | 3pt(exact g) 6.8587e-15 | 3pt(computed g) n/a (no exact patch BC)
P   2D distorted (48 deg)              linear    order: 2pt -1.515 | 3pt(exact g) -1.642 | 3pt(computed g) -1.642
P   2D distorted (48 deg)              linear    order: 2pt -1.092 | 3pt(exact g) -1.283 | 3pt(computed g) -1.283
P   2D distorted (48 deg)              linear    order: 2pt -0.723 | 3pt(exact g) -0.988 | 3pt(computed g) -0.988
W   2D distorted (48 deg)              quadratic h 0.1250 faces  128 no-neighbour  0 | 2pt 6.2532e-02 | 3pt(exact g) 0.0000e+00 | 3pt(computed g) 0.000050
W   2D distorted (48 deg)              quadratic h 0.0833 faces  192 no-neighbour  0 | 2pt 4.1677e-02 | 3pt(exact g) 0.0000e+00 | 3pt(computed g) 0.000011
W   2D distorted (48 deg)              quadratic h 0.0556 faces  288 no-neighbour  0 | 2pt 2.7781e-02 | 3pt(exact g) 0.0000e+00 | 3pt(computed g) 0.000002
W   2D distorted (48 deg)              quadratic h 0.0370 faces  432 no-neighbour  0 | 2pt 1.8520e-02 | 3pt(exact g) 0.0000e+00 | 3pt(computed g) 0.000000
P   2D distorted (48 deg)              quadratic order: 2pt  1.001 | 3pt(exact g)  0.000 | 3pt(computed g)  3.840
P   2D distorted (48 deg)              quadratic order: 2pt  1.000 | 3pt(exact g)  0.000 | 3pt(computed g)  4.253
P   2D distorted (48 deg)              quadratic order: 2pt  1.000 | 3pt(exact g)  0.000 | 3pt(computed g)  4.635
W   2D distorted (48 deg)              cubic     h 0.1250 faces  128 no-neighbour  0 | 2pt 7.3230e-03 | 3pt(exact g) 1.0775e-04 | 3pt(computed g) n/a (no exact patch BC)
W   2D distorted (48 deg)              cubic     h 0.0833 faces  192 no-neighbour  0 | 2pt 4.8635e-03 | 3pt(exact g) 3.9212e-05 | 3pt(computed g) n/a (no exact patch BC)
W   2D distorted (48 deg)              cubic     h 0.0556 faces  288 no-neighbour  0 | 2pt 3.2365e-03 | 3pt(exact g) 1.2717e-05 | 3pt(computed g) n/a (no exact patch BC)
W   2D distorted (48 deg)              cubic     h 0.0370 faces  432 no-neighbour  0 | 2pt 2.1559e-03 | 3pt(exact g) 3.9201e-06 | 3pt(computed g) n/a (no exact patch BC)
P   2D distorted (48 deg)              cubic     order: 2pt  1.009 | 3pt(exact g)  2.493 | 3pt(computed g)  2.493
P   2D distorted (48 deg)              cubic     order: 2pt  1.004 | 3pt(exact g)  2.777 | 3pt(computed g)  2.777
P   2D distorted (48 deg)              cubic     order: 2pt  1.002 | 3pt(exact g)  2.902 | 3pt(computed g)  2.902
exit 0
