# P12-DIFF-002-INV-001 diff2_perface (libcfdcore.a sha256 51e82ee8e0ed1636); 2026-09-16T06:06:18Z
# P12-DIFF-002-INV-001 per-face wall-flux error, exact transfer gradient
M   2D orthogonal                  quadratic h 0.12500 faces   128 no-neighbour  0 nonorth  0.00 | L1: 2pt 6.2500e-02 3pt 0.0000e+00 | Linf: 2pt 6.2500e-02 3pt 0.0000e+00
M   2D orthogonal                  quadratic h 0.08333 faces   192 no-neighbour  0 nonorth  0.00 | L1: 2pt 4.1667e-02 3pt 9.4687e-17 | Linf: 2pt 4.1667e-02 3pt 2.7756e-16
M   2D orthogonal                  quadratic h 0.05556 faces   288 no-neighbour  0 nonorth  0.00 | L1: 2pt 2.7778e-02 3pt 1.5034e-16 | Linf: 2pt 2.7778e-02 3pt 4.1633e-16
M   2D orthogonal                  quadratic h 0.03704 faces   432 no-neighbour  0 nonorth  0.00 | L1: 2pt 1.8519e-02 3pt 5.0958e-17 | Linf: 2pt 1.8519e-02 3pt 4.6838e-16
Q   2D orthogonal                  quadratic order L1: 2pt  1.000 3pt  0.000 | order Linf: 2pt  1.000 3pt  0.000
Q   2D orthogonal                  quadratic order L1: 2pt  1.000 3pt -1.140 | order Linf: 2pt  1.000 3pt -1.000
Q   2D orthogonal                  quadratic order L1: 2pt  1.000 3pt  2.668 | order Linf: 2pt  1.000 3pt -0.290
M   2D orthogonal                  cubic     h 0.12500 faces   128 no-neighbour  0 nonorth  0.00 | L1: 2pt 6.2500e-02 3pt 7.8125e-03 | Linf: 2pt 4.8828e+295 3pt 1.4648e+296
M   2D orthogonal                  cubic     h 0.08333 faces   192 no-neighbour  0 nonorth  0.00 | L1: 2pt 4.1667e-02 3pt 3.4722e-03 | Linf: 2pt 1.4468e+295 3pt 4.3403e+295
M   2D orthogonal                  cubic     h 0.05556 faces   288 no-neighbour  0 nonorth  0.00 | L1: 2pt 2.7778e-02 3pt 1.5432e-03 | Linf: 2pt 4.2867e+294 3pt 1.2860e+295
M   2D orthogonal                  cubic     h 0.03704 faces   432 no-neighbour  0 nonorth  0.00 | L1: 2pt 1.8519e-02 3pt 6.8587e-04 | Linf: 2pt 1.2701e+294 3pt 3.8104e+294
Q   2D orthogonal                  cubic     order L1: 2pt  1.000 3pt  2.000 | order Linf: 2pt  3.000 3pt  3.000
Q   2D orthogonal                  cubic     order L1: 2pt  1.000 3pt  2.000 | order Linf: 2pt  3.000 3pt  3.000
Q   2D orthogonal                  cubic     order L1: 2pt  1.000 3pt  2.000 | order Linf: 2pt  3.000 3pt  3.000
M   2D distorted 48deg             quadratic h 0.12500 faces   128 no-neighbour  0 nonorth 44.76 | L1: 2pt 6.2532e-02 3pt 5.4933e-17 | Linf: 2pt 7.1083e-02 3pt 3.7007e-16
M   2D distorted 48deg             quadratic h 0.08333 faces   192 no-neighbour  0 nonorth 47.18 | L1: 2pt 4.1677e-02 3pt 1.0336e-16 | Linf: 2pt 4.7882e-02 3pt 2.7756e-16
M   2D distorted 48deg             quadratic h 0.05556 faces   288 no-neighbour  0 nonorth 48.25 | L1: 2pt 2.7781e-02 3pt 1.5974e-16 | Linf: 2pt 3.2124e-02 3pt 4.1633e-16
M   2D distorted 48deg             quadratic h 0.03704 faces   432 no-neighbour  0 nonorth 48.78 | L1: 2pt 1.8520e-02 3pt 6.5052e-17 | Linf: 2pt 2.1428e-02 3pt 4.6838e-16
Q   2D distorted 48deg             quadratic order L1: 2pt  1.001 3pt -1.559 | order Linf: 2pt  0.974 3pt  0.710
Q   2D distorted 48deg             quadratic order L1: 2pt  1.000 3pt -1.074 | order Linf: 2pt  0.984 3pt -1.000
Q   2D distorted 48deg             quadratic order L1: 2pt  1.000 3pt  2.216 | order Linf: 2pt  0.999 3pt -0.290
M   2D distorted 48deg             cubic     h 0.12500 faces   128 no-neighbour  0 nonorth 44.76 | L1: 2pt 6.2532e-02 3pt 7.8943e-03 | Linf: 2pt 6.3159e+295 3pt 1.8742e+296
M   2D distorted 48deg             cubic     h 0.08333 faces   192 no-neighbour  0 nonorth 47.18 | L1: 2pt 4.1677e-02 3pt 3.5121e-03 | Linf: 2pt 1.9105e+295 3pt 5.6990e+295
M   2D distorted 48deg             cubic     h 0.05556 faces   288 no-neighbour  0 nonorth 48.25 | L1: 2pt 2.7781e-02 3pt 1.5617e-03 | Linf: 2pt 5.7330e+294 3pt 1.7149e+295
M   2D distorted 48deg             cubic     h 0.03704 faces   432 no-neighbour  0 nonorth 48.78 | L1: 2pt 1.8520e-02 3pt 6.9423e-04 | Linf: 2pt 1.7006e+294 3pt 5.0935e+294
Q   2D distorted 48deg             cubic     order L1: 2pt  1.001 3pt  1.998 | order Linf: 2pt  2.949 3pt  2.936
Q   2D distorted 48deg             cubic     order L1: 2pt  1.000 3pt  1.999 | order Linf: 2pt  2.969 3pt  2.962
Q   2D distorted 48deg             cubic     order L1: 2pt  1.000 3pt  1.999 | order Linf: 2pt  2.997 3pt  2.994
M   curved annulus 270deg          radial    h 0.12500 faces   120 no-neighbour  0 nonorth  0.00 | L1: 2pt 2.8821e-02 3pt 8.3584e-04 | Linf: 2pt 4.8465e-02 3pt 2.0023e-03
M   curved annulus 270deg          radial    h 0.08333 faces   180 no-neighbour  0 nonorth  0.00 | L1: 2pt 1.9259e-02 3pt 3.7178e-04 | Linf: 2pt 3.1962e-02 3pt 8.8310e-04
M   curved annulus 270deg          radial    h 0.05556 faces   270 no-neighbour  0 nonorth  0.00 | L1: 2pt 1.2859e-02 3pt 1.6530e-04 | Linf: 2pt 2.1151e-02 3pt 3.9036e-04
M   curved annulus 270deg          radial    h 0.03704 faces   406 no-neighbour  0 nonorth  0.00 | L1: 2pt 8.5813e-03 3pt 7.3477e-05 | Linf: 2pt 1.4031e-02 3pt 1.7284e-04
Q   curved annulus 270deg          radial    order L1: 2pt  0.994 3pt  1.998 | order Linf: 2pt  1.027 3pt  2.019
Q   curved annulus 270deg          radial    order L1: 2pt  0.996 3pt  1.999 | order Linf: 2pt  1.018 3pt  2.013
Q   curved annulus 270deg          radial    order L1: 2pt  0.998 3pt  2.000 | order Linf: 2pt  1.012 3pt  2.009
M   3D Cartesian                   quadratic h 0.12500 faces   128 no-neighbour  0 nonorth  0.00 | L1: 2pt 6.2500e-02 3pt 0.0000e+00 | Linf: 2pt 6.2500e-02 3pt 0.0000e+00
M   3D Cartesian                   quadratic h 0.08333 faces   288 no-neighbour  0 nonorth  0.00 | L1: 2pt 4.1667e-02 3pt 2.0817e-16 | Linf: 2pt 4.1667e-02 3pt 2.0817e-16
M   3D Cartesian                   quadratic h 0.06250 faces   512 no-neighbour  0 nonorth  0.00 | L1: 2pt 3.1250e-02 3pt 0.0000e+00 | Linf: 2pt 3.1250e-02 3pt 0.0000e+00
M   3D Cartesian                   quadratic h 0.04167 faces  1152 no-neighbour  0 nonorth  0.00 | L1: 2pt 2.0833e-02 3pt 2.0817e-16 | Linf: 2pt 2.0833e-02 3pt 2.0817e-16
Q   3D Cartesian                   quadratic order L1: 2pt  1.000 3pt  0.000 | order Linf: 2pt  1.000 3pt  0.000
Q   3D Cartesian                   quadratic order L1: 2pt  1.000 3pt  0.000 | order Linf: 2pt  1.000 3pt  0.000
Q   3D Cartesian                   quadratic order L1: 2pt  1.000 3pt  0.000 | order Linf: 2pt  1.000 3pt  0.000
M   3D Cartesian                   cubic     h 0.12500 faces   128 no-neighbour  0 nonorth  0.00 | L1: 2pt 6.2500e-02 3pt 7.8125e-03 | Linf: 2pt 6.1035e+294 3pt 1.8311e+295
M   3D Cartesian                   cubic     h 0.08333 faces   288 no-neighbour  0 nonorth  0.00 | L1: 2pt 4.1667e-02 3pt 3.4722e-03 | Linf: 2pt 1.2056e+294 3pt 3.6169e+294
M   3D Cartesian                   cubic     h 0.06250 faces   512 no-neighbour  0 nonorth  0.00 | L1: 2pt 3.1250e-02 3pt 1.9531e-03 | Linf: 2pt 3.8147e+293 3pt 1.1444e+294
M   3D Cartesian                   cubic     h 0.04167 faces  1152 no-neighbour  0 nonorth  0.00 | L1: 2pt 2.0833e-02 3pt 8.6806e-04 | Linf: 2pt 7.5352e+292 3pt 2.2606e+293
Q   3D Cartesian                   cubic     order L1: 2pt  1.000 3pt  2.000 | order Linf: 2pt  4.000 3pt  4.000
Q   3D Cartesian                   cubic     order L1: 2pt  1.000 3pt  2.000 | order Linf: 2pt  4.000 3pt  4.000
Q   3D Cartesian                   cubic     order L1: 2pt  1.000 3pt  2.000 | order Linf: 2pt  4.000 3pt  4.000
exit 0
