# P12-DIFF-002-INV-001 diff2_channel1d (standalone (no CFDApp library)); 2026-09-16T06:08:18Z
# P12-DIFF-002-INV-001: discrete fully developed channel, exact G = -1.200000
# uniform spacing
C   ny   8 | wall flux: 2pt 6.2500e-02 3pt 0.0000e+00 | dp/dx err: 2pt 3.0303e-02 (2/(ny^2+2) = 3.0303e-02) 3pt 7.7519e-03 | velocity L2: 2pt 1.5183e-02 3pt 8.4927e-03
C   ny  12 | wall flux: 2pt 4.1667e-02 3pt 0.0000e+00 | dp/dx err: 2pt 1.3699e-02 (2/(ny^2+2) = 1.3699e-02) 3pt 3.4602e-03 | velocity L2: 2pt 6.9492e-03 3pt 3.7905e-03
C   ny  18 | wall flux: 2pt 2.7778e-02 3pt 0.0000e+00 | dp/dx err: 2pt 6.1350e-03 (2/(ny^2+2) = 6.1350e-03) 3pt 1.5408e-03 | velocity L2: 2pt 3.1294e-03 3pt 1.6879e-03
C   ny  27 | wall flux: 2pt 1.8519e-02 3pt 0.0000e+00 | dp/dx err: 2pt 2.7360e-03 (2/(ny^2+2) = 2.7360e-03) 3pt 6.8540e-04 | velocity L2: 2pt 1.3990e-03 3pt 7.5082e-04
C   ny  36 | wall flux: 2pt 1.3889e-02 3pt 0.0000e+00 | dp/dx err: 2pt 1.5408e-03 (2/(ny^2+2) = 1.5408e-03) 3pt 3.8565e-04 | velocity L2: 2pt 7.8857e-04 3pt 4.2246e-04
C   ny  54 | wall flux: 2pt 9.2593e-03 3pt 3.7007e-16 | dp/dx err: 2pt 6.8540e-04 (2/(ny^2+2) = 6.8540e-04) 3pt 1.7144e-04 | velocity L2: 2pt 3.5099e-04 3pt 1.8780e-04
C   ny  72 | wall flux: 2pt 6.9444e-03 3pt 0.0000e+00 | dp/dx err: 2pt 3.8565e-04 (2/(ny^2+2) = 3.8565e-04) 3pt 9.6441e-05 | velocity L2: 2pt 1.9753e-04 3pt 1.0565e-04
O     8-> 12 | wall flux order: 2pt  1.000 3pt  0.000 | dp/dx order: 2pt  1.958 3pt  1.989 | velocity order: 2pt  1.928 3pt  1.990
O    12-> 18 | wall flux order: 2pt  1.000 3pt  0.000 | dp/dx order: 2pt  1.981 3pt  1.995 | velocity order: 2pt  1.968 3pt  1.995
O    18-> 27 | wall flux order: 2pt  1.000 3pt  0.000 | dp/dx order: 2pt  1.992 3pt  1.998 | velocity order: 2pt  1.986 3pt  1.998
O    27-> 36 | wall flux order: 2pt  1.000 3pt  0.000 | dp/dx order: 2pt  1.996 3pt  1.999 | velocity order: 2pt  1.993 3pt  1.999
O    36-> 54 | wall flux order: 2pt  1.000 3pt  0.000 | dp/dx order: 2pt  1.998 3pt  1.999 | velocity order: 2pt  1.996 3pt  1.999
O    54-> 72 | wall flux order: 2pt  1.000 3pt  0.000 | dp/dx order: 2pt  1.999 3pt  2.000 | velocity order: 2pt  1.998 3pt  2.000
# graded by a fixed smooth mapping, beta = 0.5 (clustered at both walls)
C   ny   8 | wall flux: 2pt 3.4365e-02 3pt 1.8504e-16 | dp/dx err: 2pt 4.0656e-02 (2/(ny^2+2) = 3.0303e-02) 3pt 3.4797e-02 | velocity L2: 2pt 1.1267e-02 3pt 1.0890e-02
C   ny  12 | wall flux: 2pt 2.1772e-02 3pt 0.0000e+00 | dp/dx err: 2pt 1.8626e-02 (2/(ny^2+2) = 1.3699e-02) 3pt 1.6038e-02 | velocity L2: 2pt 5.0747e-03 3pt 4.8892e-03
C   ny  18 | wall flux: 2pt 1.4169e-02 3pt 1.8504e-16 | dp/dx err: 2pt 8.3932e-03 (2/(ny^2+2) = 6.1350e-03) 3pt 7.2407e-03 | velocity L2: 2pt 2.2692e-03 3pt 2.1830e-03
C   ny  27 | wall flux: 2pt 9.3426e-03 3pt 0.0000e+00 | dp/dx err: 2pt 3.7535e-03 (2/(ny^2+2) = 2.7360e-03) 3pt 3.2403e-03 | velocity L2: 2pt 1.0113e-03 3pt 9.7224e-04
C   ny  36 | wall flux: 2pt 6.9796e-03 3pt 0.0000e+00 | dp/dx err: 2pt 2.1160e-03 (2/(ny^2+2) = 1.5408e-03) 3pt 1.8270e-03 | velocity L2: 2pt 5.6940e-04 3pt 5.4728e-04
C   ny  54 | wall flux: 2pt 4.6401e-03 3pt 0.0000e+00 | dp/dx err: 2pt 9.4189e-04 (2/(ny^2+2) = 6.8540e-04) 3pt 8.1337e-04 | velocity L2: 2pt 2.5324e-04 3pt 2.4336e-04
C   ny  72 | wall flux: 2pt 3.4766e-03 3pt 0.0000e+00 | dp/dx err: 2pt 5.3011e-04 (2/(ny^2+2) = 3.8565e-04) 3pt 4.5779e-04 | velocity L2: 2pt 1.4248e-04 3pt 1.3692e-04
O     8-> 12 | wall flux order: 2pt  1.126 3pt  0.000 | dp/dx order: 2pt  1.925 3pt  1.910 | velocity order: 2pt  1.967 3pt  1.975
O    12-> 18 | wall flux order: 2pt  1.059 3pt  0.000 | dp/dx order: 2pt  1.966 3pt  1.961 | velocity order: 2pt  1.985 3pt  1.989
O    18-> 27 | wall flux order: 2pt  1.027 3pt  0.000 | dp/dx order: 2pt  1.985 3pt  1.983 | velocity order: 2pt  1.993 3pt  1.995
O    27-> 36 | wall flux order: 2pt  1.014 3pt  0.000 | dp/dx order: 2pt  1.992 3pt  1.992 | velocity order: 2pt  1.997 3pt  1.997
O    36-> 54 | wall flux order: 2pt  1.007 3pt  0.000 | dp/dx order: 2pt  1.996 3pt  1.996 | velocity order: 2pt  1.998 3pt  1.999
O    54-> 72 | wall flux order: 2pt  1.003 3pt  0.000 | dp/dx order: 2pt  1.998 3pt  1.998 | velocity order: 2pt  1.999 3pt  1.999
exit 0
