# P12-DIFF-002 FINAL authoritative W7; 2026-09-17T06:52:10Z
# git HEAD b66310ca871811c4c7671056beec291a451af55c

## before
  libcfdcore.a 143a1dda0680bc1d481a0360095ca7c643ffc9e2a2dc53bbd1d55d5a8202132a
  test binaries present: 41

## configure
  OK

## clean-first rebuild of EVERYTHING
  BUILD OK (433 lines, 123 s)

## proof the binaries correspond to the current source
  newest production source: /mnt/c/Users/Hasib/Desktop/CFDAPP/CFDApp/src/solver/SolverRobustness.cpp
                            2026-09-16T16:00:47Z
  test binaries: 41, older than the newest production source: 0
  libcfdcore.a after rebuild 143a1dda0680bc1d481a0360095ca7c643ffc9e2a2dc53bbd1d55d5a8202132a

## production source hashes (must equal the recorded post-fix values)
  20a02b16499fa7b0aca07667baae638714e1a176ed6eba33b414a194cf701e1c  src/discretization/NonOrthogonalDiffusion.cpp
  29af1927587558e52fd30a53b2c0bb03438b71044f370f902c414455e50ee7e3  src/physics/MomentumEquation.cpp
  fbd47a072fa221f071082ac17a0d40dc8f547909b0f874af007b199a6dba953a  src/thermal/EnergyEquation.cpp
  7d58766dfde9ba7fc28971d8a79172fc59e8268865760efdc8b9a4a46cf1dbe1  src/thermal/ThermalInterface.cpp
  d7240a8f2aef1fc9c79e9a339bb86b37f479d481345c8e13aa48b9a65c6c37dd  src/species/SpeciesEquation.cpp
  4c9750f53d81630ea2768bd7df7b8a2af3ad5c41b913c4b2ce8c347576ed1092  src/turbulence/KEpsilonEquation.cpp
  2b97f94a7dcf2bf943a01f9bdb871acfe4f01b83e9d7f1c0a4587308c596ab17  src/solver/SolverRobustness.cpp

## executable-bit guard: 0 binaries lacked the x bit; chmod applied
   remaining without x bit: 0

## ctest (complete suite)
  99% tests passed, 3 tests failed out of 1923
  Total Test time (real) = 215.91 sec
  ctest entries total: 0
?
  disabled/not-run entries: 45

## failing tests
  	1827 - StructuredQuadProductionCase.DistortedPoiseuilleGridConvergence (Failed)
  	1841 - MultiBlockProductionCase.CurvedChannelGridConvergence (Failed)
  	1939 - LowMachRegressionTest.GlobalMassImbalanceIsSmall (Failed)
