--- full build ---
[49/50] Linking CXX executable benchmarks/gpu/cfd_benchmark_large_grid_stress
[50/50] Linking CXX executable tests/integration/mms/CFDMMSValidationTests
--- freshness BEFORE ctest ---
ninja: no work to do.
--- source fingerprints ---
d9ecebf65cbbc265782bb2ed6b04f01ebcec029e2a3647f744ed924ef6c7e93d  include/cfd/gpu/DeviceMomentumAssembly.hpp
29dd753b0aa132fbe7bf4103e2cc5705076befd3b8559b8cba8136e7f70385f1  include/cfd/gpu/DeviceDiffusionTerms.hpp
dcacc587faf627a789eb0abedc0c91b825937003d063e810f79b157be9f0c546  include/cfd/gpu/DeviceConvectionTerms.hpp
4b5b43a5cdab9e4d52a66013cad1fd07b75d8b37062b1a39938e27ee3c985567  cuda/kernels/DeviceMomentumAssemblyPlan.cpp
c8a5afeedbec2b1527374568a194fa94c37ec7528675100d15f42fe16d4c1f46  cuda/kernels/DeviceMomentumAssemblyKernel.cu
ab99f2ddd2d29aadd458f27be4c88045572e9ac6c9c2c0ad207d2400e466808b  cuda/kernels/DeviceDiffusionKernel.cu
e3fcabdf09dc1213e49ee13ff2f246351ca44b6ede1c98af217cfb519238e505  cuda/kernels/DeviceMomentumConvectionKernel.cu
a98288a21443a023df970a7df76cba32cbff0f5510ef62f020ebf3ae5451d1ff  cuda/CMakeLists.txt
--- ctest ---
ctest exit=0
100% tests passed, 0 tests failed out of 1998
Total Test time (real) = 408.33 sec
--- freshness AFTER ctest ---
ninja: no work to do.

[exited with code 0]
