# P12-DIFF-002 W8 AMENDMENT — gate freeze
# 2026-09-17T09:21:36Z
# frozen BEFORE any test edit and BEFORE logs/12_r4_calibration.log was read

eefd1e7dcc004c507d7010b86d808394355b6dddc8d627bfbf81bd0dfbb2dcd5 *results/p12-diff-002/w8a/acceptance_gate.md
d20c8443130ce2b7b90a4058de6c5930dcbdbe417875ddccfcf06d9931d2b6bc *tests/integration/case/test_structured_quad_production_case.cpp
bcbbadb7e14904a96c491d115f59013ac5c08a5bafa38be5debc9af365f91f72 *tests/integration/case/test_multiblock_production_case.cpp
13e08a6b809480798b05f25b0548c20228fe4ed8f5346798f97d64643451c34b *results/p12-mesh-001/summary.md
4b772e55be94defdc50b0624f671582f0c4cfbb2daa65911e9d3788989c0601a *results/p12-mesh-003/acceptance_gate.md
6e943b596b4c61900aa2d9cb384d1fc7216a3b0a01ac9c48e4de8360a3a00d62 *results/p12-mesh-003/summary.md
a795cc4bb2ad07d2a0c337eb082503f127e83aed0cae95b08b94b291c322f4db *results/p12-diff-002/w8-inv-001/summary.md
96932c05f6665575b29b944f731075357c90d80b82c504abc86a7c53aec6eaa4 *results/p12-diff-002/w8/summary.md
ff3fe9ced3dac6cb754384f47f18f475f1825b7a536373885397b5eab5c7ff01 *results/p12-diff-002/w8/logs/01_W8.log
143a1dda0680bc1d481a0360095ca7c643ffc9e2a2dc53bbd1d55d5a8202132a *build/release/src/libcfdcore.a
20a02b16499fa7b0aca07667baae638714e1a176ed6eba33b414a194cf701e1c *src/discretization/NonOrthogonalDiffusion.cpp
d24882a96e5cbc0025121a71eb9f88e13ffe0ef9a8a09f2e2f9f4d40fd8c03b6 *src/discretization/Gradient.cpp
sha256sum: src/equations/MomentumEquation.cpp: No such file or directory
d38c2bb3d86b62b693a625b30b002d2deac511b5c324b92c197af4a810c462cd *src/pressure_velocity/SIMPLE.cpp
sha256sum: src/equations/EnergyEquation.cpp: No such file or directory
sha256sum: src/multiphysics/ThermalInterface.cpp: No such file or directory
sha256sum: src/pressure_velocity/SolverRobustness.cpp: No such file or directory
04c964c24d6098dbe20def251fa0eba611a1725f17d9e352acf38631e67645b0 *src/mesh/MeshGeometry.cpp
