repo (pre-amendment frozen): structured d20c8443..., multiblock bcbbadb7...
repo  cases/curved_channel_multiblock  60143ad27918467e5c0e10f13f7236b106c76678bb77700d1c4ddf6ac123a9f4
repo  cases/poiseuille_distorted  e90e5f3398c5b565879fcdf8db149f5274b0e838b0fd06f443453380f5adb1f9
curved_channel_multiblock
poiseuille_distorted
poiseuille_flow
== /root/uf001_ctrl_signflip
d20c8443130ce2b7
bcbbadb7e14904a9
tree  cases/curved_channel_multiblock  60143ad27918467e5c0e10f13f7236b106c76678bb77700d1c4ddf6ac123a9f4
tree  cases/poiseuille_distorted  e90e5f3398c5b565879fcdf8db149f5274b0e838b0fd06f443453380f5adb1f9
  same  tests/support/CaseFixtureCopy.hpp
  same  tests/support/CaseFixtureCopy.cpp
  same  tests/integration/case/CMakeLists.txt
  same  include/cfd/validation/GridConvergenceStudy.hpp
  same  src/validation/GridConvergenceStudy.cpp
== /root/uf001_ctrl_farx2
d20c8443130ce2b7
bcbbadb7e14904a9
tree  cases/curved_channel_multiblock  60143ad27918467e5c0e10f13f7236b106c76678bb77700d1c4ddf6ac123a9f4
tree  cases/poiseuille_distorted  e90e5f3398c5b565879fcdf8db149f5274b0e838b0fd06f443453380f5adb1f9
  same  tests/support/CaseFixtureCopy.hpp
  same  tests/support/CaseFixtureCopy.cpp
  same  tests/integration/case/CMakeLists.txt
  same  include/cfd/validation/GridConvergenceStudy.hpp
  same  src/validation/GridConvergenceStudy.cpp
== /root/uf001_baseline
d20c8443130ce2b7
bcbbadb7e14904a9
tree  cases/curved_channel_multiblock  60143ad27918467e5c0e10f13f7236b106c76678bb77700d1c4ddf6ac123a9f4
tree  cases/poiseuille_distorted  e90e5f3398c5b565879fcdf8db149f5274b0e838b0fd06f443453380f5adb1f9
  same  tests/support/CaseFixtureCopy.hpp
  same  tests/support/CaseFixtureCopy.cpp
  same  tests/integration/case/CMakeLists.txt
  same  include/cfd/validation/GridConvergenceStudy.hpp
  same  src/validation/GridConvergenceStudy.cpp
