# W8 amendment STOP-state verification; 2026-09-17T09:33:46Z

## against w8a/logs/00_freeze.log (18 entries)
  OK        results/p12-diff-002/w8a/acceptance_gate.md
  OK        tests/integration/case/test_structured_quad_production_case.cpp
  OK        tests/integration/case/test_multiblock_production_case.cpp
  OK        results/p12-mesh-001/summary.md
  OK        results/p12-mesh-003/acceptance_gate.md
  OK        results/p12-mesh-003/summary.md
  OK        results/p12-diff-002/w8-inv-001/summary.md
  OK        results/p12-diff-002/w8/summary.md
  OK        results/p12-diff-002/w8/logs/01_W8.log
  OK        build/release/src/libcfdcore.a
  OK        src/discretization/NonOrthogonalDiffusion.cpp
  OK        src/discretization/Gradient.cpp
  OK        src/physics/MomentumEquation.cpp
  OK        src/pressure_velocity/SIMPLE.cpp
  OK        src/solver/SolverRobustness.cpp
  OK        src/mesh/MeshGeometry.cpp
  OK        src/thermal/EnergyEquation.cpp
  OK        src/thermal/ThermalInterface.cpp
  checked 18, changed 0
  (acceptance_gate.md is expected to be unchanged too: the stop is recorded in summary.md, not in the gate)

## DIFF-002 lineage + other frozen gates (expected values from w8-inv-001/logs/00_freeze.log)
  OK        results/p12-diff-002/acceptance_gate.md
  OK        results/p12-diff-002/acceptance_gate_A1.md
  OK        results/p12-diff-002/acceptance_gate_A2.md
  OK        results/p12-diff-002/acceptance_gate_A3.md
  OK        results/p12-diff-002/validation-migration/acceptance_gate.md
  OK        results/p12-diff-002/thermal-interface-fix/acceptance_gate.md
  OK        results/p12-diff-002/validation-migration/acceptance_gate_A5.md
  OK        results/p12-diff-002/rob-001/acceptance_gate.md
  OK        results/p12-diff-002/validation-migration/acceptance_gate_A6.md
  OK        results/p12-diff-002/uc-001/acceptance_gate.md
  OK        results/p12-diff-002/uf-001/acceptance_gate.md
  OK        results/p12-grad-002/val-001/acceptance_gate.md
  OK        results/p12-mesh-003/acceptance_gate.md
  checked 13, changed 0

## the four earlier P12 gates (full hashes as recorded in their own phases' freeze logs)
  OK        results/p12-grad-001/acceptance_gate.md
  OK        results/p12-grad-002/acceptance_gate.md
  OK        results/p12-grad-002/acceptance_gate_A1.md
  OK        results/p12-mesh-007/acceptance_gate.md

## attempted (reverted) StructuredQuad edit, preserved
36b44f26c5595326493ddb5dafeb36c96c1fd2bb0100191e81877c6141cb8497 *results/p12-diff-002/w8a/data/test_structured_quad_production_case.cpp.attempted
7f7c7612ac0154733cbd21e78f9eefc417fcd2ed7305a88f9f154d5d252614cf *results/p12-diff-002/w8a/data/attempted_structured_quad.patch

## W8 report files (no run happened, so they must equal the pre-amendment snapshot)
  unchanged poiseuille_distorted_grid_convergence.json
  unchanged curved_channel_multiblock_grid_convergence.json

## git
  HEAD b66310ca871811c4c7671056beec291a451af55c
  git diff --check: clean
  porcelain: 296 modified, 84 untracked
