# P12-DIFF-002 W8 amendment — independent re-verification before execution (session cfdapp-2c)
# 2026-09-17T09:35:44Z
# Read-only: no source, test or gate edited; nothing built or run. Purpose: decide whether the frozen
# gate (2707f72b…) can be executed as written, given w8a/summary.md's STOP.

## 1. frozen hashes (w8a/logs/00_freeze.log)
results/p12-diff-002/w8a/acceptance_gate.md: OK
tests/integration/case/test_structured_quad_production_case.cpp: OK
tests/integration/case/test_multiblock_production_case.cpp: OK
results/p12-mesh-001/summary.md: OK
results/p12-mesh-003/acceptance_gate.md: OK
results/p12-mesh-003/summary.md: OK
results/p12-diff-002/w8-inv-001/summary.md: OK
results/p12-diff-002/w8/summary.md: OK
results/p12-diff-002/w8/logs/01_W8.log: OK
build/release/src/libcfdcore.a: OK
src/discretization/NonOrthogonalDiffusion.cpp: OK
src/discretization/Gradient.cpp: OK
src/physics/MomentumEquation.cpp: OK
src/pressure_velocity/SIMPLE.cpp: OK
src/solver/SolverRobustness.cpp: OK
src/mesh/MeshGeometry.cpp: OK
src/thermal/EnergyEquation.cpp: OK
src/thermal/ThermalInterface.cpp: OK

## 2. W8A-1 reference: the helper named by the gate (test_structured_quad_production_case.cpp)
Real cartesianVelocityL2(Index ny) {
  const Real n2 = static_cast<Real>(ny * ny);
  const Real g = 12.0 * kMeanVelocity / (kHeight * kHeight) * n2 / (n2 + 2.0);
  const Real dy = kHeight / static_cast<Real>(ny);
  Real sum = 0.0;
  for (Index j = 0; j < ny; ++j) {
    const Real y = (static_cast<Real>(j) + 0.5) * dy;
    const Real discrete = (0.5 * g * y * (kHeight - y)) + (g * dy * dy / 8.0);
    const Real exact = 6.0 * kMeanVelocity * (y / kHeight) * (1.0 - (y / kHeight));
    sum += (discrete - exact) * (discrete - exact);
  }
  return std::sqrt(sum / static_cast<Real>(ny));
}
## the DIFF-002 discrete reference (UC-001; tests/integration/poiseuille/PoiseuilleValidationUtils.cpp)
Real discretePoiseuilleVelocity(Real y, Real channelHeight, Real meanVelocity, Index ny) {
  // G = -(dp/dx)/mu with dp/dx from discretePressureGradient (mu cancels). The second-order
  // reconstruction makes the discrete solution the continuum parabola EXACTLY at the cell
  // centres -- there is no dy^2/8 offset -- with only the flow-rate-consistent gradient scaled.
  const Real n2 = static_cast<Real>(ny) * static_cast<Real>(ny);
  const Real g = 12.0 * meanVelocity / (channelHeight * channelHeight) * (2.0 * n2) /
                 (2.0 * n2 + 1.0);
  return 0.5 * g * y * (channelHeight - y);
}

## 3. both references, same RMS definition (w8a/tools/cartesian_reference.awk)
  ny     two-point (helper)     DIFF-002 Cartesian      ratio
   8       1.5182924948e-02       8.4927295731e-03     1.7878
  12       6.9491667291e-03       3.7905474986e-03     1.8333
  18       3.1294068252e-03       1.6879039760e-03     1.8540
## the original W8 run's printed values (w8/logs/01_W8.log)
64x8: non-orthogonality max 44.76 deg, skewness max 0.1318, iterations 2222, velocity L2 1.0827e-02 (Cartesian 1.5183e-02), dp/dx -1.202088, column flow error 1.36e-11
96x12: non-orthogonality max 47.18 deg, skewness max 0.0910, iterations 2181, velocity L2 4.7562e-03 (Cartesian 6.9492e-03), dp/dx -1.199674, column flow error 2.53e-11
144x18: non-orthogonality max 48.25 deg, skewness max 0.0609, iterations 2794, velocity L2 2.6537e-03 (Cartesian 3.1294e-03), dp/dx -1.197516, column flow error 3.60e-11

## 4. G at 18x45, gate and 20000-iteration plateau (w8-inv-001/logs/08 current, 11 two-point baseline)
   18x45     2.09513878e-03   2.10098432e-03   2.790e-03 |  +2.81652846e-03  +6.76807422e-03   1.403e+00
   18x45     4.20959357e-03   4.21125793e-03   3.954e-04 |  +1.26194628e-02  +1.57469119e-02   2.478e-01
## StructuredQuad 144x18 velocity L2, gate and plateau (w8-inv-001/summary.md §4)
72:| 144×18 | 2.6536917221e-03 | 3.7690210546e-03 | **+42.0 %** | +2.48380664e-03 | +3.58099415e-03 |

## 5. derived ratios
W8A-4  current  G rel err: gate 0.1541%  plateau 0.3702%  (limit 0.30%) -> gate PASS, plateau FAIL
W8A-4  current  iterative drift 0.2161% of |G_exact|  (gate text claims ~0.17%)
W8A-4  baseline G rel err: gate 0.6903%  plateau 0.8613%
W8A-1  current / helper(two-point):     0.7131 0.6844 0.8480   plateau 144x18 1.2044
W8A-1  current / DIFF-002 Cartesian:    1.2748 1.2548 1.5722   plateau 144x18 2.2330
W8A-1  two-point baseline / DIFF-002 Cartesian at 144x18: gate 2.1969

## verdict
Finding 1 (W8A-1 stale reference; verdict flips with stopping point) — REPRODUCED
Finding 2 (W8A-4 justification not reproducible; limit inside the current iterative band) — REPRODUCED
Gate §8: 'If a criterion cannot be reproduced exactly from §13, STOP.' -> STOP stands. Amended W8 NOT executed.
git HEAD b66310ca871811c4c7671056beec291a451af55c; git diff --check: clean
