##################### 0. known technical debt, unchanged #####################
    cpu (CPU solver, CPU disc)   status=MaxIterations              iterations=3000
    gpu-pipe (GPU solver, CPU disc) status=PressureCorrectionFailure  iterations=1845
    gpu-disc (GPU solver, GPU disc) status=PressureCorrectionFailure  iterations=1845
    gpu-disc status matches gpu-pipe:     yes
    gpu-disc iterations match gpu-pipe:   yes (1845 vs 1845)
  KNOWN DEBT: UNCHANGED -- GPU-DISC behaves exactly as the pre-existing GPU path
  -> rc=0

##################### 1. CUDA diagnostics on the resident path #####################
tool        mode        rc   vacuity       kernels   resident  summary
memcheck    cavity2d    0    non-vacuous   1080      -         ========= ERROR SUMMARY: 0 errors
memcheck    case3d      0    non-vacuous   3059      -         ========= ERROR SUMMARY: 0 errors
memcheck    gpusolver   0    non-vacuous   38282     resident  ========= ERROR SUMMARY: 0 errors
initcheck   cavity2d    0    non-vacuous   1080      -         ========= ERROR SUMMARY: 0 errors
initcheck   case3d      0    non-vacuous   3059      -         ========= ERROR SUMMARY: 0 errors
initcheck   gpusolver   0    non-vacuous   38282     resident  ========= ERROR SUMMARY: 0 errors
synccheck   cavity2d    0    non-vacuous   1080      -         ========= ERROR SUMMARY: 0 errors
synccheck   case3d      0    non-vacuous   3059      -         ========= ERROR SUMMARY: 0 errors
synccheck   gpusolver   0    non-vacuous   38282     resident  ========= ERROR SUMMARY: 0 errors
racecheck   cavity2d    0    non-vacuous   1080      -         ========= RACECHECK SUMMARY: 0 hazards displayed (0 errors, 0 warnings)
racecheck   case3d      0    non-vacuous   3059      -         ========= RACECHECK SUMMARY: 0 hazards displayed (0 errors, 0 warnings)
racecheck   gpusolver   0    non-vacuous   38282     resident  ========= RACECHECK SUMMARY: 0 hazards displayed (0 errors, 0 warnings)
  -> rc=0

##################### 2. CPU backend (CUDA disabled) #####################
    rc=0
    nvcc invocations in build.ninja: 0  (must be 0)
    rc=0
    cfdapp does not link libcudart -- correct
    100% tests passed, 0 tests failed out of 1932
    ctest rc=0
  -> rc=0

##################### 3. performance #####################
    cpu        median    0.317 s   min    0.310   max    0.322   spread   3.7%   disc  0.214  solve  0.094
    gpu-pipe   median    6.563 s   min    4.619   max    7.708   spread  47.1%   disc  0.206  solve  7.374
    gpu-disc   median    8.382 s   min    8.195   max    8.593   spread   4.7%   disc  0.839  solve  7.281
    disc-only  median    0.771 s   min    0.745   max    0.942   spread  25.5%   disc  0.614  solve  0.105
    PASS equivalence cpu        vs disc-only  BITWISE differing=0 maxAbs=0  (same CPU solver -- isolates GPU discretization)
    PASS equivalence gpu-pipe   vs gpu-disc   BITWISE differing=0 maxAbs=0  (same GPU solver -- isolates GPU discretization (old vs new))
    cpu        median    1.428 s   min    1.405   max    1.540   spread   9.5%   disc  0.797  solve  0.622
    gpu-pipe   median   13.990 s   min   13.921   max   14.303   spread   2.7%   disc  0.759  solve 13.156
    gpu-disc   median   13.968 s   min   13.741   max   14.199   spread   3.3%   disc  0.978  solve 12.731
    disc-only  median    1.812 s   min    1.618   max    1.984   spread  20.2%   disc  1.012  solve  0.623
    PASS equivalence cpu        vs disc-only  BITWISE differing=0 maxAbs=0  (same CPU solver -- isolates GPU discretization)
    PASS equivalence gpu-pipe   vs gpu-disc   BITWISE differing=0 maxAbs=0  (same GPU solver -- isolates GPU discretization (old vs new))
    cpu        median    6.510 s   min    6.328   max    6.667   spread   5.2%   disc  3.329  solve  2.945
    gpu-pipe   median   20.317 s   min   19.466   max   20.810   spread   6.6%   disc  3.616  solve 16.579
    gpu-disc   median   17.510 s   min   17.282   max   17.894   spread   3.5%   disc  1.398  solve 16.249
    disc-only  median    6.011 s   min    5.936   max    6.041   spread   1.8%   disc  2.571  solve  3.141
    PASS equivalence cpu        vs disc-only  BITWISE differing=0 maxAbs=0  (same CPU solver -- isolates GPU discretization)
    PASS equivalence gpu-pipe   vs gpu-disc   BITWISE differing=0 maxAbs=0  (same GPU solver -- isolates GPU discretization (old vs new))
    cpu        median   11.423 s   min   11.345   max   11.451   spread   0.9%   disc  4.810  solve  6.420
    gpu-pipe   median   13.788 s   min   13.642   max   13.925   spread   2.1%   disc  4.977  solve  8.534
    gpu-disc   median    9.492 s   min    9.167   max    9.552   spread   4.1%   disc  1.125  solve  8.223
    disc-only  median    8.761 s   min    8.691   max    8.791   spread   1.1%   disc  1.868  solve  6.609
    PASS equivalence cpu        vs disc-only  BITWISE differing=0 maxAbs=0  (same CPU solver -- isolates GPU discretization)
    PASS equivalence gpu-pipe   vs gpu-disc   BITWISE differing=0 maxAbs=0  (same GPU solver -- isolates GPU discretization (old vs new))
    cpu        median   28.889 s   min   28.322   max   29.015   spread   2.4%   disc  7.589  solve 20.615
    gpu-pipe   median   14.287 s   min   13.976   max   14.835   spread   6.0%   disc  8.077  solve  6.623
    gpu-disc   median    7.479 s   min    7.471   max    7.534   spread   0.8%   disc  1.242  solve  5.808
    disc-only  median   24.979 s   min   23.838   max   25.529   spread   6.8%   disc  2.398  solve 22.458
    PASS equivalence cpu        vs disc-only  BITWISE differing=0 maxAbs=0  (same CPU solver -- isolates GPU discretization)
    PASS equivalence gpu-pipe   vs gpu-disc   BITWISE differing=0 maxAbs=0  (same GPU solver -- isolates GPU discretization (old vs new))
    cpu        median   93.332 s   min   93.021   max   96.360   spread   3.6%   disc 18.498  solve 74.296
    gpu-pipe   median   25.943 s   min   25.044   max   26.585   spread   5.9%   disc 18.636  solve  6.205
    gpu-disc   median    8.189 s   min    8.063   max    8.509   spread   5.4%   disc  2.397  solve  4.301
    disc-only  median   82.177 s   min   81.404   max   82.465   spread   1.3%   disc  5.163  solve 74.755
    PASS equivalence cpu        vs disc-only  BITWISE differing=0 maxAbs=0  (same CPU solver -- isolates GPU discretization)
    PASS equivalence gpu-pipe   vs gpu-disc   BITWISE differing=0 maxAbs=0  (same GPU solver -- isolates GPU discretization (old vs new))
  PERFORMANCE BENCHMARK: all integrity checks passed
  -> rc=0

##################### 4. full repository regression #####################
  100% tests passed, 0 tests failed out of 1998
  Total Test time (real) = 1321.40 sec
  freshness after ctest: ninja: no work to do.
  -> rc=0

############################## SUMMARY ##############################
  debt         rc=0  PASS
  diagnostics  rc=0  PASS
  cpu          rc=0  PASS
  perf         rc=0  PASS
  regression   rc=0  PASS
RESIDENT PRESSURE SOLVE, FINAL PHASES: ALL PASS

[exited with code 0]
