Test project <repo>/build/asan
    Start 1509: NaturalConvectionValidation.GridConvergence
    Start 1537: CompressibleCoupledProductionCaseTest.DispatchesToCompressibleSimpleAndConverges
    Start 1538: CompressibleCoupledProductionCaseTest.MassFlowRateIsConservedAtEveryInternalCrossSection
    Start 1539: CompressibleCoupledProductionCaseTest.MatchesArkilicIsothermalLubricationPressureProfile
    Start 1540: CompressibleCoupledProductionCaseTest.ExportsCoupledCompressibleFields
    Start 1541: CompressibleCoupledProductionCaseTest.RepeatedRunIsDeterministic
1/7 Test #1539: CompressibleCoupledProductionCaseTest.MatchesArkilicIsothermalLubricationPressureProfile ...   Passed  1277.45 sec
    Start 1542: CompressibleCoupledProductionCaseTest.NonCoupledCaseStillUsesPostHocPathUnchanged
2/7 Test #1540: CompressibleCoupledProductionCaseTest.ExportsCoupledCompressibleFields .....................   Passed  1277.92 sec
3/7 Test #1538: CompressibleCoupledProductionCaseTest.MassFlowRateIsConservedAtEveryInternalCrossSection ...   Passed  1280.66 sec
4/7 Test #1537: CompressibleCoupledProductionCaseTest.DispatchesToCompressibleSimpleAndConverges ...........   Passed  1281.58 sec
5/7 Test #1542: CompressibleCoupledProductionCaseTest.NonCoupledCaseStillUsesPostHocPathUnchanged ..........   Passed   41.00 sec
6/7 Test #1509: NaturalConvectionValidation.GridConvergence ................................................   Passed  1623.12 sec
7/7 Test #1541: CompressibleCoupledProductionCaseTest.RepeatedRunIsDeterministic ...........................   Passed  2219.82 sec

100% tests passed, 0 tests failed out of 7

Label Time Summary:
validation    = 9001.55 sec*proc (7 tests)

Total Test time (real) = 2220.39 sec
ctest exit 0
