47/56 Test #1249: ProductionValidationTest.ReportIsDeterministicExceptRuntime ...........................   Passed    0.17 sec
48/56 Test #1326: SIMPLEGpuResidencyTest.RepeatedOuterIterationsReuseGpuResidencyWithoutReallocating ....   Passed    0.17 sec
49/56 Test #1329: SIMPLEGpuSolverTest.RepeatedOuterIterationsReuseGpuSolverBuffersWithoutReallocating ...   Passed    0.17 sec
50/56 Test #1635: BackwardFacingStep.Geometry ...........................................................   Passed    0.12 sec
51/56 Test #1636: BackwardFacingStep.ReattachmentDetection ..............................................   Passed    0.12 sec
52/56 Test #1246: ProductionValidationTest.MakeSimpleRunRecordsSolverAndCost ............................   Passed    0.28 sec
53/56 Test #1247: ProductionValidationTest.SimpleCountsLinearIterations .................................   Passed    0.52 sec
54/56 Test #1485: PoiseuilleValidation.ProductionGridConvergence ........................................   Passed   25.77 sec
55/56 Test #1480: PoiseuilleValidation.GridConvergence ..................................................   Passed   25.83 sec
56/56 Test #1509: NaturalConvectionValidation.GridConvergence ...........................................   Passed   55.92 sec

100% tests passed, 0 tests failed out of 52

Label Time Summary:
solver        =   0.34 sec*proc (2 tests)
unit          =   6.83 sec*proc (45 tests)
validation    = 107.75 sec*proc (9 tests)

Total Test time (real) =  56.96 sec

The following tests did not run:
	1458 - CavityGhiaValidation.GridConvergence (Disabled)
	1637 - BackwardFacingStep.Converges (Disabled)
	1638 - BackwardFacingStep.MassConservation (Disabled)
	1639 - BackwardFacingStep.ReattachmentLength (Disabled)
