# P12-DIFF-002 A3 diff2_a3_dryrun (libcfdcore.a sha256 58be6b751328c9bb); 2026-09-16T08:27:36Z
# git HEAD b66310ca871811c4c7671056beec291a451af55c
# probe sha256 285b4c449ccd5c07

# P12-DIFF-002 A3 dry-run: replacement instruments, with controls, BEFORE freezing.

## A3-1 direct activation (operator level, interior-only rows)
A3-1 sheared 16x16 s=0.45         interior rows  196 | D1 N0 vs N1 differ on  196 rows (max|d rhs| 3.607e-05) -> APPLIED (pass) | N1 vs N2 differ on    0 rows | NEGATIVE CONTROL (setting ignored): differ on    0 rows -> NOT APPLIED (fails, as required)
A3-1 sheared 32x32 s=0.45         interior rows  900 | D1 N0 vs N1 differ on  900 rows (max|d rhs| 2.405e-05) -> APPLIED (pass) | N1 vs N2 differ on    0 rows | NEGATIVE CONTROL (setting ignored): differ on    0 rows -> NOT APPLIED (fails, as required)
A3-1 orthogonal 16x16             interior rows  196 | D1 N0 vs N1 differ on    0 rows (max|d rhs| 0.000e+00) -> NOT APPLIED (fail) | N1 vs N2 differ on    0 rows | NEGATIVE CONTROL (setting ignored): differ on    0 rows -> NOT APPLIED (fails, as required)

## A3-1 case-level propagation of solver.json non_orthogonal_corrections
  cases/poiseuille_distorted                     case 1 -> settings 1 -> options.enabled 1
  cases/poiseuille_flow                          case 0 -> settings 0 -> options.enabled 0
  cases/annular_sector_conduction_multiblock     case 0 -> settings 0 -> options.enabled 0

## A3-2 sector cross-section flux accounting (committed case, 12x30 x3)
A3-2 LEGACY    nt  20 | lines: hot 0.1468661248 if1 0.1470374558 if2 0.1470374558 cold 0.1468661248 | spread 8.567e-05 | max cell imbalance 3.264e-05 | derived bound 1.471e-09 | mean vs exact 9.423e-04 | balance FAIL spread FAIL -> FAIL
A3-2 CORRECTED nt  20 | lines: hot 0.1470374558 if1 0.1470374558 if2 0.1470374558 cold 0.1470374558 | spread 8.116e-14 | max cell imbalance 1.505e-12 | derived bound 1.471e-09 | mean vs exact 3.599e-04 | balance OK spread OK -> PASS
A3-2 LEGACY    nt  30 | lines: hot 0.1469901328 if1 0.1470663344 if2 0.1470663344 cold 0.1469901328 | spread 3.810e-05 | max cell imbalance 1.003e-05 | derived bound 1.471e-09 | mean vs exact 4.226e-04 | balance FAIL spread FAIL -> FAIL
A3-2 CORRECTED nt  30 | lines: hot 0.1470663344 if1 0.1470663344 if2 0.1470663344 cold 0.1470663344 | spread 1.897e-12 | max cell imbalance 1.516e-13 | derived bound 1.471e-09 | mean vs exact 1.636e-04 | balance OK spread OK -> PASS
A3-2 LEGACY    nt  45 | lines: hot 0.1470456867 if1 0.1470795654 if2 0.1470795654 cold 0.1470456867 | spread 1.694e-05 | max cell imbalance 3.047e-06 | derived bound 1.471e-09 | mean vs exact 1.888e-04 | balance FAIL spread FAIL -> FAIL
A3-2 CORRECTED nt  45 | lines: hot 0.1470795654 if1 0.1470795654 if2 0.1470795654 cold 0.1470795654 | spread 1.237e-12 | max cell imbalance 9.171e-12 | derived bound 1.471e-09 | mean vs exact 7.366e-05 | balance OK spread OK -> PASS
exit 0
