# P12-DIFF-002 A3 GATE FREEZE; 2026-09-16T08:28:49Z
# git HEAD b66310ca871811c4c7671056beec291a451af55c

# THE A3 GATE (frozen now):
  f6dbdd06032c333a4347735abd81d6450ba9a0442879eb4eaa9edb1adaae0e95  acceptance_gate_A3.md

# the replacement instruments and the non-vacuous pre-freeze dry-run:
  285b4c449ccd5c07896aa96a895a7e3ded76fae8a5241cb6a61989521d924f4c  a3/tools/diff2_a3_dryrun.cpp
  db7beffdb3f612a3f4b8f234b32059ea8795a236498368e93629bb7dd8073cfc  a3/tools/run_a3.sh
  e13517a5b29e64939511ea730fd87865960946ef2a46d07578fb67d0dee55620  a3/tools/hash_production.sh
  616887a2bb1a4e5df77295a68012d9557fc71ed63992be796aee51c8fc11d90d  a3/logs/01_production_before_A3.log
  7bf0db1ed391dc66e6c63c3324374176271a93fb13be11b82bfd6d138575b277  a3/logs/02_dryrun.log

# PRESERVED chronology - original, A1, A2:
  51079f6da5dd0a417b39fe332f92eccf32a9877a96035168bc566ed1d3a9e46b  acceptance_gate.md
  c4b08824cf98e95f6bf3d424e7e0fd006231f1ed955cbfb9f6f641d45faae7d0  acceptance_gate_A1.md
  3a268060809a4566331163f4fa582d5ba5e08398368b4814a08256a2605d8d40  acceptance_gate_A2.md
  bf71a0f43025ef01f11a2a6324215d9da08fa208df0224df8a91ff86dd0838d9  summary.md
  631d9bcfea953857e5164cd1cc23dff6e2de1ba5966d3627d6cfa0f862d42ae6  a1/summary_a1.md
  a4ffdb8dd97ede125673639693c800322b69b6410761f439c35e6027a70bccba  a2/summary_a2.md
  b5aa78caa29f64f150b41a7124d22e1121f5d5d1c2efc400b15e92914a5d58f7  logs/08_gate_W3b.log
  2301bcec6684327d3bc08e0a219dea8ce820f80a1990d922bd2445e4a6459f11  logs/09_gate_W3b_patches.log
  c31822e1b98dcd3d4407764f3f61f41b396aa3c933d348a601eeb3d0811e7ec6  a1/logs/04_W3bA1_FRESH_production.log
  c8299325b1ad22782d5a5ca722c8a6e6aae1cd8ec4f0716e583a51a8b28aa2e4  a2/logs/01_negative_control_preA2.log
  b6b25a14b5df0739e025b98dbb195f5b0de08912482997eb77b50eb581453223  a2/logs/10_A2_7_focused.log
  8d991482dc4ca42d75023946621f80f80818c35aaa866688d6acb5755a727616  logs/05_cases_before.log

# the two tests A3 will amend, BEFORE amendment:
  5f98c8046eec7f96e03fdee2336d27733cbb80d58bbc26d8064fab97174cd618  tests/integration/case/test_structured_quad_production_case.cpp
  5b6eca7e7df2ad12f4f25330bf7c166e91d5e4487430f1207f6c7945adabb880  tests/integration/case/test_multiblock_production_case.cpp
