# P12-DIFF-002 A3-5 focused; 2026-09-16T08:33:28Z
# libcfdcore 58be6b751328c9bb
# amended tests:
  d20c8443130ce2b7b90a4058de6c5930dcbdbe417875ddccfcf06d9931d2b6bc  tests/integration/case/test_structured_quad_production_case.cpp
  bcbbadb7e14904a96c491d115f59013ac5c08a5bafa38be5debc9af365f91f72  tests/integration/case/test_multiblock_production_case.cpp

===== amended test 1 =====
activation: interior rows 372, changed by the correction 372, changed by a second pass 0
activation: velocity L2 uncorrected 1.6547e-02, corrected 1.0827e-02, ratio 1.528
[       OK ] StructuredQuadProductionCase.NonOrthogonalCorrectionIsActiveOnTheProductionPath (16893 ms)
[  PASSED  ] 1 test.
===== amended test 2 =====
sector 8x20 x3: thermal converged 1 (4 it) | T L2 4.3094e-06 | heat flow hot end 0.1470374558, interface 1 0.1470374558, interface 2 0.1470374558, cold end 0.1470374558 (exact 0.1470904001, rel err 3.599e-04) | max spread 8.116e-14 (all lines 4.611e-12) = 5.518e-13 Q
  max per-cell imbalance 1.505e-12 vs derived bound 1.471e-09
  energy balance: in 0.147037455787, out 0.147037455787, |in - out| = 7.171e-14 Q
sector 12x30 x3: thermal converged 1 (4 it) | T L2 1.2780e-06 | heat flow hot end 0.1470663344, interface 1 0.1470663344, interface 2 0.1470663344, cold end 0.1470663344 (exact 0.1470904001, rel err 1.636e-04) | max spread 1.897e-12 (all lines 4.166e-12) = 1.290e-11 Q
  max per-cell imbalance 1.516e-13 vs derived bound 1.471e-09
  energy balance: in 0.147066334362, out 0.147066334362, |in - out| = 7.114e-14 Q
sector 18x45 x3: thermal converged 1 (3 it) | T L2 3.7882e-07 | heat flow hot end 0.1470795654, interface 1 0.1470795654, interface 2 0.1470795654, cold end 0.1470795654 (exact 0.1470904001, rel err 7.366e-05) | max spread 1.237e-12 (all lines 1.373e-11) = 8.409e-12 Q
  max per-cell imbalance 9.171e-12 vs derived bound 1.471e-09
  energy balance: in 0.147079565358, out 0.147079565358, |in - out| = 4.114e-14 Q
sector pair 0: heat-flow error observed order 1.945
sector pair 1: heat-flow error observed order 1.968
sector pair 0: temperature L2 observed order 2.998
sector pair 1: temperature L2 observed order 2.999
[       OK ] MultiBlockProductionCase.SectorConductionInterfaceConservation (190 ms)
[  PASSED  ] 1 test.

CFDCaseIntegrationTests: [  FAILED  ] StructuredQuadProductionCase.DistortedPoiseuilleGridConvergence (86305 ms) [  FAILED  ] MultiBlockProductionCase.CurvedChannelGridConvergence (83399 ms) [==========] 63 tests from 12 test suites ran. (664710 ms total) [  PASSED  ] 61 tests. [  FAILED  ] 2 tests, listed below: [  FAILED  ] StructuredQuadProductionCase.DistortedPoiseuilleGridConvergence [  FAILED  ] MultiBlockProductionCase.CurvedChannelGridConvergence 
CFDDiscretizationTests: [  FAILED  ] GridRefinementTest.GreenGaussGradientDistortedGlobalOrderReflectsBoundaryTreatment (4 ms) [  FAILED  ] BoundaryReconstruction.AssembledThermalSystemMatchesTheHandDerivedOne (0 ms) [==========] 169 tests from 25 test suites ran. (147 ms total) [  PASSED  ] 167 tests. [  FAILED  ] 2 tests, listed below: [  FAILED  ] GridRefinementTest.GreenGaussGradientDistortedGlobalOrderReflectsBoundaryTreatment [  FAILED  ] BoundaryReconstruction.AssembledThermalSystemMatchesTheHandDerivedOne 
CFDThermalTests: [  FAILED  ] EnergyEquationDiffusionTest.TwoCellSystemMatchesHandDerivedCoefficients (0 ms) [  FAILED  ] EnergyEquationDiffusionTest.InternalFaceCoefficientsAreSymmetric (0 ms) [  FAILED  ] EnergyEquationAssemblyTest.CombinedAssemblyMatchesHandDerivedCoefficients (0 ms) [  FAILED  ] EnergyEquationThermalBCIntegrationTest.FixedTemperatureGivesIdenticalResultToEquivalentFixedValue (0 ms) [  FAILED  ] EnergyEquationVariablePropertiesTest.DiffusionInternalFaceMatchesHandDerivedValue (0 ms) [  FAILED  ] EnergyEquationVariablePropertiesTest.DiffusionBoundaryFaceUsesOwnerConductivityDirectly (0 ms) [  FAILED  ] RegionAwareThermalDiffusionTest.EqualConductivityMatchesSingleMaterialPathExactly (0 ms) [  FAILED  ] ThermalBoundaryConsistency.ConvergedFieldIsConsistentWithItsBoundaryValues (1 ms) [  FAILED  ] ThermalBoundaryConsistency.ConjugateConductionPathIsConsistentToo (4 ms) [  FAILED  ] SparseAssembly3DTest.TwoCellsInX (0 ms) [  FAILED  ] SparseAssembly3DTest.TwoCellsWithUpwindConvectionAndAZeroGradientOutlet (0 ms) [  FAILED  ] SparseAssembly3DTest.TwoByTwoByOne (0 ms) [  FAILED  ] SparseAssembly3DTest.TwoByTwoByTwo (0 ms) [==========] 92 tests from 15 test suites ran. (134 ms total) [  PASSED  ] 79 tests. [  FAILED  ] 13 tests, listed below: [  FAILED  ] EnergyEquationDiffusionTest.TwoCellSystemMatchesHandDerivedCoefficients [  FAILED  ] EnergyEquationDiffusionTest.InternalFaceCoefficientsAreSymmetric [  FAILED  ] EnergyEquationAssemblyTest.CombinedAssemblyMatchesHandDerivedCoefficients [  FAILED  ] EnergyEquationThermalBCIntegrationTest.FixedTemperatureGivesIdenticalResultToEquivalentFixedValue [  FAILED  ] EnergyEquationVariablePropertiesTest.DiffusionInternalFaceMatchesHandDerivedValue [  FAILED  ] EnergyEquationVariablePropertiesTest.DiffusionBoundaryFaceUsesOwnerConductivityDirectly [  FAILED  ] RegionAwareThermalDiffusionTest.EqualConductivityMatchesSingleMaterialPathExactly [  FAILED  ] ThermalBoundaryConsistency.ConvergedFieldIsConsistentWithItsBoundaryValues [  FAILED  ] ThermalBoundaryConsistency.ConjugateConductionPathIsConsistentToo [  FAILED  ] SparseAssembly3DTest.TwoCellsInX [  FAILED  ] SparseAssembly3DTest.TwoCellsWithUpwindConvectionAndAZeroGradientOutlet [  FAILED  ] SparseAssembly3DTest.TwoByTwoByOne [  FAILED  ] SparseAssembly3DTest.TwoByTwoByTwo 
CFDTurbulenceTests: [==========] 136 tests from 17 test suites ran. (5 ms total) [  PASSED  ] 136 tests. 
