=== GPU-DISC-001E: shared CUDA boundary-condition layer vs CPU (bitwise) ===
isolated -- device evaluators driven directly, no equation or operator

  FAIL cartesian2d 8    all FixedValue           scalar[d=0] alt[d=0] vector[d=0] ghost[d=11] type[d=0] prescribes[d=0] maxAbs=2.5        scale=2.5
  FAIL cartesian2d 8    all FixedGradient        scalar[d=0] alt[d=0] vector[d=0] ghost[d=11] type[d=0] prescribes[d=0] maxAbs=308        scale=308.3
  FAIL cartesian2d 8    all FixedTemperature     scalar[d=0] alt[d=0] vector[d=0] ghost[d=11] type[d=0] prescribes[d=0] maxAbs=322        scale=322.5
  FAIL cartesian2d 8    all HeatFlux             scalar[d=0] alt[d=0] vector[d=0] ghost[d=11] type[d=0] prescribes[d=0] maxAbs=183        scale=183
  FAIL cartesian2d 8    all Adiabatic            scalar[d=0] alt[d=0] vector[d=0] ghost[d=11] type[d=0] prescribes[d=0] maxAbs=308        scale=308.3
  FAIL cartesian2d 8    all WallOmega            scalar[d=0] alt[d=0] vector[d=0] ghost[d=11] type[d=0] prescribes[d=0] maxAbs=3.07       scale=3.072
  FAIL cartesian2d 8    scalar mix (6 types)     scalar[d=0] alt[d=0] vector[d=0] ghost[d=11] type[d=0] prescribes[d=0] maxAbs=315        scale=315
  PASS cartesian2d 8    all Wall                 scalar[d=0] alt[d=0] vector[d=0] ghost[d=0] type[d=0] prescribes[d=0] maxAbs=0          scale=0
  PASS cartesian2d 8    all MovingWall           scalar[d=0] alt[d=0] vector[d=0] ghost[d=0] type[d=0] prescribes[d=0] maxAbs=0          scale=1.3
  PASS cartesian2d 8    all Inlet                scalar[d=0] alt[d=0] vector[d=0] ghost[d=0] type[d=0] prescribes[d=0] maxAbs=0          scale=0.8
  PASS cartesian2d 8    all Outlet               scalar[d=0] alt[d=0] vector[d=0] ghost[d=0] type[d=0] prescribes[d=0] maxAbs=0          scale=2.094
  PASS cartesian2d 8    all Symmetry             scalar[d=0] alt[d=0] vector[d=0] ghost[d=0] type[d=0] prescribes[d=0] maxAbs=0          scale=2.094
  PASS cartesian2d 8    vector mix (5 types)     scalar[d=0] alt[d=0] vector[d=0] ghost[d=0] type[d=0] prescribes[d=0] maxAbs=0          scale=1.656
  FAIL cartesian2d 8    Dirichlet+Neumann mix    scalar[d=0] alt[d=0] vector[d=0] ghost[d=11] type[d=0] prescribes[d=0] maxAbs=307        scale=308.3
  PASS cartesian2d 8    wall+outlet+symmetry     scalar[d=0] alt[d=0] vector[d=0] ghost[d=0] type[d=0] prescribes[d=0] maxAbs=0          scale=2.094
  FAIL cartesian2d 20   all FixedValue           scalar[d=0] alt[d=0] vector[d=0] ghost[d=24] type[d=0] prescribes[d=0] maxAbs=2.5        scale=2.5
  FAIL cartesian2d 20   all FixedGradient        scalar[d=0] alt[d=0] vector[d=0] ghost[d=24] type[d=0] prescribes[d=0] maxAbs=309        scale=309.3
  FAIL cartesian2d 20   all FixedTemperature     scalar[d=0] alt[d=0] vector[d=0] ghost[d=24] type[d=0] prescribes[d=0] maxAbs=322        scale=322.5
  FAIL cartesian2d 20   all HeatFlux             scalar[d=0] alt[d=0] vector[d=0] ghost[d=24] type[d=0] prescribes[d=0] maxAbs=257        scale=256.8
  FAIL cartesian2d 20   all Adiabatic            scalar[d=0] alt[d=0] vector[d=0] ghost[d=24] type[d=0] prescribes[d=0] maxAbs=309        scale=309.3
  FAIL cartesian2d 20   all WallOmega            scalar[d=0] alt[d=0] vector[d=0] ghost[d=24] type[d=0] prescribes[d=0] maxAbs=19.2       scale=19.2
  FAIL cartesian2d 20   scalar mix (6 types)     scalar[d=0] alt[d=0] vector[d=0] ghost[d=24] type[d=0] prescribes[d=0] maxAbs=315        scale=315
  FAIL cartesian2d 20   Dirichlet+Neumann mix    scalar[d=0] alt[d=0] vector[d=0] ghost[d=24] type[d=0] prescribes[d=0] maxAbs=308        scale=309.3
  FAIL distorted q16    all FixedValue           scalar[d=0] alt[d=0] vector[d=0] ghost[d=19] type[d=0] prescribes[d=0] maxAbs=2.5        scale=2.5
  FAIL distorted q16    all FixedGradient        scalar[d=0] alt[d=0] vector[d=0] ghost[d=19] type[d=0] prescribes[d=0] maxAbs=309        scale=309.2
  FAIL distorted q16    all FixedTemperature     scalar[d=0] alt[d=0] vector[d=0] ghost[d=19] type[d=0] prescribes[d=0] maxAbs=322        scale=322.5
  FAIL distorted q16    all HeatFlux             scalar[d=0] alt[d=0] vector[d=0] ghost[d=19] type[d=0] prescribes[d=0] maxAbs=245        scale=246.2
  FAIL distorted q16    all Adiabatic            scalar[d=0] alt[d=0] vector[d=0] ghost[d=19] type[d=0] prescribes[d=0] maxAbs=309        scale=309.2
  FAIL distorted q16    all WallOmega            scalar[d=0] alt[d=0] vector[d=0] ghost[d=19] type[d=0] prescribes[d=0] maxAbs=14.7       scale=14.74
  FAIL distorted q16    scalar mix (6 types)     scalar[d=0] alt[d=0] vector[d=0] ghost[d=19] type[d=0] prescribes[d=0] maxAbs=315        scale=315
  FAIL distorted q16    Dirichlet+Neumann mix    scalar[d=0] alt[d=0] vector[d=0] ghost[d=19] type[d=0] prescribes[d=0] maxAbs=309        scale=309.2
  FAIL cartesian3d 5    all FixedValue           scalar[d=0] alt[d=0] vector[d=0] ghost[d=45] type[d=0] prescribes[d=0] maxAbs=3.5        scale=3.5
  FAIL cartesian3d 5    all FixedGradient        scalar[d=0] alt[d=0] vector[d=0] ghost[d=45] type[d=0] prescribes[d=0] maxAbs=310        scale=310.2
  FAIL cartesian3d 5    all FixedTemperature     scalar[d=0] alt[d=0] vector[d=0] ghost[d=45] type[d=0] prescribes[d=0] maxAbs=338        scale=337.5
  FAIL cartesian3d 5    all HeatFlux             scalar[d=0] alt[d=0] vector[d=0] ghost[d=45] type[d=0] prescribes[d=0] maxAbs=160        scale=160.2
  FAIL cartesian3d 5    all Adiabatic            scalar[d=0] alt[d=0] vector[d=0] ghost[d=45] type[d=0] prescribes[d=0] maxAbs=310        scale=310.2
  FAIL cartesian3d 5    all WallOmega            scalar[d=0] alt[d=0] vector[d=0] ghost[d=45] type[d=0] prescribes[d=0] maxAbs=1.2        scale=1.2
  FAIL cartesian3d 5    scalar mix (6 types)     scalar[d=0] alt[d=0] vector[d=0] ghost[d=45] type[d=0] prescribes[d=0] maxAbs=315        scale=315
  FAIL cartesian3d 5    Dirichlet+Neumann mix    scalar[d=0] alt[d=0] vector[d=0] ghost[d=45] type[d=0] prescribes[d=0] maxAbs=310        scale=310.2
  FAIL warped 3d 4      all FixedValue           scalar[d=0] alt[d=0] vector[d=0] ghost[d=29] type[d=0] prescribes[d=0] maxAbs=3.5        scale=3.5
  FAIL warped 3d 4      all FixedGradient        scalar[d=0] alt[d=0] vector[d=0] ghost[d=29] type[d=0] prescribes[d=0] maxAbs=309        scale=309.4
  FAIL warped 3d 4      all FixedTemperature     scalar[d=0] alt[d=0] vector[d=0] ghost[d=29] type[d=0] prescribes[d=0] maxAbs=338        scale=337.5
  FAIL warped 3d 4      all HeatFlux             scalar[d=0] alt[d=0] vector[d=0] ghost[d=29] type[d=0] prescribes[d=0] maxAbs=120        scale=120
  FAIL warped 3d 4      all Adiabatic            scalar[d=0] alt[d=0] vector[d=0] ghost[d=29] type[d=0] prescribes[d=0] maxAbs=309        scale=309.4
  FAIL warped 3d 4      all WallOmega            scalar[d=0] alt[d=0] vector[d=0] ghost[d=29] type[d=0] prescribes[d=0] maxAbs=0.947      scale=0.9576
  FAIL warped 3d 4      scalar mix (6 types)     scalar[d=0] alt[d=0] vector[d=0] ghost[d=29] type[d=0] prescribes[d=0] maxAbs=315        scale=315
  FAIL warped 3d 4      Dirichlet+Neumann mix    scalar[d=0] alt[d=0] vector[d=0] ghost[d=29] type[d=0] prescribes[d=0] maxAbs=309        scale=309.4

=== coverage ===
  type FixedValue         covered
  type FixedGradient      covered
  type Wall               covered
  type MovingWall         covered
  type Inlet              covered
  type Outlet             covered
  type Symmetry           covered
  type FixedTemperature   covered
  type HeatFlux           covered
  type Adiabatic          covered
  type WallOmega          covered
  scalar forms const/shift/affine   25 / 25 / 0 (sets reaching each)
  vector forms const/identity/symm  25 / 15 / 12
  ghost inflow/outflow/zero-flux    1024 / 992 / 1360
  faces with an alternative distance 6330
  total scalar comparisons          25320

cases=75 failures=40
BOUNDARY CONDITION EQUIVALENCE: FAIL
