# binary build/release/tests/integration/compressible/CFDLowMachRegressionTests
# sha256 8886bc31e43c2be91cace9a4993b0b4404a7f174c0d53fbe6c20f4739aa1b992
# libcfdcore.a 143a1dda0680bc1d481a0360095ca7c643ffc9e2a2dc53bbd1d55d5a8202132a
# 2026-09-17T06:24:32Z

Running main() from /mnt/c/Users/Hasib/Desktop/CFDAPP/CFDApp/build/release/_deps/googletest-src/googletest/src/gtest_main.cc
Note: Google Test filter = LowMachRegressionTest.GlobalMassImbalanceIsSmall
[==========] Running 1 test from 1 test suite.
[----------] Global test environment set-up.
[----------] 1 test from LowMachRegressionTest
[ RUN      ] LowMachRegressionTest.GlobalMassImbalanceIsSmall
/mnt/c/Users/Hasib/Desktop/CFDAPP/CFDApp/tests/integration/compressible/test_low_mach_regression.cpp:261: Failure
Expected: (outcome.globalMassImbalance) < (1e-4), actual: 0.00010343290470245418 vs 0.0001

[  FAILED  ] LowMachRegressionTest.GlobalMassImbalanceIsSmall (1272 ms)
[----------] 1 test from LowMachRegressionTest (1273 ms total)

[----------] Global test environment tear-down
[==========] 1 test from 1 test suite ran. (1274 ms total)
[  PASSED  ] 0 tests.
[  FAILED  ] 1 test, listed below:
[  FAILED  ] LowMachRegressionTest.GlobalMassImbalanceIsSmall

 1 FAILED TEST
exit 1
