# P12-DIFF-002 A1 GATE FREEZE; 2026-09-16T06:58:26Z
# git HEAD b66310ca871811c4c7671056beec291a451af55c

# THE A1 GATE (frozen now):
  c4b08824cf98e95f6bf3d424e7e0fd006231f1ed955cbfb9f6f641d45faae7d0  acceptance_gate_A1.md

# the independent oracle and the two-sided pre-freeze dry-run:
  b832a1b05e4f254eafee1739f36b585980766a21f6392eff7bfa886861678482  a1/tools/diff2_oracle.cpp
  adb8d1d180c2be71a22a7313d3b68e4ce74c06d6733865cb8bdcbe8f96549482  a1/tools/run_a1.sh
  3aff2db59ad9faa18cfb833b05a01e252d05e042ba6e53f187ccf661abaf06c6  a1/logs/01_oracle_dryrun.log
  bb40d1884341c6c9439e00d13f8549dbae1ba30d7c8b451c369b2bee6ce73b9b  a1/logs/02_dryrun_production.log
  6b359686201d75bee25499aa306cece78d5a531fc666fe2d555d0c0e71aa4dd1  a1/logs/02_dryrun_baseline.log
  3db023a584b7488ee1b5081358cd019f1ecb580df37b257909aa51199159d134  a1/logs/02_dryrun_overeager.log

# THE ORIGINAL GATE AND ITS W3b FAILURE -- preserved, not deleted, not rewritten:
  51079f6da5dd0a417b39fe332f92eccf32a9877a96035168bc566ed1d3a9e46b  acceptance_gate.md
  bf71a0f43025ef01f11a2a6324215d9da08fa208df0224df8a91ff86dd0838d9  summary.md
  b5aa78caa29f64f150b41a7124d22e1121f5d5d1c2efc400b15e92914a5d58f7  logs/08_gate_W3b.log
  2301bcec6684327d3bc08e0a219dea8ce820f80a1990d922bd2445e4a6459f11  logs/09_gate_W3b_patches.log
  24da7a19ceeaf7398e1b8282acbc68410c4c4a56b997f4e458766bc044eb8f14  logs/10_gate_W4.log
  1ec72116ff2ff6fcb081b4d07c644d6b89e82c2bb5e9badab16cf32785a619e2  logs/04_gate_dryrun_baseline.log
  8d991482dc4ca42d75023946621f80f80818c35aaa866688d6acb5755a727616  logs/05_cases_before.log
  17608e26268cf2f6708edbdce011d05ae4d1fedc2fd4c3a99cebf1d652fc74bf  logs/07_gate_W1_W2_W3.log

# production source at A1 freeze time (UNCHANGED by A1):
  20a02b16499fa7b0aca07667baae638714e1a176ed6eba33b414a194cf701e1c  src/discretization/NonOrthogonalDiffusion.cpp
  076859b950fe0e140d4c6cd961a046a2f363cf1125865f968655298b55cbb8b2  include/cfd/discretization/NonOrthogonalDiffusion.hpp
  04c964c24d6098dbe20def251fa0eba611a1725f17d9e352acf38631e67645b0  src/mesh/MeshGeometry.cpp
  39e539b2f9064fdd6ba4940dab6f42aded2eb3d3d5339e0fc20534b3c77a8cc5  include/cfd/mesh/MeshGeometry.hpp
  0e1c4962faf52b0d0b26a9fc489529445573dacd13029f97c2c4f95271d3fda0  src/physics/MomentumEquation.cpp
  921e61374e86bb01e83063f3ea85506c575a618ca2807564c2a91629ba75325d  src/thermal/EnergyEquation.cpp
  887947ee41510e83685b72f0a2e37c9ec4b28e21342d9fd28da4fa8fc6145360  include/cfd/thermal/EnergyEquation.hpp
  67fdb0aa41c3766b8ac505ffbd948570020c69f70ead5acf549aced08c081bbf  src/species/SpeciesEquation.cpp
  3cf4f50b2448ae9e2b26f317f4b4de4c15ec4996f01ecb8684a8c30f71f6bb4a  src/turbulence/KEpsilonEquation.cpp
  e8e17477465bcaea0415443284088169a936f4bbde8c0392d7abd6492ba7e0df  src/discretization/Diffusion.cpp
  d24882a96e5cbc0025121a71eb9f88e13ffe0ef9a8a09f2e2f9f4d40fd8c03b6  src/discretization/Gradient.cpp
# binary at A1 freeze time:
  0a2a1398cd48c629d412985ba87a84470368cca939f56916f970f85211b230fb  build/release/src/libcfdcore.a

# the two historical tests and the W4 tests (unchanged):
  5f98c8046eec7f96e03fdee2336d27733cbb80d58bbc26d8064fab97174cd618  tests/integration/case/test_structured_quad_production_case.cpp
  5b6eca7e7df2ad12f4f25330bf7c166e91d5e4487430f1207f6c7945adabb880  tests/integration/case/test_multiblock_production_case.cpp
  474530ce10f3842f8421fd36346fca83c4ca85925d4c408ded68ff12752f1ebf  tests/unit/discretization/test_boundary_reconstruction.cpp
