# P12-DIFF-002 W9 runs; 2026-09-17T11:36:10Z; git HEAD b66310ca871811c4c7671056beec291a451af55c
# current libcfdcore.a  143a1dda0680bc1d481a0360095ca7c643ffc9e2a2dc53bbd1d55d5a8202132a
# baseline libcfdcore.a 719d0fc7ae48c027756430a8473a9b47ef3f516167aa7eb7319fa3eb468c50fe
# original-case reconstruction (must equal the W8B freeze's pre-edit hashes):
#   b1c19195209e1f85b1a1b1d044c8f155e519fb90cdd789d5b60b9f7398c5f5d4  /root/w9/cases_original/poiseuille_distorted/solver.json
#   7a8fb438295cb414599ae261653e78a4a4299feaac7e085222354238d26d0fd4  /root/w9/cases_original/curved_channel_multiblock/solver.json
#   60516117a3773587844f8e7285100f20d5e0148514b0529052b5b330c232e235  /root/w9/cases_original/poiseuille_distorted/case.json
#   65e66e1af656e501d2ce1e0cf9f22d5f71bba0ee253e99e2c985624157dcd757  /root/w9/cases_original/curved_channel_multiblock/case.json
## A annular_sector_conduction_multiblock
  status 0
  simple_status 0
  simple_iterations 1
  face_flux linear
  final_u 0.000000e+00
  final_v 0.000000e+00
  final_p 0.000000e+00
  final_continuity 0.000000e+00
  global_mass_imbalance 0.000000e+00
  exit 0
  wall_seconds .203750858
## A channel_transpiration_graded
  status 0
  simple_status 0
  simple_iterations 1563
  face_flux linear
  final_u 1.998350e-05
  final_v 1.180107e-05
  final_p 1.327440e-04
  final_continuity 2.573643e-12
  global_mass_imbalance 3.479828e-12
  exit 0
  wall_seconds 39.618557430
## A compressible_channel_coupled
  status 0
  simple_status 0
  simple_iterations 12191
  face_flux linear
  final_u 1.998589e-05
  final_v 3.179322e-07
  final_p 1.166312e-05
  final_continuity 4.782921e-10
  global_mass_imbalance 1.398229e-11
  compressible_simple_iterations 6828
  exit 0
  wall_seconds 108.295422770
## A compressible_validation
  status 0
  simple_status 0
  simple_iterations 2225
  face_flux linear
  final_u 1.999437e-05
  final_v 4.095240e-07
  final_p 4.032575e-04
  final_continuity 7.573823e-10
  global_mass_imbalance 8.082934e-08
  exit 0
  wall_seconds 8.161038403
## A curved_channel_multiblock
  status 0
  simple_status 0
  simple_iterations 1400
  face_flux linear
  final_u 1.537572e-05
  final_v 1.999109e-05
  final_p 1.049325e-04
  final_continuity 2.952541e-12
  global_mass_imbalance 3.270002e-11
  exit 0
  wall_seconds 48.310377739
## A duct_3d
  status 0
  simple_status 0
  simple_iterations 67
  face_flux rhie_chow
  final_u 8.713742e-10
  final_v 1.896070e-10
  final_p 8.007110e-11
  final_continuity 1.723834e-15
  global_mass_imbalance 2.917844e-12
  exit 0
  wall_seconds 16.912842310
## A heated_cavity
  status 0
  simple_status 0
  simple_iterations 1
  face_flux linear
  final_u 0.000000e+00
  final_v 0.000000e+00
  final_p 0.000000e+00
  final_continuity 0.000000e+00
  global_mass_imbalance 0.000000e+00
  exit 0
  wall_seconds .066414835
## A heated_species_diffusion
  status 0
  simple_status 0
  simple_iterations 1
  face_flux linear
  final_u 0.000000e+00
  final_v 0.000000e+00
  final_p 0.000000e+00
  final_continuity 0.000000e+00
  global_mass_imbalance 0.000000e+00
  exit 0
  wall_seconds .336368044
## A lid_driven_cavity
  status 0
  simple_status 0
  simple_iterations 3036
  face_flux linear
  final_u 3.362578e-08
  final_v 3.291979e-08
  final_p 9.998540e-07
  final_continuity 7.850710e-11
  global_mass_imbalance 0.000000e+00
  exit 0
  wall_seconds 23.333772113
## A lid_driven_cavity_3d
  status 0
  simple_status 0
  simple_iterations 85
  face_flux rhie_chow
  final_u 9.413668e-07
  final_v 8.463082e-07
  final_p 2.346106e-07
  final_continuity 1.804243e-11
  global_mass_imbalance 0.000000e+00
  exit 0
  wall_seconds 18.625622580
## A lid_driven_cavity_3d_re1000
  status 0
  simple_status 0
  simple_iterations 249
  face_flux rhie_chow
  final_u 9.774970e-08
  final_v 9.041962e-08
  final_p 8.464632e-08
  final_continuity 1.843008e-12
  global_mass_imbalance 0.000000e+00
  exit 0
  wall_seconds 306.160138396
## A lid_driven_cavity_40x40
  status 0
  simple_status 0
  simple_iterations 5615
  face_flux linear
  final_u 2.802838e-08
  final_v 1.604571e-08
  final_p 9.996510e-07
  final_continuity 7.262925e-09
  global_mass_imbalance 0.000000e+00
  exit 0
  wall_seconds 96.549370991
## A lid_driven_cavity_80x80
  status 0
  simple_status 0
  simple_iterations 9643
  face_flux linear
  final_u 2.676149e-08
  final_v 9.671884e-09
  final_p 9.999519e-07
  final_continuity 3.523850e-08
  global_mass_imbalance 0.000000e+00
  exit 0
  wall_seconds 394.494379666
## A multiphase_validation
  status 0
  simple_status 0
  simple_iterations 1
  face_flux linear
  final_u 0.000000e+00
  final_v 0.000000e+00
  final_p 0.000000e+00
  final_continuity 0.000000e+00
  global_mass_imbalance 0.000000e+00
  exit 0
  wall_seconds .046294966
## A obstacle_channel_multiblock
  status 0
  simple_status 0
  simple_iterations 3412
  face_flux linear
  final_u 1.999929e-05
  final_v 1.043432e-05
  final_p 3.151964e-04
  final_continuity 2.144807e-12
  global_mass_imbalance 3.351253e-12
  exit 0
  wall_seconds 92.203773515
## A poiseuille_distorted
  status 0
  simple_status 0
  simple_iterations 1983
  face_flux linear
  final_u 1.999074e-05
  final_v 1.067457e-05
  final_p 3.766849e-04
  final_continuity 3.571733e-12
  global_mass_imbalance 7.499210e-13
  exit 0
  wall_seconds 31.329026869
## A poiseuille_flow
  status 0
  simple_status 0
  simple_iterations 1319
  face_flux linear
  final_u 1.999830e-05
  final_v 4.189452e-07
  final_p 2.077618e-04
  final_continuity 4.360253e-10
  global_mass_imbalance 1.976688e-07
  exit 0
  wall_seconds 12.908636759
## A species_diffusion
  status 0
  simple_status 0
  simple_iterations 1
  face_flux linear
  final_u 0.000000e+00
  final_v 0.000000e+00
  final_p 0.000000e+00
  final_continuity 0.000000e+00
  global_mass_imbalance 0.000000e+00
  exit 0
  wall_seconds .350105377
## A step_channel_multiblock
  status 0
  simple_status 0
  simple_iterations 535
  face_flux linear
  final_u 1.996670e-05
  final_v 9.008893e-06
  final_p 2.554463e-04
  final_continuity 2.414631e-12
  global_mass_imbalance 2.006945e-11
  exit 0
  wall_seconds 31.656599172
## C annular_sector_conduction_multiblock
  status 0
  simple_status 0
  simple_iterations 1
  face_flux linear
  final_u 0.000000e+00
  final_v 0.000000e+00
  final_p 0.000000e+00
  final_continuity 0.000000e+00
  global_mass_imbalance 0.000000e+00
  exit 0
  wall_seconds .158554532
## C channel_transpiration_graded
  status 0
  simple_status 0
  simple_iterations 1714
  face_flux linear
  final_u 1.998486e-05
  final_v 1.129750e-05
  final_p 1.355951e-04
  final_continuity 2.738080e-12
  global_mass_imbalance 1.223993e-11
  exit 0
  wall_seconds 51.348198509
## C compressible_channel_coupled
  status 0
  simple_status 0
  simple_iterations 12012
  face_flux linear
  final_u 1.999889e-05
  final_v 4.254766e-07
  final_p 1.288817e-05
  final_continuity 4.581030e-10
  global_mass_imbalance 6.225508e-10
  compressible_simple_iterations 6363
  exit 0
  wall_seconds 108.608777854
## C compressible_validation
  status 0
  simple_status 0
  simple_iterations 2453
  face_flux linear
  final_u 1.999304e-05
  final_v 4.039107e-07
  final_p 4.019701e-04
  final_continuity 6.133934e-10
  global_mass_imbalance 5.811002e-08
  exit 0
  wall_seconds 9.415851929
## C curved_channel_multiblock
  status 0
  simple_status 0
  simple_iterations 1405
  face_flux linear
  final_u 1.495027e-05
  final_v 1.997546e-05
  final_p 1.237292e-04
  final_continuity 2.725911e-12
  global_mass_imbalance 4.356696e-12
  exit 0
  wall_seconds 50.642047236
## C duct_3d
  status 0
  simple_status 0
  simple_iterations 65
  face_flux rhie_chow
  final_u 8.826517e-10
  final_v 1.932289e-10
  final_p 8.403824e-11
  final_continuity 1.319969e-15
  global_mass_imbalance 1.333746e-12
  exit 0
  wall_seconds 13.073623863
## C heated_cavity
  status 0
  simple_status 0
  simple_iterations 1
  face_flux linear
  final_u 0.000000e+00
  final_v 0.000000e+00
  final_p 0.000000e+00
  final_continuity 0.000000e+00
  global_mass_imbalance 0.000000e+00
  exit 0
  wall_seconds .147020848
## C heated_species_diffusion
  status 0
  simple_status 0
  simple_iterations 1
  face_flux linear
  final_u 0.000000e+00
  final_v 0.000000e+00
  final_p 0.000000e+00
  final_continuity 0.000000e+00
  global_mass_imbalance 0.000000e+00
  exit 0
  wall_seconds .370395651
## C lid_driven_cavity
  status 0
  simple_status 0
  simple_iterations 3312
  face_flux linear
  final_u 3.293105e-08
  final_v 3.230416e-08
  final_p 9.988576e-07
  final_continuity 8.393966e-11
  global_mass_imbalance 0.000000e+00
  exit 0
  wall_seconds 24.196173044
## C lid_driven_cavity_3d
  status 0
  simple_status 0
  simple_iterations 85
  face_flux rhie_chow
  final_u 9.487777e-07
  final_v 8.651119e-07
  final_p 2.367578e-07
  final_continuity 1.535704e-11
  global_mass_imbalance 0.000000e+00
  exit 0
  wall_seconds 22.270003629
## C lid_driven_cavity_3d_re1000
  status 0
  simple_status 0
  simple_iterations 255
  face_flux rhie_chow
  final_u 9.894847e-08
  final_v 9.530002e-08
  final_p 7.367305e-08
  final_continuity 3.317375e-12
  global_mass_imbalance 0.000000e+00
  exit 0
  wall_seconds 337.049404406
## C lid_driven_cavity_40x40
  status 0
  simple_status 0
  simple_iterations 6159
  face_flux linear
  final_u 2.802069e-08
  final_v 1.727504e-08
  final_p 9.994674e-07
  final_continuity 9.224169e-09
  global_mass_imbalance 0.000000e+00
  exit 0
  wall_seconds 104.138033991
## C lid_driven_cavity_80x80
  status 0
  simple_status 0
  simple_iterations 10919
  face_flux linear
  final_u 2.640890e-08
  final_v 8.472227e-09
  final_p 9.999124e-07
  final_continuity 2.906825e-08
  global_mass_imbalance 0.000000e+00
  exit 0
  wall_seconds 415.254339199
## C multiphase_validation
  status 0
  simple_status 0
  simple_iterations 1
  face_flux linear
  final_u 0.000000e+00
  final_v 0.000000e+00
  final_p 0.000000e+00
  final_continuity 0.000000e+00
  global_mass_imbalance 0.000000e+00
  exit 0
  wall_seconds .036086305
## C obstacle_channel_multiblock
  status 0
  simple_status 0
  simple_iterations 3486
  face_flux linear
  final_u 1.999380e-05
  final_v 1.031670e-05
  final_p 3.248347e-04
  final_continuity 2.025498e-12
  global_mass_imbalance 1.274373e-12
  exit 0
  wall_seconds 94.962133129
## C poiseuille_distorted
  status 0
  simple_status 0
  simple_iterations 2222
  face_flux linear
  final_u 1.999747e-05
  final_v 1.159375e-05
  final_p 3.843314e-04
  final_continuity 4.022443e-12
  global_mass_imbalance 3.798392e-12
  exit 0
  wall_seconds 36.681411074
## C poiseuille_flow
  status 0
  simple_status 0
  simple_iterations 1524
  face_flux linear
  final_u 1.999846e-05
  final_v 3.782369e-07
  final_p 2.223228e-04
  final_continuity 4.334553e-10
  global_mass_imbalance 1.512396e-07
  exit 0
  wall_seconds 15.172134334
## C species_diffusion
  status 0
  simple_status 0
  simple_iterations 1
  face_flux linear
  final_u 0.000000e+00
  final_v 0.000000e+00
  final_p 0.000000e+00
  final_continuity 0.000000e+00
  global_mass_imbalance 0.000000e+00
  exit 0
  wall_seconds .327949218
## C step_channel_multiblock
  status 0
  simple_status 0
  simple_iterations 633
  face_flux linear
  final_u 1.997334e-05
  final_v 8.121780e-06
  final_p 2.300520e-04
  final_continuity 2.390547e-12
  global_mass_imbalance 2.445091e-11
  exit 0
  wall_seconds 34.047049341
## B annular_sector_conduction_multiblock
  status 0
  simple_status 0
  simple_iterations 1
  face_flux linear
  final_u 0.000000e+00
  final_v 0.000000e+00
  final_p 0.000000e+00
  final_continuity 0.000000e+00
  global_mass_imbalance 0.000000e+00
  exit 0
  wall_seconds .187233508
## B channel_transpiration_graded
  status 0
  simple_status 0
  simple_iterations 1714
  face_flux linear
  final_u 1.998486e-05
  final_v 1.129750e-05
  final_p 1.355951e-04
  final_continuity 2.738080e-12
  global_mass_imbalance 1.223993e-11
  exit 0
  wall_seconds 50.028889354
## B compressible_channel_coupled
  status 0
  simple_status 0
  simple_iterations 12012
  face_flux linear
  final_u 1.999889e-05
  final_v 4.254766e-07
  final_p 1.288817e-05
  final_continuity 4.581030e-10
  global_mass_imbalance 6.225508e-10
  compressible_simple_iterations 6363
  exit 0
  wall_seconds 108.664271738
## B compressible_validation
  status 0
  simple_status 0
  simple_iterations 2453
  face_flux linear
  final_u 1.999304e-05
  final_v 4.039107e-07
  final_p 4.019701e-04
  final_continuity 6.133934e-10
  global_mass_imbalance 5.811002e-08
  exit 0
  wall_seconds 9.115712688
## B curved_channel_multiblock
  status 0
  simple_status 0
  simple_iterations 74
  face_flux rhie_chow
  final_u 1.609359e-05
  final_v 1.862537e-05
  final_p 1.175897e-06
  final_continuity 2.874381e-12
  global_mass_imbalance 2.613410e-11
  exit 0
  wall_seconds 3.566462208
## B duct_3d
  status 0
  simple_status 0
  simple_iterations 65
  face_flux rhie_chow
  final_u 8.826517e-10
  final_v 1.932289e-10
  final_p 8.403824e-11
  final_continuity 1.319969e-15
  global_mass_imbalance 1.333746e-12
  exit 0
  wall_seconds 16.854608085
## B heated_cavity
  status 0
  simple_status 0
  simple_iterations 1
  face_flux linear
  final_u 0.000000e+00
  final_v 0.000000e+00
  final_p 0.000000e+00
  final_continuity 0.000000e+00
  global_mass_imbalance 0.000000e+00
  exit 0
  wall_seconds .081661719
## B heated_species_diffusion
  status 0
  simple_status 0
  simple_iterations 1
  face_flux linear
  final_u 0.000000e+00
  final_v 0.000000e+00
  final_p 0.000000e+00
  final_continuity 0.000000e+00
  global_mass_imbalance 0.000000e+00
  exit 0
  wall_seconds .416104633
## B lid_driven_cavity
  status 0
  simple_status 0
  simple_iterations 3312
  face_flux linear
  final_u 3.293105e-08
  final_v 3.230416e-08
  final_p 9.988576e-07
  final_continuity 8.393966e-11
  global_mass_imbalance 0.000000e+00
  exit 0
  wall_seconds 27.745397038
## B lid_driven_cavity_3d
  status 0
  simple_status 0
  simple_iterations 85
  face_flux rhie_chow
  final_u 9.487777e-07
  final_v 8.651119e-07
  final_p 2.367578e-07
  final_continuity 1.535704e-11
  global_mass_imbalance 0.000000e+00
  exit 0
  wall_seconds 22.212788302
## B lid_driven_cavity_3d_re1000
  status 0
  simple_status 0
  simple_iterations 255
  face_flux rhie_chow
  final_u 9.894847e-08
  final_v 9.530002e-08
  final_p 7.367305e-08
  final_continuity 3.317375e-12
  global_mass_imbalance 0.000000e+00
  exit 0
  wall_seconds 336.818611749
## B lid_driven_cavity_40x40
  status 0
  simple_status 0
  simple_iterations 6159
  face_flux linear
  final_u 2.802069e-08
  final_v 1.727504e-08
  final_p 9.994674e-07
  final_continuity 9.224169e-09
  global_mass_imbalance 0.000000e+00
  exit 0
  wall_seconds 102.818691940
## B lid_driven_cavity_80x80
  status 0
  simple_status 0
  simple_iterations 10919
  face_flux linear
  final_u 2.640890e-08
  final_v 8.472227e-09
  final_p 9.999124e-07
  final_continuity 2.906825e-08
  global_mass_imbalance 0.000000e+00
  exit 0
  wall_seconds 418.186940473
## B multiphase_validation
  status 0
  simple_status 0
  simple_iterations 1
  face_flux linear
  final_u 0.000000e+00
  final_v 0.000000e+00
  final_p 0.000000e+00
  final_continuity 0.000000e+00
  global_mass_imbalance 0.000000e+00
  exit 0
  wall_seconds .076430811
## B obstacle_channel_multiblock
  status 0
  simple_status 0
  simple_iterations 3486
  face_flux linear
  final_u 1.999380e-05
  final_v 1.031670e-05
  final_p 3.248347e-04
  final_continuity 2.025498e-12
  global_mass_imbalance 1.274373e-12
  exit 0
  wall_seconds 93.195644444
## B poiseuille_distorted
  status 0
  simple_status 0
  simple_iterations 39
  face_flux rhie_chow
  final_u 1.668965e-05
  final_v 1.225221e-05
  final_p 2.588186e-06
  final_continuity 3.750618e-12
  global_mass_imbalance 3.968174e-11
  exit 0
  wall_seconds 1.408259027
## B poiseuille_flow
  status 0
  simple_status 0
  simple_iterations 1524
  face_flux linear
  final_u 1.999846e-05
  final_v 3.782369e-07
  final_p 2.223228e-04
  final_continuity 4.334553e-10
  global_mass_imbalance 1.512396e-07
  exit 0
  wall_seconds 13.824438634
## B species_diffusion
  status 0
  simple_status 0
  simple_iterations 1
  face_flux linear
  final_u 0.000000e+00
  final_v 0.000000e+00
  final_p 0.000000e+00
  final_continuity 0.000000e+00
  global_mass_imbalance 0.000000e+00
  exit 0
  wall_seconds .456182692
## B step_channel_multiblock
  status 0
  simple_status 0
  simple_iterations 633
  face_flux linear
  final_u 1.997334e-05
  final_v 8.121780e-06
  final_p 2.300520e-04
  final_continuity 2.390547e-12
  global_mass_imbalance 2.445091e-11
  exit 0
  wall_seconds 33.011987212
# end 2026-09-17T11:43:08Z
