
=== annular_sector_conduction_multiblock
  A: status  0 simple  0 it      1 flux linear    mass 0.0                      rel -                        maxcell -                        thermal it 4 res 9.932912498502278e-13 wall .203750858s
  C: status  0 simple  0 it      1 flux linear    mass 0.0                      rel -                        maxcell -                        thermal it 4 res 9.79057513391359e-13 wall .158554532s
  B: status  0 simple  0 it      1 flux linear    mass 0.0                      rel -                        maxcell -                        thermal it 4 res 9.79057513391359e-13 wall .187233508s
  field                        max|C-A|    |C-A|/|A|     max|B-C|    |B-C|/|C|
  velocity_x                 0.0000e+00   0.0000e+00   0.0000e+00   0.0000e+00
  velocity_y                 0.0000e+00   0.0000e+00   0.0000e+00   0.0000e+00
  velocity_magnitude         0.0000e+00   0.0000e+00   0.0000e+00   0.0000e+00
  pressure                   0.0000e+00   0.0000e+00   0.0000e+00   0.0000e+00
  temperature                4.4675e-06   4.3338e-06   0.0000e+00   0.0000e+00
  W9 mass: B 0.0 vs recorded 0.0 (run A) -> OK

=== channel_transpiration_graded
  A: status  0 simple  0 it   1563 flux linear    mass 3.4798275372338594e-12   rel -                        maxcell -                        wall 39.618557430s
  C: status  0 simple  0 it   1714 flux linear    mass 1.2239931290736195e-11   rel -                        maxcell -                        wall 51.348198509s
  B: status  0 simple  0 it   1714 flux linear    mass 1.2239931290736195e-11   rel -                        maxcell -                        wall 50.028889354s
  field                        max|C-A|    |C-A|/|A|     max|B-C|    |B-C|/|C|
  velocity_x                 1.0063e-01   1.1615e-02   0.0000e+00   0.0000e+00
  velocity_y                 1.2296e-01   5.5428e-03   0.0000e+00   0.0000e+00
  velocity_magnitude         9.5540e-02   4.9460e-03   0.0000e+00   0.0000e+00
  pressure                   2.8212e+00   1.5047e-02   0.0000e+00   0.0000e+00
  W9 mass: B 1.2239931290736195e-11 vs recorded 3.48e-12 (logs/05) -> WORSE

=== compressible_channel_coupled
  A: status  0 simple  0 it  12191 flux linear    mass 1.39822875500073e-11     rel -                        maxcell -                        wall 108.295422770s
  C: status  0 simple  0 it  12012 flux linear    mass 6.225507609425307e-10    rel -                        maxcell -                        wall 108.608777854s
  B: status  0 simple  0 it  12012 flux linear    mass 6.225507609425307e-10    rel -                        maxcell -                        wall 108.664271738s
  field                        max|C-A|    |C-A|/|A|     max|B-C|    |B-C|/|C|
  velocity_x                 3.4673e-01   8.9854e-03   0.0000e+00   0.0000e+00
  velocity_y                 1.9602e-01   3.5621e-02   0.0000e+00   0.0000e+00
  velocity_magnitude         3.4693e-01   8.9837e-03   0.0000e+00   0.0000e+00
  pressure                   1.7390e+03   2.5547e-02   0.0000e+00   0.0000e+00
  density                    2.7926e-02   9.2794e-03   0.0000e+00   0.0000e+00
  pressure_absolute          2.4049e+03   9.2794e-03   0.0000e+00   0.0000e+00
  compressible_temperature   0.0000e+00   0.0000e+00   0.0000e+00   0.0000e+00
  mach_number                2.8970e-03   1.3240e-02   0.0000e+00   0.0000e+00
  W9 mass: B 6.225507609425307e-10 vs recorded 1.39822875500073e-11 (run A) -> WORSE

=== compressible_validation
  A: status  0 simple  0 it   2225 flux linear    mass 8.082934480069248e-08    rel -                        maxcell -                        wall 8.161038403s
  C: status  0 simple  0 it   2453 flux linear    mass 5.811002140587718e-08    rel -                        maxcell -                        wall 9.415851929s
  B: status  0 simple  0 it   2453 flux linear    mass 5.811002140587718e-08    rel -                        maxcell -                        wall 9.115712688s
  field                        max|C-A|    |C-A|/|A|     max|B-C|    |B-C|/|C|
  velocity_x                 3.1535e-02   1.6165e-02   0.0000e+00   0.0000e+00
  velocity_y                 2.3585e-02   9.2137e-02   0.0000e+00   0.0000e+00
  velocity_magnitude         3.1641e-02   1.6156e-02   0.0000e+00   0.0000e+00
  pressure                   7.3887e-01   5.4199e-02   0.0000e+00   0.0000e+00
  density                    8.5800e-06   2.9403e-06   0.0000e+00   0.0000e+00
  pressure_absolute          7.3887e-01   2.9403e-06   0.0000e+00   0.0000e+00
  compressible_temperature   0.0000e+00   0.0000e+00   0.0000e+00   0.0000e+00
  mach_number                9.1132e-05   1.6156e-02   0.0000e+00   0.0000e+00
  W9 mass: B 5.811002140587718e-08 vs recorded 8.082934480069248e-08 (run A) -> OK

=== curved_channel_multiblock
  A: status  0 simple  0 it   1400 flux linear    mass 3.2700016305842183e-11   rel -                        maxcell -                        wall 48.310377739s
  C: status  0 simple  0 it   1405 flux linear    mass 4.356695559870616e-12    rel -                        maxcell -                        wall 50.642047236s
  B: status  0 simple  0 it     74 flux rhie_chow mass 2.6134101827057776e-11   rel -                        maxcell -                        wall 3.566462208s
  field                        max|C-A|    |C-A|/|A|     max|B-C|    |B-C|/|C|
  velocity_x                 3.9688e-02   7.2639e-03   3.8831e-01   5.8913e-02
  velocity_y                 3.5076e-02   7.6757e-03   3.1897e-01   4.8570e-02
  velocity_magnitude         3.9921e-02   6.7095e-03   4.0398e-01   4.0507e-02
  pressure                   1.1974e+00   1.3962e-02   1.9107e+00   5.3100e-02
  W9 mass: B 2.6134101827057776e-11 vs recorded 3.27e-11 (logs/05) -> OK

=== duct_3d
  A: status  0 simple  0 it     67 flux rhie_chow mass 2.917843917871199e-12    rel 2.9178439178626853e-12   maxcell 3.400058012914542e-15    wall 16.912842310s
  C: status  0 simple  0 it     65 flux rhie_chow mass 1.333746047632589e-12    rel 1.3337460476308107e-12   maxcell 2.998252687791414e-15    wall 13.073623863s
  B: status  0 simple  0 it     65 flux rhie_chow mass 1.333746047632589e-12    rel 1.3337460476308107e-12   maxcell 2.998252687791414e-15    wall 16.854608085s
  field                        max|C-A|    |C-A|/|A|     max|B-C|    |B-C|/|C|
  velocity_x                 4.9691e-02   2.0970e-02   0.0000e+00   0.0000e+00
  velocity_y                 2.1439e-02   7.6922e-02   0.0000e+00   0.0000e+00
  velocity_z                 2.1439e-02   7.6922e-02   0.0000e+00   0.0000e+00
  velocity_magnitude         4.9695e-02   2.0996e-02   0.0000e+00   0.0000e+00
  pressure                   1.5140e+00   4.5888e-02   0.0000e+00   0.0000e+00
  W9 mass: B 1.333746047632589e-12 vs recorded 2.918e-12 (logs/05) -> OK

=== heated_cavity
  A: status  0 simple  0 it      1 flux linear    mass 0.0                      rel -                        maxcell -                        thermal it 2 res 6.243189212592639e-13 wall .066414835s
  C: status  0 simple  0 it      1 flux linear    mass 0.0                      rel -                        maxcell -                        thermal it 2 res 6.170569823959139e-13 wall .147020848s
  B: status  0 simple  0 it      1 flux linear    mass 0.0                      rel -                        maxcell -                        thermal it 2 res 6.170569823959139e-13 wall .081661719s
  field                        max|C-A|    |C-A|/|A|     max|B-C|    |B-C|/|C|
  velocity_x                 0.0000e+00   0.0000e+00   0.0000e+00   0.0000e+00
  velocity_y                 0.0000e+00   0.0000e+00   0.0000e+00   0.0000e+00
  velocity_magnitude         0.0000e+00   0.0000e+00   0.0000e+00   0.0000e+00
  pressure                   0.0000e+00   0.0000e+00   0.0000e+00   0.0000e+00
  temperature                1.7053e-13   2.0601e-16   0.0000e+00   0.0000e+00
  W9 mass: B 0.0 vs recorded 0.0 (logs/05) -> OK

=== heated_species_diffusion
  A: status  0 simple  0 it      1 flux linear    mass 0.0                      rel -                        maxcell -                        thermal it 2 res 4.843420080366689e-13 wall .336368044s
  C: status  0 simple  0 it      1 flux linear    mass 0.0                      rel -                        maxcell -                        thermal it 2 res 7.232472065803309e-13 wall .370395651s
  B: status  0 simple  0 it      1 flux linear    mass 0.0                      rel -                        maxcell -                        thermal it 2 res 7.232472065803309e-13 wall .416104633s
  field                        max|C-A|    |C-A|/|A|     max|B-C|    |B-C|/|C|
  velocity_x                 0.0000e+00   0.0000e+00   0.0000e+00   0.0000e+00
  velocity_y                 0.0000e+00   0.0000e+00   0.0000e+00   0.0000e+00
  velocity_magnitude         0.0000e+00   0.0000e+00   0.0000e+00   0.0000e+00
  pressure                   0.0000e+00   0.0000e+00   0.0000e+00   0.0000e+00
  temperature                1.7053e-13   2.3394e-16   0.0000e+00   0.0000e+00
  concentration_CO2          2.8808e-09   3.5292e-09   0.0000e+00   0.0000e+00
  W9 mass: B 0.0 vs recorded 0.0 (run A) -> OK

=== lid_driven_cavity
  A: status  0 simple  0 it   3036 flux linear    mass 0.0                      rel -                        maxcell -                        wall 23.333772113s
  C: status  0 simple  0 it   3312 flux linear    mass 0.0                      rel -                        maxcell -                        wall 24.196173044s
  B: status  0 simple  0 it   3312 flux linear    mass 0.0                      rel -                        maxcell -                        wall 27.745397038s
  field                        max|C-A|    |C-A|/|A|     max|B-C|    |B-C|/|C|
  velocity_x                 2.7987e-02   2.5506e-02   0.0000e+00   0.0000e+00
  velocity_y                 3.1533e-02   3.5942e-02   0.0000e+00   0.0000e+00
  velocity_magnitude         3.1358e-02   2.5890e-02   0.0000e+00   0.0000e+00
  pressure                   1.8604e-01   1.7345e-01   0.0000e+00   0.0000e+00
  W9 mass: B 0.0 vs recorded 0.0 (logs/05) -> OK

=== lid_driven_cavity_3d
  A: status  0 simple  0 it     85 flux rhie_chow mass 0.0                      rel 0.0                      maxcell 1.154553799654774e-09    wall 18.625622580s
  C: status  0 simple  0 it     85 flux rhie_chow mass 0.0                      rel 0.0                      maxcell 9.825987986917716e-10    wall 22.270003629s
  B: status  0 simple  0 it     85 flux rhie_chow mass 0.0                      rel 0.0                      maxcell 9.825987986917716e-10    wall 22.212788302s
  field                        max|C-A|    |C-A|/|A|     max|B-C|    |B-C|/|C|
  velocity_x                 3.1473e-02   3.6963e-02   0.0000e+00   0.0000e+00
  velocity_y                 3.2787e-02   4.8315e-02   0.0000e+00   0.0000e+00
  velocity_z                 8.5911e-03   5.8260e-02   0.0000e+00   0.0000e+00
  velocity_magnitude         3.2640e-02   3.6812e-02   0.0000e+00   0.0000e+00
  pressure                   9.3715e-02   1.3511e-01   0.0000e+00   0.0000e+00
  W9 mass: B 0.0 vs recorded 0.0 (run A) -> OK

=== lid_driven_cavity_3d_re1000
  A: status  0 simple  0 it    249 flux rhie_chow mass 0.0                      rel 0.0                      maxcell 3.335187485773117e-10    wall 306.160138396s
  C: status  0 simple  0 it    255 flux rhie_chow mass 0.0                      rel 0.0                      maxcell 6.004671569189072e-10    wall 337.049404406s
  B: status  0 simple  0 it    255 flux rhie_chow mass 0.0                      rel 0.0                      maxcell 6.004671569189072e-10    wall 336.818611749s
  field                        max|C-A|    |C-A|/|A|     max|B-C|    |B-C|/|C|
  velocity_x                 4.3169e-02   5.9316e-02   0.0000e+00   0.0000e+00
  velocity_y                 5.4407e-02   8.0353e-02   0.0000e+00   0.0000e+00
  velocity_z                 9.6118e-03   8.8088e-02   0.0000e+00   0.0000e+00
  velocity_magnitude         5.4049e-02   6.6552e-02   0.0000e+00   0.0000e+00
  pressure                   4.1938e-02   1.1477e-01   0.0000e+00   0.0000e+00
  W9 mass: B 0.0 vs recorded 0.0 (run A) -> OK

=== lid_driven_cavity_40x40
  A: status  0 simple  0 it   5615 flux linear    mass 0.0                      rel -                        maxcell -                        wall 96.549370991s
  C: status  0 simple  0 it   6159 flux linear    mass 0.0                      rel -                        maxcell -                        wall 104.138033991s
  B: status  0 simple  0 it   6159 flux linear    mass 0.0                      rel -                        maxcell -                        wall 102.818691940s
  field                        max|C-A|    |C-A|/|A|     max|B-C|    |B-C|/|C|
  velocity_x                 2.3400e-02   1.0230e-02   0.0000e+00   0.0000e+00
  velocity_y                 2.6083e-02   1.4553e-02   0.0000e+00   0.0000e+00
  velocity_magnitude         2.6060e-02   1.0142e-02   0.0000e+00   0.0000e+00
  pressure                   3.5280e-01   1.5125e-01   0.0000e+00   0.0000e+00
  W9 mass: B 0.0 vs recorded 0.0 (run A) -> OK

=== lid_driven_cavity_80x80
  A: status  0 simple  0 it   9643 flux linear    mass 0.0                      rel -                        maxcell -                        wall 394.494379666s
  C: status  0 simple  0 it  10919 flux linear    mass 0.0                      rel -                        maxcell -                        wall 415.254339199s
  B: status  0 simple  0 it  10919 flux linear    mass 0.0                      rel -                        maxcell -                        wall 418.186940473s
  field                        max|C-A|    |C-A|/|A|     max|B-C|    |B-C|/|C|
  velocity_x                 2.0682e-02   4.2812e-03   0.0000e+00   0.0000e+00
  velocity_y                 2.0370e-02   6.0285e-03   0.0000e+00   0.0000e+00
  velocity_magnitude         2.0927e-02   4.1103e-03   0.0000e+00   0.0000e+00
  pressure                   6.8108e-01   1.3799e-01   0.0000e+00   0.0000e+00
  W9 mass: B 0.0 vs recorded 0.0 (run A) -> OK

=== multiphase_validation
  A: status  0 simple  0 it      1 flux linear    mass 0.0                      rel -                        maxcell -                        wall .046294966s
  C: status  0 simple  0 it      1 flux linear    mass 0.0                      rel -                        maxcell -                        wall .036086305s
  B: status  0 simple  0 it      1 flux linear    mass 0.0                      rel -                        maxcell -                        wall .076430811s
  field                        max|C-A|    |C-A|/|A|     max|B-C|    |B-C|/|C|
  velocity_x                 0.0000e+00   0.0000e+00   0.0000e+00   0.0000e+00
  velocity_y                 0.0000e+00   0.0000e+00   0.0000e+00   0.0000e+00
  velocity_magnitude         0.0000e+00   0.0000e+00   0.0000e+00   0.0000e+00
  pressure                   0.0000e+00   0.0000e+00   0.0000e+00   0.0000e+00
  volume_fraction            0.0000e+00   0.0000e+00   0.0000e+00   0.0000e+00
  mixture_density            0.0000e+00   0.0000e+00   0.0000e+00   0.0000e+00
  mixture_viscosity          0.0000e+00   0.0000e+00   0.0000e+00   0.0000e+00
  W9 mass: B 0.0 vs recorded 0.0 (run A) -> OK

=== obstacle_channel_multiblock
  A: status  0 simple  0 it   3412 flux linear    mass 3.3512533026414104e-12   rel -                        maxcell -                        wall 92.203773515s
  C: status  0 simple  0 it   3486 flux linear    mass 1.2743729682629379e-12   rel -                        maxcell -                        wall 94.962133129s
  B: status  0 simple  0 it   3486 flux linear    mass 1.2743729682629379e-12   rel -                        maxcell -                        wall 93.195644444s
  field                        max|C-A|    |C-A|/|A|     max|B-C|    |B-C|/|C|
  velocity_x                 3.5949e-02   6.6392e-03   0.0000e+00   0.0000e+00
  velocity_y                 2.2067e-02   2.0434e-02   0.0000e+00   0.0000e+00
  velocity_magnitude         3.5956e-02   6.7080e-03   0.0000e+00   0.0000e+00
  pressure                   8.6538e-01   2.5913e-02   0.0000e+00   0.0000e+00
  W9 mass: B 1.2743729682629379e-12 vs recorded 3.3512533026414104e-12 (run A) -> OK

=== poiseuille_distorted
  A: status  0 simple  0 it   1983 flux linear    mass 7.499209586647737e-13    rel -                        maxcell -                        wall 31.329026869s
  C: status  0 simple  0 it   2222 flux linear    mass 3.79839215636224e-12     rel -                        maxcell -                        wall 36.681411074s
  B: status  0 simple  0 it     39 flux rhie_chow mass 3.968174400181823e-11    rel -                        maxcell -                        wall 1.408259027s
  field                        max|C-A|    |C-A|/|A|     max|B-C|    |B-C|/|C|
  velocity_x                 3.3177e-02   1.0221e-02   1.0651e-01   1.4070e-02
  velocity_y                 2.4872e-02   7.3753e-02   8.8036e-02   3.4524e-01
  velocity_magnitude         3.2428e-02   1.0233e-02   1.1681e-01   1.4541e-02
  pressure                   1.0057e+00   3.0408e-02   1.5282e+00   5.7587e-02
  W9 mass: B 3.968174400181823e-11 vs recorded 7.499e-13 (logs/05) -> WORSE

=== poiseuille_flow
  A: status  0 simple  0 it   1319 flux linear    mass 1.9766884508387594e-07   rel -                        maxcell -                        wall 12.908636759s
  C: status  0 simple  0 it   1524 flux linear    mass 1.5123964376695387e-07   rel -                        maxcell -                        wall 15.172134334s
  B: status  0 simple  0 it   1524 flux linear    mass 1.5123964376695387e-07   rel -                        maxcell -                        wall 13.824438634s
  field                        max|C-A|    |C-A|/|A|     max|B-C|    |B-C|/|C|
  velocity_x                 3.1923e-02   9.7249e-03   0.0000e+00   0.0000e+00
  velocity_y                 2.3435e-02   6.8290e-02   0.0000e+00   0.0000e+00
  velocity_magnitude         3.1275e-02   9.7319e-03   0.0000e+00   0.0000e+00
  pressure                   8.9766e-01   2.6043e-02   0.0000e+00   0.0000e+00
  W9 mass: B 1.5123964376695387e-07 vs recorded 1.977e-07 (logs/05) -> OK

=== species_diffusion
  A: status  0 simple  0 it      1 flux linear    mass 0.0                      rel -                        maxcell -                        wall .350105377s
  C: status  0 simple  0 it      1 flux linear    mass 0.0                      rel -                        maxcell -                        wall .327949218s
  B: status  0 simple  0 it      1 flux linear    mass 0.0                      rel -                        maxcell -                        wall .456182692s
  field                        max|C-A|    |C-A|/|A|     max|B-C|    |B-C|/|C|
  velocity_x                 0.0000e+00   0.0000e+00   0.0000e+00   0.0000e+00
  velocity_y                 0.0000e+00   0.0000e+00   0.0000e+00   0.0000e+00
  velocity_magnitude         0.0000e+00   0.0000e+00   0.0000e+00   0.0000e+00
  pressure                   0.0000e+00   0.0000e+00   0.0000e+00   0.0000e+00
  concentration_CO2          2.8808e-09   3.5292e-09   0.0000e+00   0.0000e+00
  W9 mass: B 0.0 vs recorded 0.0 (logs/05) -> OK

=== step_channel_multiblock
  A: status  0 simple  0 it    535 flux linear    mass 2.0069446104997724e-11   rel -                        maxcell -                        wall 31.656599172s
  C: status  0 simple  0 it    633 flux linear    mass 2.4450913516105288e-11   rel -                        maxcell -                        wall 34.047049341s
  B: status  0 simple  0 it    633 flux linear    mass 2.4450913516105288e-11   rel -                        maxcell -                        wall 33.011987212s
  field                        max|C-A|    |C-A|/|A|     max|B-C|    |B-C|/|C|
  velocity_x                 5.6753e-02   9.1946e-03   0.0000e+00   0.0000e+00
  velocity_y                 2.7177e-02   4.0949e-02   0.0000e+00   0.0000e+00
  velocity_magnitude         5.6752e-02   9.2114e-03   0.0000e+00   0.0000e+00
  pressure                   1.3144e-01   2.0690e-02   0.0000e+00   0.0000e+00
  W9 mass: B 2.4450913516105288e-11 vs recorded 2.0069446104997724e-11 (run A) -> WORSE

=== W9 mass summary
  WORSE: channel_transpiration_graded: 1.2239931290736195e-11 > 3.48e-12 (logs/05)
  WORSE: compressible_channel_coupled: 6.225507609425307e-10 > 1.39822875500073e-11 (run A)
  WORSE: poiseuille_distorted: 3.968174400181823e-11 > 7.499e-13 (logs/05)
  WORSE: step_channel_multiblock: 2.4450913516105288e-11 > 2.0069446104997724e-11 (run A)
compare exit 1
