# m6_incorrect_backend_dispatch  (expectation: detect)
# the dispatch flag is inverted: a CPU-configured solve takes the device path and vice versa
# mutation applied to src/pressure_velocity/SIMPLE.cpp
# --- anchor ---
  bool useGpuDiscretization = false;
  if (settings_.enableGpuDiscretization) {
# --- became ---
  bool useGpuDiscretization = false;
  if (!settings_.enableGpuDiscretization) {
# verdict: DETECTED (exit 1)
# first divergence: n/a

=== GPU-DISC-001M: production SIMPLE, GPU discretization on vs off ===
CUDA available: yes

  FAIL D  cavity 2d 16       cpu[gpuDisc=1] gpu[gpuDisc=0 reason=''] errors=2
  PASS E  cavity 2d 16       u[d=0] p[d=0] flux[d=0] residuals[d=0] maxAbs=0          status=1/1 iterations=1/1
  FAIL T  cavity 2d 16       off[h2d=303/1096048B d2h=16/81176B kern=25 sync=0 alloc=345]
                          on [h2d=0/0B d2h=0/0B kern=0 sync=0 alloc=0]
                          marginal per extra iteration: h2d=0 d2h=0 kern=0 alloc=0
  PASS R  cavity 2d 16       GPU discretization repeated, identical: yes
  FAIL D  channel 2d 16      cpu[gpuDisc=1] gpu[gpuDisc=0 reason=''] errors=2
  PASS E  channel 2d 16      u[d=0] p[d=0] flux[d=0] residuals[d=0] maxAbs=0          status=1/1 iterations=1/1
  FAIL T  channel 2d 16      off[h2d=303/1096048B d2h=16/81176B kern=25 sync=0 alloc=345]
                          on [h2d=0/0B d2h=0/0B kern=0 sync=0 alloc=0]
                          marginal per extra iteration: h2d=0 d2h=0 kern=0 alloc=0
  PASS R  channel 2d 16      GPU discretization repeated, identical: yes
  FAIL D  cavity 3d 4        cpu[gpuDisc=1] gpu[gpuDisc=0 reason=''] errors=2
  PASS E  cavity 3d 4        u[d=0] p[d=0] flux[d=0] residuals[d=0] maxAbs=0          status=1/1 iterations=1/1
  FAIL T  cavity 3d 4        off[h2d=304/468976B d2h=20/30112B kern=39 sync=0 alloc=360]
                          on [h2d=0/0B d2h=0/0B kern=0 sync=0 alloc=0]
                          marginal per extra iteration: h2d=0 d2h=0 kern=0 alloc=0
  PASS R  cavity 3d 4        GPU discretization repeated, identical: yes
  FAIL F  cavity 2d 16       unsupported config -> gpuDisc=0 reason='' matches CPU: yes

=== coverage ===
  2D / 3D cases                     2 / 1
  equivalence cases                 3
  dispatch checks                   3
  transfer measurements             3
  determinism checks                3
  documented-fallback checks        1
  values compared                   8874
  bitwise-identical                 8874

cases=13 failures=7
INTEGRATED SIMPLE EQUIVALENCE: FAIL
[WARNING] SIMPLE: GPU discretization requested but unavailable (nonOrthogonalCorrections > 1 keeps the corrector passes on the CPU); running the CPU discretization path
