# P12-MESH-003 preliminary probe (BEFORE acceptance_gate.md was written). Production CLI build/release,
# cases generated by results/p12-mesh-003/generate_multiblock_cases.py into /tmp, fields.csv analysed in Python.
# Purpose: feasibility, evaluation region, Re choice. No gate threshold is derived from these numbers.

## probe 1: curved channel, u_theta error vs exact developed solution in 15-degree bands, mu = 0.2 and 0.1
dict_keys(['cell_id', 'x', 'y', 'velocity_x', 'velocity_y', 'velocity_magnitude', 'pressure'])
mu 0.2 grid 8x20 x3: 3.6 s ['Converged: yes', 'Iterations: 1175', 'Mass imbalance: 1.37626e-10']
  theta   0- 15 deg: u_theta rms err 2.728e-01  max 4.947e-01  max|u_r| 3.166e-01
  theta  15- 30 deg: u_theta rms err 6.570e-02  max 1.659e-01  max|u_r| 1.181e-01
  theta  30- 45 deg: u_theta rms err 2.257e-02  max 4.255e-02  max|u_r| 1.076e-02
  theta  45- 60 deg: u_theta rms err 2.140e-02  max 3.542e-02  max|u_r| 1.307e-03
  theta  60- 75 deg: u_theta rms err 2.107e-02  max 3.519e-02  max|u_r| 8.470e-04
  theta  75- 90 deg: u_theta rms err 2.087e-02  max 3.461e-02  max|u_r| 3.203e-04
  theta  90-105 deg: u_theta rms err 2.125e-02  max 3.470e-02  max|u_r| 8.172e-04
  theta 105-120 deg: u_theta rms err 2.123e-02  max 3.472e-02  max|u_r| 2.302e-04
  theta 120-135 deg: u_theta rms err 2.117e-02  max 3.444e-02  max|u_r| 1.933e-04
  theta 135-150 deg: u_theta rms err 2.118e-02  max 3.425e-02  max|u_r| 1.793e-04
  theta 150-165 deg: u_theta rms err 2.110e-02  max 3.417e-02  max|u_r| 3.176e-04
  theta 165-180 deg: u_theta rms err 2.095e-02  max 3.385e-02  max|u_r| 3.329e-04
  theta 180-195 deg: u_theta rms err 2.119e-02  max 3.424e-02  max|u_r| 7.097e-04
  theta 195-210 deg: u_theta rms err 2.113e-02  max 3.422e-02  max|u_r| 1.152e-03
  theta 210-225 deg: u_theta rms err 2.059e-02  max 3.392e-02  max|u_r| 2.402e-03
  theta 225-240 deg: u_theta rms err 1.979e-02  max 3.338e-02  max|u_r| 1.171e-02
  theta 240-255 deg: u_theta rms err 1.993e-02  max 4.066e-02  max|u_r| 5.765e-02
  theta 255-270 deg: u_theta rms err 6.538e-02  max 1.409e-01  max|u_r| 1.156e-01
mu 0.2 grid 12x30 x3: 7.7 s ['Converged: yes', 'Iterations: 973', 'Mass imbalance: 1.9017e-11']
  theta   0- 15 deg: u_theta rms err 2.689e-01  max 6.243e-01  max|u_r| 3.340e-01
  theta  15- 30 deg: u_theta rms err 4.524e-02  max 1.287e-01  max|u_r| 1.072e-01
  theta  30- 45 deg: u_theta rms err 1.103e-02  max 2.019e-02  max|u_r| 1.025e-02
  theta  45- 60 deg: u_theta rms err 9.963e-03  max 1.917e-02  max|u_r| 1.338e-03
  theta  60- 75 deg: u_theta rms err 9.830e-03  max 1.874e-02  max|u_r| 6.415e-04
  theta  75- 90 deg: u_theta rms err 9.712e-03  max 1.849e-02  max|u_r| 2.333e-04
  theta  90-105 deg: u_theta rms err 9.790e-03  max 1.847e-02  max|u_r| 2.747e-04
  theta 105-120 deg: u_theta rms err 9.805e-03  max 1.848e-02  max|u_r| 6.808e-05
  theta 120-135 deg: u_theta rms err 9.798e-03  max 1.844e-02  max|u_r| 4.104e-05
  theta 135-150 deg: u_theta rms err 9.786e-03  max 1.842e-02  max|u_r| 3.905e-05
  theta 150-165 deg: u_theta rms err 9.772e-03  max 1.840e-02  max|u_r| 8.935e-05
  theta 165-180 deg: u_theta rms err 9.730e-03  max 1.836e-02  max|u_r| 1.412e-04
  theta 180-195 deg: u_theta rms err 9.788e-03  max 1.843e-02  max|u_r| 2.100e-04
  theta 195-210 deg: u_theta rms err 9.723e-03  max 1.843e-02  max|u_r| 4.821e-04
  theta 210-225 deg: u_theta rms err 9.516e-03  max 1.837e-02  max|u_r| 2.654e-03
  theta 225-240 deg: u_theta rms err 8.708e-03  max 1.789e-02  max|u_r| 8.607e-03
  theta 240-255 deg: u_theta rms err 1.367e-02  max 3.255e-02  max|u_r| 4.786e-02
  theta 255-270 deg: u_theta rms err 6.230e-02  max 1.461e-01  max|u_r| 1.321e-01
mu 0.2 grid 18x45 x3: 22.6 s ['Converged: yes', 'Iterations: 1234', 'Mass imbalance: 5.84982e-10']
  theta   0- 15 deg: u_theta rms err 2.767e-01  max 7.195e-01  max|u_r| 3.448e-01
  theta  15- 30 deg: u_theta rms err 4.294e-02  max 1.490e-01  max|u_r| 1.280e-01
  theta  30- 45 deg: u_theta rms err 6.007e-03  max 1.202e-02  max|u_r| 9.118e-03
  theta  45- 60 deg: u_theta rms err 4.764e-03  max 9.606e-03  max|u_r| 1.740e-03
  theta  60- 75 deg: u_theta rms err 4.446e-03  max 9.270e-03  max|u_r| 7.482e-04
  theta  75- 90 deg: u_theta rms err 4.402e-03  max 9.163e-03  max|u_r| 1.669e-04
  theta  90-105 deg: u_theta rms err 4.396e-03  max 9.190e-03  max|u_r| 1.178e-04
  theta 105-120 deg: u_theta rms err 4.453e-03  max 9.194e-03  max|u_r| 4.316e-05
  theta 120-135 deg: u_theta rms err 4.475e-03  max 9.192e-03  max|u_r| 9.343e-06
  theta 135-150 deg: u_theta rms err 4.389e-03  max 9.187e-03  max|u_r| 1.055e-05
  theta 150-165 deg: u_theta rms err 4.446e-03  max 9.185e-03  max|u_r| 2.544e-05
  theta 165-180 deg: u_theta rms err 4.391e-03  max 9.178e-03  max|u_r| 3.985e-05
  theta 180-195 deg: u_theta rms err 4.444e-03  max 9.189e-03  max|u_r| 9.518e-05
  theta 195-210 deg: u_theta rms err 4.353e-03  max 9.176e-03  max|u_r| 3.851e-04
  theta 210-225 deg: u_theta rms err 4.188e-03  max 9.135e-03  max|u_r| 2.017e-03
  theta 225-240 deg: u_theta rms err 4.108e-03  max 8.920e-03  max|u_r| 1.054e-02
  theta 240-255 deg: u_theta rms err 1.360e-02  max 3.703e-02  max|u_r| 5.181e-02
  theta 255-270 deg: u_theta rms err 6.276e-02  max 1.495e-01  max|u_r| 1.455e-01
mu 0.1 grid 8x20 x3: 2.7 s ['Converged: yes', 'Iterations: 778', 'Mass imbalance: 8.02366e-10']
  theta   0- 15 deg: u_theta rms err 2.900e-01  max 5.074e-01  max|u_r| 2.820e-01
  theta  15- 30 deg: u_theta rms err 8.398e-02  max 2.077e-01  max|u_r| 1.284e-01
  theta  30- 45 deg: u_theta rms err 2.591e-02  max 5.138e-02  max|u_r| 1.922e-02
  theta  45- 60 deg: u_theta rms err 2.225e-02  max 3.647e-02  max|u_r| 3.709e-03
  theta  60- 75 deg: u_theta rms err 2.120e-02  max 3.530e-02  max|u_r| 2.532e-03
  theta  75- 90 deg: u_theta rms err 2.074e-02  max 3.395e-02  max|u_r| 1.089e-03
  theta  90-105 deg: u_theta rms err 2.112e-02  max 3.424e-02  max|u_r| 1.133e-03
  theta 105-120 deg: u_theta rms err 2.126e-02  max 3.445e-02  max|u_r| 5.874e-04
  theta 120-135 deg: u_theta rms err 2.124e-02  max 3.439e-02  max|u_r| 3.047e-04
  theta 135-150 deg: u_theta rms err 2.120e-02  max 3.422e-02  max|u_r| 3.640e-04
  theta 150-165 deg: u_theta rms err 2.108e-02  max 3.411e-02  max|u_r| 5.957e-04
  theta 165-180 deg: u_theta rms err 2.080e-02  max 3.358e-02  max|u_r| 8.008e-04
  theta 180-195 deg: u_theta rms err 2.105e-02  max 3.403e-02  max|u_r| 8.235e-04
  theta 195-210 deg: u_theta rms err 2.078e-02  max 3.381e-02  max|u_r| 2.908e-03
  theta 210-225 deg: u_theta rms err 1.947e-02  max 3.197e-02  max|u_r| 6.106e-03
  theta 225-240 deg: u_theta rms err 1.817e-02  max 2.949e-02  max|u_r| 2.268e-02
  theta 240-255 deg: u_theta rms err 3.124e-02  max 7.572e-02  max|u_r| 8.935e-02
  theta 255-270 deg: u_theta rms err 1.105e-01  max 2.226e-01  max|u_r| 1.623e-01
mu 0.1 grid 12x30 x3: 6.8 s ['Converged: yes', 'Iterations: 840', 'Mass imbalance: 5.23818e-11']
  theta   0- 15 deg: u_theta rms err 2.840e-01  max 6.332e-01  max|u_r| 3.065e-01
  theta  15- 30 deg: u_theta rms err 6.149e-02  max 1.705e-01  max|u_r| 1.199e-01
  theta  30- 45 deg: u_theta rms err 1.355e-02  max 2.897e-02  max|u_r| 1.896e-02
  theta  45- 60 deg: u_theta rms err 1.084e-02  max 2.015e-02  max|u_r| 2.325e-03
  theta  60- 75 deg: u_theta rms err 1.009e-02  max 1.897e-02  max|u_r| 1.877e-03
  theta  75- 90 deg: u_theta rms err 9.702e-03  max 1.841e-02  max|u_r| 9.149e-04
  theta  90-105 deg: u_theta rms err 9.740e-03  max 1.840e-02  max|u_r| 2.852e-04
  theta 105-120 deg: u_theta rms err 9.799e-03  max 1.846e-02  max|u_r| 1.833e-04
  theta 120-135 deg: u_theta rms err 9.807e-03  max 1.846e-02  max|u_r| 6.355e-05
  theta 135-150 deg: u_theta rms err 9.793e-03  max 1.844e-02  max|u_r| 8.230e-05
  theta 150-165 deg: u_theta rms err 9.762e-03  max 1.839e-02  max|u_r| 1.735e-04
  theta 165-180 deg: u_theta rms err 9.674e-03  max 1.829e-02  max|u_r| 3.124e-04
  theta 180-195 deg: u_theta rms err 9.692e-03  max 1.835e-02  max|u_r| 4.000e-04
  theta 195-210 deg: u_theta rms err 9.456e-03  max 1.817e-02  max|u_r| 1.529e-03
  theta 210-225 deg: u_theta rms err 8.821e-03  max 1.765e-02  max|u_r| 6.526e-03
  theta 225-240 deg: u_theta rms err 9.617e-03  max 2.134e-02  max|u_r| 1.892e-02
  theta 240-255 deg: u_theta rms err 2.779e-02  max 6.551e-02  max|u_r| 7.563e-02
  theta 255-270 deg: u_theta rms err 1.031e-01  max 2.234e-01  max|u_r| 1.797e-01
mu 0.1 grid 18x45 x3: 20.0 s ['Converged: yes', 'Iterations: 1155', 'Mass imbalance: 1.54778e-10']
  theta   0- 15 deg: u_theta rms err 2.912e-01  max 7.256e-01  max|u_r| 3.244e-01
  theta  15- 30 deg: u_theta rms err 5.922e-02  max 1.924e-01  max|u_r| 1.398e-01
  theta  30- 45 deg: u_theta rms err 9.038e-03  max 2.120e-02  max|u_r| 1.733e-02
  theta  45- 60 deg: u_theta rms err 6.019e-03  max 1.045e-02  max|u_r| 2.919e-03
  theta  60- 75 deg: u_theta rms err 4.783e-03  max 9.526e-03  max|u_r| 2.129e-03
  theta  75- 90 deg: u_theta rms err 4.404e-03  max 9.175e-03  max|u_r| 9.144e-04
  theta  90-105 deg: u_theta rms err 4.348e-03  max 9.146e-03  max|u_r| 1.146e-04
  theta 105-120 deg: u_theta rms err 4.430e-03  max 9.182e-03  max|u_r| 1.110e-04
  theta 120-135 deg: u_theta rms err 4.471e-03  max 9.190e-03  max|u_r| 5.499e-05
  theta 135-150 deg: u_theta rms err 4.390e-03  max 9.190e-03  max|u_r| 2.328e-05
  theta 150-165 deg: u_theta rms err 4.441e-03  max 9.184e-03  max|u_r| 6.344e-05
  theta 165-180 deg: u_theta rms err 4.364e-03  max 9.154e-03  max|u_r| 1.506e-04
  theta 180-195 deg: u_theta rms err 4.373e-03  max 9.152e-03  max|u_r| 4.341e-04
  theta 195-210 deg: u_theta rms err 4.145e-03  max 9.022e-03  max|u_r| 1.459e-03
  theta 210-225 deg: u_theta rms err 3.870e-03  max 8.692e-03  max|u_r| 5.674e-03
  theta 225-240 deg: u_theta rms err 7.107e-03  max 1.833e-02  max|u_r| 2.095e-02
  theta 240-255 deg: u_theta rms err 2.883e-02  max 7.203e-02  max|u_r| 8.025e-02
  theta 255-270 deg: u_theta rms err 1.022e-01  max 2.257e-01  max|u_r| 1.937e-01

## probe 2: curved channel mu = 0.1: QoIs and 1-block vs 3-block (identical vertices)
## (the 'du/dr' columns use a sign-flipped two-point wall reconstruction: magnitudes 8.46/8.34/8.19 vs exact 7.755 at the inner wall,
##  4.903/4.936/4.943 vs 4.917 at the outer wall -- not monotone / ~first order; NOT used as a gate quantity)
3-block 8x20: 2.8 s ['Converged: yes', 'Iterations: 778', 'Mass imbalance: 8.02366e-10']
   u_theta L2 2.1122e-02 | G num -1.768087 exact -1.828221 rel err 3.289e-02 | du/dr inner -8.4630e+00 (exact 7.7552e+00, err 2.091e+00) outer 4.9033e+00 (exact -4.9170e+00, err 1.997e+00) | radial p rise rel err mean -1.322e-02
1-block 8x20: 2.9 s ['Converged: yes', 'Iterations: 778', 'Mass imbalance: 8.02366e-10']
   u_theta L2 2.1122e-02 | G num -1.768087 exact -1.828221 rel err 3.289e-02 | du/dr inner -8.4630e+00 (exact 7.7552e+00, err 2.091e+00) outer 4.9033e+00 (exact -4.9170e+00, err 1.997e+00) | radial p rise rel err mean -1.322e-02
   3-block vs 1-block: max |du_theta| 9.234e-13, max |dp| 5.366e-11
3-block 12x30: 6.8 s ['Converged: yes', 'Iterations: 840', 'Mass imbalance: 5.23818e-11']
   u_theta L2 9.7626e-03 | G num -1.800535 exact -1.828221 rel err 1.514e-02 | du/dr inner -8.3379e+00 (exact 7.7552e+00, err 2.075e+00) outer 4.9362e+00 (exact -4.9170e+00, err 2.004e+00) | radial p rise rel err mean -7.165e-03
1-block 12x30: 6.3 s ['Converged: yes', 'Iterations: 840', 'Mass imbalance: 1.24521e-10']
   u_theta L2 9.7626e-03 | G num -1.800535 exact -1.828221 rel err 1.514e-02 | du/dr inner -8.3379e+00 (exact 7.7552e+00, err 2.075e+00) outer 4.9362e+00 (exact -4.9170e+00, err 2.004e+00) | radial p rise rel err mean -7.165e-03
   3-block vs 1-block: max |du_theta| 4.104e-10, max |dp| 3.984e-08
3-block 18x45: 20.5 s ['Converged: yes', 'Iterations: 1155', 'Mass imbalance: 1.54778e-10']
   u_theta L2 4.4067e-03 | G num -1.815755 exact -1.828221 rel err 6.818e-03 | du/dr inner -8.1935e+00 (exact 7.7552e+00, err 2.057e+00) outer 4.9430e+00 (exact -4.9170e+00, err 2.005e+00) | radial p rise rel err mean -3.560e-03
1-block 18x45: 20.6 s ['Converged: yes', 'Iterations: 1155', 'Mass imbalance: 1.53285e-10']
   u_theta L2 4.4067e-03 | G num -1.815755 exact -1.828221 rel err 6.818e-03 | du/dr inner -8.1935e+00 (exact 7.7552e+00, err 2.057e+00) outer 4.9430e+00 (exact -4.9170e+00, err 2.005e+00) | radial p rise rel err mean -3.560e-03
   3-block vs 1-block: max |du_theta| 3.210e-10, max |dp| 6.069e-08

## probe 3: other cases through the CLI
Case: Step Channel (3-block multiblock)
Mesh: multiblock, 3 blocks, 1664 cells
Converged: yes
Iterations: 535
Mass imbalance: 2.02402e-11
NaN/Inf: no
Case: Obstacle Channel (8-block multiblock)
Mesh: multiblock, 8 blocks, 1504 cells
Converged: yes
Iterations: 3412
Mass imbalance: 5.26038e-12
NaN/Inf: no
Case: Annular Sector Conduction (3-block multiblock)
Mesh: multiblock, 3 blocks, 1080 cells
Converged: yes
Iterations: 1
Mass imbalance: 0
NaN/Inf: no
Thermal converged: yes
Thermal iterations: 841
step: far-field (11<x<13) max |u - 3y(1-y)| = 2.885e-03 over 256 cells; max|v| 3.274e-06
step: recirculation cells in bottom row: 11, x range 2.062..3.312
step: no cell in x<2,y<0.5: True
obstacle: cells inside solid: 0 total 1504
obstacle: mirror symmetry max |du| 3.763e-10 |dv| 6.133e-10 |dp| 5.510e-09
obstacle: far-field max |u - 6y(1-y)| = 6.709e-03
