HEAD b66310ca871811c4c7671056beec291a451af55c
snap vs new  lid_driven_cavity: IDENTICAL | exit exit 0/exit 0
head vs new  lid_driven_cavity: IDENTICAL | exit exit 0/exit 0
snap vs new  lid_driven_cavity_40x40: IDENTICAL | exit exit 0/exit 0
head vs new  lid_driven_cavity_40x40: IDENTICAL | exit exit 0/exit 0
snap vs new  lid_driven_cavity_80x80: IDENTICAL | exit exit 0/exit 0
head vs new  lid_driven_cavity_80x80: IDENTICAL | exit exit 0/exit 0
snap vs new  poiseuille_flow: IDENTICAL | exit exit 0/exit 0
head vs new  poiseuille_flow: IDENTICAL | exit exit 0/exit 0
snap vs new  heated_cavity: DIFFERENT(solution.vtk) DIFFERENT(metadata) DIFFERENT(stdout) | exit exit 0/exit 0
      max |diff| per column: x 0.00e+00 (rel 0.0e+00); y 0.00e+00 (rel 0.0e+00); velocity_x 0.00e+00 (rel 0.0e+00); velocity_y 0.00e+00 (rel 0.0e+00); velocity_magnitude 0.00e+00 (rel 0.0e+00); pressure 0.00e+00 (rel 0.0e+00); temperature 4.66e-08 (rel 1.5e-10)
      < Thermal iterations: 112
      > Thermal iterations: 2
head vs new  heated_cavity: DIFFERENT(solution.vtk) DIFFERENT(metadata) DIFFERENT(stdout) | exit exit 0/exit 0
      max |diff| per column: x 0.00e+00 (rel 0.0e+00); y 0.00e+00 (rel 0.0e+00); velocity_x 0.00e+00 (rel 0.0e+00); velocity_y 0.00e+00 (rel 0.0e+00); velocity_magnitude 0.00e+00 (rel 0.0e+00); pressure 0.00e+00 (rel 0.0e+00); temperature 4.66e-08 (rel 1.5e-10)
      < Thermal iterations: 112
      > Thermal iterations: 2
snap vs new  species_diffusion: IDENTICAL | exit exit 0/exit 0
head vs new  species_diffusion: IDENTICAL | exit exit 0/exit 0
snap vs new  heated_species_diffusion: DIFFERENT(solution.vtk) DIFFERENT(metadata) DIFFERENT(stdout) | exit exit 0/exit 0
      max |diff| per column: x 0.00e+00 (rel 0.0e+00); y 0.00e+00 (rel 0.0e+00); velocity_x 0.00e+00 (rel 0.0e+00); velocity_y 0.00e+00 (rel 0.0e+00); velocity_magnitude 0.00e+00 (rel 0.0e+00); pressure 0.00e+00 (rel 0.0e+00); temperature 9.91e-08 (rel 3.2e-10); concentration_CO2 0.00e+00 (rel 0.0e+00)
      < Thermal iterations: 201
      > Thermal iterations: 2
head vs new  heated_species_diffusion: DIFFERENT(solution.vtk) DIFFERENT(metadata) DIFFERENT(stdout) | exit exit 0/exit 0
      max |diff| per column: x 0.00e+00 (rel 0.0e+00); y 0.00e+00 (rel 0.0e+00); velocity_x 0.00e+00 (rel 0.0e+00); velocity_y 0.00e+00 (rel 0.0e+00); velocity_magnitude 0.00e+00 (rel 0.0e+00); pressure 0.00e+00 (rel 0.0e+00); temperature 9.91e-08 (rel 3.2e-10); concentration_CO2 0.00e+00 (rel 0.0e+00)
      < Thermal iterations: 201
      > Thermal iterations: 2
snap vs new  compressible_validation: IDENTICAL | exit exit 0/exit 0
head vs new  compressible_validation: IDENTICAL | exit exit 0/exit 0
snap vs new  compressible_channel_coupled: IDENTICAL | exit exit 0/exit 0
head vs new  compressible_channel_coupled: IDENTICAL | exit exit 0/exit 0
snap vs new  multiphase_validation: IDENTICAL | exit exit 0/exit 0
head vs new  multiphase_validation: IDENTICAL | exit exit 0/exit 0
snap vs new  data_valid_cavity: IDENTICAL | exit exit 0/exit 0
head vs new  data_valid_cavity: IDENTICAL | exit exit 0/exit 0
snap vs new  data_valid_cavity_cli_smoke: IDENTICAL | exit exit 0/exit 0
head vs new  data_valid_cavity_cli_smoke: IDENTICAL | exit exit 0/exit 0
snap vs new  data_does_not_converge: IDENTICAL | exit exit 3/exit 3
head vs new  data_does_not_converge: IDENTICAL | exit exit 3/exit 3
snap vs new  poiseuille_distorted: IDENTICAL | exit exit 0/exit 0
snap vs new  channel_transpiration_graded: IDENTICAL | exit exit 0/exit 0
--- curved_channel_multiblock: pre-MESH-003 CLI (expected: rejected) / new CLI:
      Case configuration error: /tmp/m3_compat/snap/curved_channel_multiblock/geometry.json: field "type" must satisfy be one of: rectangle; received mesh_defined
      exit 2
      Mesh: multiblock, 3 blocks, 1080 cells
      Converged: yes
      Mass imbalance: 5.23818e-11
      exit 0
--- step_channel_multiblock: pre-MESH-003 CLI (expected: rejected) / new CLI:
      Case configuration error: /tmp/m3_compat/snap/step_channel_multiblock/geometry.json: field "type" must satisfy be one of: rectangle; received mesh_defined
      exit 2
      Mesh: multiblock, 3 blocks, 1664 cells
      Converged: yes
      Mass imbalance: 2.02402e-11
      exit 0
--- obstacle_channel_multiblock: pre-MESH-003 CLI (expected: rejected) / new CLI:
      Case configuration error: /tmp/m3_compat/snap/obstacle_channel_multiblock/geometry.json: field "type" must satisfy be one of: rectangle; received mesh_defined
      exit 2
      Mesh: multiblock, 8 blocks, 1504 cells
      Converged: yes
      Mass imbalance: 5.26038e-12
      exit 0
--- annular_sector_conduction_multiblock: pre-MESH-003 CLI (expected: rejected) / new CLI:
      Case configuration error: /tmp/m3_compat/snap/annular_sector_conduction_multiblock/geometry.json: field "type" must satisfy be one of: rectangle; received mesh_defined
      exit 2
      Mesh: multiblock, 3 blocks, 1080 cells
      Converged: yes
      Mass imbalance: 0
      Thermal converged: yes
      Thermal iterations: 2
      exit 0
