# Tracked generated outputs changed by the P12-MESH-003 test runs (vs HEAD, excluding files already modified at the
# MESH-003 baseline). Classification (classify_outputs.sh): RUNTIME-ONLY = only timing fields changed; VALUES = other lines.
VALUES        cases/heated_cavity/results/fields.csv (800 non-timing changed lines)
      -0,2.50000000000000014e-02,2.50000000000000014e-02,0.00000000000000000e+00,0.00000000000000000e+00,0.00000000000000000e+00,0.00000000000000000e+00,3.09499999992
      -1,7.50000000000000111e-02,2.50000000000000014e-02,0.00000000000000000e+00,0.00000000000000000e+00,0.00000000000000000e+00,0.00000000000000000e+00,3.08499999978
      -2,1.25000000000000000e-01,2.50000000000000014e-02,0.00000000000000000e+00,0.00000000000000000e+00,0.00000000000000000e+00,0.00000000000000000e+00,3.07499999966
      -3,1.75000000000000017e-01,2.50000000000000014e-02,0.00000000000000000e+00,0.00000000000000000e+00,0.00000000000000000e+00,0.00000000000000000e+00,3.06499999957
      -4,2.25000000000000006e-01,2.50000000000000014e-02,0.00000000000000000e+00,0.00000000000000000e+00,0.00000000000000000e+00,0.00000000000000000e+00,3.05499999953
      -5,2.75000000000000022e-01,2.50000000000000014e-02,0.00000000000000000e+00,0.00000000000000000e+00,0.00000000000000000e+00,0.00000000000000000e+00,3.04499999953
VALUES        cases/heated_cavity/results/metadata.json (4 non-timing changed lines)
      -    "final_residual": 8.810119224822173e-13,
      -    "iterations": 112,
      +    "final_residual": 6.243189212592639e-13,
      +    "iterations": 2,
VALUES        cases/heated_cavity/results/solution.vtk (800 non-timing changed lines)
      -3.09499999992613652e+02
      -3.08499999978564063e+02
      -3.07499999966612961e+02
      -3.06499999957929560e+02
      -3.05499999953364807e+02
      -3.04499999953364977e+02
VALUES        results/validation/conjugate_heat_transfer/20/validation.json (8 non-timing changed lines)
      -    "iterations": 1021
      +    "iterations": 2
      -    "temperature_l2": 3.71887e-07,
      -    "temperature_linf": 5.48827e-07,
      +    "temperature_l2": 3.46407e-13,
      +    "temperature_linf": 7.95808e-13,
VALUES        results/validation/conjugate_heat_transfer/40/validation.json (8 non-timing changed lines)
      -    "iterations": 1966
      +    "iterations": 3
      -    "temperature_l2": 7.45423e-07,
      -    "temperature_linf": 1.1068e-06,
      +    "temperature_l2": 3.95641e-10,
      +    "temperature_linf": 7.00538e-10,
VALUES        results/validation/conjugate_heat_transfer/80/validation.json (8 non-timing changed lines)
      -    "iterations": 3781
      +    "iterations": 3
      -    "temperature_l2": 1.51093e-06,
      -    "temperature_linf": 2.24071e-06,
      +    "temperature_l2": 3.60966e-09,
      +    "temperature_linf": 6.69218e-09,
VALUES        results/validation/grid_convergence/natural_convection_ra1e3.json (156 non-timing changed lines)
      -      "solver_iterations": 50,
      +      "solver_iterations": 51,
      -        "nu_avg": 1.1743838559462114,
      -        "u_max": 3.2545386882908787,
      -        "v_max": 3.432000428090677,
      -        "heat_imbalance": 2.2309642789828635e-09
VALUES        results/validation/grid_convergence/natural_convection_ra1e3.md (16 non-timing changed lines)
      -| coarse | 10 x 10 | 100 | 0.1 | 103.2 | Converged (50 it) | yes |
      -| medium | 15 x 15 | 225 | 0.0666667 | 531.3 | Converged (50 it) | yes |
      -| fine | 20 x 20 | 400 | 0.05 | 988.2 | Converged (50 it) | yes |
      +| coarse | 10 x 10 | 100 | 0.1 | 35.9 | Converged (51 it) | yes |
      +| medium | 15 x 15 | 225 | 0.0666667 | 206.7 | Converged (50 it) | yes |
      +| fine | 20 x 20 | 400 | 0.05 | 420.9 | Converged (50 it) | yes |
RUNTIME-ONLY  results/validation/grid_convergence/poiseuille_flow.json
VALUES        results/validation/grid_convergence/poiseuille_flow.md (6 non-timing changed lines)
      -| coarse | 64 x 8 | 512 | 0.125 | 159.3 | Converged (1319 it) | yes |
      -| medium | 96 x 12 | 1152 | 0.0833333 | 308.0 | Converged (985 it) | yes |
      -| fine | 144 x 18 | 2592 | 0.0555556 | 606.6 | Converged (744 it) | yes |
      +| coarse | 64 x 8 | 512 | 0.125 | 40.7 | Converged (1319 it) | yes |
      +| medium | 96 x 12 | 1152 | 0.0833333 | 79.2 | Converged (985 it) | yes |
      +| fine | 144 x 18 | 2592 | 0.0555556 | 164.0 | Converged (744 it) | yes |
VALUES        results/validation/heated_cavity/20x20/validation.json (8 non-timing changed lines)
      -    "iterations": 112
      +    "iterations": 2
      -    "temperature_l2": 1.56537e-08,
      -    "temperature_linf": 4.66381e-08,
      +    "temperature_l2": 3.99343e-13,
      +    "temperature_linf": 8.52651e-13,
VALUES        results/validation/heated_cavity/40x40/validation.json (8 non-timing changed lines)
      -    "iterations": 220
      +    "iterations": 2
      -    "temperature_l2": 3.47711e-08,
      -    "temperature_linf": 1.12655e-07,
      +    "temperature_l2": 1.7873e-12,
      +    "temperature_linf": 4.20641e-12,
VALUES        results/validation/heated_cavity/80x80/validation.json (8 non-timing changed lines)
      -    "iterations": 428
      +    "iterations": 3
      -    "temperature_l2": 9.08004e-08,
      -    "temperature_linf": 2.7178e-07,
      +    "temperature_l2": 1.18759e-09,
      +    "temperature_linf": 1.9304e-09,
RUNTIME-ONLY  results/validation/mms/compressible_simple_mms.json
VALUES        results/validation/mms/compressible_simple_mms.md (6 non-timing changed lines)
      -| 8x8 | 64 | 0.125 | Converged | 1070 | 4.73e-19 | 11.3 |
      -| 16x16 | 256 | 0.0625 | Converged | 2317 | 1.02e-19 | 80.7 |
      -| 32x32 | 1024 | 0.03125 | Converged | 3286 | 2.15e-20 | 437.7 |
      +| 8x8 | 64 | 0.125 | Converged | 1070 | 4.73e-19 | 2.8 |
      +| 16x16 | 256 | 0.0625 | Converged | 2317 | 1.02e-19 | 23.1 |
      +| 32x32 | 1024 | 0.03125 | Converged | 3286 | 2.15e-20 | 136.6 |
RUNTIME-ONLY  results/validation/mms/distorted_mesh_mms.json
VALUES        results/validation/mms/distorted_mesh_mms.md (8 non-timing changed lines)
      -| 16x16 | 256 | 0.0625 | Converged | 9 | 2.78e-17 | 0.3 |
      -| 32x32 | 1024 | 0.03125 | Converged | 8 | 6.94e-17 | 1.5 |
      -| 64x64 | 4096 | 0.015625 | Converged | 7 | 3.47e-17 | 7.4 |
      -| 128x128 | 16384 | 0.0078125 | Converged | 6 | 3.82e-17 | 45.4 |
      +| 16x16 | 256 | 0.0625 | Converged | 9 | 2.78e-17 | 0.1 |
      +| 32x32 | 1024 | 0.03125 | Converged | 8 | 6.94e-17 | 0.3 |
RUNTIME-ONLY  results/validation/mms/momentum_mms.json
VALUES        results/validation/mms/momentum_mms.md (8 non-timing changed lines)
      -| 16x16 | 256 | 0.0625 | Converged | 15 | 1.54e-33 | 0.6 |
      -| 32x32 | 1024 | 0.03125 | Converged | 10 | 7.7e-34 | 2.8 |
      -| 64x64 | 4096 | 0.015625 | Converged | 9 | 7.7e-34 | 15.1 |
      -| 128x128 | 16384 | 0.0078125 | Converged | 7 | 9.63e-34 | 105.0 |
      +| 16x16 | 256 | 0.0625 | Converged | 15 | 1.54e-33 | 0.2 |
      +| 32x32 | 1024 | 0.03125 | Converged | 10 | 7.7e-34 | 0.7 |
RUNTIME-ONLY  results/validation/mms/momentum_mms_linear_upwind.json
VALUES        results/validation/mms/momentum_mms_linear_upwind.md (8 non-timing changed lines)
      -| 16x16 | 256 | 0.0625 | Converged | 17 | 1.54e-33 | 0.9 |
      -| 32x32 | 1024 | 0.03125 | Converged | 13 | 7.7e-34 | 3.7 |
      -| 64x64 | 4096 | 0.015625 | Converged | 9 | 7.7e-34 | 16.3 |
      -| 128x128 | 16384 | 0.0078125 | Converged | 8 | 9.63e-34 | 109.0 |
      +| 16x16 | 256 | 0.0625 | Converged | 17 | 1.54e-33 | 0.2 |
      +| 32x32 | 1024 | 0.03125 | Converged | 13 | 7.7e-34 | 1.0 |
RUNTIME-ONLY  results/validation/mms/momentum_mms_upwind.json
VALUES        results/validation/mms/momentum_mms_upwind.md (8 non-timing changed lines)
      -| 16x16 | 256 | 0.0625 | Converged | 3 | 1.54e-33 | 0.1 |
      -| 32x32 | 1024 | 0.03125 | Converged | 3 | 7.7e-34 | 0.6 |
      -| 64x64 | 4096 | 0.015625 | Converged | 3 | 7.7e-34 | 4.1 |
      -| 128x128 | 16384 | 0.0078125 | Converged | 3 | 9.63e-34 | 31.9 |
      +| 16x16 | 256 | 0.0625 | Converged | 3 | 1.54e-33 | 0.0 |
      +| 32x32 | 1024 | 0.03125 | Converged | 3 | 7.7e-34 | 0.1 |
RUNTIME-ONLY  results/validation/mms/scalar_advection_diffusion_mms.json
VALUES        results/validation/mms/scalar_advection_diffusion_mms.md (10 non-timing changed lines)
      -| 16x16 | 256 | 0.0625 | Converged | 3 | 2.78e-17 | 0.1 |
      -| 32x32 | 1024 | 0.03125 | Converged | 3 | 6.94e-17 | 0.3 |
      -| 64x64 | 4096 | 0.015625 | Converged | 3 | 3.47e-17 | 1.5 |
      -| 128x128 | 16384 | 0.0078125 | Converged | 3 | 3.82e-17 | 11.1 |
      -| 256x256 | 65536 | 0.0039062 | Converged | 3 | 9.19e-17 | 84.5 |
      +| 16x16 | 256 | 0.0625 | Converged | 3 | 2.78e-17 | 0.0 |
RUNTIME-ONLY  results/validation/mms/simple_mms.json
VALUES        results/validation/mms/simple_mms.md (6 non-timing changed lines)
      -| 8x8 | 64 | 0.125 | Converged | 964 | 3.2e-19 | 10.4 |
      -| 16x16 | 256 | 0.0625 | Converged | 1845 | 7.95e-20 | 66.5 |
      -| 32x32 | 1024 | 0.03125 | Converged | 4189 | 1.98e-20 | 528.4 |
      +| 8x8 | 64 | 0.125 | Converged | 964 | 3.2e-19 | 2.5 |
      +| 16x16 | 256 | 0.0625 | Converged | 1845 | 7.95e-20 | 18.4 |
      +| 32x32 | 1024 | 0.03125 | Converged | 4189 | 1.98e-20 | 166.6 |
RUNTIME-ONLY  results/validation/mms/simple_mms_upwind.json
VALUES        results/validation/mms/simple_mms_upwind.md (6 non-timing changed lines)
      -| 8x8 | 64 | 0.125 | Converged | 600 | 3.2e-19 | 7.0 |
      -| 16x16 | 256 | 0.0625 | Converged | 1493 | 7.95e-20 | 57.6 |
      -| 32x32 | 1024 | 0.03125 | Converged | 2974 | 1.98e-20 | 405.0 |
      +| 8x8 | 64 | 0.125 | Converged | 600 | 3.2e-19 | 1.5 |
      +| 16x16 | 256 | 0.0625 | Converged | 1493 | 7.95e-20 | 15.3 |
      +| 32x32 | 1024 | 0.03125 | Converged | 2974 | 1.98e-20 | 105.1 |
VALUES        results/validation/natural_convection/Ra1e3/10x10/nusselt_hot_wall.csv (2 non-timing changed lines)
      -0.85,0.781178,0
      +0.85,0.781177,0
VALUES        results/validation/natural_convection/Ra1e3/10x10/validation.json (10 non-timing changed lines)
      -    "flow_iterations": 3,
      +    "flow_iterations": 1,
      -    "thermal_iterations": 3,
      -    "outer_iterations": 50,
      -    "final_outer_temperature_change": 9.79948e-09,
      +    "thermal_iterations": 2,
VALUES        results/validation/natural_convection/Ra1e3/10x10_det_a/nusselt_hot_wall.csv (2 non-timing changed lines)
      -0.85,0.781178,0
      +0.85,0.781177,0
VALUES        results/validation/natural_convection/Ra1e3/10x10_det_a/validation.json (10 non-timing changed lines)
      -    "flow_iterations": 3,
      +    "flow_iterations": 1,
      -    "thermal_iterations": 3,
      -    "outer_iterations": 50,
      -    "final_outer_temperature_change": 9.79948e-09,
      +    "thermal_iterations": 2,
VALUES        results/validation/natural_convection/Ra1e3/10x10_det_b/nusselt_hot_wall.csv (2 non-timing changed lines)
      -0.85,0.781178,0
      +0.85,0.781177,0
VALUES        results/validation/natural_convection/Ra1e3/10x10_det_b/validation.json (10 non-timing changed lines)
      -    "flow_iterations": 3,
      +    "flow_iterations": 1,
      -    "thermal_iterations": 3,
      -    "outer_iterations": 50,
      -    "final_outer_temperature_change": 9.79948e-09,
      +    "thermal_iterations": 2,
VALUES        results/validation/natural_convection/Ra1e3/10x10_sign_check/nusselt_hot_wall.csv (2 non-timing changed lines)
      -0.85,0.781178,0
      +0.85,0.781177,0
VALUES        results/validation/natural_convection/Ra1e3/10x10_sign_check/validation.json (10 non-timing changed lines)
      -    "flow_iterations": 3,
      +    "flow_iterations": 1,
      -    "thermal_iterations": 3,
      -    "outer_iterations": 50,
      -    "final_outer_temperature_change": 9.79948e-09,
      +    "thermal_iterations": 2,
VALUES        results/validation/natural_convection/Ra1e3/10x10_variable_property_regression/nusselt_hot_wall.csv (2 non-timing changed lines)
      -0.85,0.781178,0
      +0.85,0.781177,0
VALUES        results/validation/natural_convection/Ra1e3/10x10_variable_property_regression/validation.json (10 non-timing changed lines)
      -    "flow_iterations": 3,
      +    "flow_iterations": 1,
      -    "thermal_iterations": 3,
      -    "outer_iterations": 50,
      -    "final_outer_temperature_change": 9.79948e-09,
      +    "thermal_iterations": 2,
VALUES        results/validation/natural_convection/Ra1e3/10x10_zero_beta/validation.json (4 non-timing changed lines)
      -    "final_outer_temperature_change": 7.11224e-09,
      +    "final_outer_temperature_change": 7.07852e-09,
      -    "heat_imbalance": 2.22045e-15
      +    "heat_imbalance": 1.11022e-15
VALUES        results/validation/natural_convection/Ra1e3/15x15/u_centerline.csv (4 non-timing changed lines)
      -0.5,-4.68808e-07,0
      +0.5,-4.67938e-07,0
      -0.7,2.81524,0
      +0.7,2.81523,0
VALUES        results/validation/natural_convection/Ra1e3/15x15/v_centerline.csv (2 non-timing changed lines)
      -0.5,-7.38894e-07,0
      +0.5,-7.35888e-07,0
VALUES        results/validation/natural_convection/Ra1e3/15x15/validation.json (8 non-timing changed lines)
      -    "thermal_iterations": 3,
      +    "thermal_iterations": 2,
      -    "final_outer_temperature_change": 9.77243e-09,
      +    "final_outer_temperature_change": 9.63572e-09,
      -    "heat_imbalance": 5.62225e-09
      +    "heat_imbalance": 3.54084e-12
VALUES        results/validation/natural_convection/Ra1e3/20x20/nusselt_hot_wall.csv (4 non-timing changed lines)
      -0.675,0.905603,0
      +0.675,0.905602,0
      -0.975,0.72444,0
      +0.975,0.724439,0
VALUES        results/validation/natural_convection/Ra1e3/20x20/u_centerline.csv (2 non-timing changed lines)
      -0.275,-3.04211,0
      +0.275,-3.0421,0
VALUES        results/validation/natural_convection/Ra1e3/20x20/validation.json (8 non-timing changed lines)
      -    "flow_iterations": 8,
      +    "flow_iterations": 9,
      -    "thermal_iterations": 3,
      +    "thermal_iterations": 2,
      -    "final_outer_temperature_change": 9.1508e-09,
      +    "final_outer_temperature_change": 9.00112e-09,
RUNTIME-ONLY  results/validation/production/cavity_re100/20x20_quick/validation.json
RUNTIME-ONLY  results/validation/production/poiseuille.json
VALUES        results/validation/production/poiseuille.md (12 non-timing changed lines)
      -| poiseuille_re10/64x8/upwind | 10 | 64x8 | upwind | Converged | 1319 | 18247 / 101503 | 1.97e-10 | 160.1 | yes |
      -| poiseuille_re10/96x12/upwind | 10 | 96x12 | upwind | Converged | 985 | 14149 / 103166 | 2.49e-09 | 307.7 | yes |
      -| poiseuille_re10/144x18/upwind | 10 | 144x18 | upwind | Converged | 744 | 12018 / 105811 | 3.83e-09 | 603.6 | yes |
      +| poiseuille_re10/64x8/upwind | 10 | 64x8 | upwind | Converged | 1319 | 18247 / 101503 | 1.97e-10 | 41.5 | yes |
      +| poiseuille_re10/96x12/upwind | 10 | 96x12 | upwind | Converged | 985 | 14149 / 103166 | 2.49e-09 | 79.8 | yes |
      +| poiseuille_re10/144x18/upwind | 10 | 144x18 | upwind | Converged | 744 | 12018 / 105811 | 3.83e-09 | 163.3 | yes |
RUNTIME-ONLY  results/validation/production/scheme_comparison_20x20.json
VALUES        results/validation/production/scheme_comparison_20x20.md (8 non-timing changed lines)
      -| cavity_re100/20x20/upwind | 100 | 20x20 | upwind | Converged | 3036 | 34136 / 150550 | 0 | 220.6 | yes |
      -| cavity_re100/20x20/central | 100 | 20x20 | central | Converged | 2954 | 34253 / 147733 | 0 | 225.2 | yes |
      -| cavity_re100/20x20/linear_upwind | 100 | 20x20 | linear_upwind | Converged | 3091 | 36061 / 151816 | 0 | 245.3 | yes |
      -| cavity_re100/20x20/quick | 100 | 20x20 | quick | Converged | 3083 | 36967 / 151537 | 0 | 229.0 | yes |
      +| cavity_re100/20x20/upwind | 100 | 20x20 | upwind | Converged | 3036 | 34136 / 150550 | 0 | 56.3 | yes |
      +| cavity_re100/20x20/central | 100 | 20x20 | central | Converged | 2954 | 34253 / 147733 | 0 | 59.2 | yes |
RUNTIME-ONLY  results/validation/production/turbulent_channel_ci.json
VALUES        results/validation/production/turbulent_channel_ci.md (2 non-timing changed lines)
      -| turbulent_channel_re_tau_180_SST/medium/upwind | 180 | medium | upwind | Converged | 1286 | 21006 / 123792 | 2.92e-09 | 506.2 | yes |
      +| turbulent_channel_re_tau_180_SST/medium/upwind | 180 | medium | upwind | Converged | 1286 | 21006 / 123792 | 2.92e-09 | 134.7 | yes |
RUNTIME-ONLY  results/validation/turbulence/channel_flow/k_epsilon/coarse/validation.json
RUNTIME-ONLY  results/validation/turbulence/channel_flow/k_epsilon/medium/validation.json
RUNTIME-ONLY  results/validation/turbulence/channel_flow/k_omega/coarse/validation.json
RUNTIME-ONLY  results/validation/turbulence/channel_flow/k_omega/medium/validation.json
RUNTIME-ONLY  results/validation/turbulence/channel_flow/sst/coarse/validation.json
RUNTIME-ONLY  results/validation/turbulence/channel_flow/sst/medium/validation.json

# Resolution: flow-only reports whose only change is timing (markdown runtime column masked) restored to HEAD
# (revert_noise.sh); outputs whose VALUES changed because of the thermal fix are KEPT as regenerated evidence:
#   cases/heated_cavity/results/* (a test runs the committed case in place), results/validation/heated_cavity/*,
#   results/validation/conjugate_heat_transfer/*, results/validation/natural_convection/Ra1e3/*,
#   results/validation/grid_convergence/natural_convection_ra1e3.*
timing-only  results/validation/grid_convergence/poiseuille_flow.md
timing-only  results/validation/mms/compressible_simple_mms.md
timing-only  results/validation/mms/distorted_mesh_mms.md
timing-only  results/validation/mms/momentum_mms.md
timing-only  results/validation/mms/momentum_mms_linear_upwind.md
timing-only  results/validation/mms/momentum_mms_upwind.md
timing-only  results/validation/mms/scalar_advection_diffusion_mms.md
timing-only  results/validation/mms/simple_mms.md
timing-only  results/validation/mms/simple_mms_upwind.md
timing-only  results/validation/production/poiseuille.md
timing-only  results/validation/production/scheme_comparison_20x20.md
timing-only  results/validation/production/turbulent_channel_ci.md
timing-only  results/validation/grid_convergence/poiseuille_flow.json
timing-only  results/validation/mms/compressible_simple_mms.json
timing-only  results/validation/mms/distorted_mesh_mms.json
timing-only  results/validation/mms/momentum_mms.json
timing-only  results/validation/mms/momentum_mms_linear_upwind.json
timing-only  results/validation/mms/momentum_mms_upwind.json
timing-only  results/validation/mms/scalar_advection_diffusion_mms.json
timing-only  results/validation/mms/simple_mms.json
timing-only  results/validation/mms/simple_mms_upwind.json
timing-only  results/validation/production/cavity_re100/20x20_quick/validation.json
timing-only  results/validation/production/poiseuille.json
timing-only  results/validation/production/scheme_comparison_20x20.json
timing-only  results/validation/production/turbulent_channel_ci.json
timing-only  results/validation/turbulence/channel_flow/k_epsilon/coarse/validation.json
timing-only  results/validation/turbulence/channel_flow/k_epsilon/medium/validation.json
timing-only  results/validation/turbulence/channel_flow/k_omega/coarse/validation.json
timing-only  results/validation/turbulence/channel_flow/k_omega/medium/validation.json
timing-only  results/validation/turbulence/channel_flow/sst/coarse/validation.json
timing-only  results/validation/turbulence/channel_flow/sst/medium/validation.json
restored 31 files to HEAD
