=== build identity ===
ninja: no work to do.
29044c43b805ebd1bde43dbf581f383acbb48cf81bf0c508a6cdb9cd4b52e49c  build/cuda/cuda/libcfdcuda.a
79b3162c3cfc810773e8c2ce0e3cdd07c5d58a425966a0aee460d4d5cd8c0a7e  build/cuda/src/libcfdcore.a

PASS  mesh_equivalence  |  checks: 96   failures: 0  |  DEVICE MESH: PASS
PASS  gradient_equivalence  |  cases=132 failures=0  |  GRADIENT EQUIVALENCE: PASS (bitwise)
PASS  diffusion_equivalence  |  cases=528 failures=0  |  DIFFUSION EQUIVALENCE: PASS (bitwise)
PASS  convection_equivalence  |  cases=1684 failures=0  |  CONVECTION EQUIVALENCE: PASS (bitwise)
PASS  momentum_convection_equivalence  |  cases=10352 failures=0  |  MOMENTUM CONVECTION EQUIVALENCE: PASS (bitwise)
PASS  boundary_condition_equivalence  |  cases=75 failures=0  |  BOUNDARY CONDITION EQUIVALENCE: PASS (bitwise)
PASS  momentum_assembly_equivalence  |  cases=27744 failures=0  |  MOMENTUM ASSEMBLY EQUIVALENCE: PASS (bitwise)
PASS  momentum_response_equivalence  |  cases=260 failures=0  |  MOMENTUM RESPONSE EQUIVALENCE: PASS (bitwise)
PASS  face_flux_equivalence  |  cases=2628 failures=0  |  FACE FLUX EQUIVALENCE: PASS (bitwise)
PASS  pressure_correction_equivalence  |  cases=4950 failures=0  |  PRESSURE CORRECTION EQUIVALENCE: PASS (bitwise)
PASS  velocity_correction_equivalence  |  cases=894 failures=0  |  VELOCITY CORRECTION EQUIVALENCE: PASS (bitwise)
PASS  face_flux_correction_equivalence  |  cases=1848 failures=0  |  FACE FLUX CORRECTION EQUIVALENCE: PASS (bitwise)
PASS  single_iteration_equivalence  |  cases=42 failures=0  |  SINGLE ITERATION EQUIVALENCE: PASS
PASS  integrated_simple_equivalence  |  cases=26 failures=0  |  INTEGRATED SIMPLE EQUIVALENCE: PASS (bitwise)
PASS  full_solve_equivalence  |  cases=17 failures=0  |  FULL SOLVE EQUIVALENCE: PASS

15/15 GPU-DISC differential gates green
