=== GPU-DISC-001B: CUDA gradient vs CPU reference (bitwise) ===

       [cartesian2d 16/dirichlet sweeps=no  skewedFaces=0     obliqueFaces=0     claims=64    boundaryTransfer=no  resident=93192 B]
       [cartesian2d 16/neumann   sweeps=no  skewedFaces=0     obliqueFaces=0     claims=64    boundaryTransfer=no  resident=93192 B]
       [cartesian2d 16/mixed     sweeps=no  skewedFaces=0     obliqueFaces=0     claims=64    boundaryTransfer=no  resident=93192 B]
  PASS cartesian2d 16         dirichlet constant      cells=256    |grad|max=48          diff=0      maxAbs=0          maxRel=0          L2=0          bcells=60
  PASS cartesian2d 16         neumann   constant      cells=256    |grad|max=0.1667      diff=0      maxAbs=0          maxRel=0          L2=0          bcells=60
  PASS cartesian2d 16         mixed     constant      cells=256    |grad|max=48          diff=0      maxAbs=0          maxRel=0          L2=0          bcells=60
  PASS cartesian2d 16         dirichlet linear        cells=256    |grad|max=71.83       diff=0      maxAbs=0          maxRel=0          L2=0          bcells=60
  PASS cartesian2d 16         neumann   linear        cells=256    |grad|max=2           diff=0      maxAbs=0          maxRel=0          L2=0          bcells=60
  PASS cartesian2d 16         mixed     linear        cells=256    |grad|max=39.67       diff=0      maxAbs=0          maxRel=0          L2=0          bcells=60
  PASS cartesian2d 16         dirichlet quadratic     cells=256    |grad|max=42.54       diff=0      maxAbs=0          maxRel=0          L2=0          bcells=60
  PASS cartesian2d 16         neumann   quadratic     cells=256    |grad|max=3.609       diff=0      maxAbs=0          maxRel=0          L2=0          bcells=60
  PASS cartesian2d 16         mixed     quadratic     cells=256    |grad|max=42.54       diff=0      maxAbs=0          maxRel=0          L2=0          bcells=60
  PASS cartesian2d 16         dirichlet manufactured  cells=256    |grad|max=74.26       diff=0      maxAbs=0          maxRel=0          L2=0          bcells=60
  PASS cartesian2d 16         neumann   manufactured  cells=256    |grad|max=3.091       diff=0      maxAbs=0          maxRel=0          L2=0          bcells=60
  PASS cartesian2d 16         mixed     manufactured  cells=256    |grad|max=40.61       diff=0      maxAbs=0          maxRel=0          L2=0          bcells=60
       [cartesian2d 40/dirichlet sweeps=yes skewedFaces=0     obliqueFaces=0     claims=160   boundaryTransfer=yes resident=547848 B]
       [cartesian2d 40/neumann   sweeps=yes skewedFaces=0     obliqueFaces=0     claims=160   boundaryTransfer=yes resident=547848 B]
       [cartesian2d 40/mixed     sweeps=yes skewedFaces=0     obliqueFaces=0     claims=160   boundaryTransfer=yes resident=547848 B]
  PASS cartesian2d 40         dirichlet constant      cells=1600   |grad|max=120         diff=0      maxAbs=0          maxRel=0          L2=0          bcells=156
  PASS cartesian2d 40         neumann   constant      cells=1600   |grad|max=0.1667      diff=0      maxAbs=0          maxRel=0          L2=0          bcells=156
  PASS cartesian2d 40         mixed     constant      cells=1600   |grad|max=120         diff=0      maxAbs=0          maxRel=0          L2=0          bcells=156
  PASS cartesian2d 40         dirichlet linear        cells=1600   |grad|max=183.8       diff=0      maxAbs=0          maxRel=0          L2=0          bcells=156
  PASS cartesian2d 40         neumann   linear        cells=1600   |grad|max=2           diff=0      maxAbs=0          maxRel=0          L2=0          bcells=156
  PASS cartesian2d 40         mixed     linear        cells=1600   |grad|max=103.7       diff=0      maxAbs=0          maxRel=0          L2=0          bcells=156
  PASS cartesian2d 40         dirichlet quadratic     cells=1600   |grad|max=106.6       diff=0      maxAbs=0          maxRel=0          L2=0          bcells=156
  PASS cartesian2d 40         neumann   quadratic     cells=1600   |grad|max=3.844       diff=0      maxAbs=0          maxRel=0          L2=0          bcells=156
  PASS cartesian2d 40         mixed     quadratic     cells=1600   |grad|max=106.6       diff=0      maxAbs=0          maxRel=0          L2=0          bcells=156
  PASS cartesian2d 40         dirichlet manufactured  cells=1600   |grad|max=186.5       diff=0      maxAbs=0          maxRel=0          L2=0          bcells=156
  PASS cartesian2d 40         neumann   manufactured  cells=1600   |grad|max=3.134       diff=0      maxAbs=0          maxRel=0          L2=0          bcells=156
  PASS cartesian2d 40         mixed     manufactured  cells=1600   |grad|max=104.6       diff=0      maxAbs=0          maxRel=0          L2=0          bcells=156
       [quad translated/dirichlet sweeps=no  skewedFaces=0     obliqueFaces=0     claims=64    boundaryTransfer=no  resident=93192 B]
       [quad translated/neumann   sweeps=no  skewedFaces=0     obliqueFaces=0     claims=64    boundaryTransfer=no  resident=93192 B]
       [quad translated/mixed     sweeps=no  skewedFaces=0     obliqueFaces=0     claims=64    boundaryTransfer=no  resident=93192 B]
  PASS quad translated        dirichlet constant      cells=256    |grad|max=48          diff=0      maxAbs=0          maxRel=0          L2=0          bcells=60
  PASS quad translated        neumann   constant      cells=256    |grad|max=0.1667      diff=0      maxAbs=0          maxRel=0          L2=0          bcells=60
  PASS quad translated        mixed     constant      cells=256    |grad|max=48          diff=0      maxAbs=0          maxRel=0          L2=0          bcells=60
  PASS quad translated        dirichlet linear        cells=256    |grad|max=5.068e+04   diff=0      maxAbs=0          maxRel=0          L2=0          bcells=60
  PASS quad translated        neumann   linear        cells=256    |grad|max=2           diff=0      maxAbs=0          maxRel=0          L2=0          bcells=60
  PASS quad translated        mixed     linear        cells=256    |grad|max=5.067e+04   diff=0      maxAbs=0          maxRel=0          L2=0          bcells=60
  PASS quad translated        dirichlet quadratic     cells=256    |grad|max=2.671e+07   diff=0      maxAbs=0          maxRel=0          L2=0          bcells=60
  PASS quad translated        neumann   quadratic     cells=256    |grad|max=2127        diff=0      maxAbs=0          maxRel=0          L2=0          bcells=60
  PASS quad translated        mixed     quadratic     cells=256    |grad|max=2.671e+07   diff=0      maxAbs=0          maxRel=0          L2=0          bcells=60
  PASS quad translated        dirichlet manufactured  cells=256    |grad|max=74.26       diff=0      maxAbs=0          maxRel=0          L2=0          bcells=60
  PASS quad translated        neumann   manufactured  cells=256    |grad|max=3.091       diff=0      maxAbs=0          maxRel=0          L2=0          bcells=60
  PASS quad translated        mixed     manufactured  cells=256    |grad|max=40.61       diff=0      maxAbs=0          maxRel=0          L2=0          bcells=60
       [graded2d 16/dirichlet sweeps=yes skewedFaces=0     obliqueFaces=0     claims=64    boundaryTransfer=yes resident=93192 B]
       [graded2d 16/neumann   sweeps=yes skewedFaces=0     obliqueFaces=10    claims=64    boundaryTransfer=yes resident=93752 B]
       [graded2d 16/mixed     sweeps=yes skewedFaces=0     obliqueFaces=5     claims=64    boundaryTransfer=yes resident=93472 B]
  PASS graded2d 16            dirichlet constant      cells=256    |grad|max=171.1       diff=0      maxAbs=0          maxRel=0          L2=0          bcells=60
  PASS graded2d 16            neumann   constant      cells=256    |grad|max=0.1706      diff=0      maxAbs=0          maxRel=0          L2=0          bcells=60
  PASS graded2d 16            mixed     constant      cells=256    |grad|max=171.1       diff=0      maxAbs=0          maxRel=0          L2=0          bcells=60
  PASS graded2d 16            dirichlet linear        cells=256    |grad|max=147.4       diff=0      maxAbs=0          maxRel=0          L2=0          bcells=60
  PASS graded2d 16            neumann   linear        cells=256    |grad|max=2           diff=0      maxAbs=0          maxRel=0          L2=0          bcells=60
  PASS graded2d 16            mixed     linear        cells=256    |grad|max=147.4       diff=0      maxAbs=0          maxRel=0          L2=0          bcells=60
  PASS graded2d 16            dirichlet quadratic     cells=256    |grad|max=75.97       diff=0      maxAbs=0          maxRel=0          L2=0          bcells=60
  PASS graded2d 16            neumann   quadratic     cells=256    |grad|max=3.702       diff=0      maxAbs=0          maxRel=0          L2=0          bcells=60
  PASS graded2d 16            mixed     quadratic     cells=256    |grad|max=75.97       diff=0      maxAbs=0          maxRel=0          L2=0          bcells=60
  PASS graded2d 16            dirichlet manufactured  cells=256    |grad|max=100.3       diff=0      maxAbs=0          maxRel=0          L2=0          bcells=60
  PASS graded2d 16            neumann   manufactured  cells=256    |grad|max=3.118       diff=0      maxAbs=0          maxRel=0          L2=0          bcells=60
  PASS graded2d 16            mixed     manufactured  cells=256    |grad|max=79.19       diff=0      maxAbs=0          maxRel=0          L2=0          bcells=60
       [distorted q16/dirichlet sweeps=yes skewedFaces=480   obliqueFaces=0     claims=64    boundaryTransfer=yes resident=112392 B]
       [distorted q16/neumann   sweeps=yes skewedFaces=480   obliqueFaces=64    claims=64    boundaryTransfer=yes resident=115976 B]
       [distorted q16/mixed     sweeps=yes skewedFaces=480   obliqueFaces=32    claims=64    boundaryTransfer=yes resident=114184 B]
  PASS distorted q16          dirichlet constant      cells=256    |grad|max=53.27       diff=0      maxAbs=0          maxRel=0          L2=0          bcells=60
  PASS distorted q16          neumann   constant      cells=256    |grad|max=0.1677      diff=0      maxAbs=0          maxRel=0          L2=0          bcells=60
  PASS distorted q16          mixed     constant      cells=256    |grad|max=53.27       diff=0      maxAbs=0          maxRel=0          L2=0          bcells=60
  PASS distorted q16          dirichlet linear        cells=256    |grad|max=74.6        diff=0      maxAbs=0          maxRel=0          L2=0          bcells=60
  PASS distorted q16          neumann   linear        cells=256    |grad|max=2.009       diff=0      maxAbs=0          maxRel=0          L2=0          bcells=60
  PASS distorted q16          mixed     linear        cells=256    |grad|max=40.93       diff=0      maxAbs=0          maxRel=0          L2=0          bcells=60
  PASS distorted q16          dirichlet quadratic     cells=256    |grad|max=41.09       diff=0      maxAbs=0          maxRel=0          L2=0          bcells=60
  PASS distorted q16          neumann   quadratic     cells=256    |grad|max=3.617       diff=0      maxAbs=0          maxRel=0          L2=0          bcells=60
  PASS distorted q16          mixed     quadratic     cells=256    |grad|max=41.09       diff=0      maxAbs=0          maxRel=0          L2=0          bcells=60
  PASS distorted q16          dirichlet manufactured  cells=256    |grad|max=78.15       diff=0      maxAbs=0          maxRel=0          L2=0          bcells=60
  PASS distorted q16          neumann   manufactured  cells=256    |grad|max=3.1         diff=0      maxAbs=0          maxRel=0          L2=0          bcells=60
  PASS distorted q16          mixed     manufactured  cells=256    |grad|max=41.85       diff=0      maxAbs=0          maxRel=0          L2=0          bcells=60
       [sheared 0.35/dirichlet sweeps=yes skewedFaces=367   obliqueFaces=0     claims=64    boundaryTransfer=yes resident=107872 B]
       [sheared 0.35/neumann   sweeps=yes skewedFaces=367   obliqueFaces=64    claims=64    boundaryTransfer=yes resident=111456 B]
       [sheared 0.35/mixed     sweeps=yes skewedFaces=367   obliqueFaces=32    claims=64    boundaryTransfer=yes resident=109664 B]
  PASS sheared 0.35           dirichlet constant      cells=256    |grad|max=60.86       diff=0      maxAbs=0          maxRel=0          L2=0          bcells=60
  PASS sheared 0.35           neumann   constant      cells=256    |grad|max=0.1736      diff=0      maxAbs=0          maxRel=0          L2=0          bcells=60
  PASS sheared 0.35           mixed     constant      cells=256    |grad|max=60.86       diff=0      maxAbs=0          maxRel=0          L2=0          bcells=60
  PASS sheared 0.35           dirichlet linear        cells=256    |grad|max=86.13       diff=0      maxAbs=0          maxRel=0          L2=0          bcells=60
  PASS sheared 0.35           neumann   linear        cells=256    |grad|max=2.012       diff=0      maxAbs=0          maxRel=0          L2=0          bcells=60
  PASS sheared 0.35           mixed     linear        cells=256    |grad|max=49.44       diff=0      maxAbs=0          maxRel=0          L2=0          bcells=60
  PASS sheared 0.35           dirichlet quadratic     cells=256    |grad|max=50.7        diff=0      maxAbs=0          maxRel=0          L2=0          bcells=60
  PASS sheared 0.35           neumann   quadratic     cells=256    |grad|max=3.591       diff=0      maxAbs=0          maxRel=0          L2=0          bcells=60
  PASS sheared 0.35           mixed     quadratic     cells=256    |grad|max=50.7        diff=0      maxAbs=0          maxRel=0          L2=0          bcells=60
  PASS sheared 0.35           dirichlet manufactured  cells=256    |grad|max=74.28       diff=0      maxAbs=0          maxRel=0          L2=0          bcells=60
  PASS sheared 0.35           neumann   manufactured  cells=256    |grad|max=3.092       diff=0      maxAbs=0          maxRel=0          L2=0          bcells=60
  PASS sheared 0.35           mixed     manufactured  cells=256    |grad|max=48.37       diff=0      maxAbs=0          maxRel=0          L2=0          bcells=60
       [multiblock L/dirichlet sweeps=no  skewedFaces=0     obliqueFaces=0     claims=32    boundaryTransfer=no  resident=20360 B]
       [multiblock L/neumann   sweeps=no  skewedFaces=0     obliqueFaces=0     claims=32    boundaryTransfer=no  resident=20360 B]
       [multiblock L/mixed     sweeps=no  skewedFaces=0     obliqueFaces=0     claims=32    boundaryTransfer=no  resident=20360 B]
  PASS multiblock L           dirichlet constant      cells=48     |grad|max=24          diff=0      maxAbs=0          maxRel=0          L2=0          bcells=27
  PASS multiblock L           neumann   constant      cells=48     |grad|max=0.1667      diff=0      maxAbs=0          maxRel=0          L2=0          bcells=27
  PASS multiblock L           mixed     constant      cells=48     |grad|max=24          diff=0      maxAbs=0          maxRel=0          L2=0          bcells=27
  PASS multiblock L           dirichlet linear        cells=48     |grad|max=34.5        diff=0      maxAbs=0          maxRel=0          L2=0          bcells=27
  PASS multiblock L           neumann   linear        cells=48     |grad|max=2           diff=0      maxAbs=0          maxRel=0          L2=0          bcells=27
  PASS multiblock L           mixed     linear        cells=48     |grad|max=22.33       diff=0      maxAbs=0          maxRel=0          L2=0          bcells=27
  PASS multiblock L           dirichlet quadratic     cells=48     |grad|max=20.93       diff=0      maxAbs=0          maxRel=0          L2=0          bcells=27
  PASS multiblock L           neumann   quadratic     cells=48     |grad|max=3.219       diff=0      maxAbs=0          maxRel=0          L2=0          bcells=27
  PASS multiblock L           mixed     quadratic     cells=48     |grad|max=14.01       diff=0      maxAbs=0          maxRel=0          L2=0          bcells=27
  PASS multiblock L           dirichlet manufactured  cells=48     |grad|max=36.54       diff=0      maxAbs=0          maxRel=0          L2=0          bcells=27
  PASS multiblock L           neumann   manufactured  cells=48     |grad|max=2.945       diff=0      maxAbs=0          maxRel=0          L2=0          bcells=27
  PASS multiblock L           mixed     manufactured  cells=48     |grad|max=31.2        diff=0      maxAbs=0          maxRel=0          L2=0          bcells=27
       [cartesian3d 8/dirichlet sweeps=no  skewedFaces=0     obliqueFaces=0     claims=384   boundaryTransfer=no  resident=296968 B]
       [cartesian3d 8/neumann   sweeps=no  skewedFaces=0     obliqueFaces=0     claims=384   boundaryTransfer=no  resident=296968 B]
       [cartesian3d 8/mixed     sweeps=no  skewedFaces=0     obliqueFaces=0     claims=384   boundaryTransfer=no  resident=296968 B]
  PASS cartesian3d 8          dirichlet constant      cells=512    |grad|max=24          diff=0      maxAbs=0          maxRel=0          L2=0          bcells=296
  PASS cartesian3d 8          neumann   constant      cells=512    |grad|max=0.1667      diff=0      maxAbs=0          maxRel=0          L2=0          bcells=296
  PASS cartesian3d 8          mixed     constant      cells=512    |grad|max=24          diff=0      maxAbs=0          maxRel=0          L2=0          bcells=296
  PASS cartesian3d 8          dirichlet linear        cells=512    |grad|max=39.58       diff=0      maxAbs=0          maxRel=0          L2=0          bcells=296
  PASS cartesian3d 8          neumann   linear        cells=512    |grad|max=2           diff=0      maxAbs=0          maxRel=0          L2=0          bcells=296
  PASS cartesian3d 8          mixed     linear        cells=512    |grad|max=39.58       diff=0      maxAbs=0          maxRel=0          L2=0          bcells=296
  PASS cartesian3d 8          dirichlet quadratic     cells=512    |grad|max=35.03       diff=0      maxAbs=0          maxRel=0          L2=0          bcells=296
  PASS cartesian3d 8          neumann   quadratic     cells=512    |grad|max=3.219       diff=0      maxAbs=0          maxRel=0          L2=0          bcells=296
  PASS cartesian3d 8          mixed     quadratic     cells=512    |grad|max=31.86       diff=0      maxAbs=0          maxRel=0          L2=0          bcells=296
  PASS cartesian3d 8          dirichlet manufactured  cells=512    |grad|max=50.38       diff=0      maxAbs=0          maxRel=0          L2=0          bcells=296
  PASS cartesian3d 8          neumann   manufactured  cells=512    |grad|max=3.773       diff=0      maxAbs=0          maxRel=0          L2=0          bcells=296
  PASS cartesian3d 8          mixed     manufactured  cells=512    |grad|max=42.55       diff=0      maxAbs=0          maxRel=0          L2=0          bcells=296
       [planar skew 3d 6/dirichlet sweeps=yes skewedFaces=522   obliqueFaces=0     claims=216   boundaryTransfer=yes resident=153944 B]
       [planar skew 3d 6/neumann   sweeps=yes skewedFaces=522   obliqueFaces=216   claims=216   boundaryTransfer=yes resident=166040 B]
       [planar skew 3d 6/mixed     sweeps=yes skewedFaces=522   obliqueFaces=108   claims=216   boundaryTransfer=yes resident=159992 B]
  PASS planar skew 3d 6       dirichlet constant      cells=216    |grad|max=17.71       diff=0      maxAbs=0          maxRel=0          L2=0          bcells=152
  PASS planar skew 3d 6       neumann   constant      cells=216    |grad|max=0.1727      diff=0      maxAbs=0          maxRel=0          L2=0          bcells=152
  PASS planar skew 3d 6       mixed     constant      cells=216    |grad|max=17.71       diff=0      maxAbs=0          maxRel=0          L2=0          bcells=152
  PASS planar skew 3d 6       dirichlet linear        cells=216    |grad|max=34.57       diff=0      maxAbs=0          maxRel=0          L2=0          bcells=152
  PASS planar skew 3d 6       neumann   linear        cells=216    |grad|max=2.003       diff=0      maxAbs=0          maxRel=0          L2=0          bcells=152
  PASS planar skew 3d 6       mixed     linear        cells=216    |grad|max=27.26       diff=0      maxAbs=0          maxRel=0          L2=0          bcells=152
  PASS planar skew 3d 6       dirichlet quadratic     cells=216    |grad|max=26.19       diff=0      maxAbs=0          maxRel=0          L2=0          bcells=152
  PASS planar skew 3d 6       neumann   quadratic     cells=216    |grad|max=3.035       diff=0      maxAbs=0          maxRel=0          L2=0          bcells=152
  PASS planar skew 3d 6       mixed     quadratic     cells=216    |grad|max=23.77       diff=0      maxAbs=0          maxRel=0          L2=0          bcells=152
  PASS planar skew 3d 6       dirichlet manufactured  cells=216    |grad|max=40.93       diff=0      maxAbs=0          maxRel=0          L2=0          bcells=152
  PASS planar skew 3d 6       neumann   manufactured  cells=216    |grad|max=3.668       diff=0      maxAbs=0          maxRel=0          L2=0          bcells=152
  PASS planar skew 3d 6       mixed     manufactured  cells=216    |grad|max=32.56       diff=0      maxAbs=0          maxRel=0          L2=0          bcells=152
       [warped 3d 6/dirichlet sweeps=yes skewedFaces=540   obliqueFaces=0     claims=216   boundaryTransfer=yes resident=154664 B]
       [warped 3d 6/neumann   sweeps=yes skewedFaces=540   obliqueFaces=216   claims=216   boundaryTransfer=yes resident=166760 B]
       [warped 3d 6/mixed     sweeps=yes skewedFaces=540   obliqueFaces=108   claims=216   boundaryTransfer=yes resident=160712 B]
  PASS warped 3d 6            dirichlet constant      cells=216    |grad|max=17.96       diff=0      maxAbs=0          maxRel=0          L2=0          bcells=152
  PASS warped 3d 6            neumann   constant      cells=216    |grad|max=0.1689      diff=0      maxAbs=0          maxRel=0          L2=0          bcells=152
  PASS warped 3d 6            mixed     constant      cells=216    |grad|max=17.96       diff=0      maxAbs=0          maxRel=0          L2=0          bcells=152
  PASS warped 3d 6            dirichlet linear        cells=216    |grad|max=29.1        diff=0      maxAbs=0          maxRel=0          L2=0          bcells=152
  PASS warped 3d 6            neumann   linear        cells=216    |grad|max=2.008       diff=0      maxAbs=0          maxRel=0          L2=0          bcells=152
  PASS warped 3d 6            mixed     linear        cells=216    |grad|max=29.01       diff=0      maxAbs=0          maxRel=0          L2=0          bcells=152
  PASS warped 3d 6            dirichlet quadratic     cells=216    |grad|max=25.83       diff=0      maxAbs=0          maxRel=0          L2=0          bcells=152
  PASS warped 3d 6            neumann   quadratic     cells=216    |grad|max=2.965       diff=0      maxAbs=0          maxRel=0          L2=0          bcells=152
  PASS warped 3d 6            mixed     quadratic     cells=216    |grad|max=23.76       diff=0      maxAbs=0          maxRel=0          L2=0          bcells=152
  PASS warped 3d 6            dirichlet manufactured  cells=216    |grad|max=36.93       diff=0      maxAbs=0          maxRel=0          L2=0          bcells=152
  PASS warped 3d 6            neumann   manufactured  cells=216    |grad|max=3.608       diff=0      maxAbs=0          maxRel=0          L2=0          bcells=152
  PASS warped 3d 6            mixed     manufactured  cells=216    |grad|max=33.05       diff=0      maxAbs=0          maxRel=0          L2=0          bcells=152

=== non-vacuity control ===
  PASS identical copy -> 0 differing, one-ULP perturbation -> 1 differing (maxAbs=2.22e-16)

=== path coverage (mesh/BC pairs reaching each branch) ===
  sweep loop entered     18
  skew-corrected faces   12
  oblique Neumann faces  10
  GRAD-002 claims        30
  boundary transfer      18

cases=120 failures=0
GRADIENT EQUIVALENCE: PASS (bitwise)
