# INV-001 inv_operator (new library, sha256 51e82ee8e0ed1636); 2026-09-16T04:42:01Z
# INV-001 operator study on the distorted Poiseuille mesh 144x18
# old exact-zero predicate accepted 0 of 324 boundary faces
X   u (parabolic)  alpha 0.00 vs library gradient: max difference 9.638e-02
X   u (parabolic)  alpha 1.00 vs library gradient: max difference 5.925e-15
R   library u (parabolic)              interior     cells  2272 Linf 9.3048e-03 L2 5.0219e-03
R   library u (parabolic)              wall         cells   284 Linf 4.9529e-03 L2 3.3369e-03
R   library u (parabolic)              inlet/outlet cells    32 Linf 1.2175e-02 L2 8.8108e-03
R   library u (parabolic)              corner       cells     4 Linf 4.4765e-03 L2 4.4697e-03
A   u (parabolic)  alpha 0.00 | Linf 9.6802e-02 L2 2.8749e-02 wall Linf 9.6802e-02
A   u (parabolic)  alpha 0.25 | Linf 7.2708e-02 L2 2.1818e-02 wall Linf 7.2708e-02
A   u (parabolic)  alpha 0.50 | Linf 4.8712e-02 L2 1.5017e-02 wall Linf 4.8712e-02
A   u (parabolic)  alpha 0.75 | Linf 2.5034e-02 L2 8.6558e-03 wall Linf 2.5034e-02
A   u (parabolic)  alpha 1.00 | Linf 1.2175e-02 L2 4.9311e-03 wall Linf 4.9529e-03
X   p (linear)     alpha 0.00 vs library gradient: max difference 1.299e-07
X   p (linear)     alpha 1.00 vs library gradient: max difference 4.340e-14
R   library p (linear)                 interior     cells  2272 Linf 4.9940e-09 L2 5.2638e-10
R   library p (linear)                 wall         cells   284 Linf 2.2359e-07 L2 5.4793e-08
R   library p (linear)                 inlet/outlet cells    32 Linf 2.4072e-13 L2 6.3446e-14
R   library p (linear)                 corner       cells     4 Linf 4.5001e-14 L2 3.3629e-14
A   p (linear)     alpha 0.00 | Linf 9.3721e-08 L2 8.0613e-09 wall Linf 9.3721e-08
A   p (linear)     alpha 0.25 | Linf 1.1751e-07 L2 1.0037e-08 wall Linf 1.1751e-07
A   p (linear)     alpha 0.50 | Linf 1.4649e-07 L2 1.2343e-08 wall Linf 1.4649e-07
A   p (linear)     alpha 0.75 | Linf 1.8152e-07 L2 1.5026e-08 wall Linf 1.8152e-07
A   p (linear)     alpha 1.00 | Linf 2.2359e-07 L2 1.8145e-08 wall Linf 2.2359e-07
exit 0
