# INV-001 inv_sweeps (new library, sha256 51e82ee8e0ed1636); 2026-09-16T05:17:24Z
# INV-001 sweep convergence of the boundary-consistent gradient
# Poiseuille 144x18: max boundary misalignment sine 0.5865 (non-orthogonality 48.25 deg), predicted lagged gain ~0.194
S   Poiseuille 144x18      sweeps  1 | change from previous count 0.0000e+00 | error vs analytic Linf 1.2153e-02
S   Poiseuille 144x18      sweeps  2 | change from previous count 1.0292e-03 | error vs analytic Linf 1.2110e-02
S   Poiseuille 144x18      sweeps  4 | change from previous count 7.0074e-05 | error vs analytic Linf 1.2175e-02   <-- the production path uses 4
S   Poiseuille 144x18      sweeps  8 | change from previous count 1.1158e-08 | error vs analytic Linf 1.2175e-02
S   Poiseuille 144x18      sweeps 16 | change from previous count 1.0741e-14 | error vs analytic Linf 1.2175e-02
S   Poiseuille 144x18      sweeps 32 | change from previous count 0.0000e+00 | error vs analytic Linf 1.2175e-02
S   Poiseuille 144x18      sweeps 64 | change from previous count 0.0000e+00 | error vs analytic Linf 1.2175e-02
# Poiseuille 64x8: max boundary misalignment sine 0.5501 (non-orthogonality 44.76 deg), predicted lagged gain ~0.182
S   Poiseuille 64x8        sweeps  1 | change from previous count 0.0000e+00 | error vs analytic Linf 3.9970e-02
S   Poiseuille 64x8        sweeps  2 | change from previous count 9.6819e-03 | error vs analytic Linf 4.0100e-02
S   Poiseuille 64x8        sweeps  4 | change from previous count 3.6518e-04 | error vs analytic Linf 4.0120e-02   <-- the production path uses 4
S   Poiseuille 64x8        sweeps  8 | change from previous count 7.9647e-07 | error vs analytic Linf 4.0120e-02
S   Poiseuille 64x8        sweeps 16 | change from previous count 2.7391e-12 | error vs analytic Linf 4.0120e-02
S   Poiseuille 64x8        sweeps 32 | change from previous count 0.0000e+00 | error vs analytic Linf 4.0120e-02
S   Poiseuille 64x8        sweeps 64 | change from previous count 0.0000e+00 | error vs analytic Linf 4.0120e-02
# undistorted 144x18: max boundary misalignment sine 0.0000 (non-orthogonality 0.00 deg), predicted lagged gain ~0.000
S   undistorted 144x18     sweeps  1 | change from previous count 0.0000e+00 | error vs analytic Linf 1.1471e-12
S   undistorted 144x18     sweeps  2 | change from previous count 4.4964e-15 | error vs analytic Linf 1.1471e-12
S   undistorted 144x18     sweeps  4 | change from previous count 0.0000e+00 | error vs analytic Linf 1.1471e-12   <-- the production path uses 4
S   undistorted 144x18     sweeps  8 | change from previous count 0.0000e+00 | error vs analytic Linf 1.1471e-12
S   undistorted 144x18     sweeps 16 | change from previous count 0.0000e+00 | error vs analytic Linf 1.1471e-12
S   undistorted 144x18     sweeps 32 | change from previous count 0.0000e+00 | error vs analytic Linf 1.1471e-12
S   undistorted 144x18     sweeps 64 | change from previous count 0.0000e+00 | error vs analytic Linf 1.1471e-12
exit 0
