# INV-001 inv_sweeps (base library, sha256 eaadaa635e70adb1); 2026-09-16T05:17:39Z
# INV-001 sweep convergence of the boundary-consistent gradient
# Poiseuille 144x18: max boundary misalignment sine 0.5865 (non-orthogonality 48.25 deg), predicted lagged gain ~0.194
S   Poiseuille 144x18      sweeps  1 | change from previous count 0.0000e+00 | error vs analytic Linf 9.6801e-02
S   Poiseuille 144x18      sweeps  2 | change from previous count 6.6215e-04 | error vs analytic Linf 9.6802e-02
S   Poiseuille 144x18      sweeps  4 | change from previous count 4.1987e-05 | error vs analytic Linf 9.6802e-02   <-- the production path uses 4
S   Poiseuille 144x18      sweeps  8 | change from previous count 5.1790e-09 | error vs analytic Linf 9.6802e-02
S   Poiseuille 144x18      sweeps 16 | change from previous count 1.0741e-14 | error vs analytic Linf 9.6802e-02
S   Poiseuille 144x18      sweeps 32 | change from previous count 3.0943e-15 | error vs analytic Linf 9.6802e-02
S   Poiseuille 144x18      sweeps 64 | change from previous count 3.0943e-15 | error vs analytic Linf 9.6802e-02
# Poiseuille 64x8: max boundary misalignment sine 0.5501 (non-orthogonality 44.76 deg), predicted lagged gain ~0.182
S   Poiseuille 64x8        sweeps  1 | change from previous count 0.0000e+00 | error vs analytic Linf 2.1709e-01
S   Poiseuille 64x8        sweeps  2 | change from previous count 9.6819e-03 | error vs analytic Linf 2.1568e-01
S   Poiseuille 64x8        sweeps  4 | change from previous count 3.6496e-04 | error vs analytic Linf 2.1566e-01   <-- the production path uses 4
S   Poiseuille 64x8        sweeps  8 | change from previous count 7.9674e-07 | error vs analytic Linf 2.1566e-01
S   Poiseuille 64x8        sweeps 16 | change from previous count 2.6549e-12 | error vs analytic Linf 2.1566e-01
S   Poiseuille 64x8        sweeps 32 | change from previous count 0.0000e+00 | error vs analytic Linf 2.1566e-01
S   Poiseuille 64x8        sweeps 64 | change from previous count 0.0000e+00 | error vs analytic Linf 2.1566e-01
# undistorted 144x18: max boundary misalignment sine 0.0000 (non-orthogonality 0.00 deg), predicted lagged gain ~0.000
S   undistorted 144x18     sweeps  1 | change from previous count 0.0000e+00 | error vs analytic Linf 8.3333e-02
S   undistorted 144x18     sweeps  2 | change from previous count 4.4964e-15 | error vs analytic Linf 8.3333e-02
S   undistorted 144x18     sweeps  4 | change from previous count 0.0000e+00 | error vs analytic Linf 8.3333e-02   <-- the production path uses 4
S   undistorted 144x18     sweeps  8 | change from previous count 0.0000e+00 | error vs analytic Linf 8.3333e-02
S   undistorted 144x18     sweeps 16 | change from previous count 0.0000e+00 | error vs analytic Linf 8.3333e-02
S   undistorted 144x18     sweeps 32 | change from previous count 0.0000e+00 | error vs analytic Linf 8.3333e-02
S   undistorted 144x18     sweeps 64 | change from previous count 0.0000e+00 | error vs analytic Linf 8.3333e-02
exit 0
