=== build identity under test ===
ninja: no work to do.
0875bc209c1ec0a8acc1ed3804c6f2e6b1713032d3e102c10d375179c59d6dcd  /mnt/c/Users/Hasib/Desktop/CFDAPP/CFDApp/build/final/cuda/libcfdcuda.a
829f34eefa23fb56ad668ecbc6e991cdd70688431a7ef4e853f5dee63f2d14c8  /mnt/c/Users/Hasib/Desktop/CFDAPP/CFDApp/build/final/src/libcfdcore.a

PASS  mesh_equivalence  |  checks: 96   failures: 0  |  DEVICE MESH: PASS
PASS  gradient_equivalence  |  cases=132 failures=0  |  GRADIENT EQUIVALENCE: PASS (bitwise)
PASS  diffusion_equivalence  |  cases=528 failures=0  |  DIFFUSION EQUIVALENCE: PASS (bitwise)
PASS  convection_equivalence  |  cases=1684 failures=0  |  CONVECTION EQUIVALENCE: PASS (bitwise)
PASS  momentum_convection_equivalence  |  cases=10352 failures=0  |  MOMENTUM CONVECTION EQUIVALENCE: PASS (bitwise)
PASS  boundary_condition_equivalence  |  cases=75 failures=0  |  BOUNDARY CONDITION EQUIVALENCE: PASS (bitwise)
PASS  momentum_assembly_equivalence  |  cases=27744 failures=0  |  MOMENTUM ASSEMBLY EQUIVALENCE: PASS (bitwise)
PASS  momentum_response_equivalence  |  cases=260 failures=0  |  MOMENTUM RESPONSE EQUIVALENCE: PASS (bitwise)
PASS  face_flux_equivalence  |  cases=2628 failures=0  |  FACE FLUX EQUIVALENCE: PASS (bitwise)
PASS  pressure_correction_equivalence  |  cases=4950 failures=0  |  PRESSURE CORRECTION EQUIVALENCE: PASS (bitwise)
PASS  velocity_correction_equivalence  |  cases=894 failures=0  |  VELOCITY CORRECTION EQUIVALENCE: PASS (bitwise)
PASS  face_flux_correction_equivalence  |  cases=1848 failures=0  |  FACE FLUX CORRECTION EQUIVALENCE: PASS (bitwise)
PASS  single_iteration_equivalence  |  cases=42 failures=0  |  SINGLE ITERATION EQUIVALENCE: PASS
PASS  integrated_simple_equivalence  |  cases=26 failures=0  |  INTEGRATED SIMPLE EQUIVALENCE: PASS (bitwise)
PASS  full_solve_equivalence  |  cases=17 failures=0  |  FULL SOLVE EQUIVALENCE: PASS

15/15 GPU-DISC differential gates green on the FINAL binaries
