include/cfd/gpu/DeviceBoundaryConditions.hpp:56:26: error: code should be clang-formatted [-Wclang-format-violations]
  const cfd::Index* type;            // one of the kBc* constants
                         ^
include/cfd/gpu/DeviceBoundaryConditions.hpp:57:37: error: code should be clang-formatted [-Wclang-format-violations]
  const cfd::Index* prescribesValue; // 1 when the condition prescribes the value
                                    ^
include/cfd/gpu/DeviceBoundaryConditions.hpp:107:28: error: code should be clang-formatted [-Wclang-format-violations]
    outX = bc.constX[face]; outY = bc.constY[face]; outZ = bc.constZ[face];
                           ^
include/cfd/gpu/DeviceBoundaryConditions.hpp:107:52: error: code should be clang-formatted [-Wclang-format-violations]
    outX = bc.constX[face]; outY = bc.constY[face]; outZ = bc.constZ[face];
                                                   ^
include/cfd/gpu/DeviceBoundaryConditions.hpp:111:15: error: code should be clang-formatted [-Wclang-format-violations]
    outX = ux; outY = uy; outZ = uz;
              ^
include/cfd/gpu/DeviceBoundaryConditions.hpp:111:26: error: code should be clang-formatted [-Wclang-format-violations]
    outX = ux; outY = uy; outZ = uz;
                         ^
include/cfd/gpu/DeviceBoundaryConditions.hpp:209:39: error: code should be clang-formatted [-Wclang-format-violations]
void evaluateBoundaryConditionsDevice(const DeviceBoundaryConditions& conditions,
                                      ^
include/cfd/gpu/DeviceBoundaryConditions.hpp:209:82: error: code should be clang-formatted [-Wclang-format-violations]
void evaluateBoundaryConditionsDevice(const DeviceBoundaryConditions& conditions,
                                                                                 ^
include/cfd/gpu/DeviceBoundaryConditions.hpp:210:62: error: code should be clang-formatted [-Wclang-format-violations]
                                      const DeviceMesh& mesh,
                                                             ^
include/cfd/gpu/DeviceBoundaryConditions.hpp:211:82: error: code should be clang-formatted [-Wclang-format-violations]
                                      const DeviceBuffer<cfd::Real>& scalarField,
                                                                                 ^
include/cfd/gpu/DeviceBoundaryConditions.hpp:212:80: error: code should be clang-formatted [-Wclang-format-violations]
                                      const DeviceBuffer<cfd::Real>& velocityX,
                                                                               ^
include/cfd/gpu/DeviceBoundaryConditions.hpp:213:80: error: code should be clang-formatted [-Wclang-format-violations]
                                      const DeviceBuffer<cfd::Real>& velocityY,
                                                                               ^
include/cfd/gpu/DeviceBoundaryConditions.hpp:214:80: error: code should be clang-formatted [-Wclang-format-violations]
                                      const DeviceBuffer<cfd::Real>& velocityZ,
                                                                               ^
include/cfd/gpu/DeviceBoundaryConditions.hpp:215:79: error: code should be clang-formatted [-Wclang-format-violations]
                                      const DeviceBuffer<cfd::Real>& faceFlux,
                                                                              ^
include/cfd/gpu/DeviceBuffer.hpp:137:33: error: code should be clang-formatted [-Wclang-format-violations]
      stats.currentDeviceBytes = stats.currentDeviceBytes >= held
                                ^
include/cfd/gpu/DeviceBuffer.hpp:137:66: error: code should be clang-formatted [-Wclang-format-violations]
      stats.currentDeviceBytes = stats.currentDeviceBytes >= held
                                                                 ^
include/cfd/gpu/DeviceBuffer.hpp:138:71: error: code should be clang-formatted [-Wclang-format-violations]
                                     ? stats.currentDeviceBytes - held
                                                                      ^
include/cfd/gpu/DeviceConvection.hpp:160:68: error: code should be clang-formatted [-Wclang-format-violations]
                                  const DeviceBuffer<cfd::Real>& f,
                                                                   ^
include/cfd/gpu/DeviceConvectionTerms.hpp:124:80: error: code should be clang-formatted [-Wclang-format-violations]
    cfd::Index f, cfd::Real ownerFlux, cfd::Index scheme, cfd::Index component,
                                                                               ^
include/cfd/gpu/DeviceConvectionTerms.hpp:125:25: error: code should be clang-formatted [-Wclang-format-violations]
    const cfd::Real* ux, const cfd::Real* uy, const cfd::Real* uz, const cfd::Real* gx,
                        ^
include/cfd/gpu/DeviceConvectionTerms.hpp:125:88: error: code should be clang-formatted [-Wclang-format-violations]
    const cfd::Real* ux, const cfd::Real* uy, const cfd::Real* uz, const cfd::Real* gx,
                                                                                       ^
include/cfd/gpu/DeviceConvectionTerms.hpp:126:25: error: code should be clang-formatted [-Wclang-format-violations]
    const cfd::Real* gy, const cfd::Real* gz, cfd::Real& phiUpwindOut) {
                        ^
include/cfd/gpu/DeviceConvectionTerms.hpp:156:19: error: code should be clang-formatted [-Wclang-format-violations]
    phiHighOrder =
                  ^
include/cfd/gpu/DeviceDiffusionTerms.hpp:88:67: error: code should be clang-formatted [-Wclang-format-violations]
    const DeviceDiffusionGeometry& g, const cfd::Index* faceOwner,
                                                                  ^
include/cfd/gpu/DeviceDiffusionTerms.hpp:89:36: error: code should be clang-formatted [-Wclang-format-violations]
    const cfd::Index* faceNeighbor, const cfd::Real* gamma, const cfd::Real* gx,
                                   ^
include/cfd/gpu/DeviceDiffusionTerms.hpp:89:81: error: code should be clang-formatted [-Wclang-format-violations]
    const cfd::Index* faceNeighbor, const cfd::Real* gamma, const cfd::Real* gx,
                                                                                ^
include/cfd/gpu/DeviceDiffusionTerms.hpp:90:46: error: code should be clang-formatted [-Wclang-format-violations]
    const cfd::Real* gy, const cfd::Real* gz, cfd::Index f, bool correct) {
                                             ^
include/cfd/gpu/DeviceFaceFlux.hpp:61:44: error: code should be clang-formatted [-Wclang-format-violations]
  friend void rhieChowFaceCorrectionDevice(const DeviceFaceFluxPlan&,
                                           ^
include/cfd/gpu/DeviceFaceFlux.hpp:61:70: error: code should be clang-formatted [-Wclang-format-violations]
  friend void rhieChowFaceCorrectionDevice(const DeviceFaceFluxPlan&,
                                                                     ^
include/cfd/gpu/DeviceFaceFlux.hpp:62:75: error: code should be clang-formatted [-Wclang-format-violations]
                                           const DeviceBuffer<cfd::Real>&,
                                                                          ^
include/cfd/gpu/DeviceFaceFlux.hpp:63:75: error: code should be clang-formatted [-Wclang-format-violations]
                                           const DeviceBuffer<cfd::Real>&,
                                                                          ^
include/cfd/gpu/DeviceFaceFlux.hpp:64:75: error: code should be clang-formatted [-Wclang-format-violations]
                                           const DeviceBuffer<cfd::Real>&,
                                                                          ^
include/cfd/gpu/DeviceFaceFlux.hpp:65:75: error: code should be clang-formatted [-Wclang-format-violations]
                                           const DeviceBuffer<cfd::Real>&,
                                                                          ^
include/cfd/gpu/DeviceFaceFlux.hpp:66:75: error: code should be clang-formatted [-Wclang-format-violations]
                                           const DeviceBuffer<cfd::Real>&,
                                                                          ^
include/cfd/gpu/DeviceFaceFlux.hpp:67:75: error: code should be clang-formatted [-Wclang-format-violations]
                                           const DeviceBuffer<cfd::Real>&,
                                                                          ^
include/cfd/gpu/DeviceFaceFlux.hpp:68:97: error: code should be clang-formatted [-Wclang-format-violations]
                                           const DeviceBuffer<cfd::Real>*, cfd::Real, cfd::Real,
                                                                                                ^
include/cfd/gpu/DeviceFaceFlux.hpp:94:35: error: code should be clang-formatted [-Wclang-format-violations]
void rhieChowFaceCorrectionDevice(const DeviceFaceFluxPlan& plan,
                                  ^
include/cfd/gpu/DeviceFaceFlux.hpp:94:66: error: code should be clang-formatted [-Wclang-format-violations]
void rhieChowFaceCorrectionDevice(const DeviceFaceFluxPlan& plan,
                                                                 ^
include/cfd/gpu/DeviceFaceFlux.hpp:95:75: error: code should be clang-formatted [-Wclang-format-violations]
                                  const DeviceBuffer<cfd::Real>& pressure,
                                                                          ^
include/cfd/gpu/DeviceFaceFlux.hpp:96:80: error: code should be clang-formatted [-Wclang-format-violations]
                                  const DeviceBuffer<cfd::Real>& pressureGradX,
                                                                               ^
include/cfd/gpu/DeviceFaceFlux.hpp:97:80: error: code should be clang-formatted [-Wclang-format-violations]
                                  const DeviceBuffer<cfd::Real>& pressureGradY,
                                                                               ^
include/cfd/gpu/DeviceFaceFlux.hpp:98:80: error: code should be clang-formatted [-Wclang-format-violations]
                                  const DeviceBuffer<cfd::Real>& pressureGradZ,
                                                                               ^
include/cfd/gpu/DeviceFaceFlux.hpp:99:69: error: code should be clang-formatted [-Wclang-format-violations]
                                  const DeviceBuffer<cfd::Real>& dU,
                                                                    ^
include/cfd/gpu/DeviceFaceFlux.hpp:100:69: error: code should be clang-formatted [-Wclang-format-violations]
                                  const DeviceBuffer<cfd::Real>& dV,
                                                                    ^
include/cfd/gpu/DeviceFaceFlux.hpp:101:88: error: code should be clang-formatted [-Wclang-format-violations]
                                  const DeviceBuffer<cfd::Real>* dW, cfd::Real density,
                                                                                       ^
include/cfd/gpu/DeviceMomentumAssembly.hpp:95:67: error: code should be clang-formatted [-Wclang-format-violations]
                                            const DeviceVelocity&,
                                                                  ^
include/cfd/gpu/DeviceMomentumAssembly.hpp:101:76: error: code should be clang-formatted [-Wclang-format-violations]
                                            const MomentumAssemblyOptions&,
                                                                           ^
include/cfd/gpu/DeviceMomentumAssembly.hpp:141:36: error: code should be clang-formatted [-Wclang-format-violations]
void assembleRelaxedMomentumDevice(const DeviceMomentumAssemblyPlan& plan,
                                   ^
include/cfd/gpu/DeviceMomentumAssembly.hpp:141:75: error: code should be clang-formatted [-Wclang-format-violations]
void assembleRelaxedMomentumDevice(const DeviceMomentumAssemblyPlan& plan,
                                                                          ^
include/cfd/gpu/DeviceMomentumAssembly.hpp:142:67: error: code should be clang-formatted [-Wclang-format-violations]
                                   const DeviceVelocity& velocity,
                                                                  ^
include/cfd/gpu/DeviceMomentumAssembly.hpp:143:76: error: code should be clang-formatted [-Wclang-format-violations]
                                   const DeviceBuffer<cfd::Real>& pressure,
                                                                           ^
include/cfd/gpu/DeviceMomentumAssembly.hpp:144:86: error: code should be clang-formatted [-Wclang-format-violations]
                                   const DeviceBuffer<cfd::Real>& effectiveViscosity,
                                                                                     ^
include/cfd/gpu/DeviceMomentumAssembly.hpp:145:76: error: code should be clang-formatted [-Wclang-format-violations]
                                   const DeviceBuffer<cfd::Real>& massFlux,
                                                                           ^
include/cfd/gpu/DeviceMomentumAssembly.hpp:146:85: error: code should be clang-formatted [-Wclang-format-violations]
                                   const DeviceBuffer<cfd::Real>& previousComponent,
                                                                                    ^
include/cfd/gpu/DeviceMomentumAssembly.hpp:147:82: error: code should be clang-formatted [-Wclang-format-violations]
                                   const DeviceBuffer<cfd::Real>* momentumSource,
                                                                                 ^
include/cfd/gpu/DeviceMomentumAssembly.hpp:148:75: error: code should be clang-formatted [-Wclang-format-violations]
                                   const MomentumAssemblyOptions& options,
                                                                          ^
include/cfd/gpu/DeviceMomentumConvection.hpp:118:33: error: code should be clang-formatted [-Wclang-format-violations]
    bc.constX = bConstX_.data(); bc.constY = bConstY_.data(); bc.constZ = bConstZ_.data();
                                ^
include/cfd/gpu/DeviceMomentumConvection.hpp:118:62: error: code should be clang-formatted [-Wclang-format-violations]
    bc.constX = bConstX_.data(); bc.constY = bConstY_.data(); bc.constZ = bConstZ_.data();
                                                             ^
include/cfd/gpu/DeviceMomentumConvection.hpp:119:35: error: code should be clang-formatted [-Wclang-format-violations]
    bc.normalX = bNormalX_.data(); bc.normalY = bNormalY_.data(); bc.normalZ = bNormalZ_.data();
                                  ^
include/cfd/gpu/DeviceMomentumConvection.hpp:119:66: error: code should be clang-formatted [-Wclang-format-violations]
    bc.normalX = bNormalX_.data(); bc.normalY = bNormalY_.data(); bc.normalZ = bNormalZ_.data();
                                                                 ^
include/cfd/gpu/DevicePressureCorrection.hpp:103:48: error: code should be clang-formatted [-Wclang-format-violations]
  friend void assemblePressureCorrectionDevice(const DevicePressureCorrectionPlan&,
                                               ^
include/cfd/gpu/DevicePressureCorrection.hpp:103:84: error: code should be clang-formatted [-Wclang-format-violations]
  friend void assemblePressureCorrectionDevice(const DevicePressureCorrectionPlan&,
                                                                                   ^
include/cfd/gpu/DevicePressureCorrection.hpp:104:79: error: code should be clang-formatted [-Wclang-format-violations]
                                               const DeviceBuffer<cfd::Real>&,
                                                                              ^
include/cfd/gpu/DevicePressureCorrection.hpp:105:79: error: code should be clang-formatted [-Wclang-format-violations]
                                               const DeviceBuffer<cfd::Real>&,
                                                                              ^
include/cfd/gpu/DevicePressureCorrection.hpp:106:79: error: code should be clang-formatted [-Wclang-format-violations]
                                               const DeviceBuffer<cfd::Real>&,
                                                                              ^
include/cfd/gpu/DevicePressureCorrection.hpp:107:79: error: code should be clang-formatted [-Wclang-format-violations]
                                               const DeviceBuffer<cfd::Real>*,
                                                                              ^
include/cfd/gpu/DevicePressureCorrection.hpp:108:79: error: code should be clang-formatted [-Wclang-format-violations]
                                               const DeviceBuffer<cfd::Real>*,
                                                                              ^
include/cfd/gpu/DevicePressureCorrection.hpp:109:87: error: code should be clang-formatted [-Wclang-format-violations]
                                               const PressureCorrectionOptionsDevice&,
                                                                                      ^
include/cfd/gpu/DevicePressureCorrection.hpp:157:39: error: code should be clang-formatted [-Wclang-format-violations]
void assemblePressureCorrectionDevice(const DevicePressureCorrectionPlan& plan,
                                      ^
include/cfd/gpu/DevicePressureCorrection.hpp:157:80: error: code should be clang-formatted [-Wclang-format-violations]
void assemblePressureCorrectionDevice(const DevicePressureCorrectionPlan& plan,
                                                                               ^
include/cfd/gpu/DevicePressureCorrection.hpp:158:88: error: code should be clang-formatted [-Wclang-format-violations]
                                      const DeviceBuffer<cfd::Real>& predictorMassFlux,
                                                                                       ^
include/cfd/gpu/DevicePressureCorrection.hpp:159:73: error: code should be clang-formatted [-Wclang-format-violations]
                                      const DeviceBuffer<cfd::Real>& dU,
                                                                        ^
include/cfd/gpu/DevicePressureCorrection.hpp:160:73: error: code should be clang-formatted [-Wclang-format-violations]
                                      const DeviceBuffer<cfd::Real>& dV,
                                                                        ^
include/cfd/gpu/DevicePressureCorrection.hpp:161:73: error: code should be clang-formatted [-Wclang-format-violations]
                                      const DeviceBuffer<cfd::Real>* dW,
                                                                        ^
include/cfd/gpu/DevicePressureCorrection.hpp:162:97: error: code should be clang-formatted [-Wclang-format-violations]
                                      const DeviceBuffer<cfd::Real>* previousPressureCorrection,
                                                                                                ^
include/cfd/gpu/DevicePressureCorrection.hpp:163:86: error: code should be clang-formatted [-Wclang-format-violations]
                                      const PressureCorrectionOptionsDevice& options,
                                                                                     ^
include/cfd/gpu/GpuSimpleDiscretization.hpp:164:62: error: code should be clang-formatted [-Wclang-format-violations]
      cfd::Real relaxationAlpha, cfd::Index convectionScheme,
                                                             ^
include/cfd/gpu/VectorBoundaryEncoding.hpp:49:30: error: code should be clang-formatted [-Wclang-format-violations]
      Vector2{0.0, 0.0, 0.0},        Vector2{1.0, 0.0, 0.0},      Vector2{0.0, 1.0, 0.0},
                             ^
include/cfd/gpu/VectorBoundaryEncoding.hpp:49:61: error: code should be clang-formatted [-Wclang-format-violations]
      Vector2{0.0, 0.0, 0.0},        Vector2{1.0, 0.0, 0.0},      Vector2{0.0, 1.0, 0.0},
                                                            ^
include/cfd/gpu/VectorBoundaryEncoding.hpp:50:30: error: code should be clang-formatted [-Wclang-format-violations]
      Vector2{0.0, 0.0, 1.0},        Vector2{-1.0, 2.5, -0.25},   Vector2{3.5, -7.125, 0.5},
                             ^
include/cfd/gpu/VectorBoundaryEncoding.hpp:50:64: error: code should be clang-formatted [-Wclang-format-violations]
      Vector2{0.0, 0.0, 1.0},        Vector2{-1.0, 2.5, -0.25},   Vector2{3.5, -7.125, 0.5},
                                                               ^
include/cfd/gpu/VectorBoundaryEncoding.hpp:51:32: error: code should be clang-formatted [-Wclang-format-violations]
      Vector2{1e3, -1e-3, 2.0},      Vector2{0.3, 0.7, -0.9},     Vector2{-2.75, -0.125, 4.0},
                               ^
include/cfd/gpu/VectorBoundaryEncoding.hpp:51:62: error: code should be clang-formatted [-Wclang-format-violations]
      Vector2{1e3, -1e-3, 2.0},      Vector2{0.3, 0.7, -0.9},     Vector2{-2.75, -0.125, 4.0},
                                                             ^
src/pressure_velocity/SIMPLE.cpp:9:1: error: code should be clang-formatted [-Wclang-format-violations]
#include "cfd/algebra/LinearSolverFactory.hpp"
^
src/pressure_velocity/SIMPLE.cpp:321:39: error: code should be clang-formatted [-Wclang-format-violations]
      cfd::Logger::instance().warning(
                                      ^
src/pressure_velocity/SIMPLE.cpp:322:69: error: code should be clang-formatted [-Wclang-format-violations]
          "SIMPLE: GPU discretization requested but unavailable (" + reason +
                                                                    ^
src/pressure_velocity/SIMPLE.cpp:322:78: error: code should be clang-formatted [-Wclang-format-violations]
          "SIMPLE: GPU discretization requested but unavailable (" + reason +
                                                                             ^
src/pressure_velocity/SIMPLE.cpp:504:38: error: code should be clang-formatted [-Wclang-format-violations]
        uAssembly = MomentumAssembly{
                                     ^
src/pressure_velocity/SIMPLE.cpp:505:48: error: code should be clang-formatted [-Wclang-format-violations]
            gpuDiscretization.assembleMomentum(0, previousU, relaxation.velocity, scheme,
                                               ^
src/pressure_velocity/SIMPLE.cpp:505:90: error: code should be clang-formatted [-Wclang-format-violations]
            gpuDiscretization.assembleMomentum(0, previousU, relaxation.velocity, scheme,
                                                                                         ^
src/pressure_velocity/SIMPLE.cpp:506:63: error: code should be clang-formatted [-Wclang-format-violations]
                                               nonOrthogonal),
                                                              ^
src/pressure_velocity/SIMPLE.cpp:508:38: error: code should be clang-formatted [-Wclang-format-violations]
        vAssembly = MomentumAssembly{
                                     ^
src/pressure_velocity/SIMPLE.cpp:509:48: error: code should be clang-formatted [-Wclang-format-violations]
            gpuDiscretization.assembleMomentum(1, previousV, relaxation.velocity, scheme,
                                               ^
src/pressure_velocity/SIMPLE.cpp:509:90: error: code should be clang-formatted [-Wclang-format-violations]
            gpuDiscretization.assembleMomentum(1, previousV, relaxation.velocity, scheme,
                                                                                         ^
src/pressure_velocity/SIMPLE.cpp:510:63: error: code should be clang-formatted [-Wclang-format-violations]
                                               nonOrthogonal),
                                                              ^
src/pressure_velocity/SIMPLE.cpp:513:22: error: code should be clang-formatted [-Wclang-format-violations]
          wAssembly = MomentumAssembly{
                     ^
src/pressure_velocity/SIMPLE.cpp:513:40: error: code should be clang-formatted [-Wclang-format-violations]
          wAssembly = MomentumAssembly{
                                       ^
src/pressure_velocity/SIMPLE.cpp:514:50: error: code should be clang-formatted [-Wclang-format-violations]
              gpuDiscretization.assembleMomentum(2, *previousW, relaxation.velocity, scheme,
                                                 ^
src/pressure_velocity/SIMPLE.cpp:514:93: error: code should be clang-formatted [-Wclang-format-violations]
              gpuDiscretization.assembleMomentum(2, *previousW, relaxation.velocity, scheme,
                                                                                            ^
src/pressure_velocity/SIMPLE.cpp:515:65: error: code should be clang-formatted [-Wclang-format-violations]
                                                 nonOrthogonal),
                                                                ^
src/pressure_velocity/SIMPLE.cpp:812:48: error: code should be clang-formatted [-Wclang-format-violations]
        pAssembly = PressureCorrectionAssembly{
                                               ^
src/pressure_velocity/SIMPLE.cpp:813:58: error: code should be clang-formatted [-Wclang-format-violations]
            gpuDiscretization.assemblePressureCorrection(pressureOptions.nonOrthogonal,
                                                         ^
src/pressure_velocity/SIMPLE.cpp:813:88: error: code should be clang-formatted [-Wclang-format-violations]
            gpuDiscretization.assemblePressureCorrection(pressureOptions.nonOrthogonal,
                                                                                       ^
src/pressure_velocity/SIMPLE.cpp:814:73: error: code should be clang-formatted [-Wclang-format-violations]
                                                         referenceCell_, fluid.density(), nullptr,
                                                                        ^
src/pressure_velocity/SIMPLE.cpp:814:99: error: code should be clang-formatted [-Wclang-format-violations]
                                                         referenceCell_, fluid.density(), nullptr,
                                                                                                  ^
src/pressure_velocity/SIMPLE.cpp:815:76: error: code should be clang-formatted [-Wclang-format-violations]
                                                         threeDimensional),
                                                                           ^
