[0/1] Re-running CMake...
-- Using the multi-header code from /mnt/c/Users/Hasib/Desktop/CFDAPP/CFDApp/build/debug/_deps/nlohmann_json-src/include/
-- QtDeploy.cmake: not on Windows -- windeployqt step skipped (this is expected on the Linux/WSL development environment; see docs/developer_guide/packaging.md).
-- Configuring done
-- Generating done
-- Build files have been written to: /mnt/c/Users/Hasib/Desktop/CFDAPP/CFDApp/build/debug
[1/157] Building CXX object src/CMakeFiles/cfdcore.dir/gpu/GPUExecutionStats.cpp.o
[2/157] Building CXX object src/CMakeFiles/cfdcore.dir/algebra/LinearSolverFactory.cpp.o
[3/157] Building CXX object src/CMakeFiles/cfdcore.dir/gpu/GpuSimpleDiscretization.cpp.o
[4/157] Building CXX object src/CMakeFiles/cfdcore.dir/pressure_velocity/SIMPLESettings.cpp.o
[5/157] Building CXX object src/CMakeFiles/cfdcore.dir/io/CSVWriter.cpp.o
[6/157] Building CXX object src/CMakeFiles/cfdcore.dir/io/VTKWriter.cpp.o
[7/157] Building CXX object src/CMakeFiles/cfdcore.dir/io/ResultExporter.cpp.o
[8/157] Building CXX object apps/cli/CMakeFiles/cfdapp.dir/main.cpp.o
[9/157] Building CXX object src/CMakeFiles/cfdcore.dir/pressure_velocity/SIMPLE.cpp.o
[10/157] Building CXX object src/CMakeFiles/cfdcore.dir/io/CaseBuilder.cpp.o
[11/157] Building CXX object tests/unit/core/CMakeFiles/CFDCoreTests.dir/test_gpu_backend.cpp.o
[12/157] Building CXX object tests/unit/algebra/CMakeFiles/CFDAlgebraTests.dir/test_linear_solver_factory.cpp.o
[13/157] Building CXX object src/CMakeFiles/cfdcore.dir/app/CaseSession.cpp.o
[14/157] Building CXX object src/CMakeFiles/cfdcore.dir/io/JSONWriter.cpp.o
[15/157] Building CXX object src/CMakeFiles/cfdcore.dir/app/ProjectRunner.cpp.o
[16/157] Building CXX object src/CMakeFiles/cfdcore.dir/app/VisualizationSnapshot.cpp.o
[17/157] Building CXX object tests/unit/app/CMakeFiles/CFDAppLayerTests.dir/test_project_runner.cpp.o
[18/157] Building CXX object tests/integration/case/CMakeFiles/CFDCaseIntegrationTests.dir/MeshQualityCampaign.cpp.o
[19/157] Building CXX object tests/unit/app/CMakeFiles/CFDAppLayerTests.dir/test_case_session.cpp.o
[20/157] Building CXX object tests/unit/io/CMakeFiles/CFDIoTests.dir/test_case_builder.cpp.o
[21/157] Building CXX object tests/unit/io/CMakeFiles/CFDIoTests.dir/test_thermal_case.cpp.o
[22/157] Building CXX object src/CMakeFiles/cfdcore.dir/validation/ProductionValidation.cpp.o
[23/157] Building CXX object src/CMakeFiles/cfdcore.dir/validation/GridConvergenceStudy.cpp.o
[24/157] Building CXX object tests/unit/discretization/CMakeFiles/CFDDiscretizationTests.dir/test_operators3d.cpp.o
[25/157] Building CXX object tests/unit/io/CMakeFiles/CFDIoTests.dir/test_turbulence_case.cpp.o
[26/157] Building CXX object tests/unit/io/CMakeFiles/CFDIoTests.dir/test_boussinesq_case.cpp.o
[27/157] Building CXX object tests/unit/io/CMakeFiles/CFDIoTests.dir/test_multiphase_case.cpp.o
[28/157] Building CXX object tests/unit/io/CMakeFiles/CFDIoTests.dir/test_species_case.cpp.o
[29/157] Building CXX object tests/unit/io/CMakeFiles/CFDIoTests.dir/test_compressible_case.cpp.o
[30/157] Building CXX object tests/unit/io/CMakeFiles/CFDIoTests.dir/test_csv_writer.cpp.o
[31/157] Building CXX object tests/unit/io/CMakeFiles/CFDIoTests.dir/test_physics_compatibility.cpp.o
[32/157] Building CXX object tests/unit/io/CMakeFiles/CFDIoTests.dir/test_vtk_writer.cpp.o
[33/157] Building CXX object tests/unit/io/CMakeFiles/CFDIoTests.dir/test_robustness_config.cpp.o
[34/157] Building CXX object tests/unit/io/CMakeFiles/CFDIoTests.dir/test_mesh_quality_case.cpp.o
[35/157] Building CXX object tests/integration/case/CMakeFiles/CFDCaseIntegrationTests.dir/test_3d_production_cases.cpp.o
[36/157] Building CXX object tests/unit/io/CMakeFiles/CFDIoTests.dir/test_vtk3d.cpp.o
[37/157] Building CXX object tests/unit/io/CMakeFiles/CFDIoTests.dir/test_json_writer.cpp.o
[38/157] Building CXX object tests/solver/simple/CMakeFiles/CFDSimpleTests.dir/test_simple_settings.cpp.o
[39/157] Building CXX object tests/unit/app/CMakeFiles/CFDAppLayerTests.dir/test_visualization_snapshot.cpp.o
[40/157] Building CXX object tests/solver/simple/CMakeFiles/CFDSimpleTests.dir/test_simple_continuity.cpp.o
[41/157] Building CXX object tests/unit/io/CMakeFiles/CFDIoTests.dir/test_graded_mesh_case.cpp.o
[42/157] Building CXX object tests/unit/io/CMakeFiles/CFDIoTests.dir/test_structured_quad_case.cpp.o
[43/157] Building CXX object tests/solver/simple/CMakeFiles/CFDSimpleTests.dir/test_simple_convergence.cpp.o
[44/157] Building CXX object tests/solver/simple/CMakeFiles/CFDSimpleTests.dir/test_simple_failure.cpp.o
[45/157] Building CXX object tests/solver/simple/CMakeFiles/CFDSimpleTests.dir/test_simple_nonfinite.cpp.o
[46/157] Building CXX object tests/solver/simple/CMakeFiles/CFDSimpleTests.dir/test_simple_determinism.cpp.o
[47/157] Building CXX object tests/solver/simple/CMakeFiles/CFDSimpleTests.dir/test_simple_turbulence.cpp.o
[48/157] Building CXX object tests/unit/io/CMakeFiles/CFDIoTests.dir/test_multiblock_case.cpp.o
[49/157] Building CXX object tests/solver/simple/CMakeFiles/CFDSimpleTests.dir/test_simple_kepsilon.cpp.o
[50/157] Building CXX object tests/unit/io/CMakeFiles/CFDIoTests.dir/test_case3d.cpp.o
[51/157] Building CXX object tests/solver/simple/CMakeFiles/CFDSimpleTests.dir/test_simple_komega.cpp.o
[52/157] Building CXX object tests/solver/simple/CMakeFiles/CFDSimpleTests.dir/test_simple_sst.cpp.o
[53/157] Building CXX object tests/solver/simple/CMakeFiles/CFDSimpleTests.dir/test_simple_turbulence_models.cpp.o
[54/157] Building CXX object tests/solver/simple/CMakeFiles/CFDSimpleTests.dir/test_simple_buoyancy.cpp.o
[55/157] Building CXX object tests/solver/simple/CMakeFiles/CFDSimpleTests.dir/test_simple_gpu_residency.cpp.o
[56/157] Building CXX object tests/unit/validation/CMakeFiles/CFDValidationUnitTests.dir/test_manufactured_solutions.cpp.o
[57/157] Building CXX object tests/solver/simple/CMakeFiles/CFDSimpleTests.dir/test_simple_gpu_solver.cpp.o
[58/157] Building CXX object tests/unit/validation/CMakeFiles/CFDValidationUnitTests.dir/test_grid_convergence_study.cpp.o
[59/157] Building CXX object tests/unit/validation/CMakeFiles/CFDValidationUnitTests.dir/test_production_validation.cpp.o
[60/157] Building CXX object tests/solver/simple/CMakeFiles/CFDSimpleTests.dir/test_simple_non_orthogonal.cpp.o
[61/157] Building CXX object tests/solver/simple/CMakeFiles/CFDSimpleTests.dir/test_simple_robustness.cpp.o
[62/157] Building CXX object tests/solver/compressible_simple/CMakeFiles/CFDCompressibleSimpleTests.dir/test_compressible_simple.cpp.o
[63/157] Building CXX object tests/solver/compressible_simple/CMakeFiles/CFDCompressibleSimpleTests.dir/test_compressible_non_orthogonal.cpp.o
[64/157] Building CXX object tests/integration/cavity/CMakeFiles/CFDCavityValidationTests.dir/CavityProductionCase.cpp.o
[65/157] Building CXX object tests/solver/compressible_simple/CMakeFiles/CFDCompressibleSimpleTests.dir/test_compressible_robustness.cpp.o
[66/157] Building CXX object tests/solver/simple/CMakeFiles/CFDSimpleTests.dir/test_simple3d.cpp.o
[67/157] Building CXX object tests/integration/cavity/CMakeFiles/CFDCavityValidationTests.dir/test_cavity_production_validation.cpp.o
[68/157] Building CXX object tests/integration/cavity/CMakeFiles/CFDCavityValidationTests.dir/test_scheme_validation.cpp.o
[69/157] Building CXX object tests/integration/cavity/CMakeFiles/CFDCavityValidationTests.dir/test_cavity_ghia.cpp.o
[70/157] Building CXX object tests/integration/cavity/CMakeFiles/CFDCavityValidationTests.dir/test_transient_cavity.cpp.o
[71/157] Building CXX object tests/integration/poiseuille/CMakeFiles/CFDPoiseuilleValidationTests.dir/test_transient_poiseuille.cpp.o
[72/157] Building CXX object tests/integration/poiseuille/CMakeFiles/CFDPoiseuilleValidationTests.dir/test_poiseuille_validation.cpp.o
[73/157] Building CXX object tests/integration/thermal/CMakeFiles/CFDHeatedCavityValidationTests.dir/test_heated_cavity_validation.cpp.o
[74/157] Building CXX object tests/integration/poiseuille/CMakeFiles/CFDPoiseuilleValidationTests.dir/test_poiseuille_production_validation.cpp.o
[75/157] Building CXX object tests/solver/piso/CMakeFiles/CFDPisoTests.dir/test_ale_piso.cpp.o
[76/157] Building CXX object tests/integration/thermal/CMakeFiles/CFDBoussinesqCouplingTests.dir/test_boussinesq_coupling.cpp.o
[77/157] Building CXX object tests/integration/case/CMakeFiles/CFDCaseIntegrationTests.dir/test_case_lid_driven_cavity.cpp.o
[78/157] Building CXX object tests/integration/case/CMakeFiles/CFDCaseIntegrationTests.dir/test_multiphase_production_case.cpp.o
[79/157] Building CXX object tests/integration/case/CMakeFiles/CFDCaseIntegrationTests.dir/test_species_production_case.cpp.o
[80/157] Building CXX object tests/integration/thermal/CMakeFiles/CFDNaturalConvectionValidationTests.dir/test_natural_convection_validation.cpp.o
[81/157] Building CXX object tests/integration/case/CMakeFiles/CFDCaseIntegrationTests.dir/test_compressible_production_case.cpp.o
[82/157] Building CXX object tests/integration/case/CMakeFiles/CFDCaseIntegrationTests.dir/test_heated_species_diffusion_production_case.cpp.o
[83/157] Building CXX object tests/integration/case/CMakeFiles/CFDCaseIntegrationTests.dir/test_compressible_coupled_production_case.cpp.o
[84/157] Building CXX object tests/integration/species/CMakeFiles/CFDSpeciesCouplingValidationTests.dir/test_species_solver_coupling.cpp.o
[85/157] Building CXX object tests/integration/io/CMakeFiles/CFDResultExportIntegrationTests.dir/test_paraview_smoke.cpp.o
[86/157] Building CXX object tests/integration/case/CMakeFiles/CFDCaseIntegrationTests.dir/test_mesh_quality_campaign.cpp.o
[87/157] Building CXX object tests/integration/compressible/CMakeFiles/CFDLowMachRegressionTests.dir/test_low_mach_regression.cpp.o
[88/157] Building CXX object benchmarks/cpu/CMakeFiles/cfd_benchmark_openmp_scaling.dir/benchmark_openmp_scaling.cpp.o
[89/157] Building CXX object tests/integration/backward_facing_step/CMakeFiles/CFDBackwardFacingStepTests.dir/BackwardFacingStepCase.cpp.o
[90/157] Building CXX object tests/integration/turbulence_channel/CMakeFiles/CFDTurbulenceChannelValidationTests.dir/test_channel_flow_validation.cpp.o
[91/157] Building CXX object tests/integration/mms/CMakeFiles/CFDMMSValidationTests.dir/MMSCases.cpp.o
[92/157] Building CXX object tests/integration/case/CMakeFiles/CFDCaseIntegrationTests.dir/test_structured_quad_production_case.cpp.o
[93/157] Building CXX object tests/integration/backward_facing_step/CMakeFiles/CFDBackwardFacingStepTests.dir/test_backward_facing_step.cpp.o
[94/157] Building CXX object tests/integration/case/CMakeFiles/CFDCaseIntegrationTests.dir/test_graded_mesh_production_case.cpp.o
[95/157] Building CXX object tests/integration/mms/CMakeFiles/CFDMMSValidationTests.dir/test_mms_simple3d.cpp.o
[96/157] Building CXX object benchmarks/cpu/CMakeFiles/cfd_benchmark_cpu.dir/benchmark_runner.cpp.o
[97/157] Building CXX object tests/integration/io/CMakeFiles/CFDResultExportIntegrationTests.dir/test_result_export.cpp.o
[98/157] Building CXX object tests/integration/case/CMakeFiles/CFDCaseIntegrationTests.dir/test_multiblock_production_case.cpp.o
[99/157] Linking CXX static library src/libcfdcore.a
[100/157] Linking CXX executable tests/unit/core/CFDCoreTests
[101/157] Linking CXX executable tests/unit/fields/CFDFieldTests
[102/157] Linking CXX executable tests/unit/multiphase/CFDMultiphaseTests
[103/157] Linking CXX executable tests/unit/boundary/CFDBoundaryTests
[104/157] Linking CXX executable tests/unit/species/CFDSpeciesTests
[105/157] Linking CXX executable tests/unit/algebra/CFDAlgebraTests
[106/157] Linking CXX executable tests/unit/compressible/CFDCompressibleTests
[107/157] Linking CXX executable tests/unit/thermal/CFDThermalTests
[108/157] Linking CXX executable tests/unit/physics/CFDPhysicsTests
[109/157] Linking CXX executable tests/unit/solver/CFDSolverTests
[110/157] Linking CXX executable tests/unit/viz/CFDVizTests
[111/157] Linking CXX executable tests/unit/mesh/CFDMeshTests
[112/157] Linking CXX executable tests/unit/turbulence/CFDTurbulenceTests
[113/157] Linking CXX executable apps/cli/cfdapp
[114/157] Linking CXX executable tests/integration/thermal/CFDConjugateHeatTransferValidationTests
[115/157] Linking CXX executable tests/unit/discretization/CFDDiscretizationTests
[116/157] Linking CXX executable tests/solver/compressible_simple/CFDCompressibleSimpleTests
[117/157] Linking CXX executable tests/solver/piso/CFDPisoTests
[118/157] Linking CXX executable tests/integration/thermal/CFDHeatedCavityValidationTests
[119/157] Linking CXX executable tests/integration/thermal/CFDBoussinesqCouplingTests
[120/157] Linking CXX executable tests/unit/app/CFDAppLayerTests
[121/157] Linking CXX executable tests/integration/species/CFDSpeciesDiffusionValidationTests
[122/157] Linking CXX executable tests/solver/simple/CFDSimpleTests
[123/157] Linking CXX executable tests/integration/thermal/CFDNaturalConvectionValidationTests
[124/157] Linking CXX executable tests/integration/cavity/CFDCavityValidationTests
[125/157] Linking CXX executable tests/integration/species/CFDSpeciesAdvectionDiffusionValidationTests
[126/157] Linking CXX executable tests/integration/poiseuille/CFDPoiseuilleValidationTests
[127/157] Automatic MOC for target cfdapp_gui
[128/157] Linking CXX executable tests/integration/species/CFDSpeciesConservationValidationTests
[129/157] Linking CXX executable tests/unit/validation/CFDValidationUnitTests
[130/157] Linking CXX executable tests/integration/multiphase/CFDMultiphaseUniformFieldTests
[131/157] Linking CXX executable tests/integration/restart/CFDRestartIntegrationTests
[132/157] Building CXX object apps/gui/CMakeFiles/cfdapp_gui.dir/main.cpp.o
[133/157] Automatic MOC for target CFDGuiControllerTests
[134/157] Building CXX object apps/gui/CMakeFiles/cfdapp_gui.dir/cfdapp_gui_autogen/mocs_compilation.cpp.o
[135/157] Linking CXX executable tests/integration/multiphase/CFDMultiphaseAdvectionValidationTests
[136/157] Building CXX object apps/gui/CMakeFiles/cfdapp_gui.dir/SimulationController.cpp.o
[137/157] Linking CXX executable tests/integration/species/CFDSpeciesCouplingValidationTests
[138/157] Building CXX object apps/gui/CMakeFiles/cfdapp_gui.dir/SimulationControllerEditing.cpp.o
/mnt/c/Users/Hasib/Desktop/CFDAPP/CFDApp/apps/gui/SimulationControllerEditing.cpp: In function ‘QString {anonymous}::fieldForMessage(const QString&)’:
/mnt/c/Users/Hasib/Desktop/CFDAPP/CFDApp/apps/gui/SimulationControllerEditing.cpp:86:36: warning: conversion from ‘qsizetype’ {aka ‘long long int’} to ‘int’ may change value [-Wconversion]
   86 |   const int start = message.indexOf(kMarker);
      |                     ~~~~~~~~~~~~~~~^~~~~~~~~
/mnt/c/Users/Hasib/Desktop/CFDAPP/CFDApp/apps/gui/SimulationControllerEditing.cpp:88:31: warning: conversion from ‘qsizetype’ {aka ‘long long int’} to ‘int’ may change value [-Wconversion]
   88 |   const int nameStart = start + kMarker.size();
      |                         ~~~~~~^~~~~~~~~~~~~~~~
/mnt/c/Users/Hasib/Desktop/CFDAPP/CFDApp/apps/gui/SimulationControllerEditing.cpp:89:38: warning: conversion from ‘qsizetype’ {aka ‘long long int’} to ‘int’ may change value [-Wconversion]
   89 |   const int nameEnd = message.indexOf(QLatin1Char('"'), nameStart);
      |                       ~~~~~~~~~~~~~~~^~~~~~~~~~~~~~~~~~~~~~~~~~~~~
[139/157] Linking CXX executable tests/integration/multiphase/CFDMultiphaseConservationValidationTests
[140/157] Linking CXX executable tests/integration/multiphase/CFDMultiphaseSinglePhaseEquivalenceTests
[141/157] Linking CXX executable benchmarks/cpu/cfd_benchmark_spmv_scaling
[142/157] Linking CXX executable benchmarks/cpu/cfd_benchmark_openmp_scaling
[143/157] Linking CXX executable tests/integration/io/CFDResultExportIntegrationTests
[144/157] Building CXX object apps/gui/CMakeFiles/CFDGuiControllerTests.dir/CFDGuiControllerTests_autogen/mocs_compilation.cpp.o
[145/157] Linking CXX executable tests/unit/io/CFDIoTests
[146/157] Linking CXX executable tests/integration/turbulence_channel/CFDTurbulenceChannelValidationTests
[147/157] Building CXX object apps/gui/CMakeFiles/CFDGuiControllerTests.dir/SimulationController.cpp.o
[148/157] Building CXX object apps/gui/CMakeFiles/CFDGuiControllerTests.dir/tests/test_simulation_controller.cpp.o
[149/157] Building CXX object apps/gui/CMakeFiles/CFDGuiControllerTests.dir/SimulationControllerEditing.cpp.o
/mnt/c/Users/Hasib/Desktop/CFDAPP/CFDApp/apps/gui/SimulationControllerEditing.cpp: In function ‘QString {anonymous}::fieldForMessage(const QString&)’:
/mnt/c/Users/Hasib/Desktop/CFDAPP/CFDApp/apps/gui/SimulationControllerEditing.cpp:86:36: warning: conversion from ‘qsizetype’ {aka ‘long long int’} to ‘int’ may change value [-Wconversion]
   86 |   const int start = message.indexOf(kMarker);
      |                     ~~~~~~~~~~~~~~~^~~~~~~~~
/mnt/c/Users/Hasib/Desktop/CFDAPP/CFDApp/apps/gui/SimulationControllerEditing.cpp:88:31: warning: conversion from ‘qsizetype’ {aka ‘long long int’} to ‘int’ may change value [-Wconversion]
   88 |   const int nameStart = start + kMarker.size();
      |                         ~~~~~~^~~~~~~~~~~~~~~~
/mnt/c/Users/Hasib/Desktop/CFDAPP/CFDApp/apps/gui/SimulationControllerEditing.cpp:89:38: warning: conversion from ‘qsizetype’ {aka ‘long long int’} to ‘int’ may change value [-Wconversion]
   89 |   const int nameEnd = message.indexOf(QLatin1Char('"'), nameStart);
      |                       ~~~~~~~~~~~~~~~^~~~~~~~~~~~~~~~~~~~~~~~~~~~~
[150/157] Linking CXX executable tests/integration/compressible/CFDLowMachRegressionTests
[151/157] Linking CXX executable benchmarks/cpu/cfd_benchmark_cpu
[152/157] Building CXX object apps/gui/CMakeFiles/CFDGuiControllerTests.dir/tests/test_case_editing.cpp.o
[153/157] Linking CXX executable tests/integration/backward_facing_step/CFDBackwardFacingStepTests
[154/157] Linking CXX executable tests/integration/mms/CFDMMSValidationTests
[155/157] Linking CXX executable tests/integration/case/CFDCaseIntegrationTests
[156/157] Linking CXX executable apps/gui/cfdapp_gui
[157/157] Linking CXX executable apps/gui/CFDGuiControllerTests
