[0/1] Re-running CMake...
-- CFDApp: AddressSanitizer + UndefinedBehaviorSanitizer enabled (GNU).
-- Using the multi-header code from /mnt/c/Users/Hasib/Desktop/CFDAPP/CFDApp/build/asan/_deps/nlohmann_json-src/include/
-- Configuring done
-- Generating done
-- Build files have been written to: /mnt/c/Users/Hasib/Desktop/CFDAPP/CFDApp/build/asan
[1/144] Building CXX object src/CMakeFiles/cfdcore.dir/gpu/GPUExecutionStats.cpp.o
[2/144] Building CXX object src/CMakeFiles/cfdcore.dir/gpu/GpuSimpleDiscretization.cpp.o
[3/144] Building CXX object src/CMakeFiles/cfdcore.dir/algebra/LinearSolverFactory.cpp.o
[4/144] Building CXX object src/CMakeFiles/cfdcore.dir/pressure_velocity/SIMPLESettings.cpp.o
[5/144] Building CXX object src/CMakeFiles/cfdcore.dir/io/CSVWriter.cpp.o
[6/144] Building CXX object src/CMakeFiles/cfdcore.dir/io/VTKWriter.cpp.o
[7/144] Building CXX object src/CMakeFiles/cfdcore.dir/io/ResultExporter.cpp.o
[8/144] Building CXX object apps/cli/CMakeFiles/cfdapp.dir/main.cpp.o
[9/144] Building CXX object src/CMakeFiles/cfdcore.dir/pressure_velocity/SIMPLE.cpp.o
[10/144] Building CXX object tests/unit/core/CMakeFiles/CFDCoreTests.dir/test_gpu_backend.cpp.o
[11/144] Building CXX object src/CMakeFiles/cfdcore.dir/io/CaseBuilder.cpp.o
[12/144] Building CXX object tests/unit/algebra/CMakeFiles/CFDAlgebraTests.dir/test_linear_solver_factory.cpp.o
[13/144] Building CXX object src/CMakeFiles/cfdcore.dir/io/JSONWriter.cpp.o
[14/144] Building CXX object tests/unit/app/CMakeFiles/CFDAppLayerTests.dir/test_project_runner.cpp.o
[15/144] Building CXX object tests/integration/case/CMakeFiles/CFDCaseIntegrationTests.dir/MeshQualityCampaign.cpp.o
[16/144] Building CXX object tests/unit/io/CMakeFiles/CFDIoTests.dir/test_case_builder.cpp.o
[17/144] Building CXX object tests/unit/io/CMakeFiles/CFDIoTests.dir/test_thermal_case.cpp.o
[18/144] Building CXX object src/CMakeFiles/cfdcore.dir/app/CaseSession.cpp.o
[19/144] Building CXX object src/CMakeFiles/cfdcore.dir/app/VisualizationSnapshot.cpp.o
[20/144] Building CXX object tests/unit/io/CMakeFiles/CFDIoTests.dir/test_turbulence_case.cpp.o
[21/144] Building CXX object src/CMakeFiles/cfdcore.dir/app/ProjectRunner.cpp.o
[22/144] Building CXX object tests/unit/io/CMakeFiles/CFDIoTests.dir/test_boussinesq_case.cpp.o
[23/144] Building CXX object tests/unit/discretization/CMakeFiles/CFDDiscretizationTests.dir/test_operators3d.cpp.o
[24/144] Building CXX object tests/unit/io/CMakeFiles/CFDIoTests.dir/test_species_case.cpp.o
[25/144] Building CXX object tests/unit/io/CMakeFiles/CFDIoTests.dir/test_multiphase_case.cpp.o
[26/144] Building CXX object src/CMakeFiles/cfdcore.dir/validation/ProductionValidation.cpp.o
[27/144] Building CXX object tests/unit/io/CMakeFiles/CFDIoTests.dir/test_compressible_case.cpp.o
[28/144] Building CXX object src/CMakeFiles/cfdcore.dir/validation/GridConvergenceStudy.cpp.o
[29/144] Building CXX object tests/unit/io/CMakeFiles/CFDIoTests.dir/test_physics_compatibility.cpp.o
[30/144] Building CXX object tests/unit/io/CMakeFiles/CFDIoTests.dir/test_csv_writer.cpp.o
[31/144] Building CXX object tests/unit/io/CMakeFiles/CFDIoTests.dir/test_vtk_writer.cpp.o
[32/144] Building CXX object tests/unit/io/CMakeFiles/CFDIoTests.dir/test_robustness_config.cpp.o
[33/144] Building CXX object tests/unit/io/CMakeFiles/CFDIoTests.dir/test_mesh_quality_case.cpp.o
[34/144] Building CXX object tests/unit/io/CMakeFiles/CFDIoTests.dir/test_vtk3d.cpp.o
[35/144] Building CXX object tests/unit/app/CMakeFiles/CFDAppLayerTests.dir/test_visualization_snapshot.cpp.o
[36/144] Building CXX object tests/unit/app/CMakeFiles/CFDAppLayerTests.dir/test_case_session.cpp.o
[37/144] Building CXX object tests/integration/case/CMakeFiles/CFDCaseIntegrationTests.dir/test_3d_production_cases.cpp.o
[38/144] Building CXX object tests/solver/simple/CMakeFiles/CFDSimpleTests.dir/test_simple_settings.cpp.o
[39/144] Building CXX object tests/solver/simple/CMakeFiles/CFDSimpleTests.dir/test_simple_continuity.cpp.o
[40/144] Building CXX object tests/solver/simple/CMakeFiles/CFDSimpleTests.dir/test_simple_convergence.cpp.o
[41/144] Building CXX object tests/solver/simple/CMakeFiles/CFDSimpleTests.dir/test_simple_failure.cpp.o
[42/144] Building CXX object tests/unit/io/CMakeFiles/CFDIoTests.dir/test_graded_mesh_case.cpp.o
[43/144] Building CXX object tests/unit/io/CMakeFiles/CFDIoTests.dir/test_json_writer.cpp.o
[44/144] Building CXX object tests/solver/simple/CMakeFiles/CFDSimpleTests.dir/test_simple_nonfinite.cpp.o
[45/144] Building CXX object tests/solver/simple/CMakeFiles/CFDSimpleTests.dir/test_simple_determinism.cpp.o
[46/144] Building CXX object tests/unit/io/CMakeFiles/CFDIoTests.dir/test_structured_quad_case.cpp.o
[47/144] Building CXX object tests/solver/simple/CMakeFiles/CFDSimpleTests.dir/test_simple_turbulence.cpp.o
[48/144] Building CXX object tests/unit/io/CMakeFiles/CFDIoTests.dir/test_case3d.cpp.o
[49/144] Building CXX object tests/solver/simple/CMakeFiles/CFDSimpleTests.dir/test_simple_kepsilon.cpp.o
[50/144] Building CXX object tests/solver/simple/CMakeFiles/CFDSimpleTests.dir/test_simple_komega.cpp.o
[51/144] Building CXX object tests/unit/io/CMakeFiles/CFDIoTests.dir/test_multiblock_case.cpp.o
[52/144] Building CXX object tests/solver/simple/CMakeFiles/CFDSimpleTests.dir/test_simple_sst.cpp.o
[53/144] Building CXX object tests/solver/simple/CMakeFiles/CFDSimpleTests.dir/test_simple_turbulence_models.cpp.o
[54/144] Building CXX object tests/solver/simple/CMakeFiles/CFDSimpleTests.dir/test_simple_buoyancy.cpp.o
[55/144] Building CXX object tests/solver/simple/CMakeFiles/CFDSimpleTests.dir/test_simple_gpu_residency.cpp.o
[56/144] Building CXX object tests/solver/simple/CMakeFiles/CFDSimpleTests.dir/test_simple_gpu_solver.cpp.o
[57/144] Building CXX object tests/solver/simple/CMakeFiles/CFDSimpleTests.dir/test_simple_robustness.cpp.o
[58/144] Building CXX object tests/solver/simple/CMakeFiles/CFDSimpleTests.dir/test_simple_non_orthogonal.cpp.o
[59/144] Building CXX object tests/unit/validation/CMakeFiles/CFDValidationUnitTests.dir/test_production_validation.cpp.o
[60/144] Building CXX object tests/unit/validation/CMakeFiles/CFDValidationUnitTests.dir/test_grid_convergence_study.cpp.o
[61/144] Building CXX object tests/unit/validation/CMakeFiles/CFDValidationUnitTests.dir/test_manufactured_solutions.cpp.o
[62/144] Building CXX object tests/solver/simple/CMakeFiles/CFDSimpleTests.dir/test_simple3d.cpp.o
[63/144] Building CXX object tests/solver/compressible_simple/CMakeFiles/CFDCompressibleSimpleTests.dir/test_compressible_simple.cpp.o
[64/144] Building CXX object tests/solver/compressible_simple/CMakeFiles/CFDCompressibleSimpleTests.dir/test_compressible_robustness.cpp.o
[65/144] Building CXX object tests/solver/compressible_simple/CMakeFiles/CFDCompressibleSimpleTests.dir/test_compressible_non_orthogonal.cpp.o
[66/144] Building CXX object tests/integration/cavity/CMakeFiles/CFDCavityValidationTests.dir/CavityProductionCase.cpp.o
[67/144] Building CXX object tests/integration/cavity/CMakeFiles/CFDCavityValidationTests.dir/test_scheme_validation.cpp.o
[68/144] Building CXX object tests/integration/cavity/CMakeFiles/CFDCavityValidationTests.dir/test_transient_cavity.cpp.o
[69/144] Building CXX object tests/integration/cavity/CMakeFiles/CFDCavityValidationTests.dir/test_cavity_production_validation.cpp.o
[70/144] Building CXX object tests/integration/cavity/CMakeFiles/CFDCavityValidationTests.dir/test_cavity_ghia.cpp.o
[71/144] Building CXX object tests/integration/thermal/CMakeFiles/CFDHeatedCavityValidationTests.dir/test_heated_cavity_validation.cpp.o
[72/144] Building CXX object tests/integration/thermal/CMakeFiles/CFDBoussinesqCouplingTests.dir/test_boussinesq_coupling.cpp.o
[73/144] Building CXX object tests/integration/poiseuille/CMakeFiles/CFDPoiseuilleValidationTests.dir/test_poiseuille_validation.cpp.o
[74/144] Building CXX object tests/integration/poiseuille/CMakeFiles/CFDPoiseuilleValidationTests.dir/test_transient_poiseuille.cpp.o
[75/144] Building CXX object tests/solver/piso/CMakeFiles/CFDPisoTests.dir/test_ale_piso.cpp.o
[76/144] Building CXX object tests/integration/case/CMakeFiles/CFDCaseIntegrationTests.dir/test_case_lid_driven_cavity.cpp.o
[77/144] Building CXX object tests/integration/poiseuille/CMakeFiles/CFDPoiseuilleValidationTests.dir/test_poiseuille_production_validation.cpp.o
[78/144] Building CXX object tests/integration/thermal/CMakeFiles/CFDNaturalConvectionValidationTests.dir/test_natural_convection_validation.cpp.o
[79/144] Building CXX object tests/integration/case/CMakeFiles/CFDCaseIntegrationTests.dir/test_multiphase_production_case.cpp.o
[80/144] Building CXX object tests/integration/case/CMakeFiles/CFDCaseIntegrationTests.dir/test_compressible_production_case.cpp.o
[81/144] Building CXX object tests/integration/case/CMakeFiles/CFDCaseIntegrationTests.dir/test_species_production_case.cpp.o
[82/144] Building CXX object tests/integration/case/CMakeFiles/CFDCaseIntegrationTests.dir/test_compressible_coupled_production_case.cpp.o
[83/144] Building CXX object tests/integration/case/CMakeFiles/CFDCaseIntegrationTests.dir/test_heated_species_diffusion_production_case.cpp.o
[84/144] Building CXX object tests/integration/io/CMakeFiles/CFDResultExportIntegrationTests.dir/test_paraview_smoke.cpp.o
[85/144] Building CXX object tests/integration/species/CMakeFiles/CFDSpeciesCouplingValidationTests.dir/test_species_solver_coupling.cpp.o
[86/144] Building CXX object tests/integration/compressible/CMakeFiles/CFDLowMachRegressionTests.dir/test_low_mach_regression.cpp.o
[87/144] Building CXX object benchmarks/cpu/CMakeFiles/cfd_benchmark_openmp_scaling.dir/benchmark_openmp_scaling.cpp.o
[88/144] Building CXX object tests/integration/backward_facing_step/CMakeFiles/CFDBackwardFacingStepTests.dir/BackwardFacingStepCase.cpp.o
[89/144] Building CXX object tests/integration/mms/CMakeFiles/CFDMMSValidationTests.dir/MMSCases.cpp.o
[90/144] Building CXX object tests/integration/backward_facing_step/CMakeFiles/CFDBackwardFacingStepTests.dir/test_backward_facing_step.cpp.o
[91/144] Building CXX object tests/integration/mms/CMakeFiles/CFDMMSValidationTests.dir/test_mms_simple3d.cpp.o
[92/144] Building CXX object tests/integration/turbulence_channel/CMakeFiles/CFDTurbulenceChannelValidationTests.dir/test_channel_flow_validation.cpp.o
[93/144] Building CXX object tests/integration/case/CMakeFiles/CFDCaseIntegrationTests.dir/test_mesh_quality_campaign.cpp.o
[94/144] Building CXX object benchmarks/cpu/CMakeFiles/cfd_benchmark_cpu.dir/benchmark_runner.cpp.o
[95/144] Building CXX object tests/integration/case/CMakeFiles/CFDCaseIntegrationTests.dir/test_structured_quad_production_case.cpp.o
[96/144] Building CXX object tests/integration/case/CMakeFiles/CFDCaseIntegrationTests.dir/test_graded_mesh_production_case.cpp.o
[97/144] Building CXX object tests/integration/io/CMakeFiles/CFDResultExportIntegrationTests.dir/test_result_export.cpp.o
[98/144] Building CXX object tests/integration/case/CMakeFiles/CFDCaseIntegrationTests.dir/test_multiblock_production_case.cpp.o
[99/144] Linking CXX static library src/libcfdcore.a
[100/144] Linking CXX executable tests/unit/core/CFDCoreTests
[101/144] Linking CXX executable tests/unit/fields/CFDFieldTests
[102/144] Linking CXX executable tests/unit/boundary/CFDBoundaryTests
[103/144] Linking CXX executable tests/unit/multiphase/CFDMultiphaseTests
[104/144] Linking CXX executable tests/unit/species/CFDSpeciesTests
[105/144] Linking CXX executable tests/unit/algebra/CFDAlgebraTests
[106/144] Linking CXX executable tests/unit/compressible/CFDCompressibleTests
[107/144] Linking CXX executable tests/unit/physics/CFDPhysicsTests
[108/144] Linking CXX executable tests/unit/thermal/CFDThermalTests
[109/144] Linking CXX executable tests/unit/solver/CFDSolverTests
[110/144] Linking CXX executable tests/unit/viz/CFDVizTests
[111/144] Linking CXX executable tests/unit/turbulence/CFDTurbulenceTests
[112/144] Linking CXX executable tests/unit/mesh/CFDMeshTests
[113/144] Linking CXX executable apps/cli/cfdapp
[114/144] Linking CXX executable tests/integration/thermal/CFDConjugateHeatTransferValidationTests
[115/144] Linking CXX executable tests/unit/discretization/CFDDiscretizationTests
[116/144] Linking CXX executable tests/solver/compressible_simple/CFDCompressibleSimpleTests
[117/144] Linking CXX executable tests/solver/piso/CFDPisoTests
[118/144] Linking CXX executable tests/integration/thermal/CFDHeatedCavityValidationTests
[119/144] Linking CXX executable tests/integration/thermal/CFDBoussinesqCouplingTests
[120/144] Linking CXX executable tests/unit/app/CFDAppLayerTests
[121/144] Linking CXX executable tests/solver/simple/CFDSimpleTests
[122/144] Linking CXX executable tests/integration/species/CFDSpeciesDiffusionValidationTests
[123/144] Linking CXX executable tests/integration/thermal/CFDNaturalConvectionValidationTests
[124/144] Linking CXX executable tests/integration/cavity/CFDCavityValidationTests
[125/144] Linking CXX executable tests/integration/species/CFDSpeciesAdvectionDiffusionValidationTests
[126/144] Linking CXX executable tests/integration/poiseuille/CFDPoiseuilleValidationTests
[127/144] Linking CXX executable tests/integration/species/CFDSpeciesConservationValidationTests
[128/144] Linking CXX executable benchmarks/cpu/cfd_benchmark_spmv_scaling
[129/144] Linking CXX executable tests/unit/validation/CFDValidationUnitTests
[130/144] Linking CXX executable benchmarks/cpu/cfd_benchmark_openmp_scaling
[131/144] Linking CXX executable tests/integration/multiphase/CFDMultiphaseUniformFieldTests
[132/144] Linking CXX executable tests/integration/restart/CFDRestartIntegrationTests
[133/144] Linking CXX executable tests/integration/species/CFDSpeciesCouplingValidationTests
[134/144] Linking CXX executable tests/integration/multiphase/CFDMultiphaseAdvectionValidationTests
[135/144] Linking CXX executable tests/integration/multiphase/CFDMultiphaseConservationValidationTests
[136/144] Linking CXX executable tests/integration/multiphase/CFDMultiphaseSinglePhaseEquivalenceTests
[137/144] Linking CXX executable tests/integration/io/CFDResultExportIntegrationTests
[138/144] Linking CXX executable benchmarks/cpu/cfd_benchmark_cpu
[139/144] Linking CXX executable tests/integration/turbulence_channel/CFDTurbulenceChannelValidationTests
[140/144] Linking CXX executable tests/unit/io/CFDIoTests
[141/144] Linking CXX executable tests/integration/compressible/CFDLowMachRegressionTests
[142/144] Linking CXX executable tests/integration/backward_facing_step/CFDBackwardFacingStepTests
[143/144] Linking CXX executable tests/integration/mms/CFDMMSValidationTests
[144/144] Linking CXX executable tests/integration/case/CFDCaseIntegrationTests
