# generated-output classification against git HEAD (d7d74f5)
# tool: results/p12-mesh-005/tools/classify_generated_outputs.py
# date: 2026-09-20T20:30:30Z
#
# VALUES == 0 is the claim that matters: not one generated output in the repository
# changed in a non-timing way. The 50 RUNTIME-ONLY are the two full ctest runs'
# timing churn; the NEW files are the uncommitted GPU-DISC/GPU-PIPE evidence trees.

RUNTIME-ONLY  results/validation/natural_convection/Ra1e3/10x10_det_b/validation.json
RUNTIME-ONLY  results/validation/natural_convection/Ra1e3/10x10_refinement_pair/validation.json
RUNTIME-ONLY  results/validation/natural_convection/Ra1e3/10x10_sign_check/validation.json
RUNTIME-ONLY  results/validation/natural_convection/Ra1e3/10x10_variable_property_regression/validation.json
RUNTIME-ONLY  results/validation/natural_convection/Ra1e3/10x10_zero_beta/validation.json
RUNTIME-ONLY  results/validation/natural_convection/Ra1e3/15x15/validation.json
RUNTIME-ONLY  results/validation/natural_convection/Ra1e3/20x20/validation.json
RUNTIME-ONLY  results/validation/natural_convection/Ra1e3/20x20_variable_property_regression/validation.json
RUNTIME-ONLY  results/validation/production/cavity_re100/20x20_quick/validation.json
RUNTIME-ONLY  results/validation/production/channel_transpiration_graded_grid_convergence.json
RUNTIME-ONLY  results/validation/production/curved_channel_multiblock_grid_convergence.json
RUNTIME-ONLY  results/validation/production/poiseuille.json
RUNTIME-ONLY  results/validation/production/poiseuille.md
RUNTIME-ONLY  results/validation/production/poiseuille_distorted_grid_convergence.json
RUNTIME-ONLY  results/validation/production/scheme_comparison_20x20.json
RUNTIME-ONLY  results/validation/production/scheme_comparison_20x20.md
RUNTIME-ONLY  results/validation/production/turbulent_channel_ci.json
RUNTIME-ONLY  results/validation/production/turbulent_channel_ci.md
RUNTIME-ONLY  results/validation/turbulence/channel_flow/k_epsilon/coarse/validation.json
RUNTIME-ONLY  results/validation/turbulence/channel_flow/k_epsilon/medium/validation.json
RUNTIME-ONLY  results/validation/turbulence/channel_flow/k_omega/coarse/validation.json
RUNTIME-ONLY  results/validation/turbulence/channel_flow/k_omega/medium/validation.json
RUNTIME-ONLY  results/validation/turbulence/channel_flow/sst/coarse/validation.json
RUNTIME-ONLY  results/validation/turbulence/channel_flow/sst/medium/validation.json
checked 3014 files; IDENTICAL 1841, RUNTIME-ONLY 50, VALUES 0, NEW 1123
