# T0 PRE-FIX reproducer; library 58be6b751328c9bb; 2026-09-16T13:53:12Z
# 7 of 8 test cases FAIL, as required; 1x1 and 3D 1x1x1 agree (all-fallback controls).

Cartesian 2x1              rows differing    2 | max |d matrix| 2.500000e+00  max |d rhs| 5.333333e+02 | max |dT| 3.023810e+00 | boundary-flux rel diff 1.724e-02
[  FAILED  ] ConjugateBoundaryEquivalence.SingleRegionMatchesSingleMaterialOn2x1 (0 ms)
Cartesian 10x10            rows differing   36 | max |d matrix| 5.000000e+00  max |d rhs| 1.133333e+03 | max |dT| 6.606599e-01 | boundary-flux rel diff 2.500e-01
[  FAILED  ] ConjugateBoundaryEquivalence.SingleRegionMatchesSingleMaterialOn10x10 (0 ms)
Cartesian 20x20            rows differing   76 | max |d matrix| 5.000000e+00  max |d rhs| 1.133333e+03 | max |dT| 6.566056e-01 | boundary-flux rel diff 2.500e-01
[  FAILED  ] ConjugateBoundaryEquivalence.SingleRegionMatchesSingleMaterialOn20x20 (4 ms)
Cartesian 3D 8x8x8         rows differing  296 | max |d matrix| 9.375000e-01  max |d rhs| 2.250000e+02 | max |dT| 1.430871e+00 | boundary-flux rel diff 2.500e-01
[  FAILED  ] ConjugateBoundaryEquivalence.SingleRegionMatchesSingleMaterialIn3D (9 ms)
graded 12x12 r=1.2         rows differing   44 | max |d matrix| 5.655273e+00  max |d rhs| 1.399680e+03 | max |dT| 5.946810e-01 | boundary-flux rel diff 2.381e-01
[  FAILED  ] ConjugateBoundaryEquivalence.SingleRegionMatchesSingleMaterialOnAGradedMesh (1 ms)
distorted 12x12 s=0.45     rows differing   44 | max |d matrix| 6.241472e+00  max |d rhs| 1.829639e+03 | max |dT| 2.473408e+00 | boundary-flux rel diff 3.164e-01
[  FAILED  ] ConjugateBoundaryEquivalence.SingleRegionMatchesSingleMaterialOnADistortedMesh (4 ms)
Cartesian 1x1              rows differing    0 | max |d matrix| 0.000000e+00  max |d rhs| 0.000000e+00 | max |dT| 0.000000e+00 | boundary-flux rel diff 0.000e+00
Cartesian 8x1              rows differing    2 | max |d matrix| 2.500000e+00  max |d rhs| 5.333333e+02 | max |dT| 2.512638e+00 | boundary-flux rel diff 4.545e-03
Cartesian 1x8              rows differing    2 | max |d matrix| 2.500000e+00  max |d rhs| 6.000000e+02 | max |dT| 2.512638e+00 | boundary-flux rel diff 1.500e-01
Cartesian 3D 1x1x1         rows differing    0 | max |d matrix| 0.000000e+00  max |d rhs| 0.000000e+00 | max |dT| 0.000000e+00 | boundary-flux rel diff 0.000e+00
Cartesian 3D 8x8x1         rows differing   28 | max |d matrix| 5.000000e+00  max |d rhs| 1.133333e+03 | max |dT| 4.526388e+00 | boundary-flux rel diff 2.232e-02
[  FAILED  ] ConjugateBoundaryEquivalence.SingleRegionMatchesSingleMaterialOnOneCellThickMeshes (0 ms)
[  PASSED  ] 0 tests.
[  FAILED  ] 7 tests, listed below:
[  FAILED  ] ConjugateBoundaryEquivalence.SingleRegionMatchesSingleMaterialOn2x1
[  FAILED  ] ConjugateBoundaryEquivalence.SingleRegionMatchesSingleMaterialOn10x10
[  FAILED  ] ConjugateBoundaryEquivalence.SingleRegionMatchesSingleMaterialOn20x20
[  FAILED  ] ConjugateBoundaryEquivalence.SingleRegionMatchesSingleMaterialIn3D
[  FAILED  ] ConjugateBoundaryEquivalence.SingleRegionMatchesSingleMaterialOnAGradedMesh
[  FAILED  ] ConjugateBoundaryEquivalence.SingleRegionMatchesSingleMaterialOnADistortedMesh
[  FAILED  ] ConjugateBoundaryEquivalence.SingleRegionMatchesSingleMaterialOnOneCellThickMeshes
 7 FAILED TESTS
