# ti_t7_accuracy (libcfdcore.a sha256 212141137733bffa); 2026-09-16T14:10:10Z
# git HEAD b66310ca871811c4c7671056beec291a451af55c  probe 7d0441fb8088d39e

# T7: boundary-flux accuracy of the CONJUGATE assembly, recovered from the
# assembled matrix and RHS. W1's fields, exact flux and L1 normalisation.
# 'two-region' carries a 4x conductivity jump at mid-height in the same assembly.

## one-region
T7  Cartesian 2D           constant   one-region  h 0.12500 cells   20 faces   20 | L1 6.7502e-14
T7  Cartesian 2D           constant   one-region  h 0.06250 cells   20 faces   20 | L1 1.2079e-13
T7  Cartesian 2D           constant   one-region  h 0.03125 cells   20 faces   20 | L1 1.3500e-13
T7  Cartesian 2D           constant   one-region  h 0.01562 cells   20 faces   20 | L1 2.8422e-13
T7  Cartesian 2D           constant   one-region  EXACTNESS worst 2.8422e-13 bound 1.0000e-12 PASS
T7  Cartesian 3D           constant   one-region  h 0.16667 cells   32 faces   32 | L1 3.0198e-14
T7  Cartesian 3D           constant   one-region  h 0.08333 cells   32 faces   32 | L1 4.3521e-14
T7  Cartesian 3D           constant   one-region  h 0.04167 cells   32 faces   32 | L1 1.4211e-13
T7  Cartesian 3D           constant   one-region  EXACTNESS worst 1.4211e-13 bound 1.0000e-12 PASS
T7  graded 2D r=1.2        constant   one-region  h 0.12500 cells   20 faces   20 | L1 7.1054e-14
T7  graded 2D r=1.2        constant   one-region  h 0.06250 cells   20 faces   20 | L1 1.2790e-13
T7  graded 2D r=1.2        constant   one-region  h 0.03125 cells   20 faces   20 | L1 2.8422e-13
T7  graded 2D r=1.2        constant   one-region  EXACTNESS worst 2.8422e-13 bound 1.0000e-12 PASS
T7  Cartesian 2D           linear     one-region  h 0.12500 cells   20 faces   20 | L1 3.4491e-15
T7  Cartesian 2D           linear     one-region  h 0.06250 cells   20 faces   20 | L1 4.6481e-15
T7  Cartesian 2D           linear     one-region  h 0.03125 cells   20 faces   20 | L1 7.0166e-15
T7  Cartesian 2D           linear     one-region  h 0.01562 cells   20 faces   20 | L1 1.4211e-14
T7  Cartesian 2D           linear     one-region  EXACTNESS worst 1.4211e-14 bound 1.0000e-12 PASS
T7  Cartesian 3D           linear     one-region  h 0.16667 cells   32 faces   32 | L1 1.5439e-15
T7  Cartesian 3D           linear     one-region  h 0.08333 cells   32 faces   32 | L1 3.1156e-15
T7  Cartesian 3D           linear     one-region  h 0.04167 cells   32 faces   32 | L1 1.3323e-15
T7  Cartesian 3D           linear     one-region  EXACTNESS worst 3.1156e-15 bound 1.0000e-12 PASS
T7  graded 2D r=1.2        linear     one-region  h 0.12500 cells   20 faces   20 | L1 2.4277e-15
T7  graded 2D r=1.2        linear     one-region  h 0.06250 cells   20 faces   20 | L1 8.6745e-15
T7  graded 2D r=1.2        linear     one-region  h 0.03125 cells   20 faces   20 | L1 1.6061e-14
T7  graded 2D r=1.2        linear     one-region  EXACTNESS worst 1.6061e-14 bound 1.0000e-12 PASS
T7  Cartesian 2D           quadratic  one-region  h 0.12500 cells   20 faces   20 | L1 4.2633e-16
T7  Cartesian 2D           quadratic  one-region  h 0.06250 cells   20 faces   20 | L1 3.7303e-16
T7  Cartesian 2D           quadratic  one-region  h 0.03125 cells   20 faces   20 | L1 3.5527e-16
T7  Cartesian 2D           quadratic  one-region  h 0.01562 cells   20 faces   20 | L1 3.5527e-16
T7  Cartesian 2D           quadratic  one-region  EXACTNESS worst 4.2633e-16 bound 1.0000e-12 PASS
T7  Cartesian 3D           quadratic  one-region  h 0.16667 cells   32 faces   32 | L1 4.3715e-16
T7  Cartesian 3D           quadratic  one-region  h 0.08333 cells   32 faces   32 | L1 2.0400e-16
T7  Cartesian 3D           quadratic  one-region  h 0.04167 cells   32 faces   32 | L1 5.3291e-16
T7  Cartesian 3D           quadratic  one-region  EXACTNESS worst 5.3291e-16 bound 1.0000e-12 PASS
T7  graded 2D r=1.2        quadratic  one-region  h 0.12500 cells   20 faces   20 | L1 3.0198e-16
T7  graded 2D r=1.2        quadratic  one-region  h 0.06250 cells   20 faces   20 | L1 1.9540e-16
T7  graded 2D r=1.2        quadratic  one-region  h 0.03125 cells   20 faces   20 | L1 2.6645e-16
T7  graded 2D r=1.2        quadratic  one-region  EXACTNESS worst 3.0198e-16 bound 1.0000e-12 PASS
T7  Cartesian 2D           cubic      one-region  h 0.12500 cells   20 faces   20 | L1 7.8125e-03
T7  Cartesian 2D           cubic      one-region  h 0.06250 cells   20 faces   20 | L1 1.9531e-03
T7  Cartesian 2D           cubic      one-region  h 0.03125 cells   20 faces   20 | L1 4.8828e-04
T7  Cartesian 2D           cubic      one-region  h 0.01562 cells   20 faces   20 | L1 1.2207e-04
T7  Cartesian 2D           cubic      one-region  order 2.000
T7  Cartesian 2D           cubic      one-region  order 2.000
T7  Cartesian 2D           cubic      one-region  order 2.000
T7  Cartesian 2D           cubic      one-region  ORDER worst 2.000 bound 1.800 PASS
T7  Cartesian 3D           cubic      one-region  h 0.16667 cells   32 faces   32 | L1 1.3889e-02
T7  Cartesian 3D           cubic      one-region  h 0.08333 cells   32 faces   32 | L1 3.4722e-03
T7  Cartesian 3D           cubic      one-region  h 0.04167 cells   32 faces   32 | L1 8.6806e-04
T7  Cartesian 3D           cubic      one-region  order 2.000
T7  Cartesian 3D           cubic      one-region  order 2.000
T7  Cartesian 3D           cubic      one-region  ORDER worst 2.000 bound 1.800 PASS

## two-region
T7  Cartesian 2D           constant   two-region  h 0.12500 cells   20 faces   20 | L1 1.4211e-13
T7  Cartesian 2D           constant   two-region  h 0.06250 cells   20 faces   20 | L1 3.7659e-13
T7  Cartesian 2D           constant   two-region  h 0.03125 cells   20 faces   20 | L1 3.2685e-13
T7  Cartesian 2D           constant   two-region  h 0.01562 cells   20 faces   20 | L1 7.1054e-13
T7  Cartesian 2D           constant   two-region  EXACTNESS worst 7.1054e-13 bound 1.0000e-12 PASS
T7  Cartesian 3D           constant   two-region  h 0.16667 cells   32 faces   32 | L1 8.6153e-14
T7  Cartesian 3D           constant   two-region  h 0.08333 cells   32 faces   32 | L1 9.9476e-14
T7  Cartesian 3D           constant   two-region  h 0.04167 cells   32 faces   32 | L1 3.1264e-13
T7  Cartesian 3D           constant   two-region  EXACTNESS worst 3.1264e-13 bound 1.0000e-12 PASS
T7  graded 2D r=1.2        constant   two-region  h 0.12500 cells   20 faces   20 | L1 1.4566e-13
T7  graded 2D r=1.2        constant   two-region  h 0.06250 cells   20 faces   20 | L1 1.2790e-13
T7  graded 2D r=1.2        constant   two-region  h 0.03125 cells   20 faces   20 | L1 2.8422e-13
T7  graded 2D r=1.2        constant   two-region  EXACTNESS worst 2.8422e-13 bound 1.0000e-12 PASS
T7  Cartesian 2D           linear     two-region  h 0.12500 cells   20 faces   20 | L1 1.9481e-15
T7  Cartesian 2D           linear     two-region  h 0.06250 cells   20 faces   20 | L1 4.6659e-15
T7  Cartesian 2D           linear     two-region  h 0.03125 cells   20 faces   20 | L1 6.8745e-15
T7  Cartesian 2D           linear     two-region  h 0.01562 cells   20 faces   20 | L1 1.0392e-14
T7  Cartesian 2D           linear     two-region  EXACTNESS worst 1.0392e-14 bound 1.0000e-12 PASS
T7  Cartesian 3D           linear     two-region  h 0.16667 cells   32 faces   32 | L1 8.7985e-16
T7  Cartesian 3D           linear     two-region  h 0.08333 cells   32 faces   32 | L1 1.7875e-15
T7  Cartesian 3D           linear     two-region  h 0.04167 cells   32 faces   32 | L1 1.7986e-15
T7  Cartesian 3D           linear     two-region  EXACTNESS worst 1.7986e-15 bound 1.0000e-12 PASS
T7  graded 2D r=1.2        linear     two-region  h 0.12500 cells   20 faces   20 | L1 1.4685e-15
T7  graded 2D r=1.2        linear     two-region  h 0.06250 cells   20 faces   20 | L1 3.4698e-15
T7  graded 2D r=1.2        linear     two-region  h 0.03125 cells   20 faces   20 | L1 2.4543e-14
T7  graded 2D r=1.2        linear     two-region  EXACTNESS worst 2.4543e-14 bound 1.0000e-12 PASS
T7  Cartesian 2D           quadratic  two-region  h 0.12500 cells   20 faces   20 | L1 3.8369e-16
T7  Cartesian 2D           quadratic  two-region  h 0.06250 cells   20 faces   20 | L1 4.4764e-16
T7  Cartesian 2D           quadratic  two-region  h 0.03125 cells   20 faces   20 | L1 3.5527e-16
T7  Cartesian 2D           quadratic  two-region  h 0.01562 cells   20 faces   20 | L1 3.5527e-16
T7  Cartesian 2D           quadratic  two-region  EXACTNESS worst 4.4764e-16 bound 1.0000e-12 PASS
T7  Cartesian 3D           quadratic  two-region  h 0.16667 cells   32 faces   32 | L1 5.5955e-16
T7  Cartesian 3D           quadratic  two-region  h 0.08333 cells   32 faces   32 | L1 1.2657e-16
T7  Cartesian 3D           quadratic  two-region  h 0.04167 cells   32 faces   32 | L1 5.3291e-16
T7  Cartesian 3D           quadratic  two-region  EXACTNESS worst 5.5955e-16 bound 1.0000e-12 PASS
T7  graded 2D r=1.2        quadratic  two-region  h 0.12500 cells   20 faces   20 | L1 2.7001e-16
T7  graded 2D r=1.2        quadratic  two-region  h 0.06250 cells   20 faces   20 | L1 2.0606e-16
T7  graded 2D r=1.2        quadratic  two-region  h 0.03125 cells   20 faces   20 | L1 3.1974e-16
T7  graded 2D r=1.2        quadratic  two-region  EXACTNESS worst 3.1974e-16 bound 1.0000e-12 PASS
T7  Cartesian 2D           cubic      two-region  h 0.12500 cells   20 faces   20 | L1 4.8828e-03
T7  Cartesian 2D           cubic      two-region  h 0.06250 cells   20 faces   20 | L1 1.2207e-03
T7  Cartesian 2D           cubic      two-region  h 0.03125 cells   20 faces   20 | L1 3.0518e-04
T7  Cartesian 2D           cubic      two-region  h 0.01562 cells   20 faces   20 | L1 7.6294e-05
T7  Cartesian 2D           cubic      two-region  order 2.000
T7  Cartesian 2D           cubic      two-region  order 2.000
T7  Cartesian 2D           cubic      two-region  order 2.000
T7  Cartesian 2D           cubic      two-region  ORDER worst 2.000 bound 1.800 PASS
T7  Cartesian 3D           cubic      two-region  h 0.16667 cells   32 faces   32 | L1 8.6806e-03
T7  Cartesian 3D           cubic      two-region  h 0.08333 cells   32 faces   32 | L1 2.1701e-03
T7  Cartesian 3D           cubic      two-region  h 0.04167 cells   32 faces   32 | L1 5.4253e-04
T7  Cartesian 3D           cubic      two-region  order 2.000
T7  Cartesian 3D           cubic      two-region  order 2.000
T7  Cartesian 3D           cubic      two-region  ORDER worst 2.000 bound 1.800 PASS

T7 RESULT: PASS
exit 0
