# attribution run for ti_t8_multiregion; 2026-09-16T14:17:59Z
# post-fix library 212141137733bffa
# pre-fix  library 58be6b751328c9bb  (== the hash frozen in 00_freeze.log)
# identical probe   171c792d09aebdd7

=============================== POST-FIX ===============================
# T8/T9/T10: true multi-region conduction against the ANALYTICAL two-layer
# series-resistance slab (derived in this file; nothing taken from CFDApp).
# 'uniformity' = worst deviation of the per-area conduction flux over every
# y-normal face (walls, layer interiors and the MATERIAL INTERFACE) from the
# analytical q. 'iface-asym' = |A(P,N)+A(N,P)| on interface faces, from the matrix.
# On a SHEARED mesh the conjugate operator is uncorrected on internal faces by
# design, so the analytical profile is not reproducible there; T9's criteria
# (conservation, interface continuity) are the ones applied to it.

## T8 -- analytical slab, Dirichlet exteriors
Cartesian 2D 8x16           kB/kA   10.000 dirichlet orthogonal  | conv yes it    2 dT 6.25e-13 | T 7.958e-15 | uniformity 1.592e-13 | cons 1.798e-14 | global 6.203e-14 | iface-asym 0.000e+00
Cartesian 3D 4x8x4          kB/kA   10.000 dirichlet orthogonal  | conv yes it    2 dT 3.98e-13 | T 3.411e-15 | uniformity 1.572e-13 | cons 5.995e-15 | global 5.002e-15 | iface-asym 0.000e+00
Cartesian 2D 8x16           kB/kA    0.100 dirichlet orthogonal  | conv yes it    2 dT 1.14e-12 | T 4.547e-15 | uniformity 5.471e-13 | cons 4.258e-14 | global 1.531e-13 | iface-asym 0.000e+00
Cartesian 3D 4x8x4          kB/kA    0.100 dirichlet orthogonal  | conv yes it    2 dT 3.41e-13 | T 3.979e-15 | uniformity 9.892e-14 | cons 5.948e-15 | global 3.001e-15 | iface-asym 0.000e+00
Cartesian 2D 8x16           kB/kA 1000.000 dirichlet orthogonal  | conv yes it    3 dT 7.39e-13 | T 4.547e-15 | uniformity 1.952e-11 | cons 1.512e-12 | global 2.253e-12 | iface-asym 0.000e+00
Cartesian 3D 4x8x4          kB/kA 1000.000 dirichlet orthogonal  | conv yes it    3 dT 5.12e-13 | T 2.842e-15 | uniformity 9.178e-12 | cons 4.700e-13 | global 5.076e-13 | iface-asym 0.000e+00

## T9 -- Neumann exterior, graded and non-orthogonal meshes
Cartesian 2D 8x16           kB/kA   10.000 neumann   orthogonal  | conv yes it    2 dT 2.10e-12 | T 7.958e-15 | uniformity 1.910e-13 | cons 1.876e-14 | global 5.002e-15 | iface-asym 0.000e+00
graded 2D 8x16 r=1.15       kB/kA   10.000 dirichlet orthogonal  | conv yes it    2 dT 8.53e-13 | T 8.527e-15 | uniformity 3.825e-13 | cons 2.860e-14 | global 4.802e-14 | iface-asym 0.000e+00
graded 2D 8x16 r=1.15       kB/kA   10.000 neumann   orthogonal  | conv yes it    2 dT 8.07e-12 | T 4.263e-14 | uniformity 3.103e-13 | cons 2.829e-14 | global 8.204e-14 | iface-asym 0.000e+00
sheared 2D 16x16 s=0.35     kB/kA   10.000 dirichlet SHEARED     | conv yes it   12 dT 3.58e-12 | T 2.233e-03 | uniformity 7.563e-02 | cons 4.815e-14 | global 6.676e-14 | iface-asym 0.000e+00
    (analytic criterion not applied: mesh is not orthogonal)
sheared 2D 16x16 s=0.35     kB/kA   10.000 neumann   SHEARED     | conv yes it   12 dT 7.22e-12 | T 5.702e-02 | uniformity 2.281e-02 | cons 1.541e-14 | global 2.238e-14 | iface-asym 0.000e+00
    (analytic criterion not applied: mesh is not orthogonal)

## T10 -- hand-derived multi-region matrix
T10 hand-derived 4-cell two-region (kB/kA   10.000): worst relative 0.000e+00 bound 1e-14 PASS
T10 hand-derived 4-cell two-region (kB/kA    0.100): worst relative 0.000e+00 bound 1e-14 PASS

## attribution -- one region on the sheared mesh, both production paths
  sheared 16x16, one region: conjugate vs linear exact 1.228e-03 | single-material vs linear exact 1.228e-03 | max |single - conjugate| 6.253e-13
  -> the two production paths agree to 6.253e-13; whatever deviation from the 1D exact
     profile remains on a sheared mesh is a property of the SHARED wall treatment,
     not of the conjugate path.

T8/T9/T10 RESULT: PASS
post-fix exit 0

=============================== PRE-FIX ================================
# T8/T9/T10: true multi-region conduction against the ANALYTICAL two-layer
# series-resistance slab (derived in this file; nothing taken from CFDApp).
# 'uniformity' = worst deviation of the per-area conduction flux over every
# y-normal face (walls, layer interiors and the MATERIAL INTERFACE) from the
# analytical q. 'iface-asym' = |A(P,N)+A(N,P)| on interface faces, from the matrix.
# On a SHEARED mesh the conjugate operator is uncorrected on internal faces by
# design, so the analytical profile is not reproducible there; T9's criteria
# (conservation, interface continuity) are the ones applied to it.

## T8 -- analytical slab, Dirichlet exteriors
Cartesian 2D 8x16           kB/kA   10.000 dirichlet orthogonal  | conv yes it    2 dT 6.25e-13 | T 3.979e-15 | uniformity 1.629e-13 | cons 1.779e-14 | global 3.101e-14 | iface-asym 0.000e+00
Cartesian 3D 4x8x4          kB/kA   10.000 dirichlet orthogonal  | conv yes it    2 dT 3.41e-13 | T 2.274e-15 | uniformity 9.892e-14 | cons 4.549e-15 | global 4.177e-14 | iface-asym 0.000e+00
Cartesian 2D 8x16           kB/kA    0.100 dirichlet orthogonal  | conv yes it    2 dT 4.55e-13 | T 2.842e-15 | uniformity 2.212e-13 | cons 1.795e-14 | global 2.201e-14 | iface-asym 0.000e+00
Cartesian 3D 4x8x4          kB/kA    0.100 dirichlet orthogonal  | conv yes it    2 dT 3.41e-13 | T 3.979e-15 | uniformity 1.572e-13 | cons 7.949e-15 | global 3.977e-14 | iface-asym 0.000e+00
Cartesian 2D 8x16           kB/kA 1000.000 dirichlet orthogonal  | conv yes it    3 dT 5.12e-13 | T 7.390e-15 | uniformity 2.345e-11 | cons 1.778e-12 | global 3.563e-12 | iface-asym 0.000e+00
Cartesian 3D 4x8x4          kB/kA 1000.000 dirichlet orthogonal  | conv yes it    2 dT 1.65e-12 | T 3.979e-15 | uniformity 9.178e-12 | cons 4.801e-13 | global 6.999e-14 | iface-asym 0.000e+00

## T9 -- Neumann exterior, graded and non-orthogonal meshes
Cartesian 2D 8x16           kB/kA   10.000 neumann   orthogonal  | conv yes it    2 dT 2.16e-12 | T 3.013e-14 | uniformity 1.092e-13 | cons 1.094e-14 | global 3.001e-15 | iface-asym 0.000e+00
graded 2D 8x16 r=1.15       kB/kA   10.000 dirichlet orthogonal  | conv yes it    2 dT 7.39e-13 | T 9.095e-15 | uniformity 3.221e-13 | cons 2.195e-14 | global 5.402e-14 | iface-asym 0.000e+00
graded 2D 8x16 r=1.15       kB/kA   10.000 neumann   orthogonal  | conv yes it    2 dT 5.12e-12 | T 8.811e-14 | uniformity 3.221e-13 | cons 3.787e-14 | global 8.804e-14 | iface-asym 0.000e+00
sheared 2D 16x16 s=0.35     kB/kA   10.000 dirichlet SHEARED     | conv yes it    2 dT 2.05e-12 | T 8.527e-15 | uniformity 7.275e-02 | cons 1.771e-03 | global 3.647e-14 | iface-asym 0.000e+00
    (analytic criterion not applied: mesh is not orthogonal)
sheared 2D 16x16 s=0.35     kB/kA   10.000 neumann   SHEARED     | conv yes it    2 dT 1.88e-12 | T 5.914e-02 | uniformity 5.948e-02 | cons 1.814e-03 | global 2.432e-02 | iface-asym 0.000e+00
    (analytic criterion not applied: mesh is not orthogonal)

## T10 -- hand-derived multi-region matrix
T10 hand-derived 4-cell two-region (kB/kA   10.000): worst relative 2.500e-01 bound 1e-14 FAIL
T10 hand-derived 4-cell two-region (kB/kA    0.100): worst relative 2.500e-01 bound 1e-14 FAIL

## attribution -- one region on the sheared mesh, both production paths
  sheared 16x16, one region: conjugate vs linear exact 9.095e-15 | single-material vs linear exact 1.228e-03 | max |single - conjugate| 1.228e-01
  -> the two production paths agree to 1.228e-01; whatever deviation from the 1D exact
     profile remains on a sheared mesh is a property of the SHARED wall treatment,
     not of the conjugate path.

T8/T9/T10 RESULT: FAIL
pre-fix exit 1
