# T12 production-file check against results/p12-diff-002/a4/production_freeze.txt
# 2026-09-16T14:19:20Z   git HEAD b66310ca871811c4c7671056beec291a451af55c
# permitted to differ: src/thermal/ThermalInterface.cpp src/thermal/EnergyEquation.cpp include/cfd/thermal/EnergyEquation.hpp

  unchanged  src/physics/MomentumEquation.cpp
  unchanged  include/cfd/physics/MomentumEquation.hpp
  CHANGED (permitted)  src/thermal/EnergyEquation.cpp
      frozen 4689ea01db674b577b01f2e5089bc1efe6710d1d3ac83ef47e099476c5b98bba
      now    fbd47a072fa221f071082ac17a0d40dc8f547909b0f874af007b199a6dba953a
  CHANGED (permitted)  include/cfd/thermal/EnergyEquation.hpp
      frozen 887947ee41510e83685b72f0a2e37c9ec4b28e21342d9fd28da4fa8fc6145360
      now    0393ac602e4f715f51ace0aac05693a430361e552e8a01ae815e353b024bafbd
  CHANGED (permitted)  src/thermal/ThermalInterface.cpp
      frozen a9865ef59338e71a052e38536507265fee8dba7869b4e989789248061ef68cc1
      now    7d58766dfde9ba7fc28971d8a79172fc59e8268865760efdc8b9a4a46cf1dbe1
  unchanged  src/thermal/ThermalSolver.cpp
  unchanged  src/species/SpeciesEquation.cpp
  unchanged  include/cfd/species/SpeciesEquation.hpp
  unchanged  src/turbulence/KEpsilonEquation.cpp
  unchanged  include/cfd/turbulence/KEpsilonEquation.hpp
  unchanged  src/discretization/NonOrthogonalDiffusion.cpp
  unchanged  include/cfd/discretization/NonOrthogonalDiffusion.hpp
  unchanged  src/discretization/Diffusion.cpp
  unchanged  include/cfd/discretization/Diffusion.hpp
  unchanged  src/discretization/Gradient.cpp
  unchanged  include/cfd/discretization/Gradient.hpp
  unchanged  src/discretization/VectorGradient.cpp
  unchanged  src/discretization/Interpolation.cpp
  unchanged  src/mesh/MeshGeometry.cpp
  unchanged  include/cfd/mesh/MeshGeometry.hpp
  unchanged  src/pressure_velocity/SIMPLESettings.cpp
  unchanged  src/pressure_velocity/SIMPLE.cpp

  permitted files changed:     3 of 3
  NOT-permitted files changed: 0

## the frozen gates of this chain, re-verified now
  (no output above == every frozen artefact is byte-identical)

T12 RESULT: PASS
