# T11 attribution: pre-fix production, identical tests; 2026-09-16T14:30:33Z
# baseline production files verified equal to the hashes frozen in logs/00_freeze.log

## CFDThermalTests (pre-fix) binary 8960d5585e490e00
    [  FAILED  ] ConjugateBoundaryEquivalence.SingleRegionMatchesSingleMaterialIn3D
    [  FAILED  ] ConjugateBoundaryEquivalence.SingleRegionMatchesSingleMaterialIn3D (9 ms)
    [  FAILED  ] ConjugateBoundaryEquivalence.SingleRegionMatchesSingleMaterialOn10x10
    [  FAILED  ] ConjugateBoundaryEquivalence.SingleRegionMatchesSingleMaterialOn10x10 (0 ms)
    [  FAILED  ] ConjugateBoundaryEquivalence.SingleRegionMatchesSingleMaterialOn20x20
    [  FAILED  ] ConjugateBoundaryEquivalence.SingleRegionMatchesSingleMaterialOn20x20 (6 ms)
    [  FAILED  ] ConjugateBoundaryEquivalence.SingleRegionMatchesSingleMaterialOn2x1
    [  FAILED  ] ConjugateBoundaryEquivalence.SingleRegionMatchesSingleMaterialOn2x1 (0 ms)
    [  FAILED  ] ConjugateBoundaryEquivalence.SingleRegionMatchesSingleMaterialOnADistortedMesh
    [  FAILED  ] ConjugateBoundaryEquivalence.SingleRegionMatchesSingleMaterialOnADistortedMesh (4 ms)
    [  FAILED  ] ConjugateBoundaryEquivalence.SingleRegionMatchesSingleMaterialOnAGradedMesh
    [  FAILED  ] ConjugateBoundaryEquivalence.SingleRegionMatchesSingleMaterialOnAGradedMesh (1 ms)
    [  FAILED  ] ConjugateBoundaryEquivalence.SingleRegionMatchesSingleMaterialOnOneCellThickMeshes
    [  FAILED  ] ConjugateBoundaryEquivalence.SingleRegionMatchesSingleMaterialOnOneCellThickMeshes (0 ms)
    [  FAILED  ] EnergyEquationAssemblyTest.CombinedAssemblyMatchesHandDerivedCoefficients
    [  FAILED  ] EnergyEquationAssemblyTest.CombinedAssemblyMatchesHandDerivedCoefficients (0 ms)
    [  FAILED  ] EnergyEquationDiffusionTest.InternalFaceCoefficientsAreSymmetric
    [  FAILED  ] EnergyEquationDiffusionTest.InternalFaceCoefficientsAreSymmetric (0 ms)
    [  FAILED  ] EnergyEquationDiffusionTest.TwoCellSystemMatchesHandDerivedCoefficients
    [  FAILED  ] EnergyEquationDiffusionTest.TwoCellSystemMatchesHandDerivedCoefficients (0 ms)
    [  FAILED  ] EnergyEquationThermalBCIntegrationTest.FixedTemperatureGivesIdenticalResultToEquivalentFixedValue
    [  FAILED  ] EnergyEquationThermalBCIntegrationTest.FixedTemperatureGivesIdenticalResultToEquivalentFixedValue (0 ms)
    [  FAILED  ] EnergyEquationVariablePropertiesTest.DiffusionBoundaryFaceUsesOwnerConductivityDirectly
    [  FAILED  ] EnergyEquationVariablePropertiesTest.DiffusionBoundaryFaceUsesOwnerConductivityDirectly (0 ms)
    [  FAILED  ] EnergyEquationVariablePropertiesTest.DiffusionInternalFaceMatchesHandDerivedValue
    [  FAILED  ] EnergyEquationVariablePropertiesTest.DiffusionInternalFaceMatchesHandDerivedValue (0 ms)
    [  FAILED  ] RegionAwareThermalDiffusionTest.EqualConductivityMatchesSingleMaterialPathExactly
    [  FAILED  ] RegionAwareThermalDiffusionTest.EqualConductivityMatchesSingleMaterialPathExactly (0 ms)
    [  FAILED  ] SparseAssembly3DTest.TwoByTwoByOne
    [  FAILED  ] SparseAssembly3DTest.TwoByTwoByOne (0 ms)
    [  FAILED  ] SparseAssembly3DTest.TwoByTwoByTwo
    [  FAILED  ] SparseAssembly3DTest.TwoByTwoByTwo (0 ms)
    [  FAILED  ] SparseAssembly3DTest.TwoCellsInX
    [  FAILED  ] SparseAssembly3DTest.TwoCellsInX (0 ms)
    [  FAILED  ] SparseAssembly3DTest.TwoCellsWithUpwindConvectionAndAZeroGradientOutlet
    [  FAILED  ] SparseAssembly3DTest.TwoCellsWithUpwindConvectionAndAZeroGradientOutlet (0 ms)
    [  FAILED  ] ThermalBoundaryConsistency.ConjugateConductionPathIsConsistentToo
    [  FAILED  ] ThermalBoundaryConsistency.ConjugateConductionPathIsConsistentToo (4 ms)
  [==========] 99 tests from 16 test suites ran. (160 ms total)
  [  PASSED  ] 80 tests.
  [  FAILED  ] 19 tests, listed below:

## CFDDiscretizationTests (pre-fix) binary be98110655437a33
    [  FAILED  ] BoundaryReconstruction.AssembledThermalSystemMatchesTheHandDerivedOne
    [  FAILED  ] BoundaryReconstruction.AssembledThermalSystemMatchesTheHandDerivedOne (0 ms)
    [  FAILED  ] GridRefinementTest.GreenGaussGradientDistortedGlobalOrderReflectsBoundaryTreatment
    [  FAILED  ] GridRefinementTest.GreenGaussGradientDistortedGlobalOrderReflectsBoundaryTreatment (4 ms)
  [==========] 169 tests from 25 test suites ran. (160 ms total)
  [  PASSED  ] 167 tests.
  [  FAILED  ] 2 tests, listed below:

## pre-fix library 58be6b751328c9bb
