# W8-INV-001 w8inv_structured
# libcfdcore.a 143a1dda0680bc1d481a0360095ca7c643ffc9e2a2dc53bbd1d55d5a8202132a
# 2026-09-17T07:12:08Z
# W8-INV-001 distorted Poiseuille, extended refinement
# mapping ax=0.1 ay=0.05 lambda=1.0 (ABSOLUTE, independent of nx/ny), L=8.0 H=1.0
# exact dp/dx = -1.2000000000; window x in [4.00, 6.80]
# RAW values first; orders afterwards.

FAMILY A -- the test's own r = 1.5 family, EXTENDED
    nx   ny  conv   iters    velocity L2            dp/dx dp/dx SIGNED err    time s
    64    8   yes    2222 1.08267136e-02    -1.2020884013  -2.08840125e-03       8.6
    96   12   yes    2181 4.75621586e-03    -1.1996745222  +3.25477793e-04      20.6
   144   18   yes    2794 2.65369172e-03    -1.1975161934  +2.48380664e-03      72.5
   216   27    NO    3000 0.00000000e+00     0.0000000000  +0.00000000e+00     299.4
    nx   ny  maxNonOrt meanNonOrt   maxSkew  meanSkew maxAspect  wallDist   cells   x-window
    64    8    44.7624    14.5845   0.13176   0.03687    1.2862  0.054162     180 4.023..6.796
    96   12    47.1772    15.1412   0.09096   0.02533    1.3031  0.035575     402 4.016..6.780
   144   18    48.2525    15.4436   0.06094   0.01701    1.3085  0.023509     909 4.008..6.798
   216   27    48.7768    15.5917   0.04129   0.01135    1.3132  0.000000       0 0.000..0.000

  FAMILY A observed orders (r = 1.500)
    pair 0 (64x8 -> 96x12): velocity  2.0287 | dp/dx |e|  4.5845   <-- SIGN CHANGE: |e| order is not defined here
    pair 1 (96x12 -> 144x18): velocity  1.4391 | dp/dx |e| -5.0122
    pair 2 (144x18 -> 216x27): velocity     inf | dp/dx |e|     inf

FAMILY B -- independent r = 2 family
    nx   ny  conv   iters    velocity L2            dp/dx dp/dx SIGNED err    time s
    64    8   yes    2222 1.08267136e-02    -1.2020884013  -2.08840125e-03       9.3
   128   16   yes    2497 2.89634614e-03    -1.1964879594  +3.51204061e-03      51.5
   256   32    NO     305 0.00000000e+00     0.0000000000  +0.00000000e+00     105.3
    nx   ny  maxNonOrt meanNonOrt   maxSkew  meanSkew maxAspect  wallDist   cells   x-window
    64    8    44.7624    14.5845   0.13176   0.03687    1.2862  0.054162     180 4.023..6.796
   128   16    48.0245    15.3786   0.06924   0.01912    1.3089  0.026544     714 4.003..6.790
   256   32    48.8341    15.6321   0.03502   0.00955    1.3141  0.000000       0 0.000..0.000

  FAMILY B observed orders (r = 2.000)
    pair 0 (64x8 -> 128x16): velocity  1.9023 | dp/dx |e| -0.7499   <-- SIGN CHANGE: |e| order is not defined here
    pair 1 (128x16 -> 256x32): velocity     inf | dp/dx |e|     inf

#CSV family,nx,ny,conv,iters,velocityL2,dpdx,dpdxSignedError,maxNonOrtho,meanNonOrtho,maxSkew,maxAspect,wallDist,windowCells
CSV,A,64,8,1,2222,1.082671361767e-02,-1.202088401250e+00,-2.088401250335e-03,44.762416,14.584526,0.131758,1.286237,0.05416215,180
CSV,A,96,12,1,2181,4.756215858643e-03,-1.199674522207e+00,3.254777934687e-04,47.177201,15.141247,0.090955,1.303118,0.03557521,402
CSV,A,144,18,1,2794,2.653691722144e-03,-1.197516193364e+00,2.483806635565e-03,48.252470,15.443562,0.060937,1.308488,0.02350937,909
CSV,A,216,27,0,3000,0.000000000000e+00,0.000000000000e+00,0.000000000000e+00,48.776848,15.591737,0.041295,1.313177,0.00000000,0
CSV,B,64,8,1,2222,1.082671361767e-02,-1.202088401250e+00,-2.088401250335e-03,44.762416,14.584526,0.131758,1.286237,0.05416215,180
CSV,B,128,16,1,2497,2.896346139788e-03,-1.196487959392e+00,3.512040608275e-03,48.024474,15.378610,0.069237,1.308905,0.02654387,714
CSV,B,256,32,0,305,0.000000000000e+00,0.000000000000e+00,0.000000000000e+00,48.834073,15.632091,0.035017,1.314146,0.00000000,0
exit 0
