# W8-INV-001 w8inv_structured
# libcfdcore.a 719d0fc7ae48c027756430a8473a9b47ef3f516167aa7eb7319fa3eb468c50fe
# 2026-09-17T08:18:28Z
# W8-INV-001 RESIDUAL-PLATEAU DIAGNOSTIC
# committed gate (u 2e-5) vs 20000 iterations at an unreachable tolerance.
# Diagnosis only: the plateau values are never proposed as test settings.


COMMITTED GATE (what W8 measures)
    nx   ny  conv   iters    velocity L2            dp/dx dp/dx SIGNED err    time s
    64    8   yes    1983 1.74655057e-02    -1.1726395063  +2.73604937e-02       7.9
    96   12   yes    2105 7.49754282e-03    -1.1868510479  +1.31489521e-02      20.3
   144   18   yes    2789 3.70821300e-03    -1.1918540198  +8.14598017e-03      72.6
    nx   ny  maxNonOrt meanNonOrt   maxSkew  meanSkew maxAspect  wallDist   cells   x-window
    64    8    44.7624    14.5845   0.13176   0.03687    1.2862  0.054162     180 4.023..6.796
    96   12    47.1772    15.1412   0.09096   0.02533    1.3031  0.035575     402 4.016..6.780
   144   18    48.2525    15.4436   0.06094   0.01701    1.3085  0.023509     909 4.008..6.798

  COMMITTED GATE (r = 1.500)
    pair 0 (64x8 -> 96x12): velocity  2.0856 | dp/dx |e|  1.8072
    pair 1 (96x12 -> 144x18): velocity  1.7363 | dp/dx |e|  1.1809

PLATEAU (20000 iterations, metrics force-extracted)
    nx   ny  conv   iters    velocity L2            dp/dx dp/dx SIGNED err    time s
    64    8    NO   20000 1.79264931e-02    -1.1720767448  +2.79232552e-02      75.1
    96   12    NO   20000 8.03171786e-03    -1.1839732528  +1.60267472e-02     186.1
   144   18    NO   20000 4.59913010e-03    -1.1907169684  +9.28303158e-03     506.3
    nx   ny  maxNonOrt meanNonOrt   maxSkew  meanSkew maxAspect  wallDist   cells   x-window
    64    8    44.7624    14.5845   0.13176   0.03687    1.2862  0.054162     180 4.023..6.796
    96   12    47.1772    15.1412   0.09096   0.02533    1.3031  0.035575     402 4.016..6.780
   144   18    48.2525    15.4436   0.06094   0.01701    1.3085  0.023509     909 4.008..6.798

  PLATEAU (r = 1.500)
    pair 0 (64x8 -> 96x12): velocity  1.9801 | dp/dx |e|  1.3693
    pair 1 (96x12 -> 144x18): velocity  1.3750 | dp/dx |e|  1.3468

  DRIFT between the committed gate and the plateau
      grid    velocityL2 gate velocityL2 plateau   rel change |     dp/dx err gate  dp/dx err plateau
    64x8     1.7465505666e-02   1.7926493139e-02    2.639e-02 |    +2.73604937e-02    +2.79232552e-02
    96x12    7.4975428191e-03   8.0317178620e-03    7.125e-02 |    +1.31489521e-02    +1.60267472e-02
   144x18    3.7082130003e-03   4.5991300994e-03    2.403e-01 |    +8.14598017e-03    +9.28303158e-03
exit 0
