# W8-INV-001 w8inv_multiblock
# libcfdcore.a 143a1dda0680bc1d481a0360095ca7c643ffc9e2a2dc53bbd1d55d5a8202132a
# 2026-09-17T08:34:25Z
# W8-INV-001 MULTIBLOCK RESIDUAL-PLATEAU DIAGNOSTIC
# committed gate vs 20000 iterations at an unreachable tolerance.

COMMITTED GATE (what W8 measures)   (exact G = -1.8282207204)
    nr    nt  conv   iters    velocity L2              G     G SIGNED err  rise SIGNED err   time s
     8    20   yes    1551 1.10926680e-02  -1.8199632992  +8.25742118e-03  +6.86282780e-03      5.8
    12    30   yes    1405 4.82371863e-03  -1.8228269244  +5.39379602e-03  +8.82233249e-04     14.2
    18    45   yes    3160 2.09513878e-03  -1.8254041919  +2.81652846e-03  -4.00728337e-04     86.0
    nr    nt  maxNonOrt meanNonOrt   maxSkew maxAspect    rise r0    rise r1
     8    20   0.000001   0.000000  0.015226    1.5920   1.062905   1.936678
    12    30   0.000001   0.000000  0.010210    1.5917   1.041865   1.957958
    18    45   0.000002   0.000000  0.006833    1.5916   1.027871   1.972052

  observed orders (r = 1.50)
    pair 0: velocity  2.0538 | G  1.0503 | rise  5.0594
    pair 1: velocity  2.0567 | G  1.6025 | rise  1.9463 (SIGN CHANGE)

PLATEAU (20000 iterations, metrics force-extracted)   (exact G = -1.8282207204)
    nr    nt  conv   iters    velocity L2              G     G SIGNED err  rise SIGNED err   time s
     8    20    NO   20000 1.10812939e-02  -1.8617851670  -3.35644467e-02  +6.41537039e-03     71.6
    12    30    NO   20000 4.84536258e-03  -1.8424763801  -1.42556597e-02  -5.06424493e-04    187.0
    18    45    NO   20000 2.10098432e-03  -1.8214526462  +6.76807422e-03  +1.23164120e-03    433.6
    nr    nt  maxNonOrt meanNonOrt   maxSkew maxAspect    rise r0    rise r1
     8    20   0.000001   0.000000  0.015226    1.5920   1.062905   1.936678
    12    30   0.000001   0.000000  0.010210    1.5917   1.041865   1.957958
    18    45   0.000002   0.000000  0.006833    1.5916   1.027871   1.972052

  observed orders (r = 1.50)
    pair 0: velocity  2.0402 | G  2.1119 | rise  6.2621 (SIGN CHANGE)
    pair 1: velocity  2.0609 | G  1.8372 (SIGN CHANGE) | rise -2.1919 (SIGN CHANGE)

  DRIFT between the committed gate and the plateau
      grid       velL2 gate    velL2 plateau  rel change |       G err gate    G err plateau  rel change
    8x20     1.10926680e-02   1.10812939e-02   1.025e-03 |  +8.25742118e-03  -3.35644467e-02   5.065e+00
   12x30     4.82371863e-03   4.84536258e-03   4.487e-03 |  +5.39379602e-03  -1.42556597e-02   3.643e+00
   18x45     2.09513878e-03   2.10098432e-03   2.790e-03 |  +2.81652846e-03  +6.76807422e-03   1.403e+00
exit 0
