# W8-INV-001 w8inv_multiblock
# libcfdcore.a 719d0fc7ae48c027756430a8473a9b47ef3f516167aa7eb7319fa3eb468c50fe
# 2026-09-17T08:52:32Z
# W8-INV-001 MULTIBLOCK RESIDUAL-PLATEAU DIAGNOSTIC
# committed gate vs 20000 iterations at an unreachable tolerance.

COMMITTED GATE (what W8 measures)   (exact G = -1.8282207204)
    nr    nt  conv   iters    velocity L2              G     G SIGNED err  rise SIGNED err   time s
     8    20   yes    1322 2.04167443e-02  -1.7710765109  +5.71442095e-02  +4.64072975e-03      4.6
    12    30   yes    1400 9.37700695e-03  -1.8009723341  +2.72483863e-02  -1.00305722e-03     12.9
    18    45   yes    3246 4.20959357e-03  -1.8156012576  +1.26194628e-02  -1.46542821e-03     80.5
    nr    nt  maxNonOrt meanNonOrt   maxSkew maxAspect    rise r0    rise r1
     8    20   0.000001   0.000000  0.015226    1.5920   1.062905   1.936678
    12    30   0.000001   0.000000  0.010210    1.5917   1.041865   1.957958
    18    45   0.000002   0.000000  0.006833    1.5916   1.027871   1.972052

  observed orders (r = 1.50)
    pair 0: velocity  1.9190 | G  1.8265 | rise  3.7779 (SIGN CHANGE)
    pair 1: velocity  1.9752 | G  1.8984 | rise -0.9350

PLATEAU (20000 iterations, metrics force-extracted)   (exact G = -1.8282207204)
    nr    nt  conv   iters    velocity L2              G     G SIGNED err  rise SIGNED err   time s
     8    20    NO   20000 2.04137641e-02  -1.8052940490  +2.29266714e-02  +4.04110087e-03     68.4
    12    30    NO   20000 9.38575672e-03  -1.8166271532  +1.15935671e-02  -2.12647428e-03    172.4
    18    45    NO   20000 4.21125793e-03  -1.8124738085  +1.57469119e-02  -1.07746716e-04    406.5
    nr    nt  maxNonOrt meanNonOrt   maxSkew maxAspect    rise r0    rise r1
     8    20   0.000001   0.000000  0.015226    1.5920   1.062905   1.936678
    12    30   0.000001   0.000000  0.010210    1.5917   1.041865   1.957958
    18    45   0.000002   0.000000  0.006833    1.5916   1.027871   1.972052

  observed orders (r = 1.50)
    pair 0: velocity  1.9164 | G  1.6817 | rise  1.5835 (SIGN CHANGE)
    pair 1: velocity  1.9766 | G -0.7552 | rise  7.3556

  DRIFT between the committed gate and the plateau
      grid       velL2 gate    velL2 plateau  rel change |       G err gate    G err plateau  rel change
    8x20     2.04167443e-02   2.04137641e-02   1.460e-04 |  +5.71442095e-02  +2.29266714e-02   5.988e-01
   12x30     9.37700695e-03   9.38575672e-03   9.331e-04 |  +2.72483863e-02  +1.15935671e-02   5.745e-01
   18x45     4.20959357e-03   4.21125793e-03   3.954e-04 |  +1.26194628e-02  +1.57469119e-02   2.478e-01
exit 0
