# P12-DIFF-002 W8B / DRIFT-001 fix -- freeze, 2026-09-17T11:29:32Z
# git HEAD b66310ca871811c4c7671056beec291a451af55c

## gates (frozen now)
e1f9f573b81f05ae5145442406144460da34240534579979245aa395f35380d7  results/p12-diff-002/w8b/acceptance_gate.md
687c159088698280d9f3ba210ae47703f333e524101324d592b495a02afe5fe4  results/p12-grad-002/drift-001/acceptance_gate.md

## candidate test files (the repository files must equal these after the edit)
7acf926d41ce8cb1f8f4c8b4ef4c739ffaf73de4efac2fb9c190610c88cc3118  results/p12-diff-002/w8b/data/candidate/test_structured_quad_production_case.cpp
b2b87bb7a477e3e657bf1bc8f7c19bbb08c5a3519ebd403cf55051518479dfc7  results/p12-diff-002/w8b/data/candidate/test_multiblock_production_case.cpp

## repository files BEFORE the edit
d20c8443130ce2b7b90a4058de6c5930dcbdbe417875ddccfcf06d9931d2b6bc  tests/integration/case/test_structured_quad_production_case.cpp
bcbbadb7e14904a96c491d115f59013ac5c08a5bafa38be5debc9af365f91f72  tests/integration/case/test_multiblock_production_case.cpp
b1c19195209e1f85b1a1b1d044c8f155e519fb90cdd789d5b60b9f7398c5f5d4  cases/poiseuille_distorted/solver.json
7a8fb438295cb414599ae261653e78a4a4299feaac7e085222354238d26d0fd4  cases/curved_channel_multiblock/solver.json
60516117a3773587844f8e7285100f20d5e0148514b0529052b5b330c232e235  cases/poiseuille_distorted/case.json
65e66e1af656e501d2ce1e0cf9f22d5f71bba0ee253e99e2c985624157dcd757  cases/curved_channel_multiblock/case.json
cases/ tree (all files except the four above): 49f77e957b00481697d56c879d32d555520a4b6b74b5949abfd783a731ec4cc1

## production (must not change)
20a02b16499fa7b0aca07667baae638714e1a176ed6eba33b414a194cf701e1c  src/discretization/NonOrthogonalDiffusion.cpp
d24882a96e5cbc0025121a71eb9f88e13ffe0ef9a8a09f2e2f9f4d40fd8c03b6  src/discretization/Gradient.cpp
29af1927587558e52fd30a53b2c0bb03438b71044f370f902c414455e50ee7e3  src/physics/MomentumEquation.cpp
d38c2bb3d86b62b693a625b30b002d2deac511b5c324b92c197af4a810c462cd  src/pressure_velocity/SIMPLE.cpp
2b97f94a7dcf2bf943a01f9bdb871acfe4f01b83e9d7f1c0a4587308c596ab17  src/solver/SolverRobustness.cpp
04c964c24d6098dbe20def251fa0eba611a1725f17d9e352acf38631e67645b0  src/mesh/MeshGeometry.cpp
fbd47a072fa221f071082ac17a0d40dc8f547909b0f874af007b199a6dba953a  src/thermal/EnergyEquation.cpp
7d58766dfde9ba7fc28971d8a79172fc59e8268865760efdc8b9a4a46cf1dbe1  src/thermal/ThermalInterface.cpp
src/ + include/ tree: 0bc5c6c3dc2aaf411e1858019b701616611642aadf3b4692258a30f572068846
build/release/src/libcfdcore.a: 143a1dda0680bc1d481a0360095ca7c643ffc9e2a2dc53bbd1d55d5a8202132a

## evidence that must stay byte-identical
96932c05f6665575b29b944f731075357c90d80b82c504abc86a7c53aec6eaa4  results/p12-diff-002/w8/summary.md
ff3fe9ced3dac6cb754384f47f18f475f1825b7a536373885397b5eab5c7ff01  results/p12-diff-002/w8/logs/01_W8.log
a795cc4bb2ad07d2a0c337eb082503f127e83aed0cae95b08b94b291c322f4db  results/p12-diff-002/w8-inv-001/summary.md
2707f72bfee7ab7096dca16486354ae071842d7897dab10d6f801d393a11af2f  results/p12-diff-002/w8a/acceptance_gate.md
78197c336e2ec7351d21ee839f12681313a8b1805d4dc6549c0fa371f5a7057a  results/p12-diff-002/w8a/summary.md
bed6b8941a7e011212231f0e4585ff0164fa3e7ff5cfb87e3be009a3ed090d06  results/p12-diff-002/uc-001/acceptance_gate.md
13e08a6b809480798b05f25b0548c20228fe4ed8f5346798f97d64643451c34b  results/p12-mesh-001/summary.md
4b772e55be94defdc50b0624f671582f0c4cfbb2daa65911e9d3788989c0601a  results/p12-mesh-003/acceptance_gate.md
6e943b596b4c61900aa2d9cb384d1fc7216a3b0a01ac9c48e4de8360a3a00d62  results/p12-mesh-003/summary.md
51079f6da5dd0a417b39fe332f92eccf32a9877a96035168bc566ed1d3a9e46b  results/p12-diff-002/acceptance_gate.md
439e9df7497b645cf45fa6671a2504fac3ac62314bcb4dd1306d9d5c217c9fdf  results/p12-grad-002/drift-001/summary.md

## pre-freeze dry-run logs
94c88d6c4764a264e1a70d2291f5484af9e0dc1e21b32892689751e2179d7107  results/p12-diff-002/w8b/logs/dry_cand.log
069d4fd4d720968a21d1353d22ba513bd25c1a084ff712e05d911eb7ae091399  results/p12-diff-002/w8b/logs/dry_driver.log
81e602aeb8591df17c3e9af085901dacac1cf6d0960f10bab1c3a57cd4be215c  results/p12-diff-002/w8b/logs/dry_farx2.log
dbe86d3fe60056a0960294053b8ed731ccc6c48868eff4e5b7a4f1b824e87b97  results/p12-diff-002/w8b/logs/dry_linear.log
dd4416a1fd6e49f40c091c025861301d20e9e40acf4c92141a6e32d8fe98c680  results/p12-diff-002/w8b/logs/dry_nodiff.log
c5926885c7f202148dfdeb9b352b520eb499b7b58952d8d23cb381ab1c172ebe  results/p12-diff-002/w8b/logs/dry_signflip.log
409791f2ecbcb44ac35a32603d0cbd3b288d5ed338c494efda16e0cb6f6b8584  results/p12-grad-002/drift-001/logs/d1_dryrun_rc_cases.log
exit 0
