# P12-DIFF-002 W8B authoritative run; 2026-09-17T11:30:43Z; git HEAD b66310ca871811c4c7671056beec291a451af55c

## (a) repository tests == frozen candidate
  test_structured_quad_production_case.cpp 7acf926d41ce8cb1f8f4c8b4ef4c739ffaf73de4efac2fb9c190610c88cc3118
  test_multiblock_production_case.cpp b2b87bb7a477e3e657bf1bc8f7c19bbb08c5a3519ebd403cf55051518479dfc7
## (b) case edits are exactly DRIFT-001 F1
  poiseuille_distorted/solver.json keys: ['continuity_tolerance', 'convection_scheme', 'face_flux', 'gradient_scheme', 'max_iterations', 'momentum_linear_solver', 'non_orthogonal_corrections', 'pressure_linear_solver', 'pressure_relaxation', 'pressure_tolerance', 'type', 'velocity_relaxation', 'velocity_tolerance']
  curved_channel_multiblock/solver.json keys: ['continuity_tolerance', 'convection_scheme', 'face_flux', 'gradient_scheme', 'max_iterations', 'momentum_linear_solver', 'non_orthogonal_corrections', 'pressure_linear_solver', 'pressure_relaxation', 'pressure_tolerance', 'type', 'velocity_relaxation', 'velocity_tolerance']
  reverse-applied: solver b1c19195209e1f85b1a1b1d044c8f155e519fb90cdd789d5b60b9f7398c5f5d4 / 7a8fb438295cb414599ae261653e78a4a4299feaac7e085222354238d26d0fd4, case 60516117a3773587844f8e7285100f20d5e0148514b0529052b5b330c232e235 / 65e66e1af656e501d2ce1e0cf9f22d5f71bba0ee253e99e2c985624157dcd757
  rest of cases/: 49f77e957b00481697d56c879d32d555520a4b6b74b5949abfd783a731ec4cc1
## (c) production unchanged
  src/ + include/ tree 0bc5c6c3dc2aaf411e1858019b701616611642aadf3b4692258a30f572068846
## (d) frozen evidence byte-identical
results/p12-diff-002/w8/summary.md: OK
results/p12-diff-002/w8/logs/01_W8.log: OK
results/p12-diff-002/w8-inv-001/summary.md: OK
results/p12-diff-002/w8a/acceptance_gate.md: OK
results/p12-diff-002/w8a/summary.md: OK
results/p12-diff-002/uc-001/acceptance_gate.md: OK
results/p12-mesh-001/summary.md: OK
results/p12-mesh-003/acceptance_gate.md: OK
results/p12-mesh-003/summary.md: OK
results/p12-diff-002/acceptance_gate.md: OK
results/p12-grad-002/drift-001/summary.md: OK
results/p12-diff-002/w8b/acceptance_gate.md: OK
results/p12-grad-002/drift-001/acceptance_gate.md: OK

## configure + clean-first rebuild of everything
  BUILD OK (433 lines)
  warnings in the two test sources: 0
  newest source: /mnt/c/Users/Hasib/Desktop/CFDAPP/CFDApp/tests/integration/case/test_multiblock_production_case.cpp
  test binaries 41, stale 0
  libcfdcore.a 143a1dda0680bc1d481a0360095ca7c643ffc9e2a2dc53bbd1d55d5a8202132a
  CFDCaseIntegrationTests 335474d392f1f87204295666611d113b5dad2bad80297c9348ace124014adf39
