# W8B dry-run variant=cand tests=candidate cases=rc lib=current
# start 2026-09-17T11:34:42Z  repo HEAD b66310ca871811c4c7671056beec291a451af55c
# test sources: 7acf926d41ce8cb1 b2b87bb7a477e3e6 
# NonOrthogonalDiffusion.cpp: 20a02b16499fa7b0
# poiseuille_distorted/solver.json face_flux: "face_flux": "rhie_chow"
# curved_channel_multiblock/solver.json face_flux: "face_flux": "rhie_chow"
# libcfdcore.a 143a1dda0680bc1d481a0360095ca7c643ffc9e2a2dc53bbd1d55d5a8202132a
# binary       39e4ff53084095ccbef9ca3152a54d37129d3a538c40926d332d04e67717dd3c
# warnings in the two test sources: 0
Running main() from /mnt/c/Users/Hasib/Desktop/CFDAPP/CFDApp/build/release/_deps/googletest-src/googletest/src/gtest_main.cc
Note: Google Test filter = StructuredQuadProductionCase.*:MultiBlockProductionCase.*
[==========] Running 15 tests from 2 test suites.
[----------] Global test environment set-up.
[----------] 9 tests from StructuredQuadProductionCase
[ RUN      ] StructuredQuadProductionCase.CommittedCaseIsAGenuinelyNonOrthogonalMesh
poiseuille_distorted 64x8: non-orthogonality max 44.76 mean 14.58 deg, skewness max 0.1318 mean 0.0369
[       OK ] StructuredQuadProductionCase.CommittedCaseIsAGenuinelyNonOrthogonalMesh (3 ms)
[ RUN      ] StructuredQuadProductionCase.DistortedPoiseuilleMatchesAnalyticalSolution
64x8: iterations 39, velocity L2 1.0921e-02 (Cartesian 8.4927e-03), dp/dx -1.203735 (exact -1.200000), max column flow error 6.14e-11, mass imbalance 3.97e-11
[       OK ] StructuredQuadProductionCase.DistortedPoiseuilleMatchesAnalyticalSolution (661 ms)
[ RUN      ] StructuredQuadProductionCase.DistortedPoiseuilleGridConvergence
64x8: non-orthogonality max 44.76 deg, skewness max 0.1318, iterations 39, velocity L2 1.0921e-02 (Cartesian 8.4927e-03), dp/dx -1.203735, column flow error 6.14e-11
96x12: non-orthogonality max 47.18 deg, skewness max 0.0910, iterations 65, velocity L2 4.6453e-03 (Cartesian 3.7905e-03), dp/dx -1.198748, column flow error 1.65e-10
144x18: non-orthogonality max 48.25 deg, skewness max 0.0609, iterations 117, velocity L2 2.0069e-03 (Cartesian 1.6879e-03), dp/dx -1.198720, column flow error 8.15e-11

### Grid convergence: poiseuille_distorted

Distorted Poiseuille Re = 10 (structured_quad), 64x8 / 96x12 / 144x18

| grid | nx x ny | cells | h | runtime (s) | solver | accepted |
|---|---|---|---|---|---|---|
| coarse | 64 x 8 | 512 | 0.125 | 0.6 | Converged (39 it) | yes |
| medium | 96 x 12 | 1152 | 0.0833333 | 2.6 | Converged (65 it) | yes |
| fine | 144 x 18 | 2592 | 0.0555556 | 10.1 | Converged (117 it) | yes |

**pressure_gradient** -- dp/dx, least-squares fit over 0.50 L..0.85 L; exact -12 mu U / H^2

| grid | value | reference | error | relative error |
|---|---|---|---|---|
| coarse | -1.2037354 | -1.2 (analytical) | -0.003735 | 0.003113 |
| medium | -1.1987479 | -1.2 (analytical) | 0.001252 | 0.001043 |
| fine | -1.19872 | -1.2 (analytical) | 0.00128 | 0.001067 |
| extrapolated | -1.1987198 | | 0.00128 | |

| r21 | r32 | p | p formal | phi_ext | U21 (abs) | GCI21 | GCI32 | asymptotic ratio | status | grid independent |
|---|---|---|---|---|---|---|---|---|---|---|
| 1.5 | 1.5 | 12.7833 | 2 | -1.1987198 | 1.973e-07 | 1.646e-07 | 2.934e-05 | 79.2220 | monotonic_not_asymptotic | no |

- monotonic convergence, observed order 12.7833 (formal 2); asymptotic ratio 79.222 outside 1 +/- 0.1
- grid independence: no grid-independence threshold configured

**velocity_l2_error** -- volume-weighted L2 of |u - u_exact| over 0.50 L..0.85 L; exact 0

| grid | value | reference | error | relative error |
|---|---|---|---|---|
| coarse | 0.010920736 | 0 (analytical) | 0.01092 | -- |
| medium | 0.0046453024 | 0 (analytical) | 0.004645 | -- |
| fine | 0.0020068877 | 0 (analytical) | 0.002007 | -- |
| extrapolated | 9.2893584e-05 | | 9.289e-05 | |

| r21 | r32 | p | p formal | phi_ext | U21 (abs) | GCI21 | GCI32 | asymptotic ratio | status | grid independent |
|---|---|---|---|---|---|---|---|---|---|---|
| 1.5 | 1.5 | 2.1370 | 2 | 9.2893584e-05 | 0.002392 | 1.192 | 1.225 | 1.0571 | asymptotic | no |

- monotonic convergence, observed order 2.13696 (formal 2); asymptotic ratio 1.05711 within 1 +/- 0.1
- grid independence: no grid-independence threshold configured
pair 0: observed order velocity 2.108; dp/dx signed error -3.7354e-03 -> +1.2521e-03
pair 1: observed order velocity 2.070; dp/dx signed error +1.2521e-03 -> +1.2800e-03
dp/dx triplet: NUM-005 status monotonic_not_asymptotic, asymptotic ratio 79.22 (no GCI claimed)
144x18 iterative check: velocity L2 2.006888e-03 (gate) vs 2.006028e-03 (tolerances / 100, 197 iterations): change 8.596e-07 = 0.043 % of the error
[       OK ] StructuredQuadProductionCase.DistortedPoiseuilleGridConvergence (27291 ms)
[ RUN      ] StructuredQuadProductionCase.LeastSquaresGradientMatchesAnalyticalSolution
[       OK ] StructuredQuadProductionCase.LeastSquaresGradientMatchesAnalyticalSolution (418 ms)
[ RUN      ] StructuredQuadProductionCase.NonOrthogonalCorrectionIsActiveOnTheProductionPath
activation: interior rows 372, changed by the correction 372, changed by a second pass 0
activation: velocity L2 uncorrected 1.6331e-02, corrected 1.0921e-02, requirement 1.2739e-02 (1.5x Cartesian)
[       OK ] StructuredQuadProductionCase.NonOrthogonalCorrectionIsActiveOnTheProductionPath (935 ms)
[ RUN      ] StructuredQuadProductionCase.ThermalAndSpeciesMatchLinearProfilesOnDistortedSlab
green_gauss: max |T - T_exact| 1.424e-06 K, max |Y - Y_exact| 4.260e-07
least_squares: max |T - T_exact| 2.378e-09 K, max |Y - Y_exact| 3.869e-07
[       OK ] StructuredQuadProductionCase.ThermalAndSpeciesMatchLinearProfilesOnDistortedSlab (384 ms)
[ RUN      ] StructuredQuadProductionCase.CompressibleSimpleMatchesLubricationSolutionOnDistortedMesh
distorted lubrication channel: iterations 2472, p error L2 5.7699e-03 Linf 1.9925e-02
[       OK ] StructuredQuadProductionCase.CompressibleSimpleMatchesLubricationSolutionOnDistortedMesh (36640 ms)
[ RUN      ] StructuredQuadProductionCase.KEpsilonChannelMatchesCartesianOnTiltedMesh
k_epsilon Re_tau: Cartesian 438.690, distorted 439.024
[       OK ] StructuredQuadProductionCase.KEpsilonChannelMatchesCartesianOnTiltedMesh (8161 ms)
[ RUN      ] StructuredQuadProductionCase.SstChannelMatchesCartesianOnTiltedMesh
sst Re_tau: Cartesian 298.014, distorted 308.501
[       OK ] StructuredQuadProductionCase.SstChannelMatchesCartesianOnTiltedMesh (56310 ms)
[----------] 9 tests from StructuredQuadProductionCase (130819 ms total)

[----------] 6 tests from MultiBlockProductionCase
[ RUN      ] MultiBlockProductionCase.CurvedChannelCommittedCaseGate
curved channel mesh: 1080 cells, 2262 faces, max non-orthogonality 1.479e-06 deg, max skewness 1.021e-02, min/max volume 4.5431e-03/8.5409e-03
committed 12x30 x3           cells  1080 | converged 1, 74 it, 1.41 s | mass imbalance 2.61e-11, max radial-line flow error 3.68e-11 (interfaces 9.71e-12), max block net flow 3.58e-11 | velocity L2 4.8376e-03, max |u_r| 8.253e-04 | G -1.822621 (exact -1.828221, rel err 3.0630e-03) | radial rise 0.832619 (exact 0.829445, rel err 3.8268e-03)
[       OK ] MultiBlockProductionCase.CurvedChannelCommittedCaseGate (2859 ms)
[ RUN      ] MultiBlockProductionCase.CurvedChannelInterfacesAreTransparent
3 blocks                     cells  1080 | converged 1, 74 it, 1.52 s | mass imbalance 2.61e-11, max radial-line flow error 3.68e-11 (interfaces 9.71e-12), max block net flow 3.58e-11 | velocity L2 4.8376e-03, max |u_r| 8.253e-04 | G -1.822621 (exact -1.828221, rel err 3.0630e-03) | radial rise 0.832619 (exact 0.829445, rel err 3.8268e-03)
1 block (same vertices)      cells  1080 | converged 1, 74 it, 1.43 s | mass imbalance 2.52e-11, max radial-line flow error 3.68e-11 (interfaces 1.03e-11), max block net flow 3.55e-11 | velocity L2 4.8376e-03, max |u_r| 8.253e-04 | G -1.822621 (exact -1.828221, rel err 3.0630e-03) | radial rise 0.832619 (exact 0.829445, rel err 3.8268e-03)
3-block vs 1-block: max |du| 1.121e-11, max |dp| 6.240e-11 (7.242e-12 of the total pressure drop), iterations 74 vs 74
[       OK ] MultiBlockProductionCase.CurvedChannelInterfacesAreTransparent (2961 ms)
[ RUN      ] MultiBlockProductionCase.CurvedChannelGridConvergence
8x20 x3                      cells   480 | converged 1, 44 it, 0.31 s | mass imbalance 6.09e-12, max radial-line flow error 1.69e-11 (interfaces 1.14e-11), max block net flow 1.33e-11 | velocity L2 1.1164e-02, max |u_r| 3.364e-03 | G -1.815875 (exact -1.828221, rel err 6.7527e-03) | radial rise 0.838053 (exact 0.825969, rel err 1.4630e-02)
12x30 x3                     cells  1080 | converged 1, 74 it, 1.37 s | mass imbalance 2.56e-11, max radial-line flow error 3.69e-11 (interfaces 1.00e-11), max block net flow 3.56e-11 | velocity L2 4.8376e-03, max |u_r| 8.253e-04 | G -1.822621 (exact -1.828221, rel err 3.0630e-03) | radial rise 0.832619 (exact 0.829445, rel err 3.8268e-03)
18x45 x3                     cells  2430 | converged 1, 133 it, 6.07 s | mass imbalance 2.47e-10, max radial-line flow error 2.61e-10 (interfaces 1.87e-10), max block net flow 1.03e-10 | velocity L2 2.0936e-03, max |u_r| 2.625e-04 | G -1.825763 (exact -1.828221, rel err 1.3442e-03) | radial rise 0.830967 (exact 0.830537, rel err 5.1679e-04)

### Grid convergence: curved_channel_multiblock

270-degree curved channel, 3 conformal blocks, Re 10: 8x20 / 12x30 / 18x45 per block

| grid | nx x ny | cells | h | runtime (s) | solver | accepted |
|---|---|---|---|---|---|---|
| coarse | 8 x 60 | 480 | 0.121352 | 0.3 | Converged (44 it) | yes |
| medium | 12 x 90 | 1080 | 0.0809011 | 1.4 | Converged (74 it) | yes |
| fine | 18 x 135 | 2430 | 0.0539341 | 6.1 | Converged (133 it) | yes |

**velocity_l2_error** -- RMS |u - u_exact| over bend_b (90-180 deg); exact 0

| grid | value | reference | error | relative error |
|---|---|---|---|---|
| coarse | 0.011164239 | 0 (analytical) | 0.01116 | -- |
| medium | 0.0048375889 | 0 (analytical) | 0.004838 | -- |
| fine | 0.0020935913 | 0 (analytical) | 0.002094 | -- |
| extrapolated | -8.0703479e-06 | | -8.07e-06 | |

| r21 | r32 | p | p formal | phi_ext | U21 (abs) | GCI21 | GCI32 | asymptotic ratio | status | grid independent |
|---|---|---|---|---|---|---|---|---|---|---|
| 1.5 | 1.5 | 2.0602 | 2 | -8.0703479e-06 | 0.002627 | 1.255 | 1.252 | 1.0247 | asymptotic | no |

- monotonic convergence, observed order 2.06024 (formal 2); asymptotic ratio 1.02473 within 1 +/- 0.1
- grid independence: no grid-independence threshold configured

**pressure_gradient** -- dp/dtheta over bend_b (mean per-ring LS slope); exact 2 mu A

| grid | value | reference | error | relative error |
|---|---|---|---|---|
| coarse | -1.8158753 | -1.8282207 (analytical) | 0.01235 | 0.006753 |
| medium | -1.822621 | -1.8282207 (analytical) | 0.0056 | 0.003063 |
| fine | -1.8257632 | -1.8282207 (analytical) | 0.002458 | 0.001344 |
| extrapolated | -1.8285033 | | -0.0002826 | |

| r21 | r32 | p | p formal | phi_ext | U21 (abs) | GCI21 | GCI32 | asymptotic ratio | status | grid independent |
|---|---|---|---|---|---|---|---|---|---|---|
| 1.5 | 1.5 | 1.8842 | 2 | -1.8285033 | 0.003425 | 0.001876 | 0.004034 | 0.9541 | asymptotic | no |

- monotonic convergence, observed order 1.88415 (formal 2); asymptotic ratio 0.954114 within 1 +/- 0.1
- grid independence: no grid-independence threshold configured

**radial_pressure_rise_ratio** -- [p(outer cell) - p(inner cell)] / (rho int u^2/r dr between the same centroid radii) over bend_b (the radii move with the grid, so the ratio is analysed); exact 1

| grid | value | reference | error | relative error |
|---|---|---|---|---|
| coarse | 1.0146296 | 1 (analytical) | 0.01463 | 0.01463 |
| medium | 1.0038268 | 1 (analytical) | 0.003827 | 0.003827 |
| fine | 1.0005168 | 1 (analytical) | 0.0005168 | 0.0005168 |
| extrapolated | 0.99905456 | | -0.0009454 | |

| r21 | r32 | p | p formal | phi_ext | U21 (abs) | GCI21 | GCI32 | asymptotic ratio | status | grid independent |
|---|---|---|---|---|---|---|---|---|---|---|
| 1.5 | 1.5 | 2.9173 | 2 | 0.99905456 | 0.001828 | 0.001827 | 0.005943 | 1.4505 | monotonic_not_asymptotic | no |

- monotonic convergence, observed order 2.91727 (formal 2); asymptotic ratio 1.45052 outside 1 +/- 0.1
- grid independence: no grid-independence threshold configured
pair 0 observed order: velocity L2 2.063, G error 1.950, radial rise error 3.297
pair 1 observed order: velocity L2 2.066, G error 2.031, radial rise error 4.935
pressure_gradient: fine -1.82576320, exact -1.82822072, |error| 2.458e-03, U21 3.425e-03 (GCI21 1.876e-03), extrapolated -1.82850331
radial_pressure_rise_ratio: fine 1.00051679, exact 1.00000000, |error| 5.168e-04, U21 1.828e-03 (GCI21 1.827e-03), extrapolated 0.99905456
18x45 iterative check (tolerances / 100, 214 iterations): velocity L2 2.093591e-03 -> 2.107859e-03 (0.681 % of the error), G -1.82576320 -> -1.82575314 (0.409 % of the error)
[       OK ] MultiBlockProductionCase.CurvedChannelGridConvergence (16978 ms)
[ RUN      ] MultiBlockProductionCase.SectorConductionInterfaceConservation
sector 8x20 x3: thermal converged 1 (4 it) | T L2 4.3094e-06 | heat flow hot end 0.1470374558, interface 1 0.1470374558, interface 2 0.1470374558, cold end 0.1470374558 (exact 0.1470904001, rel err 3.599e-04) | max spread 8.116e-14 (all lines 4.611e-12) = 5.518e-13 Q
  max per-cell imbalance 1.505e-12 vs derived bound 1.471e-09
  energy balance: in 0.147037455787, out 0.147037455787, |in - out| = 7.171e-14 Q
sector 12x30 x3: thermal converged 1 (4 it) | T L2 1.2780e-06 | heat flow hot end 0.1470663344, interface 1 0.1470663344, interface 2 0.1470663344, cold end 0.1470663344 (exact 0.1470904001, rel err 1.636e-04) | max spread 1.897e-12 (all lines 4.166e-12) = 1.290e-11 Q
  max per-cell imbalance 1.516e-13 vs derived bound 1.471e-09
  energy balance: in 0.147066334362, out 0.147066334362, |in - out| = 7.114e-14 Q
sector 18x45 x3: thermal converged 1 (3 it) | T L2 3.7882e-07 | heat flow hot end 0.1470795654, interface 1 0.1470795654, interface 2 0.1470795654, cold end 0.1470795654 (exact 0.1470904001, rel err 7.366e-05) | max spread 1.237e-12 (all lines 1.373e-11) = 8.409e-12 Q
  max per-cell imbalance 9.171e-12 vs derived bound 1.471e-09
  energy balance: in 0.147079565358, out 0.147079565358, |in - out| = 4.114e-14 Q
sector pair 0: heat-flow error observed order 1.945
sector pair 1: heat-flow error observed order 1.968
sector pair 0: temperature L2 observed order 2.998
sector pair 1: temperature L2 observed order 2.999
[       OK ] MultiBlockProductionCase.SectorConductionInterfaceConservation (211 ms)
[ RUN      ] MultiBlockProductionCase.StepChannelRegression
step channel: 633 it, mass imbalance 2.45e-11, max face-line flow error 4.06e-11, reversed bottom-row cells 11 (last at x = 3.3125), far-field max |u - 3y(1-y)| 1.457e-03, max |v| 3.172e-06
[       OK ] MultiBlockProductionCase.StepChannelRegression (12631 ms)
[ RUN      ] MultiBlockProductionCase.ObstacleChannelInternalSolid
obstacle channel: 3486 it, mass imbalance 1.27e-12, max face-line flow error 3.26e-11, symmetry max |du| 2.43e-10 |dv| 2.69e-10 |dp| 2.59e-09
[       OK ] MultiBlockProductionCase.ObstacleChannelInternalSolid (50097 ms)
[----------] 6 tests from MultiBlockProductionCase (85746 ms total)

[----------] Global test environment tear-down
[==========] 15 tests from 2 test suites ran. (216570 ms total)
[  PASSED  ] 15 tests.
exit 0
# end 2026-09-17T11:40:13Z
