# P12-DIFF-002-UF-001.1 frozen baseline; 2026-09-17T04:48:53Z

## natural-convection validation tests + benchmark data + extrema extraction
ca7ab2b2297c2754b19e2e90dd83ada9db36fef76854e1ce90817bbd0299fa45  tests/integration/thermal/test_natural_convection_validation.cpp
d9f5adabf41f7638331161e5d4702199db4a50559733eab395339beb41c7a8e7  tests/integration/thermal/NaturalConvectionValidationUtils.hpp
7496fe907e343c8c828f5be4a3ed7c65053b53d2082d86cd0fae5210623d8232  tests/integration/thermal/NaturalConvectionValidationUtils.cpp
35cbb3a5ad2ac0d29f2f9c92a00f194b05d7c21ff340bb1934eca1bfb969f52e  tests/integration/thermal/DeVahlDavis1983.hpp
1a093e347d6f49a5ac09c4e1f9c7cdb085ac0edf6905f853c0bdcd2034fa0c62  tests/integration/thermal/CMakeLists.txt

## literature provenance copy (must stay numerically in sync)
55edc0883bd7d164370848590f0ef6ef9d696ea7fc9b07c2746a93c2c3e0c71f  validation/literature/natural_convection/README.md
8e7205831779e024b20698c420e72225bf55115e6d5faf6ae0d3458a6e749af0  validation/literature/natural_convection/de_vahl_davis_1983.json

## momentum assembly
29af1927587558e52fd30a53b2c0bb03438b71044f370f902c414455e50ee7e3  src/physics/MomentumEquation.cpp
c1dcac484330c17c2160da997dcf68e5097f5b8bedb2f72b384b20f7a6f69b82  include/cfd/physics/MomentumEquation.hpp

## thermal assembly
fbd47a072fa221f071082ac17a0d40dc8f547909b0f874af007b199a6dba953a  src/thermal/EnergyEquation.cpp
0393ac602e4f715f51ace0aac05693a430361e552e8a01ae815e353b024bafbd  include/cfd/thermal/EnergyEquation.hpp
8c03ba6816ad6f85c35143f316cc8058a04c6b59705a7c7335be8fd668135299  src/thermal/ThermalSolver.cpp
7d58766dfde9ba7fc28971d8a79172fc59e8268865760efdc8b9a4a46cf1dbe1  src/thermal/ThermalInterface.cpp

## buoyancy / source
a6f4d761e6ff1d198fc3be1adbfbb95b0f8be689af63c0d78c1f32141020bafa  src/physics/BoussinesqBuoyancy.cpp
c03b7af700cdd1efcaebce9526058eefc5c8b41dba5a809b71b3cac47d516b0c  include/cfd/physics/BoussinesqBuoyancy.hpp

## boundary diffusion (the DIFF-002 reconstruction)
20a02b16499fa7b0aca07667baae638714e1a176ed6eba33b414a194cf701e1c  src/discretization/NonOrthogonalDiffusion.cpp
076859b950fe0e140d4c6cd961a046a2f363cf1125865f968655298b55cbb8b2  include/cfd/discretization/NonOrthogonalDiffusion.hpp
e8e17477465bcaea0415443284088169a936f4bbde8c0392d7abd6492ba7e0df  src/discretization/Diffusion.cpp

## pressure-velocity coupling
d38c2bb3d86b62b693a625b30b002d2deac511b5c324b92c197af4a810c462cd  src/pressure_velocity/SIMPLE.cpp

## library
143a1dda0680bc1d481a0360095ca7c643ffc9e2a2dc53bbd1d55d5a8202132a  build/release/src/libcfdcore.a

## all frozen gates (must stay byte-identical through UF-001)
51079f6da5dd0a417b39fe332f92eccf32a9877a96035168bc566ed1d3a9e46b  results/p12-diff-002/acceptance_gate.md
c4b08824cf98e95f6bf3d424e7e0fd006231f1ed955cbfb9f6f641d45faae7d0  results/p12-diff-002/acceptance_gate_A1.md
3a268060809a4566331163f4fa582d5ba5e08398368b4814a08256a2605d8d40  results/p12-diff-002/acceptance_gate_A2.md
f6dbdd06032c333a4347735abd81d6450ba9a0442879eb4eaa9edb1adaae0e95  results/p12-diff-002/acceptance_gate_A3.md
833ad5608a265ecc75b8df32e5a37242a68773f04155ba7f8101cf92150ba219  results/p12-diff-002/validation-migration/acceptance_gate.md
9944d066659d4127cbfdba5246f67b023461738fb9e9f5cd96d0d289258e8870  results/p12-diff-002/thermal-interface-fix/acceptance_gate.md
fbc927a22cf474b97d7a1cd3aa69f4646ca9c1a7691299fd9fd2f7fca66f40cb  results/p12-diff-002/validation-migration/acceptance_gate_A5.md
1e2c98684b62b14418dd745ae7c5b8397b0547fb073212196c6fdc64753d3a2d  results/p12-diff-002/rob-001/acceptance_gate.md
ba33ced0073fb0e1026fda63771a0a07ea73620a79e2a140bfd5525f33d3393d  results/p12-diff-002/validation-migration/acceptance_gate_A6.md
bed6b8941a7e011212231f0e4585ff0164fa3e7ff5cfb87e3be009a3ed090d06  results/p12-diff-002/uc-001/acceptance_gate.md

## UC-001 deliverables (must stay byte-identical)
6471a1f4264c082f8e0a70bfe6ad597c012604bf94614a4770a001f6fa534931  results/p12-diff-002/uc-001/plan.md
a35f92841ca8a03bceafa3b752e16897c5397d6593bc5a645f57c5018a10147d  results/p12-diff-002/uc-001/summary.md
fda32f7a1a7280cff10d7da9defc2092017714a5203a8f59ab5bce27ec15ef8f  tests/integration/poiseuille/PoiseuilleValidationUtils.hpp
17af0d8a10751f8510dfe7db84590d978a77ee16ed35324dfc766493d56946dc  tests/integration/poiseuille/PoiseuilleValidationUtils.cpp
53025402b56c2bd2246cd06f4bc955d8bf29aec13f8d2646f793af4994abd990  tests/integration/poiseuille/test_poiseuille_production_validation.cpp

## pre-DIFF-002 baseline reference used for comparison
The pre-DIFF-002 library is produced by the reconstruct-and-prove method recorded in
results/p12-diff-002/validation-migration/a6/resumed (A6-f) and rob-001: an isolated copy
of the tree outside the repo with the DIFF-002 far-cell reconstruction removed, whose
rebuilt libcfdcore.a hash is checked against the value frozen when the change was made.
A5 recorded that library as sha256 90473bfb... (reconstruction removed).
