# UF-001 uf001_grids
# libcfdcore.a 143a1dda0680bc1d481a0360095ca7c643ffc9e2a2dc53bbd1d55d5a8202132a
# headers from /mnt/c/Users/Hasib/Desktop/CFDAPP/CFDApp
# 2026-09-17T04:55:18Z
# UF-001.4/.5 natural-convection grid family, Ra = 1000, Pr = 0.71, beta = 710
# LITERATURE (de Vahl Davis 1983, h->0 Richardson-extrapolated): Nu_avg 1.120, u_max 3.634 (y 0.813), v_max 3.679 (x 0.179)

## n = 30  (converged)  outer 50/400  final outer change 9.640e-09  SIMPLE iters 1  146.6 s
   mass imbalance 0.000e+00   max wall flux 0.000e+00   heat imbalance 3.315e-08   q_hot 1.129129 q_cold -1.129129
   theta range [1.196e-02, 0.988043620]
   Nu_avg   1.129129   rel err vs literature 0.0082
   u_max  discrete 3.533400 (y 0.8167) err 0.0277 | parabolic 3.534240 (y 0.8127) err 0.0275 | spline 3.533872 (y 0.8124) err 0.0276 | GLOBAL field 3.542718
   v_max  discrete 3.581405 (x 0.1833) err 0.0265 | parabolic 3.583522 (x 0.1775) err 0.0260 | spline 3.585605 (x 0.1749) err 0.0254 | GLOBAL field 3.588591
## n = 40  (converged)  outer 52/400  final outer change 9.731e-09  SIMPLE iters 59  565.9 s
   mass imbalance 0.000e+00   max wall flux 0.000e+00   heat imbalance 4.298e-08   q_hot 1.126588 q_cold -1.126588
   theta range [8.887e-03, 0.991113462]
   Nu_avg   1.126588   rel err vs literature 0.0059
   u_max  discrete 3.569134 (y 0.8125) err 0.0178 | parabolic 3.569256 (y 0.8140) err 0.0178 | spline 3.569691 (y 0.8163) err 0.0177 | GLOBAL field 3.576090
   v_max  discrete 3.610056 (x 0.1875) err 0.0187 | parabolic 3.617269 (x 0.1768) err 0.0168 | spline 3.619099 (x 0.1759) err 0.0163 | GLOBAL field 3.616653

#CSV n,converged,nu_avg,u_discrete,u_discrete_y,u_parabolic,u_parabolic_y,u_spline,u_global,v_discrete,v_discrete_x,v_parabolic,v_parabolic_x,v_spline,v_global,mass_imb,heat_imb,outer,final_outer_change
CSV,30,1,1.1291291250,3.5333998220,0.816667,3.5342398696,0.812658,3.5338717414,3.5427175616,3.5814054814,0.183333,3.5835224610,0.177548,3.5856052941,3.5885911587,0.000e+00,3.315e-08,50,9.640e-09
CSV,40,1,1.1265880719,3.5691337591,0.812500,3.5692560380,0.813996,3.5696912525,3.5760898555,3.6100564221,0.187500,3.6172694659,0.176806,3.6190991374,3.6166531888,0.000e+00,4.298e-08,52,9.731e-09
exit 0
