[  3%] Building CXX object src/CMakeFiles/cfdcore.dir/core/Timer.cpp.o
[  0%] Building CXX object src/CMakeFiles/cfdcore.dir/core/Version.cpp.o
[  3%] Building CXX object src/CMakeFiles/cfdcore.dir/core/Profiler.cpp.o
[  6%] Building CXX object src/CMakeFiles/cfdcore.dir/mesh/Face.cpp.o
[ 12%] Building CXX object src/CMakeFiles/cfdcore.dir/fields/VectorField.cpp.o
[  3%] Building CXX object src/CMakeFiles/cfdcore.dir/mesh/Cell.cpp.o
[  6%] Building CXX object src/CMakeFiles/cfdcore.dir/mesh/BoundaryPatch.cpp.o
[ 12%] Building CXX object src/CMakeFiles/cfdcore.dir/mesh/MeshMotion.cpp.o
[  9%] Building CXX object src/CMakeFiles/cfdcore.dir/mesh/MeshQuality.cpp.o
[ 16%] Building CXX object src/CMakeFiles/cfdcore.dir/algebra/LinearSolver.cpp.o
[  6%] Building CXX object src/CMakeFiles/cfdcore.dir/mesh/MeshGeometry.cpp.o
[  9%] Building CXX object src/CMakeFiles/cfdcore.dir/mesh/MeshGrading.cpp.o
[  9%] Building CXX object src/CMakeFiles/cfdcore.dir/fields/ScalarField.cpp.o
[  6%] Building CXX object src/CMakeFiles/cfdcore.dir/mesh/Mesh.cpp.o
[ 12%] Building CXX object src/CMakeFiles/cfdcore.dir/algebra/Vector.cpp.o
[ 12%] Building CXX object src/CMakeFiles/cfdcore.dir/algebra/SparseMatrix.cpp.o
[ 12%] Building CXX object src/CMakeFiles/cfdcore.dir/mesh/MeshFingerprint.cpp.o
[ 12%] Building CXX object src/CMakeFiles/cfdcore.dir/algebra/LinearSystem.cpp.o
[ 12%] Building CXX object src/CMakeFiles/cfdcore.dir/algebra/Preconditioner.cpp.o
[ 16%] Building CXX object src/CMakeFiles/cfdcore.dir/algebra/CG.cpp.o
[ 16%] Building CXX object src/CMakeFiles/cfdcore.dir/algebra/LinearSolverFallback.cpp.o
[ 16%] Building CXX object src/CMakeFiles/cfdcore.dir/algebra/BiCGSTAB.cpp.o
[ 22%] Building CXX object src/CMakeFiles/cfdcore.dir/boundary/FixedValue.cpp.o
[ 19%] Building CXX object src/CMakeFiles/cfdcore.dir/algebra/LinearSolverFactory.cpp.o
[ 19%] Building CXX object src/CMakeFiles/cfdcore.dir/boundary/BoundaryCondition.cpp.o
[ 19%] Building CXX object src/CMakeFiles/cfdcore.dir/algebra/GMRES.cpp.o
[ 19%] Building CXX object src/CMakeFiles/cfdcore.dir/boundary/FixedGradient.cpp.o
[ 19%] Building CXX object src/CMakeFiles/cfdcore.dir/boundary/Inlet.cpp.o
[ 25%] Building CXX object src/CMakeFiles/cfdcore.dir/boundary/Outlet.cpp.o
[ 25%] Building CXX object src/CMakeFiles/cfdcore.dir/boundary/Wall.cpp.o
[ 25%] Building CXX object src/CMakeFiles/cfdcore.dir/boundary/MovingWall.cpp.o
[ 25%] Building CXX object src/CMakeFiles/cfdcore.dir/boundary/Symmetry.cpp.o
[ 25%] Building CXX object src/CMakeFiles/cfdcore.dir/boundary/FixedTemperature.cpp.o
[ 25%] Building CXX object src/CMakeFiles/cfdcore.dir/boundary/HeatFlux.cpp.o
[ 29%] Building CXX object src/CMakeFiles/cfdcore.dir/boundary/Adiabatic.cpp.o
[ 29%] Building CXX object src/CMakeFiles/cfdcore.dir/boundary/WallOmega.cpp.o
[ 29%] Building CXX object src/CMakeFiles/cfdcore.dir/discretization/Interpolation.cpp.o
[ 29%] Building CXX object src/CMakeFiles/cfdcore.dir/discretization/Gradient.cpp.o
[ 32%] Building CXX object src/CMakeFiles/cfdcore.dir/discretization/Divergence.cpp.o
[ 32%] Building CXX object src/CMakeFiles/cfdcore.dir/discretization/Diffusion.cpp.o
[ 32%] Building CXX object src/CMakeFiles/cfdcore.dir/discretization/NonOrthogonalDiffusion.cpp.o
[ 32%] Building CXX object src/CMakeFiles/cfdcore.dir/discretization/Laplacian.cpp.o
[ 32%] Building CXX object src/CMakeFiles/cfdcore.dir/discretization/Convection.cpp.o
[ 35%] Building CXX object src/CMakeFiles/cfdcore.dir/discretization/TimeDerivative.cpp.o
[ 35%] Building CXX object src/CMakeFiles/cfdcore.dir/discretization/VectorGradient.cpp.o
[ 35%] Building CXX object src/CMakeFiles/cfdcore.dir/physics/FluidProperties.cpp.o
[ 35%] Building CXX object src/CMakeFiles/cfdcore.dir/physics/MassFlux.cpp.o
[ 38%] Building CXX object src/CMakeFiles/cfdcore.dir/physics/ContinuityEquation.cpp.o
[ 38%] Building CXX object src/CMakeFiles/cfdcore.dir/physics/MomentumEquation.cpp.o
[ 38%] Building CXX object src/CMakeFiles/cfdcore.dir/physics/BoussinesqBuoyancy.cpp.o
[ 38%] Building CXX object src/CMakeFiles/cfdcore.dir/physics/TemperatureProperty.cpp.o
[ 41%] Building CXX object src/CMakeFiles/cfdcore.dir/pressure_velocity/SIMPLESettings.cpp.o
[ 41%] Building CXX object src/CMakeFiles/cfdcore.dir/pressure_velocity/UnderRelaxation.cpp.o
[ 41%] Building CXX object src/CMakeFiles/cfdcore.dir/pressure_velocity/PressureCorrectionEquation.cpp.o
[ 41%] Building CXX object src/CMakeFiles/cfdcore.dir/pressure_velocity/RelaxedMomentum.cpp.o
[ 41%] Building CXX object src/CMakeFiles/cfdcore.dir/pressure_velocity/RhieChow.cpp.o
[ 45%] Building CXX object src/CMakeFiles/cfdcore.dir/pressure_velocity/SIMPLE.cpp.o
[ 45%] Building CXX object src/CMakeFiles/cfdcore.dir/pressure_velocity/TransientMomentum.cpp.o
[ 45%] Building CXX object src/CMakeFiles/cfdcore.dir/pressure_velocity/PISO.cpp.o
[ 45%] Building CXX object src/CMakeFiles/cfdcore.dir/pressure_velocity/AlePISO.cpp.o
[ 48%] Building CXX object src/CMakeFiles/cfdcore.dir/solver/TimeController.cpp.o
[ 48%] Building CXX object src/CMakeFiles/cfdcore.dir/solver/CFL.cpp.o
[ 48%] Building CXX object src/CMakeFiles/cfdcore.dir/solver/TransientSolver.cpp.o
[ 51%] Building CXX object src/CMakeFiles/cfdcore.dir/solver/SolverRobustness.cpp.o
[ 51%] Building CXX object src/CMakeFiles/cfdcore.dir/solver/RestartSnapshot.cpp.o
[ 51%] Building CXX object src/CMakeFiles/cfdcore.dir/validation/GridConvergence.cpp.o
[ 51%] Building CXX object src/CMakeFiles/cfdcore.dir/validation/GridConvergenceStudy.cpp.o
[ 51%] Building CXX object src/CMakeFiles/cfdcore.dir/validation/ErrorNorms.cpp.o
[ 54%] Building CXX object src/CMakeFiles/cfdcore.dir/validation/ProductionValidation.cpp.o
[ 54%] Building CXX object src/CMakeFiles/cfdcore.dir/validation/ManufacturedSolutionStudy.cpp.o
[ 54%] Building CXX object src/CMakeFiles/cfdcore.dir/io/CaseReader.cpp.o
[ 54%] Building CXX object src/CMakeFiles/cfdcore.dir/io/CaseWriter.cpp.o
[ 54%] Building CXX object src/CMakeFiles/cfdcore.dir/io/CaseBuilder.cpp.o
[ 58%] Building CXX object src/CMakeFiles/cfdcore.dir/io/case/JsonUtil.cpp.o
[ 58%] Building CXX object src/CMakeFiles/cfdcore.dir/io/case/CaseConfigParser.cpp.o
[ 58%] Building CXX object src/CMakeFiles/cfdcore.dir/io/case/GeometryConfigParser.cpp.o
[ 58%] Building CXX object src/CMakeFiles/cfdcore.dir/io/case/MeshConfigParser.cpp.o
[ 61%] Building CXX object src/CMakeFiles/cfdcore.dir/io/case/PhysicsConfigParser.cpp.o
[ 61%] Building CXX object src/CMakeFiles/cfdcore.dir/io/case/BoundaryConfigParser.cpp.o
[ 61%] Building CXX object src/CMakeFiles/cfdcore.dir/io/case/SolverConfigParser.cpp.o
[ 61%] Building CXX object src/CMakeFiles/cfdcore.dir/io/StructuredMeshInfo.cpp.o
[ 64%] Building CXX object src/CMakeFiles/cfdcore.dir/io/CSVWriter.cpp.o
[ 64%] Building CXX object src/CMakeFiles/cfdcore.dir/io/JSONWriter.cpp.o
[ 64%] Building CXX object src/CMakeFiles/cfdcore.dir/io/VTKWriter.cpp.o
[ 64%] Building CXX object src/CMakeFiles/cfdcore.dir/io/ResultExporter.cpp.o
[ 64%] Building CXX object src/CMakeFiles/cfdcore.dir/io/RestartWriter.cpp.o
[ 67%] Building CXX object src/CMakeFiles/cfdcore.dir/io/RestartReader.cpp.o
[ 67%] Building CXX object src/CMakeFiles/cfdcore.dir/thermal/ThermalProperties.cpp.o
[ 67%] Building CXX object src/CMakeFiles/cfdcore.dir/thermal/EnergyEquation.cpp.o
[ 67%] Building CXX object src/CMakeFiles/cfdcore.dir/thermal/ThermalSolver.cpp.o
[ 70%] Building CXX object src/CMakeFiles/cfdcore.dir/thermal/ThermalRegionMap.cpp.o
[ 70%] Building CXX object src/CMakeFiles/cfdcore.dir/thermal/ThermalInterface.cpp.o
[ 70%] Building CXX object src/CMakeFiles/cfdcore.dir/turbulence/TurbulenceModel.cpp.o
[ 70%] Building CXX object src/CMakeFiles/cfdcore.dir/turbulence/LaminarModel.cpp.o
[ 74%] Building CXX object src/CMakeFiles/cfdcore.dir/turbulence/TurbulenceProduction.cpp.o
[ 74%] Building CXX object src/CMakeFiles/cfdcore.dir/turbulence/KEpsilonEquation.cpp.o
[ 74%] Building CXX object src/CMakeFiles/cfdcore.dir/turbulence/KEpsilonModel.cpp.o
[ 74%] Building CXX object src/CMakeFiles/cfdcore.dir/turbulence/KOmegaEquation.cpp.o
[ 74%] Building CXX object src/CMakeFiles/cfdcore.dir/turbulence/KOmegaModel.cpp.o
[ 77%] Building CXX object src/CMakeFiles/cfdcore.dir/turbulence/WallDistance.cpp.o
[ 77%] Building CXX object src/CMakeFiles/cfdcore.dir/turbulence/SSTEquation.cpp.o
[ 77%] Building CXX object src/CMakeFiles/cfdcore.dir/turbulence/SSTModel.cpp.o
[ 77%] Building CXX object src/CMakeFiles/cfdcore.dir/turbulence/TurbulenceModelFactory.cpp.o
[ 80%] Building CXX object src/CMakeFiles/cfdcore.dir/species/SpeciesProperties.cpp.o
[ 80%] Building CXX object src/CMakeFiles/cfdcore.dir/species/SpeciesEquation.cpp.o
[ 80%] Building CXX object src/CMakeFiles/cfdcore.dir/species/SpeciesSolver.cpp.o
[ 83%] Building CXX object src/CMakeFiles/cfdcore.dir/multiphase/MultiphaseProperties.cpp.o
[ 83%] Building CXX object src/CMakeFiles/cfdcore.dir/multiphase/PhaseProperties.cpp.o
[ 83%] Building CXX object src/CMakeFiles/cfdcore.dir/multiphase/VolumeFractionEquation.cpp.o
[ 83%] Building CXX object src/CMakeFiles/cfdcore.dir/multiphase/VolumeFractionSolver.cpp.o
[ 83%] Building CXX object src/CMakeFiles/cfdcore.dir/compressible/IdealGasEOS.cpp.o
[ 83%] Building CXX object src/CMakeFiles/cfdcore.dir/compressible/ThermodynamicProperties.cpp.o
[ 87%] Building CXX object src/CMakeFiles/cfdcore.dir/compressible/CompressibleMassFlux.cpp.o
[ 87%] Building CXX object src/CMakeFiles/cfdcore.dir/compressible/CompressibleContinuity.cpp.o
[ 87%] Building CXX object src/CMakeFiles/cfdcore.dir/compressible/CompressibleMomentum.cpp.o
[ 87%] Building CXX object src/CMakeFiles/cfdcore.dir/compressible/CompressibleRelaxedMomentum.cpp.o
[ 90%] Building CXX object src/CMakeFiles/cfdcore.dir/compressible/CompressiblePressureCorrection.cpp.o
[ 90%] Building CXX object src/CMakeFiles/cfdcore.dir/compressible/CompressibleSIMPLE.cpp.o
[ 90%] Building CXX object src/CMakeFiles/cfdcore.dir/gpu/GPUBackend.cpp.o
[ 90%] Building CXX object src/CMakeFiles/cfdcore.dir/gpu/GpuResidencyManager.cpp.o
[ 93%] Building CXX object src/CMakeFiles/cfdcore.dir/gpu/GpuLinearSolver.cpp.o
[ 93%] Building CXX object src/CMakeFiles/cfdcore.dir/gpu/GPUExecutionStats.cpp.o
[ 93%] Building CXX object src/CMakeFiles/cfdcore.dir/app/ProjectRunner.cpp.o
[ 93%] Building CXX object src/CMakeFiles/cfdcore.dir/app/CaseSession.cpp.o
[ 96%] Building CXX object src/CMakeFiles/cfdcore.dir/viz/MarchingSquares.cpp.o
cpp.o
[ 96%] Building CXX object src/CMakeFiles/cfdcore.dir/viz/DerivedFields.cpp.o
[ 96%] Building CXX object src/CMakeFiles/cfdcore.dir/viz/FieldProbe.cpp.o
[ 96%] Building CXX object src/CMakeFiles/cfdcore.dir/viz/VectorSampling.cpp.o
[100%] Linking CXX static library libcfdcore.a
[100%] Built target cfdcore
