# UF-001 uf001_grids
# libcfdcore.a 719d0fc7ae48c027756430a8473a9b47ef3f516167aa7eb7319fa3eb468c50fe
# headers from /mnt/c/Users/Hasib/Desktop/CFDAPP/CFDApp
# 2026-09-17T05:01:05Z
# UF-001.4/.5 natural-convection grid family, Ra = 1000, Pr = 0.71, beta = 710
# LITERATURE (de Vahl Davis 1983, h->0 Richardson-extrapolated): Nu_avg 1.120, u_max 3.634 (y 0.813), v_max 3.679 (x 0.179)

## n = 30  (converged)  outer 52/400  final outer change 9.921e-09  SIMPLE iters 12  146.1 s
   mass imbalance 0.000e+00   max wall flux 0.000e+00   heat imbalance 2.863e-12   q_hot 1.132132 q_cold -1.132132
   theta range [1.191e-02, 0.988087473]
   Nu_avg   1.132132   rel err vs literature 0.0108
   u_max  discrete 3.557625 (y 0.8167) err 0.0210 | parabolic 3.558081 (y 0.8137) err 0.0209 | spline 3.557734 (y 0.8146) err 0.0210 | GLOBAL field 3.567065
   v_max  discrete 3.606266 (x 0.1833) err 0.0198 | parabolic 3.609130 (x 0.1767) err 0.0190 | spline 3.611235 (x 0.1745) err 0.0184 | GLOBAL field 3.613369
## n = 40  (converged)  outer 51/400  final outer change 8.242e-09  SIMPLE iters 20  537.8 s
   mass imbalance 0.000e+00   max wall flux 0.000e+00   heat imbalance 1.110e-11   q_hot 1.128234 q_cold -1.128234
   theta range [8.867e-03, 0.991132595]
   Nu_avg   1.128234   rel err vs literature 0.0074
   u_max  discrete 3.582683 (y 0.8125) err 0.0141 | parabolic 3.582904 (y 0.8145) err 0.0141 | spline 3.583415 (y 0.8167) err 0.0139 | GLOBAL field 3.589705
   v_max  discrete 3.623777 (x 0.1875) err 0.0150 | parabolic 3.631629 (x 0.1765) err 0.0129 | spline 3.633242 (x 0.1758) err 0.0124 | GLOBAL field 3.630370

#CSV n,converged,nu_avg,u_discrete,u_discrete_y,u_parabolic,u_parabolic_y,u_spline,u_global,v_discrete,v_discrete_x,v_parabolic,v_parabolic_x,v_spline,v_global,mass_imb,heat_imb,outer,final_outer_change
CSV,30,1,1.1321321400,3.5576253657,0.816667,3.5580812807,0.813745,3.5577339006,3.5670653198,3.6062661234,0.183333,3.6091299468,0.176689,3.6112353476,3.6133686706,0.000e+00,2.863e-12,52,9.921e-09
CSV,40,1,1.1282338283,3.5826828930,0.812500,3.5829044531,0.814494,3.5834147033,3.5897046779,3.6237767406,0.187500,3.6316288874,0.176462,3.6332422942,3.6303702079,0.000e+00,1.110e-11,51,8.242e-09
exit 0
