# UF-001 uf001_grids
# libcfdcore.a 078668bacc2d454ec0c9565fbb8450846c2bbac2d16487ef7c1a7badba2e02e1
# headers from /mnt/c/Users/Hasib/Desktop/CFDAPP/CFDApp
# 2026-09-17T05:27:09Z
# UF-001.4/.5 natural-convection grid family, Ra = 1000, Pr = 0.71, beta = 710
# LITERATURE (de Vahl Davis 1983, h->0 Richardson-extrapolated): Nu_avg 1.120, u_max 3.634 (y 0.813), v_max 3.679 (x 0.179)

## n = 10  (converged)  outer 51/400  final outer change 7.770e-09  SIMPLE iters 2  6.0 s
   mass imbalance 0.000e+00   max wall flux 0.000e+00   heat imbalance 1.561e+00   q_hot -1.026562 q_cold -1.830581
   theta range [5.859e-02, 1.084263753]
   Nu_avg   -1.026562   rel err vs literature 1.9166
   u_max  discrete 3.491848 (y 0.7500) err 0.0391 | parabolic 3.619432 (y 0.7911) err 0.0040 | spline 3.557101 (y 0.7738) err 0.0212 | GLOBAL field 3.507833
   v_max  discrete 3.610743 (x 0.1500) err 0.0186 | parabolic 3.676649 (x 0.1809) err 0.0006 | spline 3.624044 (x 0.1308) err 0.0149 | GLOBAL field 3.614547
## n = 20  (converged)  outer 51/400  final outer change 9.685e-09  SIMPLE iters 1  45.3 s
   mass imbalance 0.000e+00   max wall flux 0.000e+00   heat imbalance 1.486e+00   q_hot -3.845478 q_cold -1.868807
   theta range [2.828e-02, 1.114576392]
   Nu_avg   -3.845478   rel err vs literature 4.4335
   u_max  discrete 3.905482 (y 0.8250) err 0.0747 | parabolic 3.911812 (y 0.8135) err 0.0764 | spline 3.910900 (y 0.8075) err 0.0762 | GLOBAL field 3.921078
   v_max  discrete 3.988590 (x 0.1750) err 0.0842 | parabolic 3.989367 (x 0.1715) err 0.0844 | spline 3.998156 (x 0.1620) err 0.0868 | GLOBAL field 4.009451

#CSV n,converged,nu_avg,u_discrete,u_discrete_y,u_parabolic,u_parabolic_y,u_spline,u_global,v_discrete,v_discrete_x,v_parabolic,v_parabolic_x,v_spline,v_global,mass_imb,heat_imb,outer,final_outer_change
CSV,10,1,-1.0265617427,3.4918477669,0.750000,3.6194323504,0.791068,3.5571011511,3.5078327562,3.6107429193,0.150000,3.6766485464,0.180945,3.6240443008,3.6145466544,0.000e+00,1.561e+00,51,7.770e-09
CSV,20,1,-3.8454782139,3.9054816889,0.825000,3.9118122120,0.813533,3.9109001360,3.9210784690,3.9885900656,0.175000,3.9893674811,0.171539,3.9981559705,4.0094509492,0.000e+00,1.486e+00,51,9.685e-09
exit 0
