ninja: Entering directory `/mnt/c/Users/Hasib/Desktop/CFDAPP/CFDApp/build/omp'
[1/472] Building CXX object src/CMakeFiles/cfdcore.dir/core/Timer.cpp.o
[2/472] Building CXX object src/CMakeFiles/cfdcore.dir/core/Version.cpp.o
[3/472] Building CXX object cuda/CMakeFiles/cfdcuda.dir/kernels/DeviceMeshCuda.cpp.o
[4/472] Building CXX object src/CMakeFiles/cfdcore.dir/mesh/Cell.cpp.o
[5/472] Building CXX object cuda/CMakeFiles/cfdcuda.dir/kernels/GpuResidencyManagerCuda.cpp.o
[6/472] Building CXX object src/CMakeFiles/cfdcore.dir/core/Logger.cpp.o
[7/472] Building CXX object cuda/CMakeFiles/cfdcuda.dir/kernels/DeviceVelocityCorrectionPlan.cpp.o
[8/472] Building CXX object src/CMakeFiles/cfdcore.dir/core/Profiler.cpp.o
[9/472] Building CXX object cuda/CMakeFiles/cfdcuda.dir/kernels/DeviceFaceFluxPlan.cpp.o
[10/472] Building CXX object src/CMakeFiles/cfdcore.dir/mesh/Face.cpp.o
[11/472] Building CXX object cuda/CMakeFiles/cfdcuda.dir/kernels/GpuLinearSolverCuda.cpp.o
[12/472] Building CXX object cuda/CMakeFiles/cfdcuda.dir/kernels/DeviceMomentumAssemblyPlan.cpp.o
[13/472] Building CXX object cuda/CMakeFiles/cfdcuda.dir/kernels/DeviceBoundaryConditions.cpp.o
[14/472] Building CXX object cuda/CMakeFiles/cfdcuda.dir/kernels/DeviceLeastSquaresGradientPlan.cpp.o
[15/472] Building CXX object cuda/CMakeFiles/cfdcuda.dir/kernels/DeviceConvectionPlan.cpp.o
[16/472] Building CXX object cuda/CMakeFiles/cfdcuda.dir/kernels/DevicePressureCorrectionPlan.cpp.o
[17/472] Building CXX object cuda/CMakeFiles/cfdcuda.dir/kernels/DeviceMomentumConvectionPlan.cpp.o
[18/472] Building CXX object cuda/CMakeFiles/cfdcuda.dir/kernels/DeviceGradientPlan.cpp.o
[19/472] Building CXX object src/CMakeFiles/cfdcore.dir/mesh/BoundaryPatch.cpp.o
[20/472] Building CXX object cuda/CMakeFiles/cfdcuda.dir/kernels/DeviceDiffusionPlan.cpp.o
[21/472] Building CXX object cuda/CMakeFiles/cfdcuda.dir/kernels/GpuSimpleDiscretizationCuda.cpp.o
[22/472] Building CXX object src/CMakeFiles/cfdcore.dir/algebra/LinearSolver.cpp.o
[23/472] Building CUDA object cuda/CMakeFiles/cfdcuda.dir/kernels/DeviceMomentumResponseKernel.cu.o
[24/472] Building CXX object src/CMakeFiles/cfdcore.dir/algebra/LinearSystem.cpp.o
[25/472] Building CXX object src/CMakeFiles/cfdcore.dir/fields/ScalarField.cpp.o
[26/472] Building CUDA object cuda/CMakeFiles/cfdcuda.dir/kernels/GpuPreconditionerKernel.cu.o
[27/472] Building CUDA object cuda/CMakeFiles/cfdcuda.dir/kernels/DeviceFaceFluxCorrectionKernel.cu.o
[28/472] Building CXX object src/CMakeFiles/cfdcore.dir/mesh/MeshFingerprint.cpp.o
[29/472] Building CXX object src/CMakeFiles/cfdcore.dir/mesh/MeshGrading.cpp.o
[30/472] Building CXX object src/CMakeFiles/cfdcore.dir/mesh/Mesh.cpp.o
[31/472] Building CUDA object cuda/CMakeFiles/cfdcuda.dir/kernels/CsrSpmvKernel.cu.o
[32/472] Building CXX object src/CMakeFiles/cfdcore.dir/algebra/Preconditioner.cpp.o
[33/472] Building CXX object src/CMakeFiles/cfdcore.dir/fields/VectorField.cpp.o
[34/472] Building CUDA object cuda/CMakeFiles/cfdcuda.dir/kernels/DeviceVectorOpsKernel.cu.o
[35/472] Building CXX object src/CMakeFiles/cfdcore.dir/algebra/Vector.cpp.o
[36/472] Building CXX object src/CMakeFiles/cfdcore.dir/algebra/SparseMatrix.cpp.o
[37/472] Building CXX object src/CMakeFiles/cfdcore.dir/algebra/CG.cpp.o
[38/472] Building CXX object src/CMakeFiles/cfdcore.dir/algebra/LinearSolverFactory.cpp.o
[39/472] Building CUDA object cuda/CMakeFiles/cfdcuda.dir/kernels/DeviceBoundaryConditionsKernel.cu.o
[40/472] Building CXX object src/CMakeFiles/cfdcore.dir/algebra/BiCGSTAB.cpp.o
[41/472] Building CXX object src/CMakeFiles/cfdcore.dir/mesh/MeshMotion.cpp.o
[42/472] Building CUDA object cuda/CMakeFiles/cfdcuda.dir/kernels/DeviceGradientKernel.cu.o
[43/472] Building CUDA object cuda/CMakeFiles/cfdcuda.dir/kernels/DeviceFaceFluxKernel.cu.o
[44/472] Building CXX object src/CMakeFiles/cfdcore.dir/algebra/GMRES.cpp.o
[45/472] Building CUDA object cuda/CMakeFiles/cfdcuda.dir/kernels/DeviceLeastSquaresGradientKernel.cu.o
[46/472] Building CXX object src/CMakeFiles/cfdcore.dir/boundary/BoundaryCondition.cpp.o
[47/472] Building CUDA object cuda/CMakeFiles/cfdcuda.dir/kernels/DeviceVelocityCorrectionKernel.cu.o
[48/472] Building CXX object src/CMakeFiles/cfdcore.dir/algebra/LinearSolverFallback.cpp.o
[49/472] Building CUDA object cuda/CMakeFiles/cfdcuda.dir/kernels/DeviceDiffusionKernel.cu.o
[50/472] Building CXX object src/CMakeFiles/cfdcore.dir/mesh/MeshQuality.cpp.o
[51/472] Building CUDA object cuda/CMakeFiles/cfdcuda.dir/kernels/DevicePressureCorrectionKernel.cu.o
[52/472] Building CUDA object cuda/CMakeFiles/cfdcuda.dir/kernels/DeviceConvectionKernel.cu.o
[53/472] Building CXX object src/CMakeFiles/cfdcore.dir/boundary/Wall.cpp.o
[54/472] Building CUDA object cuda/CMakeFiles/cfdcuda.dir/kernels/DeviceMomentumAssemblyKernel.cu.o
[55/472] Building CXX object src/CMakeFiles/cfdcore.dir/boundary/FixedGradient.cpp.o
[56/472] Building CXX object src/CMakeFiles/cfdcore.dir/boundary/FixedValue.cpp.o
[57/472] Building CXX object src/CMakeFiles/cfdcore.dir/boundary/Outlet.cpp.o
[58/472] Building CXX object src/CMakeFiles/cfdcore.dir/boundary/MovingWall.cpp.o
[59/472] Building CUDA object cuda/CMakeFiles/cfdcuda.dir/kernels/DeviceMomentumConvectionKernel.cu.o
[60/472] Building CXX object src/CMakeFiles/cfdcore.dir/boundary/Inlet.cpp.o
[61/472] Building CXX object src/CMakeFiles/cfdcore.dir/boundary/Symmetry.cpp.o
[62/472] Building CXX object src/CMakeFiles/cfdcore.dir/boundary/FixedTemperature.cpp.o
[63/472] Building CXX object src/CMakeFiles/cfdcore.dir/boundary/HeatFlux.cpp.o
[64/472] Building CXX object src/CMakeFiles/cfdcore.dir/boundary/Adiabatic.cpp.o
[65/472] Building CXX object src/CMakeFiles/cfdcore.dir/boundary/WallOmega.cpp.o
[66/472] Building CXX object src/CMakeFiles/cfdcore.dir/physics/FluidProperties.cpp.o
[67/472] Building CXX object src/CMakeFiles/cfdcore.dir/discretization/Divergence.cpp.o
[68/472] Building CXX object src/CMakeFiles/cfdcore.dir/discretization/Interpolation.cpp.o
[69/472] Building CXX object src/CMakeFiles/cfdcore.dir/discretization/TimeDerivative.cpp.o
[70/472] Building CXX object src/CMakeFiles/cfdcore.dir/physics/BoussinesqBuoyancy.cpp.o
[71/472] Building CXX object src/CMakeFiles/cfdcore.dir/discretization/NonOrthogonalDiffusion.cpp.o
[72/472] Building CXX object src/CMakeFiles/cfdcore.dir/pressure_velocity/UnderRelaxation.cpp.o
[73/472] Building CXX object src/CMakeFiles/cfdcore.dir/discretization/Diffusion.cpp.o
[74/472] Building CXX object src/CMakeFiles/cfdcore.dir/discretization/Laplacian.cpp.o
[75/472] Building CXX object src/CMakeFiles/cfdcore.dir/discretization/Gradient.cpp.o
[76/472] Building CXX object src/CMakeFiles/cfdcore.dir/physics/ContinuityEquation.cpp.o
[77/472] Building CXX object src/CMakeFiles/cfdcore.dir/mesh/MeshGeometry.cpp.o
[78/472] Building CXX object src/CMakeFiles/cfdcore.dir/discretization/Convection.cpp.o
[79/472] Building CXX object src/CMakeFiles/cfdcore.dir/solver/TimeController.cpp.o
[80/472] Building CXX object src/CMakeFiles/cfdcore.dir/physics/MassFlux.cpp.o
[81/472] Building CXX object src/CMakeFiles/cfdcore.dir/discretization/VectorGradient.cpp.o
[82/472] Building CXX object src/CMakeFiles/cfdcore.dir/solver/CFL.cpp.o
[83/472] Building CXX object src/CMakeFiles/cfdcore.dir/physics/TemperatureProperty.cpp.o
[84/472] Building CXX object src/CMakeFiles/cfdcore.dir/pressure_velocity/SIMPLESettings.cpp.o
[85/472] Building CXX object src/CMakeFiles/cfdcore.dir/solver/TransientSolver.cpp.o
[86/472] Building CXX object src/CMakeFiles/cfdcore.dir/solver/RestartSnapshot.cpp.o
[87/472] Building CXX object src/CMakeFiles/cfdcore.dir/physics/MomentumEquation.cpp.o
[88/472] Building CXX object src/CMakeFiles/cfdcore.dir/pressure_velocity/RhieChow.cpp.o
[89/472] Building CXX object src/CMakeFiles/cfdcore.dir/pressure_velocity/TransientMomentum.cpp.o
[90/472] Building CXX object src/CMakeFiles/cfdcore.dir/pressure_velocity/PressureCorrectionEquation.cpp.o
[91/472] Building CXX object src/CMakeFiles/cfdcore.dir/validation/ErrorNorms.cpp.o
[92/472] Building CXX object src/CMakeFiles/cfdcore.dir/pressure_velocity/RelaxedMomentum.cpp.o
[93/472] Building CXX object src/CMakeFiles/cfdcore.dir/validation/GridConvergence.cpp.o
[94/472] Building CXX object src/CMakeFiles/cfdcore.dir/pressure_velocity/AlePISO.cpp.o
[95/472] Building CXX object src/CMakeFiles/cfdcore.dir/pressure_velocity/PISO.cpp.o
[96/472] Building CXX object src/CMakeFiles/cfdcore.dir/io/StructuredMeshInfo.cpp.o
[97/472] Building CXX object src/CMakeFiles/cfdcore.dir/thermal/ThermalProperties.cpp.o
[98/472] Building CXX object src/CMakeFiles/cfdcore.dir/thermal/ThermalRegionMap.cpp.o
[99/472] Building CXX object src/CMakeFiles/cfdcore.dir/solver/SolverRobustness.cpp.o
[100/472] Building CXX object src/CMakeFiles/cfdcore.dir/pressure_velocity/SIMPLE.cpp.o
[101/472] Building CXX object src/CMakeFiles/cfdcore.dir/turbulence/LaminarModel.cpp.o
[102/472] Building CXX object src/CMakeFiles/cfdcore.dir/turbulence/TurbulenceModel.cpp.o
[103/472] Building CXX object src/CMakeFiles/cfdcore.dir/thermal/EnergyEquation.cpp.o
[104/472] Building CXX object src/CMakeFiles/cfdcore.dir/io/CSVWriter.cpp.o
[105/472] Building CXX object src/CMakeFiles/cfdcore.dir/turbulence/KOmegaEquation.cpp.o
[106/472] Building CXX object src/CMakeFiles/cfdcore.dir/io/VTKWriter.cpp.o
[107/472] Building CXX object src/CMakeFiles/cfdcore.dir/thermal/ThermalInterface.cpp.o
[108/472] Building CXX object src/CMakeFiles/cfdcore.dir/turbulence/SSTEquation.cpp.o
[109/472] Building CXX object src/CMakeFiles/cfdcore.dir/thermal/ThermalSolver.cpp.o
[110/472] Building CXX object src/CMakeFiles/cfdcore.dir/turbulence/TurbulenceProduction.cpp.o
[111/472] Building CXX object src/CMakeFiles/cfdcore.dir/io/ResultExporter.cpp.o
[112/472] Building CXX object src/CMakeFiles/cfdcore.dir/turbulence/KEpsilonModel.cpp.o
[113/472] Building CXX object src/CMakeFiles/cfdcore.dir/turbulence/KEpsilonEquation.cpp.o
[114/472] Building CXX object src/CMakeFiles/cfdcore.dir/turbulence/WallDistance.cpp.o
[115/472] Building CXX object src/CMakeFiles/cfdcore.dir/turbulence/KOmegaModel.cpp.o
[116/472] Building CXX object src/CMakeFiles/cfdcore.dir/species/SpeciesProperties.cpp.o
[117/472] Building CXX object src/CMakeFiles/cfdcore.dir/io/case/GeometryConfigParser.cpp.o
[118/472] Building CXX object src/CMakeFiles/cfdcore.dir/io/case/CaseConfigParser.cpp.o
[119/472] Building CXX object src/CMakeFiles/cfdcore.dir/gpu/GPUExecutionStats.cpp.o
[120/472] Building CXX object src/CMakeFiles/cfdcore.dir/multiphase/PhaseProperties.cpp.o
[121/472] Building CXX object src/CMakeFiles/cfdcore.dir/turbulence/SSTModel.cpp.o
[122/472] Building CXX object src/CMakeFiles/cfdcore.dir/turbulence/TurbulenceModelFactory.cpp.o
[123/472] Building CXX object src/CMakeFiles/cfdcore.dir/compressible/IdealGasEOS.cpp.o
[124/472] Building CXX object src/CMakeFiles/cfdcore.dir/io/CaseReader.cpp.o
[125/472] Building CXX object src/CMakeFiles/cfdcore.dir/multiphase/MultiphaseProperties.cpp.o
[126/472] Building CXX object src/CMakeFiles/cfdcore.dir/io/CaseBuilder.cpp.o
[127/472] Building CXX object src/CMakeFiles/cfdcore.dir/io/RestartReader.cpp.o
[128/472] Building CXX object src/CMakeFiles/cfdcore.dir/compressible/ThermodynamicProperties.cpp.o
[129/472] Building CXX object src/CMakeFiles/cfdcore.dir/io/case/SolverConfigParser.cpp.o
[130/472] Building CXX object src/CMakeFiles/cfdcore.dir/species/SpeciesEquation.cpp.o
[131/472] Building CXX object src/CMakeFiles/cfdcore.dir/compressible/CompressibleContinuity.cpp.o
[132/472] Building CXX object src/CMakeFiles/cfdcore.dir/io/case/BoundaryConfigParser.cpp.o
[133/472] Building CXX object src/CMakeFiles/cfdcore.dir/multiphase/VolumeFractionEquation.cpp.o
[134/472] Building CXX object src/CMakeFiles/cfdcore.dir/species/SpeciesSolver.cpp.o
[135/472] Building CXX object src/CMakeFiles/cfdcore.dir/compressible/CompressibleMassFlux.cpp.o
[136/472] Building CXX object src/CMakeFiles/cfdcore.dir/multiphase/VolumeFractionSolver.cpp.o
[137/472] Building CXX object src/CMakeFiles/cfdcore.dir/compressible/CompressibleMomentum.cpp.o
[138/472] Building CXX object src/CMakeFiles/cfdcore.dir/viz/MarchingSquares.cpp.o
[139/472] Building CXX object src/CMakeFiles/cfdcore.dir/compressible/CompressibleRelaxedMomentum.cpp.o
[140/472] Building CXX object src/CMakeFiles/cfdcore.dir/compressible/CompressiblePressureCorrection.cpp.o
[141/472] Building CXX object src/CMakeFiles/cfdcore.dir/io/case/PhysicsConfigParser.cpp.o
[142/472] Building CXX object src/CMakeFiles/cfdcore.dir/viz/DerivedFields.cpp.o
[143/472] Building CXX object src/CMakeFiles/cfdcore.dir/io/RestartWriter.cpp.o
[144/472] Building CXX object src/CMakeFiles/cfdcore.dir/viz/VectorSampling.cpp.o
[145/472] Building CXX object src/CMakeFiles/cfdcore.dir/viz/FieldProbe.cpp.o
[146/472] Building CXX object src/CMakeFiles/cfdcore.dir/io/case/MeshConfigParser.cpp.o
[147/472] Building CXX object src/CMakeFiles/cfdcore.dir/validation/ManufacturedSolutionStudy.cpp.o
[148/472] Building CXX object src/CMakeFiles/cfdcore.dir/io/JSONWriter.cpp.o
[149/472] Building CXX object src/CMakeFiles/cfdcore.dir/compressible/CompressibleSIMPLE.cpp.o
[150/472] Building CXX object src/CMakeFiles/cfdcore.dir/io/case/JsonUtil.cpp.o
[151/472] Building CXX object src/CMakeFiles/cfdcore.dir/io/CaseWriter.cpp.o
[152/472] Building CXX object _deps/googletest-build/googletest/CMakeFiles/gtest_main.dir/src/gtest_main.cc.o
[153/472] Building CXX object apps/cli/CMakeFiles/cfdapp.dir/main.cpp.o
[154/472] Building CXX object tests/unit/boundary/CMakeFiles/CFDBoundaryTests.dir/test_heat_flux.cpp.o
[155/472] Building CXX object tests/unit/core/CMakeFiles/CFDCoreTests.dir/test_constants.cpp.o
[156/472] Building CXX object tests/unit/core/CMakeFiles/CFDCoreTests.dir/test_types.cpp.o
[157/472] Building CXX object tests/unit/core/CMakeFiles/CFDCoreTests.dir/test_exception.cpp.o
[158/472] Building CXX object tests/unit/core/CMakeFiles/CFDCoreTests.dir/test_timer.cpp.o
[159/472] Building CXX object tests/unit/core/CMakeFiles/CFDCoreTests.dir/test_logger.cpp.o
[160/472] Building CXX object tests/unit/core/CMakeFiles/CFDCoreTests.dir/test_gpu_backend.cpp.o
[161/472] Building CXX object src/CMakeFiles/cfdcore.dir/validation/ProductionValidation.cpp.o
[162/472] Building CXX object tests/unit/core/CMakeFiles/CFDCoreTests.dir/test_gpu_residency_manager.cpp.o
[163/472] Building CXX object tests/unit/core/CMakeFiles/CFDCoreTests.dir/test_vector3.cpp.o
[164/472] Building CXX object src/CMakeFiles/cfdcore.dir/app/CaseSession.cpp.o
[165/472] Building CXX object src/CMakeFiles/cfdcore.dir/validation/GridConvergenceStudy.cpp.o
[166/472] Building CXX object _deps/googletest-build/googlemock/CMakeFiles/gmock_main.dir/src/gmock_main.cc.o
[167/472] Building CXX object src/CMakeFiles/cfdcore.dir/app/ProjectRunner.cpp.o
[168/472] Building CXX object _deps/googletest-build/googlemock/CMakeFiles/gmock.dir/src/gmock-all.cc.o
[169/472] Building CXX object src/CMakeFiles/cfdcore.dir/app/VisualizationSnapshot.cpp.o
[170/472] Building CXX object tests/unit/mesh/CMakeFiles/CFDMeshTests.dir/test_boundary_patch.cpp.o
[171/472] Building CXX object tests/unit/mesh/CMakeFiles/CFDMeshTests.dir/test_cell.cpp.o
[172/472] Building CXX object tests/unit/mesh/CMakeFiles/CFDMeshTests.dir/test_face.cpp.o
[173/472] Building CXX object tests/unit/mesh/CMakeFiles/CFDMeshTests.dir/test_mesh.cpp.o
[174/472] Building CXX object tests/unit/fields/CMakeFiles/CFDFieldTests.dir/test_field.cpp.o
[175/472] Building CXX object tests/unit/fields/CMakeFiles/CFDFieldTests.dir/test_scalar_field.cpp.o
[176/472] Building CXX object tests/unit/validation/CMakeFiles/CFDValidationUnitTests.dir/test_grid_convergence.cpp.o
[177/472] Building CXX object tests/unit/mesh/CMakeFiles/CFDMeshTests.dir/test_mesh_fingerprint.cpp.o
[178/472] Building CXX object tests/unit/algebra/CMakeFiles/CFDAlgebraTests.dir/test_linear_system.cpp.o
[179/472] Building CXX object tests/unit/fields/CMakeFiles/CFDFieldTests.dir/test_surface_field.cpp.o
[180/472] Building CXX object tests/unit/fields/CMakeFiles/CFDFieldTests.dir/test_vector_field.cpp.o
[181/472] Building CXX object tests/unit/algebra/CMakeFiles/CFDAlgebraTests.dir/test_vector.cpp.o
[182/472] Building CXX object tests/unit/algebra/CMakeFiles/CFDAlgebraTests.dir/test_jacobi.cpp.o
[183/472] Building CXX object tests/unit/mesh/CMakeFiles/CFDMeshTests.dir/test_mesh_geometry.cpp.o
[184/472] Building CXX object tests/unit/mesh/CMakeFiles/CFDMeshTests.dir/test_mesh_quality.cpp.o
[185/472] Building CXX object tests/unit/fields/CMakeFiles/CFDFieldTests.dir/test_field_arithmetic.cpp.o
[186/472] Building CXX object tests/unit/mesh/CMakeFiles/CFDMeshTests.dir/test_cartesian_mesh.cpp.o
[187/472] Building CXX object tests/unit/algebra/CMakeFiles/CFDAlgebraTests.dir/test_sparse_matrix.cpp.o
[188/472] Building CXX object tests/unit/algebra/CMakeFiles/CFDAlgebraTests.dir/test_bicgstab.cpp.o
[189/472] Building CXX object tests/unit/algebra/CMakeFiles/CFDAlgebraTests.dir/test_solver_determinism.cpp.o
[190/472] Building CXX object tests/unit/mesh/CMakeFiles/CFDMeshTests.dir/test_mesh_grading.cpp.o
[191/472] Building CXX object tests/unit/fields/CMakeFiles/CFDFieldTests.dir/test_fields3d.cpp.o
[192/472] Building CXX object tests/unit/algebra/CMakeFiles/CFDAlgebraTests.dir/test_solver_failures.cpp.o
[193/472] Building CXX object tests/unit/algebra/CMakeFiles/CFDAlgebraTests.dir/test_cg.cpp.o
[194/472] Building CXX object tests/unit/mesh/CMakeFiles/CFDMeshTests.dir/test_graded_mesh.cpp.o
[195/472] Building CXX object tests/unit/algebra/CMakeFiles/CFDAlgebraTests.dir/test_bicgstab_breakdown.cpp.o
[196/472] Building CXX object tests/unit/algebra/CMakeFiles/CFDAlgebraTests.dir/test_linear_solver_factory.cpp.o
[197/472] Building CXX object tests/unit/boundary/CMakeFiles/CFDBoundaryTests.dir/test_wall.cpp.o
[198/472] Building CXX object tests/unit/boundary/CMakeFiles/CFDBoundaryTests.dir/test_fixed_value.cpp.o
[199/472] Building CXX object tests/unit/mesh/CMakeFiles/CFDMeshTests.dir/test_mesh_quality_report.cpp.o
[200/472] Building CXX object tests/unit/boundary/CMakeFiles/CFDBoundaryTests.dir/test_fixed_gradient.cpp.o
[201/472] Building CXX object tests/unit/mesh/CMakeFiles/CFDMeshTests.dir/test_structured_quad_mesh.cpp.o
[202/472] Building CXX object tests/unit/algebra/CMakeFiles/CFDAlgebraTests.dir/test_gmres.cpp.o
[203/472] Building CXX object tests/unit/boundary/CMakeFiles/CFDBoundaryTests.dir/test_moving_wall.cpp.o
[204/472] Building CXX object tests/unit/boundary/CMakeFiles/CFDBoundaryTests.dir/test_inlet.cpp.o
[205/472] Building CXX object tests/unit/boundary/CMakeFiles/CFDBoundaryTests.dir/test_outlet.cpp.o
[206/472] Building CXX object tests/integration/case/CMakeFiles/CFDCaseIntegrationTests.dir/__/__/support/CaseFixtureCopy.cpp.o
[207/472] Building CXX object tests/unit/boundary/CMakeFiles/CFDBoundaryTests.dir/test_symmetry.cpp.o
[208/472] Building CXX object tests/unit/algebra/CMakeFiles/CFDAlgebraTests.dir/test_linear_solver_fallback.cpp.o
[209/472] Building CXX object tests/unit/boundary/CMakeFiles/CFDBoundaryTests.dir/test_fixed_temperature.cpp.o
[210/472] Building CXX object tests/unit/mesh/CMakeFiles/CFDMeshTests.dir/test_multiblock_mesh.cpp.o
[211/472] Building CXX object tests/unit/mesh/CMakeFiles/CFDMeshTests.dir/test_cartesian3d_mesh.cpp.o
[212/472] Building CXX object _deps/googletest-build/googletest/CMakeFiles/gtest.dir/src/gtest-all.cc.o
[213/472] Building CXX object tests/unit/boundary/CMakeFiles/CFDBoundaryTests.dir/test_adiabatic.cpp.o
[214/472] Building CXX object tests/unit/boundary/CMakeFiles/CFDBoundaryTests.dir/test_boundary_validation.cpp.o
[215/472] Building CXX object tests/unit/boundary/CMakeFiles/CFDBoundaryTests.dir/test_wall_omega.cpp.o
[216/472] Building CXX object tests/unit/mesh/CMakeFiles/CFDMeshTests.dir/test_mesh_motion.cpp.o
[217/472] Building CXX object tests/unit/discretization/CMakeFiles/CFDDiscretizationTests.dir/test_laplacian.cpp.o
[218/472] Building CXX object tests/unit/discretization/CMakeFiles/CFDDiscretizationTests.dir/test_divergence.cpp.o
[219/472] Linking CXX static library lib/libgtest.a
[220/472] Building CXX object tests/unit/discretization/CMakeFiles/CFDDiscretizationTests.dir/test_interpolation.cpp.o
[221/472] Building CXX object tests/unit/discretization/CMakeFiles/CFDDiscretizationTests.dir/test_oblique_neumann_gradient.cpp.o
[222/472] Linking CXX static library lib/libgtest_main.a
[223/472] Linking CXX static library lib/libgmock.a
[224/472] Building CXX object tests/unit/discretization/CMakeFiles/CFDDiscretizationTests.dir/test_vector_gradient.cpp.o
[225/472] Linking CXX static library lib/libgmock_main.a
[226/472] Building CXX object tests/unit/discretization/CMakeFiles/CFDDiscretizationTests.dir/test_time_derivative.cpp.o
[227/472] Building CXX object tests/unit/physics/CMakeFiles/CFDPhysicsTests.dir/test_fluid_properties.cpp.o
[228/472] Building CXX object tests/unit/discretization/CMakeFiles/CFDDiscretizationTests.dir/test_grid_refinement.cpp.o
[229/472] Building CXX object tests/unit/discretization/CMakeFiles/CFDDiscretizationTests.dir/test_gradient.cpp.o
[230/472] Building CXX object tests/unit/discretization/CMakeFiles/CFDDiscretizationTests.dir/test_convection.cpp.o
[231/472] Building CXX object tests/unit/discretization/CMakeFiles/CFDDiscretizationTests.dir/test_diffusion.cpp.o
[232/472] Building CXX object tests/unit/physics/CMakeFiles/CFDPhysicsTests.dir/test_mass_flux.cpp.o
[233/472] Building CXX object tests/unit/discretization/CMakeFiles/CFDDiscretizationTests.dir/test_ale_operators.cpp.o
[234/472] Building CXX object tests/unit/physics/CMakeFiles/CFDPhysicsTests.dir/test_continuity_equation.cpp.o
[235/472] Building CXX object tests/unit/discretization/CMakeFiles/CFDDiscretizationTests.dir/test_boundary_reconstruction.cpp.o
[236/472] Building CXX object tests/unit/physics/CMakeFiles/CFDPhysicsTests.dir/test_momentum_convection.cpp.o
[237/472] Building CXX object tests/unit/physics/CMakeFiles/CFDPhysicsTests.dir/test_momentum_pressure.cpp.o
[238/472] Building CXX object tests/unit/physics/CMakeFiles/CFDPhysicsTests.dir/test_momentum_assembly.cpp.o
[239/472] Building CXX object tests/unit/physics/CMakeFiles/CFDPhysicsTests.dir/test_momentum_diffusion.cpp.o
[240/472] Building CXX object tests/unit/physics/CMakeFiles/CFDPhysicsTests.dir/test_momentum_variable_viscosity.cpp.o
[241/472] Building CXX object tests/unit/physics/CMakeFiles/CFDPhysicsTests.dir/test_boussinesq_buoyancy.cpp.o
[242/472] Building CXX object tests/unit/physics/CMakeFiles/CFDPhysicsTests.dir/test_temperature_property.cpp.o
[243/472] Building CXX object tests/unit/physics/CMakeFiles/CFDPhysicsTests.dir/test_momentum_non_orthogonal.cpp.o
[244/472] Building CXX object tests/unit/discretization/CMakeFiles/CFDDiscretizationTests.dir/test_gradient_boundary_consistency.cpp.o
[245/472] Building CXX object tests/unit/discretization/CMakeFiles/CFDDiscretizationTests.dir/test_operators3d.cpp.o
[246/472] Building CXX object tests/unit/io/CMakeFiles/CFDIoTests.dir/test_case_validation.cpp.o
[247/472] Building CXX object tests/unit/io/CMakeFiles/CFDIoTests.dir/test_case_writer.cpp.o
[248/472] Building CXX object tests/unit/io/CMakeFiles/CFDIoTests.dir/test_boussinesq_case.cpp.o
[249/472] Building CXX object tests/unit/io/CMakeFiles/CFDIoTests.dir/test_case_reader.cpp.o
[250/472] Building CXX object tests/unit/io/CMakeFiles/CFDIoTests.dir/test_thermal_case.cpp.o
[251/472] Building CXX object tests/unit/io/CMakeFiles/CFDIoTests.dir/test_case_builder.cpp.o
[252/472] Linking CXX static library src/libcfdcore.a
[253/472] Building CXX object tests/unit/io/CMakeFiles/CFDIoTests.dir/test_turbulence_case.cpp.o
[254/472] Building CXX object tests/unit/io/CMakeFiles/CFDIoTests.dir/test_multiphase_case.cpp.o
[255/472] Building CXX object tests/unit/io/CMakeFiles/CFDIoTests.dir/test_species_case.cpp.o
[256/472] Building CXX object tests/unit/io/CMakeFiles/CFDIoTests.dir/test_compressible_case.cpp.o
[257/472] Building CXX object tests/unit/io/CMakeFiles/CFDIoTests.dir/test_physics_compatibility.cpp.o
[258/472] Building CXX object tests/unit/solver/CMakeFiles/CFDSolverTests.dir/test_cfl.cpp.o
[259/472] Building CXX object tests/unit/solver/CMakeFiles/CFDSolverTests.dir/test_time_controller.cpp.o
[260/472] Building CXX object tests/unit/solver/CMakeFiles/CFDSolverTests.dir/test_transient_solver.cpp.o
[261/472] Building CXX object tests/unit/io/CMakeFiles/CFDIoTests.dir/test_csv_writer.cpp.o
[262/472] Building CXX object tests/unit/io/CMakeFiles/CFDIoTests.dir/test_vtk_writer.cpp.o
[263/472] Building CXX object tests/unit/solver/CMakeFiles/CFDSolverTests.dir/test_restart_snapshot.cpp.o
[264/472] Building CXX object tests/unit/io/CMakeFiles/CFDIoTests.dir/test_robustness_config.cpp.o
[265/472] Building CXX object tests/unit/io/CMakeFiles/CFDIoTests.dir/test_mesh_quality_case.cpp.o
[266/472] Building CXX object tests/unit/thermal/CMakeFiles/CFDThermalTests.dir/test_thermal_properties.cpp.o
[267/472] Building CXX object tests/unit/solver/CMakeFiles/CFDSolverTests.dir/test_solver_robustness.cpp.o
[268/472] Linking CXX static library cuda/libcfdcuda.a
[269/472] Building CXX object tests/unit/turbulence/CMakeFiles/CFDTurbulenceTests.dir/test_kepsilon_coefficients.cpp.o
[270/472] Building CXX object tests/unit/io/CMakeFiles/CFDIoTests.dir/test_vtk3d.cpp.o
[271/472] Building CXX object tests/unit/turbulence/CMakeFiles/CFDTurbulenceTests.dir/test_laminar_model.cpp.o
[272/472] Building CXX object tests/unit/thermal/CMakeFiles/CFDThermalTests.dir/test_thermal_solver_variable_properties.cpp.o
[273/472] Building CXX object tests/unit/thermal/CMakeFiles/CFDThermalTests.dir/test_thermal_solver.cpp.o
[274/472] Building CXX object tests/unit/turbulence/CMakeFiles/CFDTurbulenceTests.dir/test_komega_coefficients.cpp.o
[275/472] Building CXX object tests/unit/thermal/CMakeFiles/CFDThermalTests.dir/test_energy_equation_variable_properties.cpp.o
[276/472] Building CXX object tests/unit/turbulence/CMakeFiles/CFDTurbulenceTests.dir/test_turbulence_model.cpp.o
[277/472] Building CXX object tests/unit/turbulence/CMakeFiles/CFDTurbulenceTests.dir/test_sst_coefficients.cpp.o
[278/472] Building CXX object tests/unit/thermal/CMakeFiles/CFDThermalTests.dir/test_thermal_non_orthogonal.cpp.o
[279/472] Building CXX object tests/unit/thermal/CMakeFiles/CFDThermalTests.dir/test_thermal_region.cpp.o
[280/472] Building CXX object tests/unit/thermal/CMakeFiles/CFDThermalTests.dir/test_conjugate_boundary_equivalence.cpp.o
[281/472] Building CXX object tests/unit/turbulence/CMakeFiles/CFDTurbulenceTests.dir/test_turbulence_production.cpp.o
[282/472] Building CXX object tests/unit/thermal/CMakeFiles/CFDThermalTests.dir/test_sparse_assembly3d.cpp.o
[283/472] Building CXX object tests/unit/thermal/CMakeFiles/CFDThermalTests.dir/test_energy_equation.cpp.o
[284/472] Building CXX object tests/unit/thermal/CMakeFiles/CFDThermalTests.dir/test_thermal_boundary_consistency.cpp.o
[285/472] Building CXX object tests/unit/turbulence/CMakeFiles/CFDTurbulenceTests.dir/test_komega_equation.cpp.o
[286/472] Building CXX object tests/unit/turbulence/CMakeFiles/CFDTurbulenceTests.dir/test_kepsilon_equation.cpp.o
[287/472] Building CXX object tests/unit/turbulence/CMakeFiles/CFDTurbulenceTests.dir/test_wall_distance.cpp.o
[288/472] Building CXX object tests/unit/species/CMakeFiles/CFDSpeciesTests.dir/test_species_properties.cpp.o
[289/472] Building CXX object tests/unit/turbulence/CMakeFiles/CFDTurbulenceTests.dir/test_kepsilon_model.cpp.o
[290/472] Building CXX object tests/unit/turbulence/CMakeFiles/CFDTurbulenceTests.dir/test_sst_equation.cpp.o
[291/472] Building CXX object tests/unit/turbulence/CMakeFiles/CFDTurbulenceTests.dir/test_komega_model.cpp.o
[292/472] Building CXX object tests/unit/turbulence/CMakeFiles/CFDTurbulenceTests.dir/test_turbulence_non_orthogonal.cpp.o
[293/472] Building CXX object tests/unit/io/CMakeFiles/CFDIoTests.dir/test_graded_mesh_case.cpp.o
[294/472] Building CXX object tests/unit/turbulence/CMakeFiles/CFDTurbulenceTests.dir/test_turbulence_model_factory.cpp.o
[295/472] Building CXX object tests/unit/turbulence/CMakeFiles/CFDTurbulenceTests.dir/test_sst_model.cpp.o
[296/472] Building CXX object tests/unit/io/CMakeFiles/CFDIoTests.dir/test_json_writer.cpp.o
[297/472] Building CXX object tests/unit/species/CMakeFiles/CFDSpeciesTests.dir/test_species_solver.cpp.o
[298/472] Linking CXX executable tests/unit/core/CFDCoreTests
[299/472] Building CXX object tests/unit/io/CMakeFiles/CFDIoTests.dir/test_structured_quad_case.cpp.o
[300/472] Building CXX object tests/unit/species/CMakeFiles/CFDSpeciesTests.dir/test_species_equation.cpp.o
[301/472] Building CXX object tests/unit/multiphase/CMakeFiles/CFDMultiphaseTests.dir/test_phase_properties.cpp.o
[302/472] Building CXX object tests/unit/io/CMakeFiles/CFDIoTests.dir/test_case3d.cpp.o
[303/472] Building CXX object tests/unit/app/CMakeFiles/CFDAppLayerTests.dir/__/__/support/CaseFixtureCopy.cpp.o
[304/472] Building CXX object tests/unit/io/CMakeFiles/CFDIoTests.dir/test_multiblock_case.cpp.o
[305/472] Building CXX object tests/unit/compressible/CMakeFiles/CFDCompressibleTests.dir/test_ideal_gas_eos.cpp.o
[306/472] Building CXX object tests/unit/multiphase/CMakeFiles/CFDMultiphaseTests.dir/test_multiphase_properties.cpp.o
[307/472] Building CXX object tests/unit/compressible/CMakeFiles/CFDCompressibleTests.dir/test_thermodynamic_properties.cpp.o
[308/472] Building CXX object tests/unit/multiphase/CMakeFiles/CFDMultiphaseTests.dir/test_volume_fraction_solver.cpp.o
[309/472] Building CXX object tests/unit/compressible/CMakeFiles/CFDCompressibleTests.dir/test_compressible_continuity.cpp.o
[310/472] Building CXX object tests/unit/multiphase/CMakeFiles/CFDMultiphaseTests.dir/test_volume_fraction_equation.cpp.o
[311/472] Linking CXX executable tests/unit/fields/CFDFieldTests
[312/472] Building CXX object tests/unit/compressible/CMakeFiles/CFDCompressibleTests.dir/test_compressible_momentum.cpp.o
[313/472] Building CXX object tests/unit/species/CMakeFiles/CFDSpeciesTests.dir/test_species_non_orthogonal.cpp.o
[314/472] Building CXX object tests/unit/compressible/CMakeFiles/CFDCompressibleTests.dir/test_compressible_mass_flux.cpp.o
[315/472] Building CXX object tests/unit/viz/CMakeFiles/CFDVizTests.dir/test_derived_fields.cpp.o
[316/472] Building CXX object tests/unit/viz/CMakeFiles/CFDVizTests.dir/test_marching_squares.cpp.o
[317/472] Building CXX object tests/unit/viz/CMakeFiles/CFDVizTests.dir/test_field_probe.cpp.o
[318/472] Building CXX object tests/unit/viz/CMakeFiles/CFDVizTests.dir/test_vector_sampling.cpp.o
[319/472] Building CXX object tests/unit/gpu/CMakeFiles/CFDGpuTests.dir/test_cuda_spmv.cpp.o
[320/472] Linking CXX executable tests/unit/boundary/CFDBoundaryTests
[321/472] Building CXX object tests/unit/app/CMakeFiles/CFDAppLayerTests.dir/test_project_runner.cpp.o
[322/472] Building CXX object tests/unit/gpu/CMakeFiles/CFDGpuTests.dir/test_gpu_residency_manager.cpp.o
[323/472] Building CXX object tests/unit/app/CMakeFiles/CFDAppLayerTests.dir/test_case_session.cpp.o
[324/472] Building CXX object tests/unit/app/CMakeFiles/CFDAppLayerTests.dir/test_visualization_snapshot.cpp.o
[325/472] Linking CXX executable apps/cli/cfdapp
[326/472] Linking CXX executable tests/unit/algebra/CFDAlgebraTests
[327/472] Building CXX object tests/unit/gpu/CMakeFiles/CFDGpuTests.dir/test_device_buffer.cpp.o
[328/472] Linking CXX executable tests/unit/physics/CFDPhysicsTests
[329/472] Building CXX object tests/solver/simple/CMakeFiles/CFDSimpleTests.dir/test_momentum_predictor.cpp.o
[330/472] Linking CXX executable tests/unit/mesh/CFDMeshTests
[331/472] Linking CXX executable tests/unit/solver/CFDSolverTests
[332/472] Building CXX object tests/solver/simple/CMakeFiles/CFDSimpleTests.dir/test_simple_settings.cpp.o
[333/472] Building CXX object tests/unit/gpu/CMakeFiles/CFDGpuTests.dir/test_gpu_linear_solver.cpp.o
[334/472] Building CXX object tests/solver/simple/CMakeFiles/CFDSimpleTests.dir/test_flux_correction.cpp.o
[335/472] Building CXX object tests/solver/simple/CMakeFiles/CFDSimpleTests.dir/test_velocity_correction.cpp.o
[336/472] Linking CXX executable tests/unit/thermal/CFDThermalTests
[337/472] Building CXX object tests/solver/simple/CMakeFiles/CFDSimpleTests.dir/test_simple_continuity.cpp.o
[338/472] Building CXX object tests/solver/simple/CMakeFiles/CFDSimpleTests.dir/test_pressure_correction.cpp.o
[339/472] Building CXX object tests/solver/simple/CMakeFiles/CFDSimpleTests.dir/test_simple_nonfinite.cpp.o
[340/472] Building CXX object tests/solver/simple/CMakeFiles/CFDSimpleTests.dir/test_simple_convergence.cpp.o
[341/472] Linking CXX executable tests/unit/multiphase/CFDMultiphaseTests
[342/472] Linking CXX executable tests/unit/viz/CFDVizTests
[343/472] Building CXX object tests/solver/simple/CMakeFiles/CFDSimpleTests.dir/test_simple_determinism.cpp.o
[344/472] Building CXX object tests/solver/simple/CMakeFiles/CFDSimpleTests.dir/test_simple_failure.cpp.o
[345/472] Linking CXX executable tests/unit/species/CFDSpeciesTests
[346/472] Building CXX object tests/solver/simple/CMakeFiles/CFDSimpleTests.dir/test_simple_turbulence.cpp.o
[347/472] Linking CXX executable tests/unit/compressible/CFDCompressibleTests
[348/472] Building CXX object tests/solver/simple/CMakeFiles/CFDSimpleTests.dir/test_simple_kepsilon.cpp.o
[349/472] Building CXX object tests/solver/simple/CMakeFiles/CFDSimpleTests.dir/test_simple_komega.cpp.o
[350/472] Building CXX object tests/solver/simple/CMakeFiles/CFDSimpleTests.dir/test_simple_turbulence_models.cpp.o
[351/472] Building CXX object tests/solver/simple/CMakeFiles/CFDSimpleTests.dir/test_simple_sst.cpp.o
[352/472] Building CXX object tests/solver/simple/CMakeFiles/CFDSimpleTests.dir/test_simple_gpu_residency.cpp.o
[353/472] Building CXX object tests/solver/simple/CMakeFiles/CFDSimpleTests.dir/test_simple_buoyancy.cpp.o
[354/472] Building CXX object tests/solver/simple/CMakeFiles/CFDSimpleTests.dir/test_simple_gpu_solver.cpp.o
[355/472] Linking CXX executable tests/unit/turbulence/CFDTurbulenceTests
[356/472] Building CXX object tests/solver/simple/CMakeFiles/CFDSimpleTests.dir/test_pressure_correction_non_orthogonal.cpp.o
[357/472] Building CXX object tests/solver/simple/CMakeFiles/CFDSimpleTests.dir/test_simple_robustness.cpp.o
[358/472] Building CXX object tests/solver/simple/CMakeFiles/CFDSimpleTests.dir/test_simple_non_orthogonal.cpp.o
[359/472] Building CXX object tests/integration/cavity/CMakeFiles/CFDCavityValidationTests.dir/CavityValidationUtils.cpp.o
[360/472] Building CXX object tests/unit/validation/CMakeFiles/CFDValidationUnitTests.dir/test_grid_convergence_study.cpp.o
[361/472] Building CXX object tests/unit/validation/CMakeFiles/CFDValidationUnitTests.dir/test_manufactured_solutions.cpp.o
[362/472] Building CXX object tests/unit/validation/CMakeFiles/CFDValidationUnitTests.dir/test_production_validation.cpp.o
[363/472] Linking CXX executable tests/unit/discretization/CFDDiscretizationTests
[364/472] Building CXX object tests/solver/compressible_simple/CMakeFiles/CFDCompressibleSimpleTests.dir/test_compressible_relaxed_momentum.cpp.o
[365/472] Building CXX object tests/solver/compressible_simple/CMakeFiles/CFDCompressibleSimpleTests.dir/test_compressible_pressure_correction.cpp.o
[366/472] Linking CXX executable tests/unit/gpu/CFDGpuTests
[367/472] Building CXX object tests/integration/poiseuille/CMakeFiles/CFDPoiseuilleValidationTests.dir/PoiseuilleValidationUtils.cpp.o
[368/472] Building CXX object tests/solver/piso/CMakeFiles/CFDPisoTests.dir/test_transient_momentum.cpp.o
[369/472] Building CXX object tests/solver/piso/CMakeFiles/CFDPisoTests.dir/test_pressure_correction.cpp.o
[370/472] Building CXX object tests/solver/compressible_simple/CMakeFiles/CFDCompressibleSimpleTests.dir/test_compressible_simple.cpp.o
[371/472] Building CXX object tests/solver/simple/CMakeFiles/CFDSimpleTests.dir/test_simple3d.cpp.o
[372/472] Building CXX object tests/solver/piso/CMakeFiles/CFDPisoTests.dir/test_correction_application.cpp.o
[373/472] Building CXX object tests/solver/compressible_simple/CMakeFiles/CFDCompressibleSimpleTests.dir/test_compressible_non_orthogonal.cpp.o
[374/472] Building CXX object tests/solver/piso/CMakeFiles/CFDPisoTests.dir/test_piso_turbulence.cpp.o
[375/472] Building CXX object tests/integration/cavity/CMakeFiles/CFDCavityValidationTests.dir/CavityProductionCase.cpp.o
[376/472] Building CXX object tests/integration/thermal/CMakeFiles/CFDNaturalConvectionValidationTests.dir/NaturalConvectionValidationUtils.cpp.o
[377/472] Building CXX object tests/solver/piso/CMakeFiles/CFDPisoTests.dir/test_second_pressure_correction.cpp.o
[378/472] Building CXX object tests/solver/piso/CMakeFiles/CFDPisoTests.dir/test_piso.cpp.o
[379/472] Building CXX object tests/solver/piso/CMakeFiles/CFDPisoTests.dir/test_transient_integration.cpp.o
[380/472] Building CXX object tests/solver/piso/CMakeFiles/CFDPisoTests.dir/test_final_correction.cpp.o
[381/472] Building CXX object tests/solver/compressible_simple/CMakeFiles/CFDCompressibleSimpleTests.dir/test_compressible_robustness.cpp.o
[382/472] Building CXX object tests/integration/cavity/CMakeFiles/CFDCavityValidationTests.dir/test_scheme_validation.cpp.o
[383/472] Building CXX object tests/integration/cavity/CMakeFiles/CFDCavityValidationTests.dir/test_transient_cavity.cpp.o
[384/472] Building CXX object tests/integration/cavity/CMakeFiles/CFDCavityValidationTests.dir/test_cavity_ghia.cpp.o
[385/472] Building CXX object tests/integration/cavity/CMakeFiles/CFDCavityValidationTests.dir/test_cavity_production_validation.cpp.o
[386/472] Building CXX object tests/integration/poiseuille/CMakeFiles/CFDPoiseuilleValidationTests.dir/test_temporal_refinement.cpp.o
[387/472] Building CXX object tests/integration/poiseuille/CMakeFiles/CFDPoiseuilleValidationTests.dir/test_transient_poiseuille.cpp.o
[388/472] Building CXX object tests/integration/thermal/CMakeFiles/CFDHeatedCavityValidationTests.dir/test_heated_cavity_validation.cpp.o
[389/472] Building CXX object tests/integration/thermal/CMakeFiles/CFDConjugateHeatTransferValidationTests.dir/test_two_material_conduction.cpp.o
[390/472] Building CXX object tests/integration/poiseuille/CMakeFiles/CFDPoiseuilleValidationTests.dir/test_poiseuille_validation.cpp.o
[391/472] Building CXX object tests/integration/thermal/CMakeFiles/CFDBoussinesqCouplingTests.dir/test_boussinesq_coupling.cpp.o
[392/472] Building CXX object tests/integration/poiseuille/CMakeFiles/CFDPoiseuilleValidationTests.dir/test_poiseuille_production_validation.cpp.o
[393/472] Building CXX object tests/integration/io/CMakeFiles/CFDResultExportIntegrationTests.dir/__/__/support/CaseFixtureCopy.cpp.o
[394/472] Building CXX object tests/solver/piso/CMakeFiles/CFDPisoTests.dir/test_ale_piso.cpp.o
[395/472] Building CXX object tests/integration/thermal/CMakeFiles/CFDNaturalConvectionValidationTests.dir/test_natural_convection_validation.cpp.o
[396/472] Building CXX object tests/integration/case/CMakeFiles/CFDCaseIntegrationTests.dir/test_case_lid_driven_cavity.cpp.o
[397/472] Linking CXX executable tests/unit/app/CFDAppLayerTests
[398/472] Building CXX object tests/integration/turbulence_channel/CMakeFiles/CFDTurbulenceChannelValidationTests.dir/ChannelFlowValidationUtils.cpp.o
[399/472] Building CXX object tests/integration/case/CMakeFiles/CFDCaseIntegrationTests.dir/test_species_production_case.cpp.o
[400/472] Building CXX object tests/integration/case/CMakeFiles/CFDCaseIntegrationTests.dir/test_multiphase_production_case.cpp.o
[401/472] Building CXX object tests/integration/case/CMakeFiles/CFDCaseIntegrationTests.dir/MeshQualityCampaign.cpp.o
[402/472] Building CXX object tests/integration/case/CMakeFiles/CFDCaseIntegrationTests.dir/test_compressible_production_case.cpp.o
[403/472] Building CXX object tests/integration/case/CMakeFiles/CFDCaseIntegrationTests.dir/test_compressible_coupled_production_case.cpp.o
[404/472] Building CXX object tests/integration/case/CMakeFiles/CFDCaseIntegrationTests.dir/test_heated_species_diffusion_production_case.cpp.o
[405/472] Building CXX object tests/integration/species/CMakeFiles/CFDSpeciesDiffusionValidationTests.dir/test_species_diffusion.cpp.o
[406/472] Building CXX object tests/integration/io/CMakeFiles/CFDResultExportIntegrationTests.dir/test_paraview_smoke.cpp.o
[407/472] Building CXX object tests/integration/species/CMakeFiles/CFDSpeciesAdvectionDiffusionValidationTests.dir/test_species_advection_diffusion.cpp.o
[408/472] Building CXX object tests/integration/restart/CMakeFiles/CFDRestartIntegrationTests.dir/test_restart_resume.cpp.o
[409/472] Linking CXX executable tests/integration/thermal/CFDConjugateHeatTransferValidationTests
[410/472] Building CXX object tests/integration/multiphase/CMakeFiles/CFDMultiphaseUniformFieldTests.dir/test_uniform_alpha.cpp.o
[411/472] Building CXX object tests/integration/species/CMakeFiles/CFDSpeciesConservationValidationTests.dir/test_species_conservation.cpp.o
[412/472] Building CXX object tests/integration/multiphase/CMakeFiles/CFDMultiphaseAdvectionValidationTests.dir/test_alpha_advection.cpp.o
[413/472] Building CXX object tests/integration/species/CMakeFiles/CFDSpeciesCouplingValidationTests.dir/test_species_solver_coupling.cpp.o
[414/472] Building CXX object tests/integration/multiphase/CMakeFiles/CFDMultiphaseConservationValidationTests.dir/test_phase_conservation.cpp.o
[415/472] Building CXX object tests/integration/multiphase/CMakeFiles/CFDMultiphaseSinglePhaseEquivalenceTests.dir/test_single_phase_equivalence.cpp.o
[416/472] Building CXX object tests/integration/case/CMakeFiles/CFDCaseIntegrationTests.dir/test_mesh_quality_campaign.cpp.o
[417/472] Building CXX object tests/integration/compressible/CMakeFiles/CFDLowMachRegressionTests.dir/test_low_mach_regression.cpp.o
[418/472] Building CXX object tests/integration/io/CMakeFiles/CFDResultExportIntegrationTests.dir/test_result_export.cpp.o
[419/472] Building CXX object tests/integration/restart/CMakeFiles/CFDRestartIntegrationTests.dir/test_restart_io.cpp.o
[420/472] Building CXX object tests/integration/case/CMakeFiles/CFDCaseIntegrationTests.dir/test_graded_mesh_production_case.cpp.o
[421/472] Building CXX object tests/integration/turbulence_channel/CMakeFiles/CFDTurbulenceChannelValidationTests.dir/test_channel_flow_validation.cpp.o
[422/472] Linking CXX executable tests/integration/species/CFDSpeciesDiffusionValidationTests
[423/472] Linking CXX executable tests/unit/validation/CFDValidationUnitTests
[424/472] Building CXX object tests/integration/case/CMakeFiles/CFDCaseIntegrationTests.dir/test_structured_quad_production_case.cpp.o
[425/472] Building CXX object tests/integration/mms/CMakeFiles/CFDMMSValidationTests.dir/MMSCases.cpp.o
[426/472] Linking CXX executable tests/solver/compressible_simple/CFDCompressibleSimpleTests
[427/472] Linking CXX executable tests/integration/species/CFDSpeciesAdvectionDiffusionValidationTests
[428/472] Building CXX object tests/integration/mms/CMakeFiles/CFDMMSValidationTests.dir/test_mms_scalar.cpp.o
[429/472] Linking CXX executable tests/integration/thermal/CFDHeatedCavityValidationTests
[430/472] Building CXX object tests/integration/case/CMakeFiles/CFDCaseIntegrationTests.dir/test_multiblock_production_case.cpp.o
[431/472] Linking CXX executable tests/integration/thermal/CFDBoussinesqCouplingTests
[432/472] Building CXX object tests/integration/mms/CMakeFiles/CFDMMSValidationTests.dir/test_mms_simple.cpp.o
[433/472] Building CXX object tests/integration/mms/CMakeFiles/CFDMMSValidationTests.dir/test_mms_compressible.cpp.o
[434/472] Linking CXX executable tests/integration/multiphase/CFDMultiphaseUniformFieldTests
[435/472] Building CXX object tests/integration/mms/CMakeFiles/CFDMMSValidationTests.dir/test_mms_momentum.cpp.o
[436/472] Building CXX object benchmarks/cpu/CMakeFiles/cfd_benchmark_spmv_scaling.dir/benchmark_spmv_scaling.cpp.o
[437/472] Building CXX object benchmarks/gpu/CMakeFiles/cfd_benchmark_gpu_spmv.dir/benchmark_gpu_spmv.cpp.o
[438/472] Linking CXX executable tests/unit/io/CFDIoTests
[439/472] Building CXX object tests/integration/case/CMakeFiles/CFDCaseIntegrationTests.dir/test_3d_production_cases.cpp.o
[440/472] Linking CXX executable tests/integration/cavity/CFDCavityValidationTests
[441/472] Linking CXX executable tests/integration/multiphase/CFDMultiphaseAdvectionValidationTests
[442/472] Linking CXX executable tests/integration/species/CFDSpeciesConservationValidationTests
[443/472] Linking CXX executable tests/integration/thermal/CFDNaturalConvectionValidationTests
[444/472] Linking CXX executable tests/solver/piso/CFDPisoTests
[445/472] Linking CXX executable tests/integration/multiphase/CFDMultiphaseConservationValidationTests
[446/472] Linking CXX executable tests/integration/multiphase/CFDMultiphaseSinglePhaseEquivalenceTests
[447/472] Building CXX object tests/integration/backward_facing_step/CMakeFiles/CFDBackwardFacingStepTests.dir/BackwardFacingStepCase.cpp.o
[448/472] Linking CXX executable tests/integration/poiseuille/CFDPoiseuilleValidationTests
[449/472] Building CXX object tests/integration/mms/CMakeFiles/CFDMMSValidationTests.dir/test_mms_3d.cpp.o
[450/472] Building CXX object tests/integration/mms/CMakeFiles/CFDMMSValidationTests.dir/test_mms_simple3d.cpp.o
[451/472] Linking CXX executable benchmarks/gpu/cfd_benchmark_gpu_spmv
[452/472] Linking CXX executable benchmarks/cpu/cfd_benchmark_spmv_scaling
[453/472] Linking CXX executable tests/solver/simple/CFDSimpleTests
[454/472] Linking CXX executable tests/integration/restart/CFDRestartIntegrationTests
[455/472] Building CXX object benchmarks/cpu/CMakeFiles/cfd_benchmark_cpu.dir/benchmark_runner.cpp.o
[456/472] Linking CXX executable tests/integration/species/CFDSpeciesCouplingValidationTests
[457/472] Building CXX object benchmarks/cpu/CMakeFiles/cfd_benchmark_openmp_scaling.dir/benchmark_openmp_scaling.cpp.o
[458/472] Linking CXX executable tests/integration/compressible/CFDLowMachRegressionTests
[459/472] Building CXX object benchmarks/gpu/CMakeFiles/cfd_benchmark_gpu_preconditioner.dir/benchmark_gpu_preconditioner.cpp.o
[460/472] Building CXX object benchmarks/gpu/CMakeFiles/cfd_benchmark_large_grid_stress.dir/benchmark_large_grid_stress.cpp.o
[461/472] Building CXX object benchmarks/gpu/CMakeFiles/cfd_benchmark_cuda_end_to_end.dir/benchmark_cuda_end_to_end.cpp.o
[462/472] Linking CXX executable tests/integration/turbulence_channel/CFDTurbulenceChannelValidationTests
[463/472] Linking CXX executable tests/integration/io/CFDResultExportIntegrationTests
[464/472] Linking CXX executable benchmarks/cpu/cfd_benchmark_cpu
[465/472] Building CXX object tests/integration/backward_facing_step/CMakeFiles/CFDBackwardFacingStepTests.dir/test_backward_facing_step.cpp.o
[466/472] Linking CXX executable benchmarks/cpu/cfd_benchmark_openmp_scaling
[467/472] Linking CXX executable benchmarks/gpu/cfd_benchmark_gpu_preconditioner
[468/472] Linking CXX executable benchmarks/gpu/cfd_benchmark_large_grid_stress
[469/472] Linking CXX executable benchmarks/gpu/cfd_benchmark_cuda_end_to_end
[470/472] Linking CXX executable tests/integration/mms/CFDMMSValidationTests
[471/472] Linking CXX executable tests/integration/case/CFDCaseIntegrationTests
[472/472] Linking CXX executable tests/integration/backward_facing_step/CFDBackwardFacingStepTests
