# BEFORE the P12-MESH-001 gradient/wall-distance fixes (production path, CaseWriter cases, default solver.json of each case)
=== conn_n0
[poiseuille LU N=0] 64x8 status 0 it 1040 mass 1.78e-09 (4.4s)
  finite 1 | u L2 3.3042e-02 (rel 3.304e-02) Linf 5.4033e-02 v L2 9.148e-03 | dp/dx -1.126171 exact -1.200000 rel 6.1524e-02 | column flow max|Q-Qin| 1.78e-09 (Qin 1.000000000)
[poiseuille LU N=1] 64x8 status 0 it 1045 mass 1.08e-09 (5.1s)
  finite 1 | u L2 1.7155e-02 (rel 1.716e-02) Linf 2.8493e-02 v L2 3.600e-03 | dp/dx -1.173849 exact -1.200000 rel 2.1792e-02 | column flow max|Q-Qin| 1.46e-09 (Qin 1.000000000)
[poiseuille LU N=2] 64x8 status 0 it 1046 mass 1.11e-09 (8.9s)
  finite 1 | u L2 1.7155e-02 (rel 1.715e-02) Linf 2.8492e-02 v L2 3.600e-03 | dp/dx -1.173850 exact -1.200000 rel 2.1792e-02 | column flow max|Q-Qin| 1.46e-09 (Qin 1.000000000)
[poiseuille LU N=0] 96x12 status 2 it 128 mass 4.09e-03 (4.3s)
  finite 1 | u L2 1.8735e+04 (rel 1.873e+04) Linf 9.8288e+04 v L2 1.279e+04 | dp/dx 978702105.749655 exact -1.200000 rel 8.1559e+08 | column flow max|Q-Qin| 4.10e-03 (Qin 1.000000000)
[poiseuille LU N=1] 96x12 status 2 it 188 mass 1.01e-09 (2.3s)
  finite 1 | u L2 7.2711e-03 (rel 7.271e-03) Linf 1.2363e-02 v L2 1.579e-03 | dp/dx -1.185917 exact -1.200000 rel 1.1736e-02 | column flow max|Q-Qin| 1.13e-09 (Qin 1.000000000)
[poiseuille LU N=2] 96x12 status 2 it 51 mass 2.90e-11 (1.3s)
  finite 1 | u L2 7.2997e-03 (rel 7.300e-03) Linf 1.2435e-02 v L2 1.639e-03 | dp/dx -1.185877 exact -1.200000 rel 1.1769e-02 | column flow max|Q-Qin| 1.30e-09 (Qin 1.000000000)
[poiseuille LU N=0] 144x18 status 2 it 41 mass 4.31e-04 (4.6s)
  finite 1 | u L2 4.5726e+03 (rel 4.573e+03) Linf 3.7455e+04 v L2 4.441e+03 | dp/dx -48668868.464815 exact -1.200000 rel 4.0557e+07 | column flow max|Q-Qin| 4.31e-04 (Qin 1.000000000)
[poiseuille LU N=1] 144x18 status 2 it 35 mass 3.32e-09 (1.2s)
  finite 1 | u L2 1.2832e-02 (rel 1.283e-02) Linf 2.8373e-02 v L2 3.406e-03 | dp/dx -1.412568 exact -1.200000 rel 1.7714e-01 | column flow max|Q-Qin| 3.32e-09 (Qin 1.000000000)
[poiseuille LU N=2] 144x18 status 2 it 113 mass 7.55e-10 (7.0s)
  finite 1 | u L2 3.2232e-03 (rel 3.223e-03) Linf 5.5378e-03 v L2 6.695e-04 | dp/dx -1.192996 exact -1.200000 rel 5.8370e-03 | column flow max|Q-Qin| 1.42e-09 (Qin 1.000000000)
=== conn_ls
[poiseuille LU green_gauss] status 0 it 1045 (4.9s)
  finite 1 | u L2 1.7155e-02 (rel 1.716e-02) Linf 2.8493e-02 v L2 3.600e-03 | dp/dx -1.173849 exact -1.200000 rel 2.1792e-02 | column flow max|Q-Qin| 1.40e-09 (Qin 1.000000000)
[poiseuille LU least_squares] status 2 it 599 (3.3s)
  finite 1 | u L2 1.7919e-02 (rel 1.792e-02) Linf 3.0557e-02 v L2 3.400e-03 | dp/dx -1.169284 exact -1.200000 rel 2.5596e-02 | column flow max|Q-Qin| 1.99e-09 (Qin 1.000000000)
=== conn_ts
[slab green_gauss N=0] 20x4 status 0 thermal 0 species 0 finite 1 | T Linf 3.130e-01 L2 1.645e-01 (of dT=20) | Y Linf 1.565e-02 L2 8.227e-03
  mesh: nonorth max 32.51 mean 12.99 skew max 0.221 mean 0.058 valid 1
[slab green_gauss N=1] 20x4 status 0 thermal 0 species 0 finite 1 | T Linf 6.750e-02 L2 4.486e-02 (of dT=20) | Y Linf 3.376e-03 L2 2.243e-03
[slab least_squares N=0] 20x4 status 0 thermal 0 species 0 finite 1 | T Linf 3.130e-01 L2 1.645e-01 (of dT=20) | Y Linf 1.565e-02 L2 8.227e-03
[slab least_squares N=1] 20x4 status 0 thermal 0 species 0 finite 1 | T Linf 6.226e-02 L2 4.296e-02 (of dT=20) | Y Linf 3.113e-03 L2 2.148e-03
[slab green_gauss N=0] 40x8 status 0 thermal 0 species 2 finite 1 | T Linf 4.527e-01 L2 2.059e-01 (of dT=20) | Y Linf 8.032e-01 L2 4.920e-01
[slab green_gauss N=1] 40x8 status 0 thermal 0 species 2 finite 1 | T Linf 6.897e-02 L2 4.503e-02 (of dT=20) | Y Linf 6.404e-01 L2 4.144e-01
[slab least_squares N=0] 40x8 status 0 thermal 0 species 2 finite 1 | T Linf 4.527e-01 L2 2.059e-01 (of dT=20) | Y Linf 8.032e-01 L2 4.920e-01
[slab least_squares N=1] 40x8 status 0 thermal 0 species 2 finite 1 | T Linf 6.537e-02 L2 4.257e-02 (of dT=20) | Y Linf 5.881e-01 L2 3.870e-01
[slab green_gauss N=0] 80x16 status 0 thermal 2 species 2 finite 1 | T Linf 4.905e-01 L2 2.171e-01 (of dT=20) | Y Linf 9.942e-01 L2 5.773e-01
[slab green_gauss N=1] 80x16 status 0 thermal 2 species 2 finite 1 | T Linf 4.254e-02 L2 2.683e-02 (of dT=20) | Y Linf 9.942e-01 L2 5.773e-01
[slab least_squares N=0] 80x16 status 0 thermal 2 species 2 finite 1 | T Linf 4.905e-01 L2 2.171e-01 (of dT=20) | Y Linf 9.942e-01 L2 5.773e-01
[slab least_squares N=1] 80x16 status 0 thermal 2 species 2 finite 1 | T Linf 4.220e-02 L2 2.649e-02 (of dT=20) | Y Linf 9.942e-01 L2 5.773e-01
=== conn_wd
  mesh: nonorth max 44.92 mean 14.81 skew max 0.102 mean 0.032 valid 1
[wall distance] 48x12 max rel error all cells 0.2174, wall-adjacent cells 0.2174
  mesh: nonorth max 48.05 mean 15.50 skew max 0.052 mean 0.017 valid 1
[wall distance] 96x24 max rel error all cells 0.2408, wall-adjacent cells 0.2408
=== conn_turb
[turb k_epsilon cartesian upwind] status 0 it 413 mass 3.06e-10 (1.9s)
  finite 1 | u_max(developed) 1.372511 | dp/dx -2.558884e-02 | v L2 1.935e-03 | column max|Q-Qin| 1.03e-08 (Qin 2.000000000)
[turb k_epsilon distorted upwind] status 0 it 341 mass 7.42e-09 (2.7s)
  mesh: nonorth max 44.92 mean 14.81 skew max 0.102 mean 0.032 valid 1
  finite 1 | u_max(developed) 1.239349 | dp/dx -2.128565e-02 | v L2 6.918e-03 | column max|Q-Qin| 1.36e-08 (Qin 2.000000000)
[turb sst cartesian upwind] status 2 it 1261 mass 6.82e-09 (6.3s)
  finite 1 | u_max(developed) 1.236776 | dp/dx -1.311858e-02 | v L2 2.564e-03 | column max|Q-Qin| 6.87e-09 (Qin 2.000000000)
[turb sst distorted upwind] status 0 it 2949 mass 6.70e-09 (20.1s)
  mesh: nonorth max 44.92 mean 14.81 skew max 0.102 mean 0.032 valid 1
  finite 1 | u_max(developed) 1.166817 | dp/dx -1.569502e-02 | v L2 4.956e-03 | column max|Q-Qin| 1.01e-08 (Qin 2.000000000)
=== conn_turb_lu
[turb k_epsilon cartesian linear_upwind] status 0 it 579 mass 2.16e-08 (3.0s)
  finite 1 | u_max(developed) 1.378227 | dp/dx -2.578843e-02 | v L2 1.837e-03 | column max|Q-Qin| 2.16e-08 (Qin 2.000000000)
[turb k_epsilon distorted linear_upwind] status 0 it 2854 mass 6.56e-09 (23.5s)
  mesh: nonorth max 44.92 mean 14.81 skew max 0.102 mean 0.032 valid 1
  finite 1 | u_max(developed) 1.368720 | dp/dx -2.087200e-02 | v L2 5.808e-03 | column max|Q-Qin| 1.29e-08 (Qin 2.000000000)
[turb sst cartesian linear_upwind] status 1 it 3000 mass 1.76e-08 (14.6s)
  finite 1 | u_max(developed) 1.240881 | dp/dx -1.228196e-02 | v L2 2.526e-03 | column max|Q-Qin| 1.77e-08 (Qin 2.000000000)
[turb sst distorted linear_upwind] status 1 it 3000 mass 1.17e-08 (23.0s)
  mesh: nonorth max 44.92 mean 14.81 skew max 0.102 mean 0.032 valid 1
  finite 1 | u_max(developed) 1.244080 | dp/dx -1.635164e-02 | v L2 5.650e-03 | column max|Q-Qin| 1.22e-08 (Qin 2.000000000)
=== conn_comp
[low-Mach SIMPLE+posthoc upwind] 64x8 status 0 (4.1s)
  finite 1 | u L2 3.1045e-02 (rel 3.104e-02) Linf 5.4816e-02 v L2 5.183e-03 | dp/dx -1.426655 exact -1.411949 rel 1.0415e-02 | column flow max|Q-Qin| 2.05e-09 (Qin 1.176624281)
[low-Mach CompressibleSIMPLE upwind] 64x8 status 0 (4.2s)
  finite 1 | u L2 3.1045e-02 (rel 3.104e-02) Linf 5.4816e-02 v L2 5.183e-03 | dp/dx -1.426655 exact -1.411949 rel 1.0415e-02 | column flow max|Q-Qin| 2.05e-09 (Qin 1.176624281)
[low-Mach SIMPLE+posthoc upwind] 96x12 status 2 (1.8s)
  finite 1 | u L2 1.7999e-02 (rel 1.800e-02) Linf 3.3454e-02 v L2 3.472e-03 | dp/dx -1.433890 exact -1.411949 rel 1.5539e-02 | column flow max|Q-Qin| 2.66e-09 (Qin 1.176624281)
[low-Mach CompressibleSIMPLE upwind] 96x12 status 2 (1.7s)
  finite 1 | u L2 1.7999e-02 (rel 1.800e-02) Linf 3.3454e-02 v L2 3.472e-03 | dp/dx -1.433890 exact -1.411949 rel 1.5539e-02 | column flow max|Q-Qin| 2.66e-09 (Qin 1.176624281)
=== conn_ark
[arkilic cartesian] status 0 (25.0s)
[arkilic distorted] status 0 (5.0s)
