# Distorted-slab conduction probe BEFORE fix F1 (scratch driver: direct
# ThermalSolver through CaseBuilder, Jacobi-preconditioned linear solver,
# abs tol 1e-10, rel 1e-12, max 20000; T_exact = 310 - 20 x).
# mode 0 = grid lines tilted at the adiabatic walls, mode 1 = distortion
# orthogonal at the walls. status 2 = LinearSolveFailure (unconverged).
# NOTE: transcribed verbatim from this session's tool output -- the scratch
# log file was overwritten by the after-fix rerun (log 06). The same defect
# is independently recorded on the production path in log 04 (conn_ts:
# GG N=1 T Linf 6.750e-02 at 20x4, 6.897e-02 at 40x8).
mode 0 green_gauss N=1  20x4   status 0 it  192 | nonorth 32.5 | T L2 4.486e-02 Linf 6.750e-02 @(6,0) | wall rows 6.750e-02, end cols 9.653e-03, interior 5.740e-02
mode 0 green_gauss N=1  40x8   status 0 it  360 | nonorth 45.1 | T L2 4.503e-02 Linf 6.897e-02 @(12,0) | wall rows 6.897e-02, end cols 5.282e-03, interior 6.254e-02
mode 0 green_gauss N=1  80x16  status 0 it  693 | nonorth 48.4 | T L2 2.651e-02 Linf 4.209e-02 @(55,15) | wall rows 4.209e-02, end cols 1.606e-03, interior 3.999e-02
mode 0 green_gauss N=1 160x32  status 2 it 1105 | nonorth 49.3 | T L2 1.385e-02 Linf 2.260e-02 @(112,31) | wall rows 2.260e-02, end cols 4.264e-04, interior 2.202e-02
mode 0 least_squares N=1  20x4   status 0 it  192 | nonorth 32.5 | T L2 4.296e-02 Linf 6.226e-02 @(6,0) | wall rows 6.226e-02, end cols 9.327e-03, interior 5.539e-02
mode 0 least_squares N=1  40x8   status 0 it  361 | nonorth 45.1 | T L2 4.257e-02 Linf 6.537e-02 @(12,0) | wall rows 6.537e-02, end cols 5.069e-03, interior 5.930e-02
mode 0 least_squares N=1  80x16  status 0 it  693 | nonorth 48.4 | T L2 2.604e-02 Linf 4.157e-02 @(55,15) | wall rows 4.157e-02, end cols 1.587e-03, interior 3.914e-02
mode 0 least_squares N=1 160x32  status 0 it 1335 | nonorth 49.3 | T L2 1.377e-02 Linf 2.260e-02 @(112,31) | wall rows 2.260e-02, end cols 4.251e-04, interior 2.189e-02
mode 1 green_gauss N=1  20x4   status 0 it  199 | nonorth 21.6 | T L2 1.139e-02 Linf 1.769e-02 @(13,3) | wall rows 1.769e-02, end cols 2.381e-03, interior 1.441e-02
mode 1 green_gauss N=1  40x8   status 0 it  388 | nonorth 41.2 | T L2 9.878e-04 Linf 1.615e-03 @(26,7) | wall rows 1.615e-03, end cols 1.075e-04, interior 1.401e-03
mode 1 green_gauss N=1  80x16  status 0 it  748 | nonorth 47.4 | T L2 3.922e-05 Linf 6.676e-05 @(52,15) | wall rows 6.676e-05, end cols 2.136e-06, interior 6.088e-05
mode 1 green_gauss N=1 160x32  status 2 it 1069 | nonorth 49.0 | T L2 3.393e-05 Linf 5.307e-05 @(120,0) | wall rows 5.307e-05, end cols 1.025e-06, interior 5.208e-05
mode 1 least_squares N=1  20x4   status 0 it  199 | nonorth 21.6 | T L2 1.124e-02 Linf 1.711e-02 @(13,3) | wall rows 1.711e-02, end cols 2.360e-03, interior 1.427e-02
mode 1 least_squares N=1  40x8   status 0 it  388 | nonorth 41.2 | T L2 9.914e-04 Linf 1.654e-03 @(13,7) | wall rows 1.654e-03, end cols 1.076e-04, interior 1.393e-03
mode 1 least_squares N=1  80x16  status 0 it  748 | nonorth 47.4 | T L2 3.920e-05 Linf 6.824e-05 @(52,0) | wall rows 6.824e-05, end cols 2.133e-06, interior 6.067e-05
mode 1 least_squares N=1 160x32  status 2 it 1074 | nonorth 49.0 | T L2 3.218e-05 Linf 5.032e-05 @(120,0) | wall rows 5.032e-05, end cols 9.720e-07, interior 4.937e-05
