=== t3_k_epsilon_48
  Re_tau (force balance, dp/dx over 0.7-0.9 L) 447.90 (DNS 180)
[turb 48x12 k_epsilon cartesian upwind] status 0 it 413 mass 3.65e-10 (1.3s)
  finite 1 | u_max(developed) 1.372511 | dp/dx -2.558884e-02 | v L2 1.935e-03 | column max|Q-Qin| 2.20e-09 (Qin 2.000000000)
  Re_tau (force balance, dp/dx over 0.7-0.9 L) 407.99 (DNS 180)
[turb 48x12 k_epsilon tilted-wall upwind] status 0 it 341 mass 6.39e-09 (1.9s)
  mesh: nonorth max 44.92 mean 14.81 skew max 0.102 mean 0.032 valid 1
  finite 1 | u_max(developed) 1.239400 | dp/dx -2.123200e-02 | v L2 6.916e-03 | column max|Q-Qin| 6.60e-09 (Qin 2.000000000)
  Re_tau (force balance, dp/dx over 0.7-0.9 L) 419.83 (DNS 180)
[turb 48x12 k_epsilon wall-orthogonal upwind] status 0 it 339 mass 9.50e-11 (1.9s)
  mesh: nonorth max 42.95 mean 10.36 skew max 0.128 mean 0.029 valid 1
  finite 1 | u_max(developed) 1.267157 | dp/dx -2.248191e-02 | v L2 4.121e-03 | column max|Q-Qin| 1.93e-10 (Qin 2.000000000)
=== t3_k_epsilon_96
  Re_tau (force balance, dp/dx over 0.7-0.9 L) 397.45 (DNS 180)
[turb 96x24 k_epsilon cartesian upwind] status 0 it 489 mass 4.70e-11 (8.3s)
  finite 1 | u_max(developed) 1.304713 | dp/dx -2.014869e-02 | v L2 2.151e-03 | column max|Q-Qin| 4.11e-09 (Qin 2.000000000)
  Re_tau (force balance, dp/dx over 0.7-0.9 L) 361.44 (DNS 180)
[turb 96x24 k_epsilon tilted-wall upwind] status 0 it 385 mass 2.04e-10 (12.2s)
  mesh: nonorth max 48.05 mean 15.50 skew max 0.052 mean 0.017 valid 1
  finite 1 | u_max(developed) 1.237884 | dp/dx -1.666339e-02 | v L2 3.094e-03 | column max|Q-Qin| 4.94e-10 (Qin 2.000000000)
  Re_tau (force balance, dp/dx over 0.7-0.9 L) 383.49 (DNS 180)
[turb 96x24 k_epsilon wall-orthogonal upwind] status 0 it 386 mass 2.91e-10 (11.5s)
  mesh: nonorth max 47.55 mean 10.75 skew max 0.069 mean 0.016 valid 1
  finite 1 | u_max(developed) 1.261685 | dp/dx -1.875844e-02 | v L2 2.206e-03 | column max|Q-Qin| 3.65e-10 (Qin 2.000000000)
=== t3_sst_48
  Re_tau (force balance, dp/dx over 0.7-0.9 L) 322.75 (DNS 180)
[turb 48x12 sst cartesian upwind] status 0 it 3093 mass 3.09e-11 (11.0s)
  finite 1 | u_max(developed) 1.236755 | dp/dx -1.328679e-02 | v L2 2.564e-03 | column max|Q-Qin| 2.33e-10 (Qin 2.000000000)
  Re_tau (force balance, dp/dx over 0.7-0.9 L) 351.74 (DNS 180)
[turb 48x12 sst tilted-wall upwind] status 0 it 2936 mass 2.39e-09 (18.8s)
  mesh: nonorth max 44.92 mean 14.81 skew max 0.102 mean 0.032 valid 1
  finite 1 | u_max(developed) 1.166834 | dp/dx -1.578062e-02 | v L2 4.956e-03 | column max|Q-Qin| 3.35e-09 (Qin 2.000000000)
  Re_tau (force balance, dp/dx over 0.7-0.9 L) 307.58 (DNS 180)
[turb 48x12 sst wall-orthogonal upwind] status 0 it 3026 mass 4.53e-10 (18.9s)
  mesh: nonorth max 42.95 mean 10.36 skew max 0.128 mean 0.029 valid 1
  finite 1 | u_max(developed) 1.189021 | dp/dx -1.206693e-02 | v L2 2.747e-03 | column max|Q-Qin| 2.08e-09 (Qin 2.000000000)
=== t3_sst_96
  Re_tau (force balance, dp/dx over 0.7-0.9 L) 205.03 (DNS 180)
[turb 96x24 sst cartesian upwind] status 0 it 3483 mass 4.25e-09 (48.0s)
  finite 1 | u_max(developed) 1.131116 | dp/dx -5.361733e-03 | v L2 1.369e-03 | column max|Q-Qin| 4.25e-09 (Qin 2.000000000)
  Re_tau (force balance, dp/dx over 0.7-0.9 L) 220.63 (DNS 180)
[turb 96x24 sst tilted-wall upwind] status 0 it 4730 mass 1.22e-09 (103.5s)
  mesh: nonorth max 48.05 mean 15.50 skew max 0.052 mean 0.017 valid 1
  finite 1 | u_max(developed) 1.126187 | dp/dx -6.208686e-03 | v L2 1.952e-03 | column max|Q-Qin| 2.53e-09 (Qin 2.000000000)
  Re_tau (force balance, dp/dx over 0.7-0.9 L) 205.40 (DNS 180)
[turb 96x24 sst wall-orthogonal upwind] status 0 it 3531 mass 5.98e-09 (80.5s)
  mesh: nonorth max 47.55 mean 10.75 skew max 0.069 mean 0.016 valid 1
  finite 1 | u_max(developed) 1.122089 | dp/dx -5.381386e-03 | v L2 1.108e-03 | column max|Q-Qin| 6.06e-09 (Qin 2.000000000)
=== t4_k_epsilon_48
  Re_tau (force balance, dp/dx over 0.7-0.9 L) 448.17 (DNS 180)
[turb 48x12 k_epsilon tilted-uniform-spacing upwind] status 0 it 362 mass 8.52e-12 (2.0s)
  mesh: nonorth max 30.96 mean 13.25 skew max 0.080 mean 0.016 valid 1
  finite 1 | u_max(developed) 1.372675 | dp/dx -2.562000e-02 | v L2 1.975e-03 | column max|Q-Qin| 1.93e-10 (Qin 2.000000000)
=== t4_k_epsilon_96
  Re_tau (force balance, dp/dx over 0.7-0.9 L) 397.38 (DNS 180)
[turb 96x24 k_epsilon tilted-uniform-spacing upwind] status 0 it 422 mass 5.15e-09 (10.7s)
  mesh: nonorth max 31.85 mean 13.65 skew max 0.041 mean 0.008 valid 1
  finite 1 | u_max(developed) 1.304780 | dp/dx -2.014170e-02 | v L2 2.142e-03 | column max|Q-Qin| 5.55e-09 (Qin 2.000000000)
=== t4_sst_48
  Re_tau (force balance, dp/dx over 0.7-0.9 L) 333.33 (DNS 180)
[turb 48x12 sst tilted-uniform-spacing upwind] status 0 it 2624 mass 3.46e-10 (15.2s)
  mesh: nonorth max 30.96 mean 13.25 skew max 0.080 mean 0.016 valid 1
  finite 1 | u_max(developed) 1.247645 | dp/dx -1.417204e-02 | v L2 2.529e-03 | column max|Q-Qin| 2.41e-09 (Qin 2.000000000)
=== t4_sst_96
  Re_tau (force balance, dp/dx over 0.7-0.9 L) 204.18 (DNS 180)
[turb 96x24 sst tilted-uniform-spacing upwind] status 0 it 2896 mass 2.68e-09 (63.4s)
  mesh: nonorth max 31.85 mean 13.65 skew max 0.041 mean 0.008 valid 1
  finite 1 | u_max(developed) 1.140435 | dp/dx -5.317760e-03 | v L2 1.271e-03 | column max|Q-Qin| 3.53e-09 (Qin 2.000000000)
