$ cfdapp --case cases/poiseuille_distorted (copy)   [build/release, final P12-MESH-001 code]
CFDApp

Case: Distorted Poiseuille Flow Re=10 (structured_quad 64x8)
Mesh: 64 x 8
Solver: SIMPLE

Converged: yes
Iterations: 1071

U residual: 1.99963e-05
V residual: 5.89027e-06
P residual: 0.000199579
Continuity: 3.80508e-12
Mass imbalance: 8.52514e-12
NaN/Inf: no

Results:
  JSON:      /tmp/m1_case_final/results/metadata.json
  Residuals: /tmp/m1_case_final/results/residuals.csv
  CSV:       /tmp/m1_case_final/results/fields.csv
  VTK:       /tmp/m1_case_final/results/solution.vtk
exit 0
--- solution.vtk header
# vtk DataFile Version 3.0
CFDApp solution
ASCII
DATASET UNSTRUCTURED_GRID
POINTS 585 double
0.00000000000000000e+00 0.00000000000000000e+00 0
1.25000000000000000e-01 0.00000000000000000e+00 0
--- vertex (10,2) in mesh.json vs VTK point 2*65+10 (a displaced vertex)
mesh.json [1.2971396736825997, 0.28535533905932736]
vtk      1.29713967368259975e+00 2.85355339059327362e-01 0
