Total Tests: 1737
          Start 1713: CaseEditingTest.MeshEditRoundTripsThroughSaveReopenAndRunsThroughProjectRunner
  94/1737 Test #1713: CaseEditingTest.MeshEditRoundTripsThroughSaveReopenAndRunsThroughProjectRunner ...........................   Passed    2.01 sec
          Start 1735: CaseEditingTest.FullCaseCreationFromScratchValidatesSavesRunsAndMatchesCli
  99/1737 Test #1735: CaseEditingTest.FullCaseCreationFromScratchValidatesSavesRunsAndMatchesCli ...............................   Passed    0.97 sec
          Start 1734: CaseEditingTest.BoundaryEditRoundTripsThroughSaveReopenAndRuns
          Start 1733: CaseEditingTest.PhysicsEditRoundTripsThroughSaveReopenAndRuns
 115/1737 Test #1734: CaseEditingTest.BoundaryEditRoundTripsThroughSaveReopenAndRuns ...........................................   Passed    0.68 sec
          Start 1732: CaseEditingTest.ValidatedEditSavesAndRunsThroughTheSamePipelineAsCli
 122/1737 Test #1733: CaseEditingTest.PhysicsEditRoundTripsThroughSaveReopenAndRuns ............................................   Passed    0.59 sec
 127/1737 Test #1732: CaseEditingTest.ValidatedEditSavesAndRunsThroughTheSamePipelineAsCli .....................................   Passed    0.60 sec
          Start  835: ResidualTrend.DisabledDetectionNeverStops
 136/1737 Test  #835: ResidualTrend.DisabledDetectionNeverStops ................................................................   Passed    0.05 sec
          Start  846: AdaptiveRelaxation.DisabledPreservesFixedAlpha
          Start 1726: CaseEditingTest.ValidateDraftNeverMutatesTheOpenedCaseDirectoryOnDisk
 215/1737 Test  #846: AdaptiveRelaxation.DisabledPreservesFixedAlpha ...........................................................   Passed    0.28 sec
 222/1737 Test #1726: CaseEditingTest.ValidateDraftNeverMutatesTheOpenedCaseDirectoryOnDisk ....................................   Passed    0.36 sec
          Start  848: SolverRobustnessSettingsTest.DefaultsAreValidAndDisabled
 277/1737 Test  #848: SolverRobustnessSettingsTest.DefaultsAreValidAndDisabled .................................................   Passed    0.31 sec
          Start  224: LinearFallbackTest.DisabledPropagatesFailure
 412/1737 Test  #224: LinearFallbackTest.DisabledPropagatesFailure .............................................................   Passed    0.30 sec
          Start 1371: SIMPLEGpuResidencyTest.DisabledByDefaultIssuesNoGpuActivity
 450/1737 Test #1371: SIMPLEGpuResidencyTest.DisabledByDefaultIssuesNoGpuActivity ..............................................   Passed    0.25 sec
          Start 1712: CaseEditingTest.SetMeshAndGeometryCommitsAndEmitsCaseChanged
          Start 1716: CaseEditingTest.SetBoundaryConfigOnlyKeepsTheFourCanonicalPatches
          Start 1719: CaseEditingTest.SetCaseMetadataUpdatesNameAndDescriptionOnly
          Start 1728: CaseEditingTest.TypeHasValueMatchesTheDocumentedSubsetOnly
          Start 1724: CaseEditingTest.ValidationIssuesCarriesOneStructuredEntryWhenInvalid
          Start 1729: CaseEditingTest.MeshCellInfoComputesCountAndSpacing
          Start 1714: CaseEditingTest.SetOnAnUnloadedControllerIsANoOp
          Start 1723: CaseEditingTest.ValidationIssuesIsEmptyWhenValid
          Start 1722: CaseEditingTest.ValidateDraftExtractsTheOffendingFieldName
          Start 1720: CaseEditingTest.ValidateDraftOnAValidOpenedCaseReportsValid
          Start 1717: CaseEditingTest.SetSolverConfigRoundTripsToleranceAndLinearSolver
          Start 1710: CaseEditingTest.GettersReflectTheOpenedCaseBeforeAnyEdit
          Start 1730: CaseEditingTest.MeshCellInfoNeverDividesByZero
          Start 1715: CaseEditingTest.SetPhysicsConfigRoundTripsAThermalBlock
          Start 1721: CaseEditingTest.ValidateDraftOnAFreshEmptyCaseReportsInvalidWithASection
 477/1737 Test #1712: CaseEditingTest.SetMeshAndGeometryCommitsAndEmitsCaseChanged .............................................   Passed    0.28 sec
 478/1737 Test #1716: CaseEditingTest.SetBoundaryConfigOnlyKeepsTheFourCanonicalPatches ........................................   Passed    0.27 sec
 479/1737 Test #1719: CaseEditingTest.SetCaseMetadataUpdatesNameAndDescriptionOnly .............................................   Passed    0.27 sec
 480/1737 Test #1728: CaseEditingTest.TypeHasValueMatchesTheDocumentedSubsetOnly ...............................................   Passed    0.28 sec
 481/1737 Test #1729: CaseEditingTest.MeshCellInfoComputesCountAndSpacing ......................................................   Passed    0.26 sec
 482/1737 Test #1714: CaseEditingTest.SetOnAnUnloadedControllerIsANoOp .........................................................   Passed    0.26 sec
 484/1737 Test #1724: CaseEditingTest.ValidationIssuesCarriesOneStructuredEntryWhenInvalid .....................................   Passed    0.34 sec
 485/1737 Test #1723: CaseEditingTest.ValidationIssuesIsEmptyWhenValid .........................................................   Passed    0.30 sec
 486/1737 Test #1722: CaseEditingTest.ValidateDraftExtractsTheOffendingFieldName ...............................................   Passed    0.31 sec
 487/1737 Test #1720: CaseEditingTest.ValidateDraftOnAValidOpenedCaseReportsValid ..............................................   Passed    0.32 sec
 488/1737 Test #1717: CaseEditingTest.SetSolverConfigRoundTripsToleranceAndLinearSolver ........................................   Passed    0.31 sec
 489/1737 Test #1710: CaseEditingTest.GettersReflectTheOpenedCaseBeforeAnyEdit .................................................   Passed    0.31 sec
 490/1737 Test #1730: CaseEditingTest.MeshCellInfoNeverDividesByZero ...........................................................   Passed    0.31 sec
 491/1737 Test #1715: CaseEditingTest.SetPhysicsConfigRoundTripsAThermalBlock ..................................................   Passed    0.30 sec
 492/1737 Test #1721: CaseEditingTest.ValidateDraftOnAFreshEmptyCaseReportsInvalidWithASection .................................   Passed    0.29 sec
          Start  662: MultiphaseCaseTest.RejectsAlphaKeyWhenMultiphaseDisabled
 502/1737 Test  #662: MultiphaseCaseTest.RejectsAlphaKeyWhenMultiphaseDisabled .................................................   Passed    0.13 sec
          Start 1711: CaseEditingTest.GettersOnAnUnloadedControllerReturnEmptyMaps
 521/1737 Test #1711: CaseEditingTest.GettersOnAnUnloadedControllerReturnEmptyMaps .............................................   Passed    0.32 sec
          Start 1718: CaseEditingTest.SetInitialConditionsRoundTrips
          Start 1731: CaseEditingTest.MeshCellInfoFlagsALargeMesh
 551/1737 Test #1718: CaseEditingTest.SetInitialConditionsRoundTrips ...........................................................   Passed    0.29 sec
          Start 1727: CaseEditingTest.VocabularyListsMatchWhatBoundaryConfigParserAccepts
          Start 1725: CaseEditingTest.ValidateDraftWithNoCaseLoadedReportsInvalid
 561/1737 Test #1731: CaseEditingTest.MeshCellInfoFlagsALargeMesh ..............................................................   Passed    0.29 sec
          Start  647: SpeciesCaseTest.RejectsSpeciesKeyWhenSpeciesDisabled
 568/1737 Test #1727: CaseEditingTest.VocabularyListsMatchWhatBoundaryConfigParserAccepts ......................................   Passed    0.28 sec
 571/1737 Test #1725: CaseEditingTest.ValidateDraftWithNoCaseLoadedReportsInvalid ..............................................   Passed    0.29 sec
 582/1737 Test  #647: SpeciesCaseTest.RejectsSpeciesKeyWhenSpeciesDisabled .....................................................   Passed    0.31 sec
          Start  598: ThermalCaseTest.RejectsTemperatureKeyWhenThermalDisabled
 920/1737 Test  #598: ThermalCaseTest.RejectsTemperatureKeyWhenThermalDisabled .................................................   Passed    0.32 sec
          Start   82: StructuredQuadMesh.LatticeVerticesReproduceCartesianMesh
          Start   83: StructuredQuadMesh.TrapezoidGeometryIsExact
          Start   84: StructuredQuadMesh.DistortedMeshIsConservativeAndGenuinelyNonOrthogonal
          Start   85: StructuredQuadMesh.CarriesItsVertexGrid
          Start   86: StructuredQuadMesh.CartesianMeshCarriesItsLatticeGrid
          Start   87: StructuredQuadMesh.MeshWithoutGridReportsNone
          Start   88: StructuredQuadMesh.MeshRejectsGridThatDoesNotMatchItsCells
          Start   89: StructuredQuadMesh.ConstructionIsDeterministic
          Start   90: StructuredQuadMesh.RejectsZeroCells
          Start   91: StructuredQuadMesh.RejectsWrongVertexCount
          Start   92: StructuredQuadMesh.RejectsNonFiniteVertex
          Start   93: StructuredQuadMesh.RejectsFoldedCells
          Start   94: StructuredQuadMesh.RejectsClockwiseCells
          Start   95: StructuredQuadMesh.RejectsNonConvexCell
          Start   96: StructuredQuadMesh.RejectsDegenerateCells
1648/1737 Test   #82: StructuredQuadMesh.LatticeVerticesReproduceCartesianMesh .................................................   Passed    0.32 sec
1649/1737 Test   #83: StructuredQuadMesh.TrapezoidGeometryIsExact ..............................................................   Passed    0.32 sec
1650/1737 Test   #84: StructuredQuadMesh.DistortedMeshIsConservativeAndGenuinelyNonOrthogonal ..................................   Passed    0.32 sec
1651/1737 Test   #85: StructuredQuadMesh.CarriesItsVertexGrid ..................................................................   Passed    0.32 sec
1652/1737 Test   #86: StructuredQuadMesh.CartesianMeshCarriesItsLatticeGrid ....................................................   Passed    0.31 sec
1653/1737 Test   #87: StructuredQuadMesh.MeshWithoutGridReportsNone ............................................................   Passed    0.31 sec
1654/1737 Test   #88: StructuredQuadMesh.MeshRejectsGridThatDoesNotMatchItsCells ...............................................   Passed    0.31 sec
1655/1737 Test   #89: StructuredQuadMesh.ConstructionIsDeterministic ...........................................................   Passed    0.31 sec
1656/1737 Test   #90: StructuredQuadMesh.RejectsZeroCells ......................................................................   Passed    0.32 sec
          Start  107: MeshValidity.EveryCartesianAndStructuredQuadMeshIsValid
1657/1737 Test   #91: StructuredQuadMesh.RejectsWrongVertexCount ...............................................................   Passed    0.31 sec
1658/1737 Test   #92: StructuredQuadMesh.RejectsNonFiniteVertex ................................................................   Passed    0.32 sec
1659/1737 Test   #93: StructuredQuadMesh.RejectsFoldedCells ....................................................................   Passed    0.32 sec
1660/1737 Test   #94: StructuredQuadMesh.RejectsClockwiseCells .................................................................   Passed    0.32 sec
          Start  748: StructuredQuadCase.ParsesVertices
1661/1737 Test   #95: StructuredQuadMesh.RejectsNonConvexCell ..................................................................   Passed    0.33 sec
          Start  749: StructuredQuadCase.CartesianMeshHasNoVerticesAndRejectsThem
1662/1737 Test   #96: StructuredQuadMesh.RejectsDegenerateCells ................................................................   Passed    0.32 sec
          Start  750: StructuredQuadCase.MissingVerticesAreRejected
          Start  751: StructuredQuadCase.WrongVertexCountIsRejected
          Start  752: StructuredQuadCase.MalformedVertexIsRejected
          Start  753: StructuredQuadCase.NonFiniteVertexIsRejected
          Start  754: StructuredQuadCase.BoundaryVertexOffTheRectangleIsRejected
          Start  755: StructuredQuadCase.NonMonotoneBoundaryEdgeIsRejected
          Start  756: StructuredQuadCase.BuilderConstructsTheVertexMesh
          Start  757: StructuredQuadCase.BuilderRejectsFoldedMesh
          Start  758: StructuredQuadCase.CartesianCaseBuildsTheUnchangedCartesianMesh
          Start  759: StructuredQuadCase.WriterRoundTripsVerticesExactly
          Start  760: StructuredQuadCase.WriterKeepsCartesianMeshFileUnchanged
1673/1737 Test  #107: MeshValidity.EveryCartesianAndStructuredQuadMeshIsValid ..................................................   Passed    0.33 sec
          Start  761: StructuredQuadCase.VtkPointsAreTheMeshVertices
          Start  762: StructuredQuadCase.CartesianVtkIsByteIdenticalToTheReconstructedPoints
          Start  763: StructuredQuadCase.ExportRejectsANonCartesianMeshWithoutGrid
          Start 1015: WallDistanceTest.ExactPerpendicularDistanceOnTiltedStructuredQuadMesh
1677/1737 Test  #748: StructuredQuadCase.ParsesVertices ........................................................................   Passed    0.31 sec
1678/1737 Test  #749: StructuredQuadCase.CartesianMeshHasNoVerticesAndRejectsThem ..............................................   Passed    0.31 sec
1679/1737 Test #1503: CavityGhiaValidation.Grid40x40ConvergesAndMatchesGhia ....................................................***Not Run (Disabled)   0.00 sec
1680/1737 Test #1504: CavityGhiaValidation.Grid80x80ConvergesAndMatchesGhia ....................................................***Not Run (Disabled)   0.00 sec
1681/1737 Test #1505: CavityGhiaValidation.GridConvergence .....................................................................***Not Run (Disabled)   0.00 sec
1682/1737 Test #1508: CavityGhiaValidation.Re100Grid40 .........................................................................***Not Run (Disabled)   0.00 sec
1683/1737 Test #1509: CavityGhiaValidation.Re100Grid80 .........................................................................***Not Run (Disabled)   0.00 sec
1684/1737 Test #1510: CavityGhiaValidation.Re100Grid160 ........................................................................***Not Run (Disabled)   0.00 sec
1685/1737 Test #1511: CavityGhiaValidation.Re1000Grid40 ........................................................................***Not Run (Disabled)   0.00 sec
1686/1737 Test #1512: CavityGhiaValidation.Re1000Grid80 ........................................................................***Not Run (Disabled)   0.00 sec
1687/1737 Test #1513: CavityGhiaValidation.Re1000Grid160 .......................................................................***Not Run (Disabled)   0.00 sec
1688/1737 Test #1514: CavityGhiaValidation.Re100Study ..........................................................................***Not Run (Disabled)   0.00 sec
1689/1737 Test #1515: CavityGhiaValidation.Re1000Study .........................................................................***Not Run (Disabled)   0.00 sec
1690/1737 Test #1521: SchemeValidation.AccuracyCostComparisonFull ..............................................................***Not Run (Disabled)   0.00 sec
1691/1737 Test #1525: PoiseuilleValidation.Grid128x16ConvergesAndMatchesAnalyticalProfile ......................................***Not Run (Disabled)   0.00 sec
1692/1737 Test #1526: PoiseuilleValidation.Grid256x32ConvergesAndMatchesAnalyticalProfile ......................................***Not Run (Disabled)   0.00 sec
1693/1737 Test #1555: NaturalConvectionValidation.Grid20x20MatchesDeVahlDavisRa1e3 .............................................***Not Run (Disabled)   0.00 sec
1694/1737 Test #1561: CaseLidDrivenCavityIntegrationTest.ProductionCaseLoadsBuildsAndConverges .................................***Not Run (Disabled)   0.00 sec
          Start 1595: StructuredQuadProductionCase.CommittedCaseIsAGenuinelyNonOrthogonalMesh
1695/1737 Test  #750: StructuredQuadCase.MissingVerticesAreRejected ............................................................   Passed    0.62 sec
          Start 1596: StructuredQuadProductionCase.DistortedPoiseuilleMatchesAnalyticalSolution
1696/1737 Test  #751: StructuredQuadCase.WrongVertexCountIsRejected ............................................................   Passed    0.62 sec
          Start 1597: StructuredQuadProductionCase.DistortedPoiseuilleGridConvergence
1697/1737 Test  #752: StructuredQuadCase.MalformedVertexIsRejected .............................................................   Passed    0.62 sec
          Start 1598: StructuredQuadProductionCase.LeastSquaresGradientMatchesAnalyticalSolution
1698/1737 Test  #753: StructuredQuadCase.NonFiniteVertexIsRejected .............................................................   Passed    0.62 sec
          Start 1599: StructuredQuadProductionCase.NonOrthogonalCorrectionIsActiveOnTheProductionPath
1699/1737 Test  #754: StructuredQuadCase.BoundaryVertexOffTheRectangleIsRejected ...............................................   Passed    0.62 sec
          Start 1600: StructuredQuadProductionCase.ThermalAndSpeciesMatchLinearProfilesOnDistortedSlab
1700/1737 Test  #755: StructuredQuadCase.NonMonotoneBoundaryEdgeIsRejected .....................................................   Passed    0.62 sec
          Start 1601: StructuredQuadProductionCase.CompressibleSimpleMatchesLubricationSolutionOnDistortedMesh
1701/1737 Test  #756: StructuredQuadCase.BuilderConstructsTheVertexMesh ........................................................   Passed    0.62 sec
          Start 1602: StructuredQuadProductionCase.KEpsilonChannelMatchesCartesianOnTiltedMesh
1702/1737 Test  #757: StructuredQuadCase.BuilderRejectsFoldedMesh ..............................................................   Passed    0.63 sec
          Start 1603: StructuredQuadProductionCase.SstChannelMatchesCartesianOnTiltedMesh
1703/1737 Test  #758: StructuredQuadCase.CartesianCaseBuildsTheUnchangedCartesianMesh ..........................................   Passed    0.63 sec
1704/1737 Test #1628: ChannelFlowValidation.KEpsilonFineConvergesAndMatchesLogLaw ..............................................***Not Run (Disabled)   0.00 sec
1705/1737 Test #1631: ChannelFlowValidation.KOmegaFineConvergesAndMatchesLogLaw ................................................***Not Run (Disabled)   0.00 sec
1706/1737 Test #1634: ChannelFlowValidation.SSTFineConvergesAndMatchesLogLaw ...................................................***Not Run (Disabled)   0.00 sec
1707/1737 Test #1635: ChannelFlowValidation.KEpsilonGridRefinementReducesReTauError ............................................***Not Run (Disabled)   0.00 sec
1708/1737 Test #1642: TurbulentChannelValidation.Study .........................................................................***Not Run (Disabled)   0.00 sec
1709/1737 Test #1689: SIMPLEMMS.FineGridStudy ..................................................................................***Not Run (Disabled)   0.00 sec
1710/1737 Test #1693: BackwardFacingStep.Converges .............................................................................***Not Run (Disabled)   0.00 sec
1711/1737 Test #1694: BackwardFacingStep.MassConservation ......................................................................***Not Run (Disabled)   0.00 sec
1712/1737 Test #1695: BackwardFacingStep.ReattachmentLength ....................................................................***Not Run (Disabled)   0.00 sec
          Start 1736: CaseEditingTest.StructuredQuadVerticesSurviveEditSaveReopen
1713/1737 Test  #759: StructuredQuadCase.WriterRoundTripsVerticesExactly .......................................................   Passed    0.83 sec
          Start 1737: CaseEditingTest.StructuredQuadResolutionChangeWithoutVerticesIsInvalid
1714/1737 Test  #760: StructuredQuadCase.WriterKeepsCartesianMeshFileUnchanged .................................................   Passed    0.82 sec
1715/1737 Test  #761: StructuredQuadCase.VtkPointsAreTheMeshVertices ...........................................................   Passed    0.82 sec
1716/1737 Test  #762: StructuredQuadCase.CartesianVtkIsByteIdenticalToTheReconstructedPoints ...................................   Passed    0.82 sec
1717/1737 Test  #763: StructuredQuadCase.ExportRejectsANonCartesianMeshWithoutGrid .............................................   Passed    0.83 sec
1718/1737 Test #1015: WallDistanceTest.ExactPerpendicularDistanceOnTiltedStructuredQuadMesh ....................................   Passed    0.83 sec
1720/1737 Test #1595: StructuredQuadProductionCase.CommittedCaseIsAGenuinelyNonOrthogonalMesh ..................................   Passed    0.53 sec
1721/1737 Test #1736: CaseEditingTest.StructuredQuadVerticesSurviveEditSaveReopen ..............................................   Passed    0.17 sec
1722/1737 Test #1737: CaseEditingTest.StructuredQuadResolutionChangeWithoutVerticesIsInvalid ...................................   Passed    0.17 sec
1723/1737 Test #1600: StructuredQuadProductionCase.ThermalAndSpeciesMatchLinearProfilesOnDistortedSlab .........................   Passed    2.67 sec
1724/1737 Test #1602: StructuredQuadProductionCase.KEpsilonChannelMatchesCartesianOnTiltedMesh .................................   Passed   44.03 sec
1725/1737 Test #1596: StructuredQuadProductionCase.DistortedPoiseuilleMatchesAnalyticalSolution ................................   Passed   49.49 sec
1726/1737 Test #1598: StructuredQuadProductionCase.LeastSquaresGradientMatchesAnalyticalSolution ...............................   Passed   50.24 sec
1730/1737 Test #1599: StructuredQuadProductionCase.NonOrthogonalCorrectionIsActiveOnTheProductionPath ..........................   Passed   87.68 sec
1732/1737 Test #1601: StructuredQuadProductionCase.CompressibleSimpleMatchesLubricationSolutionOnDistortedMesh .................   Passed  135.73 sec
1735/1737 Test #1597: StructuredQuadProductionCase.DistortedPoiseuilleGridConvergence ..........................................   Passed  238.57 sec
1736/1737 Test #1603: StructuredQuadProductionCase.SstChannelMatchesCartesianOnTiltedMesh ......................................   Passed  244.46 sec
100% tests passed, 0 tests failed out of 1712
Total Test time (real) = 845.14 sec
	1503 - CavityGhiaValidation.Grid40x40ConvergesAndMatchesGhia (Disabled)
	1504 - CavityGhiaValidation.Grid80x80ConvergesAndMatchesGhia (Disabled)
	1505 - CavityGhiaValidation.GridConvergence (Disabled)
	1508 - CavityGhiaValidation.Re100Grid40 (Disabled)
	1509 - CavityGhiaValidation.Re100Grid80 (Disabled)
	1510 - CavityGhiaValidation.Re100Grid160 (Disabled)
	1511 - CavityGhiaValidation.Re1000Grid40 (Disabled)
	1512 - CavityGhiaValidation.Re1000Grid80 (Disabled)
	1513 - CavityGhiaValidation.Re1000Grid160 (Disabled)
	1514 - CavityGhiaValidation.Re100Study (Disabled)
	1515 - CavityGhiaValidation.Re1000Study (Disabled)
	1521 - SchemeValidation.AccuracyCostComparisonFull (Disabled)
	1525 - PoiseuilleValidation.Grid128x16ConvergesAndMatchesAnalyticalProfile (Disabled)
	1526 - PoiseuilleValidation.Grid256x32ConvergesAndMatchesAnalyticalProfile (Disabled)
	1555 - NaturalConvectionValidation.Grid20x20MatchesDeVahlDavisRa1e3 (Disabled)
	1561 - CaseLidDrivenCavityIntegrationTest.ProductionCaseLoadsBuildsAndConverges (Disabled)
	1628 - ChannelFlowValidation.KEpsilonFineConvergesAndMatchesLogLaw (Disabled)
	1631 - ChannelFlowValidation.KOmegaFineConvergesAndMatchesLogLaw (Disabled)
	1634 - ChannelFlowValidation.SSTFineConvergesAndMatchesLogLaw (Disabled)
	1635 - ChannelFlowValidation.KEpsilonGridRefinementReducesReTauError (Disabled)
	1642 - TurbulentChannelValidation.Study (Disabled)
	1689 - SIMPLEMMS.FineGridStudy (Disabled)
	1693 - BackwardFacingStep.Converges (Disabled)
	1694 - BackwardFacingStep.MassConservation (Disabled)
	1695 - BackwardFacingStep.ReattachmentLength (Disabled)
debug ctest exit 0
--- debug build warnings (non-_deps)
/mnt/c/Users/Hasib/Desktop/CFDAPP/CFDApp/apps/gui/SimulationControllerEditing.cpp:83:36: warning: conversion from ‘qsizetype’ {aka ‘long long int’} to ‘int’ may change value [-Wconversion]
/mnt/c/Users/Hasib/Desktop/CFDAPP/CFDApp/apps/gui/SimulationControllerEditing.cpp:85:31: warning: conversion from ‘qsizetype’ {aka ‘long long int’} to ‘int’ may change value [-Wconversion]
/mnt/c/Users/Hasib/Desktop/CFDAPP/CFDApp/apps/gui/SimulationControllerEditing.cpp:86:38: warning: conversion from ‘qsizetype’ {aka ‘long long int’} to ‘int’ may change value [-Wconversion]
