memcheck   cavity2d         rc=0   non-vacuous  kernelLaunches=1000      ========= ERROR SUMMARY: 0 errors
memcheck   inletoutlet2d    rc=0   non-vacuous  kernelLaunches=1000      ========= ERROR SUMMARY: 0 errors
memcheck   case3d           rc=0   non-vacuous  kernelLaunches=2911      ========= ERROR SUMMARY: 0 errors
memcheck   schemes          rc=0   non-vacuous  kernelLaunches=4925      ========= ERROR SUMMARY: 0 errors
memcheck   nonorthogonal    rc=0   non-vacuous  kernelLaunches=5370      ========= ERROR SUMMARY: 0 errors
memcheck   gpusolver        rc=0   non-vacuous  kernelLaunches=37932     ========= ERROR SUMMARY: 0 errors
initcheck  cavity2d         rc=0   non-vacuous  kernelLaunches=1000      ========= ERROR SUMMARY: 0 errors
initcheck  inletoutlet2d    rc=0   non-vacuous  kernelLaunches=1000      ========= ERROR SUMMARY: 0 errors
initcheck  case3d           rc=0   non-vacuous  kernelLaunches=2911      ========= ERROR SUMMARY: 0 errors
initcheck  schemes          rc=0   non-vacuous  kernelLaunches=4925      ========= ERROR SUMMARY: 0 errors
initcheck  nonorthogonal    rc=0   non-vacuous  kernelLaunches=5370      ========= ERROR SUMMARY: 0 errors
initcheck  gpusolver        rc=0   non-vacuous  kernelLaunches=37932     ========= ERROR SUMMARY: 0 errors
synccheck  cavity2d         rc=0   non-vacuous  kernelLaunches=1000      ========= ERROR SUMMARY: 0 errors
synccheck  inletoutlet2d    rc=0   non-vacuous  kernelLaunches=1000      ========= ERROR SUMMARY: 0 errors
synccheck  case3d           rc=0   non-vacuous  kernelLaunches=2911      ========= ERROR SUMMARY: 0 errors
synccheck  schemes          rc=0   non-vacuous  kernelLaunches=4925      ========= ERROR SUMMARY: 0 errors
synccheck  nonorthogonal    rc=0   non-vacuous  kernelLaunches=5370      ========= ERROR SUMMARY: 0 errors
synccheck  gpusolver        rc=0   non-vacuous  kernelLaunches=37932     ========= ERROR SUMMARY: 0 errors
racecheck  cavity2d         rc=0   non-vacuous  kernelLaunches=1000      ========= RACECHECK SUMMARY: 0 hazards displayed (0 errors, 0 warnings)
racecheck  inletoutlet2d    rc=0   non-vacuous  kernelLaunches=1000      ========= RACECHECK SUMMARY: 0 hazards displayed (0 errors, 0 warnings)
racecheck  case3d           rc=0   non-vacuous  kernelLaunches=2911      ========= RACECHECK SUMMARY: 0 hazards displayed (0 errors, 0 warnings)
racecheck  schemes          rc=0   non-vacuous  kernelLaunches=4925      ========= RACECHECK SUMMARY: 0 hazards displayed (0 errors, 0 warnings)
racecheck  nonorthogonal    rc=0   non-vacuous  kernelLaunches=5370      ========= RACECHECK SUMMARY: 0 hazards displayed (0 errors, 0 warnings)
racecheck  gpusolver        rc=0   non-vacuous  kernelLaunches=37932     ========= RACECHECK SUMMARY: 0 hazards displayed (0 errors, 0 warnings)

CUDA DIAGNOSTICS: all tools clean and non-vacuous over the full workload matrix
