  mutated: DETECTED
  restored: sha-match=True repass=True  ok  [68s]
=== rl8_resident_loop_disabled (detect) ===
  mutated: DETECTED
  restored: sha-match=True repass=True  ok  [67s]
=== rl9_backend_condition_dropped (detect) ===
  mutated: DETECTED
  restored: sha-match=True repass=True  ok  [68s]
=== rl10_laminar_condition_dropped (detect) ===
  mutated: DETECTED
  restored: sha-match=True repass=True  ok  [67s]

=== GPU-PIPE-001 final residency negative controls ===
  rl1_wrong_resident_component                         detect  DETECTED      sha=True repass=True  ok
  rl2_momentum_rhs_not_copied                          detect  DETECTED      sha=True repass=True  ok
  rl3_momentum_guess_zeroed                            detect  DETECTED      sha=True repass=True  ok
  rl4_predictor_wrong_component                        detect  DETECTED      sha=True repass=True  ok
  rl5_krylov_guess_not_reset                           detect  DETECTED      sha=True repass=True  ok
  rl12_momentum_assembly_skipped                       detect  DETECTED      sha=True repass=True  ok
  rl11_2d_w_predictor_fill_removed                     detect  DETECTED      sha=True repass=True  ok
  rl6_velocity_authority_not_marked                    detect  UNDETECTED    sha=True repass=True  GAP
  rl7_velocity_redownloaded_every_iteration            detect  DETECTED      sha=True repass=True  ok
  rl8_resident_loop_disabled                           detect  DETECTED      sha=True repass=True  ok
  rl9_backend_condition_dropped                        detect  DETECTED      sha=True repass=True  ok
  rl10_laminar_condition_dropped                       detect  DETECTED      sha=True repass=True  ok

observable controls:          12
detected observable controls: 11/12
documented null controls:     0
RESULT: FAIL
