       [quad translated/dirichlet sweeps=no  skewedFaces=0     obliqueFaces=0     claims=64    boundaryTransfer=no  resident=93192 B]
       [quad translated/neumann   sweeps=no  skewedFaces=0     obliqueFaces=0     claims=64    boundaryTransfer=no  resident=93192 B]
       [quad translated/mixed     sweeps=no  skewedFaces=0     obliqueFaces=0     claims=64    boundaryTransfer=no  resident=93192 B]
  PASS quad translated        dirichlet constant      cells=256    |grad|max=48          diff=0      maxAbs=0          maxRel=0          L2=0          bcells=60
  PASS quad translated        neumann   constant      cells=256    |grad|max=0.1667      diff=0      maxAbs=0          maxRel=0          L2=0          bcells=60
  PASS quad translated        mixed     constant      cells=256    |grad|max=48          diff=0      maxAbs=0          maxRel=0          L2=0          bcells=60
  PASS quad translated        dirichlet linear        cells=256    |grad|max=5.068e+04   diff=0      maxAbs=0          maxRel=0          L2=0          bcells=60
  PASS quad translated        neumann   linear        cells=256    |grad|max=2           diff=0      maxAbs=0          maxRel=0          L2=0          bcells=60
  PASS quad translated        mixed     linear        cells=256    |grad|max=5.067e+04   diff=0      maxAbs=0          maxRel=0          L2=0          bcells=60
  PASS quad translated        dirichlet quadratic     cells=256    |grad|max=2.671e+07   diff=0      maxAbs=0          maxRel=0          L2=0          bcells=60
  PASS quad translated        neumann   quadratic     cells=256    |grad|max=2127        diff=0      maxAbs=0          maxRel=0          L2=0          bcells=60
  PASS quad translated        mixed     quadratic     cells=256    |grad|max=2.671e+07   diff=0      maxAbs=0          maxRel=0          L2=0          bcells=60
  PASS quad translated        dirichlet manufactured  cells=256    |grad|max=74.26       diff=0      maxAbs=0          maxRel=0          L2=0          bcells=60
  PASS quad translated        neumann   manufactured  cells=256    |grad|max=3.091       diff=0      maxAbs=0          maxRel=0          L2=0          bcells=60
  PASS quad translated        mixed     manufactured  cells=256    |grad|max=40.61       diff=0      maxAbs=0          maxRel=0          L2=0          bcells=60
       [distorted q16/dirichlet sweeps=yes skewedFaces=480   obliqueFaces=0     claims=64    boundaryTransfer=yes resident=112392 B]
       [distorted q16/neumann   sweeps=yes skewedFaces=480   obliqueFaces=64    claims=64    boundaryTransfer=yes resident=115976 B]
       [distorted q16/mixed     sweeps=yes skewedFaces=480   obliqueFaces=32    claims=64    boundaryTransfer=yes resident=114184 B]
  PASS distorted q16          dirichlet constant      cells=256    |grad|max=53.27       diff=0      maxAbs=0          maxRel=0          L2=0          bcells=60
  PASS distorted q16          neumann   constant      cells=256    |grad|max=0.1677      diff=0      maxAbs=0          maxRel=0          L2=0          bcells=60
  PASS distorted q16          mixed     constant      cells=256    |grad|max=53.27       diff=0      maxAbs=0          maxRel=0          L2=0          bcells=60
  PASS distorted q16          dirichlet linear        cells=256    |grad|max=74.6        diff=0      maxAbs=0          maxRel=0          L2=0          bcells=60
  PASS distorted q16          neumann   linear        cells=256    |grad|max=2.009       diff=0      maxAbs=0          maxRel=0          L2=0          bcells=60
  PASS distorted q16          mixed     linear        cells=256    |grad|max=40.93       diff=0      maxAbs=0          maxRel=0          L2=0          bcells=60
  PASS distorted q16          dirichlet quadratic     cells=256    |grad|max=41.09       diff=0      maxAbs=0          maxRel=0          L2=0          bcells=60
  PASS distorted q16          neumann   quadratic     cells=256    |grad|max=3.617       diff=0      maxAbs=0          maxRel=0          L2=0          bcells=60
  PASS distorted q16          mixed     quadratic     cells=256    |grad|max=41.09       diff=0      maxAbs=0          maxRel=0          L2=0          bcells=60
  PASS distorted q16          dirichlet manufactured  cells=256    |grad|max=78.15       diff=0      maxAbs=0          maxRel=0          L2=0          bcells=60
  PASS distorted q16          neumann   manufactured  cells=256    |grad|max=3.1         diff=0      maxAbs=0          maxRel=0          L2=0          bcells=60
  PASS distorted q16          mixed     manufactured  cells=256    |grad|max=41.85       diff=0      maxAbs=0          maxRel=0          L2=0          bcells=60
       [q16 translated/dirichlet sweeps=yes skewedFaces=480   obliqueFaces=0     claims=64    boundaryTransfer=yes resident=112392 B]
       [q16 translated/neumann   sweeps=yes skewedFaces=480   obliqueFaces=64    claims=64    boundaryTransfer=yes resident=115976 B]
       [q16 translated/mixed     sweeps=yes skewedFaces=480   obliqueFaces=32    claims=64    boundaryTransfer=yes resident=114184 B]
  PASS q16 translated         dirichlet constant      cells=256    |grad|max=53.27       diff=0      maxAbs=0          maxRel=0          L2=0          bcells=60
  PASS q16 translated         neumann   constant      cells=256    |grad|max=0.1677      diff=0      maxAbs=0          maxRel=0          L2=0          bcells=60
  PASS q16 translated         mixed     constant      cells=256    |grad|max=53.27       diff=0      maxAbs=0          maxRel=0          L2=0          bcells=60
  PASS q16 translated         dirichlet linear        cells=256    |grad|max=5.624e+04   diff=0      maxAbs=0          maxRel=0          L2=0          bcells=60
  PASS q16 translated         neumann   linear        cells=256    |grad|max=2.009       diff=0      maxAbs=0          maxRel=0          L2=0          bcells=60
  PASS q16 translated         mixed     linear        cells=256    |grad|max=5.623e+04   diff=0      maxAbs=0          maxRel=0          L2=0          bcells=60
  PASS q16 translated         dirichlet quadratic     cells=256    |grad|max=2.963e+07   diff=0      maxAbs=0          maxRel=0          L2=0          bcells=60
  PASS q16 translated         neumann   quadratic     cells=256    |grad|max=2135        diff=0      maxAbs=0          maxRel=0          L2=0          bcells=60
  PASS q16 translated         mixed     quadratic     cells=256    |grad|max=2.963e+07   diff=0      maxAbs=0          maxRel=0          L2=0          bcells=60
  PASS q16 translated         dirichlet manufactured  cells=256    |grad|max=78.15       diff=0      maxAbs=0          maxRel=0          L2=0          bcells=60
  PASS q16 translated         neumann   manufactured  cells=256    |grad|max=3.1         diff=0      maxAbs=0          maxRel=0          L2=0          bcells=60
  PASS q16 translated         mixed     manufactured  cells=256    |grad|max=41.85       diff=0      maxAbs=0          maxRel=0          L2=0          bcells=60
       [sheared 0.35/dirichlet sweeps=yes skewedFaces=367   obliqueFaces=0     claims=64    boundaryTransfer=yes resident=107872 B]
       [sheared 0.35/neumann   sweeps=yes skewedFaces=367   obliqueFaces=64    claims=64    boundaryTransfer=yes resident=111456 B]
       [sheared 0.35/mixed     sweeps=yes skewedFaces=367   obliqueFaces=32    claims=64    boundaryTransfer=yes resident=109664 B]
  PASS sheared 0.35           dirichlet constant      cells=256    |grad|max=60.86       diff=0      maxAbs=0          maxRel=0          L2=0          bcells=60
  PASS sheared 0.35           neumann   constant      cells=256    |grad|max=0.1736      diff=0      maxAbs=0          maxRel=0          L2=0          bcells=60
  PASS sheared 0.35           mixed     constant      cells=256    |grad|max=60.86       diff=0      maxAbs=0          maxRel=0          L2=0          bcells=60
  PASS sheared 0.35           dirichlet linear        cells=256    |grad|max=86.13       diff=0      maxAbs=0          maxRel=0          L2=0          bcells=60
  PASS sheared 0.35           neumann   linear        cells=256    |grad|max=2.012       diff=0      maxAbs=0          maxRel=0          L2=0          bcells=60
  PASS sheared 0.35           mixed     linear        cells=256    |grad|max=49.44       diff=0      maxAbs=0          maxRel=0          L2=0          bcells=60
  PASS sheared 0.35           dirichlet quadratic     cells=256    |grad|max=50.7        diff=0      maxAbs=0          maxRel=0          L2=0          bcells=60
  PASS sheared 0.35           neumann   quadratic     cells=256    |grad|max=3.591       diff=0      maxAbs=0          maxRel=0          L2=0          bcells=60
  PASS sheared 0.35           mixed     quadratic     cells=256    |grad|max=50.7        diff=0      maxAbs=0          maxRel=0          L2=0          bcells=60
  PASS sheared 0.35           dirichlet manufactured  cells=256    |grad|max=74.28       diff=0      maxAbs=0          maxRel=0          L2=0          bcells=60
  PASS sheared 0.35           neumann   manufactured  cells=256    |grad|max=3.092       diff=0      maxAbs=0          maxRel=0          L2=0          bcells=60
  PASS sheared 0.35           mixed     manufactured  cells=256    |grad|max=48.37       diff=0      maxAbs=0          maxRel=0          L2=0          bcells=60
       [planar skew 3d 6/dirichlet sweeps=yes skewedFaces=522   obliqueFaces=0     claims=216   boundaryTransfer=yes resident=153944 B]
       [planar skew 3d 6/neumann   sweeps=yes skewedFaces=522   obliqueFaces=216   claims=216   boundaryTransfer=yes resident=166040 B]
       [planar skew 3d 6/mixed     sweeps=yes skewedFaces=522   obliqueFaces=108   claims=216   boundaryTransfer=yes resident=159992 B]
  PASS planar skew 3d 6       dirichlet constant      cells=216    |grad|max=17.71       diff=0      maxAbs=0          maxRel=0          L2=0          bcells=152
  PASS planar skew 3d 6       neumann   constant      cells=216    |grad|max=0.1727      diff=0      maxAbs=0          maxRel=0          L2=0          bcells=152
  PASS planar skew 3d 6       mixed     constant      cells=216    |grad|max=17.71       diff=0      maxAbs=0          maxRel=0          L2=0          bcells=152
  PASS planar skew 3d 6       dirichlet linear        cells=216    |grad|max=34.57       diff=0      maxAbs=0          maxRel=0          L2=0          bcells=152
  PASS planar skew 3d 6       neumann   linear        cells=216    |grad|max=2.003       diff=0      maxAbs=0          maxRel=0          L2=0          bcells=152
  PASS planar skew 3d 6       mixed     linear        cells=216    |grad|max=27.26       diff=0      maxAbs=0          maxRel=0          L2=0          bcells=152
  PASS planar skew 3d 6       dirichlet quadratic     cells=216    |grad|max=26.19       diff=0      maxAbs=0          maxRel=0          L2=0          bcells=152
  PASS planar skew 3d 6       neumann   quadratic     cells=216    |grad|max=3.035       diff=0      maxAbs=0          maxRel=0          L2=0          bcells=152
  PASS planar skew 3d 6       mixed     quadratic     cells=216    |grad|max=23.77       diff=0      maxAbs=0          maxRel=0          L2=0          bcells=152
  PASS planar skew 3d 6       dirichlet manufactured  cells=216    |grad|max=40.93       diff=0      maxAbs=0          maxRel=0          L2=0          bcells=152
  PASS planar skew 3d 6       neumann   manufactured  cells=216    |grad|max=3.668       diff=0      maxAbs=0          maxRel=0          L2=0          bcells=152
  PASS planar skew 3d 6       mixed     manufactured  cells=216    |grad|max=32.56       diff=0      maxAbs=0          maxRel=0          L2=0          bcells=152
       [warped 3d 6/dirichlet sweeps=yes skewedFaces=540   obliqueFaces=0     claims=216   boundaryTransfer=yes resident=154664 B]
       [warped 3d 6/neumann   sweeps=yes skewedFaces=540   obliqueFaces=216   claims=216   boundaryTransfer=yes resident=166760 B]
       [warped 3d 6/mixed     sweeps=yes skewedFaces=540   obliqueFaces=108   claims=216   boundaryTransfer=yes resident=160712 B]
  PASS warped 3d 6            dirichlet constant      cells=216    |grad|max=17.96       diff=0      maxAbs=0          maxRel=0          L2=0          bcells=152
  PASS warped 3d 6            neumann   constant      cells=216    |grad|max=0.1689      diff=0      maxAbs=0          maxRel=0          L2=0          bcells=152
  PASS warped 3d 6            mixed     constant      cells=216    |grad|max=17.96       diff=0      maxAbs=0          maxRel=0          L2=0          bcells=152
  PASS warped 3d 6            dirichlet linear        cells=216    |grad|max=29.1        diff=0      maxAbs=0          maxRel=0          L2=0          bcells=152
  PASS warped 3d 6            neumann   linear        cells=216    |grad|max=2.008       diff=0      maxAbs=0          maxRel=0          L2=0          bcells=152
  PASS warped 3d 6            mixed     linear        cells=216    |grad|max=29.01       diff=0      maxAbs=0          maxRel=0          L2=0          bcells=152
  PASS warped 3d 6            dirichlet quadratic     cells=216    |grad|max=25.83       diff=0      maxAbs=0          maxRel=0          L2=0          bcells=152
  PASS warped 3d 6            neumann   quadratic     cells=216    |grad|max=2.965       diff=0      maxAbs=0          maxRel=0          L2=0          bcells=152
  PASS warped 3d 6            mixed     quadratic     cells=216    |grad|max=23.76       diff=0      maxAbs=0          maxRel=0          L2=0          bcells=152
  PASS warped 3d 6            dirichlet manufactured  cells=216    |grad|max=36.93       diff=0      maxAbs=0          maxRel=0          L2=0          bcells=152
  PASS warped 3d 6            neumann   manufactured  cells=216    |grad|max=3.608       diff=0      maxAbs=0          maxRel=0          L2=0          bcells=152
  PASS warped 3d 6            mixed     manufactured  cells=216    |grad|max=33.05       diff=0      maxAbs=0          maxRel=0          L2=0          bcells=152
