# k11_boundary_branch_instead_of_arithmetic  (expectation: detect)
# a Neumann-like boundary face SHORT-CIRCUITED rather than evaluated -- numerically the same answer, but it preserves a -0.0 predictor the production arithmetic would have turned into +0.0
# mutation applied to cuda/kernels/DeviceFaceFluxCorrectionKernel.cu
# --- anchor ---
  const Real fluxCorrection = faceCoefficient[f] * (pOwner - pNeighbor);
  Real value = predictorMassFlux[f] + fluxCorrection;
# --- became ---
  const Real fluxCorrection = faceCoefficient[f] * (pOwner - pNeighbor);
  Real value = faceCoefficient[f] == 0.0 ? predictorMassFlux[f]
                                        : predictorMassFlux[f] + fluxCorrection;
# verdict: DETECTED (exit 1)

=== GPU-DISC-001K: CUDA face-flux correction vs CPU (bitwise) ===
CPU reference: pressure_velocity::correctFaceMassFlux

       [distorted q16/all-Neumann pin=yes fixedValueFaces=0]
  FAIL distorted q16  all-Neumann    zero        mixed     uniform               jump[d=0] inc[d=0] flux[d=13] bnd[e=0] maxAbs=0          scaleF=1.3
  FAIL distorted q16  all-Neumann    zero        mixed     nonuniform            jump[d=0] inc[d=0] flux[d=13] bnd[e=0] maxAbs=0          scaleF=1.3
  FAIL distorted q16  all-Neumann    uniform     mixed     uniform               jump[d=0] inc[d=0] flux[d=13] bnd[e=0] maxAbs=0          scaleF=1.3
  FAIL distorted q16  all-Neumann    uniform     mixed     nonuniform            jump[d=0] inc[d=0] flux[d=13] bnd[e=0] maxAbs=0          scaleF=1.3
  FAIL distorted q16  all-Neumann    linear      mixed     uniform               jump[d=0] inc[d=0] flux[d=8] bnd[e=0] maxAbs=0          scaleF=5.791
  FAIL distorted q16  all-Neumann    linear      mixed     nonuniform            jump[d=0] inc[d=0] flux[d=8] bnd[e=0] maxAbs=0          scaleF=10.13
  FAIL distorted q16  all-Neumann    nonuniform  mixed     uniform               jump[d=0] inc[d=0] flux[d=6] bnd[e=0] maxAbs=0          scaleF=48.26
  FAIL distorted q16  all-Neumann    nonuniform  mixed     nonuniform            jump[d=0] inc[d=0] flux[d=6] bnd[e=0] maxAbs=0          scaleF=101.3
  FAIL distorted q16  all-Neumann    negative    mixed     uniform               jump[d=0] inc[d=0] flux[d=7] bnd[e=0] maxAbs=0          scaleF=47.53
  FAIL distorted q16  all-Neumann    negative    mixed     nonuniform            jump[d=0] inc[d=0] flux[d=7] bnd[e=0] maxAbs=0          scaleF=101.3
  PASS L3 distorted q16  all-Neumann    swirl     all[4.427e-18->4.427e-18] solved[4.436e-18->4.436e-18 x1] pin=yes solve[it=0 r=7.08e-17] pairs=480 errors=0
  PASS L3 distorted q16  all-Neumann    mixed     all[1.534->0.8219] solved[1.533->1.245e-13 x8.12e-14] pin=yes solve[it=122 r=1.56e-13] pairs=480 errors=0
       [distorted q16/mixed pin=no fixedValueFaces=32]
  FAIL distorted q16  mixed          zero        mixed     uniform               jump[d=0] inc[d=0] flux[d=7] bnd[e=0] maxAbs=0          scaleF=1.3
  FAIL distorted q16  mixed          zero        mixed     nonuniform            jump[d=0] inc[d=0] flux[d=7] bnd[e=0] maxAbs=0          scaleF=1.3
  FAIL distorted q16  mixed          uniform     mixed     uniform               jump[d=0] inc[d=0] flux[d=7] bnd[e=0] maxAbs=0          scaleF=318.4
  FAIL distorted q16  mixed          uniform     mixed     nonuniform            jump[d=0] inc[d=0] flux[d=7] bnd[e=0] maxAbs=0          scaleF=310.4
  FAIL distorted q16  mixed          linear      mixed     uniform               jump[d=0] inc[d=0] flux[d=5] bnd[e=0] maxAbs=0          scaleF=136.6
  FAIL distorted q16  mixed          linear      mixed     nonuniform            jump[d=0] inc[d=0] flux[d=5] bnd[e=0] maxAbs=0          scaleF=142.4
  FAIL distorted q16  mixed          nonuniform  mixed     uniform               jump[d=0] inc[d=0] flux[d=2] bnd[e=0] maxAbs=0          scaleF=474.2
  FAIL distorted q16  mixed          nonuniform  mixed     nonuniform            jump[d=0] inc[d=0] flux[d=2] bnd[e=0] maxAbs=0          scaleF=335.4
  FAIL distorted q16  mixed          negative    mixed     uniform               jump[d=0] inc[d=0] flux[d=5] bnd[e=0] maxAbs=0          scaleF=474.2
  FAIL distorted q16  mixed          negative    mixed     nonuniform            jump[d=0] inc[d=0] flux[d=5] bnd[e=0] maxAbs=0          scaleF=334.5
  PASS L3 distorted q16  mixed          swirl     all[4.427e-18->4.427e-18] solved[4.427e-18->4.427e-18 x1] pin=no solve[it=0 r=7.08e-17] pairs=480 errors=0
  FAIL L3 distorted q16  mixed          mixed     all[1.534->1.513e-14] solved[1.534->1.513e-14 x9.87e-15] pin=no solve[it=89 r=2.4e-13] pairs=480 errors=1
       [distorted q16/all-FixedValue pin=no fixedValueFaces=64]
  PASS L3 distorted q16  all-FixedValue swirl     all[4.427e-18->4.427e-18] solved[4.427e-18->4.427e-18 x1] pin=no solve[it=0 r=7.08e-17] pairs=480 errors=0
  PASS L3 distorted q16  all-FixedValue mixed     all[1.534->3.692e-15] solved[1.534->3.692e-15 x2.41e-15] pin=no solve[it=79 r=5.66e-14] pairs=480 errors=0
  PASS L4a distorted q16  controlled p' differing=0 maxAbs=0          scale=6.141
       [warped 3d 3/all-Neumann pin=yes fixedValueFaces=0]
  FAIL warped 3d 3    all-Neumann    zero        mixed     uniform               jump[d=0] inc[d=0] flux[d=10] bnd[e=0] maxAbs=0          scaleF=1.3
  FAIL warped 3d 3    all-Neumann    zero        mixed     nonuniform            jump[d=0] inc[d=0] flux[d=10] bnd[e=0] maxAbs=0          scaleF=1.3
  FAIL warped 3d 3    all-Neumann    zero        swirl     uniform               jump[d=0] inc[d=0] flux[d=2] bnd[e=0] maxAbs=0          scaleF=0.03987
  FAIL warped 3d 3    all-Neumann    zero        swirl     nonuniform            jump[d=0] inc[d=0] flux[d=2] bnd[e=0] maxAbs=0          scaleF=0.03987
  FAIL warped 3d 3    all-Neumann    zero        reversed  uniform               jump[d=0] inc[d=0] flux[d=15] bnd[e=0] maxAbs=0          scaleF=0.03987
  FAIL warped 3d 3    all-Neumann    zero        reversed  nonuniform            jump[d=0] inc[d=0] flux[d=15] bnd[e=0] maxAbs=0          scaleF=0.03987
  FAIL warped 3d 3    all-Neumann    uniform     mixed     uniform               jump[d=0] inc[d=0] flux[d=10] bnd[e=0] maxAbs=0          scaleF=1.3
  FAIL warped 3d 3    all-Neumann    uniform     mixed     nonuniform            jump[d=0] inc[d=0] flux[d=10] bnd[e=0] maxAbs=0          scaleF=1.3
  FAIL warped 3d 3    all-Neumann    uniform     swirl     uniform               jump[d=0] inc[d=0] flux[d=2] bnd[e=0] maxAbs=0          scaleF=0.03987
  FAIL warped 3d 3    all-Neumann    uniform     swirl     nonuniform            jump[d=0] inc[d=0] flux[d=2] bnd[e=0] maxAbs=0          scaleF=0.03987
  FAIL warped 3d 3    all-Neumann    uniform     reversed  uniform               jump[d=0] inc[d=0] flux[d=15] bnd[e=0] maxAbs=0          scaleF=0.03987
  FAIL warped 3d 3    all-Neumann    uniform     reversed  nonuniform            jump[d=0] inc[d=0] flux[d=15] bnd[e=0] maxAbs=0          scaleF=0.03987
  FAIL warped 3d 3    all-Neumann    linear      mixed     uniform               jump[d=0] inc[d=0] flux[d=9] bnd[e=0] maxAbs=0          scaleF=8.872
  FAIL warped 3d 3    all-Neumann    linear      mixed     nonuniform            jump[d=0] inc[d=0] flux[d=9] bnd[e=0] maxAbs=0          scaleF=16.36
  FAIL warped 3d 3    all-Neumann    linear      reversed  uniform               jump[d=0] inc[d=0] flux[d=12] bnd[e=0] maxAbs=0          scaleF=8.567
  FAIL warped 3d 3    all-Neumann    linear      reversed  nonuniform            jump[d=0] inc[d=0] flux[d=12] bnd[e=0] maxAbs=0          scaleF=15.52
  FAIL warped 3d 3    all-Neumann    nonuniform  mixed     uniform               jump[d=0] inc[d=0] flux[d=5] bnd[e=0] maxAbs=0          scaleF=75.16
  FAIL warped 3d 3    all-Neumann    nonuniform  mixed     nonuniform            jump[d=0] inc[d=0] flux[d=5] bnd[e=0] maxAbs=0          scaleF=73.39
  FAIL warped 3d 3    all-Neumann    nonuniform  reversed  uniform               jump[d=0] inc[d=0] flux[d=7] bnd[e=0] maxAbs=0          scaleF=75.96
  FAIL warped 3d 3    all-Neumann    nonuniform  reversed  nonuniform            jump[d=0] inc[d=0] flux[d=7] bnd[e=0] maxAbs=0          scaleF=74.19
  FAIL warped 3d 3    all-Neumann    negative    mixed     uniform               jump[d=0] inc[d=0] flux[d=5] bnd[e=0] maxAbs=0          scaleF=76.76
  FAIL warped 3d 3    all-Neumann    negative    mixed     nonuniform            jump[d=0] inc[d=0] flux[d=5] bnd[e=0] maxAbs=0          scaleF=74.99
  FAIL warped 3d 3    all-Neumann    negative    swirl     uniform               jump[d=0] inc[d=0] flux[d=2] bnd[e=0] maxAbs=0          scaleF=75.96
  FAIL warped 3d 3    all-Neumann    negative    swirl     nonuniform            jump[d=0] inc[d=0] flux[d=2] bnd[e=0] maxAbs=0          scaleF=74.19
  FAIL warped 3d 3    all-Neumann    negative    reversed  uniform               jump[d=0] inc[d=0] flux[d=8] bnd[e=0] maxAbs=0          scaleF=75.97
  FAIL warped 3d 3    all-Neumann    negative    reversed  nonuniform            jump[d=0] inc[d=0] flux[d=8] bnd[e=0] maxAbs=0          scaleF=74.19
  PASS L3 warped 3d 3    all-Neumann    swirl     all[0.003709->0.01925] solved[0.003707->1.615e-15 x4.36e-13] pin=yes solve[it=20 r=8.26e-15] pairs=54 errors=0
  FAIL L3 warped 3d 3    all-Neumann    mixed     all[1.564->2.165] solved[1.584->1.388e-14 x8.76e-15] pin=yes solve[it=24 r=1.81e-14] pairs=54 errors=1
       [warped 3d 3/mixed pin=no fixedValueFaces=27]
  FAIL warped 3d 3    mixed          zero        mixed     uniform               jump[d=0] inc[d=0] flux[d=6] bnd[e=0] maxAbs=0          scaleF=1.3
  FAIL warped 3d 3    mixed          zero        mixed     nonuniform            jump[d=0] inc[d=0] flux[d=6] bnd[e=0] maxAbs=0          scaleF=1.3
  FAIL warped 3d 3    mixed          zero        reversed  uniform               jump[d=0] inc[d=0] flux[d=4] bnd[e=0] maxAbs=0          scaleF=0.03987
  FAIL warped 3d 3    mixed          zero        reversed  nonuniform            jump[d=0] inc[d=0] flux[d=4] bnd[e=0] maxAbs=0          scaleF=0.03987
  FAIL warped 3d 3    mixed          uniform     mixed     uniform               jump[d=0] inc[d=0] flux[d=6] bnd[e=0] maxAbs=0          scaleF=103.4
  FAIL warped 3d 3    mixed          uniform     mixed     nonuniform            jump[d=0] inc[d=0] flux[d=6] bnd[e=0] maxAbs=0          scaleF=272.5
  FAIL warped 3d 3    mixed          uniform     reversed  uniform               jump[d=0] inc[d=0] flux[d=4] bnd[e=0] maxAbs=0          scaleF=103.4
  FAIL warped 3d 3    mixed          uniform     reversed  nonuniform            jump[d=0] inc[d=0] flux[d=4] bnd[e=0] maxAbs=0          scaleF=272.5
  FAIL warped 3d 3    mixed          linear      mixed     uniform               jump[d=0] inc[d=0] flux[d=5] bnd[e=0] maxAbs=0          scaleF=54.25
  FAIL warped 3d 3    mixed          linear      mixed     nonuniform            jump[d=0] inc[d=0] flux[d=5] bnd[e=0] maxAbs=0          scaleF=83.34
  FAIL warped 3d 3    mixed          linear      reversed  uniform               jump[d=0] inc[d=0] flux[d=3] bnd[e=0] maxAbs=0          scaleF=52.99
  FAIL warped 3d 3    mixed          linear      reversed  nonuniform            jump[d=0] inc[d=0] flux[d=3] bnd[e=0] maxAbs=0          scaleF=82.04
  FAIL warped 3d 3    mixed          nonuniform  mixed     uniform               jump[d=0] inc[d=0] flux[d=2] bnd[e=0] maxAbs=0          scaleF=166.1
  FAIL warped 3d 3    mixed          nonuniform  mixed     nonuniform            jump[d=0] inc[d=0] flux[d=2] bnd[e=0] maxAbs=0          scaleF=302.1
  FAIL warped 3d 3    mixed          nonuniform  reversed  uniform               jump[d=0] inc[d=0] flux[d=1] bnd[e=0] maxAbs=0          scaleF=166.1
  FAIL warped 3d 3    mixed          nonuniform  reversed  nonuniform            jump[d=0] inc[d=0] flux[d=1] bnd[e=0] maxAbs=0          scaleF=301.3
  FAIL warped 3d 3    mixed          negative    mixed     uniform               jump[d=0] inc[d=0] flux[d=4] bnd[e=0] maxAbs=0          scaleF=166.1
  FAIL warped 3d 3    mixed          negative    mixed     nonuniform            jump[d=0] inc[d=0] flux[d=4] bnd[e=0] maxAbs=0          scaleF=300.5
  FAIL warped 3d 3    mixed          negative    reversed  uniform               jump[d=0] inc[d=0] flux[d=3] bnd[e=0] maxAbs=0          scaleF=166.1
  FAIL warped 3d 3    mixed          negative    reversed  nonuniform            jump[d=0] inc[d=0] flux[d=3] bnd[e=0] maxAbs=0          scaleF=301.3
  PASS L3 warped 3d 3    mixed          swirl     all[0.003709->4.586e-16] solved[0.003709->4.586e-16 x1.24e-13] pin=no solve[it=16 r=2.38e-15] pairs=54 errors=0
  FAIL L3 warped 3d 3    mixed          mixed     all[1.564->7.973e-15] solved[1.564->7.973e-15 x5.1e-15] pin=no solve[it=17 r=4.13e-14] pairs=54 errors=1
       [warped 3d 3/all-FixedValue pin=no fixedValueFaces=54]
  PASS L3 warped 3d 3    all-FixedValue swirl     all[0.003709->7.45e-16] solved[0.003709->7.45e-16 x2.01e-13] pin=no solve[it=16 r=3.87e-15] pairs=54 errors=0
  PASS L3 warped 3d 3    all-FixedValue mixed     all[1.564->4.805e-15] solved[1.564->4.805e-15 x3.07e-15] pin=no solve[it=17 r=2.43e-14] pairs=54 errors=0
  PASS L4a warped 3d 3    controlled p' differing=0 maxAbs=0          scale=133.4

=== coverage ===
  2D / 3D direct cases              300 / 300
  without / with explicit term      300 / 300
  interior faces compared           160200
  corrected (FixedValue) boundary faces 17700
  untouched Neumann boundary faces  8850
  continuity cases                  12
  imbalance reduced                 9
  already-conservative predictors   3
  owner/neighbour cancellations     3204
  signed-zero flips (recorded, not errors) 570
  controlled p' cases               2
  full chain cases (GPU solve)      0
  values compared                   587452
  bitwise-identical                 587026
  max absolute discrepancy          0
  max relative discrepancy          0

cases=614 failures=69
FACE FLUX CORRECTION EQUIVALENCE: FAIL
