# k2_owner_neighbour_swapped  (expectation: detect)
# the pressure-correction difference taken neighbour minus owner
# mutation applied to cuda/kernels/DeviceFaceFluxCorrectionKernel.cu
# --- anchor ---
  const Real fluxCorrection = faceCoefficient[f] * (pOwner - pNeighbor);
# --- became ---
  const Real fluxCorrection = faceCoefficient[f] * (pNeighbor - pOwner);
# verdict: DETECTED (exit 1)

=== GPU-DISC-001K: CUDA face-flux correction vs CPU (bitwise) ===
CPU reference: pressure_velocity::correctFaceMassFlux

       [distorted q16/all-Neumann pin=yes fixedValueFaces=0]
  FAIL distorted q16  all-Neumann    uniform     mixed     uniform               jump[d=0] inc[d=0] flux[d=13] bnd[e=0] maxAbs=0          scaleF=1.3
  FAIL distorted q16  all-Neumann    uniform     mixed     nonuniform            jump[d=0] inc[d=0] flux[d=13] bnd[e=0] maxAbs=0          scaleF=1.3
  FAIL distorted q16  all-Neumann    linear      positive  uniform               jump[d=0] inc[d=480] flux[d=480] bnd[e=0] maxAbs=9.98       scaleF=4.925
  FAIL distorted q16  all-Neumann    linear      positive  uniform     +explicit jump[d=0] inc[d=480] flux[d=480] bnd[e=0] maxAbs=10.7       scaleF=5.454
  FAIL distorted q16  all-Neumann    linear      positive  nonuniform            jump[d=0] inc[d=480] flux[d=480] bnd[e=0] maxAbs=19.4       scaleF=8.976
  FAIL distorted q16  all-Neumann    linear      positive  nonuniform  +explicit jump[d=0] inc[d=480] flux[d=480] bnd[e=0] maxAbs=19.4       scaleF=9.03
  FAIL distorted q16  all-Neumann    linear      negative  uniform               jump[d=0] inc[d=480] flux[d=480] bnd[e=0] maxAbs=9.98       scaleF=5.691
  FAIL distorted q16  all-Neumann    linear      negative  uniform     +explicit jump[d=0] inc[d=480] flux[d=480] bnd[e=0] maxAbs=10.7       scaleF=5.705
  FAIL distorted q16  all-Neumann    linear      negative  nonuniform            jump[d=0] inc[d=480] flux[d=480] bnd[e=0] maxAbs=19.4       scaleF=10.38
  FAIL distorted q16  all-Neumann    linear      negative  nonuniform  +explicit jump[d=0] inc[d=480] flux[d=480] bnd[e=0] maxAbs=19.4       scaleF=10.43
  FAIL distorted q16  all-Neumann    linear      mixed     uniform               jump[d=0] inc[d=480] flux[d=493] bnd[e=0] maxAbs=9.98       scaleF=5.791
  FAIL distorted q16  all-Neumann    linear      mixed     uniform     +explicit jump[d=0] inc[d=480] flux[d=480] bnd[e=0] maxAbs=10.7       scaleF=6.054
  FAIL distorted q16  all-Neumann    linear      mixed     nonuniform            jump[d=0] inc[d=480] flux[d=493] bnd[e=0] maxAbs=19.4       scaleF=10.13
  FAIL distorted q16  all-Neumann    linear      mixed     nonuniform  +explicit jump[d=0] inc[d=480] flux[d=480] bnd[e=0] maxAbs=19.4       scaleF=10.23
  FAIL distorted q16  all-Neumann    linear      swirl     uniform               jump[d=0] inc[d=480] flux[d=480] bnd[e=0] maxAbs=9.98       scaleF=4.993
  FAIL distorted q16  all-Neumann    linear      swirl     uniform     +explicit jump[d=0] inc[d=480] flux[d=480] bnd[e=0] maxAbs=10.7       scaleF=5.034
  FAIL distorted q16  all-Neumann    linear      swirl     nonuniform            jump[d=0] inc[d=480] flux[d=480] bnd[e=0] maxAbs=19.4       scaleF=9.707
  FAIL distorted q16  all-Neumann    linear      swirl     nonuniform  +explicit jump[d=0] inc[d=480] flux[d=480] bnd[e=0] maxAbs=19.4       scaleF=9.762
  FAIL distorted q16  all-Neumann    linear      reversed  uniform               jump[d=0] inc[d=480] flux[d=480] bnd[e=0] maxAbs=9.98       scaleF=4.993
  FAIL distorted q16  all-Neumann    linear      reversed  uniform     +explicit jump[d=0] inc[d=480] flux[d=480] bnd[e=0] maxAbs=10.7       scaleF=4.977
  FAIL distorted q16  all-Neumann    linear      reversed  nonuniform            jump[d=0] inc[d=480] flux[d=480] bnd[e=0] maxAbs=19.4       scaleF=9.644
  FAIL distorted q16  all-Neumann    linear      reversed  nonuniform  +explicit jump[d=0] inc[d=480] flux[d=480] bnd[e=0] maxAbs=19.4       scaleF=9.699
  FAIL distorted q16  all-Neumann    nonuniform  positive  uniform               jump[d=0] inc[d=480] flux[d=480] bnd[e=0] maxAbs=94.8       scaleF=47.7
  FAIL distorted q16  all-Neumann    nonuniform  positive  uniform     +explicit jump[d=0] inc[d=480] flux[d=480] bnd[e=0] maxAbs=100        scaleF=49.23
  FAIL distorted q16  all-Neumann    nonuniform  positive  nonuniform            jump[d=0] inc[d=480] flux[d=480] bnd[e=0] maxAbs=203        scaleF=100.6
  FAIL distorted q16  all-Neumann    nonuniform  positive  nonuniform  +explicit jump[d=0] inc[d=480] flux[d=480] bnd[e=0] maxAbs=203        scaleF=100.7
  FAIL distorted q16  all-Neumann    nonuniform  negative  uniform               jump[d=0] inc[d=480] flux[d=480] bnd[e=0] maxAbs=94.8       scaleF=48.11
  FAIL distorted q16  all-Neumann    nonuniform  negative  uniform     +explicit jump[d=0] inc[d=480] flux[d=480] bnd[e=0] maxAbs=100        scaleF=48.19
  FAIL distorted q16  all-Neumann    nonuniform  negative  nonuniform            jump[d=0] inc[d=480] flux[d=480] bnd[e=0] maxAbs=203        scaleF=102
  FAIL distorted q16  all-Neumann    nonuniform  negative  nonuniform  +explicit jump[d=0] inc[d=480] flux[d=480] bnd[e=0] maxAbs=203        scaleF=102.1
  FAIL distorted q16  all-Neumann    nonuniform  mixed     uniform               jump[d=0] inc[d=480] flux[d=493] bnd[e=0] maxAbs=94.8       scaleF=48.26
  FAIL distorted q16  all-Neumann    nonuniform  mixed     uniform     +explicit jump[d=0] inc[d=480] flux[d=480] bnd[e=0] maxAbs=100        scaleF=49.44
  FAIL distorted q16  all-Neumann    nonuniform  mixed     nonuniform            jump[d=0] inc[d=480] flux[d=493] bnd[e=0] maxAbs=203        scaleF=101.3
  FAIL distorted q16  all-Neumann    nonuniform  mixed     nonuniform  +explicit jump[d=0] inc[d=480] flux[d=480] bnd[e=0] maxAbs=203        scaleF=101.4
  FAIL distorted q16  all-Neumann    nonuniform  swirl     uniform               jump[d=0] inc[d=480] flux[d=480] bnd[e=0] maxAbs=94.8       scaleF=47.38
  FAIL distorted q16  all-Neumann    nonuniform  swirl     uniform     +explicit jump[d=0] inc[d=480] flux[d=480] bnd[e=0] maxAbs=100        scaleF=48.54
  FAIL distorted q16  all-Neumann    nonuniform  swirl     nonuniform            jump[d=0] inc[d=480] flux[d=480] bnd[e=0] maxAbs=203        scaleF=101.4
  FAIL distorted q16  all-Neumann    nonuniform  swirl     nonuniform  +explicit jump[d=0] inc[d=480] flux[d=480] bnd[e=0] maxAbs=203        scaleF=101.5
  FAIL distorted q16  all-Neumann    nonuniform  reversed  uniform               jump[d=0] inc[d=480] flux[d=480] bnd[e=0] maxAbs=94.8       scaleF=47.44
  FAIL distorted q16  all-Neumann    nonuniform  reversed  uniform     +explicit jump[d=0] inc[d=480] flux[d=480] bnd[e=0] maxAbs=100        scaleF=48.53
  FAIL distorted q16  all-Neumann    nonuniform  reversed  nonuniform            jump[d=0] inc[d=480] flux[d=480] bnd[e=0] maxAbs=203        scaleF=101.3
  FAIL distorted q16  all-Neumann    nonuniform  reversed  nonuniform  +explicit jump[d=0] inc[d=480] flux[d=480] bnd[e=0] maxAbs=203        scaleF=101.4
  FAIL distorted q16  all-Neumann    negative    positive  uniform               jump[d=0] inc[d=480] flux[d=480] bnd[e=0] maxAbs=94.8       scaleF=48.11
  FAIL distorted q16  all-Neumann    negative    positive  uniform     +explicit jump[d=0] inc[d=480] flux[d=480] bnd[e=0] maxAbs=100        scaleF=51.55
  FAIL distorted q16  all-Neumann    negative    positive  nonuniform            jump[d=0] inc[d=480] flux[d=480] bnd[e=0] maxAbs=203        scaleF=102
  FAIL distorted q16  all-Neumann    negative    positive  nonuniform  +explicit jump[d=0] inc[d=480] flux[d=480] bnd[e=0] maxAbs=203        scaleF=102.1
  FAIL distorted q16  all-Neumann    negative    negative  uniform               jump[d=0] inc[d=480] flux[d=480] bnd[e=0] maxAbs=94.8       scaleF=47.7
  FAIL distorted q16  all-Neumann    negative    negative  uniform     +explicit jump[d=0] inc[d=480] flux[d=480] bnd[e=0] maxAbs=100        scaleF=52.95
  FAIL distorted q16  all-Neumann    negative    negative  nonuniform            jump[d=0] inc[d=480] flux[d=480] bnd[e=0] maxAbs=203        scaleF=100.6
  FAIL distorted q16  all-Neumann    negative    negative  nonuniform  +explicit jump[d=0] inc[d=480] flux[d=480] bnd[e=0] maxAbs=203        scaleF=100.7
  FAIL distorted q16  all-Neumann    negative    mixed     uniform               jump[d=0] inc[d=480] flux[d=493] bnd[e=0] maxAbs=94.8       scaleF=47.53
  FAIL distorted q16  all-Neumann    negative    mixed     uniform     +explicit jump[d=0] inc[d=480] flux[d=480] bnd[e=0] maxAbs=100        scaleF=52.1
  FAIL distorted q16  all-Neumann    negative    mixed     nonuniform            jump[d=0] inc[d=480] flux[d=493] bnd[e=0] maxAbs=203        scaleF=101.3
  FAIL distorted q16  all-Neumann    negative    mixed     nonuniform  +explicit jump[d=0] inc[d=480] flux[d=480] bnd[e=0] maxAbs=203        scaleF=101.4
  FAIL distorted q16  all-Neumann    negative    swirl     uniform               jump[d=0] inc[d=480] flux[d=480] bnd[e=0] maxAbs=94.8       scaleF=47.44
  FAIL distorted q16  all-Neumann    negative    swirl     uniform     +explicit jump[d=0] inc[d=480] flux[d=480] bnd[e=0] maxAbs=100        scaleF=52.26
  FAIL distorted q16  all-Neumann    negative    swirl     nonuniform            jump[d=0] inc[d=480] flux[d=480] bnd[e=0] maxAbs=203        scaleF=101.3
  FAIL distorted q16  all-Neumann    negative    swirl     nonuniform  +explicit jump[d=0] inc[d=480] flux[d=480] bnd[e=0] maxAbs=203        scaleF=101.3
  FAIL distorted q16  all-Neumann    negative    reversed  uniform               jump[d=0] inc[d=480] flux[d=480] bnd[e=0] maxAbs=94.8       scaleF=47.38
  FAIL distorted q16  all-Neumann    negative    reversed  uniform     +explicit jump[d=0] inc[d=480] flux[d=480] bnd[e=0] maxAbs=100        scaleF=52.25
  FAIL distorted q16  all-Neumann    negative    reversed  nonuniform            jump[d=0] inc[d=480] flux[d=480] bnd[e=0] maxAbs=203        scaleF=101.4
  FAIL distorted q16  all-Neumann    negative    reversed  nonuniform  +explicit jump[d=0] inc[d=480] flux[d=480] bnd[e=0] maxAbs=203        scaleF=101.4
  PASS L3 distorted q16  all-Neumann    swirl     all[4.427e-18->4.427e-18] solved[4.436e-18->4.436e-18 x1] pin=yes solve[it=0 r=7.08e-17] pairs=480 errors=0
  FAIL L3 distorted q16  all-Neumann    mixed     all[1.534->0.8219] solved[1.533->1.245e-13 x8.12e-14] pin=yes solve[it=122 r=1.56e-13] pairs=480 errors=749
       [distorted q16/mixed pin=no fixedValueFaces=32]
  FAIL distorted q16  mixed          uniform     positive  uniform               jump[d=0] inc[d=32] flux[d=32] bnd[e=0] maxAbs=634        scaleF=317.8
  FAIL distorted q16  mixed          uniform     positive  uniform     +explicit jump[d=0] inc[d=32] flux[d=32] bnd[e=0] maxAbs=639        scaleF=320.6
  FAIL distorted q16  mixed          uniform     positive  nonuniform            jump[d=0] inc[d=32] flux[d=32] bnd[e=0] maxAbs=618        scaleF=309.8
  FAIL distorted q16  mixed          uniform     positive  nonuniform  +explicit jump[d=0] inc[d=32] flux[d=32] bnd[e=0] maxAbs=618        scaleF=309.9
  FAIL distorted q16  mixed          uniform     negative  uniform               jump[d=0] inc[d=32] flux[d=32] bnd[e=0] maxAbs=634        scaleF=316.4
  FAIL distorted q16  mixed          uniform     negative  uniform     +explicit jump[d=0] inc[d=32] flux[d=32] bnd[e=0] maxAbs=639        scaleF=319.2
  FAIL distorted q16  mixed          uniform     negative  nonuniform            jump[d=0] inc[d=32] flux[d=32] bnd[e=0] maxAbs=618        scaleF=308.4
  FAIL distorted q16  mixed          uniform     negative  nonuniform  +explicit jump[d=0] inc[d=32] flux[d=32] bnd[e=0] maxAbs=618        scaleF=308.5
  FAIL distorted q16  mixed          uniform     mixed     uniform               jump[d=0] inc[d=32] flux[d=39] bnd[e=0] maxAbs=634        scaleF=318.4
  FAIL distorted q16  mixed          uniform     mixed     uniform     +explicit jump[d=0] inc[d=32] flux[d=32] bnd[e=0] maxAbs=639        scaleF=321
  FAIL distorted q16  mixed          uniform     mixed     nonuniform            jump[d=0] inc[d=32] flux[d=39] bnd[e=0] maxAbs=618        scaleF=310.4
  FAIL distorted q16  mixed          uniform     mixed     nonuniform  +explicit jump[d=0] inc[d=32] flux[d=32] bnd[e=0] maxAbs=618        scaleF=310.5
  FAIL distorted q16  mixed          uniform     swirl     uniform               jump[d=0] inc[d=32] flux[d=32] bnd[e=0] maxAbs=634        scaleF=317.1
  FAIL distorted q16  mixed          uniform     swirl     uniform     +explicit jump[d=0] inc[d=32] flux[d=32] bnd[e=0] maxAbs=639        scaleF=319.9
  FAIL distorted q16  mixed          uniform     swirl     nonuniform            jump[d=0] inc[d=32] flux[d=32] bnd[e=0] maxAbs=618        scaleF=309.1
  FAIL distorted q16  mixed          uniform     swirl     nonuniform  +explicit jump[d=0] inc[d=32] flux[d=32] bnd[e=0] maxAbs=618        scaleF=309.2
  FAIL distorted q16  mixed          uniform     reversed  uniform               jump[d=0] inc[d=32] flux[d=32] bnd[e=0] maxAbs=634        scaleF=317.1
  FAIL distorted q16  mixed          uniform     reversed  uniform     +explicit jump[d=0] inc[d=32] flux[d=32] bnd[e=0] maxAbs=639        scaleF=319.9
  FAIL distorted q16  mixed          uniform     reversed  nonuniform            jump[d=0] inc[d=32] flux[d=32] bnd[e=0] maxAbs=618        scaleF=309.1
  FAIL distorted q16  mixed          uniform     reversed  nonuniform  +explicit jump[d=0] inc[d=32] flux[d=32] bnd[e=0] maxAbs=618        scaleF=309.2
  FAIL distorted q16  mixed          linear      positive  uniform               jump[d=0] inc[d=512] flux[d=512] bnd[e=0] maxAbs=271        scaleF=136
  FAIL distorted q16  mixed          linear      positive  uniform     +explicit jump[d=0] inc[d=512] flux[d=512] bnd[e=0] maxAbs=271        scaleF=136.1
  FAIL distorted q16  mixed          linear      positive  nonuniform            jump[d=0] inc[d=512] flux[d=512] bnd[e=0] maxAbs=282        scaleF=141.8
  FAIL distorted q16  mixed          linear      positive  nonuniform  +explicit jump[d=0] inc[d=512] flux[d=512] bnd[e=0] maxAbs=282        scaleF=141.8
  FAIL distorted q16  mixed          linear      negative  uniform               jump[d=0] inc[d=512] flux[d=512] bnd[e=0] maxAbs=271        scaleF=134.6
  FAIL distorted q16  mixed          linear      negative  uniform     +explicit jump[d=0] inc[d=512] flux[d=512] bnd[e=0] maxAbs=271        scaleF=134.7
  FAIL distorted q16  mixed          linear      negative  nonuniform            jump[d=0] inc[d=512] flux[d=512] bnd[e=0] maxAbs=282        scaleF=140.4
  FAIL distorted q16  mixed          linear      negative  nonuniform  +explicit jump[d=0] inc[d=512] flux[d=512] bnd[e=0] maxAbs=282        scaleF=140.4
  FAIL distorted q16  mixed          linear      mixed     uniform               jump[d=0] inc[d=512] flux[d=519] bnd[e=0] maxAbs=271        scaleF=136.6
  FAIL distorted q16  mixed          linear      mixed     uniform     +explicit jump[d=0] inc[d=512] flux[d=512] bnd[e=0] maxAbs=271        scaleF=136.7
  FAIL distorted q16  mixed          linear      mixed     nonuniform            jump[d=0] inc[d=512] flux[d=519] bnd[e=0] maxAbs=282        scaleF=142.4
  FAIL distorted q16  mixed          linear      mixed     nonuniform  +explicit jump[d=0] inc[d=512] flux[d=512] bnd[e=0] maxAbs=282        scaleF=142.4
  FAIL distorted q16  mixed          linear      swirl     uniform               jump[d=0] inc[d=512] flux[d=512] bnd[e=0] maxAbs=271        scaleF=135.3
  FAIL distorted q16  mixed          linear      swirl     uniform     +explicit jump[d=0] inc[d=512] flux[d=512] bnd[e=0] maxAbs=271        scaleF=135.4
  FAIL distorted q16  mixed          linear      swirl     nonuniform            jump[d=0] inc[d=512] flux[d=512] bnd[e=0] maxAbs=282        scaleF=141.1
  FAIL distorted q16  mixed          linear      swirl     nonuniform  +explicit jump[d=0] inc[d=512] flux[d=512] bnd[e=0] maxAbs=282        scaleF=141.1
  FAIL distorted q16  mixed          linear      reversed  uniform               jump[d=0] inc[d=512] flux[d=512] bnd[e=0] maxAbs=271        scaleF=135.4
  FAIL distorted q16  mixed          linear      reversed  uniform     +explicit jump[d=0] inc[d=512] flux[d=512] bnd[e=0] maxAbs=271        scaleF=135.4
  FAIL distorted q16  mixed          linear      reversed  nonuniform            jump[d=0] inc[d=512] flux[d=512] bnd[e=0] maxAbs=282        scaleF=141.1
  FAIL distorted q16  mixed          linear      reversed  nonuniform  +explicit jump[d=0] inc[d=512] flux[d=512] bnd[e=0] maxAbs=282        scaleF=141.2
  FAIL distorted q16  mixed          nonuniform  positive  uniform               jump[d=0] inc[d=512] flux[d=512] bnd[e=0] maxAbs=948        scaleF=474.9
  FAIL distorted q16  mixed          nonuniform  positive  uniform     +explicit jump[d=0] inc[d=512] flux[d=512] bnd[e=0] maxAbs=963        scaleF=481.6
  FAIL distorted q16  mixed          nonuniform  positive  nonuniform            jump[d=0] inc[d=512] flux[d=512] bnd[e=0] maxAbs=670        scaleF=335.7
  FAIL distorted q16  mixed          nonuniform  positive  nonuniform  +explicit jump[d=0] inc[d=512] flux[d=512] bnd[e=0] maxAbs=680        scaleF=340.2
  FAIL distorted q16  mixed          nonuniform  negative  uniform               jump[d=0] inc[d=512] flux[d=512] bnd[e=0] maxAbs=948        scaleF=473.5
  FAIL distorted q16  mixed          nonuniform  negative  uniform     +explicit jump[d=0] inc[d=512] flux[d=512] bnd[e=0] maxAbs=963        scaleF=480.2
  FAIL distorted q16  mixed          nonuniform  negative  nonuniform            jump[d=0] inc[d=512] flux[d=512] bnd[e=0] maxAbs=670        scaleF=334.3
  FAIL distorted q16  mixed          nonuniform  negative  nonuniform  +explicit jump[d=0] inc[d=512] flux[d=512] bnd[e=0] maxAbs=680        scaleF=338.8
  FAIL distorted q16  mixed          nonuniform  mixed     uniform               jump[d=0] inc[d=512] flux[d=519] bnd[e=0] maxAbs=948        scaleF=474.2
  FAIL distorted q16  mixed          nonuniform  mixed     uniform     +explicit jump[d=0] inc[d=512] flux[d=512] bnd[e=0] maxAbs=963        scaleF=480.9
  FAIL distorted q16  mixed          nonuniform  mixed     nonuniform            jump[d=0] inc[d=512] flux[d=519] bnd[e=0] maxAbs=670        scaleF=335.4
  FAIL distorted q16  mixed          nonuniform  mixed     nonuniform  +explicit jump[d=0] inc[d=512] flux[d=512] bnd[e=0] maxAbs=680        scaleF=339.9
  FAIL distorted q16  mixed          nonuniform  swirl     uniform               jump[d=0] inc[d=512] flux[d=512] bnd[e=0] maxAbs=948        scaleF=474.2
  FAIL distorted q16  mixed          nonuniform  swirl     uniform     +explicit jump[d=0] inc[d=512] flux[d=512] bnd[e=0] maxAbs=963        scaleF=480.9
  FAIL distorted q16  mixed          nonuniform  swirl     nonuniform            jump[d=0] inc[d=512] flux[d=512] bnd[e=0] maxAbs=670        scaleF=335
  FAIL distorted q16  mixed          nonuniform  swirl     nonuniform  +explicit jump[d=0] inc[d=512] flux[d=512] bnd[e=0] maxAbs=680        scaleF=339.5
  FAIL distorted q16  mixed          nonuniform  reversed  uniform               jump[d=0] inc[d=512] flux[d=512] bnd[e=0] maxAbs=948        scaleF=474.2
  FAIL distorted q16  mixed          nonuniform  reversed  uniform     +explicit jump[d=0] inc[d=512] flux[d=512] bnd[e=0] maxAbs=963        scaleF=480.9
  FAIL distorted q16  mixed          nonuniform  reversed  nonuniform            jump[d=0] inc[d=512] flux[d=512] bnd[e=0] maxAbs=670        scaleF=335
  FAIL distorted q16  mixed          nonuniform  reversed  nonuniform  +explicit jump[d=0] inc[d=512] flux[d=512] bnd[e=0] maxAbs=680        scaleF=339.5
  FAIL distorted q16  mixed          negative    positive  uniform               jump[d=0] inc[d=512] flux[d=512] bnd[e=0] maxAbs=948        scaleF=473.5
  FAIL distorted q16  mixed          negative    positive  uniform     +explicit jump[d=0] inc[d=512] flux[d=512] bnd[e=0] maxAbs=963        scaleF=481.9
  FAIL distorted q16  mixed          negative    positive  nonuniform            jump[d=0] inc[d=512] flux[d=512] bnd[e=0] maxAbs=670        scaleF=334.3
  FAIL distorted q16  mixed          negative    positive  nonuniform  +explicit jump[d=0] inc[d=512] flux[d=512] bnd[e=0] maxAbs=680        scaleF=339.4
  FAIL distorted q16  mixed          negative    negative  uniform               jump[d=0] inc[d=512] flux[d=512] bnd[e=0] maxAbs=948        scaleF=474.9
  FAIL distorted q16  mixed          negative    negative  uniform     +explicit jump[d=0] inc[d=512] flux[d=512] bnd[e=0] maxAbs=963        scaleF=483.3
  FAIL distorted q16  mixed          negative    negative  nonuniform            jump[d=0] inc[d=512] flux[d=512] bnd[e=0] maxAbs=670        scaleF=335.7
  FAIL distorted q16  mixed          negative    negative  nonuniform  +explicit jump[d=0] inc[d=512] flux[d=512] bnd[e=0] maxAbs=680        scaleF=340.8
  FAIL distorted q16  mixed          negative    mixed     uniform               jump[d=0] inc[d=512] flux[d=519] bnd[e=0] maxAbs=948        scaleF=474.2
  FAIL distorted q16  mixed          negative    mixed     uniform     +explicit jump[d=0] inc[d=512] flux[d=512] bnd[e=0] maxAbs=963        scaleF=482.6
  FAIL distorted q16  mixed          negative    mixed     nonuniform            jump[d=0] inc[d=512] flux[d=519] bnd[e=0] maxAbs=670        scaleF=334.5
  FAIL distorted q16  mixed          negative    mixed     nonuniform  +explicit jump[d=0] inc[d=512] flux[d=512] bnd[e=0] maxAbs=680        scaleF=339.7
  FAIL distorted q16  mixed          negative    swirl     uniform               jump[d=0] inc[d=512] flux[d=512] bnd[e=0] maxAbs=948        scaleF=474.2
  FAIL distorted q16  mixed          negative    swirl     uniform     +explicit jump[d=0] inc[d=512] flux[d=512] bnd[e=0] maxAbs=963        scaleF=482.6
  FAIL distorted q16  mixed          negative    swirl     nonuniform            jump[d=0] inc[d=512] flux[d=512] bnd[e=0] maxAbs=670        scaleF=335
  FAIL distorted q16  mixed          negative    swirl     nonuniform  +explicit jump[d=0] inc[d=512] flux[d=512] bnd[e=0] maxAbs=680        scaleF=340.2
  FAIL distorted q16  mixed          negative    reversed  uniform               jump[d=0] inc[d=512] flux[d=512] bnd[e=0] maxAbs=948        scaleF=474.2
  FAIL distorted q16  mixed          negative    reversed  uniform     +explicit jump[d=0] inc[d=512] flux[d=512] bnd[e=0] maxAbs=963        scaleF=482.6
  FAIL distorted q16  mixed          negative    reversed  nonuniform            jump[d=0] inc[d=512] flux[d=512] bnd[e=0] maxAbs=670        scaleF=335
  FAIL distorted q16  mixed          negative    reversed  nonuniform  +explicit jump[d=0] inc[d=512] flux[d=512] bnd[e=0] maxAbs=680        scaleF=340.1
  PASS L3 distorted q16  mixed          swirl     all[4.427e-18->4.427e-18] solved[4.427e-18->4.427e-18 x1] pin=no solve[it=0 r=7.08e-17] pairs=480 errors=0
  FAIL L3 distorted q16  mixed          mixed     all[1.534->1.513e-14] solved[1.534->1.513e-14 x9.87e-15] pin=no solve[it=89 r=2.4e-13] pairs=480 errors=775
       [distorted q16/all-FixedValue pin=no fixedValueFaces=64]
  FAIL distorted q16  all-FixedValue uniform     positive  uniform               jump[d=0] inc[d=64] flux[d=64] bnd[e=0] maxAbs=634        scaleF=317.8
  FAIL distorted q16  all-FixedValue uniform     positive  uniform     +explicit jump[d=0] inc[d=64] flux[d=64] bnd[e=0] maxAbs=639        scaleF=321.4
  FAIL distorted q16  all-FixedValue uniform     positive  nonuniform            jump[d=0] inc[d=64] flux[d=64] bnd[e=0] maxAbs=1.25e+03   scaleF=626.5
  FAIL distorted q16  all-FixedValue uniform     positive  nonuniform  +explicit jump[d=0] inc[d=64] flux[d=64] bnd[e=0] maxAbs=1.25e+03   scaleF=624
  FAIL distorted q16  all-FixedValue uniform     negative  uniform               jump[d=0] inc[d=64] flux[d=64] bnd[e=0] maxAbs=634        scaleF=316.4
  FAIL distorted q16  all-FixedValue uniform     negative  uniform     +explicit jump[d=0] inc[d=64] flux[d=64] bnd[e=0] maxAbs=639        scaleF=320
  FAIL distorted q16  all-FixedValue uniform     negative  nonuniform            jump[d=0] inc[d=64] flux[d=64] bnd[e=0] maxAbs=1.25e+03   scaleF=625.1
  FAIL distorted q16  all-FixedValue uniform     negative  nonuniform  +explicit jump[d=0] inc[d=64] flux[d=64] bnd[e=0] maxAbs=1.25e+03   scaleF=622.6
  FAIL distorted q16  all-FixedValue uniform     mixed     uniform               jump[d=0] inc[d=64] flux[d=64] bnd[e=0] maxAbs=634        scaleF=318.4
  FAIL distorted q16  all-FixedValue uniform     mixed     uniform     +explicit jump[d=0] inc[d=64] flux[d=64] bnd[e=0] maxAbs=639        scaleF=321
  FAIL distorted q16  all-FixedValue uniform     mixed     nonuniform            jump[d=0] inc[d=64] flux[d=64] bnd[e=0] maxAbs=1.25e+03   scaleF=625.8
  FAIL distorted q16  all-FixedValue uniform     mixed     nonuniform  +explicit jump[d=0] inc[d=64] flux[d=64] bnd[e=0] maxAbs=1.25e+03   scaleF=623.3
  FAIL distorted q16  all-FixedValue uniform     swirl     uniform               jump[d=0] inc[d=64] flux[d=64] bnd[e=0] maxAbs=634        scaleF=317.1
  FAIL distorted q16  all-FixedValue uniform     swirl     uniform     +explicit jump[d=0] inc[d=64] flux[d=64] bnd[e=0] maxAbs=639        scaleF=320.7
  FAIL distorted q16  all-FixedValue uniform     swirl     nonuniform            jump[d=0] inc[d=64] flux[d=64] bnd[e=0] maxAbs=1.25e+03   scaleF=625.8
  FAIL distorted q16  all-FixedValue uniform     swirl     nonuniform  +explicit jump[d=0] inc[d=64] flux[d=64] bnd[e=0] maxAbs=1.25e+03   scaleF=623.2
  FAIL distorted q16  all-FixedValue uniform     reversed  uniform               jump[d=0] inc[d=64] flux[d=64] bnd[e=0] maxAbs=634        scaleF=317.1
  FAIL distorted q16  all-FixedValue uniform     reversed  uniform     +explicit jump[d=0] inc[d=64] flux[d=64] bnd[e=0] maxAbs=639        scaleF=320.7
  FAIL distorted q16  all-FixedValue uniform     reversed  nonuniform            jump[d=0] inc[d=64] flux[d=64] bnd[e=0] maxAbs=1.25e+03   scaleF=625.9
  FAIL distorted q16  all-FixedValue uniform     reversed  nonuniform  +explicit jump[d=0] inc[d=64] flux[d=64] bnd[e=0] maxAbs=1.25e+03   scaleF=623.3
  FAIL distorted q16  all-FixedValue linear      positive  uniform               jump[d=0] inc[d=544] flux[d=544] bnd[e=0] maxAbs=271        scaleF=136
  FAIL distorted q16  all-FixedValue linear      positive  uniform     +explicit jump[d=0] inc[d=544] flux[d=544] bnd[e=0] maxAbs=271        scaleF=138.3
  FAIL distorted q16  all-FixedValue linear      positive  nonuniform            jump[d=0] inc[d=544] flux[d=544] bnd[e=0] maxAbs=448        scaleF=224.6
  FAIL distorted q16  all-FixedValue linear      positive  nonuniform  +explicit jump[d=0] inc[d=544] flux[d=544] bnd[e=0] maxAbs=448        scaleF=228.3
  FAIL distorted q16  all-FixedValue linear      negative  uniform               jump[d=0] inc[d=544] flux[d=544] bnd[e=0] maxAbs=271        scaleF=134.6
  FAIL distorted q16  all-FixedValue linear      negative  uniform     +explicit jump[d=0] inc[d=544] flux[d=544] bnd[e=0] maxAbs=271        scaleF=136.9
  FAIL distorted q16  all-FixedValue linear      negative  nonuniform            jump[d=0] inc[d=544] flux[d=544] bnd[e=0] maxAbs=448        scaleF=223.2
  FAIL distorted q16  all-FixedValue linear      negative  nonuniform  +explicit jump[d=0] inc[d=544] flux[d=544] bnd[e=0] maxAbs=448        scaleF=226.9
  FAIL distorted q16  all-FixedValue linear      mixed     uniform               jump[d=0] inc[d=544] flux[d=544] bnd[e=0] maxAbs=271        scaleF=136.6
  FAIL distorted q16  all-FixedValue linear      mixed     uniform     +explicit jump[d=0] inc[d=544] flux[d=544] bnd[e=0] maxAbs=271        scaleF=138.9
  FAIL distorted q16  all-FixedValue linear      mixed     nonuniform            jump[d=0] inc[d=544] flux[d=544] bnd[e=0] maxAbs=448        scaleF=223.9
  FAIL distorted q16  all-FixedValue linear      mixed     nonuniform  +explicit jump[d=0] inc[d=544] flux[d=544] bnd[e=0] maxAbs=448        scaleF=227.6
  FAIL distorted q16  all-FixedValue linear      swirl     uniform               jump[d=0] inc[d=544] flux[d=544] bnd[e=0] maxAbs=271        scaleF=135.4
  FAIL distorted q16  all-FixedValue linear      swirl     uniform     +explicit jump[d=0] inc[d=544] flux[d=544] bnd[e=0] maxAbs=271        scaleF=137.6
  FAIL distorted q16  all-FixedValue linear      swirl     nonuniform            jump[d=0] inc[d=544] flux[d=544] bnd[e=0] maxAbs=448        scaleF=224
  FAIL distorted q16  all-FixedValue linear      swirl     nonuniform  +explicit jump[d=0] inc[d=544] flux[d=544] bnd[e=0] maxAbs=448        scaleF=227.7
  FAIL distorted q16  all-FixedValue linear      reversed  uniform               jump[d=0] inc[d=544] flux[d=544] bnd[e=0] maxAbs=271        scaleF=135.4
  FAIL distorted q16  all-FixedValue linear      reversed  uniform     +explicit jump[d=0] inc[d=544] flux[d=544] bnd[e=0] maxAbs=271        scaleF=137.6
  FAIL distorted q16  all-FixedValue linear      reversed  nonuniform            jump[d=0] inc[d=544] flux[d=544] bnd[e=0] maxAbs=448        scaleF=223.9
  FAIL distorted q16  all-FixedValue linear      reversed  nonuniform  +explicit jump[d=0] inc[d=544] flux[d=544] bnd[e=0] maxAbs=448        scaleF=227.6
  FAIL distorted q16  all-FixedValue nonuniform  positive  uniform               jump[d=0] inc[d=544] flux[d=544] bnd[e=0] maxAbs=967        scaleF=482.8
  FAIL distorted q16  all-FixedValue nonuniform  positive  uniform     +explicit jump[d=0] inc[d=544] flux[d=544] bnd[e=0] maxAbs=982        scaleF=489.6
  FAIL distorted q16  all-FixedValue nonuniform  positive  nonuniform            jump[d=0] inc[d=544] flux[d=544] bnd[e=0] maxAbs=917        scaleF=457.6
  FAIL distorted q16  all-FixedValue nonuniform  positive  nonuniform  +explicit jump[d=0] inc[d=544] flux[d=544] bnd[e=0] maxAbs=930        scaleF=463.7
  FAIL distorted q16  all-FixedValue nonuniform  negative  uniform               jump[d=0] inc[d=544] flux[d=544] bnd[e=0] maxAbs=967        scaleF=484.2
  FAIL distorted q16  all-FixedValue nonuniform  negative  uniform     +explicit jump[d=0] inc[d=544] flux[d=544] bnd[e=0] maxAbs=982        scaleF=491
  FAIL distorted q16  all-FixedValue nonuniform  negative  nonuniform            jump[d=0] inc[d=544] flux[d=544] bnd[e=0] maxAbs=917        scaleF=459
  FAIL distorted q16  all-FixedValue nonuniform  negative  nonuniform  +explicit jump[d=0] inc[d=544] flux[d=544] bnd[e=0] maxAbs=930        scaleF=465.1
  FAIL distorted q16  all-FixedValue nonuniform  mixed     uniform               jump[d=0] inc[d=544] flux[d=544] bnd[e=0] maxAbs=967        scaleF=483.5
  FAIL distorted q16  all-FixedValue nonuniform  mixed     uniform     +explicit jump[d=0] inc[d=544] flux[d=544] bnd[e=0] maxAbs=982        scaleF=490.3
  FAIL distorted q16  all-FixedValue nonuniform  mixed     nonuniform            jump[d=0] inc[d=544] flux[d=544] bnd[e=0] maxAbs=917        scaleF=458.3
  FAIL distorted q16  all-FixedValue nonuniform  mixed     nonuniform  +explicit jump[d=0] inc[d=544] flux[d=544] bnd[e=0] maxAbs=930        scaleF=464.4
  FAIL distorted q16  all-FixedValue nonuniform  swirl     uniform               jump[d=0] inc[d=544] flux[d=544] bnd[e=0] maxAbs=967        scaleF=483.5
  FAIL distorted q16  all-FixedValue nonuniform  swirl     uniform     +explicit jump[d=0] inc[d=544] flux[d=544] bnd[e=0] maxAbs=982        scaleF=490.3
  FAIL distorted q16  all-FixedValue nonuniform  swirl     nonuniform            jump[d=0] inc[d=544] flux[d=544] bnd[e=0] maxAbs=917        scaleF=458.3
  FAIL distorted q16  all-FixedValue nonuniform  swirl     nonuniform  +explicit jump[d=0] inc[d=544] flux[d=544] bnd[e=0] maxAbs=930        scaleF=464.4
  FAIL distorted q16  all-FixedValue nonuniform  reversed  uniform               jump[d=0] inc[d=544] flux[d=544] bnd[e=0] maxAbs=967        scaleF=483.5
  FAIL distorted q16  all-FixedValue nonuniform  reversed  uniform     +explicit jump[d=0] inc[d=544] flux[d=544] bnd[e=0] maxAbs=982        scaleF=490.3
  FAIL distorted q16  all-FixedValue nonuniform  reversed  nonuniform            jump[d=0] inc[d=544] flux[d=544] bnd[e=0] maxAbs=917        scaleF=458.3
  FAIL distorted q16  all-FixedValue nonuniform  reversed  nonuniform  +explicit jump[d=0] inc[d=544] flux[d=544] bnd[e=0] maxAbs=930        scaleF=464.4
  FAIL distorted q16  all-FixedValue negative    positive  uniform               jump[d=0] inc[d=544] flux[d=544] bnd[e=0] maxAbs=967        scaleF=484.2
  FAIL distorted q16  all-FixedValue negative    positive  uniform     +explicit jump[d=0] inc[d=544] flux[d=544] bnd[e=0] maxAbs=982        scaleF=492.8
  FAIL distorted q16  all-FixedValue negative    positive  nonuniform            jump[d=0] inc[d=544] flux[d=544] bnd[e=0] maxAbs=917        scaleF=459
  FAIL distorted q16  all-FixedValue negative    positive  nonuniform  +explicit jump[d=0] inc[d=544] flux[d=544] bnd[e=0] maxAbs=930        scaleF=466.4
  FAIL distorted q16  all-FixedValue negative    negative  uniform               jump[d=0] inc[d=544] flux[d=544] bnd[e=0] maxAbs=967        scaleF=482.8
  FAIL distorted q16  all-FixedValue negative    negative  uniform     +explicit jump[d=0] inc[d=544] flux[d=544] bnd[e=0] maxAbs=982        scaleF=491.4
  FAIL distorted q16  all-FixedValue negative    negative  nonuniform            jump[d=0] inc[d=544] flux[d=544] bnd[e=0] maxAbs=917        scaleF=457.6
  FAIL distorted q16  all-FixedValue negative    negative  nonuniform  +explicit jump[d=0] inc[d=544] flux[d=544] bnd[e=0] maxAbs=930        scaleF=465
  FAIL distorted q16  all-FixedValue negative    mixed     uniform               jump[d=0] inc[d=544] flux[d=544] bnd[e=0] maxAbs=967        scaleF=483.5
  FAIL distorted q16  all-FixedValue negative    mixed     uniform     +explicit jump[d=0] inc[d=544] flux[d=544] bnd[e=0] maxAbs=982        scaleF=492.1
  FAIL distorted q16  all-FixedValue negative    mixed     nonuniform            jump[d=0] inc[d=544] flux[d=544] bnd[e=0] maxAbs=917        scaleF=458.3
  FAIL distorted q16  all-FixedValue negative    mixed     nonuniform  +explicit jump[d=0] inc[d=544] flux[d=544] bnd[e=0] maxAbs=930        scaleF=465.7
  FAIL distorted q16  all-FixedValue negative    swirl     uniform               jump[d=0] inc[d=544] flux[d=544] bnd[e=0] maxAbs=967        scaleF=483.5
  FAIL distorted q16  all-FixedValue negative    swirl     uniform     +explicit jump[d=0] inc[d=544] flux[d=544] bnd[e=0] maxAbs=982        scaleF=492.1
  FAIL distorted q16  all-FixedValue negative    swirl     nonuniform            jump[d=0] inc[d=544] flux[d=544] bnd[e=0] maxAbs=917        scaleF=458.3
  FAIL distorted q16  all-FixedValue negative    swirl     nonuniform  +explicit jump[d=0] inc[d=544] flux[d=544] bnd[e=0] maxAbs=930        scaleF=465.7
  FAIL distorted q16  all-FixedValue negative    reversed  uniform               jump[d=0] inc[d=544] flux[d=544] bnd[e=0] maxAbs=967        scaleF=483.5
  FAIL distorted q16  all-FixedValue negative    reversed  uniform     +explicit jump[d=0] inc[d=544] flux[d=544] bnd[e=0] maxAbs=982        scaleF=492.1
  FAIL distorted q16  all-FixedValue negative    reversed  nonuniform            jump[d=0] inc[d=544] flux[d=544] bnd[e=0] maxAbs=917        scaleF=458.3
  FAIL distorted q16  all-FixedValue negative    reversed  nonuniform  +explicit jump[d=0] inc[d=544] flux[d=544] bnd[e=0] maxAbs=930        scaleF=465.7
  PASS L3 distorted q16  all-FixedValue swirl     all[4.427e-18->4.427e-18] solved[4.427e-18->4.427e-18 x1] pin=no solve[it=0 r=7.08e-17] pairs=480 errors=0
  FAIL L3 distorted q16  all-FixedValue mixed     all[1.534->3.692e-15] solved[1.534->3.692e-15 x2.41e-15] pin=no solve[it=79 r=5.66e-14] pairs=480 errors=799
  FAIL L4a distorted q16  controlled p' differing=512 maxAbs=60         scale=6.141
       [warped 3d 3/all-Neumann pin=yes fixedValueFaces=0]
  FAIL warped 3d 3    all-Neumann    uniform     mixed     uniform               jump[d=0] inc[d=0] flux[d=10] bnd[e=0] maxAbs=0          scaleF=1.3
  FAIL warped 3d 3    all-Neumann    uniform     mixed     nonuniform            jump[d=0] inc[d=0] flux[d=10] bnd[e=0] maxAbs=0          scaleF=1.3
  FAIL warped 3d 3    all-Neumann    uniform     swirl     uniform               jump[d=0] inc[d=0] flux[d=2] bnd[e=0] maxAbs=0          scaleF=0.03987
  FAIL warped 3d 3    all-Neumann    uniform     swirl     nonuniform            jump[d=0] inc[d=0] flux[d=2] bnd[e=0] maxAbs=0          scaleF=0.03987
  FAIL warped 3d 3    all-Neumann    uniform     reversed  uniform               jump[d=0] inc[d=0] flux[d=15] bnd[e=0] maxAbs=0          scaleF=0.03987
  FAIL warped 3d 3    all-Neumann    uniform     reversed  nonuniform            jump[d=0] inc[d=0] flux[d=15] bnd[e=0] maxAbs=0          scaleF=0.03987
  FAIL warped 3d 3    all-Neumann    linear      positive  uniform               jump[d=0] inc[d=54] flux[d=54] bnd[e=0] maxAbs=17.1       scaleF=7.867
  FAIL warped 3d 3    all-Neumann    linear      positive  uniform     +explicit jump[d=0] inc[d=54] flux[d=54] bnd[e=0] maxAbs=17.2       scaleF=7.844
  FAIL warped 3d 3    all-Neumann    linear      positive  nonuniform            jump[d=0] inc[d=54] flux[d=54] bnd[e=0] maxAbs=31.1       scaleF=14.86
  FAIL warped 3d 3    all-Neumann    linear      positive  nonuniform  +explicit jump[d=0] inc[d=54] flux[d=54] bnd[e=0] maxAbs=31.2       scaleF=14.83
  FAIL warped 3d 3    all-Neumann    linear      negative  uniform               jump[d=0] inc[d=54] flux[d=54] bnd[e=0] maxAbs=17.1       scaleF=9.267
  FAIL warped 3d 3    all-Neumann    linear      negative  uniform     +explicit jump[d=0] inc[d=54] flux[d=54] bnd[e=0] maxAbs=17.2       scaleF=9.244
  FAIL warped 3d 3    all-Neumann    linear      negative  nonuniform            jump[d=0] inc[d=54] flux[d=54] bnd[e=0] maxAbs=31.1       scaleF=16.26
  FAIL warped 3d 3    all-Neumann    linear      negative  nonuniform  +explicit jump[d=0] inc[d=54] flux[d=54] bnd[e=0] maxAbs=31.2       scaleF=16.23
  FAIL warped 3d 3    all-Neumann    linear      mixed     uniform               jump[d=0] inc[d=54] flux[d=64] bnd[e=0] maxAbs=17.1       scaleF=8.872
  FAIL warped 3d 3    all-Neumann    linear      mixed     uniform     +explicit jump[d=0] inc[d=54] flux[d=54] bnd[e=0] maxAbs=17.2       scaleF=8.975
  FAIL warped 3d 3    all-Neumann    linear      mixed     nonuniform            jump[d=0] inc[d=54] flux[d=64] bnd[e=0] maxAbs=31.1       scaleF=16.36
  FAIL warped 3d 3    all-Neumann    linear      mixed     nonuniform  +explicit jump[d=0] inc[d=54] flux[d=54] bnd[e=0] maxAbs=31.2       scaleF=16.33
  FAIL warped 3d 3    all-Neumann    linear      swirl     uniform               jump[d=0] inc[d=54] flux[d=56] bnd[e=0] maxAbs=17.1       scaleF=8.567
  FAIL warped 3d 3    all-Neumann    linear      swirl     uniform     +explicit jump[d=0] inc[d=54] flux[d=54] bnd[e=0] maxAbs=17.2       scaleF=8.544
  FAIL warped 3d 3    all-Neumann    linear      swirl     nonuniform            jump[d=0] inc[d=54] flux[d=56] bnd[e=0] maxAbs=31.1       scaleF=15.59
  FAIL warped 3d 3    all-Neumann    linear      swirl     nonuniform  +explicit jump[d=0] inc[d=54] flux[d=54] bnd[e=0] maxAbs=31.2       scaleF=15.56
  FAIL warped 3d 3    all-Neumann    linear      reversed  uniform               jump[d=0] inc[d=54] flux[d=69] bnd[e=0] maxAbs=17.1       scaleF=8.567
  FAIL warped 3d 3    all-Neumann    linear      reversed  uniform     +explicit jump[d=0] inc[d=54] flux[d=54] bnd[e=0] maxAbs=17.2       scaleF=8.544
  FAIL warped 3d 3    all-Neumann    linear      reversed  nonuniform            jump[d=0] inc[d=54] flux[d=69] bnd[e=0] maxAbs=31.1       scaleF=15.52
  FAIL warped 3d 3    all-Neumann    linear      reversed  nonuniform  +explicit jump[d=0] inc[d=54] flux[d=54] bnd[e=0] maxAbs=31.2       scaleF=15.49
  FAIL warped 3d 3    all-Neumann    nonuniform  positive  uniform               jump[d=0] inc[d=54] flux[d=54] bnd[e=0] maxAbs=152        scaleF=76.66
  FAIL warped 3d 3    all-Neumann    nonuniform  positive  uniform     +explicit jump[d=0] inc[d=54] flux[d=54] bnd[e=0] maxAbs=152        scaleF=76.99
  FAIL warped 3d 3    all-Neumann    nonuniform  positive  nonuniform            jump[d=0] inc[d=54] flux[d=54] bnd[e=0] maxAbs=148        scaleF=74.89
  FAIL warped 3d 3    all-Neumann    nonuniform  positive  nonuniform  +explicit jump[d=0] inc[d=54] flux[d=54] bnd[e=0] maxAbs=149        scaleF=74.9
  FAIL warped 3d 3    all-Neumann    nonuniform  negative  uniform               jump[d=0] inc[d=54] flux[d=54] bnd[e=0] maxAbs=152        scaleF=75.26
  FAIL warped 3d 3    all-Neumann    nonuniform  negative  uniform     +explicit jump[d=0] inc[d=54] flux[d=54] bnd[e=0] maxAbs=152        scaleF=75.59
  FAIL warped 3d 3    all-Neumann    nonuniform  negative  nonuniform            jump[d=0] inc[d=54] flux[d=54] bnd[e=0] maxAbs=148        scaleF=73.49
  FAIL warped 3d 3    all-Neumann    nonuniform  negative  nonuniform  +explicit jump[d=0] inc[d=54] flux[d=54] bnd[e=0] maxAbs=149        scaleF=73.5
  FAIL warped 3d 3    all-Neumann    nonuniform  mixed     uniform               jump[d=0] inc[d=54] flux[d=64] bnd[e=0] maxAbs=152        scaleF=75.16
  FAIL warped 3d 3    all-Neumann    nonuniform  mixed     uniform     +explicit jump[d=0] inc[d=54] flux[d=54] bnd[e=0] maxAbs=152        scaleF=75.49
  FAIL warped 3d 3    all-Neumann    nonuniform  mixed     nonuniform            jump[d=0] inc[d=54] flux[d=64] bnd[e=0] maxAbs=148        scaleF=73.39
  FAIL warped 3d 3    all-Neumann    nonuniform  mixed     nonuniform  +explicit jump[d=0] inc[d=54] flux[d=54] bnd[e=0] maxAbs=149        scaleF=73.4
  FAIL warped 3d 3    all-Neumann    nonuniform  swirl     uniform               jump[d=0] inc[d=54] flux[d=56] bnd[e=0] maxAbs=152        scaleF=75.97
  FAIL warped 3d 3    all-Neumann    nonuniform  swirl     uniform     +explicit jump[d=0] inc[d=54] flux[d=54] bnd[e=0] maxAbs=152        scaleF=76.29
  FAIL warped 3d 3    all-Neumann    nonuniform  swirl     nonuniform            jump[d=0] inc[d=54] flux[d=56] bnd[e=0] maxAbs=148        scaleF=74.19
  FAIL warped 3d 3    all-Neumann    nonuniform  swirl     nonuniform  +explicit jump[d=0] inc[d=54] flux[d=54] bnd[e=0] maxAbs=149        scaleF=74.2
  FAIL warped 3d 3    all-Neumann    nonuniform  reversed  uniform               jump[d=0] inc[d=54] flux[d=69] bnd[e=0] maxAbs=152        scaleF=75.96
  FAIL warped 3d 3    all-Neumann    nonuniform  reversed  uniform     +explicit jump[d=0] inc[d=54] flux[d=54] bnd[e=0] maxAbs=152        scaleF=76.29
  FAIL warped 3d 3    all-Neumann    nonuniform  reversed  nonuniform            jump[d=0] inc[d=54] flux[d=69] bnd[e=0] maxAbs=148        scaleF=74.19
  FAIL warped 3d 3    all-Neumann    nonuniform  reversed  nonuniform  +explicit jump[d=0] inc[d=54] flux[d=54] bnd[e=0] maxAbs=149        scaleF=74.2
  FAIL warped 3d 3    all-Neumann    negative    positive  uniform               jump[d=0] inc[d=54] flux[d=54] bnd[e=0] maxAbs=152        scaleF=75.26
  FAIL warped 3d 3    all-Neumann    negative    positive  uniform     +explicit jump[d=0] inc[d=54] flux[d=54] bnd[e=0] maxAbs=152        scaleF=75.25
  FAIL warped 3d 3    all-Neumann    negative    positive  nonuniform            jump[d=0] inc[d=54] flux[d=54] bnd[e=0] maxAbs=148        scaleF=73.49
  FAIL warped 3d 3    all-Neumann    negative    positive  nonuniform  +explicit jump[d=0] inc[d=54] flux[d=54] bnd[e=0] maxAbs=149        scaleF=73.98
  FAIL warped 3d 3    all-Neumann    negative    negative  uniform               jump[d=0] inc[d=54] flux[d=54] bnd[e=0] maxAbs=152        scaleF=76.66
  FAIL warped 3d 3    all-Neumann    negative    negative  uniform     +explicit jump[d=0] inc[d=54] flux[d=54] bnd[e=0] maxAbs=152        scaleF=76.65
  FAIL warped 3d 3    all-Neumann    negative    negative  nonuniform            jump[d=0] inc[d=54] flux[d=54] bnd[e=0] maxAbs=148        scaleF=74.89
  FAIL warped 3d 3    all-Neumann    negative    negative  nonuniform  +explicit jump[d=0] inc[d=54] flux[d=54] bnd[e=0] maxAbs=149        scaleF=75.38
  FAIL warped 3d 3    all-Neumann    negative    mixed     uniform               jump[d=0] inc[d=54] flux[d=64] bnd[e=0] maxAbs=152        scaleF=76.76
  FAIL warped 3d 3    all-Neumann    negative    mixed     uniform     +explicit jump[d=0] inc[d=54] flux[d=54] bnd[e=0] maxAbs=152        scaleF=76.75
  FAIL warped 3d 3    all-Neumann    negative    mixed     nonuniform            jump[d=0] inc[d=54] flux[d=64] bnd[e=0] maxAbs=148        scaleF=74.99
  FAIL warped 3d 3    all-Neumann    negative    mixed     nonuniform  +explicit jump[d=0] inc[d=54] flux[d=54] bnd[e=0] maxAbs=149        scaleF=75.48
  FAIL warped 3d 3    all-Neumann    negative    swirl     uniform               jump[d=0] inc[d=54] flux[d=56] bnd[e=0] maxAbs=152        scaleF=75.96
  FAIL warped 3d 3    all-Neumann    negative    swirl     uniform     +explicit jump[d=0] inc[d=54] flux[d=54] bnd[e=0] maxAbs=152        scaleF=75.95
  FAIL warped 3d 3    all-Neumann    negative    swirl     nonuniform            jump[d=0] inc[d=54] flux[d=56] bnd[e=0] maxAbs=148        scaleF=74.19
  FAIL warped 3d 3    all-Neumann    negative    swirl     nonuniform  +explicit jump[d=0] inc[d=54] flux[d=54] bnd[e=0] maxAbs=149        scaleF=74.68
  FAIL warped 3d 3    all-Neumann    negative    reversed  uniform               jump[d=0] inc[d=54] flux[d=69] bnd[e=0] maxAbs=152        scaleF=75.97
  FAIL warped 3d 3    all-Neumann    negative    reversed  uniform     +explicit jump[d=0] inc[d=54] flux[d=54] bnd[e=0] maxAbs=152        scaleF=75.95
  FAIL warped 3d 3    all-Neumann    negative    reversed  nonuniform            jump[d=0] inc[d=54] flux[d=69] bnd[e=0] maxAbs=148        scaleF=74.19
  FAIL warped 3d 3    all-Neumann    negative    reversed  nonuniform  +explicit jump[d=0] inc[d=54] flux[d=54] bnd[e=0] maxAbs=149        scaleF=74.69
  FAIL L3 warped 3d 3    all-Neumann    swirl     all[0.003709->0.01925] solved[0.003707->1.615e-15 x4.36e-13] pin=yes solve[it=20 r=8.26e-15] pairs=54 errors=83
  FAIL L3 warped 3d 3    all-Neumann    mixed     all[1.564->2.165] solved[1.584->1.388e-14 x8.76e-15] pin=yes solve[it=24 r=1.81e-14] pairs=54 errors=90
       [warped 3d 3/mixed pin=no fixedValueFaces=27]
  FAIL warped 3d 3    mixed          uniform     positive  uniform               jump[d=0] inc[d=27] flux[d=27] bnd[e=0] maxAbs=207        scaleF=104.1
  FAIL warped 3d 3    mixed          uniform     positive  uniform     +explicit jump[d=0] inc[d=27] flux[d=27] bnd[e=0] maxAbs=208        scaleF=104.1
  FAIL warped 3d 3    mixed          uniform     positive  nonuniform            jump[d=0] inc[d=27] flux[d=27] bnd[e=0] maxAbs=545        scaleF=273.2
  FAIL warped 3d 3    mixed          uniform     positive  nonuniform  +explicit jump[d=0] inc[d=27] flux[d=27] bnd[e=0] maxAbs=546        scaleF=273.4
  FAIL warped 3d 3    mixed          uniform     negative  uniform               jump[d=0] inc[d=27] flux[d=27] bnd[e=0] maxAbs=207        scaleF=102.7
  FAIL warped 3d 3    mixed          uniform     negative  uniform     +explicit jump[d=0] inc[d=27] flux[d=27] bnd[e=0] maxAbs=208        scaleF=102.7
  FAIL warped 3d 3    mixed          uniform     negative  nonuniform            jump[d=0] inc[d=27] flux[d=27] bnd[e=0] maxAbs=545        scaleF=271.8
  FAIL warped 3d 3    mixed          uniform     negative  nonuniform  +explicit jump[d=0] inc[d=27] flux[d=27] bnd[e=0] maxAbs=546        scaleF=272
  FAIL warped 3d 3    mixed          uniform     mixed     uniform               jump[d=0] inc[d=27] flux[d=33] bnd[e=0] maxAbs=207        scaleF=103.4
  FAIL warped 3d 3    mixed          uniform     mixed     uniform     +explicit jump[d=0] inc[d=27] flux[d=27] bnd[e=0] maxAbs=208        scaleF=103.4
  FAIL warped 3d 3    mixed          uniform     mixed     nonuniform            jump[d=0] inc[d=27] flux[d=33] bnd[e=0] maxAbs=545        scaleF=272.5
  FAIL warped 3d 3    mixed          uniform     mixed     nonuniform  +explicit jump[d=0] inc[d=27] flux[d=27] bnd[e=0] maxAbs=546        scaleF=272.7
  FAIL warped 3d 3    mixed          uniform     swirl     uniform               jump[d=0] inc[d=27] flux[d=27] bnd[e=0] maxAbs=207        scaleF=103.4
  FAIL warped 3d 3    mixed          uniform     swirl     uniform     +explicit jump[d=0] inc[d=27] flux[d=27] bnd[e=0] maxAbs=208        scaleF=103.4
  FAIL warped 3d 3    mixed          uniform     swirl     nonuniform            jump[d=0] inc[d=27] flux[d=27] bnd[e=0] maxAbs=545        scaleF=272.5
  FAIL warped 3d 3    mixed          uniform     swirl     nonuniform  +explicit jump[d=0] inc[d=27] flux[d=27] bnd[e=0] maxAbs=546        scaleF=272.7
  FAIL warped 3d 3    mixed          uniform     reversed  uniform               jump[d=0] inc[d=27] flux[d=31] bnd[e=0] maxAbs=207        scaleF=103.4
  FAIL warped 3d 3    mixed          uniform     reversed  uniform     +explicit jump[d=0] inc[d=27] flux[d=27] bnd[e=0] maxAbs=208        scaleF=103.4
  FAIL warped 3d 3    mixed          uniform     reversed  nonuniform            jump[d=0] inc[d=27] flux[d=31] bnd[e=0] maxAbs=545        scaleF=272.5
  FAIL warped 3d 3    mixed          uniform     reversed  nonuniform  +explicit jump[d=0] inc[d=27] flux[d=27] bnd[e=0] maxAbs=546        scaleF=272.7
  FAIL warped 3d 3    mixed          linear      positive  uniform               jump[d=0] inc[d=81] flux[d=81] bnd[e=0] maxAbs=106        scaleF=53.65
  FAIL warped 3d 3    mixed          linear      positive  uniform     +explicit jump[d=0] inc[d=81] flux[d=81] bnd[e=0] maxAbs=106        scaleF=53.66
  FAIL warped 3d 3    mixed          linear      positive  nonuniform            jump[d=0] inc[d=81] flux[d=81] bnd[e=0] maxAbs=164        scaleF=82.74
  FAIL warped 3d 3    mixed          linear      positive  nonuniform  +explicit jump[d=0] inc[d=81] flux[d=81] bnd[e=0] maxAbs=164        scaleF=82.87
  FAIL warped 3d 3    mixed          linear      negative  uniform               jump[d=0] inc[d=81] flux[d=81] bnd[e=0] maxAbs=106        scaleF=52.25
  FAIL warped 3d 3    mixed          linear      negative  uniform     +explicit jump[d=0] inc[d=81] flux[d=81] bnd[e=0] maxAbs=106        scaleF=52.26
  FAIL warped 3d 3    mixed          linear      negative  nonuniform            jump[d=0] inc[d=81] flux[d=81] bnd[e=0] maxAbs=164        scaleF=81.34
  FAIL warped 3d 3    mixed          linear      negative  nonuniform  +explicit jump[d=0] inc[d=81] flux[d=81] bnd[e=0] maxAbs=164        scaleF=81.47
  FAIL warped 3d 3    mixed          linear      mixed     uniform               jump[d=0] inc[d=81] flux[d=87] bnd[e=0] maxAbs=106        scaleF=54.25
  FAIL warped 3d 3    mixed          linear      mixed     uniform     +explicit jump[d=0] inc[d=81] flux[d=81] bnd[e=0] maxAbs=106        scaleF=54.26
  FAIL warped 3d 3    mixed          linear      mixed     nonuniform            jump[d=0] inc[d=81] flux[d=87] bnd[e=0] maxAbs=164        scaleF=83.34
  FAIL warped 3d 3    mixed          linear      mixed     nonuniform  +explicit jump[d=0] inc[d=81] flux[d=81] bnd[e=0] maxAbs=164        scaleF=83.47
  FAIL warped 3d 3    mixed          linear      swirl     uniform               jump[d=0] inc[d=81] flux[d=81] bnd[e=0] maxAbs=106        scaleF=52.92
  FAIL warped 3d 3    mixed          linear      swirl     uniform     +explicit jump[d=0] inc[d=81] flux[d=81] bnd[e=0] maxAbs=106        scaleF=52.92
  FAIL warped 3d 3    mixed          linear      swirl     nonuniform            jump[d=0] inc[d=81] flux[d=81] bnd[e=0] maxAbs=164        scaleF=82.04
  FAIL warped 3d 3    mixed          linear      swirl     nonuniform  +explicit jump[d=0] inc[d=81] flux[d=81] bnd[e=0] maxAbs=164        scaleF=82.17
  FAIL warped 3d 3    mixed          linear      reversed  uniform               jump[d=0] inc[d=81] flux[d=85] bnd[e=0] maxAbs=106        scaleF=52.99
  FAIL warped 3d 3    mixed          linear      reversed  uniform     +explicit jump[d=0] inc[d=81] flux[d=81] bnd[e=0] maxAbs=106        scaleF=52.99
  FAIL warped 3d 3    mixed          linear      reversed  nonuniform            jump[d=0] inc[d=81] flux[d=85] bnd[e=0] maxAbs=164        scaleF=82.04
  FAIL warped 3d 3    mixed          linear      reversed  nonuniform  +explicit jump[d=0] inc[d=81] flux[d=81] bnd[e=0] maxAbs=164        scaleF=82.17
  FAIL warped 3d 3    mixed          nonuniform  positive  uniform               jump[d=0] inc[d=81] flux[d=81] bnd[e=0] maxAbs=332        scaleF=166.8
  FAIL warped 3d 3    mixed          nonuniform  positive  uniform     +explicit jump[d=0] inc[d=81] flux[d=81] bnd[e=0] maxAbs=333        scaleF=166.7
  FAIL warped 3d 3    mixed          nonuniform  positive  nonuniform            jump[d=0] inc[d=81] flux[d=81] bnd[e=0] maxAbs=603        scaleF=300.6
  FAIL warped 3d 3    mixed          nonuniform  positive  nonuniform  +explicit jump[d=0] inc[d=81] flux[d=81] bnd[e=0] maxAbs=604        scaleF=301.9
  FAIL warped 3d 3    mixed          nonuniform  negative  uniform               jump[d=0] inc[d=81] flux[d=81] bnd[e=0] maxAbs=332        scaleF=165.4
  FAIL warped 3d 3    mixed          nonuniform  negative  uniform     +explicit jump[d=0] inc[d=81] flux[d=81] bnd[e=0] maxAbs=333        scaleF=165.3
  FAIL warped 3d 3    mixed          nonuniform  negative  nonuniform            jump[d=0] inc[d=81] flux[d=81] bnd[e=0] maxAbs=603        scaleF=302
  FAIL warped 3d 3    mixed          nonuniform  negative  nonuniform  +explicit jump[d=0] inc[d=81] flux[d=81] bnd[e=0] maxAbs=604        scaleF=303.3
  FAIL warped 3d 3    mixed          nonuniform  mixed     uniform               jump[d=0] inc[d=81] flux[d=87] bnd[e=0] maxAbs=332        scaleF=166.1
  FAIL warped 3d 3    mixed          nonuniform  mixed     uniform     +explicit jump[d=0] inc[d=81] flux[d=81] bnd[e=0] maxAbs=333        scaleF=166
  FAIL warped 3d 3    mixed          nonuniform  mixed     nonuniform            jump[d=0] inc[d=81] flux[d=87] bnd[e=0] maxAbs=603        scaleF=302.1
  FAIL warped 3d 3    mixed          nonuniform  mixed     nonuniform  +explicit jump[d=0] inc[d=81] flux[d=81] bnd[e=0] maxAbs=604        scaleF=303.4
  FAIL warped 3d 3    mixed          nonuniform  swirl     uniform               jump[d=0] inc[d=81] flux[d=81] bnd[e=0] maxAbs=332        scaleF=166.1
  FAIL warped 3d 3    mixed          nonuniform  swirl     uniform     +explicit jump[d=0] inc[d=81] flux[d=81] bnd[e=0] maxAbs=333        scaleF=166
  FAIL warped 3d 3    mixed          nonuniform  swirl     nonuniform            jump[d=0] inc[d=81] flux[d=81] bnd[e=0] maxAbs=603        scaleF=301.3
  FAIL warped 3d 3    mixed          nonuniform  swirl     nonuniform  +explicit jump[d=0] inc[d=81] flux[d=81] bnd[e=0] maxAbs=604        scaleF=302.6
  FAIL warped 3d 3    mixed          nonuniform  reversed  uniform               jump[d=0] inc[d=81] flux[d=85] bnd[e=0] maxAbs=332        scaleF=166.1
  FAIL warped 3d 3    mixed          nonuniform  reversed  uniform     +explicit jump[d=0] inc[d=81] flux[d=81] bnd[e=0] maxAbs=333        scaleF=166
  FAIL warped 3d 3    mixed          nonuniform  reversed  nonuniform            jump[d=0] inc[d=81] flux[d=85] bnd[e=0] maxAbs=603        scaleF=301.3
  FAIL warped 3d 3    mixed          nonuniform  reversed  nonuniform  +explicit jump[d=0] inc[d=81] flux[d=81] bnd[e=0] maxAbs=604        scaleF=302.6
  FAIL warped 3d 3    mixed          negative    positive  uniform               jump[d=0] inc[d=81] flux[d=81] bnd[e=0] maxAbs=332        scaleF=165.4
  FAIL warped 3d 3    mixed          negative    positive  uniform     +explicit jump[d=0] inc[d=81] flux[d=81] bnd[e=0] maxAbs=333        scaleF=166.1
  FAIL warped 3d 3    mixed          negative    positive  nonuniform            jump[d=0] inc[d=81] flux[d=81] bnd[e=0] maxAbs=603        scaleF=302
  FAIL warped 3d 3    mixed          negative    positive  nonuniform  +explicit jump[d=0] inc[d=81] flux[d=81] bnd[e=0] maxAbs=604        scaleF=301.9
  FAIL warped 3d 3    mixed          negative    negative  uniform               jump[d=0] inc[d=81] flux[d=81] bnd[e=0] maxAbs=332        scaleF=166.8
  FAIL warped 3d 3    mixed          negative    negative  uniform     +explicit jump[d=0] inc[d=81] flux[d=81] bnd[e=0] maxAbs=333        scaleF=167.5
  FAIL warped 3d 3    mixed          negative    negative  nonuniform            jump[d=0] inc[d=81] flux[d=81] bnd[e=0] maxAbs=603        scaleF=300.6
  FAIL warped 3d 3    mixed          negative    negative  nonuniform  +explicit jump[d=0] inc[d=81] flux[d=81] bnd[e=0] maxAbs=604        scaleF=300.5
  FAIL warped 3d 3    mixed          negative    mixed     uniform               jump[d=0] inc[d=81] flux[d=87] bnd[e=0] maxAbs=332        scaleF=166.1
  FAIL warped 3d 3    mixed          negative    mixed     uniform     +explicit jump[d=0] inc[d=81] flux[d=81] bnd[e=0] maxAbs=333        scaleF=166.8
  FAIL warped 3d 3    mixed          negative    mixed     nonuniform            jump[d=0] inc[d=81] flux[d=87] bnd[e=0] maxAbs=603        scaleF=300.5
  FAIL warped 3d 3    mixed          negative    mixed     nonuniform  +explicit jump[d=0] inc[d=81] flux[d=81] bnd[e=0] maxAbs=604        scaleF=300.4
  FAIL warped 3d 3    mixed          negative    swirl     uniform               jump[d=0] inc[d=81] flux[d=81] bnd[e=0] maxAbs=332        scaleF=166.1
  FAIL warped 3d 3    mixed          negative    swirl     uniform     +explicit jump[d=0] inc[d=81] flux[d=81] bnd[e=0] maxAbs=333        scaleF=166.8
  FAIL warped 3d 3    mixed          negative    swirl     nonuniform            jump[d=0] inc[d=81] flux[d=81] bnd[e=0] maxAbs=603        scaleF=301.3
  FAIL warped 3d 3    mixed          negative    swirl     nonuniform  +explicit jump[d=0] inc[d=81] flux[d=81] bnd[e=0] maxAbs=604        scaleF=301.2
  FAIL warped 3d 3    mixed          negative    reversed  uniform               jump[d=0] inc[d=81] flux[d=85] bnd[e=0] maxAbs=332        scaleF=166.1
  FAIL warped 3d 3    mixed          negative    reversed  uniform     +explicit jump[d=0] inc[d=81] flux[d=81] bnd[e=0] maxAbs=333        scaleF=166.8
  FAIL warped 3d 3    mixed          negative    reversed  nonuniform            jump[d=0] inc[d=81] flux[d=85] bnd[e=0] maxAbs=603        scaleF=301.3
  FAIL warped 3d 3    mixed          negative    reversed  nonuniform  +explicit jump[d=0] inc[d=81] flux[d=81] bnd[e=0] maxAbs=604        scaleF=301.2
  FAIL L3 warped 3d 3    mixed          swirl     all[0.003709->4.586e-16] solved[0.003709->4.586e-16 x1.24e-13] pin=no solve[it=16 r=2.38e-15] pairs=54 errors=108
  FAIL L3 warped 3d 3    mixed          mixed     all[1.564->7.973e-15] solved[1.564->7.973e-15 x5.1e-15] pin=no solve[it=17 r=4.13e-14] pairs=54 errors=114
       [warped 3d 3/all-FixedValue pin=no fixedValueFaces=54]
  FAIL warped 3d 3    all-FixedValue uniform     positive  uniform               jump[d=0] inc[d=54] flux[d=54] bnd[e=0] maxAbs=213        scaleF=107.1
  FAIL warped 3d 3    all-FixedValue uniform     positive  uniform     +explicit jump[d=0] inc[d=54] flux[d=54] bnd[e=0] maxAbs=214        scaleF=107.8
  FAIL warped 3d 3    all-FixedValue uniform     positive  nonuniform            jump[d=0] inc[d=54] flux[d=54] bnd[e=0] maxAbs=597        scaleF=299.3
  FAIL warped 3d 3    all-FixedValue uniform     positive  nonuniform  +explicit jump[d=0] inc[d=54] flux[d=54] bnd[e=0] maxAbs=597        scaleF=302.1
  FAIL warped 3d 3    all-FixedValue uniform     negative  uniform               jump[d=0] inc[d=54] flux[d=54] bnd[e=0] maxAbs=213        scaleF=105.7
  FAIL warped 3d 3    all-FixedValue uniform     negative  uniform     +explicit jump[d=0] inc[d=54] flux[d=54] bnd[e=0] maxAbs=214        scaleF=106.4
  FAIL warped 3d 3    all-FixedValue uniform     negative  nonuniform            jump[d=0] inc[d=54] flux[d=54] bnd[e=0] maxAbs=597        scaleF=297.9
  FAIL warped 3d 3    all-FixedValue uniform     negative  nonuniform  +explicit jump[d=0] inc[d=54] flux[d=54] bnd[e=0] maxAbs=597        scaleF=300.7
  FAIL warped 3d 3    all-FixedValue uniform     mixed     uniform               jump[d=0] inc[d=54] flux[d=54] bnd[e=0] maxAbs=213        scaleF=105.6
  FAIL warped 3d 3    all-FixedValue uniform     mixed     uniform     +explicit jump[d=0] inc[d=54] flux[d=54] bnd[e=0] maxAbs=214        scaleF=106.3
  FAIL warped 3d 3    all-FixedValue uniform     mixed     nonuniform            jump[d=0] inc[d=54] flux[d=54] bnd[e=0] maxAbs=597        scaleF=299.9
  FAIL warped 3d 3    all-FixedValue uniform     mixed     nonuniform  +explicit jump[d=0] inc[d=54] flux[d=54] bnd[e=0] maxAbs=597        scaleF=302.7
  FAIL warped 3d 3    all-FixedValue uniform     swirl     uniform               jump[d=0] inc[d=54] flux[d=54] bnd[e=0] maxAbs=213        scaleF=106.4
  FAIL warped 3d 3    all-FixedValue uniform     swirl     uniform     +explicit jump[d=0] inc[d=54] flux[d=54] bnd[e=0] maxAbs=214        scaleF=107.1
  FAIL warped 3d 3    all-FixedValue uniform     swirl     nonuniform            jump[d=0] inc[d=54] flux[d=54] bnd[e=0] maxAbs=597        scaleF=298.6
  FAIL warped 3d 3    all-FixedValue uniform     swirl     nonuniform  +explicit jump[d=0] inc[d=54] flux[d=54] bnd[e=0] maxAbs=597        scaleF=301.5
  FAIL warped 3d 3    all-FixedValue uniform     reversed  uniform               jump[d=0] inc[d=54] flux[d=54] bnd[e=0] maxAbs=213        scaleF=106.4
  FAIL warped 3d 3    all-FixedValue uniform     reversed  uniform     +explicit jump[d=0] inc[d=54] flux[d=54] bnd[e=0] maxAbs=214        scaleF=107.1
  FAIL warped 3d 3    all-FixedValue uniform     reversed  nonuniform            jump[d=0] inc[d=54] flux[d=54] bnd[e=0] maxAbs=597        scaleF=298.6
  FAIL warped 3d 3    all-FixedValue uniform     reversed  nonuniform  +explicit jump[d=0] inc[d=54] flux[d=54] bnd[e=0] maxAbs=597        scaleF=301.4
  FAIL warped 3d 3    all-FixedValue linear      positive  uniform               jump[d=0] inc[d=108] flux[d=108] bnd[e=0] maxAbs=109        scaleF=54.98
  FAIL warped 3d 3    all-FixedValue linear      positive  uniform     +explicit jump[d=0] inc[d=108] flux[d=108] bnd[e=0] maxAbs=109        scaleF=54.21
  FAIL warped 3d 3    all-FixedValue linear      positive  nonuniform            jump[d=0] inc[d=108] flux[d=108] bnd[e=0] maxAbs=268        scaleF=134.8
  FAIL warped 3d 3    all-FixedValue linear      positive  nonuniform  +explicit jump[d=0] inc[d=108] flux[d=108] bnd[e=0] maxAbs=268        scaleF=135.1
  FAIL warped 3d 3    all-FixedValue linear      negative  uniform               jump[d=0] inc[d=108] flux[d=108] bnd[e=0] maxAbs=109        scaleF=53.58
  FAIL warped 3d 3    all-FixedValue linear      negative  uniform     +explicit jump[d=0] inc[d=108] flux[d=108] bnd[e=0] maxAbs=109        scaleF=52.81
  FAIL warped 3d 3    all-FixedValue linear      negative  nonuniform            jump[d=0] inc[d=108] flux[d=108] bnd[e=0] maxAbs=268        scaleF=133.4
  FAIL warped 3d 3    all-FixedValue linear      negative  nonuniform  +explicit jump[d=0] inc[d=108] flux[d=108] bnd[e=0] maxAbs=268        scaleF=133.7
  FAIL warped 3d 3    all-FixedValue linear      mixed     uniform               jump[d=0] inc[d=108] flux[d=108] bnd[e=0] maxAbs=109        scaleF=54.73
  FAIL warped 3d 3    all-FixedValue linear      mixed     uniform     +explicit jump[d=0] inc[d=108] flux[d=108] bnd[e=0] maxAbs=109        scaleF=54.26
  FAIL warped 3d 3    all-FixedValue linear      mixed     nonuniform            jump[d=0] inc[d=108] flux[d=108] bnd[e=0] maxAbs=268        scaleF=134.1
  FAIL warped 3d 3    all-FixedValue linear      mixed     nonuniform  +explicit jump[d=0] inc[d=108] flux[d=108] bnd[e=0] maxAbs=268        scaleF=134.4
  FAIL warped 3d 3    all-FixedValue linear      swirl     uniform               jump[d=0] inc[d=108] flux[d=108] bnd[e=0] maxAbs=109        scaleF=54.31
  FAIL warped 3d 3    all-FixedValue linear      swirl     uniform     +explicit jump[d=0] inc[d=108] flux[d=108] bnd[e=0] maxAbs=109        scaleF=53.55
  FAIL warped 3d 3    all-FixedValue linear      swirl     nonuniform            jump[d=0] inc[d=108] flux[d=108] bnd[e=0] maxAbs=268        scaleF=134.1
  FAIL warped 3d 3    all-FixedValue linear      swirl     nonuniform  +explicit jump[d=0] inc[d=108] flux[d=108] bnd[e=0] maxAbs=268        scaleF=134.4
  FAIL warped 3d 3    all-FixedValue linear      reversed  uniform               jump[d=0] inc[d=108] flux[d=108] bnd[e=0] maxAbs=109        scaleF=54.24
  FAIL warped 3d 3    all-FixedValue linear      reversed  uniform     +explicit jump[d=0] inc[d=108] flux[d=108] bnd[e=0] maxAbs=109        scaleF=53.48
  FAIL warped 3d 3    all-FixedValue linear      reversed  nonuniform            jump[d=0] inc[d=108] flux[d=108] bnd[e=0] maxAbs=268        scaleF=134.1
  FAIL warped 3d 3    all-FixedValue linear      reversed  nonuniform  +explicit jump[d=0] inc[d=108] flux[d=108] bnd[e=0] maxAbs=268        scaleF=134.4
  FAIL warped 3d 3    all-FixedValue nonuniform  positive  uniform               jump[d=0] inc[d=108] flux[d=108] bnd[e=0] maxAbs=332        scaleF=166.8
  FAIL warped 3d 3    all-FixedValue nonuniform  positive  uniform     +explicit jump[d=0] inc[d=108] flux[d=108] bnd[e=0] maxAbs=333        scaleF=165.6
  FAIL warped 3d 3    all-FixedValue nonuniform  positive  nonuniform            jump[d=0] inc[d=108] flux[d=108] bnd[e=0] maxAbs=609        scaleF=305.2
  FAIL warped 3d 3    all-FixedValue nonuniform  positive  nonuniform  +explicit jump[d=0] inc[d=108] flux[d=108] bnd[e=0] maxAbs=610        scaleF=303.4
  FAIL warped 3d 3    all-FixedValue nonuniform  negative  uniform               jump[d=0] inc[d=108] flux[d=108] bnd[e=0] maxAbs=332        scaleF=165.4
  FAIL warped 3d 3    all-FixedValue nonuniform  negative  uniform     +explicit jump[d=0] inc[d=108] flux[d=108] bnd[e=0] maxAbs=333        scaleF=164.2
  FAIL warped 3d 3    all-FixedValue nonuniform  negative  nonuniform            jump[d=0] inc[d=108] flux[d=108] bnd[e=0] maxAbs=609        scaleF=303.8
  FAIL warped 3d 3    all-FixedValue nonuniform  negative  nonuniform  +explicit jump[d=0] inc[d=108] flux[d=108] bnd[e=0] maxAbs=610        scaleF=302
  FAIL warped 3d 3    all-FixedValue nonuniform  mixed     uniform               jump[d=0] inc[d=108] flux[d=108] bnd[e=0] maxAbs=332        scaleF=166.1
  FAIL warped 3d 3    all-FixedValue nonuniform  mixed     uniform     +explicit jump[d=0] inc[d=108] flux[d=108] bnd[e=0] maxAbs=333        scaleF=164.9
  FAIL warped 3d 3    all-FixedValue nonuniform  mixed     nonuniform            jump[d=0] inc[d=108] flux[d=108] bnd[e=0] maxAbs=609        scaleF=304.5
  FAIL warped 3d 3    all-FixedValue nonuniform  mixed     nonuniform  +explicit jump[d=0] inc[d=108] flux[d=108] bnd[e=0] maxAbs=610        scaleF=302.7
  FAIL warped 3d 3    all-FixedValue nonuniform  swirl     uniform               jump[d=0] inc[d=108] flux[d=108] bnd[e=0] maxAbs=332        scaleF=166.1
  FAIL warped 3d 3    all-FixedValue nonuniform  swirl     uniform     +explicit jump[d=0] inc[d=108] flux[d=108] bnd[e=0] maxAbs=333        scaleF=164.9
  FAIL warped 3d 3    all-FixedValue nonuniform  swirl     nonuniform            jump[d=0] inc[d=108] flux[d=108] bnd[e=0] maxAbs=609        scaleF=304.5
  FAIL warped 3d 3    all-FixedValue nonuniform  swirl     nonuniform  +explicit jump[d=0] inc[d=108] flux[d=108] bnd[e=0] maxAbs=610        scaleF=302.7
  FAIL warped 3d 3    all-FixedValue nonuniform  reversed  uniform               jump[d=0] inc[d=108] flux[d=108] bnd[e=0] maxAbs=332        scaleF=166.1
  FAIL warped 3d 3    all-FixedValue nonuniform  reversed  uniform     +explicit jump[d=0] inc[d=108] flux[d=108] bnd[e=0] maxAbs=333        scaleF=164.9
  FAIL warped 3d 3    all-FixedValue nonuniform  reversed  nonuniform            jump[d=0] inc[d=108] flux[d=108] bnd[e=0] maxAbs=609        scaleF=304.5
  FAIL warped 3d 3    all-FixedValue nonuniform  reversed  nonuniform  +explicit jump[d=0] inc[d=108] flux[d=108] bnd[e=0] maxAbs=610        scaleF=302.7
  FAIL warped 3d 3    all-FixedValue negative    positive  uniform               jump[d=0] inc[d=108] flux[d=108] bnd[e=0] maxAbs=332        scaleF=165.4
  FAIL warped 3d 3    all-FixedValue negative    positive  uniform     +explicit jump[d=0] inc[d=108] flux[d=108] bnd[e=0] maxAbs=333        scaleF=167.2
  FAIL warped 3d 3    all-FixedValue negative    positive  nonuniform            jump[d=0] inc[d=108] flux[d=108] bnd[e=0] maxAbs=609        scaleF=303.8
  FAIL warped 3d 3    all-FixedValue negative    positive  nonuniform  +explicit jump[d=0] inc[d=108] flux[d=108] bnd[e=0] maxAbs=610        scaleF=306.6
  FAIL warped 3d 3    all-FixedValue negative    negative  uniform               jump[d=0] inc[d=108] flux[d=108] bnd[e=0] maxAbs=332        scaleF=166.8
  FAIL warped 3d 3    all-FixedValue negative    negative  uniform     +explicit jump[d=0] inc[d=108] flux[d=108] bnd[e=0] maxAbs=333        scaleF=168.6
  FAIL warped 3d 3    all-FixedValue negative    negative  nonuniform            jump[d=0] inc[d=108] flux[d=108] bnd[e=0] maxAbs=609        scaleF=305.2
  FAIL warped 3d 3    all-FixedValue negative    negative  nonuniform  +explicit jump[d=0] inc[d=108] flux[d=108] bnd[e=0] maxAbs=610        scaleF=308
  FAIL warped 3d 3    all-FixedValue negative    mixed     uniform               jump[d=0] inc[d=108] flux[d=108] bnd[e=0] maxAbs=332        scaleF=166.1
  FAIL warped 3d 3    all-FixedValue negative    mixed     uniform     +explicit jump[d=0] inc[d=108] flux[d=108] bnd[e=0] maxAbs=333        scaleF=167.9
  FAIL warped 3d 3    all-FixedValue negative    mixed     nonuniform            jump[d=0] inc[d=108] flux[d=108] bnd[e=0] maxAbs=609        scaleF=304.5
  FAIL warped 3d 3    all-FixedValue negative    mixed     nonuniform  +explicit jump[d=0] inc[d=108] flux[d=108] bnd[e=0] maxAbs=610        scaleF=307.3
  FAIL warped 3d 3    all-FixedValue negative    swirl     uniform               jump[d=0] inc[d=108] flux[d=108] bnd[e=0] maxAbs=332        scaleF=166.1
  FAIL warped 3d 3    all-FixedValue negative    swirl     uniform     +explicit jump[d=0] inc[d=108] flux[d=108] bnd[e=0] maxAbs=333        scaleF=167.9
  FAIL warped 3d 3    all-FixedValue negative    swirl     nonuniform            jump[d=0] inc[d=108] flux[d=108] bnd[e=0] maxAbs=609        scaleF=304.5
  FAIL warped 3d 3    all-FixedValue negative    swirl     nonuniform  +explicit jump[d=0] inc[d=108] flux[d=108] bnd[e=0] maxAbs=610        scaleF=307.3
  FAIL warped 3d 3    all-FixedValue negative    reversed  uniform               jump[d=0] inc[d=108] flux[d=108] bnd[e=0] maxAbs=332        scaleF=166.1
  FAIL warped 3d 3    all-FixedValue negative    reversed  uniform     +explicit jump[d=0] inc[d=108] flux[d=108] bnd[e=0] maxAbs=333        scaleF=167.9
  FAIL warped 3d 3    all-FixedValue negative    reversed  nonuniform            jump[d=0] inc[d=108] flux[d=108] bnd[e=0] maxAbs=609        scaleF=304.5
  FAIL warped 3d 3    all-FixedValue negative    reversed  nonuniform  +explicit jump[d=0] inc[d=108] flux[d=108] bnd[e=0] maxAbs=610        scaleF=307.3
  FAIL L3 warped 3d 3    all-FixedValue swirl     all[0.003709->7.45e-16] solved[0.003709->7.45e-16 x2.01e-13] pin=no solve[it=16 r=3.87e-15] pairs=54 errors=135
  FAIL L3 warped 3d 3    all-FixedValue mixed     all[1.564->4.805e-15] solved[1.564->4.805e-15 x3.07e-15] pin=no solve[it=17 r=2.43e-14] pairs=54 errors=135
  FAIL L4a warped 3d 3    controlled p' differing=81 maxAbs=282        scale=133.4

=== coverage ===
  2D / 3D direct cases              300 / 300
  without / with explicit term      300 / 300
  interior faces compared           160200
  corrected (FixedValue) boundary faces 17700
  untouched Neumann boundary faces  8850
  continuity cases                  12
  imbalance reduced                 9
  already-conservative predictors   3
  owner/neighbour cancellations     3204
  signed-zero flips (recorded, not errors) 828
  controlled p' cases               2
  full chain cases (GPU solve)      0
  values compared                   587452
  bitwise-identical                 365843
  max absolute discrepancy          1.25e+03
  max relative discrepancy          2.67e+03

cases=614 failures=459
FACE FLUX CORRECTION EQUIVALENCE: FAIL
