# k5_boundary_special_case_missing  (expectation: detect)
# a boundary face reads a neighbour value instead of the Dirichlet 0.0 -- the owner's own p', which is what a missing boundary case looks like
# mutation applied to cuda/kernels/DeviceFaceFluxCorrectionKernel.cu
# --- anchor ---
  const Real pNeighbor = neighbor == DeviceMesh::kNoNeighbor ? 0.0 : pressureCorrection[neighbor];
# --- became ---
  const Real pNeighbor = neighbor == DeviceMesh::kNoNeighbor ? pOwner : pressureCorrection[neighbor];
# verdict: DETECTED (exit 1)

=== GPU-DISC-001K: CUDA face-flux correction vs CPU (bitwise) ===
CPU reference: pressure_velocity::correctFaceMassFlux

       [distorted q16/all-Neumann pin=yes fixedValueFaces=0]
  FAIL distorted q16  all-Neumann    linear      mixed     uniform               jump[d=0] inc[d=0] flux[d=5] bnd[e=0] maxAbs=0          scaleF=5.791
  FAIL distorted q16  all-Neumann    linear      mixed     nonuniform            jump[d=0] inc[d=0] flux[d=5] bnd[e=0] maxAbs=0          scaleF=10.13
  FAIL distorted q16  all-Neumann    nonuniform  mixed     uniform               jump[d=0] inc[d=0] flux[d=7] bnd[e=0] maxAbs=0          scaleF=48.26
  FAIL distorted q16  all-Neumann    nonuniform  mixed     nonuniform            jump[d=0] inc[d=0] flux[d=7] bnd[e=0] maxAbs=0          scaleF=101.3
  FAIL distorted q16  all-Neumann    negative    mixed     uniform               jump[d=0] inc[d=0] flux[d=6] bnd[e=0] maxAbs=0          scaleF=47.53
  FAIL distorted q16  all-Neumann    negative    mixed     nonuniform            jump[d=0] inc[d=0] flux[d=6] bnd[e=0] maxAbs=0          scaleF=101.3
  PASS L3 distorted q16  all-Neumann    swirl     all[4.427e-18->4.427e-18] solved[4.436e-18->4.436e-18 x1] pin=yes solve[it=0 r=7.08e-17] pairs=480 errors=0
  FAIL L3 distorted q16  all-Neumann    mixed     all[1.534->0.8219] solved[1.533->1.245e-13 x8.12e-14] pin=yes solve[it=122 r=1.56e-13] pairs=480 errors=13
       [distorted q16/mixed pin=no fixedValueFaces=32]
  FAIL distorted q16  mixed          uniform     positive  uniform               jump[d=0] inc[d=32] flux[d=32] bnd[e=0] maxAbs=317        scaleF=317.8
  FAIL distorted q16  mixed          uniform     positive  uniform     +explicit jump[d=0] inc[d=32] flux[d=32] bnd[e=0] maxAbs=320        scaleF=320.6
  FAIL distorted q16  mixed          uniform     positive  nonuniform            jump[d=0] inc[d=32] flux[d=32] bnd[e=0] maxAbs=309        scaleF=309.8
  FAIL distorted q16  mixed          uniform     positive  nonuniform  +explicit jump[d=0] inc[d=32] flux[d=32] bnd[e=0] maxAbs=309        scaleF=309.9
  FAIL distorted q16  mixed          uniform     negative  uniform               jump[d=0] inc[d=32] flux[d=32] bnd[e=0] maxAbs=317        scaleF=316.4
  FAIL distorted q16  mixed          uniform     negative  uniform     +explicit jump[d=0] inc[d=32] flux[d=32] bnd[e=0] maxAbs=320        scaleF=319.2
  FAIL distorted q16  mixed          uniform     negative  nonuniform            jump[d=0] inc[d=32] flux[d=32] bnd[e=0] maxAbs=309        scaleF=308.4
  FAIL distorted q16  mixed          uniform     negative  nonuniform  +explicit jump[d=0] inc[d=32] flux[d=32] bnd[e=0] maxAbs=309        scaleF=308.5
  FAIL distorted q16  mixed          uniform     mixed     uniform               jump[d=0] inc[d=32] flux[d=32] bnd[e=0] maxAbs=317        scaleF=318.4
  FAIL distorted q16  mixed          uniform     mixed     uniform     +explicit jump[d=0] inc[d=32] flux[d=32] bnd[e=0] maxAbs=320        scaleF=321
  FAIL distorted q16  mixed          uniform     mixed     nonuniform            jump[d=0] inc[d=32] flux[d=32] bnd[e=0] maxAbs=309        scaleF=310.4
  FAIL distorted q16  mixed          uniform     mixed     nonuniform  +explicit jump[d=0] inc[d=32] flux[d=32] bnd[e=0] maxAbs=309        scaleF=310.5
  FAIL distorted q16  mixed          uniform     swirl     uniform               jump[d=0] inc[d=32] flux[d=32] bnd[e=0] maxAbs=317        scaleF=317.1
  FAIL distorted q16  mixed          uniform     swirl     uniform     +explicit jump[d=0] inc[d=32] flux[d=32] bnd[e=0] maxAbs=320        scaleF=319.9
  FAIL distorted q16  mixed          uniform     swirl     nonuniform            jump[d=0] inc[d=32] flux[d=32] bnd[e=0] maxAbs=309        scaleF=309.1
  FAIL distorted q16  mixed          uniform     swirl     nonuniform  +explicit jump[d=0] inc[d=32] flux[d=32] bnd[e=0] maxAbs=309        scaleF=309.2
  FAIL distorted q16  mixed          uniform     reversed  uniform               jump[d=0] inc[d=32] flux[d=32] bnd[e=0] maxAbs=317        scaleF=317.1
  FAIL distorted q16  mixed          uniform     reversed  uniform     +explicit jump[d=0] inc[d=32] flux[d=32] bnd[e=0] maxAbs=320        scaleF=319.9
  FAIL distorted q16  mixed          uniform     reversed  nonuniform            jump[d=0] inc[d=32] flux[d=32] bnd[e=0] maxAbs=309        scaleF=309.1
  FAIL distorted q16  mixed          uniform     reversed  nonuniform  +explicit jump[d=0] inc[d=32] flux[d=32] bnd[e=0] maxAbs=309        scaleF=309.2
  FAIL distorted q16  mixed          linear      positive  uniform               jump[d=0] inc[d=32] flux[d=32] bnd[e=0] maxAbs=135        scaleF=136
  FAIL distorted q16  mixed          linear      positive  uniform     +explicit jump[d=0] inc[d=32] flux[d=32] bnd[e=0] maxAbs=135        scaleF=136.1
  FAIL distorted q16  mixed          linear      positive  nonuniform            jump[d=0] inc[d=32] flux[d=32] bnd[e=0] maxAbs=141        scaleF=141.8
  FAIL distorted q16  mixed          linear      positive  nonuniform  +explicit jump[d=0] inc[d=32] flux[d=32] bnd[e=0] maxAbs=141        scaleF=141.8
  FAIL distorted q16  mixed          linear      negative  uniform               jump[d=0] inc[d=32] flux[d=32] bnd[e=0] maxAbs=135        scaleF=134.6
  FAIL distorted q16  mixed          linear      negative  uniform     +explicit jump[d=0] inc[d=32] flux[d=32] bnd[e=0] maxAbs=135        scaleF=134.7
  FAIL distorted q16  mixed          linear      negative  nonuniform            jump[d=0] inc[d=32] flux[d=32] bnd[e=0] maxAbs=141        scaleF=140.4
  FAIL distorted q16  mixed          linear      negative  nonuniform  +explicit jump[d=0] inc[d=32] flux[d=32] bnd[e=0] maxAbs=141        scaleF=140.4
  FAIL distorted q16  mixed          linear      mixed     uniform               jump[d=0] inc[d=32] flux[d=34] bnd[e=0] maxAbs=135        scaleF=136.6
  FAIL distorted q16  mixed          linear      mixed     uniform     +explicit jump[d=0] inc[d=32] flux[d=32] bnd[e=0] maxAbs=135        scaleF=136.7
  FAIL distorted q16  mixed          linear      mixed     nonuniform            jump[d=0] inc[d=32] flux[d=34] bnd[e=0] maxAbs=141        scaleF=142.4
  FAIL distorted q16  mixed          linear      mixed     nonuniform  +explicit jump[d=0] inc[d=32] flux[d=32] bnd[e=0] maxAbs=141        scaleF=142.4
  FAIL distorted q16  mixed          linear      swirl     uniform               jump[d=0] inc[d=32] flux[d=32] bnd[e=0] maxAbs=135        scaleF=135.3
  FAIL distorted q16  mixed          linear      swirl     uniform     +explicit jump[d=0] inc[d=32] flux[d=32] bnd[e=0] maxAbs=135        scaleF=135.4
  FAIL distorted q16  mixed          linear      swirl     nonuniform            jump[d=0] inc[d=32] flux[d=32] bnd[e=0] maxAbs=141        scaleF=141.1
  FAIL distorted q16  mixed          linear      swirl     nonuniform  +explicit jump[d=0] inc[d=32] flux[d=32] bnd[e=0] maxAbs=141        scaleF=141.1
  FAIL distorted q16  mixed          linear      reversed  uniform               jump[d=0] inc[d=32] flux[d=32] bnd[e=0] maxAbs=135        scaleF=135.4
  FAIL distorted q16  mixed          linear      reversed  uniform     +explicit jump[d=0] inc[d=32] flux[d=32] bnd[e=0] maxAbs=135        scaleF=135.4
  FAIL distorted q16  mixed          linear      reversed  nonuniform            jump[d=0] inc[d=32] flux[d=32] bnd[e=0] maxAbs=141        scaleF=141.1
  FAIL distorted q16  mixed          linear      reversed  nonuniform  +explicit jump[d=0] inc[d=32] flux[d=32] bnd[e=0] maxAbs=141        scaleF=141.2
  FAIL distorted q16  mixed          nonuniform  positive  uniform               jump[d=0] inc[d=32] flux[d=32] bnd[e=0] maxAbs=474        scaleF=474.9
  FAIL distorted q16  mixed          nonuniform  positive  uniform     +explicit jump[d=0] inc[d=32] flux[d=32] bnd[e=0] maxAbs=482        scaleF=481.6
  FAIL distorted q16  mixed          nonuniform  positive  nonuniform            jump[d=0] inc[d=32] flux[d=32] bnd[e=0] maxAbs=335        scaleF=335.7
  FAIL distorted q16  mixed          nonuniform  positive  nonuniform  +explicit jump[d=0] inc[d=32] flux[d=32] bnd[e=0] maxAbs=340        scaleF=340.2
  FAIL distorted q16  mixed          nonuniform  negative  uniform               jump[d=0] inc[d=32] flux[d=32] bnd[e=0] maxAbs=474        scaleF=473.5
  FAIL distorted q16  mixed          nonuniform  negative  uniform     +explicit jump[d=0] inc[d=32] flux[d=32] bnd[e=0] maxAbs=482        scaleF=480.2
  FAIL distorted q16  mixed          nonuniform  negative  nonuniform            jump[d=0] inc[d=32] flux[d=32] bnd[e=0] maxAbs=335        scaleF=334.3
  FAIL distorted q16  mixed          nonuniform  negative  nonuniform  +explicit jump[d=0] inc[d=32] flux[d=32] bnd[e=0] maxAbs=340        scaleF=338.8
  FAIL distorted q16  mixed          nonuniform  mixed     uniform               jump[d=0] inc[d=32] flux[d=37] bnd[e=0] maxAbs=474        scaleF=474.2
  FAIL distorted q16  mixed          nonuniform  mixed     uniform     +explicit jump[d=0] inc[d=32] flux[d=32] bnd[e=0] maxAbs=482        scaleF=480.9
  FAIL distorted q16  mixed          nonuniform  mixed     nonuniform            jump[d=0] inc[d=32] flux[d=37] bnd[e=0] maxAbs=335        scaleF=335.4
  FAIL distorted q16  mixed          nonuniform  mixed     nonuniform  +explicit jump[d=0] inc[d=32] flux[d=32] bnd[e=0] maxAbs=340        scaleF=339.9
  FAIL distorted q16  mixed          nonuniform  swirl     uniform               jump[d=0] inc[d=32] flux[d=32] bnd[e=0] maxAbs=474        scaleF=474.2
  FAIL distorted q16  mixed          nonuniform  swirl     uniform     +explicit jump[d=0] inc[d=32] flux[d=32] bnd[e=0] maxAbs=482        scaleF=480.9
  FAIL distorted q16  mixed          nonuniform  swirl     nonuniform            jump[d=0] inc[d=32] flux[d=32] bnd[e=0] maxAbs=335        scaleF=335
  FAIL distorted q16  mixed          nonuniform  swirl     nonuniform  +explicit jump[d=0] inc[d=32] flux[d=32] bnd[e=0] maxAbs=340        scaleF=339.5
  FAIL distorted q16  mixed          nonuniform  reversed  uniform               jump[d=0] inc[d=32] flux[d=32] bnd[e=0] maxAbs=474        scaleF=474.2
  FAIL distorted q16  mixed          nonuniform  reversed  uniform     +explicit jump[d=0] inc[d=32] flux[d=32] bnd[e=0] maxAbs=482        scaleF=480.9
  FAIL distorted q16  mixed          nonuniform  reversed  nonuniform            jump[d=0] inc[d=32] flux[d=32] bnd[e=0] maxAbs=335        scaleF=335
  FAIL distorted q16  mixed          nonuniform  reversed  nonuniform  +explicit jump[d=0] inc[d=32] flux[d=32] bnd[e=0] maxAbs=340        scaleF=339.5
  FAIL distorted q16  mixed          negative    positive  uniform               jump[d=0] inc[d=32] flux[d=32] bnd[e=0] maxAbs=474        scaleF=473.5
  FAIL distorted q16  mixed          negative    positive  uniform     +explicit jump[d=0] inc[d=32] flux[d=32] bnd[e=0] maxAbs=482        scaleF=481.9
  FAIL distorted q16  mixed          negative    positive  nonuniform            jump[d=0] inc[d=32] flux[d=32] bnd[e=0] maxAbs=335        scaleF=334.3
  FAIL distorted q16  mixed          negative    positive  nonuniform  +explicit jump[d=0] inc[d=32] flux[d=32] bnd[e=0] maxAbs=340        scaleF=339.4
  FAIL distorted q16  mixed          negative    negative  uniform               jump[d=0] inc[d=32] flux[d=32] bnd[e=0] maxAbs=474        scaleF=474.9
  FAIL distorted q16  mixed          negative    negative  uniform     +explicit jump[d=0] inc[d=32] flux[d=32] bnd[e=0] maxAbs=482        scaleF=483.3
  FAIL distorted q16  mixed          negative    negative  nonuniform            jump[d=0] inc[d=32] flux[d=32] bnd[e=0] maxAbs=335        scaleF=335.7
  FAIL distorted q16  mixed          negative    negative  nonuniform  +explicit jump[d=0] inc[d=32] flux[d=32] bnd[e=0] maxAbs=340        scaleF=340.8
  FAIL distorted q16  mixed          negative    mixed     uniform               jump[d=0] inc[d=32] flux[d=34] bnd[e=0] maxAbs=474        scaleF=474.2
  FAIL distorted q16  mixed          negative    mixed     uniform     +explicit jump[d=0] inc[d=32] flux[d=32] bnd[e=0] maxAbs=482        scaleF=482.6
  FAIL distorted q16  mixed          negative    mixed     nonuniform            jump[d=0] inc[d=32] flux[d=34] bnd[e=0] maxAbs=335        scaleF=334.5
  FAIL distorted q16  mixed          negative    mixed     nonuniform  +explicit jump[d=0] inc[d=32] flux[d=32] bnd[e=0] maxAbs=340        scaleF=339.7
  FAIL distorted q16  mixed          negative    swirl     uniform               jump[d=0] inc[d=32] flux[d=32] bnd[e=0] maxAbs=474        scaleF=474.2
  FAIL distorted q16  mixed          negative    swirl     uniform     +explicit jump[d=0] inc[d=32] flux[d=32] bnd[e=0] maxAbs=482        scaleF=482.6
  FAIL distorted q16  mixed          negative    swirl     nonuniform            jump[d=0] inc[d=32] flux[d=32] bnd[e=0] maxAbs=335        scaleF=335
  FAIL distorted q16  mixed          negative    swirl     nonuniform  +explicit jump[d=0] inc[d=32] flux[d=32] bnd[e=0] maxAbs=340        scaleF=340.2
  FAIL distorted q16  mixed          negative    reversed  uniform               jump[d=0] inc[d=32] flux[d=32] bnd[e=0] maxAbs=474        scaleF=474.2
  FAIL distorted q16  mixed          negative    reversed  uniform     +explicit jump[d=0] inc[d=32] flux[d=32] bnd[e=0] maxAbs=482        scaleF=482.6
  FAIL distorted q16  mixed          negative    reversed  nonuniform            jump[d=0] inc[d=32] flux[d=32] bnd[e=0] maxAbs=335        scaleF=335
  FAIL distorted q16  mixed          negative    reversed  nonuniform  +explicit jump[d=0] inc[d=32] flux[d=32] bnd[e=0] maxAbs=340        scaleF=340.1
  PASS L3 distorted q16  mixed          swirl     all[4.427e-18->4.427e-18] solved[4.427e-18->4.427e-18 x1] pin=no solve[it=0 r=7.08e-17] pairs=480 errors=0
  FAIL L3 distorted q16  mixed          mixed     all[1.534->1.513e-14] solved[1.534->1.513e-14 x9.87e-15] pin=no solve[it=89 r=2.4e-13] pairs=480 errors=69
       [distorted q16/all-FixedValue pin=no fixedValueFaces=64]
  FAIL distorted q16  all-FixedValue uniform     positive  uniform               jump[d=0] inc[d=64] flux[d=64] bnd[e=0] maxAbs=317        scaleF=317.8
  FAIL distorted q16  all-FixedValue uniform     positive  uniform     +explicit jump[d=0] inc[d=64] flux[d=64] bnd[e=0] maxAbs=320        scaleF=321.4
  FAIL distorted q16  all-FixedValue uniform     positive  nonuniform            jump[d=0] inc[d=64] flux[d=64] bnd[e=0] maxAbs=626        scaleF=626.5
  FAIL distorted q16  all-FixedValue uniform     positive  nonuniform  +explicit jump[d=0] inc[d=64] flux[d=64] bnd[e=0] maxAbs=626        scaleF=624
  FAIL distorted q16  all-FixedValue uniform     negative  uniform               jump[d=0] inc[d=64] flux[d=64] bnd[e=0] maxAbs=317        scaleF=316.4
  FAIL distorted q16  all-FixedValue uniform     negative  uniform     +explicit jump[d=0] inc[d=64] flux[d=64] bnd[e=0] maxAbs=320        scaleF=320
  FAIL distorted q16  all-FixedValue uniform     negative  nonuniform            jump[d=0] inc[d=64] flux[d=64] bnd[e=0] maxAbs=626        scaleF=625.1
  FAIL distorted q16  all-FixedValue uniform     negative  nonuniform  +explicit jump[d=0] inc[d=64] flux[d=64] bnd[e=0] maxAbs=626        scaleF=622.6
  FAIL distorted q16  all-FixedValue uniform     mixed     uniform               jump[d=0] inc[d=64] flux[d=64] bnd[e=0] maxAbs=317        scaleF=318.4
  FAIL distorted q16  all-FixedValue uniform     mixed     uniform     +explicit jump[d=0] inc[d=64] flux[d=64] bnd[e=0] maxAbs=320        scaleF=321
  FAIL distorted q16  all-FixedValue uniform     mixed     nonuniform            jump[d=0] inc[d=64] flux[d=64] bnd[e=0] maxAbs=626        scaleF=625.8
  FAIL distorted q16  all-FixedValue uniform     mixed     nonuniform  +explicit jump[d=0] inc[d=64] flux[d=64] bnd[e=0] maxAbs=626        scaleF=623.3
  FAIL distorted q16  all-FixedValue uniform     swirl     uniform               jump[d=0] inc[d=64] flux[d=64] bnd[e=0] maxAbs=317        scaleF=317.1
  FAIL distorted q16  all-FixedValue uniform     swirl     uniform     +explicit jump[d=0] inc[d=64] flux[d=64] bnd[e=0] maxAbs=320        scaleF=320.7
  FAIL distorted q16  all-FixedValue uniform     swirl     nonuniform            jump[d=0] inc[d=64] flux[d=64] bnd[e=0] maxAbs=626        scaleF=625.8
  FAIL distorted q16  all-FixedValue uniform     swirl     nonuniform  +explicit jump[d=0] inc[d=64] flux[d=64] bnd[e=0] maxAbs=626        scaleF=623.2
  FAIL distorted q16  all-FixedValue uniform     reversed  uniform               jump[d=0] inc[d=64] flux[d=64] bnd[e=0] maxAbs=317        scaleF=317.1
  FAIL distorted q16  all-FixedValue uniform     reversed  uniform     +explicit jump[d=0] inc[d=64] flux[d=64] bnd[e=0] maxAbs=320        scaleF=320.7
  FAIL distorted q16  all-FixedValue uniform     reversed  nonuniform            jump[d=0] inc[d=64] flux[d=64] bnd[e=0] maxAbs=626        scaleF=625.9
  FAIL distorted q16  all-FixedValue uniform     reversed  nonuniform  +explicit jump[d=0] inc[d=64] flux[d=64] bnd[e=0] maxAbs=626        scaleF=623.3
  FAIL distorted q16  all-FixedValue linear      positive  uniform               jump[d=0] inc[d=64] flux[d=64] bnd[e=0] maxAbs=135        scaleF=136
  FAIL distorted q16  all-FixedValue linear      positive  uniform     +explicit jump[d=0] inc[d=64] flux[d=64] bnd[e=0] maxAbs=135        scaleF=138.3
  FAIL distorted q16  all-FixedValue linear      positive  nonuniform            jump[d=0] inc[d=64] flux[d=64] bnd[e=0] maxAbs=224        scaleF=224.6
  FAIL distorted q16  all-FixedValue linear      positive  nonuniform  +explicit jump[d=0] inc[d=64] flux[d=64] bnd[e=0] maxAbs=224        scaleF=228.3
  FAIL distorted q16  all-FixedValue linear      negative  uniform               jump[d=0] inc[d=64] flux[d=64] bnd[e=0] maxAbs=135        scaleF=134.6
  FAIL distorted q16  all-FixedValue linear      negative  uniform     +explicit jump[d=0] inc[d=64] flux[d=64] bnd[e=0] maxAbs=135        scaleF=136.9
  FAIL distorted q16  all-FixedValue linear      negative  nonuniform            jump[d=0] inc[d=64] flux[d=64] bnd[e=0] maxAbs=224        scaleF=223.2
  FAIL distorted q16  all-FixedValue linear      negative  nonuniform  +explicit jump[d=0] inc[d=64] flux[d=64] bnd[e=0] maxAbs=224        scaleF=226.9
  FAIL distorted q16  all-FixedValue linear      mixed     uniform               jump[d=0] inc[d=64] flux[d=64] bnd[e=0] maxAbs=135        scaleF=136.6
  FAIL distorted q16  all-FixedValue linear      mixed     uniform     +explicit jump[d=0] inc[d=64] flux[d=64] bnd[e=0] maxAbs=135        scaleF=138.9
  FAIL distorted q16  all-FixedValue linear      mixed     nonuniform            jump[d=0] inc[d=64] flux[d=64] bnd[e=0] maxAbs=224        scaleF=223.9
  FAIL distorted q16  all-FixedValue linear      mixed     nonuniform  +explicit jump[d=0] inc[d=64] flux[d=64] bnd[e=0] maxAbs=224        scaleF=227.6
  FAIL distorted q16  all-FixedValue linear      swirl     uniform               jump[d=0] inc[d=64] flux[d=64] bnd[e=0] maxAbs=135        scaleF=135.4
  FAIL distorted q16  all-FixedValue linear      swirl     uniform     +explicit jump[d=0] inc[d=64] flux[d=64] bnd[e=0] maxAbs=135        scaleF=137.6
  FAIL distorted q16  all-FixedValue linear      swirl     nonuniform            jump[d=0] inc[d=64] flux[d=64] bnd[e=0] maxAbs=224        scaleF=224
  FAIL distorted q16  all-FixedValue linear      swirl     nonuniform  +explicit jump[d=0] inc[d=64] flux[d=64] bnd[e=0] maxAbs=224        scaleF=227.7
  FAIL distorted q16  all-FixedValue linear      reversed  uniform               jump[d=0] inc[d=64] flux[d=64] bnd[e=0] maxAbs=135        scaleF=135.4
  FAIL distorted q16  all-FixedValue linear      reversed  uniform     +explicit jump[d=0] inc[d=64] flux[d=64] bnd[e=0] maxAbs=135        scaleF=137.6
  FAIL distorted q16  all-FixedValue linear      reversed  nonuniform            jump[d=0] inc[d=64] flux[d=64] bnd[e=0] maxAbs=224        scaleF=223.9
  FAIL distorted q16  all-FixedValue linear      reversed  nonuniform  +explicit jump[d=0] inc[d=64] flux[d=64] bnd[e=0] maxAbs=224        scaleF=227.6
  FAIL distorted q16  all-FixedValue nonuniform  positive  uniform               jump[d=0] inc[d=64] flux[d=64] bnd[e=0] maxAbs=484        scaleF=482.8
  FAIL distorted q16  all-FixedValue nonuniform  positive  uniform     +explicit jump[d=0] inc[d=64] flux[d=64] bnd[e=0] maxAbs=491        scaleF=489.6
  FAIL distorted q16  all-FixedValue nonuniform  positive  nonuniform            jump[d=0] inc[d=64] flux[d=64] bnd[e=0] maxAbs=458        scaleF=457.6
  FAIL distorted q16  all-FixedValue nonuniform  positive  nonuniform  +explicit jump[d=0] inc[d=64] flux[d=64] bnd[e=0] maxAbs=465        scaleF=463.7
  FAIL distorted q16  all-FixedValue nonuniform  negative  uniform               jump[d=0] inc[d=64] flux[d=64] bnd[e=0] maxAbs=484        scaleF=484.2
  FAIL distorted q16  all-FixedValue nonuniform  negative  uniform     +explicit jump[d=0] inc[d=64] flux[d=64] bnd[e=0] maxAbs=491        scaleF=491
  FAIL distorted q16  all-FixedValue nonuniform  negative  nonuniform            jump[d=0] inc[d=64] flux[d=64] bnd[e=0] maxAbs=458        scaleF=459
  FAIL distorted q16  all-FixedValue nonuniform  negative  nonuniform  +explicit jump[d=0] inc[d=64] flux[d=64] bnd[e=0] maxAbs=465        scaleF=465.1
  FAIL distorted q16  all-FixedValue nonuniform  mixed     uniform               jump[d=0] inc[d=64] flux[d=64] bnd[e=0] maxAbs=484        scaleF=483.5
  FAIL distorted q16  all-FixedValue nonuniform  mixed     uniform     +explicit jump[d=0] inc[d=64] flux[d=64] bnd[e=0] maxAbs=491        scaleF=490.3
  FAIL distorted q16  all-FixedValue nonuniform  mixed     nonuniform            jump[d=0] inc[d=64] flux[d=64] bnd[e=0] maxAbs=458        scaleF=458.3
  FAIL distorted q16  all-FixedValue nonuniform  mixed     nonuniform  +explicit jump[d=0] inc[d=64] flux[d=64] bnd[e=0] maxAbs=465        scaleF=464.4
  FAIL distorted q16  all-FixedValue nonuniform  swirl     uniform               jump[d=0] inc[d=64] flux[d=64] bnd[e=0] maxAbs=484        scaleF=483.5
  FAIL distorted q16  all-FixedValue nonuniform  swirl     uniform     +explicit jump[d=0] inc[d=64] flux[d=64] bnd[e=0] maxAbs=491        scaleF=490.3
  FAIL distorted q16  all-FixedValue nonuniform  swirl     nonuniform            jump[d=0] inc[d=64] flux[d=64] bnd[e=0] maxAbs=458        scaleF=458.3
  FAIL distorted q16  all-FixedValue nonuniform  swirl     nonuniform  +explicit jump[d=0] inc[d=64] flux[d=64] bnd[e=0] maxAbs=465        scaleF=464.4
  FAIL distorted q16  all-FixedValue nonuniform  reversed  uniform               jump[d=0] inc[d=64] flux[d=64] bnd[e=0] maxAbs=484        scaleF=483.5
  FAIL distorted q16  all-FixedValue nonuniform  reversed  uniform     +explicit jump[d=0] inc[d=64] flux[d=64] bnd[e=0] maxAbs=491        scaleF=490.3
  FAIL distorted q16  all-FixedValue nonuniform  reversed  nonuniform            jump[d=0] inc[d=64] flux[d=64] bnd[e=0] maxAbs=458        scaleF=458.3
  FAIL distorted q16  all-FixedValue nonuniform  reversed  nonuniform  +explicit jump[d=0] inc[d=64] flux[d=64] bnd[e=0] maxAbs=465        scaleF=464.4
  FAIL distorted q16  all-FixedValue negative    positive  uniform               jump[d=0] inc[d=64] flux[d=64] bnd[e=0] maxAbs=484        scaleF=484.2
  FAIL distorted q16  all-FixedValue negative    positive  uniform     +explicit jump[d=0] inc[d=64] flux[d=64] bnd[e=0] maxAbs=491        scaleF=492.8
  FAIL distorted q16  all-FixedValue negative    positive  nonuniform            jump[d=0] inc[d=64] flux[d=64] bnd[e=0] maxAbs=458        scaleF=459
  FAIL distorted q16  all-FixedValue negative    positive  nonuniform  +explicit jump[d=0] inc[d=64] flux[d=64] bnd[e=0] maxAbs=465        scaleF=466.4
  FAIL distorted q16  all-FixedValue negative    negative  uniform               jump[d=0] inc[d=64] flux[d=64] bnd[e=0] maxAbs=484        scaleF=482.8
  FAIL distorted q16  all-FixedValue negative    negative  uniform     +explicit jump[d=0] inc[d=64] flux[d=64] bnd[e=0] maxAbs=491        scaleF=491.4
  FAIL distorted q16  all-FixedValue negative    negative  nonuniform            jump[d=0] inc[d=64] flux[d=64] bnd[e=0] maxAbs=458        scaleF=457.6
  FAIL distorted q16  all-FixedValue negative    negative  nonuniform  +explicit jump[d=0] inc[d=64] flux[d=64] bnd[e=0] maxAbs=465        scaleF=465
  FAIL distorted q16  all-FixedValue negative    mixed     uniform               jump[d=0] inc[d=64] flux[d=64] bnd[e=0] maxAbs=484        scaleF=483.5
  FAIL distorted q16  all-FixedValue negative    mixed     uniform     +explicit jump[d=0] inc[d=64] flux[d=64] bnd[e=0] maxAbs=491        scaleF=492.1
  FAIL distorted q16  all-FixedValue negative    mixed     nonuniform            jump[d=0] inc[d=64] flux[d=64] bnd[e=0] maxAbs=458        scaleF=458.3
  FAIL distorted q16  all-FixedValue negative    mixed     nonuniform  +explicit jump[d=0] inc[d=64] flux[d=64] bnd[e=0] maxAbs=465        scaleF=465.7
  FAIL distorted q16  all-FixedValue negative    swirl     uniform               jump[d=0] inc[d=64] flux[d=64] bnd[e=0] maxAbs=484        scaleF=483.5
  FAIL distorted q16  all-FixedValue negative    swirl     uniform     +explicit jump[d=0] inc[d=64] flux[d=64] bnd[e=0] maxAbs=491        scaleF=492.1
  FAIL distorted q16  all-FixedValue negative    swirl     nonuniform            jump[d=0] inc[d=64] flux[d=64] bnd[e=0] maxAbs=458        scaleF=458.3
  FAIL distorted q16  all-FixedValue negative    swirl     nonuniform  +explicit jump[d=0] inc[d=64] flux[d=64] bnd[e=0] maxAbs=465        scaleF=465.7
  FAIL distorted q16  all-FixedValue negative    reversed  uniform               jump[d=0] inc[d=64] flux[d=64] bnd[e=0] maxAbs=484        scaleF=483.5
  FAIL distorted q16  all-FixedValue negative    reversed  uniform     +explicit jump[d=0] inc[d=64] flux[d=64] bnd[e=0] maxAbs=491        scaleF=492.1
  FAIL distorted q16  all-FixedValue negative    reversed  nonuniform            jump[d=0] inc[d=64] flux[d=64] bnd[e=0] maxAbs=458        scaleF=458.3
  FAIL distorted q16  all-FixedValue negative    reversed  nonuniform  +explicit jump[d=0] inc[d=64] flux[d=64] bnd[e=0] maxAbs=465        scaleF=465.7
  PASS L3 distorted q16  all-FixedValue swirl     all[4.427e-18->4.427e-18] solved[4.427e-18->4.427e-18 x1] pin=no solve[it=0 r=7.08e-17] pairs=480 errors=0
  FAIL L3 distorted q16  all-FixedValue mixed     all[1.534->3.692e-15] solved[1.534->3.692e-15 x2.41e-15] pin=no solve[it=79 r=5.66e-14] pairs=480 errors=124
  FAIL L4a distorted q16  controlled p' differing=32 maxAbs=5.85       scale=6.141
       [warped 3d 3/all-Neumann pin=yes fixedValueFaces=0]
  FAIL warped 3d 3    all-Neumann    linear      mixed     uniform               jump[d=0] inc[d=0] flux[d=1] bnd[e=0] maxAbs=0          scaleF=8.872
  FAIL warped 3d 3    all-Neumann    linear      mixed     nonuniform            jump[d=0] inc[d=0] flux[d=1] bnd[e=0] maxAbs=0          scaleF=16.36
  FAIL warped 3d 3    all-Neumann    linear      swirl     uniform               jump[d=0] inc[d=0] flux[d=2] bnd[e=0] maxAbs=0          scaleF=8.567
  FAIL warped 3d 3    all-Neumann    linear      swirl     nonuniform            jump[d=0] inc[d=0] flux[d=2] bnd[e=0] maxAbs=0          scaleF=15.59
  FAIL warped 3d 3    all-Neumann    linear      reversed  uniform               jump[d=0] inc[d=0] flux[d=3] bnd[e=0] maxAbs=0          scaleF=8.567
  FAIL warped 3d 3    all-Neumann    linear      reversed  nonuniform            jump[d=0] inc[d=0] flux[d=3] bnd[e=0] maxAbs=0          scaleF=15.52
  FAIL warped 3d 3    all-Neumann    nonuniform  mixed     uniform               jump[d=0] inc[d=0] flux[d=5] bnd[e=0] maxAbs=0          scaleF=75.16
  FAIL warped 3d 3    all-Neumann    nonuniform  mixed     nonuniform            jump[d=0] inc[d=0] flux[d=5] bnd[e=0] maxAbs=0          scaleF=73.39
  FAIL warped 3d 3    all-Neumann    nonuniform  swirl     uniform               jump[d=0] inc[d=0] flux[d=2] bnd[e=0] maxAbs=0          scaleF=75.97
  FAIL warped 3d 3    all-Neumann    nonuniform  swirl     nonuniform            jump[d=0] inc[d=0] flux[d=2] bnd[e=0] maxAbs=0          scaleF=74.19
  FAIL warped 3d 3    all-Neumann    nonuniform  reversed  uniform               jump[d=0] inc[d=0] flux[d=8] bnd[e=0] maxAbs=0          scaleF=75.96
  FAIL warped 3d 3    all-Neumann    nonuniform  reversed  nonuniform            jump[d=0] inc[d=0] flux[d=8] bnd[e=0] maxAbs=0          scaleF=74.19
  FAIL warped 3d 3    all-Neumann    negative    mixed     uniform               jump[d=0] inc[d=0] flux[d=5] bnd[e=0] maxAbs=0          scaleF=76.76
  FAIL warped 3d 3    all-Neumann    negative    mixed     nonuniform            jump[d=0] inc[d=0] flux[d=5] bnd[e=0] maxAbs=0          scaleF=74.99
  FAIL warped 3d 3    all-Neumann    negative    reversed  uniform               jump[d=0] inc[d=0] flux[d=7] bnd[e=0] maxAbs=0          scaleF=75.97
  FAIL warped 3d 3    all-Neumann    negative    reversed  nonuniform            jump[d=0] inc[d=0] flux[d=7] bnd[e=0] maxAbs=0          scaleF=74.19
  FAIL L3 warped 3d 3    all-Neumann    swirl     all[0.003709->0.01925] solved[0.003707->1.615e-15 x4.36e-13] pin=yes solve[it=20 r=8.26e-15] pairs=54 errors=2
  FAIL L3 warped 3d 3    all-Neumann    mixed     all[1.564->2.165] solved[1.584->1.388e-14 x8.76e-15] pin=yes solve[it=24 r=1.81e-14] pairs=54 errors=9
       [warped 3d 3/mixed pin=no fixedValueFaces=27]
  FAIL warped 3d 3    mixed          uniform     positive  uniform               jump[d=0] inc[d=27] flux[d=27] bnd[e=0] maxAbs=103        scaleF=104.1
  FAIL warped 3d 3    mixed          uniform     positive  uniform     +explicit jump[d=0] inc[d=27] flux[d=27] bnd[e=0] maxAbs=104        scaleF=104.1
  FAIL warped 3d 3    mixed          uniform     positive  nonuniform            jump[d=0] inc[d=27] flux[d=27] bnd[e=0] maxAbs=273        scaleF=273.2
  FAIL warped 3d 3    mixed          uniform     positive  nonuniform  +explicit jump[d=0] inc[d=27] flux[d=27] bnd[e=0] maxAbs=273        scaleF=273.4
  FAIL warped 3d 3    mixed          uniform     negative  uniform               jump[d=0] inc[d=27] flux[d=27] bnd[e=0] maxAbs=103        scaleF=102.7
  FAIL warped 3d 3    mixed          uniform     negative  uniform     +explicit jump[d=0] inc[d=27] flux[d=27] bnd[e=0] maxAbs=104        scaleF=102.7
  FAIL warped 3d 3    mixed          uniform     negative  nonuniform            jump[d=0] inc[d=27] flux[d=27] bnd[e=0] maxAbs=273        scaleF=271.8
  FAIL warped 3d 3    mixed          uniform     negative  nonuniform  +explicit jump[d=0] inc[d=27] flux[d=27] bnd[e=0] maxAbs=273        scaleF=272
  FAIL warped 3d 3    mixed          uniform     mixed     uniform               jump[d=0] inc[d=27] flux[d=27] bnd[e=0] maxAbs=103        scaleF=103.4
  FAIL warped 3d 3    mixed          uniform     mixed     uniform     +explicit jump[d=0] inc[d=27] flux[d=27] bnd[e=0] maxAbs=104        scaleF=103.4
  FAIL warped 3d 3    mixed          uniform     mixed     nonuniform            jump[d=0] inc[d=27] flux[d=27] bnd[e=0] maxAbs=273        scaleF=272.5
  FAIL warped 3d 3    mixed          uniform     mixed     nonuniform  +explicit jump[d=0] inc[d=27] flux[d=27] bnd[e=0] maxAbs=273        scaleF=272.7
  FAIL warped 3d 3    mixed          uniform     swirl     uniform               jump[d=0] inc[d=27] flux[d=27] bnd[e=0] maxAbs=103        scaleF=103.4
  FAIL warped 3d 3    mixed          uniform     swirl     uniform     +explicit jump[d=0] inc[d=27] flux[d=27] bnd[e=0] maxAbs=104        scaleF=103.4
  FAIL warped 3d 3    mixed          uniform     swirl     nonuniform            jump[d=0] inc[d=27] flux[d=27] bnd[e=0] maxAbs=273        scaleF=272.5
  FAIL warped 3d 3    mixed          uniform     swirl     nonuniform  +explicit jump[d=0] inc[d=27] flux[d=27] bnd[e=0] maxAbs=273        scaleF=272.7
  FAIL warped 3d 3    mixed          uniform     reversed  uniform               jump[d=0] inc[d=27] flux[d=27] bnd[e=0] maxAbs=103        scaleF=103.4
  FAIL warped 3d 3    mixed          uniform     reversed  uniform     +explicit jump[d=0] inc[d=27] flux[d=27] bnd[e=0] maxAbs=104        scaleF=103.4
  FAIL warped 3d 3    mixed          uniform     reversed  nonuniform            jump[d=0] inc[d=27] flux[d=27] bnd[e=0] maxAbs=273        scaleF=272.5
  FAIL warped 3d 3    mixed          uniform     reversed  nonuniform  +explicit jump[d=0] inc[d=27] flux[d=27] bnd[e=0] maxAbs=273        scaleF=272.7
  FAIL warped 3d 3    mixed          linear      positive  uniform               jump[d=0] inc[d=27] flux[d=27] bnd[e=0] maxAbs=53         scaleF=53.65
  FAIL warped 3d 3    mixed          linear      positive  uniform     +explicit jump[d=0] inc[d=27] flux[d=27] bnd[e=0] maxAbs=53         scaleF=53.66
  FAIL warped 3d 3    mixed          linear      positive  nonuniform            jump[d=0] inc[d=27] flux[d=27] bnd[e=0] maxAbs=82         scaleF=82.74
  FAIL warped 3d 3    mixed          linear      positive  nonuniform  +explicit jump[d=0] inc[d=27] flux[d=27] bnd[e=0] maxAbs=82.1       scaleF=82.87
  FAIL warped 3d 3    mixed          linear      negative  uniform               jump[d=0] inc[d=27] flux[d=27] bnd[e=0] maxAbs=53         scaleF=52.25
  FAIL warped 3d 3    mixed          linear      negative  uniform     +explicit jump[d=0] inc[d=27] flux[d=27] bnd[e=0] maxAbs=53         scaleF=52.26
  FAIL warped 3d 3    mixed          linear      negative  nonuniform            jump[d=0] inc[d=27] flux[d=27] bnd[e=0] maxAbs=82         scaleF=81.34
  FAIL warped 3d 3    mixed          linear      negative  nonuniform  +explicit jump[d=0] inc[d=27] flux[d=27] bnd[e=0] maxAbs=82.1       scaleF=81.47
  FAIL warped 3d 3    mixed          linear      mixed     uniform               jump[d=0] inc[d=27] flux[d=28] bnd[e=0] maxAbs=53         scaleF=54.25
  FAIL warped 3d 3    mixed          linear      mixed     uniform     +explicit jump[d=0] inc[d=27] flux[d=27] bnd[e=0] maxAbs=53         scaleF=54.26
  FAIL warped 3d 3    mixed          linear      mixed     nonuniform            jump[d=0] inc[d=27] flux[d=28] bnd[e=0] maxAbs=82         scaleF=83.34
  FAIL warped 3d 3    mixed          linear      mixed     nonuniform  +explicit jump[d=0] inc[d=27] flux[d=27] bnd[e=0] maxAbs=82.1       scaleF=83.47
  FAIL warped 3d 3    mixed          linear      swirl     uniform               jump[d=0] inc[d=27] flux[d=27] bnd[e=0] maxAbs=53         scaleF=52.92
  FAIL warped 3d 3    mixed          linear      swirl     uniform     +explicit jump[d=0] inc[d=27] flux[d=27] bnd[e=0] maxAbs=53         scaleF=52.92
  FAIL warped 3d 3    mixed          linear      swirl     nonuniform            jump[d=0] inc[d=27] flux[d=27] bnd[e=0] maxAbs=82         scaleF=82.04
  FAIL warped 3d 3    mixed          linear      swirl     nonuniform  +explicit jump[d=0] inc[d=27] flux[d=27] bnd[e=0] maxAbs=82.1       scaleF=82.17
  FAIL warped 3d 3    mixed          linear      reversed  uniform               jump[d=0] inc[d=27] flux[d=28] bnd[e=0] maxAbs=53         scaleF=52.99
  FAIL warped 3d 3    mixed          linear      reversed  uniform     +explicit jump[d=0] inc[d=27] flux[d=27] bnd[e=0] maxAbs=53         scaleF=52.99
  FAIL warped 3d 3    mixed          linear      reversed  nonuniform            jump[d=0] inc[d=27] flux[d=28] bnd[e=0] maxAbs=82         scaleF=82.04
  FAIL warped 3d 3    mixed          linear      reversed  nonuniform  +explicit jump[d=0] inc[d=27] flux[d=27] bnd[e=0] maxAbs=82.1       scaleF=82.17
  FAIL warped 3d 3    mixed          nonuniform  positive  uniform               jump[d=0] inc[d=27] flux[d=27] bnd[e=0] maxAbs=166        scaleF=166.8
  FAIL warped 3d 3    mixed          nonuniform  positive  uniform     +explicit jump[d=0] inc[d=27] flux[d=27] bnd[e=0] maxAbs=166        scaleF=166.7
  FAIL warped 3d 3    mixed          nonuniform  positive  nonuniform            jump[d=0] inc[d=27] flux[d=27] bnd[e=0] maxAbs=301        scaleF=300.6
  FAIL warped 3d 3    mixed          nonuniform  positive  nonuniform  +explicit jump[d=0] inc[d=27] flux[d=27] bnd[e=0] maxAbs=302        scaleF=301.9
  FAIL warped 3d 3    mixed          nonuniform  negative  uniform               jump[d=0] inc[d=27] flux[d=27] bnd[e=0] maxAbs=166        scaleF=165.4
  FAIL warped 3d 3    mixed          nonuniform  negative  uniform     +explicit jump[d=0] inc[d=27] flux[d=27] bnd[e=0] maxAbs=166        scaleF=165.3
  FAIL warped 3d 3    mixed          nonuniform  negative  nonuniform            jump[d=0] inc[d=27] flux[d=27] bnd[e=0] maxAbs=301        scaleF=302
  FAIL warped 3d 3    mixed          nonuniform  negative  nonuniform  +explicit jump[d=0] inc[d=27] flux[d=27] bnd[e=0] maxAbs=302        scaleF=303.3
  FAIL warped 3d 3    mixed          nonuniform  mixed     uniform               jump[d=0] inc[d=27] flux[d=31] bnd[e=0] maxAbs=166        scaleF=166.1
  FAIL warped 3d 3    mixed          nonuniform  mixed     uniform     +explicit jump[d=0] inc[d=27] flux[d=27] bnd[e=0] maxAbs=166        scaleF=166
  FAIL warped 3d 3    mixed          nonuniform  mixed     nonuniform            jump[d=0] inc[d=27] flux[d=31] bnd[e=0] maxAbs=301        scaleF=302.1
  FAIL warped 3d 3    mixed          nonuniform  mixed     nonuniform  +explicit jump[d=0] inc[d=27] flux[d=27] bnd[e=0] maxAbs=302        scaleF=303.4
  FAIL warped 3d 3    mixed          nonuniform  swirl     uniform               jump[d=0] inc[d=27] flux[d=27] bnd[e=0] maxAbs=166        scaleF=166.1
  FAIL warped 3d 3    mixed          nonuniform  swirl     uniform     +explicit jump[d=0] inc[d=27] flux[d=27] bnd[e=0] maxAbs=166        scaleF=166
  FAIL warped 3d 3    mixed          nonuniform  swirl     nonuniform            jump[d=0] inc[d=27] flux[d=27] bnd[e=0] maxAbs=301        scaleF=301.3
  FAIL warped 3d 3    mixed          nonuniform  swirl     nonuniform  +explicit jump[d=0] inc[d=27] flux[d=27] bnd[e=0] maxAbs=302        scaleF=302.6
  FAIL warped 3d 3    mixed          nonuniform  reversed  uniform               jump[d=0] inc[d=27] flux[d=30] bnd[e=0] maxAbs=166        scaleF=166.1
  FAIL warped 3d 3    mixed          nonuniform  reversed  uniform     +explicit jump[d=0] inc[d=27] flux[d=27] bnd[e=0] maxAbs=166        scaleF=166
  FAIL warped 3d 3    mixed          nonuniform  reversed  nonuniform            jump[d=0] inc[d=27] flux[d=30] bnd[e=0] maxAbs=301        scaleF=301.3
  FAIL warped 3d 3    mixed          nonuniform  reversed  nonuniform  +explicit jump[d=0] inc[d=27] flux[d=27] bnd[e=0] maxAbs=302        scaleF=302.6
  FAIL warped 3d 3    mixed          negative    positive  uniform               jump[d=0] inc[d=27] flux[d=27] bnd[e=0] maxAbs=166        scaleF=165.4
  FAIL warped 3d 3    mixed          negative    positive  uniform     +explicit jump[d=0] inc[d=27] flux[d=27] bnd[e=0] maxAbs=166        scaleF=166.1
  FAIL warped 3d 3    mixed          negative    positive  nonuniform            jump[d=0] inc[d=27] flux[d=27] bnd[e=0] maxAbs=301        scaleF=302
  FAIL warped 3d 3    mixed          negative    positive  nonuniform  +explicit jump[d=0] inc[d=27] flux[d=27] bnd[e=0] maxAbs=302        scaleF=301.9
  FAIL warped 3d 3    mixed          negative    negative  uniform               jump[d=0] inc[d=27] flux[d=27] bnd[e=0] maxAbs=166        scaleF=166.8
  FAIL warped 3d 3    mixed          negative    negative  uniform     +explicit jump[d=0] inc[d=27] flux[d=27] bnd[e=0] maxAbs=166        scaleF=167.5
  FAIL warped 3d 3    mixed          negative    negative  nonuniform            jump[d=0] inc[d=27] flux[d=27] bnd[e=0] maxAbs=301        scaleF=300.6
  FAIL warped 3d 3    mixed          negative    negative  nonuniform  +explicit jump[d=0] inc[d=27] flux[d=27] bnd[e=0] maxAbs=302        scaleF=300.5
  FAIL warped 3d 3    mixed          negative    mixed     uniform               jump[d=0] inc[d=27] flux[d=29] bnd[e=0] maxAbs=166        scaleF=166.1
  FAIL warped 3d 3    mixed          negative    mixed     uniform     +explicit jump[d=0] inc[d=27] flux[d=27] bnd[e=0] maxAbs=166        scaleF=166.8
  FAIL warped 3d 3    mixed          negative    mixed     nonuniform            jump[d=0] inc[d=27] flux[d=29] bnd[e=0] maxAbs=301        scaleF=300.5
  FAIL warped 3d 3    mixed          negative    mixed     nonuniform  +explicit jump[d=0] inc[d=27] flux[d=27] bnd[e=0] maxAbs=302        scaleF=300.4
  FAIL warped 3d 3    mixed          negative    swirl     uniform               jump[d=0] inc[d=27] flux[d=27] bnd[e=0] maxAbs=166        scaleF=166.1
  FAIL warped 3d 3    mixed          negative    swirl     uniform     +explicit jump[d=0] inc[d=27] flux[d=27] bnd[e=0] maxAbs=166        scaleF=166.8
  FAIL warped 3d 3    mixed          negative    swirl     nonuniform            jump[d=0] inc[d=27] flux[d=27] bnd[e=0] maxAbs=301        scaleF=301.3
  FAIL warped 3d 3    mixed          negative    swirl     nonuniform  +explicit jump[d=0] inc[d=27] flux[d=27] bnd[e=0] maxAbs=302        scaleF=301.2
  FAIL warped 3d 3    mixed          negative    reversed  uniform               jump[d=0] inc[d=27] flux[d=28] bnd[e=0] maxAbs=166        scaleF=166.1
  FAIL warped 3d 3    mixed          negative    reversed  uniform     +explicit jump[d=0] inc[d=27] flux[d=27] bnd[e=0] maxAbs=166        scaleF=166.8
  FAIL warped 3d 3    mixed          negative    reversed  nonuniform            jump[d=0] inc[d=27] flux[d=28] bnd[e=0] maxAbs=301        scaleF=301.3
  FAIL warped 3d 3    mixed          negative    reversed  nonuniform  +explicit jump[d=0] inc[d=27] flux[d=27] bnd[e=0] maxAbs=302        scaleF=301.2
  FAIL L3 warped 3d 3    mixed          swirl     all[0.003709->4.586e-16] solved[0.003709->4.586e-16 x1.24e-13] pin=no solve[it=16 r=2.38e-15] pairs=54 errors=46
  FAIL L3 warped 3d 3    mixed          mixed     all[1.564->7.973e-15] solved[1.564->7.973e-15 x5.1e-15] pin=no solve[it=17 r=4.13e-14] pairs=54 errors=51
       [warped 3d 3/all-FixedValue pin=no fixedValueFaces=54]
  FAIL warped 3d 3    all-FixedValue uniform     positive  uniform               jump[d=0] inc[d=54] flux[d=54] bnd[e=0] maxAbs=106        scaleF=107.1
  FAIL warped 3d 3    all-FixedValue uniform     positive  uniform     +explicit jump[d=0] inc[d=54] flux[d=54] bnd[e=0] maxAbs=107        scaleF=107.8
  FAIL warped 3d 3    all-FixedValue uniform     positive  nonuniform            jump[d=0] inc[d=54] flux[d=54] bnd[e=0] maxAbs=299        scaleF=299.3
  FAIL warped 3d 3    all-FixedValue uniform     positive  nonuniform  +explicit jump[d=0] inc[d=54] flux[d=54] bnd[e=0] maxAbs=299        scaleF=302.1
  FAIL warped 3d 3    all-FixedValue uniform     negative  uniform               jump[d=0] inc[d=54] flux[d=54] bnd[e=0] maxAbs=106        scaleF=105.7
  FAIL warped 3d 3    all-FixedValue uniform     negative  uniform     +explicit jump[d=0] inc[d=54] flux[d=54] bnd[e=0] maxAbs=107        scaleF=106.4
  FAIL warped 3d 3    all-FixedValue uniform     negative  nonuniform            jump[d=0] inc[d=54] flux[d=54] bnd[e=0] maxAbs=299        scaleF=297.9
  FAIL warped 3d 3    all-FixedValue uniform     negative  nonuniform  +explicit jump[d=0] inc[d=54] flux[d=54] bnd[e=0] maxAbs=299        scaleF=300.7
  FAIL warped 3d 3    all-FixedValue uniform     mixed     uniform               jump[d=0] inc[d=54] flux[d=54] bnd[e=0] maxAbs=106        scaleF=105.6
  FAIL warped 3d 3    all-FixedValue uniform     mixed     uniform     +explicit jump[d=0] inc[d=54] flux[d=54] bnd[e=0] maxAbs=107        scaleF=106.3
  FAIL warped 3d 3    all-FixedValue uniform     mixed     nonuniform            jump[d=0] inc[d=54] flux[d=54] bnd[e=0] maxAbs=299        scaleF=299.9
  FAIL warped 3d 3    all-FixedValue uniform     mixed     nonuniform  +explicit jump[d=0] inc[d=54] flux[d=54] bnd[e=0] maxAbs=299        scaleF=302.7
  FAIL warped 3d 3    all-FixedValue uniform     swirl     uniform               jump[d=0] inc[d=54] flux[d=54] bnd[e=0] maxAbs=106        scaleF=106.4
  FAIL warped 3d 3    all-FixedValue uniform     swirl     uniform     +explicit jump[d=0] inc[d=54] flux[d=54] bnd[e=0] maxAbs=107        scaleF=107.1
  FAIL warped 3d 3    all-FixedValue uniform     swirl     nonuniform            jump[d=0] inc[d=54] flux[d=54] bnd[e=0] maxAbs=299        scaleF=298.6
  FAIL warped 3d 3    all-FixedValue uniform     swirl     nonuniform  +explicit jump[d=0] inc[d=54] flux[d=54] bnd[e=0] maxAbs=299        scaleF=301.5
  FAIL warped 3d 3    all-FixedValue uniform     reversed  uniform               jump[d=0] inc[d=54] flux[d=54] bnd[e=0] maxAbs=106        scaleF=106.4
  FAIL warped 3d 3    all-FixedValue uniform     reversed  uniform     +explicit jump[d=0] inc[d=54] flux[d=54] bnd[e=0] maxAbs=107        scaleF=107.1
  FAIL warped 3d 3    all-FixedValue uniform     reversed  nonuniform            jump[d=0] inc[d=54] flux[d=54] bnd[e=0] maxAbs=299        scaleF=298.6
  FAIL warped 3d 3    all-FixedValue uniform     reversed  nonuniform  +explicit jump[d=0] inc[d=54] flux[d=54] bnd[e=0] maxAbs=299        scaleF=301.4
  FAIL warped 3d 3    all-FixedValue linear      positive  uniform               jump[d=0] inc[d=54] flux[d=54] bnd[e=0] maxAbs=54.3       scaleF=54.98
  FAIL warped 3d 3    all-FixedValue linear      positive  uniform     +explicit jump[d=0] inc[d=54] flux[d=54] bnd[e=0] maxAbs=54.3       scaleF=54.21
  FAIL warped 3d 3    all-FixedValue linear      positive  nonuniform            jump[d=0] inc[d=54] flux[d=54] bnd[e=0] maxAbs=134        scaleF=134.8
  FAIL warped 3d 3    all-FixedValue linear      positive  nonuniform  +explicit jump[d=0] inc[d=54] flux[d=54] bnd[e=0] maxAbs=134        scaleF=135.1
  FAIL warped 3d 3    all-FixedValue linear      negative  uniform               jump[d=0] inc[d=54] flux[d=54] bnd[e=0] maxAbs=54.3       scaleF=53.58
  FAIL warped 3d 3    all-FixedValue linear      negative  uniform     +explicit jump[d=0] inc[d=54] flux[d=54] bnd[e=0] maxAbs=54.3       scaleF=52.81
  FAIL warped 3d 3    all-FixedValue linear      negative  nonuniform            jump[d=0] inc[d=54] flux[d=54] bnd[e=0] maxAbs=134        scaleF=133.4
  FAIL warped 3d 3    all-FixedValue linear      negative  nonuniform  +explicit jump[d=0] inc[d=54] flux[d=54] bnd[e=0] maxAbs=134        scaleF=133.7
  FAIL warped 3d 3    all-FixedValue linear      mixed     uniform               jump[d=0] inc[d=54] flux[d=54] bnd[e=0] maxAbs=54.3       scaleF=54.73
  FAIL warped 3d 3    all-FixedValue linear      mixed     uniform     +explicit jump[d=0] inc[d=54] flux[d=54] bnd[e=0] maxAbs=54.3       scaleF=54.26
  FAIL warped 3d 3    all-FixedValue linear      mixed     nonuniform            jump[d=0] inc[d=54] flux[d=54] bnd[e=0] maxAbs=134        scaleF=134.1
  FAIL warped 3d 3    all-FixedValue linear      mixed     nonuniform  +explicit jump[d=0] inc[d=54] flux[d=54] bnd[e=0] maxAbs=134        scaleF=134.4
  FAIL warped 3d 3    all-FixedValue linear      swirl     uniform               jump[d=0] inc[d=54] flux[d=54] bnd[e=0] maxAbs=54.3       scaleF=54.31
  FAIL warped 3d 3    all-FixedValue linear      swirl     uniform     +explicit jump[d=0] inc[d=54] flux[d=54] bnd[e=0] maxAbs=54.3       scaleF=53.55
  FAIL warped 3d 3    all-FixedValue linear      swirl     nonuniform            jump[d=0] inc[d=54] flux[d=54] bnd[e=0] maxAbs=134        scaleF=134.1
  FAIL warped 3d 3    all-FixedValue linear      swirl     nonuniform  +explicit jump[d=0] inc[d=54] flux[d=54] bnd[e=0] maxAbs=134        scaleF=134.4
  FAIL warped 3d 3    all-FixedValue linear      reversed  uniform               jump[d=0] inc[d=54] flux[d=54] bnd[e=0] maxAbs=54.3       scaleF=54.24
  FAIL warped 3d 3    all-FixedValue linear      reversed  uniform     +explicit jump[d=0] inc[d=54] flux[d=54] bnd[e=0] maxAbs=54.3       scaleF=53.48
  FAIL warped 3d 3    all-FixedValue linear      reversed  nonuniform            jump[d=0] inc[d=54] flux[d=54] bnd[e=0] maxAbs=134        scaleF=134.1
  FAIL warped 3d 3    all-FixedValue linear      reversed  nonuniform  +explicit jump[d=0] inc[d=54] flux[d=54] bnd[e=0] maxAbs=134        scaleF=134.4
  FAIL warped 3d 3    all-FixedValue nonuniform  positive  uniform               jump[d=0] inc[d=54] flux[d=54] bnd[e=0] maxAbs=166        scaleF=166.8
  FAIL warped 3d 3    all-FixedValue nonuniform  positive  uniform     +explicit jump[d=0] inc[d=54] flux[d=54] bnd[e=0] maxAbs=166        scaleF=165.6
  FAIL warped 3d 3    all-FixedValue nonuniform  positive  nonuniform            jump[d=0] inc[d=54] flux[d=54] bnd[e=0] maxAbs=304        scaleF=305.2
  FAIL warped 3d 3    all-FixedValue nonuniform  positive  nonuniform  +explicit jump[d=0] inc[d=54] flux[d=54] bnd[e=0] maxAbs=305        scaleF=303.4
  FAIL warped 3d 3    all-FixedValue nonuniform  negative  uniform               jump[d=0] inc[d=54] flux[d=54] bnd[e=0] maxAbs=166        scaleF=165.4
  FAIL warped 3d 3    all-FixedValue nonuniform  negative  uniform     +explicit jump[d=0] inc[d=54] flux[d=54] bnd[e=0] maxAbs=166        scaleF=164.2
  FAIL warped 3d 3    all-FixedValue nonuniform  negative  nonuniform            jump[d=0] inc[d=54] flux[d=54] bnd[e=0] maxAbs=304        scaleF=303.8
  FAIL warped 3d 3    all-FixedValue nonuniform  negative  nonuniform  +explicit jump[d=0] inc[d=54] flux[d=54] bnd[e=0] maxAbs=305        scaleF=302
  FAIL warped 3d 3    all-FixedValue nonuniform  mixed     uniform               jump[d=0] inc[d=54] flux[d=54] bnd[e=0] maxAbs=166        scaleF=166.1
  FAIL warped 3d 3    all-FixedValue nonuniform  mixed     uniform     +explicit jump[d=0] inc[d=54] flux[d=54] bnd[e=0] maxAbs=166        scaleF=164.9
  FAIL warped 3d 3    all-FixedValue nonuniform  mixed     nonuniform            jump[d=0] inc[d=54] flux[d=54] bnd[e=0] maxAbs=304        scaleF=304.5
  FAIL warped 3d 3    all-FixedValue nonuniform  mixed     nonuniform  +explicit jump[d=0] inc[d=54] flux[d=54] bnd[e=0] maxAbs=305        scaleF=302.7
  FAIL warped 3d 3    all-FixedValue nonuniform  swirl     uniform               jump[d=0] inc[d=54] flux[d=54] bnd[e=0] maxAbs=166        scaleF=166.1
  FAIL warped 3d 3    all-FixedValue nonuniform  swirl     uniform     +explicit jump[d=0] inc[d=54] flux[d=54] bnd[e=0] maxAbs=166        scaleF=164.9
  FAIL warped 3d 3    all-FixedValue nonuniform  swirl     nonuniform            jump[d=0] inc[d=54] flux[d=54] bnd[e=0] maxAbs=304        scaleF=304.5
  FAIL warped 3d 3    all-FixedValue nonuniform  swirl     nonuniform  +explicit jump[d=0] inc[d=54] flux[d=54] bnd[e=0] maxAbs=305        scaleF=302.7
  FAIL warped 3d 3    all-FixedValue nonuniform  reversed  uniform               jump[d=0] inc[d=54] flux[d=54] bnd[e=0] maxAbs=166        scaleF=166.1
  FAIL warped 3d 3    all-FixedValue nonuniform  reversed  uniform     +explicit jump[d=0] inc[d=54] flux[d=54] bnd[e=0] maxAbs=166        scaleF=164.9
  FAIL warped 3d 3    all-FixedValue nonuniform  reversed  nonuniform            jump[d=0] inc[d=54] flux[d=54] bnd[e=0] maxAbs=304        scaleF=304.5
  FAIL warped 3d 3    all-FixedValue nonuniform  reversed  nonuniform  +explicit jump[d=0] inc[d=54] flux[d=54] bnd[e=0] maxAbs=305        scaleF=302.7
  FAIL warped 3d 3    all-FixedValue negative    positive  uniform               jump[d=0] inc[d=54] flux[d=54] bnd[e=0] maxAbs=166        scaleF=165.4
  FAIL warped 3d 3    all-FixedValue negative    positive  uniform     +explicit jump[d=0] inc[d=54] flux[d=54] bnd[e=0] maxAbs=166        scaleF=167.2
  FAIL warped 3d 3    all-FixedValue negative    positive  nonuniform            jump[d=0] inc[d=54] flux[d=54] bnd[e=0] maxAbs=304        scaleF=303.8
  FAIL warped 3d 3    all-FixedValue negative    positive  nonuniform  +explicit jump[d=0] inc[d=54] flux[d=54] bnd[e=0] maxAbs=305        scaleF=306.6
  FAIL warped 3d 3    all-FixedValue negative    negative  uniform               jump[d=0] inc[d=54] flux[d=54] bnd[e=0] maxAbs=166        scaleF=166.8
  FAIL warped 3d 3    all-FixedValue negative    negative  uniform     +explicit jump[d=0] inc[d=54] flux[d=54] bnd[e=0] maxAbs=166        scaleF=168.6
  FAIL warped 3d 3    all-FixedValue negative    negative  nonuniform            jump[d=0] inc[d=54] flux[d=54] bnd[e=0] maxAbs=304        scaleF=305.2
  FAIL warped 3d 3    all-FixedValue negative    negative  nonuniform  +explicit jump[d=0] inc[d=54] flux[d=54] bnd[e=0] maxAbs=305        scaleF=308
  FAIL warped 3d 3    all-FixedValue negative    mixed     uniform               jump[d=0] inc[d=54] flux[d=54] bnd[e=0] maxAbs=166        scaleF=166.1
  FAIL warped 3d 3    all-FixedValue negative    mixed     uniform     +explicit jump[d=0] inc[d=54] flux[d=54] bnd[e=0] maxAbs=166        scaleF=167.9
  FAIL warped 3d 3    all-FixedValue negative    mixed     nonuniform            jump[d=0] inc[d=54] flux[d=54] bnd[e=0] maxAbs=304        scaleF=304.5
  FAIL warped 3d 3    all-FixedValue negative    mixed     nonuniform  +explicit jump[d=0] inc[d=54] flux[d=54] bnd[e=0] maxAbs=305        scaleF=307.3
  FAIL warped 3d 3    all-FixedValue negative    swirl     uniform               jump[d=0] inc[d=54] flux[d=54] bnd[e=0] maxAbs=166        scaleF=166.1
  FAIL warped 3d 3    all-FixedValue negative    swirl     uniform     +explicit jump[d=0] inc[d=54] flux[d=54] bnd[e=0] maxAbs=166        scaleF=167.9
  FAIL warped 3d 3    all-FixedValue negative    swirl     nonuniform            jump[d=0] inc[d=54] flux[d=54] bnd[e=0] maxAbs=304        scaleF=304.5
  FAIL warped 3d 3    all-FixedValue negative    swirl     nonuniform  +explicit jump[d=0] inc[d=54] flux[d=54] bnd[e=0] maxAbs=305        scaleF=307.3
  FAIL warped 3d 3    all-FixedValue negative    reversed  uniform               jump[d=0] inc[d=54] flux[d=54] bnd[e=0] maxAbs=166        scaleF=166.1
  FAIL warped 3d 3    all-FixedValue negative    reversed  uniform     +explicit jump[d=0] inc[d=54] flux[d=54] bnd[e=0] maxAbs=166        scaleF=167.9
  FAIL warped 3d 3    all-FixedValue negative    reversed  nonuniform            jump[d=0] inc[d=54] flux[d=54] bnd[e=0] maxAbs=304        scaleF=304.5
  FAIL warped 3d 3    all-FixedValue negative    reversed  nonuniform  +explicit jump[d=0] inc[d=54] flux[d=54] bnd[e=0] maxAbs=305        scaleF=307.3
  FAIL L3 warped 3d 3    all-FixedValue swirl     all[0.003709->7.45e-16] solved[0.003709->7.45e-16 x2.01e-13] pin=no solve[it=16 r=3.87e-15] pairs=54 errors=80
  FAIL L3 warped 3d 3    all-FixedValue mixed     all[1.564->4.805e-15] solved[1.564->4.805e-15 x3.07e-15] pin=no solve[it=17 r=2.43e-14] pairs=54 errors=80
  FAIL L4a warped 3d 3    controlled p' differing=27 maxAbs=133        scale=133.4

=== coverage ===
  2D / 3D direct cases              300 / 300
  without / with explicit term      300 / 300
  interior faces compared           160200
  corrected (FixedValue) boundary faces 17700
  untouched Neumann boundary faces  8850
  continuity cases                  12
  imbalance reduced                 9
  already-conservative predictors   3
  owner/neighbour cancellations     3204
  signed-zero flips (recorded, not errors) 1140
  controlled p' cases               2
  full chain cases (GPU solve)      0
  values compared                   587452
  bitwise-identical                 558929
  max absolute discrepancy          626
  max relative discrepancy          83

cases=614 failures=353
FACE FLUX CORRECTION EQUIVALENCE: FAIL
