# k7_stale_pressure_correction  (expectation: detect)
# the owner's p' read from the NEXT face's owner cell -- a stale/misindexed pressure correction. Indexed through faceOwner so it stays in range without needing a cell count the kernel does not take
# mutation applied to cuda/kernels/DeviceFaceFluxCorrectionKernel.cu
# --- anchor ---
  const Real pOwner = pressureCorrection[faceOwner[f]];
# --- became ---
  const Real pOwner = pressureCorrection[faceOwner[(f + 1) % faceCount]];
# verdict: DETECTED (exit 1)

=== GPU-DISC-001K: CUDA face-flux correction vs CPU (bitwise) ===
CPU reference: pressure_velocity::correctFaceMassFlux

       [distorted q16/all-Neumann pin=yes fixedValueFaces=0]
  FAIL distorted q16  all-Neumann    linear      positive  uniform               jump[d=0] inc[d=480] flux[d=480] bnd[e=0] maxAbs=75.6       scaleF=4.925
  FAIL distorted q16  all-Neumann    linear      positive  uniform     +explicit jump[d=0] inc[d=480] flux[d=480] bnd[e=0] maxAbs=76.2       scaleF=5.454
  FAIL distorted q16  all-Neumann    linear      positive  nonuniform            jump[d=0] inc[d=480] flux[d=480] bnd[e=0] maxAbs=96.9       scaleF=8.976
  FAIL distorted q16  all-Neumann    linear      positive  nonuniform  +explicit jump[d=0] inc[d=480] flux[d=480] bnd[e=0] maxAbs=97.7       scaleF=9.03
  FAIL distorted q16  all-Neumann    linear      negative  uniform               jump[d=0] inc[d=480] flux[d=480] bnd[e=0] maxAbs=75.6       scaleF=5.691
  FAIL distorted q16  all-Neumann    linear      negative  uniform     +explicit jump[d=0] inc[d=480] flux[d=480] bnd[e=0] maxAbs=76.2       scaleF=5.705
  FAIL distorted q16  all-Neumann    linear      negative  nonuniform            jump[d=0] inc[d=480] flux[d=480] bnd[e=0] maxAbs=96.9       scaleF=10.38
  FAIL distorted q16  all-Neumann    linear      negative  nonuniform  +explicit jump[d=0] inc[d=480] flux[d=480] bnd[e=0] maxAbs=97.7       scaleF=10.43
  FAIL distorted q16  all-Neumann    linear      mixed     uniform               jump[d=0] inc[d=480] flux[d=483] bnd[e=0] maxAbs=75.6       scaleF=5.791
  FAIL distorted q16  all-Neumann    linear      mixed     uniform     +explicit jump[d=0] inc[d=480] flux[d=480] bnd[e=0] maxAbs=76.2       scaleF=6.054
  FAIL distorted q16  all-Neumann    linear      mixed     nonuniform            jump[d=0] inc[d=480] flux[d=483] bnd[e=0] maxAbs=96.9       scaleF=10.13
  FAIL distorted q16  all-Neumann    linear      mixed     nonuniform  +explicit jump[d=0] inc[d=480] flux[d=480] bnd[e=0] maxAbs=97.7       scaleF=10.23
  FAIL distorted q16  all-Neumann    linear      swirl     uniform               jump[d=0] inc[d=480] flux[d=480] bnd[e=0] maxAbs=75.6       scaleF=4.993
  FAIL distorted q16  all-Neumann    linear      swirl     uniform     +explicit jump[d=0] inc[d=480] flux[d=480] bnd[e=0] maxAbs=76.2       scaleF=5.034
  FAIL distorted q16  all-Neumann    linear      swirl     nonuniform            jump[d=0] inc[d=480] flux[d=480] bnd[e=0] maxAbs=96.9       scaleF=9.707
  FAIL distorted q16  all-Neumann    linear      swirl     nonuniform  +explicit jump[d=0] inc[d=480] flux[d=480] bnd[e=0] maxAbs=97.7       scaleF=9.762
  FAIL distorted q16  all-Neumann    linear      reversed  uniform               jump[d=0] inc[d=480] flux[d=480] bnd[e=0] maxAbs=75.6       scaleF=4.993
  FAIL distorted q16  all-Neumann    linear      reversed  uniform     +explicit jump[d=0] inc[d=480] flux[d=480] bnd[e=0] maxAbs=76.2       scaleF=4.977
  FAIL distorted q16  all-Neumann    linear      reversed  nonuniform            jump[d=0] inc[d=480] flux[d=480] bnd[e=0] maxAbs=96.9       scaleF=9.644
  FAIL distorted q16  all-Neumann    linear      reversed  nonuniform  +explicit jump[d=0] inc[d=480] flux[d=480] bnd[e=0] maxAbs=97.7       scaleF=9.699
  FAIL distorted q16  all-Neumann    nonuniform  positive  uniform               jump[d=0] inc[d=480] flux[d=480] bnd[e=0] maxAbs=48.2       scaleF=47.7
  FAIL distorted q16  all-Neumann    nonuniform  positive  uniform     +explicit jump[d=0] inc[d=480] flux[d=480] bnd[e=0] maxAbs=48.3       scaleF=49.23
  FAIL distorted q16  all-Neumann    nonuniform  positive  nonuniform            jump[d=0] inc[d=480] flux[d=480] bnd[e=0] maxAbs=101        scaleF=100.6
  FAIL distorted q16  all-Neumann    nonuniform  positive  nonuniform  +explicit jump[d=0] inc[d=480] flux[d=480] bnd[e=0] maxAbs=101        scaleF=100.7
  FAIL distorted q16  all-Neumann    nonuniform  negative  uniform               jump[d=0] inc[d=480] flux[d=480] bnd[e=0] maxAbs=48.2       scaleF=48.11
  FAIL distorted q16  all-Neumann    nonuniform  negative  uniform     +explicit jump[d=0] inc[d=480] flux[d=480] bnd[e=0] maxAbs=48.3       scaleF=48.19
  FAIL distorted q16  all-Neumann    nonuniform  negative  nonuniform            jump[d=0] inc[d=480] flux[d=480] bnd[e=0] maxAbs=101        scaleF=102
  FAIL distorted q16  all-Neumann    nonuniform  negative  nonuniform  +explicit jump[d=0] inc[d=480] flux[d=480] bnd[e=0] maxAbs=101        scaleF=102.1
  FAIL distorted q16  all-Neumann    nonuniform  mixed     uniform               jump[d=0] inc[d=480] flux[d=481] bnd[e=0] maxAbs=48.2       scaleF=48.26
  FAIL distorted q16  all-Neumann    nonuniform  mixed     uniform     +explicit jump[d=0] inc[d=480] flux[d=480] bnd[e=0] maxAbs=48.3       scaleF=49.44
  FAIL distorted q16  all-Neumann    nonuniform  mixed     nonuniform            jump[d=0] inc[d=480] flux[d=481] bnd[e=0] maxAbs=101        scaleF=101.3
  FAIL distorted q16  all-Neumann    nonuniform  mixed     nonuniform  +explicit jump[d=0] inc[d=480] flux[d=480] bnd[e=0] maxAbs=101        scaleF=101.4
  FAIL distorted q16  all-Neumann    nonuniform  swirl     uniform               jump[d=0] inc[d=480] flux[d=480] bnd[e=0] maxAbs=48.2       scaleF=47.38
  FAIL distorted q16  all-Neumann    nonuniform  swirl     uniform     +explicit jump[d=0] inc[d=480] flux[d=480] bnd[e=0] maxAbs=48.3       scaleF=48.54
  FAIL distorted q16  all-Neumann    nonuniform  swirl     nonuniform            jump[d=0] inc[d=480] flux[d=480] bnd[e=0] maxAbs=101        scaleF=101.4
  FAIL distorted q16  all-Neumann    nonuniform  swirl     nonuniform  +explicit jump[d=0] inc[d=480] flux[d=480] bnd[e=0] maxAbs=101        scaleF=101.5
  FAIL distorted q16  all-Neumann    nonuniform  reversed  uniform               jump[d=0] inc[d=480] flux[d=480] bnd[e=0] maxAbs=48.2       scaleF=47.44
  FAIL distorted q16  all-Neumann    nonuniform  reversed  uniform     +explicit jump[d=0] inc[d=480] flux[d=480] bnd[e=0] maxAbs=48.3       scaleF=48.53
  FAIL distorted q16  all-Neumann    nonuniform  reversed  nonuniform            jump[d=0] inc[d=480] flux[d=480] bnd[e=0] maxAbs=101        scaleF=101.3
  FAIL distorted q16  all-Neumann    nonuniform  reversed  nonuniform  +explicit jump[d=0] inc[d=480] flux[d=480] bnd[e=0] maxAbs=101        scaleF=101.4
  FAIL distorted q16  all-Neumann    negative    positive  uniform               jump[d=0] inc[d=480] flux[d=480] bnd[e=0] maxAbs=48.2       scaleF=48.11
  FAIL distorted q16  all-Neumann    negative    positive  uniform     +explicit jump[d=0] inc[d=480] flux[d=480] bnd[e=0] maxAbs=48.3       scaleF=51.55
  FAIL distorted q16  all-Neumann    negative    positive  nonuniform            jump[d=0] inc[d=480] flux[d=480] bnd[e=0] maxAbs=101        scaleF=102
  FAIL distorted q16  all-Neumann    negative    positive  nonuniform  +explicit jump[d=0] inc[d=480] flux[d=480] bnd[e=0] maxAbs=101        scaleF=102.1
  FAIL distorted q16  all-Neumann    negative    negative  uniform               jump[d=0] inc[d=480] flux[d=480] bnd[e=0] maxAbs=48.2       scaleF=47.7
  FAIL distorted q16  all-Neumann    negative    negative  uniform     +explicit jump[d=0] inc[d=480] flux[d=480] bnd[e=0] maxAbs=48.3       scaleF=52.95
  FAIL distorted q16  all-Neumann    negative    negative  nonuniform            jump[d=0] inc[d=480] flux[d=480] bnd[e=0] maxAbs=101        scaleF=100.6
  FAIL distorted q16  all-Neumann    negative    negative  nonuniform  +explicit jump[d=0] inc[d=480] flux[d=480] bnd[e=0] maxAbs=101        scaleF=100.7
  FAIL distorted q16  all-Neumann    negative    mixed     uniform               jump[d=0] inc[d=480] flux[d=481] bnd[e=0] maxAbs=48.2       scaleF=47.53
  FAIL distorted q16  all-Neumann    negative    mixed     uniform     +explicit jump[d=0] inc[d=480] flux[d=480] bnd[e=0] maxAbs=48.3       scaleF=52.1
  FAIL distorted q16  all-Neumann    negative    mixed     nonuniform            jump[d=0] inc[d=480] flux[d=481] bnd[e=0] maxAbs=101        scaleF=101.3
  FAIL distorted q16  all-Neumann    negative    mixed     nonuniform  +explicit jump[d=0] inc[d=480] flux[d=480] bnd[e=0] maxAbs=101        scaleF=101.4
  FAIL distorted q16  all-Neumann    negative    swirl     uniform               jump[d=0] inc[d=480] flux[d=480] bnd[e=0] maxAbs=48.2       scaleF=47.44
  FAIL distorted q16  all-Neumann    negative    swirl     uniform     +explicit jump[d=0] inc[d=480] flux[d=480] bnd[e=0] maxAbs=48.3       scaleF=52.26
  FAIL distorted q16  all-Neumann    negative    swirl     nonuniform            jump[d=0] inc[d=480] flux[d=480] bnd[e=0] maxAbs=101        scaleF=101.3
  FAIL distorted q16  all-Neumann    negative    swirl     nonuniform  +explicit jump[d=0] inc[d=480] flux[d=480] bnd[e=0] maxAbs=101        scaleF=101.3
  FAIL distorted q16  all-Neumann    negative    reversed  uniform               jump[d=0] inc[d=480] flux[d=480] bnd[e=0] maxAbs=48.2       scaleF=47.38
  FAIL distorted q16  all-Neumann    negative    reversed  uniform     +explicit jump[d=0] inc[d=480] flux[d=480] bnd[e=0] maxAbs=48.3       scaleF=52.25
  FAIL distorted q16  all-Neumann    negative    reversed  nonuniform            jump[d=0] inc[d=480] flux[d=480] bnd[e=0] maxAbs=101        scaleF=101.4
  FAIL distorted q16  all-Neumann    negative    reversed  nonuniform  +explicit jump[d=0] inc[d=480] flux[d=480] bnd[e=0] maxAbs=101        scaleF=101.4
  PASS L3 distorted q16  all-Neumann    swirl     all[4.427e-18->4.427e-18] solved[4.436e-18->4.436e-18 x1] pin=yes solve[it=0 r=7.08e-17] pairs=480 errors=0
  FAIL L3 distorted q16  all-Neumann    mixed     all[1.534->0.8219] solved[1.533->1.245e-13 x8.12e-14] pin=yes solve[it=122 r=1.56e-13] pairs=480 errors=737
       [distorted q16/mixed pin=no fixedValueFaces=32]
  FAIL distorted q16  mixed          linear      positive  uniform               jump[d=0] inc[d=496] flux[d=496] bnd[e=0] maxAbs=134        scaleF=136
  FAIL distorted q16  mixed          linear      positive  uniform     +explicit jump[d=0] inc[d=496] flux[d=496] bnd[e=0] maxAbs=134        scaleF=136.1
  FAIL distorted q16  mixed          linear      positive  nonuniform            jump[d=0] inc[d=496] flux[d=496] bnd[e=0] maxAbs=140        scaleF=141.8
  FAIL distorted q16  mixed          linear      positive  nonuniform  +explicit jump[d=0] inc[d=496] flux[d=496] bnd[e=0] maxAbs=140        scaleF=141.8
  FAIL distorted q16  mixed          linear      negative  uniform               jump[d=0] inc[d=496] flux[d=496] bnd[e=0] maxAbs=134        scaleF=134.6
  FAIL distorted q16  mixed          linear      negative  uniform     +explicit jump[d=0] inc[d=496] flux[d=496] bnd[e=0] maxAbs=134        scaleF=134.7
  FAIL distorted q16  mixed          linear      negative  nonuniform            jump[d=0] inc[d=496] flux[d=496] bnd[e=0] maxAbs=140        scaleF=140.4
  FAIL distorted q16  mixed          linear      negative  nonuniform  +explicit jump[d=0] inc[d=496] flux[d=496] bnd[e=0] maxAbs=140        scaleF=140.4
  FAIL distorted q16  mixed          linear      mixed     uniform               jump[d=0] inc[d=496] flux[d=499] bnd[e=0] maxAbs=134        scaleF=136.6
  FAIL distorted q16  mixed          linear      mixed     uniform     +explicit jump[d=0] inc[d=496] flux[d=496] bnd[e=0] maxAbs=134        scaleF=136.7
  FAIL distorted q16  mixed          linear      mixed     nonuniform            jump[d=0] inc[d=496] flux[d=499] bnd[e=0] maxAbs=140        scaleF=142.4
  FAIL distorted q16  mixed          linear      mixed     nonuniform  +explicit jump[d=0] inc[d=496] flux[d=496] bnd[e=0] maxAbs=140        scaleF=142.4
  FAIL distorted q16  mixed          linear      swirl     uniform               jump[d=0] inc[d=496] flux[d=496] bnd[e=0] maxAbs=134        scaleF=135.3
  FAIL distorted q16  mixed          linear      swirl     uniform     +explicit jump[d=0] inc[d=496] flux[d=496] bnd[e=0] maxAbs=134        scaleF=135.4
  FAIL distorted q16  mixed          linear      swirl     nonuniform            jump[d=0] inc[d=496] flux[d=496] bnd[e=0] maxAbs=140        scaleF=141.1
  FAIL distorted q16  mixed          linear      swirl     nonuniform  +explicit jump[d=0] inc[d=496] flux[d=496] bnd[e=0] maxAbs=140        scaleF=141.1
  FAIL distorted q16  mixed          linear      reversed  uniform               jump[d=0] inc[d=496] flux[d=496] bnd[e=0] maxAbs=134        scaleF=135.4
  FAIL distorted q16  mixed          linear      reversed  uniform     +explicit jump[d=0] inc[d=496] flux[d=496] bnd[e=0] maxAbs=134        scaleF=135.4
  FAIL distorted q16  mixed          linear      reversed  nonuniform            jump[d=0] inc[d=496] flux[d=496] bnd[e=0] maxAbs=140        scaleF=141.1
  FAIL distorted q16  mixed          linear      reversed  nonuniform  +explicit jump[d=0] inc[d=496] flux[d=496] bnd[e=0] maxAbs=140        scaleF=141.2
  FAIL distorted q16  mixed          nonuniform  positive  uniform               jump[d=0] inc[d=496] flux[d=496] bnd[e=0] maxAbs=95.6       scaleF=474.9
  FAIL distorted q16  mixed          nonuniform  positive  uniform     +explicit jump[d=0] inc[d=496] flux[d=496] bnd[e=0] maxAbs=95.7       scaleF=481.6
  FAIL distorted q16  mixed          nonuniform  positive  nonuniform            jump[d=0] inc[d=496] flux[d=496] bnd[e=0] maxAbs=101        scaleF=335.7
  FAIL distorted q16  mixed          nonuniform  positive  nonuniform  +explicit jump[d=0] inc[d=496] flux[d=496] bnd[e=0] maxAbs=101        scaleF=340.2
  FAIL distorted q16  mixed          nonuniform  negative  uniform               jump[d=0] inc[d=496] flux[d=496] bnd[e=0] maxAbs=95.6       scaleF=473.5
  FAIL distorted q16  mixed          nonuniform  negative  uniform     +explicit jump[d=0] inc[d=496] flux[d=496] bnd[e=0] maxAbs=95.7       scaleF=480.2
  FAIL distorted q16  mixed          nonuniform  negative  nonuniform            jump[d=0] inc[d=496] flux[d=496] bnd[e=0] maxAbs=101        scaleF=334.3
  FAIL distorted q16  mixed          nonuniform  negative  nonuniform  +explicit jump[d=0] inc[d=496] flux[d=496] bnd[e=0] maxAbs=101        scaleF=338.8
  FAIL distorted q16  mixed          nonuniform  mixed     uniform               jump[d=0] inc[d=496] flux[d=497] bnd[e=0] maxAbs=95.6       scaleF=474.2
  FAIL distorted q16  mixed          nonuniform  mixed     uniform     +explicit jump[d=0] inc[d=496] flux[d=496] bnd[e=0] maxAbs=95.7       scaleF=480.9
  FAIL distorted q16  mixed          nonuniform  mixed     nonuniform            jump[d=0] inc[d=496] flux[d=497] bnd[e=0] maxAbs=101        scaleF=335.4
  FAIL distorted q16  mixed          nonuniform  mixed     nonuniform  +explicit jump[d=0] inc[d=496] flux[d=496] bnd[e=0] maxAbs=101        scaleF=339.9
  FAIL distorted q16  mixed          nonuniform  swirl     uniform               jump[d=0] inc[d=496] flux[d=496] bnd[e=0] maxAbs=95.6       scaleF=474.2
  FAIL distorted q16  mixed          nonuniform  swirl     uniform     +explicit jump[d=0] inc[d=496] flux[d=496] bnd[e=0] maxAbs=95.7       scaleF=480.9
  FAIL distorted q16  mixed          nonuniform  swirl     nonuniform            jump[d=0] inc[d=496] flux[d=496] bnd[e=0] maxAbs=101        scaleF=335
  FAIL distorted q16  mixed          nonuniform  swirl     nonuniform  +explicit jump[d=0] inc[d=496] flux[d=496] bnd[e=0] maxAbs=101        scaleF=339.5
  FAIL distorted q16  mixed          nonuniform  reversed  uniform               jump[d=0] inc[d=496] flux[d=496] bnd[e=0] maxAbs=95.6       scaleF=474.2
  FAIL distorted q16  mixed          nonuniform  reversed  uniform     +explicit jump[d=0] inc[d=496] flux[d=496] bnd[e=0] maxAbs=95.7       scaleF=480.9
  FAIL distorted q16  mixed          nonuniform  reversed  nonuniform            jump[d=0] inc[d=496] flux[d=496] bnd[e=0] maxAbs=101        scaleF=335
  FAIL distorted q16  mixed          nonuniform  reversed  nonuniform  +explicit jump[d=0] inc[d=496] flux[d=496] bnd[e=0] maxAbs=101        scaleF=339.5
  FAIL distorted q16  mixed          negative    positive  uniform               jump[d=0] inc[d=496] flux[d=496] bnd[e=0] maxAbs=95.6       scaleF=473.5
  FAIL distorted q16  mixed          negative    positive  uniform     +explicit jump[d=0] inc[d=496] flux[d=496] bnd[e=0] maxAbs=95.7       scaleF=481.9
  FAIL distorted q16  mixed          negative    positive  nonuniform            jump[d=0] inc[d=496] flux[d=496] bnd[e=0] maxAbs=101        scaleF=334.3
  FAIL distorted q16  mixed          negative    positive  nonuniform  +explicit jump[d=0] inc[d=496] flux[d=496] bnd[e=0] maxAbs=101        scaleF=339.4
  FAIL distorted q16  mixed          negative    negative  uniform               jump[d=0] inc[d=496] flux[d=496] bnd[e=0] maxAbs=95.6       scaleF=474.9
  FAIL distorted q16  mixed          negative    negative  uniform     +explicit jump[d=0] inc[d=496] flux[d=496] bnd[e=0] maxAbs=95.7       scaleF=483.3
  FAIL distorted q16  mixed          negative    negative  nonuniform            jump[d=0] inc[d=496] flux[d=496] bnd[e=0] maxAbs=101        scaleF=335.7
  FAIL distorted q16  mixed          negative    negative  nonuniform  +explicit jump[d=0] inc[d=496] flux[d=496] bnd[e=0] maxAbs=101        scaleF=340.8
  FAIL distorted q16  mixed          negative    mixed     uniform               jump[d=0] inc[d=496] flux[d=497] bnd[e=0] maxAbs=95.6       scaleF=474.2
  FAIL distorted q16  mixed          negative    mixed     uniform     +explicit jump[d=0] inc[d=496] flux[d=496] bnd[e=0] maxAbs=95.7       scaleF=482.6
  FAIL distorted q16  mixed          negative    mixed     nonuniform            jump[d=0] inc[d=496] flux[d=497] bnd[e=0] maxAbs=101        scaleF=334.5
  FAIL distorted q16  mixed          negative    mixed     nonuniform  +explicit jump[d=0] inc[d=496] flux[d=496] bnd[e=0] maxAbs=101        scaleF=339.7
  FAIL distorted q16  mixed          negative    swirl     uniform               jump[d=0] inc[d=496] flux[d=496] bnd[e=0] maxAbs=95.6       scaleF=474.2
  FAIL distorted q16  mixed          negative    swirl     uniform     +explicit jump[d=0] inc[d=496] flux[d=496] bnd[e=0] maxAbs=95.7       scaleF=482.6
  FAIL distorted q16  mixed          negative    swirl     nonuniform            jump[d=0] inc[d=496] flux[d=496] bnd[e=0] maxAbs=101        scaleF=335
  FAIL distorted q16  mixed          negative    swirl     nonuniform  +explicit jump[d=0] inc[d=496] flux[d=496] bnd[e=0] maxAbs=101        scaleF=340.2
  FAIL distorted q16  mixed          negative    reversed  uniform               jump[d=0] inc[d=496] flux[d=496] bnd[e=0] maxAbs=95.6       scaleF=474.2
  FAIL distorted q16  mixed          negative    reversed  uniform     +explicit jump[d=0] inc[d=496] flux[d=496] bnd[e=0] maxAbs=95.7       scaleF=482.6
  FAIL distorted q16  mixed          negative    reversed  nonuniform            jump[d=0] inc[d=496] flux[d=496] bnd[e=0] maxAbs=101        scaleF=335
  FAIL distorted q16  mixed          negative    reversed  nonuniform  +explicit jump[d=0] inc[d=496] flux[d=496] bnd[e=0] maxAbs=101        scaleF=340.1
  PASS L3 distorted q16  mixed          swirl     all[4.427e-18->4.427e-18] solved[4.427e-18->4.427e-18 x1] pin=no solve[it=0 r=7.08e-17] pairs=480 errors=0
  FAIL L3 distorted q16  mixed          mixed     all[1.534->1.513e-14] solved[1.534->1.513e-14 x9.87e-15] pin=no solve[it=89 r=2.4e-13] pairs=480 errors=753
       [distorted q16/all-FixedValue pin=no fixedValueFaces=64]
  FAIL distorted q16  all-FixedValue linear      positive  uniform               jump[d=0] inc[d=528] flux[d=528] bnd[e=0] maxAbs=152        scaleF=136
  FAIL distorted q16  all-FixedValue linear      positive  uniform     +explicit jump[d=0] inc[d=528] flux[d=528] bnd[e=0] maxAbs=153        scaleF=138.3
  FAIL distorted q16  all-FixedValue linear      positive  nonuniform            jump[d=0] inc[d=528] flux[d=528] bnd[e=0] maxAbs=279        scaleF=224.6
  FAIL distorted q16  all-FixedValue linear      positive  nonuniform  +explicit jump[d=0] inc[d=528] flux[d=528] bnd[e=0] maxAbs=280        scaleF=228.3
  FAIL distorted q16  all-FixedValue linear      negative  uniform               jump[d=0] inc[d=528] flux[d=528] bnd[e=0] maxAbs=152        scaleF=134.6
  FAIL distorted q16  all-FixedValue linear      negative  uniform     +explicit jump[d=0] inc[d=528] flux[d=528] bnd[e=0] maxAbs=153        scaleF=136.9
  FAIL distorted q16  all-FixedValue linear      negative  nonuniform            jump[d=0] inc[d=528] flux[d=528] bnd[e=0] maxAbs=279        scaleF=223.2
  FAIL distorted q16  all-FixedValue linear      negative  nonuniform  +explicit jump[d=0] inc[d=528] flux[d=528] bnd[e=0] maxAbs=280        scaleF=226.9
  FAIL distorted q16  all-FixedValue linear      mixed     uniform               jump[d=0] inc[d=528] flux[d=528] bnd[e=0] maxAbs=152        scaleF=136.6
  FAIL distorted q16  all-FixedValue linear      mixed     uniform     +explicit jump[d=0] inc[d=528] flux[d=528] bnd[e=0] maxAbs=153        scaleF=138.9
  FAIL distorted q16  all-FixedValue linear      mixed     nonuniform            jump[d=0] inc[d=528] flux[d=528] bnd[e=0] maxAbs=279        scaleF=223.9
  FAIL distorted q16  all-FixedValue linear      mixed     nonuniform  +explicit jump[d=0] inc[d=528] flux[d=528] bnd[e=0] maxAbs=280        scaleF=227.6
  FAIL distorted q16  all-FixedValue linear      swirl     uniform               jump[d=0] inc[d=528] flux[d=528] bnd[e=0] maxAbs=152        scaleF=135.4
  FAIL distorted q16  all-FixedValue linear      swirl     uniform     +explicit jump[d=0] inc[d=528] flux[d=528] bnd[e=0] maxAbs=153        scaleF=137.6
  FAIL distorted q16  all-FixedValue linear      swirl     nonuniform            jump[d=0] inc[d=528] flux[d=528] bnd[e=0] maxAbs=279        scaleF=224
  FAIL distorted q16  all-FixedValue linear      swirl     nonuniform  +explicit jump[d=0] inc[d=528] flux[d=528] bnd[e=0] maxAbs=280        scaleF=227.7
  FAIL distorted q16  all-FixedValue linear      reversed  uniform               jump[d=0] inc[d=528] flux[d=528] bnd[e=0] maxAbs=152        scaleF=135.4
  FAIL distorted q16  all-FixedValue linear      reversed  uniform     +explicit jump[d=0] inc[d=528] flux[d=528] bnd[e=0] maxAbs=153        scaleF=137.6
  FAIL distorted q16  all-FixedValue linear      reversed  nonuniform            jump[d=0] inc[d=528] flux[d=528] bnd[e=0] maxAbs=279        scaleF=223.9
  FAIL distorted q16  all-FixedValue linear      reversed  nonuniform  +explicit jump[d=0] inc[d=528] flux[d=528] bnd[e=0] maxAbs=280        scaleF=227.6
  FAIL distorted q16  all-FixedValue nonuniform  positive  uniform               jump[d=0] inc[d=528] flux[d=528] bnd[e=0] maxAbs=112        scaleF=482.8
  FAIL distorted q16  all-FixedValue nonuniform  positive  uniform     +explicit jump[d=0] inc[d=528] flux[d=528] bnd[e=0] maxAbs=112        scaleF=489.6
  FAIL distorted q16  all-FixedValue nonuniform  positive  nonuniform            jump[d=0] inc[d=528] flux[d=528] bnd[e=0] maxAbs=247        scaleF=457.6
  FAIL distorted q16  all-FixedValue nonuniform  positive  nonuniform  +explicit jump[d=0] inc[d=528] flux[d=528] bnd[e=0] maxAbs=247        scaleF=463.7
  FAIL distorted q16  all-FixedValue nonuniform  negative  uniform               jump[d=0] inc[d=528] flux[d=528] bnd[e=0] maxAbs=112        scaleF=484.2
  FAIL distorted q16  all-FixedValue nonuniform  negative  uniform     +explicit jump[d=0] inc[d=528] flux[d=528] bnd[e=0] maxAbs=112        scaleF=491
  FAIL distorted q16  all-FixedValue nonuniform  negative  nonuniform            jump[d=0] inc[d=528] flux[d=528] bnd[e=0] maxAbs=247        scaleF=459
  FAIL distorted q16  all-FixedValue nonuniform  negative  nonuniform  +explicit jump[d=0] inc[d=528] flux[d=528] bnd[e=0] maxAbs=247        scaleF=465.1
  FAIL distorted q16  all-FixedValue nonuniform  mixed     uniform               jump[d=0] inc[d=528] flux[d=528] bnd[e=0] maxAbs=112        scaleF=483.5
  FAIL distorted q16  all-FixedValue nonuniform  mixed     uniform     +explicit jump[d=0] inc[d=528] flux[d=528] bnd[e=0] maxAbs=112        scaleF=490.3
  FAIL distorted q16  all-FixedValue nonuniform  mixed     nonuniform            jump[d=0] inc[d=528] flux[d=528] bnd[e=0] maxAbs=247        scaleF=458.3
  FAIL distorted q16  all-FixedValue nonuniform  mixed     nonuniform  +explicit jump[d=0] inc[d=528] flux[d=528] bnd[e=0] maxAbs=247        scaleF=464.4
  FAIL distorted q16  all-FixedValue nonuniform  swirl     uniform               jump[d=0] inc[d=528] flux[d=528] bnd[e=0] maxAbs=112        scaleF=483.5
  FAIL distorted q16  all-FixedValue nonuniform  swirl     uniform     +explicit jump[d=0] inc[d=528] flux[d=528] bnd[e=0] maxAbs=112        scaleF=490.3
  FAIL distorted q16  all-FixedValue nonuniform  swirl     nonuniform            jump[d=0] inc[d=528] flux[d=528] bnd[e=0] maxAbs=247        scaleF=458.3
  FAIL distorted q16  all-FixedValue nonuniform  swirl     nonuniform  +explicit jump[d=0] inc[d=528] flux[d=528] bnd[e=0] maxAbs=247        scaleF=464.4
  FAIL distorted q16  all-FixedValue nonuniform  reversed  uniform               jump[d=0] inc[d=528] flux[d=528] bnd[e=0] maxAbs=112        scaleF=483.5
  FAIL distorted q16  all-FixedValue nonuniform  reversed  uniform     +explicit jump[d=0] inc[d=528] flux[d=528] bnd[e=0] maxAbs=112        scaleF=490.3
  FAIL distorted q16  all-FixedValue nonuniform  reversed  nonuniform            jump[d=0] inc[d=528] flux[d=528] bnd[e=0] maxAbs=247        scaleF=458.3
  FAIL distorted q16  all-FixedValue nonuniform  reversed  nonuniform  +explicit jump[d=0] inc[d=528] flux[d=528] bnd[e=0] maxAbs=247        scaleF=464.4
  FAIL distorted q16  all-FixedValue negative    positive  uniform               jump[d=0] inc[d=528] flux[d=528] bnd[e=0] maxAbs=112        scaleF=484.2
  FAIL distorted q16  all-FixedValue negative    positive  uniform     +explicit jump[d=0] inc[d=528] flux[d=528] bnd[e=0] maxAbs=112        scaleF=492.8
  FAIL distorted q16  all-FixedValue negative    positive  nonuniform            jump[d=0] inc[d=528] flux[d=528] bnd[e=0] maxAbs=247        scaleF=459
  FAIL distorted q16  all-FixedValue negative    positive  nonuniform  +explicit jump[d=0] inc[d=528] flux[d=528] bnd[e=0] maxAbs=247        scaleF=466.4
  FAIL distorted q16  all-FixedValue negative    negative  uniform               jump[d=0] inc[d=528] flux[d=528] bnd[e=0] maxAbs=112        scaleF=482.8
  FAIL distorted q16  all-FixedValue negative    negative  uniform     +explicit jump[d=0] inc[d=528] flux[d=528] bnd[e=0] maxAbs=112        scaleF=491.4
  FAIL distorted q16  all-FixedValue negative    negative  nonuniform            jump[d=0] inc[d=528] flux[d=528] bnd[e=0] maxAbs=247        scaleF=457.6
  FAIL distorted q16  all-FixedValue negative    negative  nonuniform  +explicit jump[d=0] inc[d=528] flux[d=528] bnd[e=0] maxAbs=247        scaleF=465
  FAIL distorted q16  all-FixedValue negative    mixed     uniform               jump[d=0] inc[d=528] flux[d=528] bnd[e=0] maxAbs=112        scaleF=483.5
  FAIL distorted q16  all-FixedValue negative    mixed     uniform     +explicit jump[d=0] inc[d=528] flux[d=528] bnd[e=0] maxAbs=112        scaleF=492.1
  FAIL distorted q16  all-FixedValue negative    mixed     nonuniform            jump[d=0] inc[d=528] flux[d=528] bnd[e=0] maxAbs=247        scaleF=458.3
  FAIL distorted q16  all-FixedValue negative    mixed     nonuniform  +explicit jump[d=0] inc[d=528] flux[d=528] bnd[e=0] maxAbs=247        scaleF=465.7
  FAIL distorted q16  all-FixedValue negative    swirl     uniform               jump[d=0] inc[d=528] flux[d=528] bnd[e=0] maxAbs=112        scaleF=483.5
  FAIL distorted q16  all-FixedValue negative    swirl     uniform     +explicit jump[d=0] inc[d=528] flux[d=528] bnd[e=0] maxAbs=112        scaleF=492.1
  FAIL distorted q16  all-FixedValue negative    swirl     nonuniform            jump[d=0] inc[d=528] flux[d=528] bnd[e=0] maxAbs=247        scaleF=458.3
  FAIL distorted q16  all-FixedValue negative    swirl     nonuniform  +explicit jump[d=0] inc[d=528] flux[d=528] bnd[e=0] maxAbs=247        scaleF=465.7
  FAIL distorted q16  all-FixedValue negative    reversed  uniform               jump[d=0] inc[d=528] flux[d=528] bnd[e=0] maxAbs=112        scaleF=483.5
  FAIL distorted q16  all-FixedValue negative    reversed  uniform     +explicit jump[d=0] inc[d=528] flux[d=528] bnd[e=0] maxAbs=112        scaleF=492.1
  FAIL distorted q16  all-FixedValue negative    reversed  nonuniform            jump[d=0] inc[d=528] flux[d=528] bnd[e=0] maxAbs=247        scaleF=458.3
  FAIL distorted q16  all-FixedValue negative    reversed  nonuniform  +explicit jump[d=0] inc[d=528] flux[d=528] bnd[e=0] maxAbs=247        scaleF=465.7
  PASS L3 distorted q16  all-FixedValue swirl     all[4.427e-18->4.427e-18] solved[4.427e-18->4.427e-18 x1] pin=no solve[it=0 r=7.08e-17] pairs=480 errors=0
  FAIL L3 distorted q16  all-FixedValue mixed     all[1.534->3.692e-15] solved[1.534->3.692e-15 x2.41e-15] pin=no solve[it=79 r=5.66e-14] pairs=480 errors=784
  FAIL L4a distorted q16  controlled p' differing=496 maxAbs=9.06       scale=6.141
       [warped 3d 3/all-Neumann pin=yes fixedValueFaces=0]
  FAIL warped 3d 3    all-Neumann    linear      positive  uniform               jump[d=0] inc[d=54] flux[d=54] bnd[e=0] maxAbs=21.4       scaleF=7.867
  FAIL warped 3d 3    all-Neumann    linear      positive  uniform     +explicit jump[d=0] inc[d=54] flux[d=54] bnd[e=0] maxAbs=21.5       scaleF=7.844
  FAIL warped 3d 3    all-Neumann    linear      positive  nonuniform            jump[d=0] inc[d=54] flux[d=54] bnd[e=0] maxAbs=51.1       scaleF=14.86
  FAIL warped 3d 3    all-Neumann    linear      positive  nonuniform  +explicit jump[d=0] inc[d=54] flux[d=54] bnd[e=0] maxAbs=51.1       scaleF=14.83
  FAIL warped 3d 3    all-Neumann    linear      negative  uniform               jump[d=0] inc[d=54] flux[d=54] bnd[e=0] maxAbs=21.4       scaleF=9.267
  FAIL warped 3d 3    all-Neumann    linear      negative  uniform     +explicit jump[d=0] inc[d=54] flux[d=54] bnd[e=0] maxAbs=21.5       scaleF=9.244
  FAIL warped 3d 3    all-Neumann    linear      negative  nonuniform            jump[d=0] inc[d=54] flux[d=54] bnd[e=0] maxAbs=51.1       scaleF=16.26
  FAIL warped 3d 3    all-Neumann    linear      negative  nonuniform  +explicit jump[d=0] inc[d=54] flux[d=54] bnd[e=0] maxAbs=51.1       scaleF=16.23
  FAIL warped 3d 3    all-Neumann    linear      mixed     uniform               jump[d=0] inc[d=54] flux[d=56] bnd[e=0] maxAbs=21.4       scaleF=8.872
  FAIL warped 3d 3    all-Neumann    linear      mixed     uniform     +explicit jump[d=0] inc[d=54] flux[d=54] bnd[e=0] maxAbs=21.5       scaleF=8.975
  FAIL warped 3d 3    all-Neumann    linear      mixed     nonuniform            jump[d=0] inc[d=54] flux[d=56] bnd[e=0] maxAbs=51.1       scaleF=16.36
  FAIL warped 3d 3    all-Neumann    linear      mixed     nonuniform  +explicit jump[d=0] inc[d=54] flux[d=54] bnd[e=0] maxAbs=51.1       scaleF=16.33
  FAIL warped 3d 3    all-Neumann    linear      swirl     uniform               jump[d=0] inc[d=54] flux[d=55] bnd[e=0] maxAbs=21.4       scaleF=8.567
  FAIL warped 3d 3    all-Neumann    linear      swirl     uniform     +explicit jump[d=0] inc[d=54] flux[d=54] bnd[e=0] maxAbs=21.5       scaleF=8.544
  FAIL warped 3d 3    all-Neumann    linear      swirl     nonuniform            jump[d=0] inc[d=54] flux[d=55] bnd[e=0] maxAbs=51.1       scaleF=15.59
  FAIL warped 3d 3    all-Neumann    linear      swirl     nonuniform  +explicit jump[d=0] inc[d=54] flux[d=54] bnd[e=0] maxAbs=51.1       scaleF=15.56
  FAIL warped 3d 3    all-Neumann    linear      reversed  uniform               jump[d=0] inc[d=54] flux[d=60] bnd[e=0] maxAbs=21.4       scaleF=8.567
  FAIL warped 3d 3    all-Neumann    linear      reversed  uniform     +explicit jump[d=0] inc[d=54] flux[d=54] bnd[e=0] maxAbs=21.5       scaleF=8.544
  FAIL warped 3d 3    all-Neumann    linear      reversed  nonuniform            jump[d=0] inc[d=54] flux[d=60] bnd[e=0] maxAbs=51.1       scaleF=15.52
  FAIL warped 3d 3    all-Neumann    linear      reversed  nonuniform  +explicit jump[d=0] inc[d=54] flux[d=54] bnd[e=0] maxAbs=51.1       scaleF=15.49
  FAIL warped 3d 3    all-Neumann    nonuniform  positive  uniform               jump[d=0] inc[d=54] flux[d=54] bnd[e=0] maxAbs=75.5       scaleF=76.66
  FAIL warped 3d 3    all-Neumann    nonuniform  positive  uniform     +explicit jump[d=0] inc[d=54] flux[d=54] bnd[e=0] maxAbs=75.6       scaleF=76.99
  FAIL warped 3d 3    all-Neumann    nonuniform  positive  nonuniform            jump[d=0] inc[d=54] flux[d=54] bnd[e=0] maxAbs=228        scaleF=74.89
  FAIL warped 3d 3    all-Neumann    nonuniform  positive  nonuniform  +explicit jump[d=0] inc[d=54] flux[d=54] bnd[e=0] maxAbs=228        scaleF=74.9
  FAIL warped 3d 3    all-Neumann    nonuniform  negative  uniform               jump[d=0] inc[d=54] flux[d=54] bnd[e=0] maxAbs=75.5       scaleF=75.26
  FAIL warped 3d 3    all-Neumann    nonuniform  negative  uniform     +explicit jump[d=0] inc[d=54] flux[d=54] bnd[e=0] maxAbs=75.6       scaleF=75.59
  FAIL warped 3d 3    all-Neumann    nonuniform  negative  nonuniform            jump[d=0] inc[d=54] flux[d=54] bnd[e=0] maxAbs=228        scaleF=73.49
  FAIL warped 3d 3    all-Neumann    nonuniform  negative  nonuniform  +explicit jump[d=0] inc[d=54] flux[d=54] bnd[e=0] maxAbs=228        scaleF=73.5
  FAIL warped 3d 3    all-Neumann    nonuniform  mixed     uniform               jump[d=0] inc[d=54] flux[d=57] bnd[e=0] maxAbs=75.5       scaleF=75.16
  FAIL warped 3d 3    all-Neumann    nonuniform  mixed     uniform     +explicit jump[d=0] inc[d=54] flux[d=54] bnd[e=0] maxAbs=75.6       scaleF=75.49
  FAIL warped 3d 3    all-Neumann    nonuniform  mixed     nonuniform            jump[d=0] inc[d=54] flux[d=57] bnd[e=0] maxAbs=228        scaleF=73.39
  FAIL warped 3d 3    all-Neumann    nonuniform  mixed     nonuniform  +explicit jump[d=0] inc[d=54] flux[d=54] bnd[e=0] maxAbs=228        scaleF=73.4
  FAIL warped 3d 3    all-Neumann    nonuniform  swirl     uniform               jump[d=0] inc[d=54] flux[d=54] bnd[e=0] maxAbs=75.5       scaleF=75.97
  FAIL warped 3d 3    all-Neumann    nonuniform  swirl     uniform     +explicit jump[d=0] inc[d=54] flux[d=54] bnd[e=0] maxAbs=75.6       scaleF=76.29
  FAIL warped 3d 3    all-Neumann    nonuniform  swirl     nonuniform            jump[d=0] inc[d=54] flux[d=54] bnd[e=0] maxAbs=228        scaleF=74.19
  FAIL warped 3d 3    all-Neumann    nonuniform  swirl     nonuniform  +explicit jump[d=0] inc[d=54] flux[d=54] bnd[e=0] maxAbs=228        scaleF=74.2
  FAIL warped 3d 3    all-Neumann    nonuniform  reversed  uniform               jump[d=0] inc[d=54] flux[d=57] bnd[e=0] maxAbs=75.5       scaleF=75.96
  FAIL warped 3d 3    all-Neumann    nonuniform  reversed  uniform     +explicit jump[d=0] inc[d=54] flux[d=54] bnd[e=0] maxAbs=75.6       scaleF=76.29
  FAIL warped 3d 3    all-Neumann    nonuniform  reversed  nonuniform            jump[d=0] inc[d=54] flux[d=57] bnd[e=0] maxAbs=228        scaleF=74.19
  FAIL warped 3d 3    all-Neumann    nonuniform  reversed  nonuniform  +explicit jump[d=0] inc[d=54] flux[d=54] bnd[e=0] maxAbs=228        scaleF=74.2
  FAIL warped 3d 3    all-Neumann    negative    positive  uniform               jump[d=0] inc[d=54] flux[d=54] bnd[e=0] maxAbs=75.5       scaleF=75.26
  FAIL warped 3d 3    all-Neumann    negative    positive  uniform     +explicit jump[d=0] inc[d=54] flux[d=54] bnd[e=0] maxAbs=75.6       scaleF=75.25
  FAIL warped 3d 3    all-Neumann    negative    positive  nonuniform            jump[d=0] inc[d=54] flux[d=54] bnd[e=0] maxAbs=228        scaleF=73.49
  FAIL warped 3d 3    all-Neumann    negative    positive  nonuniform  +explicit jump[d=0] inc[d=54] flux[d=54] bnd[e=0] maxAbs=228        scaleF=73.98
  FAIL warped 3d 3    all-Neumann    negative    negative  uniform               jump[d=0] inc[d=54] flux[d=54] bnd[e=0] maxAbs=75.5       scaleF=76.66
  FAIL warped 3d 3    all-Neumann    negative    negative  uniform     +explicit jump[d=0] inc[d=54] flux[d=54] bnd[e=0] maxAbs=75.6       scaleF=76.65
  FAIL warped 3d 3    all-Neumann    negative    negative  nonuniform            jump[d=0] inc[d=54] flux[d=54] bnd[e=0] maxAbs=228        scaleF=74.89
  FAIL warped 3d 3    all-Neumann    negative    negative  nonuniform  +explicit jump[d=0] inc[d=54] flux[d=54] bnd[e=0] maxAbs=228        scaleF=75.38
  FAIL warped 3d 3    all-Neumann    negative    mixed     uniform               jump[d=0] inc[d=54] flux[d=57] bnd[e=0] maxAbs=75.5       scaleF=76.76
  FAIL warped 3d 3    all-Neumann    negative    mixed     uniform     +explicit jump[d=0] inc[d=54] flux[d=54] bnd[e=0] maxAbs=75.6       scaleF=76.75
  FAIL warped 3d 3    all-Neumann    negative    mixed     nonuniform            jump[d=0] inc[d=54] flux[d=57] bnd[e=0] maxAbs=228        scaleF=74.99
  FAIL warped 3d 3    all-Neumann    negative    mixed     nonuniform  +explicit jump[d=0] inc[d=54] flux[d=54] bnd[e=0] maxAbs=228        scaleF=75.48
  FAIL warped 3d 3    all-Neumann    negative    swirl     uniform               jump[d=0] inc[d=54] flux[d=54] bnd[e=0] maxAbs=75.5       scaleF=75.96
  FAIL warped 3d 3    all-Neumann    negative    swirl     uniform     +explicit jump[d=0] inc[d=54] flux[d=54] bnd[e=0] maxAbs=75.6       scaleF=75.95
  FAIL warped 3d 3    all-Neumann    negative    swirl     nonuniform            jump[d=0] inc[d=54] flux[d=54] bnd[e=0] maxAbs=228        scaleF=74.19
  FAIL warped 3d 3    all-Neumann    negative    swirl     nonuniform  +explicit jump[d=0] inc[d=54] flux[d=54] bnd[e=0] maxAbs=228        scaleF=74.68
  FAIL warped 3d 3    all-Neumann    negative    reversed  uniform               jump[d=0] inc[d=54] flux[d=57] bnd[e=0] maxAbs=75.5       scaleF=75.97
  FAIL warped 3d 3    all-Neumann    negative    reversed  uniform     +explicit jump[d=0] inc[d=54] flux[d=54] bnd[e=0] maxAbs=75.6       scaleF=75.95
  FAIL warped 3d 3    all-Neumann    negative    reversed  nonuniform            jump[d=0] inc[d=54] flux[d=57] bnd[e=0] maxAbs=228        scaleF=74.19
  FAIL warped 3d 3    all-Neumann    negative    reversed  nonuniform  +explicit jump[d=0] inc[d=54] flux[d=54] bnd[e=0] maxAbs=228        scaleF=74.69
  FAIL L3 warped 3d 3    all-Neumann    swirl     all[0.003709->0.01925] solved[0.003707->1.615e-15 x4.36e-13] pin=yes solve[it=20 r=8.26e-15] pairs=54 errors=81
  FAIL L3 warped 3d 3    all-Neumann    mixed     all[1.564->2.165] solved[1.584->1.388e-14 x8.76e-15] pin=yes solve[it=24 r=1.81e-14] pairs=54 errors=83
       [warped 3d 3/mixed pin=no fixedValueFaces=27]
  FAIL warped 3d 3    mixed          linear      positive  uniform               jump[d=0] inc[d=72] flux[d=72] bnd[e=0] maxAbs=45.7       scaleF=53.65
  FAIL warped 3d 3    mixed          linear      positive  uniform     +explicit jump[d=0] inc[d=72] flux[d=72] bnd[e=0] maxAbs=45.8       scaleF=53.66
  FAIL warped 3d 3    mixed          linear      positive  nonuniform            jump[d=0] inc[d=72] flux[d=72] bnd[e=0] maxAbs=108        scaleF=82.74
  FAIL warped 3d 3    mixed          linear      positive  nonuniform  +explicit jump[d=0] inc[d=72] flux[d=72] bnd[e=0] maxAbs=109        scaleF=82.87
  FAIL warped 3d 3    mixed          linear      negative  uniform               jump[d=0] inc[d=72] flux[d=72] bnd[e=0] maxAbs=45.7       scaleF=52.25
  FAIL warped 3d 3    mixed          linear      negative  uniform     +explicit jump[d=0] inc[d=72] flux[d=72] bnd[e=0] maxAbs=45.8       scaleF=52.26
  FAIL warped 3d 3    mixed          linear      negative  nonuniform            jump[d=0] inc[d=72] flux[d=72] bnd[e=0] maxAbs=108        scaleF=81.34
  FAIL warped 3d 3    mixed          linear      negative  nonuniform  +explicit jump[d=0] inc[d=72] flux[d=72] bnd[e=0] maxAbs=109        scaleF=81.47
  FAIL warped 3d 3    mixed          linear      mixed     uniform               jump[d=0] inc[d=72] flux[d=74] bnd[e=0] maxAbs=45.7       scaleF=54.25
  FAIL warped 3d 3    mixed          linear      mixed     uniform     +explicit jump[d=0] inc[d=72] flux[d=72] bnd[e=0] maxAbs=45.8       scaleF=54.26
  FAIL warped 3d 3    mixed          linear      mixed     nonuniform            jump[d=0] inc[d=72] flux[d=74] bnd[e=0] maxAbs=108        scaleF=83.34
  FAIL warped 3d 3    mixed          linear      mixed     nonuniform  +explicit jump[d=0] inc[d=72] flux[d=72] bnd[e=0] maxAbs=109        scaleF=83.47
  FAIL warped 3d 3    mixed          linear      swirl     uniform               jump[d=0] inc[d=72] flux[d=72] bnd[e=0] maxAbs=45.7       scaleF=52.92
  FAIL warped 3d 3    mixed          linear      swirl     uniform     +explicit jump[d=0] inc[d=72] flux[d=72] bnd[e=0] maxAbs=45.8       scaleF=52.92
  FAIL warped 3d 3    mixed          linear      swirl     nonuniform            jump[d=0] inc[d=72] flux[d=72] bnd[e=0] maxAbs=108        scaleF=82.04
  FAIL warped 3d 3    mixed          linear      swirl     nonuniform  +explicit jump[d=0] inc[d=72] flux[d=72] bnd[e=0] maxAbs=109        scaleF=82.17
  FAIL warped 3d 3    mixed          linear      reversed  uniform               jump[d=0] inc[d=72] flux[d=75] bnd[e=0] maxAbs=45.7       scaleF=52.99
  FAIL warped 3d 3    mixed          linear      reversed  uniform     +explicit jump[d=0] inc[d=72] flux[d=72] bnd[e=0] maxAbs=45.8       scaleF=52.99
  FAIL warped 3d 3    mixed          linear      reversed  nonuniform            jump[d=0] inc[d=72] flux[d=75] bnd[e=0] maxAbs=108        scaleF=82.04
  FAIL warped 3d 3    mixed          linear      reversed  nonuniform  +explicit jump[d=0] inc[d=72] flux[d=72] bnd[e=0] maxAbs=109        scaleF=82.17
  FAIL warped 3d 3    mixed          nonuniform  positive  uniform               jump[d=0] inc[d=72] flux[d=72] bnd[e=0] maxAbs=147        scaleF=166.8
  FAIL warped 3d 3    mixed          nonuniform  positive  uniform     +explicit jump[d=0] inc[d=72] flux[d=72] bnd[e=0] maxAbs=147        scaleF=166.7
  FAIL warped 3d 3    mixed          nonuniform  positive  nonuniform            jump[d=0] inc[d=72] flux[d=72] bnd[e=0] maxAbs=402        scaleF=300.6
  FAIL warped 3d 3    mixed          nonuniform  positive  nonuniform  +explicit jump[d=0] inc[d=72] flux[d=72] bnd[e=0] maxAbs=403        scaleF=301.9
  FAIL warped 3d 3    mixed          nonuniform  negative  uniform               jump[d=0] inc[d=72] flux[d=72] bnd[e=0] maxAbs=147        scaleF=165.4
  FAIL warped 3d 3    mixed          nonuniform  negative  uniform     +explicit jump[d=0] inc[d=72] flux[d=72] bnd[e=0] maxAbs=147        scaleF=165.3
  FAIL warped 3d 3    mixed          nonuniform  negative  nonuniform            jump[d=0] inc[d=72] flux[d=72] bnd[e=0] maxAbs=402        scaleF=302
  FAIL warped 3d 3    mixed          nonuniform  negative  nonuniform  +explicit jump[d=0] inc[d=72] flux[d=72] bnd[e=0] maxAbs=403        scaleF=303.3
  FAIL warped 3d 3    mixed          nonuniform  mixed     uniform               jump[d=0] inc[d=72] flux[d=75] bnd[e=0] maxAbs=147        scaleF=166.1
  FAIL warped 3d 3    mixed          nonuniform  mixed     uniform     +explicit jump[d=0] inc[d=72] flux[d=72] bnd[e=0] maxAbs=147        scaleF=166
  FAIL warped 3d 3    mixed          nonuniform  mixed     nonuniform            jump[d=0] inc[d=72] flux[d=75] bnd[e=0] maxAbs=402        scaleF=302.1
  FAIL warped 3d 3    mixed          nonuniform  mixed     nonuniform  +explicit jump[d=0] inc[d=72] flux[d=72] bnd[e=0] maxAbs=403        scaleF=303.4
  FAIL warped 3d 3    mixed          nonuniform  swirl     uniform               jump[d=0] inc[d=72] flux[d=72] bnd[e=0] maxAbs=147        scaleF=166.1
  FAIL warped 3d 3    mixed          nonuniform  swirl     uniform     +explicit jump[d=0] inc[d=72] flux[d=72] bnd[e=0] maxAbs=147        scaleF=166
  FAIL warped 3d 3    mixed          nonuniform  swirl     nonuniform            jump[d=0] inc[d=72] flux[d=72] bnd[e=0] maxAbs=402        scaleF=301.3
  FAIL warped 3d 3    mixed          nonuniform  swirl     nonuniform  +explicit jump[d=0] inc[d=72] flux[d=72] bnd[e=0] maxAbs=403        scaleF=302.6
  FAIL warped 3d 3    mixed          nonuniform  reversed  uniform               jump[d=0] inc[d=72] flux[d=73] bnd[e=0] maxAbs=147        scaleF=166.1
  FAIL warped 3d 3    mixed          nonuniform  reversed  uniform     +explicit jump[d=0] inc[d=72] flux[d=72] bnd[e=0] maxAbs=147        scaleF=166
  FAIL warped 3d 3    mixed          nonuniform  reversed  nonuniform            jump[d=0] inc[d=72] flux[d=73] bnd[e=0] maxAbs=402        scaleF=301.3
  FAIL warped 3d 3    mixed          nonuniform  reversed  nonuniform  +explicit jump[d=0] inc[d=72] flux[d=72] bnd[e=0] maxAbs=403        scaleF=302.6
  FAIL warped 3d 3    mixed          negative    positive  uniform               jump[d=0] inc[d=72] flux[d=72] bnd[e=0] maxAbs=147        scaleF=165.4
  FAIL warped 3d 3    mixed          negative    positive  uniform     +explicit jump[d=0] inc[d=72] flux[d=72] bnd[e=0] maxAbs=147        scaleF=166.1
  FAIL warped 3d 3    mixed          negative    positive  nonuniform            jump[d=0] inc[d=72] flux[d=72] bnd[e=0] maxAbs=402        scaleF=302
  FAIL warped 3d 3    mixed          negative    positive  nonuniform  +explicit jump[d=0] inc[d=72] flux[d=72] bnd[e=0] maxAbs=403        scaleF=301.9
  FAIL warped 3d 3    mixed          negative    negative  uniform               jump[d=0] inc[d=72] flux[d=72] bnd[e=0] maxAbs=147        scaleF=166.8
  FAIL warped 3d 3    mixed          negative    negative  uniform     +explicit jump[d=0] inc[d=72] flux[d=72] bnd[e=0] maxAbs=147        scaleF=167.5
  FAIL warped 3d 3    mixed          negative    negative  nonuniform            jump[d=0] inc[d=72] flux[d=72] bnd[e=0] maxAbs=402        scaleF=300.6
  FAIL warped 3d 3    mixed          negative    negative  nonuniform  +explicit jump[d=0] inc[d=72] flux[d=72] bnd[e=0] maxAbs=403        scaleF=300.5
  FAIL warped 3d 3    mixed          negative    mixed     uniform               jump[d=0] inc[d=72] flux[d=75] bnd[e=0] maxAbs=147        scaleF=166.1
  FAIL warped 3d 3    mixed          negative    mixed     uniform     +explicit jump[d=0] inc[d=72] flux[d=72] bnd[e=0] maxAbs=147        scaleF=166.8
  FAIL warped 3d 3    mixed          negative    mixed     nonuniform            jump[d=0] inc[d=72] flux[d=75] bnd[e=0] maxAbs=402        scaleF=300.5
  FAIL warped 3d 3    mixed          negative    mixed     nonuniform  +explicit jump[d=0] inc[d=72] flux[d=72] bnd[e=0] maxAbs=403        scaleF=300.4
  FAIL warped 3d 3    mixed          negative    swirl     uniform               jump[d=0] inc[d=72] flux[d=72] bnd[e=0] maxAbs=147        scaleF=166.1
  FAIL warped 3d 3    mixed          negative    swirl     uniform     +explicit jump[d=0] inc[d=72] flux[d=72] bnd[e=0] maxAbs=147        scaleF=166.8
  FAIL warped 3d 3    mixed          negative    swirl     nonuniform            jump[d=0] inc[d=72] flux[d=72] bnd[e=0] maxAbs=402        scaleF=301.3
  FAIL warped 3d 3    mixed          negative    swirl     nonuniform  +explicit jump[d=0] inc[d=72] flux[d=72] bnd[e=0] maxAbs=403        scaleF=301.2
  FAIL warped 3d 3    mixed          negative    reversed  uniform               jump[d=0] inc[d=72] flux[d=73] bnd[e=0] maxAbs=147        scaleF=166.1
  FAIL warped 3d 3    mixed          negative    reversed  uniform     +explicit jump[d=0] inc[d=72] flux[d=72] bnd[e=0] maxAbs=147        scaleF=166.8
  FAIL warped 3d 3    mixed          negative    reversed  nonuniform            jump[d=0] inc[d=72] flux[d=73] bnd[e=0] maxAbs=402        scaleF=301.3
  FAIL warped 3d 3    mixed          negative    reversed  nonuniform  +explicit jump[d=0] inc[d=72] flux[d=72] bnd[e=0] maxAbs=403        scaleF=301.2
  FAIL L3 warped 3d 3    mixed          swirl     all[0.003709->4.586e-16] solved[0.003709->4.586e-16 x1.24e-13] pin=no solve[it=16 r=2.38e-15] pairs=54 errors=99
  FAIL L3 warped 3d 3    mixed          mixed     all[1.564->7.973e-15] solved[1.564->7.973e-15 x5.1e-15] pin=no solve[it=17 r=4.13e-14] pairs=54 errors=100
       [warped 3d 3/all-FixedValue pin=no fixedValueFaces=54]
  FAIL warped 3d 3    all-FixedValue linear      positive  uniform               jump[d=0] inc[d=99] flux[d=99] bnd[e=0] maxAbs=47.7       scaleF=54.98
  FAIL warped 3d 3    all-FixedValue linear      positive  uniform     +explicit jump[d=0] inc[d=99] flux[d=99] bnd[e=0] maxAbs=48         scaleF=54.21
  FAIL warped 3d 3    all-FixedValue linear      positive  nonuniform            jump[d=0] inc[d=99] flux[d=99] bnd[e=0] maxAbs=116        scaleF=134.8
  FAIL warped 3d 3    all-FixedValue linear      positive  nonuniform  +explicit jump[d=0] inc[d=99] flux[d=99] bnd[e=0] maxAbs=116        scaleF=135.1
  FAIL warped 3d 3    all-FixedValue linear      negative  uniform               jump[d=0] inc[d=99] flux[d=99] bnd[e=0] maxAbs=47.7       scaleF=53.58
  FAIL warped 3d 3    all-FixedValue linear      negative  uniform     +explicit jump[d=0] inc[d=99] flux[d=99] bnd[e=0] maxAbs=48         scaleF=52.81
  FAIL warped 3d 3    all-FixedValue linear      negative  nonuniform            jump[d=0] inc[d=99] flux[d=99] bnd[e=0] maxAbs=116        scaleF=133.4
  FAIL warped 3d 3    all-FixedValue linear      negative  nonuniform  +explicit jump[d=0] inc[d=99] flux[d=99] bnd[e=0] maxAbs=116        scaleF=133.7
  FAIL warped 3d 3    all-FixedValue linear      mixed     uniform               jump[d=0] inc[d=99] flux[d=99] bnd[e=0] maxAbs=47.7       scaleF=54.73
  FAIL warped 3d 3    all-FixedValue linear      mixed     uniform     +explicit jump[d=0] inc[d=99] flux[d=99] bnd[e=0] maxAbs=48         scaleF=54.26
  FAIL warped 3d 3    all-FixedValue linear      mixed     nonuniform            jump[d=0] inc[d=99] flux[d=99] bnd[e=0] maxAbs=116        scaleF=134.1
  FAIL warped 3d 3    all-FixedValue linear      mixed     nonuniform  +explicit jump[d=0] inc[d=99] flux[d=99] bnd[e=0] maxAbs=116        scaleF=134.4
  FAIL warped 3d 3    all-FixedValue linear      swirl     uniform               jump[d=0] inc[d=99] flux[d=99] bnd[e=0] maxAbs=47.7       scaleF=54.31
  FAIL warped 3d 3    all-FixedValue linear      swirl     uniform     +explicit jump[d=0] inc[d=99] flux[d=99] bnd[e=0] maxAbs=48         scaleF=53.55
  FAIL warped 3d 3    all-FixedValue linear      swirl     nonuniform            jump[d=0] inc[d=99] flux[d=99] bnd[e=0] maxAbs=116        scaleF=134.1
  FAIL warped 3d 3    all-FixedValue linear      swirl     nonuniform  +explicit jump[d=0] inc[d=99] flux[d=99] bnd[e=0] maxAbs=116        scaleF=134.4
  FAIL warped 3d 3    all-FixedValue linear      reversed  uniform               jump[d=0] inc[d=99] flux[d=99] bnd[e=0] maxAbs=47.7       scaleF=54.24
  FAIL warped 3d 3    all-FixedValue linear      reversed  uniform     +explicit jump[d=0] inc[d=99] flux[d=99] bnd[e=0] maxAbs=48         scaleF=53.48
  FAIL warped 3d 3    all-FixedValue linear      reversed  nonuniform            jump[d=0] inc[d=99] flux[d=99] bnd[e=0] maxAbs=116        scaleF=134.1
  FAIL warped 3d 3    all-FixedValue linear      reversed  nonuniform  +explicit jump[d=0] inc[d=99] flux[d=99] bnd[e=0] maxAbs=116        scaleF=134.4
  FAIL warped 3d 3    all-FixedValue nonuniform  positive  uniform               jump[d=0] inc[d=99] flux[d=99] bnd[e=0] maxAbs=175        scaleF=166.8
  FAIL warped 3d 3    all-FixedValue nonuniform  positive  uniform     +explicit jump[d=0] inc[d=99] flux[d=99] bnd[e=0] maxAbs=175        scaleF=165.6
  FAIL warped 3d 3    all-FixedValue nonuniform  positive  nonuniform            jump[d=0] inc[d=99] flux[d=99] bnd[e=0] maxAbs=402        scaleF=305.2
  FAIL warped 3d 3    all-FixedValue nonuniform  positive  nonuniform  +explicit jump[d=0] inc[d=99] flux[d=99] bnd[e=0] maxAbs=403        scaleF=303.4
  FAIL warped 3d 3    all-FixedValue nonuniform  negative  uniform               jump[d=0] inc[d=99] flux[d=99] bnd[e=0] maxAbs=175        scaleF=165.4
  FAIL warped 3d 3    all-FixedValue nonuniform  negative  uniform     +explicit jump[d=0] inc[d=99] flux[d=99] bnd[e=0] maxAbs=175        scaleF=164.2
  FAIL warped 3d 3    all-FixedValue nonuniform  negative  nonuniform            jump[d=0] inc[d=99] flux[d=99] bnd[e=0] maxAbs=402        scaleF=303.8
  FAIL warped 3d 3    all-FixedValue nonuniform  negative  nonuniform  +explicit jump[d=0] inc[d=99] flux[d=99] bnd[e=0] maxAbs=403        scaleF=302
  FAIL warped 3d 3    all-FixedValue nonuniform  mixed     uniform               jump[d=0] inc[d=99] flux[d=99] bnd[e=0] maxAbs=175        scaleF=166.1
  FAIL warped 3d 3    all-FixedValue nonuniform  mixed     uniform     +explicit jump[d=0] inc[d=99] flux[d=99] bnd[e=0] maxAbs=175        scaleF=164.9
  FAIL warped 3d 3    all-FixedValue nonuniform  mixed     nonuniform            jump[d=0] inc[d=99] flux[d=99] bnd[e=0] maxAbs=402        scaleF=304.5
  FAIL warped 3d 3    all-FixedValue nonuniform  mixed     nonuniform  +explicit jump[d=0] inc[d=99] flux[d=99] bnd[e=0] maxAbs=403        scaleF=302.7
  FAIL warped 3d 3    all-FixedValue nonuniform  swirl     uniform               jump[d=0] inc[d=99] flux[d=99] bnd[e=0] maxAbs=175        scaleF=166.1
  FAIL warped 3d 3    all-FixedValue nonuniform  swirl     uniform     +explicit jump[d=0] inc[d=99] flux[d=99] bnd[e=0] maxAbs=175        scaleF=164.9
  FAIL warped 3d 3    all-FixedValue nonuniform  swirl     nonuniform            jump[d=0] inc[d=99] flux[d=99] bnd[e=0] maxAbs=402        scaleF=304.5
  FAIL warped 3d 3    all-FixedValue nonuniform  swirl     nonuniform  +explicit jump[d=0] inc[d=99] flux[d=99] bnd[e=0] maxAbs=403        scaleF=302.7
  FAIL warped 3d 3    all-FixedValue nonuniform  reversed  uniform               jump[d=0] inc[d=99] flux[d=99] bnd[e=0] maxAbs=175        scaleF=166.1
  FAIL warped 3d 3    all-FixedValue nonuniform  reversed  uniform     +explicit jump[d=0] inc[d=99] flux[d=99] bnd[e=0] maxAbs=175        scaleF=164.9
  FAIL warped 3d 3    all-FixedValue nonuniform  reversed  nonuniform            jump[d=0] inc[d=99] flux[d=99] bnd[e=0] maxAbs=402        scaleF=304.5
  FAIL warped 3d 3    all-FixedValue nonuniform  reversed  nonuniform  +explicit jump[d=0] inc[d=99] flux[d=99] bnd[e=0] maxAbs=403        scaleF=302.7
  FAIL warped 3d 3    all-FixedValue negative    positive  uniform               jump[d=0] inc[d=99] flux[d=99] bnd[e=0] maxAbs=175        scaleF=165.4
  FAIL warped 3d 3    all-FixedValue negative    positive  uniform     +explicit jump[d=0] inc[d=99] flux[d=99] bnd[e=0] maxAbs=175        scaleF=167.2
  FAIL warped 3d 3    all-FixedValue negative    positive  nonuniform            jump[d=0] inc[d=99] flux[d=99] bnd[e=0] maxAbs=402        scaleF=303.8
  FAIL warped 3d 3    all-FixedValue negative    positive  nonuniform  +explicit jump[d=0] inc[d=99] flux[d=99] bnd[e=0] maxAbs=403        scaleF=306.6
  FAIL warped 3d 3    all-FixedValue negative    negative  uniform               jump[d=0] inc[d=99] flux[d=99] bnd[e=0] maxAbs=175        scaleF=166.8
  FAIL warped 3d 3    all-FixedValue negative    negative  uniform     +explicit jump[d=0] inc[d=99] flux[d=99] bnd[e=0] maxAbs=175        scaleF=168.6
  FAIL warped 3d 3    all-FixedValue negative    negative  nonuniform            jump[d=0] inc[d=99] flux[d=99] bnd[e=0] maxAbs=402        scaleF=305.2
  FAIL warped 3d 3    all-FixedValue negative    negative  nonuniform  +explicit jump[d=0] inc[d=99] flux[d=99] bnd[e=0] maxAbs=403        scaleF=308
  FAIL warped 3d 3    all-FixedValue negative    mixed     uniform               jump[d=0] inc[d=99] flux[d=99] bnd[e=0] maxAbs=175        scaleF=166.1
  FAIL warped 3d 3    all-FixedValue negative    mixed     uniform     +explicit jump[d=0] inc[d=99] flux[d=99] bnd[e=0] maxAbs=175        scaleF=167.9
  FAIL warped 3d 3    all-FixedValue negative    mixed     nonuniform            jump[d=0] inc[d=99] flux[d=99] bnd[e=0] maxAbs=402        scaleF=304.5
  FAIL warped 3d 3    all-FixedValue negative    mixed     nonuniform  +explicit jump[d=0] inc[d=99] flux[d=99] bnd[e=0] maxAbs=403        scaleF=307.3
  FAIL warped 3d 3    all-FixedValue negative    swirl     uniform               jump[d=0] inc[d=99] flux[d=99] bnd[e=0] maxAbs=175        scaleF=166.1
  FAIL warped 3d 3    all-FixedValue negative    swirl     uniform     +explicit jump[d=0] inc[d=99] flux[d=99] bnd[e=0] maxAbs=175        scaleF=167.9
  FAIL warped 3d 3    all-FixedValue negative    swirl     nonuniform            jump[d=0] inc[d=99] flux[d=99] bnd[e=0] maxAbs=402        scaleF=304.5
  FAIL warped 3d 3    all-FixedValue negative    swirl     nonuniform  +explicit jump[d=0] inc[d=99] flux[d=99] bnd[e=0] maxAbs=403        scaleF=307.3
  FAIL warped 3d 3    all-FixedValue negative    reversed  uniform               jump[d=0] inc[d=99] flux[d=99] bnd[e=0] maxAbs=175        scaleF=166.1
  FAIL warped 3d 3    all-FixedValue negative    reversed  uniform     +explicit jump[d=0] inc[d=99] flux[d=99] bnd[e=0] maxAbs=175        scaleF=167.9
  FAIL warped 3d 3    all-FixedValue negative    reversed  nonuniform            jump[d=0] inc[d=99] flux[d=99] bnd[e=0] maxAbs=402        scaleF=304.5
  FAIL warped 3d 3    all-FixedValue negative    reversed  nonuniform  +explicit jump[d=0] inc[d=99] flux[d=99] bnd[e=0] maxAbs=403        scaleF=307.3
  FAIL L3 warped 3d 3    all-FixedValue swirl     all[0.003709->7.45e-16] solved[0.003709->7.45e-16 x2.01e-13] pin=no solve[it=16 r=3.87e-15] pairs=54 errors=126
  FAIL L3 warped 3d 3    all-FixedValue mixed     all[1.564->4.805e-15] solved[1.564->4.805e-15 x3.07e-15] pin=no solve[it=17 r=2.43e-14] pairs=54 errors=126
  FAIL L4a warped 3d 3    controlled p' differing=72 maxAbs=77.9       scale=133.4

=== coverage ===
  2D / 3D direct cases              300 / 300
  without / with explicit term      300 / 300
  interior faces compared           160200
  corrected (FixedValue) boundary faces 17700
  untouched Neumann boundary faces  8850
  continuity cases                  12
  imbalance reduced                 9
  already-conservative predictors   3
  owner/neighbour cancellations     3204
  signed-zero flips (recorded, not errors) 980
  controlled p' cases               2
  full chain cases (GPU solve)      0
  values compared                   587452
  bitwise-identical                 379316
  max absolute discrepancy          403
  max relative discrepancy          3.33e+03

cases=614 failures=371
FACE FLUX CORRECTION EQUIVALENCE: FAIL
