# P12-DIFF-002-ROB-001 STEP 1 BASELINE FREEZE; 2026-09-16T15:54:19Z
# git HEAD b66310ca871811c4c7671056beec291a451af55c

## the files ROB-001 may touch (production) and the test that must NOT be modified
d210001a944ee498d7ae2012c8683433fa8b922415659ac8d511826e4e0a151c  src/solver/SolverRobustness.cpp
9e3856117c4269f8e9efe8fe72e437dd6248a47942e382921f85a21fa9d57e18  include/cfd/solver/SolverRobustness.hpp
212141137733bffa7429d09067fefd20c9e760618d9aa0569d7ba990f7b7fa16  build/release/src/libcfdcore.a
97fc7b6193db72cdc5a55dbd8b9f1e4822718ef9ea71567e67a12d7bc42d3c1e  tests/solver/simple/test_simple_robustness.cpp

## every other production numerical file (must stay byte-identical: ROB-001 is scoped to one function)
d38c2bb3d86b62b693a625b30b002d2deac511b5c324b92c197af4a810c462cd  src/pressure_velocity/SIMPLE.cpp
00d7d9158ed8cc309627178e78bd29a58a4bde6420a9541ab4e9dad301d82e4a  src/pressure_velocity/SIMPLESettings.cpp
4bb83cf4e545974075ec65f3daf57e6991b6c0d140efde45cf0f8f50a7149cd3  src/pressure_velocity/RelaxedMomentum.cpp
de3d33f6ba42927b3af673e31651d33e5f20650f2f3ef798cc8c5b3169f6fc87  src/pressure_velocity/PressureCorrectionEquation.cpp
29af1927587558e52fd30a53b2c0bb03438b71044f370f902c414455e50ee7e3  src/physics/MomentumEquation.cpp
fbd47a072fa221f071082ac17a0d40dc8f547909b0f874af007b199a6dba953a  src/thermal/EnergyEquation.cpp
7d58766dfde9ba7fc28971d8a79172fc59e8268865760efdc8b9a4a46cf1dbe1  src/thermal/ThermalInterface.cpp
d7240a8f2aef1fc9c79e9a339bb86b37f479d481345c8e13aa48b9a65c6c37dd  src/species/SpeciesEquation.cpp
4c9750f53d81630ea2768bd7df7b8a2af3ad5c41b913c4b2ce8c347576ed1092  src/turbulence/KEpsilonEquation.cpp
20a02b16499fa7b0aca07667baae638714e1a176ed6eba33b414a194cf701e1c  src/discretization/NonOrthogonalDiffusion.cpp
e8e17477465bcaea0415443284088169a936f4bbde8c0392d7abd6492ba7e0df  src/discretization/Diffusion.cpp
d24882a96e5cbc0025121a71eb9f88e13ffe0ef9a8a09f2e2f9f4d40fd8c03b6  src/discretization/Gradient.cpp
04c964c24d6098dbe20def251fa0eba611a1725f17d9e352acf38631e67645b0  src/mesh/MeshGeometry.cpp
deb783ec280a400ee5f734b5e271f2e9b207df93087b7a8bcd76f33b2cf941a3  src/algebra/BiCGSTAB.cpp
699cbf50aeae513de468a26ad715c1386b6747297d02a237c9aee5fe7bf827fa  src/algebra/LinearSolverFallback.cpp

## A6 and earlier evidence preserved unchanged (verified, not rewritten)
  (no output above == all byte-identical)

## the A6 evidence this phase must not rewrite
5b96defa10dd4b8cf97783ea82c8323fdf009e1374399fc4df112041ee85f312  results/p12-diff-002/validation-migration/a6/summary.md
705c7e84278029d980860f9dd0ed226b98f3c6a6d922e2868f5d54ccba64fa52  results/p12-diff-002/validation-migration/a6/logs/02_ME_investigation.log
eaaeabdca6495272850808c37dfeaccf7c914f0e3c42543b62b20717c9a03c48  results/p12-diff-002/validation-migration/a6/logs/03_divergence_rule_replay.log
