binary /mnt/c/Users/Hasib/Desktop/CFDAPP/CFDApp/build/release/tests/unit/solver/CFDSolverTests
Running main() from /mnt/c/Users/Hasib/Desktop/CFDAPP/CFDApp/build/release/_deps/googletest-src/googletest/src/gtest_main.cc
Note: Google Test filter = ResidualTrend.HealthyDecreasingContinuityDoesNotTriggerDivergence:ResidualTrend.SubFloorRoundOffGrowthIsNotDivergence:ResidualTrend.AboveFloorContinuityRunawayStillTriggersDivergence
[==========] Running 3 tests from 1 test suite.
[----------] Global test environment set-up.
[----------] 3 tests from ResidualTrend
[ RUN      ] ResidualTrend.HealthyDecreasingContinuityDoesNotTriggerDivergence
[       OK ] ResidualTrend.HealthyDecreasingContinuityDoesNotTriggerDivergence (0 ms)
[ RUN      ] ResidualTrend.SubFloorRoundOffGrowthIsNotDivergence
/mnt/c/Users/Hasib/Desktop/CFDAPP/CFDApp/tests/unit/solver/test_solver_robustness.cpp:685: Failure
Expected equality of these values:
  verdict
    Which is: 4-byte object <03-00 00-00>
  OuterIterationVerdict::Continue
    Which is: 4-byte object <00-00 00-00>
sub-tolerance round-off drift was reported as 3 at iteration 15

[  FAILED  ] ResidualTrend.SubFloorRoundOffGrowthIsNotDivergence (0 ms)
[ RUN      ] ResidualTrend.AboveFloorContinuityRunawayStillTriggersDivergence
[       OK ] ResidualTrend.AboveFloorContinuityRunawayStillTriggersDivergence (0 ms)
[----------] 3 tests from ResidualTrend (0 ms total)

[----------] Global test environment tear-down
[==========] 3 tests from 1 test suite ran. (0 ms total)
[  PASSED  ] 2 tests.
[  FAILED  ] 1 test, listed below:
[  FAILED  ] ResidualTrend.SubFloorRoundOffGrowthIsNotDivergence

 1 FAILED TEST
