# rob001_sensitivity; 2026-09-16T16:03:43Z
# library 143a1dda0680bc1d
# probe   8e8aacf0c27fdaff

# ROB-001 R7 -- sensitivity of the corrected detector. Verification, not tuning.

## (a) healthy lid-driven cavity: detectors ON must be observationally inert
   4x4  tol 1e-06 window 10 start 10 | OFF Converged      406 it | ON Converged      406 it | field diff 0.000e+00 | inert (as required)
   6x6  tol 1e-06 window 10 start 10 | OFF Converged      737 it | ON Converged      737 it | field diff 0.000e+00 | inert (as required)
   8x8  tol 1e-06 window 10 start 10 | OFF Converged     1093 it | ON Converged     1093 it | field diff 0.000e+00 | inert (as required)
   4x4  tol 1e-05 window 10 start 10 | OFF Converged      296 it | ON Converged      296 it | field diff 0.000e+00 | inert (as required)
   4x4  tol 1e-07 window 10 start 10 | OFF Converged      516 it | ON Converged      516 it | field diff 0.000e+00 | inert (as required)
   4x4  tol 1e-08 window 10 start 10 | OFF Converged      627 it | ON Converged      627 it | field diff 0.000e+00 | inert (as required)
   4x4  tol 1e-06 window  5 start 10 | OFF Converged      406 it | ON Converged      406 it | field diff 0.000e+00 | inert (as required)
   4x4  tol 1e-06 window 10 start 10 | OFF Converged      406 it | ON Converged      406 it | field diff 0.000e+00 | inert (as required)
   4x4  tol 1e-06 window 20 start 10 | OFF Converged      406 it | ON Converged      406 it | field diff 0.000e+00 | inert (as required)
   6x6  tol 1e-07 window  5 start  5 | OFF Converged      956 it | ON Converged      956 it | field diff 0.000e+00 | inert (as required)
   8x8  tol 1e-05 window 20 start 20 | OFF Converged      730 it | ON Converged      730 it | field diff 0.000e+00 | inert (as required)

## (b) genuine runaway (alpha 0.9/0.9): must still be detected
   4x4  tol 1e-06 window 10 start 10 | Diverging     at  20 it | growth 5.028e+01 | finite yes | detected
   6x6  tol 1e-06 window 10 start 10 | Diverging     at  20 it | growth 8.061e+09 | finite yes | detected
   8x8  tol 1e-06 window 10 start 10 | Diverging     at  21 it | growth 1.664e+14 | finite yes | detected
   8x8  tol 1e-05 window 10 start 10 | Diverging     at  21 it | growth 1.664e+14 | finite yes | detected
   8x8  tol 1e-07 window 10 start 10 | Diverging     at  21 it | growth 1.664e+14 | finite yes | detected
   8x8  tol 1e-08 window 10 start 10 | Diverging     at  21 it | growth 1.664e+14 | finite yes | detected
   8x8  tol 1e-06 window  5 start 10 | Diverging     at  15 it | growth 1.310e+09 | finite yes | detected
   8x8  tol 1e-06 window 10 start 10 | Diverging     at  21 it | growth 1.664e+14 | finite yes | detected
   8x8  tol 1e-06 window 20 start 10 | Diverging     at  31 it | growth 1.082e+20 | finite yes | detected
   6x6  tol 1e-07 window  5 start  5 | Diverging     at  10 it | growth 4.734e+03 | finite yes | detected
   4x4  tol 1e-05 window 20 start 20 | Diverging     at  42 it | growth 4.767e+11 | finite yes | detected

## totals
  healthy runs altered by the detectors : 0   (R7 requires 0)
  genuine runaways missed               : 0   (R7 requires 0)

R7 RESULT: PASS
exit 0
