# P12-MESH-004 final campaign run: MeshQualityCampaign.DISABLED_DegradationD1NonOrthogonality (acceptance_gate.md fixed before this run)
# binary 75df999531269cfb, started 2026-09-14T21:36:36Z, 32 cores, run concurrently with the other campaign tests
Running main() from /mnt/c/Users/Hasib/Desktop/CFDAPP/CFDApp/build/release/_deps/googletest-src/googletest/src/gtest_main.cc
Note: Google Test filter = MeshQualityCampaign.DISABLED_DegradationD1NonOrthogonality
[==========] Running 1 test from 1 test suite.
[----------] Global test environment set-up.
[----------] 1 test from MeshQualityCampaign
[ RUN      ] MeshQualityCampaign.DISABLED_DegradationD1NonOrthogonality
=== D1 smooth non-orthogonality (amplitude A); corrected recipe (2 corrections, least_squares)
D1_Q0 0.000000         valid               cells  1024 | AR   1.000 nonorth   0.000 skew  0.0000 expan  1.000 | Converged      1177 it  13.64 s contr 1.00096 | u L2 1.5324e-03 Linf 3.2793e-03 | v L2 1.1884e-03 | p L2 5.6194e-03 | T L2 6.1616e-03 Linf 1.5224e-02 (Converged, 2 it, lin 4.2e-12->8.3e-13) | mass 0.0e+00 cell-cont 4.8e-07 energy 3.4e-13
D1_Q1 0.025000         valid               cells  1024 | AR   1.084 nonorth  17.713 skew  0.0087 expan  1.020 | Converged      1413 it  25.24 s contr 1.00076 | u L2 1.6999e-03 Linf 4.0957e-03 | v L2 1.2105e-03 | p L2 4.0666e-03 | T L2 6.7345e-03 Linf 1.6921e-02 (Converged, 11 it, lin 2.6e-09->2.8e-12) | mass 0.0e+00 cell-cont 4.3e-07 energy 4.9e-12
D1_Q2 0.050000         valid               cells  1024 | AR   1.179 nonorth  34.619 skew  0.0179 expan  1.041 | Converged      3840 it  66.55 s contr 1.00052 | u L2 2.0786e-03 Linf 5.1908e-03 | v L2 1.5248e-03 | p L2 4.5388e-03 | T L2 8.3251e-03 Linf 2.1863e-02 (LinearSolveFailure, 16 it, lin 2.1e-08->4.2e-11) | mass 0.0e+00 cell-cont 1.2e-06 energy 9.6e-12
/mnt/c/Users/Hasib/Desktop/CFDAPP/CFDApp/tests/integration/case/test_mesh_quality_campaign.cpp:493: Failure
Value of: r.thermalConverged
  Actual: false
Expected: true
D1_Q2: LinearSolveFailure

D1_Q3 0.075000         valid               cells  1024 | AR   1.283 nonorth  50.109 skew  0.0282 expan  1.065 | Converged      5582 it  86.37 s contr 1.00029 | u L2 2.7754e-03 Linf 7.3502e-03 | v L2 2.2576e-03 | p L2 5.7072e-03 | T L2 1.0652e-02 Linf 2.9527e-02 (Converged, 27 it, lin 7.0e-09->9.4e-13) | mass 0.0e+00 cell-cont 9.0e-07 energy 1.9e-12
D1_Q4 0.100000         valid               cells  1024 | AR   1.394 nonorth  63.869 skew  0.0407 expan  1.092 | Converged      7016 it 100.07 s contr 1.00019 | u L2 4.1745e-03 Linf 1.2288e-02 | v L2 3.9024e-03 | p L2 7.6735e-03 | T L2 1.3485e-02 Linf 3.9915e-02 (Converged, 40 it, lin 1.1e-08->8.9e-13) | mass 0.0e+00 cell-cont 8.0e-07 energy 4.8e-12
--- D1 uncorrected recipe (0 corrections, least_squares) -- reported
D1_Q0_uncorrected 0.000000 valid               cells  1024 | AR   1.000 nonorth   0.000 skew  0.0000 expan  1.000 | Converged      1177 it   5.01 s contr 1.00083 | u L2 1.5324e-03 Linf 3.2793e-03 | v L2 1.1884e-03 | p L2 5.6194e-03 | T L2 6.1616e-03 Linf 1.5224e-02 (Converged, 2 it, lin 5.3e-12->9.7e-13) | mass 0.0e+00 cell-cont 4.1e-07 energy 7.3e-14
D1_Q1_uncorrected 0.025000 valid               cells  1024 | AR   1.084 nonorth  17.713 skew  0.0087 expan  1.020 | MomentumFailure  1499 it  24.27 s contr 1.05085 | u L2 3.4522e+30 Linf 3.4455e+31 | v L2 3.9846e+30 | p L2 7.1199e+61 | T L2 5.0000e-01 Linf 9.9828e-01 (LinearSolveFailure, 1 it, lin 6.2e-02->1.0e+00) | mass 0.0e+00 cell-cont 8.3e+24 energy 1.0e+00
D1_Q2_uncorrected 0.050000 valid               cells  1024 | AR   1.179 nonorth  34.619 skew  0.0179 expan  1.041 | MomentumFailure   227 it   4.40 s contr 1.38837 | u L2 3.5823e+30 Linf 2.7344e+31 | v L2 3.2442e+30 | p L2 6.5409e+61 | T L2 4.9999e-01 Linf 9.9886e-01 (LinearSolveFailure, 1 it, lin 6.2e-02->1.1e+00) | mass 0.0e+00 cell-cont 5.6e+24 energy 1.0e+00
D1_Q3_uncorrected 0.075000 valid               cells  1024 | AR   1.283 nonorth  50.109 skew  0.0282 expan  1.065 | MomentumFailure   136 it   2.94 s contr 1.72914 | u L2 4.2343e+30 Linf 4.5291e+31 | v L2 3.8555e+30 | p L2 4.1926e+61 | T L2 4.9998e-01 Linf 9.9931e-01 (LinearSolveFailure, 1 it, lin 6.3e-02->8.3e-01) | mass 0.0e+00 cell-cont 4.6e+24 energy 1.0e+00
D1_Q4_uncorrected 0.100000 valid               cells  1024 | AR   1.394 nonorth  63.869 skew  0.0407 expan  1.092 | MomentumFailure   100 it   2.45 s contr 2.11369 | u L2 4.1842e+30 Linf 4.2205e+31 | v L2 4.3783e+30 | p L2 4.7778e+61 | T L2 4.9996e-01 Linf 9.9966e-01 (LinearSolveFailure, 1 it, lin 6.4e-02->1.4e+00) | mass 0.0e+00 cell-cont 5.4e+24 energy 1.0e+00
D1_Q5 0.120000         valid_with_warnings cells  1024 | AR   1.487 nonorth  73.589 skew  0.0537 expan  1.151 | Converged      5929 it  87.82 s contr 1.00026 | u L2 6.4962e-03 Linf 1.9976e-02 | v L2 6.7007e-03 | p L2 1.1033e-02 | T L2 1.6053e-02 Linf 5.0509e-02 (Converged, 55 it, lin 1.6e-08->8.3e-13) | mass 0.0e+00 cell-cont 8.7e-07 energy 2.0e-12 (reported)
--- D1 R5: error and cost relative to Q0 (corrected recipe)
level  parameter  max non-orthogonality [deg]  u L2/Q0   v L2/Q0   p L2/Q0   T L2/Q0   SIMPLE it/Q0  contraction  thermal it
Q0             0                 0.00000     1.000     1.000     1.000     1.000         1.000     1.000963           2
Q1         0.025                17.71341     1.109     1.019     0.724     1.093         1.201     1.000760          11
Q2          0.05                34.61860     1.356     1.283     0.808     1.351         3.263     1.000522          16
Q3         0.075                50.10889     1.811     1.900     1.016     1.729         4.743     1.000288          27
Q4           0.1                63.86946     2.724     3.284     1.366     2.189         5.961     1.000188          40
--- D1 R5: uncorrected / corrected L2 error (same mesh)
Q0     u    1.000  v    1.000  p    1.000  T    1.000  SIMPLE iterations 1177 vs 1177
Q1     uncorrected run not accepted: SIMPLE MomentumFailure, thermal LinearSolveFailure, finite 1
Q2     uncorrected run not accepted: SIMPLE MomentumFailure, thermal LinearSolveFailure, finite 1
Q3     uncorrected run not accepted: SIMPLE MomentumFailure, thermal LinearSolveFailure, finite 1
Q4     uncorrected run not accepted: SIMPLE MomentumFailure, thermal LinearSolveFailure, finite 1
[  FAILED  ] MeshQualityCampaign.DISABLED_DegradationD1NonOrthogonality (419141 ms)
[----------] 1 test from MeshQualityCampaign (419141 ms total)

[----------] Global test environment tear-down
[==========] 1 test from 1 test suite ran. (419142 ms total)
[  PASSED  ] 0 tests.
[  FAILED  ] 1 test, listed below:
[  FAILED  ] MeshQualityCampaign.DISABLED_DegradationD1NonOrthogonality

 1 FAILED TEST
# exit 1 finished 2026-09-14T21:43:35Z
