# P12-MESH-004 final campaign run: MeshQualityCampaign.DISABLED_DegradationD3AspectRatio (acceptance_gate.md fixed before this run)
# binary 75df999531269cfb, started 2026-09-14T21:36:36Z, 32 cores, run concurrently with the other campaign tests
Running main() from /mnt/c/Users/Hasib/Desktop/CFDAPP/CFDApp/build/release/_deps/googletest-src/googletest/src/gtest_main.cc
Note: Google Test filter = MeshQualityCampaign.DISABLED_DegradationD3AspectRatio
[==========] Running 1 test from 1 test suite.
[----------] Global test environment set-up.
[----------] 1 test from MeshQualityCampaign
[ RUN      ] MeshQualityCampaign.DISABLED_DegradationD3AspectRatio
=== D3 aspect ratio (nx x ny, uniform); corrected recipe (2 corrections, least_squares)
D3_Q0 1.000000         valid               cells  1024 | AR   1.000 nonorth   0.000 skew  0.0000 expan  1.000 | Converged      1177 it  14.03 s contr 1.00096 | u L2 1.5324e-03 Linf 3.2793e-03 | v L2 1.1884e-03 | p L2 5.6194e-03 | T L2 6.1616e-03 Linf 1.5224e-02 (Converged, 2 it, lin 4.2e-12->8.3e-13) | mass 0.0e+00 cell-cont 4.8e-07 energy 3.4e-13
D3_Q1 1.956522         valid               cells  1035 | AR   1.957 nonorth   0.000 skew  0.0000 expan  1.000 | Converged      1578 it  17.45 s contr 1.00155 | u L2 3.3605e-03 Linf 1.0152e-02 | v L2 2.6861e-03 | p L2 7.0381e-03 | T L2 6.4335e-03 Linf 1.6010e-02 (Converged, 2 it, lin 4.3e-12->9.5e-13) | mass 0.0e+00 cell-cont 1.2e-06 energy 8.4e-13
D3_Q2 4.000000         valid               cells  1024 | AR   4.000 nonorth   0.000 skew  0.0000 expan  1.000 | Converged      2870 it  33.96 s contr 1.00102 | u L2 8.1369e-03 Linf 2.5950e-02 | v L2 5.4770e-03 | p L2 1.7585e-02 | T L2 7.5576e-03 Linf 1.9554e-02 (Converged, 2 it, lin 2.9e-12->9.4e-13) | mass 0.0e+00 cell-cont 1.7e-06 energy 1.5e-12
D3_Q3 8.272727         valid               cells  1001 | AR   8.273 nonorth   0.000 skew  0.0000 expan  1.000 | Converged      1927 it  27.21 s contr 1.00069 | u L2 1.9376e-02 Linf 5.2830e-02 | v L2 1.0935e-02 | p L2 3.2138e-02 | T L2 9.4629e-03 Linf 2.5364e-02 (Converged, 2 it, lin 2.9e-12->8.3e-13) | mass 0.0e+00 cell-cont 3.4e-07 energy 1.0e-12
D3_Q4 16.000000        valid               cells  1024 | AR  16.000 nonorth   0.000 skew  0.0000 expan  1.000 | Converged      1936 it  36.88 s contr 1.00004 | u L2 4.1462e-02 Linf 9.7375e-02 | v L2 2.0689e-02 | p L2 6.8823e-02 | T L2 1.1752e-02 Linf 3.3301e-02 (Converged, 2 it, lin 5.4e-12->9.8e-13) | mass 0.0e+00 cell-cont 2.3e-08 energy 1.1e-12
--- D3 R5: error and cost relative to Q0 (corrected recipe)
level  parameter  max aspect ratio        u L2/Q0   v L2/Q0   p L2/Q0   T L2/Q0   SIMPLE it/Q0  contraction  thermal it
Q0             1                 1.00000     1.000     1.000     1.000     1.000         1.000     1.000963           2
Q1         1.957                 1.95652     2.193     2.260     1.252     1.044         1.341     1.001548           2
Q2             4                 4.00000     5.310     4.609     3.129     1.227         2.438     1.001024           2
Q3         8.273                 8.27273    12.644     9.201     5.719     1.536         1.637     1.000693           2
Q4            16                16.00000    27.057    17.408    12.247     1.907         1.645     1.000043           2
[       OK ] MeshQualityCampaign.DISABLED_DegradationD3AspectRatio (129733 ms)
[----------] 1 test from MeshQualityCampaign (129733 ms total)

[----------] Global test environment tear-down
[==========] 1 test from 1 test suite ran. (129735 ms total)
[  PASSED  ] 1 test.
# exit 0 finished 2026-09-14T21:38:46Z
