# P12-MESH-004 final campaign run: MeshQualityCampaign.DISABLED_ManufacturedSolutionSmoothCorrected (acceptance_gate.md fixed before this run)
# binary 75df999531269cfb, started 2026-09-14T21:36:36Z, 32 cores, run concurrently with the other campaign tests
Running main() from /mnt/c/Users/Hasib/Desktop/CFDAPP/CFDApp/build/release/_deps/googletest-src/googletest/src/gtest_main.cc
Note: Google Test filter = MeshQualityCampaign.DISABLED_ManufacturedSolutionSmoothCorrected
[==========] Running 1 test from 1 test suite.
[----------] Global test environment set-up.
[----------] 1 test from MeshQualityCampaign
[ RUN      ] MeshQualityCampaign.DISABLED_ManufacturedSolutionSmoothCorrected
smooth_A0.05_corrected_n8 valid               cells    64 | AR   1.170 nonorth  30.822 skew  0.0666 expan  1.152 | Converged       935 it   1.01 s contr 0.99735 | u L2 4.2638e-02 Linf 9.5394e-02 | v L2 4.1744e-02 | p L2 8.8381e-02 | T L2 2.3246e-02 Linf 6.1578e-02 (Converged, 12 it, lin 2.5e-09->6.4e-13) | mass 0.0e+00 cell-cont 1.7e-08 energy 9.6e-12
smooth_A0.05_corrected_n16 valid               cells   256 | AR   1.176 nonorth  33.838 skew  0.0352 expan  1.083 | Converged      2237 it   9.91 s contr 0.99980 | u L2 9.2992e-03 Linf 2.3121e-02 | v L2 7.8677e-03 | p L2 1.8292e-02 | T L2 1.5119e-02 Linf 4.0620e-02 (Converged, 15 it, lin 5.9e-09->3.7e-13) | mass 0.0e+00 cell-cont 1.1e-07 energy 5.8e-12
smooth_A0.05_corrected_n32 valid               cells  1024 | AR   1.179 nonorth  34.619 skew  0.0179 expan  1.041 | Converged      3840 it  65.36 s contr 1.00052 | u L2 2.0786e-03 Linf 5.1908e-03 | v L2 1.5248e-03 | p L2 4.5388e-03 | T L2 8.3251e-03 Linf 2.1863e-02 (LinearSolveFailure, 16 it, lin 2.1e-08->4.2e-11) | mass 0.0e+00 cell-cont 1.2e-06 energy 9.6e-12
/mnt/c/Users/Hasib/Desktop/CFDAPP/CFDApp/tests/integration/case/test_mesh_quality_campaign.cpp:663: Failure
Value of: r.thermalConverged
  Actual: false
Expected: true
smooth_A0.05_corrected_n32: LinearSolveFailure

smooth_A0.05_corrected_n64 valid               cells  4096 | AR   1.179 nonorth  34.815 skew  0.0090 expan  1.021 | Converged      1227 it 108.09 s contr 1.00121 | u L2 5.0846e-04 Linf 1.3803e-03 | v L2 3.6867e-04 | p L2 1.0869e-03 | T L2 4.3052e-03 Linf 1.1153e-02 (LinearSolveFailure, 17 it, lin 1.4e-08->6.7e-11) | mass 0.0e+00 cell-cont 1.3e-06 energy 1.7e-11
/mnt/c/Users/Hasib/Desktop/CFDAPP/CFDApp/tests/integration/case/test_mesh_quality_campaign.cpp:663: Failure
Value of: r.thermalConverged
  Actual: false
Expected: true
smooth_A0.05_corrected_n64: LinearSolveFailure

--- smooth_A0.05_corrected observed orders p = ln(e_n / e_2n) / ln 2 (L2; L1; Linf)
pair  8 -> 16: u 2.197; 2.181; 2.045 | v 2.408; 2.419; 2.154 | p 2.273; 2.223; 1.947 | T 0.621; 0.630; 0.600
pair 16 -> 32: not computed (a run was not accepted)
pair 32 -> 64: not computed (a run was not accepted)

### Grid convergence: p12_mesh_004_smooth_A0.05_corrected

P12-MESH-004 manufactured-solution cavity, family smooth_A0.05_corrected

| grid | nx x ny | cells | h | runtime (s) | solver | accepted |
|---|---|---|---|---|---|---|
| n16 | 16 x 16 | 256 | 0.0625 | 9.9 | Converged (2237 it) | yes |
| n32 | 32 x 32 | 1024 | 0.03125 | 65.4 | Converged (3840 it) | no: thermal solve LinearSolveFailure |
| n64 | 64 x 64 | 4096 | 0.015625 | 108.1 | Converged (1227 it) | no: thermal solve LinearSolveFailure |

**Study rejected:** grid n32 rejected: thermal solve LinearSolveFailure

**kinetic_energy** -- 1/2 sum |u_c|^2 V_c of the manufactured-solution cavity

| grid | value | reference | error | relative error |
|---|---|---|---|---|
| coarse | 0.18385774 | 0.1875 (analytical) | -0.003642 | 0.01943 |
| medium | -- | 0.1875 (analytical) | -- | -- |
| fine | -- | 0.1875 (analytical) | -- | -- |
| extrapolated | -- | | -- | |

| r21 | r32 | p | p formal | phi_ext | U21 (abs) | GCI21 | GCI32 | asymptotic ratio | status | grid independent |
|---|---|---|---|---|---|---|---|---|---|---|
| 0 | 0 | -- | 2 | -- | -- | -- | -- | -- | invalid | no |

- study rejected: grid n32 rejected: thermal solve LinearSolveFailure
- grid independence: study rejected: grid n32 rejected: thermal solve LinearSolveFailure

**mean_temperature** -- sum T_c V_c of the manufactured-solution cavity

| grid | value | reference | error | relative error |
|---|---|---|---|---|
| coarse | 0.39800346 | 0.40528473 (analytical) | -0.007281 | 0.01797 |
| medium | -- | 0.40528473 (analytical) | -- | -- |
| fine | -- | 0.40528473 (analytical) | -- | -- |
| extrapolated | -- | | -- | |

| r21 | r32 | p | p formal | phi_ext | U21 (abs) | GCI21 | GCI32 | asymptotic ratio | status | grid independent |
|---|---|---|---|---|---|---|---|---|---|---|
| 0 | 0 | -- | 1 | -- | -- | -- | -- | -- | invalid | no |

- study rejected: grid n32 rejected: thermal solve LinearSolveFailure
- grid independence: study rejected: grid n32 rejected: thermal solve LinearSolveFailure
GC smooth_A0.05_corrected kinetic_energy: status invalid (no order / GCI computed)
GC smooth_A0.05_corrected mean_temperature: status invalid (no order / GCI computed)
/mnt/c/Users/Hasib/Desktop/CFDAPP/CFDApp/tests/integration/case/test_mesh_quality_campaign.cpp:641: Failure
Value of: study.allSolvesAccepted
  Actual: false
Expected: true
grid n32 rejected: thermal solve LinearSolveFailure

[  FAILED  ] MeshQualityCampaign.DISABLED_ManufacturedSolutionSmoothCorrected (184550 ms)
[----------] 1 test from MeshQualityCampaign (184550 ms total)

[----------] Global test environment tear-down
[==========] 1 test from 1 test suite ran. (184552 ms total)
[  PASSED  ] 0 tests.
[  FAILED  ] 1 test, listed below:
[  FAILED  ] MeshQualityCampaign.DISABLED_ManufacturedSolutionSmoothCorrected

 1 FAILED TEST
# exit 1 finished 2026-09-14T21:39:41Z
