=== toolkit ===
__nvcc_device_query bin2c compute-sanitizer crt cudafe++ fatbinary nvcc nvcc.profile nvlink ptxas 
cuobjdump: /usr/bin/cuobjdump
Cuda compilation tools, release 12.9, V12.9.86

=== cuda object files ===
build/cuda/cuda/CMakeFiles/cfdcuda.dir/kernels/CsrSpmvKernel.cu.o
build/cuda/cuda/CMakeFiles/cfdcuda.dir/kernels/DeviceVectorOpsKernel.cu.o
build/cuda/cuda/CMakeFiles/cfdcuda.dir/kernels/GpuPreconditionerKernel.cu.o
picked: build/cuda/cuda/CMakeFiles/cfdcuda.dir/kernels/CsrSpmvKernel.cu.o
--- native cubins (ELF) ---
sm_80
sm_89
--- PTX ---

=== freshness (authoritative: ninja's own dependency graph) ===
  src/libcfdcore.a                                 UP TO DATE
  cuda/libcfdcuda.a                                UP TO DATE
  benchmarks/gpu/cfd_benchmark_cuda_end_to_end     UP TO DATE

  full-tree check:
    ninja: Entering directory `build/cuda'
    ninja: no work to do.

=== hashes (recorded for the baseline) ===
2cf4609492e0a791e261a85746d5c5487d0078d8d7b92139c0f03f3345b64876  build/cuda/cuda/libcfdcuda.a
98a80ef7dd2b1642967413d805d94dbf8c2aa540b30d5037ae6d437869cb8812  build/cuda/src/libcfdcore.a
b647a3b196585eec435d7ec50575e83878a9170c9ff0d2ab01d1df67859459f1  build/cuda/benchmarks/gpu/cfd_benchmark_cuda_end_to_end
