cfd_benchmark_cuda_end_to_end -- CFDApp version 0.2.0-dev
cuda_available_at_runtime: yes

Cold GPU warm-up (CUDA context init, first kernel load) -- untimed for the per-grid results below, reported separately.
cold_gpu_first_use_seconds: 0.540676

grid | cells | backend | outer_iters | total_min_s | total_median_s | total_mean_s | total_stddev_s | per_iter_ms | transfer_pct | converged
20x20 | 400 | CPU | 200 | 0.284013 | 0.291785 | 0.289692 | 0.00406197 | 1.45892 | n/a | yes
20x20 | 400 | GPU | 200 | 9.92774 | 12.401 | 12.0791 | 1.64108 | 62.005 | 46.9619 | yes
40x40 | 1600 | CPU | 200 | 1.37251 | 1.39292 | 1.39886 | 0.0242973 | 6.96462 | n/a | yes
40x40 | 1600 | GPU | 200 | 23.9769 | 25.4501 | 25.1203 | 0.832307 | 127.25 | 46.7415 | yes
80x80 | 6400 | CPU | 200 | 6.69517 | 6.84458 | 6.84823 | 0.126486 | 34.2229 | n/a | yes
80x80 | 6400 | GPU | 200 | 37.3697 | 37.3824 | 37.7204 | 0.486958 | 186.912 | 44.3554 | yes
160x160 | 25600 | CPU | 60 | 11.7693 | 11.8777 | 11.8898 | 0.103715 | 197.962 | n/a | yes
160x160 | 25600 | GPU | 60 | 19.8826 | 20.7003 | 21.0669 | 1.14631 | 345.005 | 32.57 | yes
320x320 | 102400 | CPU | 20 | 28.0995 | 28.1507 | 28.1405 | 0.0301433 | 1407.54 | n/a | yes
320x320 | 102400 | GPU | 20 | 21.6391 | 21.7286 | 21.7844 | 0.146862 | 1086.43 | 26.1573 | yes
640x640 | 409600 | CPU | 8 | 90.141 | 90.141 | 90.141 | 0 | 11267.6 | n/a | yes
640x640 | 409600 | GPU | 8 | 29.4512 | 29.4512 | 29.4512 | 0 | 3681.4 | 12.1656 | yes

=== Summary ===
Grid | Cells | CPU Median | GPU Median | Speedup | Transfer % | Converged
20x20 | 400 | 0.291785s | 12.401s | 0.0235291x | 46.9619% | yes
40x40 | 1600 | 1.39292s | 25.4501s | 0.0547316x | 46.7415% | yes
80x80 | 6400 | 6.84458s | 37.3824s | 0.183096x | 44.3554% | yes
160x160 | 25600 | 11.8777s | 20.7003s | 0.573794x | 32.57% | yes
320x320 | 102400 | 28.1507s | 21.7286s | 1.29556x | 26.1573% | yes
640x640 | 409600 | 90.141s | 29.4512s | 3.06069x | 12.1656% | yes

cold_gpu_first_use_seconds: 0.540676
gpu_break_even_grid: 320x320
max_measured_speedup: 3.06069x at 640x640
