=== GPU-DISC-001H: CUDA predicted face flux / Rhie-Chow vs CPU (bitwise) ===
CPU refs: physics::calculateMassFlux, pressure_velocity::rhieChow{FaceCorrection,MassFlux}

       [distorted q16 faces=544 axisAligned=0 general=480 resident=221208 B]
  FAIL L1 distorted q16  all-five  zero        uniform     uniform     rho=1.2    a=1     linear[d=32] corr[d=0] rc[d=32] maxAbs=0.0187     scaleL=0.1125     scaleC=2.412e-13 
  FAIL L1 distorted q16  all-five  zero        uniform     uniform     rho=1.2    a=0.7   linear[d=32] corr[d=0] rc[d=32] maxAbs=0.0187     scaleL=0.1125     scaleC=3.446e-13 
  FAIL L1 distorted q16  all-five  zero        uniform     uniform     rho=1.2    a=0.3   linear[d=32] corr[d=0] rc[d=32] maxAbs=0.0187     scaleL=0.1125     scaleC=8.04e-13  
  FAIL L1 distorted q16  all-five  zero        uniform     uniform     rho=998.2  a=1     linear[d=32] corr[d=0] rc[d=32] maxAbs=93.5       scaleL=93.58      scaleC=2.006e-10 
  FAIL L1 distorted q16  all-five  zero        uniform     uniform     rho=998.2  a=0.7   linear[d=32] corr[d=0] rc[d=32] maxAbs=93.5       scaleL=93.58      scaleC=2.866e-10 
  FAIL L1 distorted q16  all-five  zero        uniform     uniform     rho=998.2  a=0.3   linear[d=32] corr[d=0] rc[d=32] maxAbs=93.5       scaleL=93.58      scaleC=6.688e-10 
  FAIL L1 distorted q16  all-five  zero        uniform     nonuniform  rho=1.2    a=1     linear[d=32] corr[d=0] rc[d=32] maxAbs=0.0187     scaleL=0.1125     scaleC=3.92e-13  
  FAIL L1 distorted q16  all-five  zero        uniform     nonuniform  rho=1.2    a=0.7   linear[d=32] corr[d=0] rc[d=32] maxAbs=0.0187     scaleL=0.1125     scaleC=5.599e-13 
  FAIL L1 distorted q16  all-five  zero        uniform     nonuniform  rho=1.2    a=0.3   linear[d=32] corr[d=0] rc[d=32] maxAbs=0.0187     scaleL=0.1125     scaleC=1.307e-12 
  FAIL L1 distorted q16  all-five  zero        uniform     nonuniform  rho=998.2  a=1     linear[d=32] corr[d=0] rc[d=32] maxAbs=93.5       scaleL=93.58      scaleC=3.26e-10  
  FAIL L1 distorted q16  all-five  zero        uniform     nonuniform  rho=998.2  a=0.7   linear[d=32] corr[d=0] rc[d=32] maxAbs=93.5       scaleL=93.58      scaleC=4.658e-10 
  FAIL L1 distorted q16  all-five  zero        uniform     nonuniform  rho=998.2  a=0.3   linear[d=32] corr[d=0] rc[d=32] maxAbs=93.5       scaleL=93.58      scaleC=1.087e-09 
  FAIL L1 distorted q16  all-five  zero        linear      uniform     rho=1.2    a=1     linear[d=32] corr[d=0] rc[d=32] maxAbs=0.0187     scaleL=0.1125     scaleC=4.327     
  FAIL L1 distorted q16  all-five  zero        linear      uniform     rho=1.2    a=0.7   linear[d=32] corr[d=0] rc[d=32] maxAbs=0.0187     scaleL=0.1125     scaleC=6.181     
  FAIL L1 distorted q16  all-five  zero        linear      uniform     rho=1.2    a=0.3   linear[d=32] corr[d=0] rc[d=32] maxAbs=0.0187     scaleL=0.1125     scaleC=14.42     
  FAIL L1 distorted q16  all-five  zero        linear      uniform     rho=998.2  a=1     linear[d=32] corr[d=0] rc[d=32] maxAbs=93.5       scaleL=93.58      scaleC=3599      
  FAIL L1 distorted q16  all-five  zero        linear      uniform     rho=998.2  a=0.7   linear[d=32] corr[d=0] rc[d=32] maxAbs=93.5       scaleL=93.58      scaleC=5142      
  FAIL L1 distorted q16  all-five  zero        linear      uniform     rho=998.2  a=0.3   linear[d=32] corr[d=0] rc[d=32] maxAbs=93.5       scaleL=93.58      scaleC=1.2e+04   
  FAIL L1 distorted q16  all-five  zero        linear      nonuniform  rho=1.2    a=1     linear[d=32] corr[d=0] rc[d=32] maxAbs=0.0187     scaleL=0.1125     scaleC=7.388     
  FAIL L1 distorted q16  all-five  zero        linear      nonuniform  rho=1.2    a=0.7   linear[d=32] corr[d=0] rc[d=32] maxAbs=0.0187     scaleL=0.1125     scaleC=10.55     
  FAIL L1 distorted q16  all-five  zero        linear      nonuniform  rho=1.2    a=0.3   linear[d=32] corr[d=0] rc[d=32] maxAbs=0.0187     scaleL=0.1125     scaleC=24.63     
  FAIL L1 distorted q16  all-five  zero        linear      nonuniform  rho=998.2  a=1     linear[d=32] corr[d=0] rc[d=32] maxAbs=93.5       scaleL=93.58      scaleC=6145      
  FAIL L1 distorted q16  all-five  zero        linear      nonuniform  rho=998.2  a=0.7   linear[d=32] corr[d=0] rc[d=32] maxAbs=93.5       scaleL=93.58      scaleC=8779      
  FAIL L1 distorted q16  all-five  zero        linear      nonuniform  rho=998.2  a=0.3   linear[d=32] corr[d=0] rc[d=32] maxAbs=93.5       scaleL=93.58      scaleC=2.048e+04 
  FAIL L1 distorted q16  all-five  zero        nonuniform  uniform     rho=1.2    a=1     linear[d=32] corr[d=0] rc[d=32] maxAbs=0.0187     scaleL=0.1125     scaleC=8.978     
  FAIL L1 distorted q16  all-five  zero        nonuniform  uniform     rho=1.2    a=0.7   linear[d=32] corr[d=0] rc[d=32] maxAbs=0.0187     scaleL=0.1125     scaleC=12.83     
  FAIL L1 distorted q16  all-five  zero        nonuniform  uniform     rho=1.2    a=0.3   linear[d=32] corr[d=0] rc[d=32] maxAbs=0.0187     scaleL=0.1125     scaleC=29.93     
  FAIL L1 distorted q16  all-five  zero        nonuniform  uniform     rho=998.2  a=1     linear[d=32] corr[d=0] rc[d=32] maxAbs=93.5       scaleL=93.58      scaleC=7468      
  FAIL L1 distorted q16  all-five  zero        nonuniform  uniform     rho=998.2  a=0.7   linear[d=32] corr[d=0] rc[d=32] maxAbs=93.5       scaleL=93.58      scaleC=1.067e+04 
  FAIL L1 distorted q16  all-five  zero        nonuniform  uniform     rho=998.2  a=0.3   linear[d=32] corr[d=0] rc[d=32] maxAbs=93.5       scaleL=93.58      scaleC=2.489e+04 
  FAIL L1 distorted q16  all-five  zero        nonuniform  nonuniform  rho=1.2    a=1     linear[d=32] corr[d=0] rc[d=32] maxAbs=0.0187     scaleL=0.1125     scaleC=10.5      
  FAIL L1 distorted q16  all-five  zero        nonuniform  nonuniform  rho=1.2    a=0.7   linear[d=32] corr[d=0] rc[d=32] maxAbs=0.0187     scaleL=0.1125     scaleC=15        
  FAIL L1 distorted q16  all-five  zero        nonuniform  nonuniform  rho=1.2    a=0.3   linear[d=32] corr[d=0] rc[d=32] maxAbs=0.0187     scaleL=0.1125     scaleC=35.01     
  FAIL L1 distorted q16  all-five  zero        nonuniform  nonuniform  rho=998.2  a=1     linear[d=32] corr[d=0] rc[d=32] maxAbs=93.5       scaleL=93.58      scaleC=8736      
  FAIL L1 distorted q16  all-five  zero        nonuniform  nonuniform  rho=998.2  a=0.7   linear[d=32] corr[d=0] rc[d=32] maxAbs=93.5       scaleL=93.58      scaleC=1.248e+04 
  FAIL L1 distorted q16  all-five  zero        nonuniform  nonuniform  rho=998.2  a=0.3   linear[d=32] corr[d=0] rc[d=32] maxAbs=93.5       scaleL=93.58      scaleC=2.912e+04 
  FAIL L1 distorted q16  wall      uniform     uniform     uniform     rho=1.2    a=1     linear[d=480] corr[d=0] rc[d=480] maxAbs=0.0184     scaleL=0.1105     scaleC=2.412e-13 
  FAIL L1 distorted q16  all-five  uniform     uniform     uniform     rho=1.2    a=1     linear[d=528] corr[d=0] rc[d=528] maxAbs=0.0187     scaleL=0.1125     scaleC=2.412e-13 
  FAIL L1 distorted q16  wall      uniform     uniform     uniform     rho=1.2    a=0.7   linear[d=480] corr[d=0] rc[d=480] maxAbs=0.0184     scaleL=0.1105     scaleC=3.446e-13 
  FAIL L1 distorted q16  all-five  uniform     uniform     uniform     rho=1.2    a=0.7   linear[d=528] corr[d=0] rc[d=528] maxAbs=0.0187     scaleL=0.1125     scaleC=3.446e-13 
  FAIL L1 distorted q16  wall      uniform     uniform     uniform     rho=1.2    a=0.3   linear[d=480] corr[d=0] rc[d=480] maxAbs=0.0184     scaleL=0.1105     scaleC=8.04e-13  
  FAIL L1 distorted q16  all-five  uniform     uniform     uniform     rho=1.2    a=0.3   linear[d=528] corr[d=0] rc[d=528] maxAbs=0.0187     scaleL=0.1125     scaleC=8.04e-13  
  FAIL L1 distorted q16  wall      uniform     uniform     uniform     rho=998.2  a=1     linear[d=480] corr[d=0] rc[d=480] maxAbs=91.8       scaleL=91.88      scaleC=2.006e-10 
  FAIL L1 distorted q16  all-five  uniform     uniform     uniform     rho=998.2  a=1     linear[d=528] corr[d=0] rc[d=528] maxAbs=93.5       scaleL=93.58      scaleC=2.006e-10 
  FAIL L1 distorted q16  wall      uniform     uniform     uniform     rho=998.2  a=0.7   linear[d=480] corr[d=0] rc[d=480] maxAbs=91.8       scaleL=91.88      scaleC=2.866e-10 
  FAIL L1 distorted q16  all-five  uniform     uniform     uniform     rho=998.2  a=0.7   linear[d=528] corr[d=0] rc[d=528] maxAbs=93.5       scaleL=93.58      scaleC=2.866e-10 
  FAIL L1 distorted q16  wall      uniform     uniform     uniform     rho=998.2  a=0.3   linear[d=480] corr[d=0] rc[d=480] maxAbs=91.8       scaleL=91.88      scaleC=6.688e-10 
  FAIL L1 distorted q16  all-five  uniform     uniform     uniform     rho=998.2  a=0.3   linear[d=528] corr[d=0] rc[d=528] maxAbs=93.5       scaleL=93.58      scaleC=6.688e-10 
  FAIL L1 distorted q16  wall      uniform     uniform     nonuniform  rho=1.2    a=1     linear[d=480] corr[d=0] rc[d=480] maxAbs=0.0184     scaleL=0.1105     scaleC=3.92e-13  
  FAIL L1 distorted q16  all-five  uniform     uniform     nonuniform  rho=1.2    a=1     linear[d=528] corr[d=0] rc[d=528] maxAbs=0.0187     scaleL=0.1125     scaleC=3.92e-13  
  FAIL L1 distorted q16  wall      uniform     uniform     nonuniform  rho=1.2    a=0.7   linear[d=480] corr[d=0] rc[d=480] maxAbs=0.0184     scaleL=0.1105     scaleC=5.599e-13 
  FAIL L1 distorted q16  all-five  uniform     uniform     nonuniform  rho=1.2    a=0.7   linear[d=528] corr[d=0] rc[d=528] maxAbs=0.0187     scaleL=0.1125     scaleC=5.599e-13 
  FAIL L1 distorted q16  wall      uniform     uniform     nonuniform  rho=1.2    a=0.3   linear[d=480] corr[d=0] rc[d=480] maxAbs=0.0184     scaleL=0.1105     scaleC=1.307e-12 
  FAIL L1 distorted q16  all-five  uniform     uniform     nonuniform  rho=1.2    a=0.3   linear[d=528] corr[d=0] rc[d=528] maxAbs=0.0187     scaleL=0.1125     scaleC=1.307e-12 
  FAIL L1 distorted q16  wall      uniform     uniform     nonuniform  rho=998.2  a=1     linear[d=480] corr[d=0] rc[d=480] maxAbs=91.8       scaleL=91.88      scaleC=3.26e-10  
  FAIL L1 distorted q16  all-five  uniform     uniform     nonuniform  rho=998.2  a=1     linear[d=528] corr[d=0] rc[d=528] maxAbs=93.5       scaleL=93.58      scaleC=3.26e-10  
  FAIL L1 distorted q16  wall      uniform     uniform     nonuniform  rho=998.2  a=0.7   linear[d=480] corr[d=0] rc[d=480] maxAbs=91.8       scaleL=91.88      scaleC=4.658e-10 
  FAIL L1 distorted q16  all-five  uniform     uniform     nonuniform  rho=998.2  a=0.7   linear[d=528] corr[d=0] rc[d=528] maxAbs=93.5       scaleL=93.58      scaleC=4.658e-10 
  FAIL L1 distorted q16  wall      uniform     uniform     nonuniform  rho=998.2  a=0.3   linear[d=480] corr[d=0] rc[d=480] maxAbs=91.8       scaleL=91.88      scaleC=1.087e-09 
  FAIL L1 distorted q16  all-five  uniform     uniform     nonuniform  rho=998.2  a=0.3   linear[d=528] corr[d=0] rc[d=528] maxAbs=93.5       scaleL=93.58      scaleC=1.087e-09 
  FAIL L1 distorted q16  wall      uniform     linear      uniform     rho=1.2    a=1     linear[d=480] corr[d=0] rc[d=480] maxAbs=0.0184     scaleL=0.1105     scaleC=4.327     
  FAIL L1 distorted q16  all-five  uniform     linear      uniform     rho=1.2    a=1     linear[d=528] corr[d=0] rc[d=528] maxAbs=0.0187     scaleL=0.1125     scaleC=4.327     
  FAIL L1 distorted q16  wall      uniform     linear      uniform     rho=1.2    a=0.7   linear[d=480] corr[d=0] rc[d=480] maxAbs=0.0184     scaleL=0.1105     scaleC=6.181     
  FAIL L1 distorted q16  all-five  uniform     linear      uniform     rho=1.2    a=0.7   linear[d=528] corr[d=0] rc[d=528] maxAbs=0.0187     scaleL=0.1125     scaleC=6.181     
  FAIL L1 distorted q16  wall      uniform     linear      uniform     rho=1.2    a=0.3   linear[d=480] corr[d=0] rc[d=480] maxAbs=0.0184     scaleL=0.1105     scaleC=14.42     
  FAIL L1 distorted q16  all-five  uniform     linear      uniform     rho=1.2    a=0.3   linear[d=528] corr[d=0] rc[d=528] maxAbs=0.0187     scaleL=0.1125     scaleC=14.42     
  FAIL L1 distorted q16  wall      uniform     linear      uniform     rho=998.2  a=1     linear[d=480] corr[d=0] rc[d=480] maxAbs=91.8       scaleL=91.88      scaleC=3599      
  FAIL L1 distorted q16  all-five  uniform     linear      uniform     rho=998.2  a=1     linear[d=528] corr[d=0] rc[d=528] maxAbs=93.5       scaleL=93.58      scaleC=3599      
  FAIL L1 distorted q16  wall      uniform     linear      uniform     rho=998.2  a=0.7   linear[d=480] corr[d=0] rc[d=480] maxAbs=91.8       scaleL=91.88      scaleC=5142      
  FAIL L1 distorted q16  all-five  uniform     linear      uniform     rho=998.2  a=0.7   linear[d=528] corr[d=0] rc[d=528] maxAbs=93.5       scaleL=93.58      scaleC=5142      
  FAIL L1 distorted q16  wall      uniform     linear      uniform     rho=998.2  a=0.3   linear[d=480] corr[d=0] rc[d=480] maxAbs=91.8       scaleL=91.88      scaleC=1.2e+04   
  FAIL L1 distorted q16  all-five  uniform     linear      uniform     rho=998.2  a=0.3   linear[d=528] corr[d=0] rc[d=528] maxAbs=93.5       scaleL=93.58      scaleC=1.2e+04   
  FAIL L1 distorted q16  wall      uniform     linear      nonuniform  rho=1.2    a=1     linear[d=480] corr[d=0] rc[d=480] maxAbs=0.0184     scaleL=0.1105     scaleC=7.388     
  FAIL L1 distorted q16  all-five  uniform     linear      nonuniform  rho=1.2    a=1     linear[d=528] corr[d=0] rc[d=528] maxAbs=0.0187     scaleL=0.1125     scaleC=7.388     
  FAIL L1 distorted q16  wall      uniform     linear      nonuniform  rho=1.2    a=0.7   linear[d=480] corr[d=0] rc[d=480] maxAbs=0.0184     scaleL=0.1105     scaleC=10.55     
  FAIL L1 distorted q16  all-five  uniform     linear      nonuniform  rho=1.2    a=0.7   linear[d=528] corr[d=0] rc[d=528] maxAbs=0.0187     scaleL=0.1125     scaleC=10.55     
  FAIL L1 distorted q16  wall      uniform     linear      nonuniform  rho=1.2    a=0.3   linear[d=480] corr[d=0] rc[d=480] maxAbs=0.0184     scaleL=0.1105     scaleC=24.63     
  FAIL L1 distorted q16  all-five  uniform     linear      nonuniform  rho=1.2    a=0.3   linear[d=528] corr[d=0] rc[d=528] maxAbs=0.0187     scaleL=0.1125     scaleC=24.63     
  FAIL L1 distorted q16  wall      uniform     linear      nonuniform  rho=998.2  a=1     linear[d=480] corr[d=0] rc[d=480] maxAbs=91.8       scaleL=91.88      scaleC=6145      
  FAIL L1 distorted q16  all-five  uniform     linear      nonuniform  rho=998.2  a=1     linear[d=528] corr[d=0] rc[d=528] maxAbs=93.5       scaleL=93.58      scaleC=6145      
  FAIL L1 distorted q16  wall      uniform     linear      nonuniform  rho=998.2  a=0.7   linear[d=480] corr[d=0] rc[d=480] maxAbs=91.8       scaleL=91.88      scaleC=8779      
  FAIL L1 distorted q16  all-five  uniform     linear      nonuniform  rho=998.2  a=0.7   linear[d=528] corr[d=0] rc[d=528] maxAbs=93.5       scaleL=93.58      scaleC=8779      
  FAIL L1 distorted q16  wall      uniform     linear      nonuniform  rho=998.2  a=0.3   linear[d=480] corr[d=0] rc[d=480] maxAbs=91.8       scaleL=91.88      scaleC=2.048e+04 
  FAIL L1 distorted q16  all-five  uniform     linear      nonuniform  rho=998.2  a=0.3   linear[d=528] corr[d=0] rc[d=528] maxAbs=93.5       scaleL=93.58      scaleC=2.048e+04 
  FAIL L1 distorted q16  wall      uniform     nonuniform  uniform     rho=1.2    a=1     linear[d=480] corr[d=0] rc[d=480] maxAbs=0.0184     scaleL=0.1105     scaleC=8.978     
  FAIL L1 distorted q16  all-five  uniform     nonuniform  uniform     rho=1.2    a=1     linear[d=528] corr[d=0] rc[d=528] maxAbs=0.0187     scaleL=0.1125     scaleC=8.978     
  FAIL L1 distorted q16  wall      uniform     nonuniform  uniform     rho=1.2    a=0.7   linear[d=480] corr[d=0] rc[d=480] maxAbs=0.0184     scaleL=0.1105     scaleC=12.83     
  FAIL L1 distorted q16  all-five  uniform     nonuniform  uniform     rho=1.2    a=0.7   linear[d=528] corr[d=0] rc[d=528] maxAbs=0.0187     scaleL=0.1125     scaleC=12.83     
  FAIL L1 distorted q16  wall      uniform     nonuniform  uniform     rho=1.2    a=0.3   linear[d=480] corr[d=0] rc[d=480] maxAbs=0.0184     scaleL=0.1105     scaleC=29.93     
  FAIL L1 distorted q16  all-five  uniform     nonuniform  uniform     rho=1.2    a=0.3   linear[d=528] corr[d=0] rc[d=528] maxAbs=0.0187     scaleL=0.1125     scaleC=29.93     
  FAIL L1 distorted q16  wall      uniform     nonuniform  uniform     rho=998.2  a=1     linear[d=480] corr[d=0] rc[d=480] maxAbs=91.8       scaleL=91.88      scaleC=7468      
  FAIL L1 distorted q16  all-five  uniform     nonuniform  uniform     rho=998.2  a=1     linear[d=528] corr[d=0] rc[d=528] maxAbs=93.5       scaleL=93.58      scaleC=7468      
  FAIL L1 distorted q16  wall      uniform     nonuniform  uniform     rho=998.2  a=0.7   linear[d=480] corr[d=0] rc[d=480] maxAbs=91.8       scaleL=91.88      scaleC=1.067e+04 
  FAIL L1 distorted q16  all-five  uniform     nonuniform  uniform     rho=998.2  a=0.7   linear[d=528] corr[d=0] rc[d=528] maxAbs=93.5       scaleL=93.58      scaleC=1.067e+04 
  FAIL L1 distorted q16  wall      uniform     nonuniform  uniform     rho=998.2  a=0.3   linear[d=480] corr[d=0] rc[d=480] maxAbs=91.8       scaleL=91.88      scaleC=2.489e+04 
  FAIL L1 distorted q16  all-five  uniform     nonuniform  uniform     rho=998.2  a=0.3   linear[d=528] corr[d=0] rc[d=528] maxAbs=93.5       scaleL=93.58      scaleC=2.489e+04 
  FAIL L1 distorted q16  wall      uniform     nonuniform  nonuniform  rho=1.2    a=1     linear[d=480] corr[d=0] rc[d=480] maxAbs=0.0184     scaleL=0.1105     scaleC=10.5      
  FAIL L1 distorted q16  all-five  uniform     nonuniform  nonuniform  rho=1.2    a=1     linear[d=528] corr[d=0] rc[d=528] maxAbs=0.0187     scaleL=0.1125     scaleC=10.5      
  FAIL L1 distorted q16  wall      uniform     nonuniform  nonuniform  rho=1.2    a=0.7   linear[d=480] corr[d=0] rc[d=480] maxAbs=0.0184     scaleL=0.1105     scaleC=15        
  FAIL L1 distorted q16  all-five  uniform     nonuniform  nonuniform  rho=1.2    a=0.7   linear[d=528] corr[d=0] rc[d=528] maxAbs=0.0187     scaleL=0.1125     scaleC=15        
  FAIL L1 distorted q16  wall      uniform     nonuniform  nonuniform  rho=1.2    a=0.3   linear[d=480] corr[d=0] rc[d=480] maxAbs=0.0184     scaleL=0.1105     scaleC=35.01     
  FAIL L1 distorted q16  all-five  uniform     nonuniform  nonuniform  rho=1.2    a=0.3   linear[d=528] corr[d=0] rc[d=528] maxAbs=0.0187     scaleL=0.1125     scaleC=35.01     
  FAIL L1 distorted q16  wall      uniform     nonuniform  nonuniform  rho=998.2  a=1     linear[d=480] corr[d=0] rc[d=480] maxAbs=91.8       scaleL=91.88      scaleC=8736      
  FAIL L1 distorted q16  all-five  uniform     nonuniform  nonuniform  rho=998.2  a=1     linear[d=528] corr[d=0] rc[d=528] maxAbs=93.5       scaleL=93.58      scaleC=8736      
  FAIL L1 distorted q16  wall      uniform     nonuniform  nonuniform  rho=998.2  a=0.7   linear[d=480] corr[d=0] rc[d=480] maxAbs=91.8       scaleL=91.88      scaleC=1.248e+04 
  FAIL L1 distorted q16  all-five  uniform     nonuniform  nonuniform  rho=998.2  a=0.7   linear[d=528] corr[d=0] rc[d=528] maxAbs=93.5       scaleL=93.58      scaleC=1.248e+04 
  FAIL L1 distorted q16  wall      uniform     nonuniform  nonuniform  rho=998.2  a=0.3   linear[d=480] corr[d=0] rc[d=480] maxAbs=91.8       scaleL=91.88      scaleC=2.912e+04 
  FAIL L1 distorted q16  all-five  uniform     nonuniform  nonuniform  rho=998.2  a=0.3   linear[d=528] corr[d=0] rc[d=528] maxAbs=93.5       scaleL=93.58      scaleC=2.912e+04 
  FAIL L1 distorted q16  wall      nonuniform  uniform     uniform     rho=1.2    a=1     linear[d=480] corr[d=0] rc[d=480] maxAbs=0.0196     scaleL=0.1177     scaleC=2.412e-13 
  FAIL L1 distorted q16  all-five  nonuniform  uniform     uniform     rho=1.2    a=1     linear[d=528] corr[d=0] rc[d=528] maxAbs=0.0196     scaleL=0.1177     scaleC=2.412e-13 
  FAIL L1 distorted q16  wall      nonuniform  uniform     uniform     rho=1.2    a=0.7   linear[d=480] corr[d=0] rc[d=480] maxAbs=0.0196     scaleL=0.1177     scaleC=3.446e-13 
  FAIL L1 distorted q16  all-five  nonuniform  uniform     uniform     rho=1.2    a=0.7   linear[d=528] corr[d=0] rc[d=528] maxAbs=0.0196     scaleL=0.1177     scaleC=3.446e-13 
  FAIL L1 distorted q16  wall      nonuniform  uniform     uniform     rho=1.2    a=0.3   linear[d=480] corr[d=0] rc[d=480] maxAbs=0.0196     scaleL=0.1177     scaleC=8.04e-13  
  FAIL L1 distorted q16  all-five  nonuniform  uniform     uniform     rho=1.2    a=0.3   linear[d=528] corr[d=0] rc[d=528] maxAbs=0.0196     scaleL=0.1177     scaleC=8.04e-13  
  FAIL L1 distorted q16  wall      nonuniform  uniform     uniform     rho=998.2  a=1     linear[d=480] corr[d=0] rc[d=480] maxAbs=97.8       scaleL=97.88      scaleC=2.006e-10 
  FAIL L1 distorted q16  all-five  nonuniform  uniform     uniform     rho=998.2  a=1     linear[d=528] corr[d=0] rc[d=528] maxAbs=97.8       scaleL=97.88      scaleC=2.006e-10 
  FAIL L1 distorted q16  wall      nonuniform  uniform     uniform     rho=998.2  a=0.7   linear[d=480] corr[d=0] rc[d=480] maxAbs=97.8       scaleL=97.88      scaleC=2.866e-10 
  FAIL L1 distorted q16  all-five  nonuniform  uniform     uniform     rho=998.2  a=0.7   linear[d=528] corr[d=0] rc[d=528] maxAbs=97.8       scaleL=97.88      scaleC=2.866e-10 
  FAIL L1 distorted q16  wall      nonuniform  uniform     uniform     rho=998.2  a=0.3   linear[d=480] corr[d=0] rc[d=480] maxAbs=97.8       scaleL=97.88      scaleC=6.688e-10 
  FAIL L1 distorted q16  all-five  nonuniform  uniform     uniform     rho=998.2  a=0.3   linear[d=528] corr[d=0] rc[d=528] maxAbs=97.8       scaleL=97.88      scaleC=6.688e-10 
  FAIL L1 distorted q16  wall      nonuniform  uniform     nonuniform  rho=1.2    a=1     linear[d=480] corr[d=0] rc[d=480] maxAbs=0.0196     scaleL=0.1177     scaleC=3.92e-13  
  FAIL L1 distorted q16  all-five  nonuniform  uniform     nonuniform  rho=1.2    a=1     linear[d=528] corr[d=0] rc[d=528] maxAbs=0.0196     scaleL=0.1177     scaleC=3.92e-13  
  FAIL L1 distorted q16  wall      nonuniform  uniform     nonuniform  rho=1.2    a=0.7   linear[d=480] corr[d=0] rc[d=480] maxAbs=0.0196     scaleL=0.1177     scaleC=5.599e-13 
  FAIL L1 distorted q16  all-five  nonuniform  uniform     nonuniform  rho=1.2    a=0.7   linear[d=528] corr[d=0] rc[d=528] maxAbs=0.0196     scaleL=0.1177     scaleC=5.599e-13 
  FAIL L1 distorted q16  wall      nonuniform  uniform     nonuniform  rho=1.2    a=0.3   linear[d=480] corr[d=0] rc[d=480] maxAbs=0.0196     scaleL=0.1177     scaleC=1.307e-12 
  FAIL L1 distorted q16  all-five  nonuniform  uniform     nonuniform  rho=1.2    a=0.3   linear[d=528] corr[d=0] rc[d=528] maxAbs=0.0196     scaleL=0.1177     scaleC=1.307e-12 
  FAIL L1 distorted q16  wall      nonuniform  uniform     nonuniform  rho=998.2  a=1     linear[d=480] corr[d=0] rc[d=480] maxAbs=97.8       scaleL=97.88      scaleC=3.26e-10  
  FAIL L1 distorted q16  all-five  nonuniform  uniform     nonuniform  rho=998.2  a=1     linear[d=528] corr[d=0] rc[d=528] maxAbs=97.8       scaleL=97.88      scaleC=3.26e-10  
  FAIL L1 distorted q16  wall      nonuniform  uniform     nonuniform  rho=998.2  a=0.7   linear[d=480] corr[d=0] rc[d=480] maxAbs=97.8       scaleL=97.88      scaleC=4.658e-10 
  FAIL L1 distorted q16  all-five  nonuniform  uniform     nonuniform  rho=998.2  a=0.7   linear[d=528] corr[d=0] rc[d=528] maxAbs=97.8       scaleL=97.88      scaleC=4.658e-10 
  FAIL L1 distorted q16  wall      nonuniform  uniform     nonuniform  rho=998.2  a=0.3   linear[d=480] corr[d=0] rc[d=480] maxAbs=97.8       scaleL=97.88      scaleC=1.087e-09 
  FAIL L1 distorted q16  all-five  nonuniform  uniform     nonuniform  rho=998.2  a=0.3   linear[d=528] corr[d=0] rc[d=528] maxAbs=97.8       scaleL=97.88      scaleC=1.087e-09 
  FAIL L1 distorted q16  wall      nonuniform  linear      uniform     rho=1.2    a=1     linear[d=480] corr[d=0] rc[d=480] maxAbs=0.0196     scaleL=0.1177     scaleC=4.327     
  FAIL L1 distorted q16  all-five  nonuniform  linear      uniform     rho=1.2    a=1     linear[d=528] corr[d=0] rc[d=528] maxAbs=0.0196     scaleL=0.1177     scaleC=4.327     
  FAIL L1 distorted q16  wall      nonuniform  linear      uniform     rho=1.2    a=0.7   linear[d=480] corr[d=0] rc[d=480] maxAbs=0.0196     scaleL=0.1177     scaleC=6.181     
  FAIL L1 distorted q16  all-five  nonuniform  linear      uniform     rho=1.2    a=0.7   linear[d=528] corr[d=0] rc[d=528] maxAbs=0.0196     scaleL=0.1177     scaleC=6.181     
  FAIL L1 distorted q16  wall      nonuniform  linear      uniform     rho=1.2    a=0.3   linear[d=480] corr[d=0] rc[d=480] maxAbs=0.0196     scaleL=0.1177     scaleC=14.42     
  FAIL L1 distorted q16  all-five  nonuniform  linear      uniform     rho=1.2    a=0.3   linear[d=528] corr[d=0] rc[d=528] maxAbs=0.0196     scaleL=0.1177     scaleC=14.42     
  FAIL L1 distorted q16  wall      nonuniform  linear      uniform     rho=998.2  a=1     linear[d=480] corr[d=0] rc[d=480] maxAbs=97.8       scaleL=97.88      scaleC=3599      
  FAIL L1 distorted q16  all-five  nonuniform  linear      uniform     rho=998.2  a=1     linear[d=528] corr[d=0] rc[d=528] maxAbs=97.8       scaleL=97.88      scaleC=3599      
  FAIL L1 distorted q16  wall      nonuniform  linear      uniform     rho=998.2  a=0.7   linear[d=480] corr[d=0] rc[d=480] maxAbs=97.8       scaleL=97.88      scaleC=5142      
  FAIL L1 distorted q16  all-five  nonuniform  linear      uniform     rho=998.2  a=0.7   linear[d=528] corr[d=0] rc[d=528] maxAbs=97.8       scaleL=97.88      scaleC=5142      
  FAIL L1 distorted q16  wall      nonuniform  linear      uniform     rho=998.2  a=0.3   linear[d=480] corr[d=0] rc[d=480] maxAbs=97.8       scaleL=97.88      scaleC=1.2e+04   
  FAIL L1 distorted q16  all-five  nonuniform  linear      uniform     rho=998.2  a=0.3   linear[d=528] corr[d=0] rc[d=528] maxAbs=97.8       scaleL=97.88      scaleC=1.2e+04   
  FAIL L1 distorted q16  wall      nonuniform  linear      nonuniform  rho=1.2    a=1     linear[d=480] corr[d=0] rc[d=480] maxAbs=0.0196     scaleL=0.1177     scaleC=7.388     
  FAIL L1 distorted q16  all-five  nonuniform  linear      nonuniform  rho=1.2    a=1     linear[d=528] corr[d=0] rc[d=528] maxAbs=0.0196     scaleL=0.1177     scaleC=7.388     
  FAIL L1 distorted q16  wall      nonuniform  linear      nonuniform  rho=1.2    a=0.7   linear[d=480] corr[d=0] rc[d=480] maxAbs=0.0196     scaleL=0.1177     scaleC=10.55     
  FAIL L1 distorted q16  all-five  nonuniform  linear      nonuniform  rho=1.2    a=0.7   linear[d=528] corr[d=0] rc[d=528] maxAbs=0.0196     scaleL=0.1177     scaleC=10.55     
  FAIL L1 distorted q16  wall      nonuniform  linear      nonuniform  rho=1.2    a=0.3   linear[d=480] corr[d=0] rc[d=480] maxAbs=0.0196     scaleL=0.1177     scaleC=24.63     
  FAIL L1 distorted q16  all-five  nonuniform  linear      nonuniform  rho=1.2    a=0.3   linear[d=528] corr[d=0] rc[d=528] maxAbs=0.0196     scaleL=0.1177     scaleC=24.63     
  FAIL L1 distorted q16  wall      nonuniform  linear      nonuniform  rho=998.2  a=1     linear[d=480] corr[d=0] rc[d=480] maxAbs=97.8       scaleL=97.88      scaleC=6145      
  FAIL L1 distorted q16  all-five  nonuniform  linear      nonuniform  rho=998.2  a=1     linear[d=528] corr[d=0] rc[d=528] maxAbs=97.8       scaleL=97.88      scaleC=6145      
  FAIL L1 distorted q16  wall      nonuniform  linear      nonuniform  rho=998.2  a=0.7   linear[d=480] corr[d=0] rc[d=480] maxAbs=97.8       scaleL=97.88      scaleC=8779      
  FAIL L1 distorted q16  all-five  nonuniform  linear      nonuniform  rho=998.2  a=0.7   linear[d=528] corr[d=0] rc[d=528] maxAbs=97.8       scaleL=97.88      scaleC=8779      
  FAIL L1 distorted q16  wall      nonuniform  linear      nonuniform  rho=998.2  a=0.3   linear[d=480] corr[d=0] rc[d=480] maxAbs=97.8       scaleL=97.88      scaleC=2.048e+04 
  FAIL L1 distorted q16  all-five  nonuniform  linear      nonuniform  rho=998.2  a=0.3   linear[d=528] corr[d=0] rc[d=528] maxAbs=97.8       scaleL=97.88      scaleC=2.048e+04 
  FAIL L1 distorted q16  wall      nonuniform  nonuniform  uniform     rho=1.2    a=1     linear[d=480] corr[d=0] rc[d=480] maxAbs=0.0196     scaleL=0.1177     scaleC=8.978     
  FAIL L1 distorted q16  all-five  nonuniform  nonuniform  uniform     rho=1.2    a=1     linear[d=528] corr[d=0] rc[d=528] maxAbs=0.0196     scaleL=0.1177     scaleC=8.978     
  FAIL L1 distorted q16  wall      nonuniform  nonuniform  uniform     rho=1.2    a=0.7   linear[d=480] corr[d=0] rc[d=480] maxAbs=0.0196     scaleL=0.1177     scaleC=12.83     
  FAIL L1 distorted q16  all-five  nonuniform  nonuniform  uniform     rho=1.2    a=0.7   linear[d=528] corr[d=0] rc[d=528] maxAbs=0.0196     scaleL=0.1177     scaleC=12.83     
  FAIL L1 distorted q16  wall      nonuniform  nonuniform  uniform     rho=1.2    a=0.3   linear[d=480] corr[d=0] rc[d=480] maxAbs=0.0196     scaleL=0.1177     scaleC=29.93     
  FAIL L1 distorted q16  all-five  nonuniform  nonuniform  uniform     rho=1.2    a=0.3   linear[d=528] corr[d=0] rc[d=528] maxAbs=0.0196     scaleL=0.1177     scaleC=29.93     
  FAIL L1 distorted q16  wall      nonuniform  nonuniform  uniform     rho=998.2  a=1     linear[d=480] corr[d=0] rc[d=480] maxAbs=97.8       scaleL=97.88      scaleC=7468      
  FAIL L1 distorted q16  all-five  nonuniform  nonuniform  uniform     rho=998.2  a=1     linear[d=528] corr[d=0] rc[d=528] maxAbs=97.8       scaleL=97.88      scaleC=7468      
  FAIL L1 distorted q16  wall      nonuniform  nonuniform  uniform     rho=998.2  a=0.7   linear[d=480] corr[d=0] rc[d=480] maxAbs=97.8       scaleL=97.88      scaleC=1.067e+04 
  FAIL L1 distorted q16  all-five  nonuniform  nonuniform  uniform     rho=998.2  a=0.7   linear[d=528] corr[d=0] rc[d=528] maxAbs=97.8       scaleL=97.88      scaleC=1.067e+04 
  FAIL L1 distorted q16  wall      nonuniform  nonuniform  uniform     rho=998.2  a=0.3   linear[d=480] corr[d=0] rc[d=480] maxAbs=97.8       scaleL=97.88      scaleC=2.489e+04 
  FAIL L1 distorted q16  all-five  nonuniform  nonuniform  uniform     rho=998.2  a=0.3   linear[d=528] corr[d=0] rc[d=528] maxAbs=97.8       scaleL=97.88      scaleC=2.489e+04 
  FAIL L1 distorted q16  wall      nonuniform  nonuniform  nonuniform  rho=1.2    a=1     linear[d=480] corr[d=0] rc[d=480] maxAbs=0.0196     scaleL=0.1177     scaleC=10.5      
  FAIL L1 distorted q16  all-five  nonuniform  nonuniform  nonuniform  rho=1.2    a=1     linear[d=528] corr[d=0] rc[d=528] maxAbs=0.0196     scaleL=0.1177     scaleC=10.5      
  FAIL L1 distorted q16  wall      nonuniform  nonuniform  nonuniform  rho=1.2    a=0.7   linear[d=480] corr[d=0] rc[d=480] maxAbs=0.0196     scaleL=0.1177     scaleC=15        
  FAIL L1 distorted q16  all-five  nonuniform  nonuniform  nonuniform  rho=1.2    a=0.7   linear[d=528] corr[d=0] rc[d=528] maxAbs=0.0196     scaleL=0.1177     scaleC=15        
  FAIL L1 distorted q16  wall      nonuniform  nonuniform  nonuniform  rho=1.2    a=0.3   linear[d=480] corr[d=0] rc[d=480] maxAbs=0.0196     scaleL=0.1177     scaleC=35.01     
  FAIL L1 distorted q16  all-five  nonuniform  nonuniform  nonuniform  rho=1.2    a=0.3   linear[d=528] corr[d=0] rc[d=528] maxAbs=0.0196     scaleL=0.1177     scaleC=35.01     
  FAIL L1 distorted q16  wall      nonuniform  nonuniform  nonuniform  rho=998.2  a=1     linear[d=480] corr[d=0] rc[d=480] maxAbs=97.8       scaleL=97.88      scaleC=8736      
  FAIL L1 distorted q16  all-five  nonuniform  nonuniform  nonuniform  rho=998.2  a=1     linear[d=528] corr[d=0] rc[d=528] maxAbs=97.8       scaleL=97.88      scaleC=8736      
  FAIL L1 distorted q16  wall      nonuniform  nonuniform  nonuniform  rho=998.2  a=0.7   linear[d=480] corr[d=0] rc[d=480] maxAbs=97.8       scaleL=97.88      scaleC=1.248e+04 
  FAIL L1 distorted q16  all-five  nonuniform  nonuniform  nonuniform  rho=998.2  a=0.7   linear[d=528] corr[d=0] rc[d=528] maxAbs=97.8       scaleL=97.88      scaleC=1.248e+04 
  FAIL L1 distorted q16  wall      nonuniform  nonuniform  nonuniform  rho=998.2  a=0.3   linear[d=480] corr[d=0] rc[d=480] maxAbs=97.8       scaleL=97.88      scaleC=2.912e+04 
  FAIL L1 distorted q16  all-five  nonuniform  nonuniform  nonuniform  rho=998.2  a=0.3   linear[d=528] corr[d=0] rc[d=528] maxAbs=97.8       scaleL=97.88      scaleC=2.912e+04 
  FAIL L1 distorted q16  wall      reversed    uniform     uniform     rho=1.2    a=1     linear[d=480] corr[d=0] rc[d=480] maxAbs=0.0196     scaleL=0.1177     scaleC=2.412e-13 
  FAIL L1 distorted q16  all-five  reversed    uniform     uniform     rho=1.2    a=1     linear[d=528] corr[d=0] rc[d=528] maxAbs=0.0196     scaleL=0.1177     scaleC=2.412e-13 
  FAIL L1 distorted q16  wall      reversed    uniform     uniform     rho=1.2    a=0.7   linear[d=480] corr[d=0] rc[d=480] maxAbs=0.0196     scaleL=0.1177     scaleC=3.446e-13 
  FAIL L1 distorted q16  all-five  reversed    uniform     uniform     rho=1.2    a=0.7   linear[d=528] corr[d=0] rc[d=528] maxAbs=0.0196     scaleL=0.1177     scaleC=3.446e-13 
  FAIL L1 distorted q16  wall      reversed    uniform     uniform     rho=1.2    a=0.3   linear[d=480] corr[d=0] rc[d=480] maxAbs=0.0196     scaleL=0.1177     scaleC=8.04e-13  
  FAIL L1 distorted q16  all-five  reversed    uniform     uniform     rho=1.2    a=0.3   linear[d=528] corr[d=0] rc[d=528] maxAbs=0.0196     scaleL=0.1177     scaleC=8.04e-13  
  FAIL L1 distorted q16  wall      reversed    uniform     uniform     rho=998.2  a=1     linear[d=480] corr[d=0] rc[d=480] maxAbs=97.8       scaleL=97.88      scaleC=2.006e-10 
  FAIL L1 distorted q16  all-five  reversed    uniform     uniform     rho=998.2  a=1     linear[d=528] corr[d=0] rc[d=528] maxAbs=97.8       scaleL=97.88      scaleC=2.006e-10 
  FAIL L1 distorted q16  wall      reversed    uniform     uniform     rho=998.2  a=0.7   linear[d=480] corr[d=0] rc[d=480] maxAbs=97.8       scaleL=97.88      scaleC=2.866e-10 
  FAIL L1 distorted q16  all-five  reversed    uniform     uniform     rho=998.2  a=0.7   linear[d=528] corr[d=0] rc[d=528] maxAbs=97.8       scaleL=97.88      scaleC=2.866e-10 
  FAIL L1 distorted q16  wall      reversed    uniform     uniform     rho=998.2  a=0.3   linear[d=480] corr[d=0] rc[d=480] maxAbs=97.8       scaleL=97.88      scaleC=6.688e-10 
  FAIL L1 distorted q16  all-five  reversed    uniform     uniform     rho=998.2  a=0.3   linear[d=528] corr[d=0] rc[d=528] maxAbs=97.8       scaleL=97.88      scaleC=6.688e-10 
  FAIL L1 distorted q16  wall      reversed    uniform     nonuniform  rho=1.2    a=1     linear[d=480] corr[d=0] rc[d=480] maxAbs=0.0196     scaleL=0.1177     scaleC=3.92e-13  
  FAIL L1 distorted q16  all-five  reversed    uniform     nonuniform  rho=1.2    a=1     linear[d=528] corr[d=0] rc[d=528] maxAbs=0.0196     scaleL=0.1177     scaleC=3.92e-13  
  FAIL L1 distorted q16  wall      reversed    uniform     nonuniform  rho=1.2    a=0.7   linear[d=480] corr[d=0] rc[d=480] maxAbs=0.0196     scaleL=0.1177     scaleC=5.599e-13 
  FAIL L1 distorted q16  all-five  reversed    uniform     nonuniform  rho=1.2    a=0.7   linear[d=528] corr[d=0] rc[d=528] maxAbs=0.0196     scaleL=0.1177     scaleC=5.599e-13 
  FAIL L1 distorted q16  wall      reversed    uniform     nonuniform  rho=1.2    a=0.3   linear[d=480] corr[d=0] rc[d=480] maxAbs=0.0196     scaleL=0.1177     scaleC=1.307e-12 
  FAIL L1 distorted q16  all-five  reversed    uniform     nonuniform  rho=1.2    a=0.3   linear[d=528] corr[d=0] rc[d=528] maxAbs=0.0196     scaleL=0.1177     scaleC=1.307e-12 
  FAIL L1 distorted q16  wall      reversed    uniform     nonuniform  rho=998.2  a=1     linear[d=480] corr[d=0] rc[d=480] maxAbs=97.8       scaleL=97.88      scaleC=3.26e-10  
  FAIL L1 distorted q16  all-five  reversed    uniform     nonuniform  rho=998.2  a=1     linear[d=528] corr[d=0] rc[d=528] maxAbs=97.8       scaleL=97.88      scaleC=3.26e-10  
  FAIL L1 distorted q16  wall      reversed    uniform     nonuniform  rho=998.2  a=0.7   linear[d=480] corr[d=0] rc[d=480] maxAbs=97.8       scaleL=97.88      scaleC=4.658e-10 
  FAIL L1 distorted q16  all-five  reversed    uniform     nonuniform  rho=998.2  a=0.7   linear[d=528] corr[d=0] rc[d=528] maxAbs=97.8       scaleL=97.88      scaleC=4.658e-10 
  FAIL L1 distorted q16  wall      reversed    uniform     nonuniform  rho=998.2  a=0.3   linear[d=480] corr[d=0] rc[d=480] maxAbs=97.8       scaleL=97.88      scaleC=1.087e-09 
  FAIL L1 distorted q16  all-five  reversed    uniform     nonuniform  rho=998.2  a=0.3   linear[d=528] corr[d=0] rc[d=528] maxAbs=97.8       scaleL=97.88      scaleC=1.087e-09 
  FAIL L1 distorted q16  wall      reversed    linear      uniform     rho=1.2    a=1     linear[d=480] corr[d=0] rc[d=480] maxAbs=0.0196     scaleL=0.1177     scaleC=4.327     
  FAIL L1 distorted q16  all-five  reversed    linear      uniform     rho=1.2    a=1     linear[d=528] corr[d=0] rc[d=528] maxAbs=0.0196     scaleL=0.1177     scaleC=4.327     
  FAIL L1 distorted q16  wall      reversed    linear      uniform     rho=1.2    a=0.7   linear[d=480] corr[d=0] rc[d=480] maxAbs=0.0196     scaleL=0.1177     scaleC=6.181     
  FAIL L1 distorted q16  all-five  reversed    linear      uniform     rho=1.2    a=0.7   linear[d=528] corr[d=0] rc[d=528] maxAbs=0.0196     scaleL=0.1177     scaleC=6.181     
  FAIL L1 distorted q16  wall      reversed    linear      uniform     rho=1.2    a=0.3   linear[d=480] corr[d=0] rc[d=480] maxAbs=0.0196     scaleL=0.1177     scaleC=14.42     
  FAIL L1 distorted q16  all-five  reversed    linear      uniform     rho=1.2    a=0.3   linear[d=528] corr[d=0] rc[d=528] maxAbs=0.0196     scaleL=0.1177     scaleC=14.42     
  FAIL L1 distorted q16  wall      reversed    linear      uniform     rho=998.2  a=1     linear[d=480] corr[d=0] rc[d=480] maxAbs=97.8       scaleL=97.88      scaleC=3599      
  FAIL L1 distorted q16  all-five  reversed    linear      uniform     rho=998.2  a=1     linear[d=528] corr[d=0] rc[d=528] maxAbs=97.8       scaleL=97.88      scaleC=3599      
  FAIL L1 distorted q16  wall      reversed    linear      uniform     rho=998.2  a=0.7   linear[d=480] corr[d=0] rc[d=480] maxAbs=97.8       scaleL=97.88      scaleC=5142      
  FAIL L1 distorted q16  all-five  reversed    linear      uniform     rho=998.2  a=0.7   linear[d=528] corr[d=0] rc[d=528] maxAbs=97.8       scaleL=97.88      scaleC=5142      
  FAIL L1 distorted q16  wall      reversed    linear      uniform     rho=998.2  a=0.3   linear[d=480] corr[d=0] rc[d=480] maxAbs=97.8       scaleL=97.88      scaleC=1.2e+04   
  FAIL L1 distorted q16  all-five  reversed    linear      uniform     rho=998.2  a=0.3   linear[d=528] corr[d=0] rc[d=528] maxAbs=97.8       scaleL=97.88      scaleC=1.2e+04   
  FAIL L1 distorted q16  wall      reversed    linear      nonuniform  rho=1.2    a=1     linear[d=480] corr[d=0] rc[d=480] maxAbs=0.0196     scaleL=0.1177     scaleC=7.388     
  FAIL L1 distorted q16  all-five  reversed    linear      nonuniform  rho=1.2    a=1     linear[d=528] corr[d=0] rc[d=528] maxAbs=0.0196     scaleL=0.1177     scaleC=7.388     
  FAIL L1 distorted q16  wall      reversed    linear      nonuniform  rho=1.2    a=0.7   linear[d=480] corr[d=0] rc[d=480] maxAbs=0.0196     scaleL=0.1177     scaleC=10.55     
  FAIL L1 distorted q16  all-five  reversed    linear      nonuniform  rho=1.2    a=0.7   linear[d=528] corr[d=0] rc[d=528] maxAbs=0.0196     scaleL=0.1177     scaleC=10.55     
  FAIL L1 distorted q16  wall      reversed    linear      nonuniform  rho=1.2    a=0.3   linear[d=480] corr[d=0] rc[d=480] maxAbs=0.0196     scaleL=0.1177     scaleC=24.63     
  FAIL L1 distorted q16  all-five  reversed    linear      nonuniform  rho=1.2    a=0.3   linear[d=528] corr[d=0] rc[d=528] maxAbs=0.0196     scaleL=0.1177     scaleC=24.63     
  FAIL L1 distorted q16  wall      reversed    linear      nonuniform  rho=998.2  a=1     linear[d=480] corr[d=0] rc[d=480] maxAbs=97.8       scaleL=97.88      scaleC=6145      
  FAIL L1 distorted q16  all-five  reversed    linear      nonuniform  rho=998.2  a=1     linear[d=528] corr[d=0] rc[d=528] maxAbs=97.8       scaleL=97.88      scaleC=6145      
  FAIL L1 distorted q16  wall      reversed    linear      nonuniform  rho=998.2  a=0.7   linear[d=480] corr[d=0] rc[d=480] maxAbs=97.8       scaleL=97.88      scaleC=8779      
  FAIL L1 distorted q16  all-five  reversed    linear      nonuniform  rho=998.2  a=0.7   linear[d=528] corr[d=0] rc[d=528] maxAbs=97.8       scaleL=97.88      scaleC=8779      
  FAIL L1 distorted q16  wall      reversed    linear      nonuniform  rho=998.2  a=0.3   linear[d=480] corr[d=0] rc[d=480] maxAbs=97.8       scaleL=97.88      scaleC=2.048e+04 
  FAIL L1 distorted q16  all-five  reversed    linear      nonuniform  rho=998.2  a=0.3   linear[d=528] corr[d=0] rc[d=528] maxAbs=97.8       scaleL=97.88      scaleC=2.048e+04 
  FAIL L1 distorted q16  wall      reversed    nonuniform  uniform     rho=1.2    a=1     linear[d=480] corr[d=0] rc[d=480] maxAbs=0.0196     scaleL=0.1177     scaleC=8.978     
  FAIL L1 distorted q16  all-five  reversed    nonuniform  uniform     rho=1.2    a=1     linear[d=528] corr[d=0] rc[d=528] maxAbs=0.0196     scaleL=0.1177     scaleC=8.978     
  FAIL L1 distorted q16  wall      reversed    nonuniform  uniform     rho=1.2    a=0.7   linear[d=480] corr[d=0] rc[d=480] maxAbs=0.0196     scaleL=0.1177     scaleC=12.83     
  FAIL L1 distorted q16  all-five  reversed    nonuniform  uniform     rho=1.2    a=0.7   linear[d=528] corr[d=0] rc[d=528] maxAbs=0.0196     scaleL=0.1177     scaleC=12.83     
  FAIL L1 distorted q16  wall      reversed    nonuniform  uniform     rho=1.2    a=0.3   linear[d=480] corr[d=0] rc[d=480] maxAbs=0.0196     scaleL=0.1177     scaleC=29.93     
  FAIL L1 distorted q16  all-five  reversed    nonuniform  uniform     rho=1.2    a=0.3   linear[d=528] corr[d=0] rc[d=528] maxAbs=0.0196     scaleL=0.1177     scaleC=29.93     
  FAIL L1 distorted q16  wall      reversed    nonuniform  uniform     rho=998.2  a=1     linear[d=480] corr[d=0] rc[d=480] maxAbs=97.8       scaleL=97.88      scaleC=7468      
  FAIL L1 distorted q16  all-five  reversed    nonuniform  uniform     rho=998.2  a=1     linear[d=528] corr[d=0] rc[d=528] maxAbs=97.8       scaleL=97.88      scaleC=7468      
  FAIL L1 distorted q16  wall      reversed    nonuniform  uniform     rho=998.2  a=0.7   linear[d=480] corr[d=0] rc[d=480] maxAbs=97.8       scaleL=97.88      scaleC=1.067e+04 
  FAIL L1 distorted q16  all-five  reversed    nonuniform  uniform     rho=998.2  a=0.7   linear[d=528] corr[d=0] rc[d=528] maxAbs=97.8       scaleL=97.88      scaleC=1.067e+04 
  FAIL L1 distorted q16  wall      reversed    nonuniform  uniform     rho=998.2  a=0.3   linear[d=480] corr[d=0] rc[d=480] maxAbs=97.8       scaleL=97.88      scaleC=2.489e+04 
  FAIL L1 distorted q16  all-five  reversed    nonuniform  uniform     rho=998.2  a=0.3   linear[d=528] corr[d=0] rc[d=528] maxAbs=97.8       scaleL=97.88      scaleC=2.489e+04 
  FAIL L1 distorted q16  wall      reversed    nonuniform  nonuniform  rho=1.2    a=1     linear[d=480] corr[d=0] rc[d=480] maxAbs=0.0196     scaleL=0.1177     scaleC=10.5      
  FAIL L1 distorted q16  all-five  reversed    nonuniform  nonuniform  rho=1.2    a=1     linear[d=528] corr[d=0] rc[d=528] maxAbs=0.0196     scaleL=0.1177     scaleC=10.5      
  FAIL L1 distorted q16  wall      reversed    nonuniform  nonuniform  rho=1.2    a=0.7   linear[d=480] corr[d=0] rc[d=480] maxAbs=0.0196     scaleL=0.1177     scaleC=15        
  FAIL L1 distorted q16  all-five  reversed    nonuniform  nonuniform  rho=1.2    a=0.7   linear[d=528] corr[d=0] rc[d=528] maxAbs=0.0196     scaleL=0.1177     scaleC=15        
  FAIL L1 distorted q16  wall      reversed    nonuniform  nonuniform  rho=1.2    a=0.3   linear[d=480] corr[d=0] rc[d=480] maxAbs=0.0196     scaleL=0.1177     scaleC=35.01     
  FAIL L1 distorted q16  all-five  reversed    nonuniform  nonuniform  rho=1.2    a=0.3   linear[d=528] corr[d=0] rc[d=528] maxAbs=0.0196     scaleL=0.1177     scaleC=35.01     
  FAIL L1 distorted q16  wall      reversed    nonuniform  nonuniform  rho=998.2  a=1     linear[d=480] corr[d=0] rc[d=480] maxAbs=97.8       scaleL=97.88      scaleC=8736      
  FAIL L1 distorted q16  all-five  reversed    nonuniform  nonuniform  rho=998.2  a=1     linear[d=528] corr[d=0] rc[d=528] maxAbs=97.8       scaleL=97.88      scaleC=8736      
  FAIL L1 distorted q16  wall      reversed    nonuniform  nonuniform  rho=998.2  a=0.7   linear[d=480] corr[d=0] rc[d=480] maxAbs=97.8       scaleL=97.88      scaleC=1.248e+04 
  FAIL L1 distorted q16  all-five  reversed    nonuniform  nonuniform  rho=998.2  a=0.7   linear[d=528] corr[d=0] rc[d=528] maxAbs=97.8       scaleL=97.88      scaleC=1.248e+04 
  FAIL L1 distorted q16  wall      reversed    nonuniform  nonuniform  rho=998.2  a=0.3   linear[d=480] corr[d=0] rc[d=480] maxAbs=97.8       scaleL=97.88      scaleC=2.912e+04 
  FAIL L1 distorted q16  all-five  reversed    nonuniform  nonuniform  rho=998.2  a=0.3   linear[d=528] corr[d=0] rc[d=528] maxAbs=97.8       scaleL=97.88      scaleC=2.912e+04 
  PASS L3 distorted q16  invariants: onePerFace=yes interiorFaces=480 pairwiseExact=yes reversalChanged=yes  [diagnostic: signed sum -3.16e-14 of |.|=345.3]
  FAIL L4 distorted q16  checkerboard: differing=528  |RhieChow term|max=169.5 vs |linear flux|max=0.1125 (term dominates: yes)
  FAIL L2 distorted q16  scheme=0 a=1     chain differing=528  maxAbs=0.0196     maxRel=37.3       scale=36.17
  FAIL L2 distorted q16  scheme=0 a=0.7   chain differing=528  maxAbs=0.0196     maxRel=37.3       scale=36.17
  FAIL L2 distorted q16  scheme=3 a=1     chain differing=528  maxAbs=0.0196     maxRel=37.3       scale=36.17
  FAIL L2 distorted q16  scheme=3 a=0.7   chain differing=528  maxAbs=0.0196     maxRel=37.3       scale=36.17
       [warped 3d 3 faces=108 axisAligned=0 general=54 resident=39768 B]
  FAIL L1 warped 3d 3    all-five  zero        uniform     uniform     rho=1.2    a=1     linear[d=18] corr[d=0] rc[d=18] maxAbs=0.0333     scaleL=0.2        scaleC=8.299e-14 
  FAIL L1 warped 3d 3    all-five  zero        uniform     uniform     rho=1.2    a=0.7   linear[d=18] corr[d=0] rc[d=18] maxAbs=0.0333     scaleL=0.2        scaleC=1.186e-13 
  FAIL L1 warped 3d 3    all-five  zero        uniform     uniform     rho=1.2    a=0.3   linear[d=18] corr[d=0] rc[d=18] maxAbs=0.0333     scaleL=0.2        scaleC=2.766e-13 
  FAIL L1 warped 3d 3    all-five  zero        uniform     uniform     rho=998.2  a=1     linear[d=18] corr[d=0] rc[d=18] maxAbs=166        scaleL=166.4      scaleC=6.904e-11 
  FAIL L1 warped 3d 3    all-five  zero        uniform     uniform     rho=998.2  a=0.7   linear[d=18] corr[d=0] rc[d=18] maxAbs=166        scaleL=166.4      scaleC=9.862e-11 
  FAIL L1 warped 3d 3    all-five  zero        uniform     uniform     rho=998.2  a=0.3   linear[d=18] corr[d=0] rc[d=18] maxAbs=166        scaleL=166.4      scaleC=2.301e-10 
  FAIL L1 warped 3d 3    all-five  zero        uniform     nonuniform  rho=1.2    a=1     linear[d=18] corr[d=0] rc[d=18] maxAbs=0.0333     scaleL=0.2        scaleC=1.182e-13 
  FAIL L1 warped 3d 3    all-five  zero        uniform     nonuniform  rho=1.2    a=0.7   linear[d=18] corr[d=0] rc[d=18] maxAbs=0.0333     scaleL=0.2        scaleC=1.688e-13 
  FAIL L1 warped 3d 3    all-five  zero        uniform     nonuniform  rho=1.2    a=0.3   linear[d=18] corr[d=0] rc[d=18] maxAbs=0.0333     scaleL=0.2        scaleC=3.94e-13  
  FAIL L1 warped 3d 3    all-five  zero        uniform     nonuniform  rho=998.2  a=1     linear[d=18] corr[d=0] rc[d=18] maxAbs=166        scaleL=166.4      scaleC=9.832e-11 
  FAIL L1 warped 3d 3    all-five  zero        uniform     nonuniform  rho=998.2  a=0.7   linear[d=18] corr[d=0] rc[d=18] maxAbs=166        scaleL=166.4      scaleC=1.405e-10 
  FAIL L1 warped 3d 3    all-five  zero        uniform     nonuniform  rho=998.2  a=0.3   linear[d=18] corr[d=0] rc[d=18] maxAbs=166        scaleL=166.4      scaleC=3.277e-10 
  FAIL L1 warped 3d 3    all-five  zero        linear      uniform     rho=1.2    a=1     linear[d=18] corr[d=0] rc[d=18] maxAbs=0.0333     scaleL=0.2        scaleC=1.361     
  FAIL L1 warped 3d 3    all-five  zero        linear      uniform     rho=1.2    a=0.7   linear[d=18] corr[d=0] rc[d=18] maxAbs=0.0333     scaleL=0.2        scaleC=1.945     
  FAIL L1 warped 3d 3    all-five  zero        linear      uniform     rho=1.2    a=0.3   linear[d=18] corr[d=0] rc[d=18] maxAbs=0.0333     scaleL=0.2        scaleC=4.537     
  FAIL L1 warped 3d 3    all-five  zero        linear      uniform     rho=998.2  a=1     linear[d=18] corr[d=0] rc[d=18] maxAbs=166        scaleL=166.4      scaleC=1132      
  FAIL L1 warped 3d 3    all-five  zero        linear      uniform     rho=998.2  a=0.7   linear[d=18] corr[d=0] rc[d=18] maxAbs=166        scaleL=166.4      scaleC=1618      
  FAIL L1 warped 3d 3    all-five  zero        linear      uniform     rho=998.2  a=0.3   linear[d=18] corr[d=0] rc[d=18] maxAbs=166        scaleL=166.4      scaleC=3774      
  FAIL L1 warped 3d 3    all-five  zero        linear      nonuniform  rho=1.2    a=1     linear[d=18] corr[d=0] rc[d=18] maxAbs=0.0333     scaleL=0.2        scaleC=2.373     
  FAIL L1 warped 3d 3    all-five  zero        linear      nonuniform  rho=1.2    a=0.7   linear[d=18] corr[d=0] rc[d=18] maxAbs=0.0333     scaleL=0.2        scaleC=3.39      
  FAIL L1 warped 3d 3    all-five  zero        linear      nonuniform  rho=1.2    a=0.3   linear[d=18] corr[d=0] rc[d=18] maxAbs=0.0333     scaleL=0.2        scaleC=7.91      
  FAIL L1 warped 3d 3    all-five  zero        linear      nonuniform  rho=998.2  a=1     linear[d=18] corr[d=0] rc[d=18] maxAbs=166        scaleL=166.4      scaleC=1974      
  FAIL L1 warped 3d 3    all-five  zero        linear      nonuniform  rho=998.2  a=0.7   linear[d=18] corr[d=0] rc[d=18] maxAbs=166        scaleL=166.4      scaleC=2820      
  FAIL L1 warped 3d 3    all-five  zero        linear      nonuniform  rho=998.2  a=0.3   linear[d=18] corr[d=0] rc[d=18] maxAbs=166        scaleL=166.4      scaleC=6580      
  FAIL L1 warped 3d 3    all-five  zero        nonuniform  uniform     rho=1.2    a=1     linear[d=18] corr[d=0] rc[d=18] maxAbs=0.0333     scaleL=0.2        scaleC=4.189     
  FAIL L1 warped 3d 3    all-five  zero        nonuniform  uniform     rho=1.2    a=0.7   linear[d=18] corr[d=0] rc[d=18] maxAbs=0.0333     scaleL=0.2        scaleC=5.985     
  FAIL L1 warped 3d 3    all-five  zero        nonuniform  uniform     rho=1.2    a=0.3   linear[d=18] corr[d=0] rc[d=18] maxAbs=0.0333     scaleL=0.2        scaleC=13.96     
  FAIL L1 warped 3d 3    all-five  zero        nonuniform  uniform     rho=998.2  a=1     linear[d=18] corr[d=0] rc[d=18] maxAbs=166        scaleL=166.4      scaleC=3485      
  FAIL L1 warped 3d 3    all-five  zero        nonuniform  uniform     rho=998.2  a=0.7   linear[d=18] corr[d=0] rc[d=18] maxAbs=166        scaleL=166.4      scaleC=4978      
  FAIL L1 warped 3d 3    all-five  zero        nonuniform  uniform     rho=998.2  a=0.3   linear[d=18] corr[d=0] rc[d=18] maxAbs=166        scaleL=166.4      scaleC=1.162e+04 
  FAIL L1 warped 3d 3    all-five  zero        nonuniform  nonuniform  rho=1.2    a=1     linear[d=18] corr[d=0] rc[d=18] maxAbs=0.0333     scaleL=0.2        scaleC=5.26      
  FAIL L1 warped 3d 3    all-five  zero        nonuniform  nonuniform  rho=1.2    a=0.7   linear[d=18] corr[d=0] rc[d=18] maxAbs=0.0333     scaleL=0.2        scaleC=7.514     
  FAIL L1 warped 3d 3    all-five  zero        nonuniform  nonuniform  rho=1.2    a=0.3   linear[d=18] corr[d=0] rc[d=18] maxAbs=0.0333     scaleL=0.2        scaleC=17.53     
  FAIL L1 warped 3d 3    all-five  zero        nonuniform  nonuniform  rho=998.2  a=1     linear[d=18] corr[d=0] rc[d=18] maxAbs=166        scaleL=166.4      scaleC=4375      
  FAIL L1 warped 3d 3    all-five  zero        nonuniform  nonuniform  rho=998.2  a=0.7   linear[d=18] corr[d=0] rc[d=18] maxAbs=166        scaleL=166.4      scaleC=6250      
  FAIL L1 warped 3d 3    all-five  zero        nonuniform  nonuniform  rho=998.2  a=0.3   linear[d=18] corr[d=0] rc[d=18] maxAbs=166        scaleL=166.4      scaleC=1.458e+04 
  FAIL L1 warped 3d 3    wall      uniform     uniform     uniform     rho=1.2    a=1     linear[d=54] corr[d=0] rc[d=54] maxAbs=0.0308     scaleL=0.1845     scaleC=8.299e-14 
  FAIL L1 warped 3d 3    all-five  uniform     uniform     uniform     rho=1.2    a=1     linear[d=81] corr[d=0] rc[d=81] maxAbs=0.0333     scaleL=0.2        scaleC=8.299e-14 
  FAIL L1 warped 3d 3    wall      uniform     uniform     uniform     rho=1.2    a=0.7   linear[d=54] corr[d=0] rc[d=54] maxAbs=0.0308     scaleL=0.1845     scaleC=1.186e-13 
  FAIL L1 warped 3d 3    all-five  uniform     uniform     uniform     rho=1.2    a=0.7   linear[d=81] corr[d=0] rc[d=81] maxAbs=0.0333     scaleL=0.2        scaleC=1.186e-13 
  FAIL L1 warped 3d 3    wall      uniform     uniform     uniform     rho=1.2    a=0.3   linear[d=54] corr[d=0] rc[d=54] maxAbs=0.0308     scaleL=0.1845     scaleC=2.766e-13 
  FAIL L1 warped 3d 3    all-five  uniform     uniform     uniform     rho=1.2    a=0.3   linear[d=81] corr[d=0] rc[d=81] maxAbs=0.0333     scaleL=0.2        scaleC=2.766e-13 
  FAIL L1 warped 3d 3    wall      uniform     uniform     uniform     rho=998.2  a=1     linear[d=54] corr[d=0] rc[d=54] maxAbs=153        scaleL=153.5      scaleC=6.904e-11 
  FAIL L1 warped 3d 3    all-five  uniform     uniform     uniform     rho=998.2  a=1     linear[d=81] corr[d=0] rc[d=81] maxAbs=166        scaleL=166.4      scaleC=6.904e-11 
  FAIL L1 warped 3d 3    wall      uniform     uniform     uniform     rho=998.2  a=0.7   linear[d=54] corr[d=0] rc[d=54] maxAbs=153        scaleL=153.5      scaleC=9.862e-11 
  FAIL L1 warped 3d 3    all-five  uniform     uniform     uniform     rho=998.2  a=0.7   linear[d=81] corr[d=0] rc[d=81] maxAbs=166        scaleL=166.4      scaleC=9.862e-11 
  FAIL L1 warped 3d 3    wall      uniform     uniform     uniform     rho=998.2  a=0.3   linear[d=54] corr[d=0] rc[d=54] maxAbs=153        scaleL=153.5      scaleC=2.301e-10 
  FAIL L1 warped 3d 3    all-five  uniform     uniform     uniform     rho=998.2  a=0.3   linear[d=81] corr[d=0] rc[d=81] maxAbs=166        scaleL=166.4      scaleC=2.301e-10 
  FAIL L1 warped 3d 3    wall      uniform     uniform     nonuniform  rho=1.2    a=1     linear[d=54] corr[d=0] rc[d=54] maxAbs=0.0308     scaleL=0.1845     scaleC=1.182e-13 
  FAIL L1 warped 3d 3    all-five  uniform     uniform     nonuniform  rho=1.2    a=1     linear[d=81] corr[d=0] rc[d=81] maxAbs=0.0333     scaleL=0.2        scaleC=1.182e-13 
  FAIL L1 warped 3d 3    wall      uniform     uniform     nonuniform  rho=1.2    a=0.7   linear[d=54] corr[d=0] rc[d=54] maxAbs=0.0308     scaleL=0.1845     scaleC=1.688e-13 
  FAIL L1 warped 3d 3    all-five  uniform     uniform     nonuniform  rho=1.2    a=0.7   linear[d=81] corr[d=0] rc[d=81] maxAbs=0.0333     scaleL=0.2        scaleC=1.688e-13 
  FAIL L1 warped 3d 3    wall      uniform     uniform     nonuniform  rho=1.2    a=0.3   linear[d=54] corr[d=0] rc[d=54] maxAbs=0.0308     scaleL=0.1845     scaleC=3.94e-13  
  FAIL L1 warped 3d 3    all-five  uniform     uniform     nonuniform  rho=1.2    a=0.3   linear[d=81] corr[d=0] rc[d=81] maxAbs=0.0333     scaleL=0.2        scaleC=3.94e-13  
  FAIL L1 warped 3d 3    wall      uniform     uniform     nonuniform  rho=998.2  a=1     linear[d=54] corr[d=0] rc[d=54] maxAbs=153        scaleL=153.5      scaleC=9.832e-11 
  FAIL L1 warped 3d 3    all-five  uniform     uniform     nonuniform  rho=998.2  a=1     linear[d=81] corr[d=0] rc[d=81] maxAbs=166        scaleL=166.4      scaleC=9.832e-11 
  FAIL L1 warped 3d 3    wall      uniform     uniform     nonuniform  rho=998.2  a=0.7   linear[d=54] corr[d=0] rc[d=54] maxAbs=153        scaleL=153.5      scaleC=1.405e-10 
  FAIL L1 warped 3d 3    all-five  uniform     uniform     nonuniform  rho=998.2  a=0.7   linear[d=81] corr[d=0] rc[d=81] maxAbs=166        scaleL=166.4      scaleC=1.405e-10 
  FAIL L1 warped 3d 3    wall      uniform     uniform     nonuniform  rho=998.2  a=0.3   linear[d=54] corr[d=0] rc[d=54] maxAbs=153        scaleL=153.5      scaleC=3.277e-10 
  FAIL L1 warped 3d 3    all-five  uniform     uniform     nonuniform  rho=998.2  a=0.3   linear[d=81] corr[d=0] rc[d=81] maxAbs=166        scaleL=166.4      scaleC=3.277e-10 
  FAIL L1 warped 3d 3    wall      uniform     linear      uniform     rho=1.2    a=1     linear[d=54] corr[d=0] rc[d=54] maxAbs=0.0308     scaleL=0.1845     scaleC=1.361     
  FAIL L1 warped 3d 3    all-five  uniform     linear      uniform     rho=1.2    a=1     linear[d=81] corr[d=0] rc[d=81] maxAbs=0.0333     scaleL=0.2        scaleC=1.361     
  FAIL L1 warped 3d 3    wall      uniform     linear      uniform     rho=1.2    a=0.7   linear[d=54] corr[d=0] rc[d=54] maxAbs=0.0308     scaleL=0.1845     scaleC=1.945     
  FAIL L1 warped 3d 3    all-five  uniform     linear      uniform     rho=1.2    a=0.7   linear[d=81] corr[d=0] rc[d=81] maxAbs=0.0333     scaleL=0.2        scaleC=1.945     
  FAIL L1 warped 3d 3    wall      uniform     linear      uniform     rho=1.2    a=0.3   linear[d=54] corr[d=0] rc[d=54] maxAbs=0.0308     scaleL=0.1845     scaleC=4.537     
  FAIL L1 warped 3d 3    all-five  uniform     linear      uniform     rho=1.2    a=0.3   linear[d=81] corr[d=0] rc[d=81] maxAbs=0.0333     scaleL=0.2        scaleC=4.537     
  FAIL L1 warped 3d 3    wall      uniform     linear      uniform     rho=998.2  a=1     linear[d=54] corr[d=0] rc[d=54] maxAbs=153        scaleL=153.5      scaleC=1132      
  FAIL L1 warped 3d 3    all-five  uniform     linear      uniform     rho=998.2  a=1     linear[d=81] corr[d=0] rc[d=81] maxAbs=166        scaleL=166.4      scaleC=1132      
  FAIL L1 warped 3d 3    wall      uniform     linear      uniform     rho=998.2  a=0.7   linear[d=54] corr[d=0] rc[d=54] maxAbs=153        scaleL=153.5      scaleC=1618      
  FAIL L1 warped 3d 3    all-five  uniform     linear      uniform     rho=998.2  a=0.7   linear[d=81] corr[d=0] rc[d=81] maxAbs=166        scaleL=166.4      scaleC=1618      
  FAIL L1 warped 3d 3    wall      uniform     linear      uniform     rho=998.2  a=0.3   linear[d=54] corr[d=0] rc[d=54] maxAbs=153        scaleL=153.5      scaleC=3774      
  FAIL L1 warped 3d 3    all-five  uniform     linear      uniform     rho=998.2  a=0.3   linear[d=81] corr[d=0] rc[d=81] maxAbs=166        scaleL=166.4      scaleC=3774      
  FAIL L1 warped 3d 3    wall      uniform     linear      nonuniform  rho=1.2    a=1     linear[d=54] corr[d=0] rc[d=54] maxAbs=0.0308     scaleL=0.1845     scaleC=2.373     
  FAIL L1 warped 3d 3    all-five  uniform     linear      nonuniform  rho=1.2    a=1     linear[d=81] corr[d=0] rc[d=81] maxAbs=0.0333     scaleL=0.2        scaleC=2.373     
  FAIL L1 warped 3d 3    wall      uniform     linear      nonuniform  rho=1.2    a=0.7   linear[d=54] corr[d=0] rc[d=54] maxAbs=0.0308     scaleL=0.1845     scaleC=3.39      
  FAIL L1 warped 3d 3    all-five  uniform     linear      nonuniform  rho=1.2    a=0.7   linear[d=81] corr[d=0] rc[d=81] maxAbs=0.0333     scaleL=0.2        scaleC=3.39      
  FAIL L1 warped 3d 3    wall      uniform     linear      nonuniform  rho=1.2    a=0.3   linear[d=54] corr[d=0] rc[d=54] maxAbs=0.0308     scaleL=0.1845     scaleC=7.91      
  FAIL L1 warped 3d 3    all-five  uniform     linear      nonuniform  rho=1.2    a=0.3   linear[d=81] corr[d=0] rc[d=81] maxAbs=0.0333     scaleL=0.2        scaleC=7.91      
  FAIL L1 warped 3d 3    wall      uniform     linear      nonuniform  rho=998.2  a=1     linear[d=54] corr[d=0] rc[d=54] maxAbs=153        scaleL=153.5      scaleC=1974      
  FAIL L1 warped 3d 3    all-five  uniform     linear      nonuniform  rho=998.2  a=1     linear[d=81] corr[d=0] rc[d=81] maxAbs=166        scaleL=166.4      scaleC=1974      
  FAIL L1 warped 3d 3    wall      uniform     linear      nonuniform  rho=998.2  a=0.7   linear[d=54] corr[d=0] rc[d=54] maxAbs=153        scaleL=153.5      scaleC=2820      
  FAIL L1 warped 3d 3    all-five  uniform     linear      nonuniform  rho=998.2  a=0.7   linear[d=81] corr[d=0] rc[d=81] maxAbs=166        scaleL=166.4      scaleC=2820      
  FAIL L1 warped 3d 3    wall      uniform     linear      nonuniform  rho=998.2  a=0.3   linear[d=54] corr[d=0] rc[d=54] maxAbs=153        scaleL=153.5      scaleC=6580      
  FAIL L1 warped 3d 3    all-five  uniform     linear      nonuniform  rho=998.2  a=0.3   linear[d=81] corr[d=0] rc[d=81] maxAbs=166        scaleL=166.4      scaleC=6580      
  FAIL L1 warped 3d 3    wall      uniform     nonuniform  uniform     rho=1.2    a=1     linear[d=54] corr[d=0] rc[d=54] maxAbs=0.0308     scaleL=0.1845     scaleC=4.189     
  FAIL L1 warped 3d 3    all-five  uniform     nonuniform  uniform     rho=1.2    a=1     linear[d=81] corr[d=0] rc[d=81] maxAbs=0.0333     scaleL=0.2        scaleC=4.189     
  FAIL L1 warped 3d 3    wall      uniform     nonuniform  uniform     rho=1.2    a=0.7   linear[d=54] corr[d=0] rc[d=54] maxAbs=0.0308     scaleL=0.1845     scaleC=5.985     
  FAIL L1 warped 3d 3    all-five  uniform     nonuniform  uniform     rho=1.2    a=0.7   linear[d=81] corr[d=0] rc[d=81] maxAbs=0.0333     scaleL=0.2        scaleC=5.985     
  FAIL L1 warped 3d 3    wall      uniform     nonuniform  uniform     rho=1.2    a=0.3   linear[d=54] corr[d=0] rc[d=54] maxAbs=0.0308     scaleL=0.1845     scaleC=13.96     
  FAIL L1 warped 3d 3    all-five  uniform     nonuniform  uniform     rho=1.2    a=0.3   linear[d=81] corr[d=0] rc[d=81] maxAbs=0.0333     scaleL=0.2        scaleC=13.96     
  FAIL L1 warped 3d 3    wall      uniform     nonuniform  uniform     rho=998.2  a=1     linear[d=54] corr[d=0] rc[d=54] maxAbs=153        scaleL=153.5      scaleC=3485      
  FAIL L1 warped 3d 3    all-five  uniform     nonuniform  uniform     rho=998.2  a=1     linear[d=81] corr[d=0] rc[d=81] maxAbs=166        scaleL=166.4      scaleC=3485      
  FAIL L1 warped 3d 3    wall      uniform     nonuniform  uniform     rho=998.2  a=0.7   linear[d=54] corr[d=0] rc[d=54] maxAbs=153        scaleL=153.5      scaleC=4978      
  FAIL L1 warped 3d 3    all-five  uniform     nonuniform  uniform     rho=998.2  a=0.7   linear[d=81] corr[d=0] rc[d=81] maxAbs=166        scaleL=166.4      scaleC=4978      
  FAIL L1 warped 3d 3    wall      uniform     nonuniform  uniform     rho=998.2  a=0.3   linear[d=54] corr[d=0] rc[d=54] maxAbs=153        scaleL=153.5      scaleC=1.162e+04 
  FAIL L1 warped 3d 3    all-five  uniform     nonuniform  uniform     rho=998.2  a=0.3   linear[d=81] corr[d=0] rc[d=81] maxAbs=166        scaleL=166.4      scaleC=1.162e+04 
  FAIL L1 warped 3d 3    wall      uniform     nonuniform  nonuniform  rho=1.2    a=1     linear[d=54] corr[d=0] rc[d=54] maxAbs=0.0308     scaleL=0.1845     scaleC=5.26      
  FAIL L1 warped 3d 3    all-five  uniform     nonuniform  nonuniform  rho=1.2    a=1     linear[d=81] corr[d=0] rc[d=81] maxAbs=0.0333     scaleL=0.2        scaleC=5.26      
  FAIL L1 warped 3d 3    wall      uniform     nonuniform  nonuniform  rho=1.2    a=0.7   linear[d=54] corr[d=0] rc[d=54] maxAbs=0.0308     scaleL=0.1845     scaleC=7.514     
  FAIL L1 warped 3d 3    all-five  uniform     nonuniform  nonuniform  rho=1.2    a=0.7   linear[d=81] corr[d=0] rc[d=81] maxAbs=0.0333     scaleL=0.2        scaleC=7.514     
  FAIL L1 warped 3d 3    wall      uniform     nonuniform  nonuniform  rho=1.2    a=0.3   linear[d=54] corr[d=0] rc[d=54] maxAbs=0.0308     scaleL=0.1845     scaleC=17.53     
  FAIL L1 warped 3d 3    all-five  uniform     nonuniform  nonuniform  rho=1.2    a=0.3   linear[d=81] corr[d=0] rc[d=81] maxAbs=0.0333     scaleL=0.2        scaleC=17.53     
  FAIL L1 warped 3d 3    wall      uniform     nonuniform  nonuniform  rho=998.2  a=1     linear[d=54] corr[d=0] rc[d=54] maxAbs=153        scaleL=153.5      scaleC=4375      
  FAIL L1 warped 3d 3    all-five  uniform     nonuniform  nonuniform  rho=998.2  a=1     linear[d=81] corr[d=0] rc[d=81] maxAbs=166        scaleL=166.4      scaleC=4375      
  FAIL L1 warped 3d 3    wall      uniform     nonuniform  nonuniform  rho=998.2  a=0.7   linear[d=54] corr[d=0] rc[d=54] maxAbs=153        scaleL=153.5      scaleC=6250      
  FAIL L1 warped 3d 3    all-five  uniform     nonuniform  nonuniform  rho=998.2  a=0.7   linear[d=81] corr[d=0] rc[d=81] maxAbs=166        scaleL=166.4      scaleC=6250      
  FAIL L1 warped 3d 3    wall      uniform     nonuniform  nonuniform  rho=998.2  a=0.3   linear[d=54] corr[d=0] rc[d=54] maxAbs=153        scaleL=153.5      scaleC=1.458e+04 
  FAIL L1 warped 3d 3    all-five  uniform     nonuniform  nonuniform  rho=998.2  a=0.3   linear[d=81] corr[d=0] rc[d=81] maxAbs=166        scaleL=166.4      scaleC=1.458e+04 
  FAIL L1 warped 3d 3    wall      nonuniform  uniform     uniform     rho=1.2    a=1     linear[d=54] corr[d=0] rc[d=54] maxAbs=0.0276     scaleL=0.1659     scaleC=8.299e-14 
  FAIL L1 warped 3d 3    all-five  nonuniform  uniform     uniform     rho=1.2    a=1     linear[d=81] corr[d=0] rc[d=81] maxAbs=0.0333     scaleL=0.2        scaleC=8.299e-14 
  FAIL L1 warped 3d 3    wall      nonuniform  uniform     uniform     rho=1.2    a=0.7   linear[d=54] corr[d=0] rc[d=54] maxAbs=0.0276     scaleL=0.1659     scaleC=1.186e-13 
  FAIL L1 warped 3d 3    all-five  nonuniform  uniform     uniform     rho=1.2    a=0.7   linear[d=81] corr[d=0] rc[d=81] maxAbs=0.0333     scaleL=0.2        scaleC=1.186e-13 
  FAIL L1 warped 3d 3    wall      nonuniform  uniform     uniform     rho=1.2    a=0.3   linear[d=54] corr[d=0] rc[d=54] maxAbs=0.0276     scaleL=0.1659     scaleC=2.766e-13 
  FAIL L1 warped 3d 3    all-five  nonuniform  uniform     uniform     rho=1.2    a=0.3   linear[d=81] corr[d=0] rc[d=81] maxAbs=0.0333     scaleL=0.2        scaleC=2.766e-13 
  FAIL L1 warped 3d 3    wall      nonuniform  uniform     uniform     rho=998.2  a=1     linear[d=54] corr[d=0] rc[d=54] maxAbs=138        scaleL=138        scaleC=6.904e-11 
  FAIL L1 warped 3d 3    all-five  nonuniform  uniform     uniform     rho=998.2  a=1     linear[d=81] corr[d=0] rc[d=81] maxAbs=166        scaleL=166.4      scaleC=6.904e-11 
  FAIL L1 warped 3d 3    wall      nonuniform  uniform     uniform     rho=998.2  a=0.7   linear[d=54] corr[d=0] rc[d=54] maxAbs=138        scaleL=138        scaleC=9.862e-11 
  FAIL L1 warped 3d 3    all-five  nonuniform  uniform     uniform     rho=998.2  a=0.7   linear[d=81] corr[d=0] rc[d=81] maxAbs=166        scaleL=166.4      scaleC=9.862e-11 
  FAIL L1 warped 3d 3    wall      nonuniform  uniform     uniform     rho=998.2  a=0.3   linear[d=54] corr[d=0] rc[d=54] maxAbs=138        scaleL=138        scaleC=2.301e-10 
  FAIL L1 warped 3d 3    all-five  nonuniform  uniform     uniform     rho=998.2  a=0.3   linear[d=81] corr[d=0] rc[d=81] maxAbs=166        scaleL=166.4      scaleC=2.301e-10 
  FAIL L1 warped 3d 3    wall      nonuniform  uniform     nonuniform  rho=1.2    a=1     linear[d=54] corr[d=0] rc[d=54] maxAbs=0.0276     scaleL=0.1659     scaleC=1.182e-13 
  FAIL L1 warped 3d 3    all-five  nonuniform  uniform     nonuniform  rho=1.2    a=1     linear[d=81] corr[d=0] rc[d=81] maxAbs=0.0333     scaleL=0.2        scaleC=1.182e-13 
  FAIL L1 warped 3d 3    wall      nonuniform  uniform     nonuniform  rho=1.2    a=0.7   linear[d=54] corr[d=0] rc[d=54] maxAbs=0.0276     scaleL=0.1659     scaleC=1.688e-13 
  FAIL L1 warped 3d 3    all-five  nonuniform  uniform     nonuniform  rho=1.2    a=0.7   linear[d=81] corr[d=0] rc[d=81] maxAbs=0.0333     scaleL=0.2        scaleC=1.688e-13 
  FAIL L1 warped 3d 3    wall      nonuniform  uniform     nonuniform  rho=1.2    a=0.3   linear[d=54] corr[d=0] rc[d=54] maxAbs=0.0276     scaleL=0.1659     scaleC=3.94e-13  
  FAIL L1 warped 3d 3    all-five  nonuniform  uniform     nonuniform  rho=1.2    a=0.3   linear[d=81] corr[d=0] rc[d=81] maxAbs=0.0333     scaleL=0.2        scaleC=3.94e-13  
  FAIL L1 warped 3d 3    wall      nonuniform  uniform     nonuniform  rho=998.2  a=1     linear[d=54] corr[d=0] rc[d=54] maxAbs=138        scaleL=138        scaleC=9.832e-11 
  FAIL L1 warped 3d 3    all-five  nonuniform  uniform     nonuniform  rho=998.2  a=1     linear[d=81] corr[d=0] rc[d=81] maxAbs=166        scaleL=166.4      scaleC=9.832e-11 
  FAIL L1 warped 3d 3    wall      nonuniform  uniform     nonuniform  rho=998.2  a=0.7   linear[d=54] corr[d=0] rc[d=54] maxAbs=138        scaleL=138        scaleC=1.405e-10 
  FAIL L1 warped 3d 3    all-five  nonuniform  uniform     nonuniform  rho=998.2  a=0.7   linear[d=81] corr[d=0] rc[d=81] maxAbs=166        scaleL=166.4      scaleC=1.405e-10 
  FAIL L1 warped 3d 3    wall      nonuniform  uniform     nonuniform  rho=998.2  a=0.3   linear[d=54] corr[d=0] rc[d=54] maxAbs=138        scaleL=138        scaleC=3.277e-10 
  FAIL L1 warped 3d 3    all-five  nonuniform  uniform     nonuniform  rho=998.2  a=0.3   linear[d=81] corr[d=0] rc[d=81] maxAbs=166        scaleL=166.4      scaleC=3.277e-10 
  FAIL L1 warped 3d 3    wall      nonuniform  linear      uniform     rho=1.2    a=1     linear[d=54] corr[d=0] rc[d=54] maxAbs=0.0276     scaleL=0.1659     scaleC=1.361     
  FAIL L1 warped 3d 3    all-five  nonuniform  linear      uniform     rho=1.2    a=1     linear[d=81] corr[d=0] rc[d=81] maxAbs=0.0333     scaleL=0.2        scaleC=1.361     
  FAIL L1 warped 3d 3    wall      nonuniform  linear      uniform     rho=1.2    a=0.7   linear[d=54] corr[d=0] rc[d=54] maxAbs=0.0276     scaleL=0.1659     scaleC=1.945     
  FAIL L1 warped 3d 3    all-five  nonuniform  linear      uniform     rho=1.2    a=0.7   linear[d=81] corr[d=0] rc[d=81] maxAbs=0.0333     scaleL=0.2        scaleC=1.945     
  FAIL L1 warped 3d 3    wall      nonuniform  linear      uniform     rho=1.2    a=0.3   linear[d=54] corr[d=0] rc[d=54] maxAbs=0.0276     scaleL=0.1659     scaleC=4.537     
  FAIL L1 warped 3d 3    all-five  nonuniform  linear      uniform     rho=1.2    a=0.3   linear[d=81] corr[d=0] rc[d=81] maxAbs=0.0333     scaleL=0.2        scaleC=4.537     
  FAIL L1 warped 3d 3    wall      nonuniform  linear      uniform     rho=998.2  a=1     linear[d=54] corr[d=0] rc[d=54] maxAbs=138        scaleL=138        scaleC=1132      
  FAIL L1 warped 3d 3    all-five  nonuniform  linear      uniform     rho=998.2  a=1     linear[d=81] corr[d=0] rc[d=81] maxAbs=166        scaleL=166.4      scaleC=1132      
  FAIL L1 warped 3d 3    wall      nonuniform  linear      uniform     rho=998.2  a=0.7   linear[d=54] corr[d=0] rc[d=54] maxAbs=138        scaleL=138        scaleC=1618      
  FAIL L1 warped 3d 3    all-five  nonuniform  linear      uniform     rho=998.2  a=0.7   linear[d=81] corr[d=0] rc[d=81] maxAbs=166        scaleL=166.4      scaleC=1618      
  FAIL L1 warped 3d 3    wall      nonuniform  linear      uniform     rho=998.2  a=0.3   linear[d=54] corr[d=0] rc[d=54] maxAbs=138        scaleL=138        scaleC=3774      
  FAIL L1 warped 3d 3    all-five  nonuniform  linear      uniform     rho=998.2  a=0.3   linear[d=81] corr[d=0] rc[d=81] maxAbs=166        scaleL=166.4      scaleC=3774      
  FAIL L1 warped 3d 3    wall      nonuniform  linear      nonuniform  rho=1.2    a=1     linear[d=54] corr[d=0] rc[d=54] maxAbs=0.0276     scaleL=0.1659     scaleC=2.373     
  FAIL L1 warped 3d 3    all-five  nonuniform  linear      nonuniform  rho=1.2    a=1     linear[d=81] corr[d=0] rc[d=81] maxAbs=0.0333     scaleL=0.2        scaleC=2.373     
  FAIL L1 warped 3d 3    wall      nonuniform  linear      nonuniform  rho=1.2    a=0.7   linear[d=54] corr[d=0] rc[d=54] maxAbs=0.0276     scaleL=0.1659     scaleC=3.39      
  FAIL L1 warped 3d 3    all-five  nonuniform  linear      nonuniform  rho=1.2    a=0.7   linear[d=81] corr[d=0] rc[d=81] maxAbs=0.0333     scaleL=0.2        scaleC=3.39      
  FAIL L1 warped 3d 3    wall      nonuniform  linear      nonuniform  rho=1.2    a=0.3   linear[d=54] corr[d=0] rc[d=54] maxAbs=0.0276     scaleL=0.1659     scaleC=7.91      
  FAIL L1 warped 3d 3    all-five  nonuniform  linear      nonuniform  rho=1.2    a=0.3   linear[d=81] corr[d=0] rc[d=81] maxAbs=0.0333     scaleL=0.2        scaleC=7.91      
  FAIL L1 warped 3d 3    wall      nonuniform  linear      nonuniform  rho=998.2  a=1     linear[d=54] corr[d=0] rc[d=54] maxAbs=138        scaleL=138        scaleC=1974      
  FAIL L1 warped 3d 3    all-five  nonuniform  linear      nonuniform  rho=998.2  a=1     linear[d=81] corr[d=0] rc[d=81] maxAbs=166        scaleL=166.4      scaleC=1974      
  FAIL L1 warped 3d 3    wall      nonuniform  linear      nonuniform  rho=998.2  a=0.7   linear[d=54] corr[d=0] rc[d=54] maxAbs=138        scaleL=138        scaleC=2820      
  FAIL L1 warped 3d 3    all-five  nonuniform  linear      nonuniform  rho=998.2  a=0.7   linear[d=81] corr[d=0] rc[d=81] maxAbs=166        scaleL=166.4      scaleC=2820      
  FAIL L1 warped 3d 3    wall      nonuniform  linear      nonuniform  rho=998.2  a=0.3   linear[d=54] corr[d=0] rc[d=54] maxAbs=138        scaleL=138        scaleC=6580      
  FAIL L1 warped 3d 3    all-five  nonuniform  linear      nonuniform  rho=998.2  a=0.3   linear[d=81] corr[d=0] rc[d=81] maxAbs=166        scaleL=166.4      scaleC=6580      
  FAIL L1 warped 3d 3    wall      nonuniform  nonuniform  uniform     rho=1.2    a=1     linear[d=54] corr[d=0] rc[d=54] maxAbs=0.0276     scaleL=0.1659     scaleC=4.189     
  FAIL L1 warped 3d 3    all-five  nonuniform  nonuniform  uniform     rho=1.2    a=1     linear[d=81] corr[d=0] rc[d=81] maxAbs=0.0333     scaleL=0.2        scaleC=4.189     
  FAIL L1 warped 3d 3    wall      nonuniform  nonuniform  uniform     rho=1.2    a=0.7   linear[d=54] corr[d=0] rc[d=54] maxAbs=0.0276     scaleL=0.1659     scaleC=5.985     
  FAIL L1 warped 3d 3    all-five  nonuniform  nonuniform  uniform     rho=1.2    a=0.7   linear[d=81] corr[d=0] rc[d=81] maxAbs=0.0333     scaleL=0.2        scaleC=5.985     
  FAIL L1 warped 3d 3    wall      nonuniform  nonuniform  uniform     rho=1.2    a=0.3   linear[d=54] corr[d=0] rc[d=54] maxAbs=0.0276     scaleL=0.1659     scaleC=13.96     
  FAIL L1 warped 3d 3    all-five  nonuniform  nonuniform  uniform     rho=1.2    a=0.3   linear[d=81] corr[d=0] rc[d=81] maxAbs=0.0333     scaleL=0.2        scaleC=13.96     
  FAIL L1 warped 3d 3    wall      nonuniform  nonuniform  uniform     rho=998.2  a=1     linear[d=54] corr[d=0] rc[d=54] maxAbs=138        scaleL=138        scaleC=3485      
  FAIL L1 warped 3d 3    all-five  nonuniform  nonuniform  uniform     rho=998.2  a=1     linear[d=81] corr[d=0] rc[d=81] maxAbs=166        scaleL=166.4      scaleC=3485      
  FAIL L1 warped 3d 3    wall      nonuniform  nonuniform  uniform     rho=998.2  a=0.7   linear[d=54] corr[d=0] rc[d=54] maxAbs=138        scaleL=138        scaleC=4978      
  FAIL L1 warped 3d 3    all-five  nonuniform  nonuniform  uniform     rho=998.2  a=0.7   linear[d=81] corr[d=0] rc[d=81] maxAbs=166        scaleL=166.4      scaleC=4978      
  FAIL L1 warped 3d 3    wall      nonuniform  nonuniform  uniform     rho=998.2  a=0.3   linear[d=54] corr[d=0] rc[d=54] maxAbs=138        scaleL=138        scaleC=1.162e+04 
  FAIL L1 warped 3d 3    all-five  nonuniform  nonuniform  uniform     rho=998.2  a=0.3   linear[d=81] corr[d=0] rc[d=81] maxAbs=166        scaleL=166.4      scaleC=1.162e+04 
  FAIL L1 warped 3d 3    wall      nonuniform  nonuniform  nonuniform  rho=1.2    a=1     linear[d=54] corr[d=0] rc[d=54] maxAbs=0.0276     scaleL=0.1659     scaleC=5.26      
  FAIL L1 warped 3d 3    all-five  nonuniform  nonuniform  nonuniform  rho=1.2    a=1     linear[d=81] corr[d=0] rc[d=81] maxAbs=0.0333     scaleL=0.2        scaleC=5.26      
  FAIL L1 warped 3d 3    wall      nonuniform  nonuniform  nonuniform  rho=1.2    a=0.7   linear[d=54] corr[d=0] rc[d=54] maxAbs=0.0276     scaleL=0.1659     scaleC=7.514     
  FAIL L1 warped 3d 3    all-five  nonuniform  nonuniform  nonuniform  rho=1.2    a=0.7   linear[d=81] corr[d=0] rc[d=81] maxAbs=0.0333     scaleL=0.2        scaleC=7.514     
  FAIL L1 warped 3d 3    wall      nonuniform  nonuniform  nonuniform  rho=1.2    a=0.3   linear[d=54] corr[d=0] rc[d=54] maxAbs=0.0276     scaleL=0.1659     scaleC=17.53     
  FAIL L1 warped 3d 3    all-five  nonuniform  nonuniform  nonuniform  rho=1.2    a=0.3   linear[d=81] corr[d=0] rc[d=81] maxAbs=0.0333     scaleL=0.2        scaleC=17.53     
  FAIL L1 warped 3d 3    wall      nonuniform  nonuniform  nonuniform  rho=998.2  a=1     linear[d=54] corr[d=0] rc[d=54] maxAbs=138        scaleL=138        scaleC=4375      
  FAIL L1 warped 3d 3    all-five  nonuniform  nonuniform  nonuniform  rho=998.2  a=1     linear[d=81] corr[d=0] rc[d=81] maxAbs=166        scaleL=166.4      scaleC=4375      
  FAIL L1 warped 3d 3    wall      nonuniform  nonuniform  nonuniform  rho=998.2  a=0.7   linear[d=54] corr[d=0] rc[d=54] maxAbs=138        scaleL=138        scaleC=6250      
  FAIL L1 warped 3d 3    all-five  nonuniform  nonuniform  nonuniform  rho=998.2  a=0.7   linear[d=81] corr[d=0] rc[d=81] maxAbs=166        scaleL=166.4      scaleC=6250      
  FAIL L1 warped 3d 3    wall      nonuniform  nonuniform  nonuniform  rho=998.2  a=0.3   linear[d=54] corr[d=0] rc[d=54] maxAbs=138        scaleL=138        scaleC=1.458e+04 
  FAIL L1 warped 3d 3    all-five  nonuniform  nonuniform  nonuniform  rho=998.2  a=0.3   linear[d=81] corr[d=0] rc[d=81] maxAbs=166        scaleL=166.4      scaleC=1.458e+04 
  FAIL L1 warped 3d 3    wall      reversed    uniform     uniform     rho=1.2    a=1     linear[d=54] corr[d=0] rc[d=54] maxAbs=0.0276     scaleL=0.1659     scaleC=8.299e-14 
  FAIL L1 warped 3d 3    all-five  reversed    uniform     uniform     rho=1.2    a=1     linear[d=81] corr[d=0] rc[d=81] maxAbs=0.0333     scaleL=0.2        scaleC=8.299e-14 
  FAIL L1 warped 3d 3    wall      reversed    uniform     uniform     rho=1.2    a=0.7   linear[d=54] corr[d=0] rc[d=54] maxAbs=0.0276     scaleL=0.1659     scaleC=1.186e-13 
  FAIL L1 warped 3d 3    all-five  reversed    uniform     uniform     rho=1.2    a=0.7   linear[d=81] corr[d=0] rc[d=81] maxAbs=0.0333     scaleL=0.2        scaleC=1.186e-13 
  FAIL L1 warped 3d 3    wall      reversed    uniform     uniform     rho=1.2    a=0.3   linear[d=54] corr[d=0] rc[d=54] maxAbs=0.0276     scaleL=0.1659     scaleC=2.766e-13 
  FAIL L1 warped 3d 3    all-five  reversed    uniform     uniform     rho=1.2    a=0.3   linear[d=81] corr[d=0] rc[d=81] maxAbs=0.0333     scaleL=0.2        scaleC=2.766e-13 
  FAIL L1 warped 3d 3    wall      reversed    uniform     uniform     rho=998.2  a=1     linear[d=54] corr[d=0] rc[d=54] maxAbs=138        scaleL=138        scaleC=6.904e-11 
  FAIL L1 warped 3d 3    all-five  reversed    uniform     uniform     rho=998.2  a=1     linear[d=81] corr[d=0] rc[d=81] maxAbs=166        scaleL=166.4      scaleC=6.904e-11 
  FAIL L1 warped 3d 3    wall      reversed    uniform     uniform     rho=998.2  a=0.7   linear[d=54] corr[d=0] rc[d=54] maxAbs=138        scaleL=138        scaleC=9.862e-11 
  FAIL L1 warped 3d 3    all-five  reversed    uniform     uniform     rho=998.2  a=0.7   linear[d=81] corr[d=0] rc[d=81] maxAbs=166        scaleL=166.4      scaleC=9.862e-11 
  FAIL L1 warped 3d 3    wall      reversed    uniform     uniform     rho=998.2  a=0.3   linear[d=54] corr[d=0] rc[d=54] maxAbs=138        scaleL=138        scaleC=2.301e-10 
  FAIL L1 warped 3d 3    all-five  reversed    uniform     uniform     rho=998.2  a=0.3   linear[d=81] corr[d=0] rc[d=81] maxAbs=166        scaleL=166.4      scaleC=2.301e-10 
  FAIL L1 warped 3d 3    wall      reversed    uniform     nonuniform  rho=1.2    a=1     linear[d=54] corr[d=0] rc[d=54] maxAbs=0.0276     scaleL=0.1659     scaleC=1.182e-13 
  FAIL L1 warped 3d 3    all-five  reversed    uniform     nonuniform  rho=1.2    a=1     linear[d=81] corr[d=0] rc[d=81] maxAbs=0.0333     scaleL=0.2        scaleC=1.182e-13 
  FAIL L1 warped 3d 3    wall      reversed    uniform     nonuniform  rho=1.2    a=0.7   linear[d=54] corr[d=0] rc[d=54] maxAbs=0.0276     scaleL=0.1659     scaleC=1.688e-13 
  FAIL L1 warped 3d 3    all-five  reversed    uniform     nonuniform  rho=1.2    a=0.7   linear[d=81] corr[d=0] rc[d=81] maxAbs=0.0333     scaleL=0.2        scaleC=1.688e-13 
  FAIL L1 warped 3d 3    wall      reversed    uniform     nonuniform  rho=1.2    a=0.3   linear[d=54] corr[d=0] rc[d=54] maxAbs=0.0276     scaleL=0.1659     scaleC=3.94e-13  
  FAIL L1 warped 3d 3    all-five  reversed    uniform     nonuniform  rho=1.2    a=0.3   linear[d=81] corr[d=0] rc[d=81] maxAbs=0.0333     scaleL=0.2        scaleC=3.94e-13  
  FAIL L1 warped 3d 3    wall      reversed    uniform     nonuniform  rho=998.2  a=1     linear[d=54] corr[d=0] rc[d=54] maxAbs=138        scaleL=138        scaleC=9.832e-11 
  FAIL L1 warped 3d 3    all-five  reversed    uniform     nonuniform  rho=998.2  a=1     linear[d=81] corr[d=0] rc[d=81] maxAbs=166        scaleL=166.4      scaleC=9.832e-11 
  FAIL L1 warped 3d 3    wall      reversed    uniform     nonuniform  rho=998.2  a=0.7   linear[d=54] corr[d=0] rc[d=54] maxAbs=138        scaleL=138        scaleC=1.405e-10 
  FAIL L1 warped 3d 3    all-five  reversed    uniform     nonuniform  rho=998.2  a=0.7   linear[d=81] corr[d=0] rc[d=81] maxAbs=166        scaleL=166.4      scaleC=1.405e-10 
  FAIL L1 warped 3d 3    wall      reversed    uniform     nonuniform  rho=998.2  a=0.3   linear[d=54] corr[d=0] rc[d=54] maxAbs=138        scaleL=138        scaleC=3.277e-10 
  FAIL L1 warped 3d 3    all-five  reversed    uniform     nonuniform  rho=998.2  a=0.3   linear[d=81] corr[d=0] rc[d=81] maxAbs=166        scaleL=166.4      scaleC=3.277e-10 
  FAIL L1 warped 3d 3    wall      reversed    linear      uniform     rho=1.2    a=1     linear[d=54] corr[d=0] rc[d=54] maxAbs=0.0276     scaleL=0.1659     scaleC=1.361     
  FAIL L1 warped 3d 3    all-five  reversed    linear      uniform     rho=1.2    a=1     linear[d=81] corr[d=0] rc[d=81] maxAbs=0.0333     scaleL=0.2        scaleC=1.361     
  FAIL L1 warped 3d 3    wall      reversed    linear      uniform     rho=1.2    a=0.7   linear[d=54] corr[d=0] rc[d=54] maxAbs=0.0276     scaleL=0.1659     scaleC=1.945     
  FAIL L1 warped 3d 3    all-five  reversed    linear      uniform     rho=1.2    a=0.7   linear[d=81] corr[d=0] rc[d=81] maxAbs=0.0333     scaleL=0.2        scaleC=1.945     
  FAIL L1 warped 3d 3    wall      reversed    linear      uniform     rho=1.2    a=0.3   linear[d=54] corr[d=0] rc[d=54] maxAbs=0.0276     scaleL=0.1659     scaleC=4.537     
  FAIL L1 warped 3d 3    all-five  reversed    linear      uniform     rho=1.2    a=0.3   linear[d=81] corr[d=0] rc[d=81] maxAbs=0.0333     scaleL=0.2        scaleC=4.537     
  FAIL L1 warped 3d 3    wall      reversed    linear      uniform     rho=998.2  a=1     linear[d=54] corr[d=0] rc[d=54] maxAbs=138        scaleL=138        scaleC=1132      
  FAIL L1 warped 3d 3    all-five  reversed    linear      uniform     rho=998.2  a=1     linear[d=81] corr[d=0] rc[d=81] maxAbs=166        scaleL=166.4      scaleC=1132      
  FAIL L1 warped 3d 3    wall      reversed    linear      uniform     rho=998.2  a=0.7   linear[d=54] corr[d=0] rc[d=54] maxAbs=138        scaleL=138        scaleC=1618      
  FAIL L1 warped 3d 3    all-five  reversed    linear      uniform     rho=998.2  a=0.7   linear[d=81] corr[d=0] rc[d=81] maxAbs=166        scaleL=166.4      scaleC=1618      
  FAIL L1 warped 3d 3    wall      reversed    linear      uniform     rho=998.2  a=0.3   linear[d=54] corr[d=0] rc[d=54] maxAbs=138        scaleL=138        scaleC=3774      
  FAIL L1 warped 3d 3    all-five  reversed    linear      uniform     rho=998.2  a=0.3   linear[d=81] corr[d=0] rc[d=81] maxAbs=166        scaleL=166.4      scaleC=3774      
  FAIL L1 warped 3d 3    wall      reversed    linear      nonuniform  rho=1.2    a=1     linear[d=54] corr[d=0] rc[d=54] maxAbs=0.0276     scaleL=0.1659     scaleC=2.373     
  FAIL L1 warped 3d 3    all-five  reversed    linear      nonuniform  rho=1.2    a=1     linear[d=81] corr[d=0] rc[d=81] maxAbs=0.0333     scaleL=0.2        scaleC=2.373     
  FAIL L1 warped 3d 3    wall      reversed    linear      nonuniform  rho=1.2    a=0.7   linear[d=54] corr[d=0] rc[d=54] maxAbs=0.0276     scaleL=0.1659     scaleC=3.39      
  FAIL L1 warped 3d 3    all-five  reversed    linear      nonuniform  rho=1.2    a=0.7   linear[d=81] corr[d=0] rc[d=81] maxAbs=0.0333     scaleL=0.2        scaleC=3.39      
  FAIL L1 warped 3d 3    wall      reversed    linear      nonuniform  rho=1.2    a=0.3   linear[d=54] corr[d=0] rc[d=54] maxAbs=0.0276     scaleL=0.1659     scaleC=7.91      
  FAIL L1 warped 3d 3    all-five  reversed    linear      nonuniform  rho=1.2    a=0.3   linear[d=81] corr[d=0] rc[d=81] maxAbs=0.0333     scaleL=0.2        scaleC=7.91      
  FAIL L1 warped 3d 3    wall      reversed    linear      nonuniform  rho=998.2  a=1     linear[d=54] corr[d=0] rc[d=54] maxAbs=138        scaleL=138        scaleC=1974      
  FAIL L1 warped 3d 3    all-five  reversed    linear      nonuniform  rho=998.2  a=1     linear[d=81] corr[d=0] rc[d=81] maxAbs=166        scaleL=166.4      scaleC=1974      
  FAIL L1 warped 3d 3    wall      reversed    linear      nonuniform  rho=998.2  a=0.7   linear[d=54] corr[d=0] rc[d=54] maxAbs=138        scaleL=138        scaleC=2820      
  FAIL L1 warped 3d 3    all-five  reversed    linear      nonuniform  rho=998.2  a=0.7   linear[d=81] corr[d=0] rc[d=81] maxAbs=166        scaleL=166.4      scaleC=2820      
  FAIL L1 warped 3d 3    wall      reversed    linear      nonuniform  rho=998.2  a=0.3   linear[d=54] corr[d=0] rc[d=54] maxAbs=138        scaleL=138        scaleC=6580      
  FAIL L1 warped 3d 3    all-five  reversed    linear      nonuniform  rho=998.2  a=0.3   linear[d=81] corr[d=0] rc[d=81] maxAbs=166        scaleL=166.4      scaleC=6580      
  FAIL L1 warped 3d 3    wall      reversed    nonuniform  uniform     rho=1.2    a=1     linear[d=54] corr[d=0] rc[d=54] maxAbs=0.0276     scaleL=0.1659     scaleC=4.189     
  FAIL L1 warped 3d 3    all-five  reversed    nonuniform  uniform     rho=1.2    a=1     linear[d=81] corr[d=0] rc[d=81] maxAbs=0.0333     scaleL=0.2        scaleC=4.189     
  FAIL L1 warped 3d 3    wall      reversed    nonuniform  uniform     rho=1.2    a=0.7   linear[d=54] corr[d=0] rc[d=54] maxAbs=0.0276     scaleL=0.1659     scaleC=5.985     
  FAIL L1 warped 3d 3    all-five  reversed    nonuniform  uniform     rho=1.2    a=0.7   linear[d=81] corr[d=0] rc[d=81] maxAbs=0.0333     scaleL=0.2        scaleC=5.985     
  FAIL L1 warped 3d 3    wall      reversed    nonuniform  uniform     rho=1.2    a=0.3   linear[d=54] corr[d=0] rc[d=54] maxAbs=0.0276     scaleL=0.1659     scaleC=13.96     
  FAIL L1 warped 3d 3    all-five  reversed    nonuniform  uniform     rho=1.2    a=0.3   linear[d=81] corr[d=0] rc[d=81] maxAbs=0.0333     scaleL=0.2        scaleC=13.96     
  FAIL L1 warped 3d 3    wall      reversed    nonuniform  uniform     rho=998.2  a=1     linear[d=54] corr[d=0] rc[d=54] maxAbs=138        scaleL=138        scaleC=3485      
  FAIL L1 warped 3d 3    all-five  reversed    nonuniform  uniform     rho=998.2  a=1     linear[d=81] corr[d=0] rc[d=81] maxAbs=166        scaleL=166.4      scaleC=3485      
  FAIL L1 warped 3d 3    wall      reversed    nonuniform  uniform     rho=998.2  a=0.7   linear[d=54] corr[d=0] rc[d=54] maxAbs=138        scaleL=138        scaleC=4978      
  FAIL L1 warped 3d 3    all-five  reversed    nonuniform  uniform     rho=998.2  a=0.7   linear[d=81] corr[d=0] rc[d=81] maxAbs=166        scaleL=166.4      scaleC=4978      
  FAIL L1 warped 3d 3    wall      reversed    nonuniform  uniform     rho=998.2  a=0.3   linear[d=54] corr[d=0] rc[d=54] maxAbs=138        scaleL=138        scaleC=1.162e+04 
  FAIL L1 warped 3d 3    all-five  reversed    nonuniform  uniform     rho=998.2  a=0.3   linear[d=81] corr[d=0] rc[d=81] maxAbs=166        scaleL=166.4      scaleC=1.162e+04 
  FAIL L1 warped 3d 3    wall      reversed    nonuniform  nonuniform  rho=1.2    a=1     linear[d=54] corr[d=0] rc[d=54] maxAbs=0.0276     scaleL=0.1659     scaleC=5.26      
  FAIL L1 warped 3d 3    all-five  reversed    nonuniform  nonuniform  rho=1.2    a=1     linear[d=81] corr[d=0] rc[d=81] maxAbs=0.0333     scaleL=0.2        scaleC=5.26      
  FAIL L1 warped 3d 3    wall      reversed    nonuniform  nonuniform  rho=1.2    a=0.7   linear[d=54] corr[d=0] rc[d=54] maxAbs=0.0276     scaleL=0.1659     scaleC=7.514     
  FAIL L1 warped 3d 3    all-five  reversed    nonuniform  nonuniform  rho=1.2    a=0.7   linear[d=81] corr[d=0] rc[d=81] maxAbs=0.0333     scaleL=0.2        scaleC=7.514     
  FAIL L1 warped 3d 3    wall      reversed    nonuniform  nonuniform  rho=1.2    a=0.3   linear[d=54] corr[d=0] rc[d=54] maxAbs=0.0276     scaleL=0.1659     scaleC=17.53     
  FAIL L1 warped 3d 3    all-five  reversed    nonuniform  nonuniform  rho=1.2    a=0.3   linear[d=81] corr[d=0] rc[d=81] maxAbs=0.0333     scaleL=0.2        scaleC=17.53     
  FAIL L1 warped 3d 3    wall      reversed    nonuniform  nonuniform  rho=998.2  a=1     linear[d=54] corr[d=0] rc[d=54] maxAbs=138        scaleL=138        scaleC=4375      
  FAIL L1 warped 3d 3    all-five  reversed    nonuniform  nonuniform  rho=998.2  a=1     linear[d=81] corr[d=0] rc[d=81] maxAbs=166        scaleL=166.4      scaleC=4375      
  FAIL L1 warped 3d 3    wall      reversed    nonuniform  nonuniform  rho=998.2  a=0.7   linear[d=54] corr[d=0] rc[d=54] maxAbs=138        scaleL=138        scaleC=6250      
  FAIL L1 warped 3d 3    all-five  reversed    nonuniform  nonuniform  rho=998.2  a=0.7   linear[d=81] corr[d=0] rc[d=81] maxAbs=166        scaleL=166.4      scaleC=6250      
  FAIL L1 warped 3d 3    wall      reversed    nonuniform  nonuniform  rho=998.2  a=0.3   linear[d=54] corr[d=0] rc[d=54] maxAbs=138        scaleL=138        scaleC=1.458e+04 
  FAIL L1 warped 3d 3    all-five  reversed    nonuniform  nonuniform  rho=998.2  a=0.3   linear[d=81] corr[d=0] rc[d=81] maxAbs=166        scaleL=166.4      scaleC=1.458e+04 
  PASS L3 warped 3d 3    invariants: onePerFace=yes interiorFaces=54 pairwiseExact=yes reversalChanged=yes  [diagnostic: signed sum -1.21e-15 of |.|=185.8]
  FAIL L4 warped 3d 3    checkerboard: differing=81  |RhieChow term|max=59.17 vs |linear flux|max=0.2 (term dominates: yes)
  FAIL L2 warped 3d 3    scheme=0 a=1     chain differing=81   maxAbs=0.0333     maxRel=4.01       scale=270
  FAIL L2 warped 3d 3    scheme=0 a=0.7   chain differing=81   maxAbs=0.0333     maxRel=4.01       scale=270
  FAIL L2 warped 3d 3    scheme=3 a=1     chain differing=81   maxAbs=0.0333     maxRel=4.01       scale=270
  FAIL L2 warped 3d 3    scheme=3 a=0.7   chain differing=81   maxAbs=0.0333     maxRel=4.01       scale=270

=== coverage ===
  Linear-path cases                 864
  Rhie-Chow-path cases              864
  correction-only cases             864
  2D / 3D direct cases              432 / 432
  integrated chain cases            8
  meshes with axis-aligned coupling 0
  meshes with general coupling      2
  densities / relaxation factors    3 / 3
  orientation / conservation checks 2 / 2
  checkerboard-sensitive cases      2
  values compared                   848252
  bitwise-identical values          594719
  max absolute discrepancy          166
  max relative discrepancy          7.25e+03

cases=876 failures=514
FACE FLUX EQUIVALENCE: FAIL
