========= COMPUTE-SANITIZER
=== GPU-DISC-001C: CUDA implicit diffusion vs CPU reference (bitwise) ===
CPU reference: turbulence::assembleScalarDiffusionContribution

       [distorted q16 cells=256 higherOrderBoundaryFaces=64 correctableInternal=480 resident=262424 B]
  PASS distorted q16      dirichlet constant      uniform  corr=off nnz=1216    diag[d=0,abs=0,scale=5.667] off[d=0,abs=0] rhs[d=0,abs=0,scale=7.359]
  PASS distorted q16      neumann   constant      uniform  corr=off nnz=1216    diag[d=0,abs=0,scale=4.242] off[d=0,abs=0] rhs[d=0,abs=0,scale=9.329]
  PASS distorted q16      mixed     constant      uniform  corr=off nnz=1216    diag[d=0,abs=0,scale=5.537] off[d=0,abs=0] rhs[d=0,abs=0,scale=8.89]
  PASS distorted q16      dirichlet constant      uniform  corr=on  nnz=1216    diag[d=0,abs=0,scale=5.669] off[d=0,abs=0] rhs[d=0,abs=0,scale=7.24]
  PASS distorted q16      neumann   constant      uniform  corr=on  nnz=1216    diag[d=0,abs=0,scale=4.244] off[d=0,abs=0] rhs[d=0,abs=0,scale=9.328]
  PASS distorted q16      mixed     constant      uniform  corr=on  nnz=1216    diag[d=0,abs=0,scale=5.539] off[d=0,abs=0] rhs[d=0,abs=0,scale=8.89]
  PASS distorted q16      dirichlet linear        uniform  corr=off nnz=1216    diag[d=0,abs=0,scale=5.667] off[d=0,abs=0] rhs[d=0,abs=0,scale=7.253]
  PASS distorted q16      neumann   linear        uniform  corr=off nnz=1216    diag[d=0,abs=0,scale=4.242] off[d=0,abs=0] rhs[d=0,abs=0,scale=6.872]
  PASS distorted q16      mixed     linear        uniform  corr=off nnz=1216    diag[d=0,abs=0,scale=5.537] off[d=0,abs=0] rhs[d=0,abs=0,scale=7.259]
  PASS distorted q16      dirichlet linear        uniform  corr=on  nnz=1216    diag[d=0,abs=0,scale=5.669] off[d=0,abs=0] rhs[d=0,abs=0,scale=7.351]
  PASS distorted q16      neumann   linear        uniform  corr=on  nnz=1216    diag[d=0,abs=0,scale=4.244] off[d=0,abs=0] rhs[d=0,abs=0,scale=6.869]
  PASS distorted q16      mixed     linear        uniform  corr=on  nnz=1216    diag[d=0,abs=0,scale=5.539] off[d=0,abs=0] rhs[d=0,abs=0,scale=7.273]
  PASS distorted q16      dirichlet quadratic     uniform  corr=off nnz=1216    diag[d=0,abs=0,scale=5.667] off[d=0,abs=0] rhs[d=0,abs=0,scale=7.317]
  PASS distorted q16      neumann   quadratic     uniform  corr=off nnz=1216    diag[d=0,abs=0,scale=4.242] off[d=0,abs=0] rhs[d=0,abs=0,scale=6.409]
  PASS distorted q16      mixed     quadratic     uniform  corr=off nnz=1216    diag[d=0,abs=0,scale=5.537] off[d=0,abs=0] rhs[d=0,abs=0,scale=6.409]
  PASS distorted q16      dirichlet quadratic     uniform  corr=on  nnz=1216    diag[d=0,abs=0,scale=5.669] off[d=0,abs=0] rhs[d=0,abs=0,scale=7.295]
  PASS distorted q16      neumann   quadratic     uniform  corr=on  nnz=1216    diag[d=0,abs=0,scale=4.244] off[d=0,abs=0] rhs[d=0,abs=0,scale=6.413]
  PASS distorted q16      mixed     quadratic     uniform  corr=on  nnz=1216    diag[d=0,abs=0,scale=5.539] off[d=0,abs=0] rhs[d=0,abs=0,scale=6.413]
  PASS distorted q16      dirichlet manufactured  uniform  corr=off nnz=1216    diag[d=0,abs=0,scale=5.667] off[d=0,abs=0] rhs[d=0,abs=0,scale=7.203]
  PASS distorted q16      neumann   manufactured  uniform  corr=off nnz=1216    diag[d=0,abs=0,scale=4.242] off[d=0,abs=0] rhs[d=0,abs=0,scale=1.389]
  PASS distorted q16      mixed     manufactured  uniform  corr=off nnz=1216    diag[d=0,abs=0,scale=5.537] off[d=0,abs=0] rhs[d=0,abs=0,scale=5.41]
  PASS distorted q16      dirichlet manufactured  uniform  corr=on  nnz=1216    diag[d=0,abs=0,scale=5.669] off[d=0,abs=0] rhs[d=0,abs=0,scale=7.41]
  PASS distorted q16      neumann   manufactured  uniform  corr=on  nnz=1216    diag[d=0,abs=0,scale=4.244] off[d=0,abs=0] rhs[d=0,abs=0,scale=1.392]
  PASS distorted q16      mixed     manufactured  uniform  corr=on  nnz=1216    diag[d=0,abs=0,scale=5.539] off[d=0,abs=0] rhs[d=0,abs=0,scale=5.536]
  PASS distorted q16      dirichlet constant      varying  corr=off nnz=1216    diag[d=0,abs=0,scale=8.085] off[d=0,abs=0] rhs[d=0,abs=0,scale=10.78]
  PASS distorted q16      neumann   constant      varying  corr=off nnz=1216    diag[d=0,abs=0,scale=6.068] off[d=0,abs=0] rhs[d=0,abs=0,scale=13.02]
  PASS distorted q16      mixed     constant      varying  corr=off nnz=1216    diag[d=0,abs=0,scale=6.068] off[d=0,abs=0] rhs[d=0,abs=0,scale=13.02]
  PASS distorted q16      dirichlet constant      varying  corr=on  nnz=1216    diag[d=0,abs=0,scale=8.088] off[d=0,abs=0] rhs[d=0,abs=0,scale=10.61]
  PASS distorted q16      neumann   constant      varying  corr=on  nnz=1216    diag[d=0,abs=0,scale=6.071] off[d=0,abs=0] rhs[d=0,abs=0,scale=13.02]
  PASS distorted q16      mixed     constant      varying  corr=on  nnz=1216    diag[d=0,abs=0,scale=6.071] off[d=0,abs=0] rhs[d=0,abs=0,scale=13.02]
  PASS distorted q16      dirichlet linear        varying  corr=off nnz=1216    diag[d=0,abs=0,scale=8.085] off[d=0,abs=0] rhs[d=0,abs=0,scale=10.62]
  PASS distorted q16      neumann   linear        varying  corr=off nnz=1216    diag[d=0,abs=0,scale=6.068] off[d=0,abs=0] rhs[d=0,abs=0,scale=7.31]
  PASS distorted q16      mixed     linear        varying  corr=off nnz=1216    diag[d=0,abs=0,scale=6.068] off[d=0,abs=0] rhs[d=0,abs=0,scale=7.722]
  PASS distorted q16      dirichlet linear        varying  corr=on  nnz=1216    diag[d=0,abs=0,scale=8.088] off[d=0,abs=0] rhs[d=0,abs=0,scale=10.76]
  PASS distorted q16      neumann   linear        varying  corr=on  nnz=1216    diag[d=0,abs=0,scale=6.071] off[d=0,abs=0] rhs[d=0,abs=0,scale=7.307]
  PASS distorted q16      mixed     linear        varying  corr=on  nnz=1216    diag[d=0,abs=0,scale=6.071] off[d=0,abs=0] rhs[d=0,abs=0,scale=7.736]
  PASS distorted q16      dirichlet quadratic     varying  corr=off nnz=1216    diag[d=0,abs=0,scale=8.085] off[d=0,abs=0] rhs[d=0,abs=0,scale=10.72]
  PASS distorted q16      neumann   quadratic     varying  corr=off nnz=1216    diag[d=0,abs=0,scale=6.068] off[d=0,abs=0] rhs[d=0,abs=0,scale=9.386]
  PASS distorted q16      mixed     quadratic     varying  corr=off nnz=1216    diag[d=0,abs=0,scale=6.068] off[d=0,abs=0] rhs[d=0,abs=0,scale=9.386]
  PASS distorted q16      dirichlet quadratic     varying  corr=on  nnz=1216    diag[d=0,abs=0,scale=8.088] off[d=0,abs=0] rhs[d=0,abs=0,scale=10.68]
  PASS distorted q16      neumann   quadratic     varying  corr=on  nnz=1216    diag[d=0,abs=0,scale=6.071] off[d=0,abs=0] rhs[d=0,abs=0,scale=9.391]
  PASS distorted q16      mixed     quadratic     varying  corr=on  nnz=1216    diag[d=0,abs=0,scale=6.071] off[d=0,abs=0] rhs[d=0,abs=0,scale=9.391]
  PASS distorted q16      dirichlet manufactured  varying  corr=off nnz=1216    diag[d=0,abs=0,scale=8.085] off[d=0,abs=0] rhs[d=0,abs=0,scale=10.55]
  PASS distorted q16      neumann   manufactured  varying  corr=off nnz=1216    diag[d=0,abs=0,scale=6.068] off[d=0,abs=0] rhs[d=0,abs=0,scale=1.716]
  PASS distorted q16      mixed     manufactured  varying  corr=off nnz=1216    diag[d=0,abs=0,scale=6.068] off[d=0,abs=0] rhs[d=0,abs=0,scale=4.214]
  PASS distorted q16      dirichlet manufactured  varying  corr=on  nnz=1216    diag[d=0,abs=0,scale=8.088] off[d=0,abs=0] rhs[d=0,abs=0,scale=10.85]
  PASS distorted q16      neumann   manufactured  varying  corr=on  nnz=1216    diag[d=0,abs=0,scale=6.071] off[d=0,abs=0] rhs[d=0,abs=0,scale=1.715]
  PASS distorted q16      mixed     manufactured  varying  corr=on  nnz=1216    diag[d=0,abs=0,scale=6.071] off[d=0,abs=0] rhs[d=0,abs=0,scale=4.152]
       [warped 3d 6 cells=216 higherOrderBoundaryFaces=216 correctableInternal=540 resident=360312 B]
  PASS warped 3d 6        dirichlet constant      uniform  corr=off nnz=1296    diag[d=0,abs=0,scale=1.402] off[d=0,abs=0] rhs[d=0,abs=0,scale=2.332]
  PASS warped 3d 6        neumann   constant      uniform  corr=off nnz=1296    diag[d=0,abs=0,scale=1.05] off[d=0,abs=0] rhs[d=0,abs=0,scale=2.301]
  PASS warped 3d 6        mixed     constant      uniform  corr=off nnz=1296    diag[d=0,abs=0,scale=1.399] off[d=0,abs=0] rhs[d=0,abs=0,scale=2.48]
  PASS warped 3d 6        dirichlet constant      uniform  corr=on  nnz=1296    diag[d=0,abs=0,scale=1.402] off[d=0,abs=0] rhs[d=0,abs=0,scale=2.335]
  PASS warped 3d 6        neumann   constant      uniform  corr=on  nnz=1296    diag[d=0,abs=0,scale=1.05] off[d=0,abs=0] rhs[d=0,abs=0,scale=2.301]
  PASS warped 3d 6        mixed     constant      uniform  corr=on  nnz=1296    diag[d=0,abs=0,scale=1.399] off[d=0,abs=0] rhs[d=0,abs=0,scale=2.481]
  PASS warped 3d 6        dirichlet linear        uniform  corr=off nnz=1296    diag[d=0,abs=0,scale=1.402] off[d=0,abs=0] rhs[d=0,abs=0,scale=2.338]
  PASS warped 3d 6        neumann   linear        uniform  corr=off nnz=1296    diag[d=0,abs=0,scale=1.05] off[d=0,abs=0] rhs[d=0,abs=0,scale=2.024]
  PASS warped 3d 6        mixed     linear        uniform  corr=off nnz=1296    diag[d=0,abs=0,scale=1.399] off[d=0,abs=0] rhs[d=0,abs=0,scale=2.103]
  PASS warped 3d 6        dirichlet linear        uniform  corr=on  nnz=1296    diag[d=0,abs=0,scale=1.402] off[d=0,abs=0] rhs[d=0,abs=0,scale=2.331]
  PASS warped 3d 6        neumann   linear        uniform  corr=on  nnz=1296    diag[d=0,abs=0,scale=1.05] off[d=0,abs=0] rhs[d=0,abs=0,scale=2.024]
  PASS warped 3d 6        mixed     linear        uniform  corr=on  nnz=1296    diag[d=0,abs=0,scale=1.399] off[d=0,abs=0] rhs[d=0,abs=0,scale=2.1]
  PASS warped 3d 6        dirichlet quadratic     uniform  corr=off nnz=1296    diag[d=0,abs=0,scale=1.402] off[d=0,abs=0] rhs[d=0,abs=0,scale=2.336]
  PASS warped 3d 6        neumann   quadratic     uniform  corr=off nnz=1296    diag[d=0,abs=0,scale=1.05] off[d=0,abs=0] rhs[d=0,abs=0,scale=1.623]
  PASS warped 3d 6        mixed     quadratic     uniform  corr=off nnz=1296    diag[d=0,abs=0,scale=1.399] off[d=0,abs=0] rhs[d=0,abs=0,scale=1.94]
  PASS warped 3d 6        dirichlet quadratic     uniform  corr=on  nnz=1296    diag[d=0,abs=0,scale=1.402] off[d=0,abs=0] rhs[d=0,abs=0,scale=2.332]
  PASS warped 3d 6        neumann   quadratic     uniform  corr=on  nnz=1296    diag[d=0,abs=0,scale=1.05] off[d=0,abs=0] rhs[d=0,abs=0,scale=1.622]
  PASS warped 3d 6        mixed     quadratic     uniform  corr=on  nnz=1296    diag[d=0,abs=0,scale=1.399] off[d=0,abs=0] rhs[d=0,abs=0,scale=1.932]
  PASS warped 3d 6        dirichlet manufactured  uniform  corr=off nnz=1296    diag[d=0,abs=0,scale=1.402] off[d=0,abs=0] rhs[d=0,abs=0,scale=2.347]
  PASS warped 3d 6        neumann   manufactured  uniform  corr=off nnz=1296    diag[d=0,abs=0,scale=1.05] off[d=0,abs=0] rhs[d=0,abs=0,scale=0.5584]
  PASS warped 3d 6        mixed     manufactured  uniform  corr=off nnz=1296    diag[d=0,abs=0,scale=1.399] off[d=0,abs=0] rhs[d=0,abs=0,scale=1.86]
  PASS warped 3d 6        dirichlet manufactured  uniform  corr=on  nnz=1296    diag[d=0,abs=0,scale=1.402] off[d=0,abs=0] rhs[d=0,abs=0,scale=2.325]
  PASS warped 3d 6        neumann   manufactured  uniform  corr=on  nnz=1296    diag[d=0,abs=0,scale=1.05] off[d=0,abs=0] rhs[d=0,abs=0,scale=0.5581]
  PASS warped 3d 6        mixed     manufactured  uniform  corr=on  nnz=1296    diag[d=0,abs=0,scale=1.399] off[d=0,abs=0] rhs[d=0,abs=0,scale=1.873]
  PASS warped 3d 6        dirichlet constant      varying  corr=off nnz=1296    diag[d=0,abs=0,scale=2.329] off[d=0,abs=0] rhs[d=0,abs=0,scale=3.897]
  PASS warped 3d 6        neumann   constant      varying  corr=off nnz=1296    diag[d=0,abs=0,scale=1.743] off[d=0,abs=0] rhs[d=0,abs=0,scale=3.812]
  PASS warped 3d 6        mixed     constant      varying  corr=off nnz=1296    diag[d=0,abs=0,scale=1.743] off[d=0,abs=0] rhs[d=0,abs=0,scale=3.812]
  PASS warped 3d 6        dirichlet constant      varying  corr=on  nnz=1296    diag[d=0,abs=0,scale=2.329] off[d=0,abs=0] rhs[d=0,abs=0,scale=3.903]
  PASS warped 3d 6        neumann   constant      varying  corr=on  nnz=1296    diag[d=0,abs=0,scale=1.743] off[d=0,abs=0] rhs[d=0,abs=0,scale=3.813]
  PASS warped 3d 6        mixed     constant      varying  corr=on  nnz=1296    diag[d=0,abs=0,scale=1.743] off[d=0,abs=0] rhs[d=0,abs=0,scale=3.813]
  PASS warped 3d 6        dirichlet linear        varying  corr=off nnz=1296    diag[d=0,abs=0,scale=2.329] off[d=0,abs=0] rhs[d=0,abs=0,scale=3.908]
  PASS warped 3d 6        neumann   linear        varying  corr=off nnz=1296    diag[d=0,abs=0,scale=1.743] off[d=0,abs=0] rhs[d=0,abs=0,scale=2.658]
  PASS warped 3d 6        mixed     linear        varying  corr=off nnz=1296    diag[d=0,abs=0,scale=1.743] off[d=0,abs=0] rhs[d=0,abs=0,scale=2.587]
  PASS warped 3d 6        dirichlet linear        varying  corr=on  nnz=1296    diag[d=0,abs=0,scale=2.329] off[d=0,abs=0] rhs[d=0,abs=0,scale=3.896]
  PASS warped 3d 6        neumann   linear        varying  corr=on  nnz=1296    diag[d=0,abs=0,scale=1.743] off[d=0,abs=0] rhs[d=0,abs=0,scale=2.659]
  PASS warped 3d 6        mixed     linear        varying  corr=on  nnz=1296    diag[d=0,abs=0,scale=1.743] off[d=0,abs=0] rhs[d=0,abs=0,scale=2.587]
  PASS warped 3d 6        dirichlet quadratic     varying  corr=off nnz=1296    diag[d=0,abs=0,scale=2.329] off[d=0,abs=0] rhs[d=0,abs=0,scale=3.904]
  PASS warped 3d 6        neumann   quadratic     varying  corr=off nnz=1296    diag[d=0,abs=0,scale=1.743] off[d=0,abs=0] rhs[d=0,abs=0,scale=2.712]
  PASS warped 3d 6        mixed     quadratic     varying  corr=off nnz=1296    diag[d=0,abs=0,scale=1.743] off[d=0,abs=0] rhs[d=0,abs=0,scale=2.781]
  PASS warped 3d 6        dirichlet quadratic     varying  corr=on  nnz=1296    diag[d=0,abs=0,scale=2.329] off[d=0,abs=0] rhs[d=0,abs=0,scale=3.897]
  PASS warped 3d 6        neumann   quadratic     varying  corr=on  nnz=1296    diag[d=0,abs=0,scale=1.743] off[d=0,abs=0] rhs[d=0,abs=0,scale=2.711]
  PASS warped 3d 6        mixed     quadratic     varying  corr=on  nnz=1296    diag[d=0,abs=0,scale=1.743] off[d=0,abs=0] rhs[d=0,abs=0,scale=2.77]
  PASS warped 3d 6        dirichlet manufactured  varying  corr=off nnz=1296    diag[d=0,abs=0,scale=2.329] off[d=0,abs=0] rhs[d=0,abs=0,scale=3.922]
  PASS warped 3d 6        neumann   manufactured  varying  corr=off nnz=1296    diag[d=0,abs=0,scale=1.743] off[d=0,abs=0] rhs[d=0,abs=0,scale=0.855]
  PASS warped 3d 6        mixed     manufactured  varying  corr=off nnz=1296    diag[d=0,abs=0,scale=1.743] off[d=0,abs=0] rhs[d=0,abs=0,scale=1.753]
  PASS warped 3d 6        dirichlet manufactured  varying  corr=on  nnz=1296    diag[d=0,abs=0,scale=2.329] off[d=0,abs=0] rhs[d=0,abs=0,scale=3.888]
  PASS warped 3d 6        neumann   manufactured  varying  corr=on  nnz=1296    diag[d=0,abs=0,scale=1.743] off[d=0,abs=0] rhs[d=0,abs=0,scale=0.8571]
  PASS warped 3d 6        mixed     manufactured  varying  corr=on  nnz=1296    diag[d=0,abs=0,scale=1.743] off[d=0,abs=0] rhs[d=0,abs=0,scale=1.736]

quick mode: cases=96 failures=0
DIFFUSION EQUIVALENCE (quick): PASS (bitwise)
========= ERROR SUMMARY: 0 errors
