=== GPU-DISC-001E: shared CUDA boundary-condition layer vs CPU (bitwise) ===
isolated -- device evaluators driven directly, no equation or operator

  PASS cartesian2d 8    all FixedValue           scalar[d=0] alt[d=0] vector[d=0] ghost[d=0] type[d=0] prescribes[d=0] maxAbs=0          scale=2.5
  PASS cartesian2d 8    all FixedGradient        scalar[d=0] alt[d=0] vector[d=0] ghost[d=0] type[d=0] prescribes[d=0] maxAbs=0          scale=308.3
  PASS cartesian2d 8    all FixedTemperature     scalar[d=0] alt[d=0] vector[d=0] ghost[d=0] type[d=0] prescribes[d=0] maxAbs=0          scale=322.5
  PASS cartesian2d 8    all HeatFlux             scalar[d=0] alt[d=0] vector[d=0] ghost[d=0] type[d=0] prescribes[d=0] maxAbs=0          scale=183
  PASS cartesian2d 8    all Adiabatic            scalar[d=0] alt[d=0] vector[d=0] ghost[d=0] type[d=0] prescribes[d=0] maxAbs=0          scale=308.3
  PASS cartesian2d 8    all WallOmega            scalar[d=0] alt[d=0] vector[d=0] ghost[d=0] type[d=0] prescribes[d=0] maxAbs=0          scale=3.072
  PASS cartesian2d 8    scalar mix (6 types)     scalar[d=0] alt[d=0] vector[d=0] ghost[d=0] type[d=0] prescribes[d=0] maxAbs=0          scale=315
  PASS cartesian2d 8    all Wall                 scalar[d=0] alt[d=0] vector[d=0] ghost[d=0] type[d=0] prescribes[d=0] maxAbs=0          scale=0
  PASS cartesian2d 8    all MovingWall           scalar[d=0] alt[d=0] vector[d=0] ghost[d=0] type[d=0] prescribes[d=0] maxAbs=0          scale=1.3
  PASS cartesian2d 8    all Inlet                scalar[d=0] alt[d=0] vector[d=0] ghost[d=0] type[d=0] prescribes[d=0] maxAbs=0          scale=0.8
  PASS cartesian2d 8    all Outlet               scalar[d=0] alt[d=0] vector[d=0] ghost[d=0] type[d=0] prescribes[d=0] maxAbs=0          scale=2.094
  PASS cartesian2d 8    all Symmetry             scalar[d=0] alt[d=0] vector[d=0] ghost[d=0] type[d=0] prescribes[d=0] maxAbs=0          scale=2.094
  PASS cartesian2d 8    vector mix (5 types)     scalar[d=0] alt[d=0] vector[d=0] ghost[d=0] type[d=0] prescribes[d=0] maxAbs=0          scale=1.656
  PASS cartesian2d 8    Dirichlet+Neumann mix    scalar[d=0] alt[d=0] vector[d=0] ghost[d=0] type[d=0] prescribes[d=0] maxAbs=0          scale=308.3
  PASS cartesian2d 8    wall+outlet+symmetry     scalar[d=0] alt[d=0] vector[d=0] ghost[d=0] type[d=0] prescribes[d=0] maxAbs=0          scale=2.094

=== coverage ===
  type FixedValue         covered
  type FixedGradient      covered
  type Wall               covered
  type MovingWall         covered
  type Inlet              covered
  type Outlet             covered
  type Symmetry           covered
  type FixedTemperature   covered
  type HeatFlux           covered
  type Adiabatic          covered
  type WallOmega          covered
  scalar forms const/shift/affine   25 / 25 / 0 (sets reaching each)
  vector forms const/identity/symm  25 / 15 / 12
  ghost inflow/outflow/zero-flux    1024 / 992 / 1360
  faces with an alternative distance 6330
  total scalar comparisons          25320

cases=75 failures=0
BOUNDARY CONDITION EQUIVALENCE: PASS (bitwise)
