# P12-GRAD-002 A2 freeze 2026-09-17T13:50:23Z; git HEAD b66310ca871811c4c7671056beec291a451af55c
## gates and records
a46973ed5ba4190a008a1c3f3138f21612a6b1ca0f11ca32deb6d0899602d2eb  results/p12-grad-002/acceptance_gate.md
353b72ef11345922c849af0a456e2c8082e92188a8a10647b7c9fde2e249f186  results/p12-grad-002/acceptance_gate_A1.md
ea88f10fd04b34453a24d29d6714116d53385f78d1e4f9ac06afcb2bb0db2ee4  results/p12-grad-002/acceptance_gate_A2.md
a3af86b2e77a1a3ad91e4b599a2293c36b6b08d4614c7ec723bdaf26bc45ae6a  results/p12-grad-002/a2/dryrun.md
67b03afc8a7512d58faafa982cfe1053d9c7e1d37d1532cf6f19d7aaedb72b75  results/p12-grad-002/summary.md
f7985b619dc95c6d5786304c8f8b9ab10a4008cc3f839ecddadeafd0605bd697  results/p12-grad-002/a1/summary_a1.md
9baf33440c1fce50fc77ac6cea42b6cfe389744bde3619445baef1fbc4f69e22  results/p12-grad-002/val-001/acceptance_gate.md
687c159088698280d9f3ba210ae47703f333e524101324d592b495a02afe5fe4  results/p12-grad-002/drift-001/acceptance_gate.md
e1f9f573b81f05ae5145442406144460da34240534579979245aa395f35380d7  results/p12-diff-002/w8b/acceptance_gate.md
5b45fed9c473b3b4eca923fa2e4b8ce064022270b67259fb23caf0dbdae5faa8  results/p12-mesh-007/acceptance_gate.md
## instruments
sha256sum: results/p12-grad-002/a2/tools/__pycache__: Is a directory
dca7a3cbf5ea1a6809e95d27b892f526d7c9a7a05c7b41dc76816fa7a03b0342  results/p12-grad-002/a2/tools/a2_3d.cpp
b71d038655d016398b92dfacad2f1b28e22e92e92daa5b1e6cfe815bcf493501  results/p12-grad-002/a2/tools/a2_c10.cpp
b34edda68875bd9e4f6d9e0bf9386ee0624fd6847f4fb4d4c5d74b500b39c779  results/p12-grad-002/a2/tools/a2_c9.cpp
827bff98fd5c1e2a5af93a779f000003115266c3746606e04fd3a240a7b6771c  results/p12-grad-002/a2/tools/a2_prodmesh.cpp
82bcd42b26f6aa8bb1b465560821693c5dee72a15910f260d6cae64dae447ac0  results/p12-grad-002/a2/tools/build_cur.sh
8196196f90bddbcbb4e66faba433f7f865069cbdf7ab8718b18ffb0847b6c973  results/p12-grad-002/a2/tools/build_nograd.sh
7210f56b82379ff9b913a94d4e3ab52c8c9245dacfd32cfe9524c56a7b47ec40  results/p12-grad-002/a2/tools/c11b_fields.py
220571acf4a5c90e6740b13cddb029e327308608780c14cd3cd4c51d3ae14e18  results/p12-grad-002/a2/tools/c8_categorize.py
9c07b3cac57188d4957260074ac7ba9c4f6d3522020697bba1d0592ed20a458a  results/p12-grad-002/a2/tools/compare_c10.py
be7aa5601cd7fb8e23dc9bd7bef98ad15da7e0571361e9a2dd9a3546b40e53ac  results/p12-grad-002/a2/tools/compare_ctest_numbers.py
9bdca2183fa03857d5fa29e76ac9da85340f1a906520537c3a9509a2b5a0feff  results/p12-grad-002/a2/tools/compare_outputs.py
603d93e55906ff0b80c3faaac380dc43f28aae3a9a9e715e130582019fb31cf1  results/p12-grad-002/a2/tools/dry_3d.sh
0dba3b7e26eea2e360f7a2080176645926c9683e4b5bca04e767f06d9f74a00f  results/p12-grad-002/a2/tools/dry_c10.sh
53148fc183989d83a64b67c4bbaa69b29beb0df4b169ac618b214cff70eaad51  results/p12-grad-002/a2/tools/dry_c13.sh
dbd8f9a7dad4e567ba517d1d0d9e0e91a71741966e26fe711a22a27107517ebc  results/p12-grad-002/a2/tools/dry_c8_c11.sh
8efe473fa1363d03c01403a264ab83287f4ff6d38b6561108fe30616d7319860  results/p12-grad-002/a2/tools/dry_c9.sh
2304965624bf49eca670aaaa9c0f05a78337a3334ccad83a39301f512fd44022  results/p12-grad-002/a2/tools/dry_prodmesh.sh
9d3f8213bc961fc739486fcc03e371a33a342a7baf43cdace09dce054a07516f  results/p12-grad-002/a2/tools/freeze.sh
035550be6eb8b39f727953f1ba46537219d0df38ccf652f3f61805ec56da1c30  results/p12-grad-002/a2/tools/fresh.sh
a020a13dabfe0f55c9303d596990ca7a4ce1f9f340ebb16e1df8b2b1f7c46080  results/p12-grad-002/a2/tools/prod_accuracy.sh
aa0b3ba637b7a69f84b0dfe2bfd2bf664f669f22076daeda9c60094b428af53d  results/p12-grad-002/a2/tools/run_a2.sh
bdfb56dd94ee4ceb96641487fccd8c92a58b99f8eef398901c2d0b81114a3aa0  results/p12-grad-002/a2/tools/run_suite.sh
4717cac7a7c4060888f87512c3db4847269881025ad7a30ee146b5284db562b5  results/p12-grad-002/a2/tools/run_suites.sh
## candidate test file and the files the fresh execution may edit
3868440bfc183b8b12ee757f048ecfbcf9413fe91006778081e188faad75ca3e  tests/unit/discretization/test_gradient_boundary_consistency.cpp
fcbc170f393c963288864f36e5447f18ce6dc67d57070b6624673f8a1561167b  tests/unit/discretization/CMakeLists.txt
## production (must stay byte-identical)
src/ + include/ tree: 42c3d9df70e83705d5052bbb880ab6239ce8fb3054e7831b7a68daf4c46c1aa6
d24882a96e5cbc0025121a71eb9f88e13ffe0ef9a8a09f2e2f9f4d40fd8c03b6  src/discretization/Gradient.cpp
a2bfb9f53649479f290ba3210e0c15058a015cd9cda08d06450918245a1109e8  src/mesh/MeshGeometry.cpp
b41c5d1bb3b388b3f78a89e3ae26ba731f03483455b01683834e4e39e1ef5c91  include/cfd/discretization/Gradient.hpp
## libraries
143a1dda0680bc1d481a0360095ca7c643ffc9e2a2dc53bbd1d55d5a8202132a  build/release/src/libcfdcore.a
143a1dda0680bc1d481a0360095ca7c643ffc9e2a2dc53bbd1d55d5a8202132a  /root/g2/cur/build/src/libcfdcore.a
c74f6ab75714a3f1a008e29d892e60a5fc77a545627339f346f15b7664c1e074  /root/g2/nograd/build/src/libcfdcore.a
eaadaa635e70adb180703875b4d8916fb0baee6277feac08c98c206a85330d6e  /root/m7ref/base/build/src/libcfdcore.a
4fa871b8175b56481431b071e43a8ddfbd8f5bda310b5abdc34f9831a57dbee0  /root/m7ref/grad001/libcfdcore.a
## dry-run logs
ec5c93e2b75e2fe31eba96348e6606fa0839afabe6ba9ad50991f386e5fd2fea  results/p12-grad-002/a2/logs/dry_3d_grad001.log
e3fa7be73d2e6111245c19d90ea2e4be96f44e40e4e85002f1939d24db99950f  results/p12-grad-002/a2/logs/dry_3d_nograd.log
c4c058349e8ed24808a5c4960eb46592eb4b7158a3bc0670110f7ee26fdf2194  results/p12-grad-002/a2/logs/dry_3d_repo.log
8b5e4ec8df3bc73d55f80fb6e691a9a16299d97448a5809261ea03b6ea4ae6f5  results/p12-grad-002/a2/logs/dry_c10_dump_base.header.log
454130f3b546ad341b5d25bdf87fe8e4e238d01b873553a525420d76361af6e1  results/p12-grad-002/a2/logs/dry_c10_dump_nograd.header.log
7e69824e285a313f00a603634d91dde37ff81407e3c6b2a0d4ad5f51e22c864a  results/p12-grad-002/a2/logs/dry_c10_dump_repo.header.log
5c58894d56d31ff8cdb70f09048de7c1ca3eb2ebf88716a48467c39da410d130  results/p12-grad-002/a2/logs/dry_c10_nograd_vs_base.log
7ee054b9a3ffb9888f73e7920c89f20e3fdedc650e488f846e83676a452ae673  results/p12-grad-002/a2/logs/dry_c10_repo_vs_base.log
15207a4ad9775848dedda344d60390bdb9c9f584c5272563dd69bbc77c34d683  results/p12-grad-002/a2/logs/dry_c10_repo_vs_nograd.log
8ffc99e04fa96505f53c5b8dfd9bc609953ba86695a84cab50be4d1c86003c46  results/p12-grad-002/a2/logs/dry_c10_selftest_mutated.log
5dbb98b58a262df6ab3ebaa45862542e2d3bf50574492e73537c4da40a20bdb8  results/p12-grad-002/a2/logs/dry_c11b_fields.log
6b9ee9511ac393e0d7f057c1767c261116bdf51957d0ee910739053b50b65f81  results/p12-grad-002/a2/logs/dry_c11b_outputs.log
4d88d11cd7bc23fbc678091298d95de1991b08ea80452046e719e2f2bc81cca4  results/p12-grad-002/a2/logs/dry_c13_nograd_1.log
cb93096287bb026011bd5cd946df045e56efb11e08d6b5ed4aec1c5ba4e717e7  results/p12-grad-002/a2/logs/dry_c13_nograd_2.log
41fd2fbead029734fffb694b252af521ffdec6278c7e52c9b34c4ab96bba45f7  results/p12-grad-002/a2/logs/dry_c13_repo_1.log
323fa8b6bcff1ebeea7bbfc4eaf8a614c8e0db503f7d7e4d39d877917aef1936  results/p12-grad-002/a2/logs/dry_c13_repo_2.log
f6c7bad0385729bff663dcbb1034f39386e7a566f8a83a52a22097308eb20487  results/p12-grad-002/a2/logs/dry_c8_categories.log
6888010e8040554d6d0560f1cfda2dccfd9c0a860a80b473b63ec9a5969e49a9  results/p12-grad-002/a2/logs/dry_c8_numbers.log
0ed07ed4f5ec18963b4ee290dbafe8605b39b21fdde336ee328b58b75ee5191b  results/p12-grad-002/a2/logs/dry_c9_grad001.log
d2c1c52555744ca11703a6229826f361b1b841675406399cf205e37826637615  results/p12-grad-002/a2/logs/dry_c9_nograd.log
0613def2582a6889c3ed9993b55a0fb1e7602350e172ba90cb211f491155c361  results/p12-grad-002/a2/logs/dry_c9_repo.log
534c8d6ce61e1adbcfb392f1bfac097de006e96042b79139a86855106beb0dec  results/p12-grad-002/a2/logs/dry_prodmesh_nograd.log
c3a6c9d0732a8b9c7a0bbebdff4088dbdea34985cf01a4ab8dad555e52f401e9  results/p12-grad-002/a2/logs/dry_prodmesh_repo.log
2d9cf5f09b3f6ee8066f28b5af3e2f456ebf99026761d22785f11d525e93461d  results/p12-grad-002/a2/logs/suite_cur.log
6913acefff635b45c973a1bb1c582cc77d5bf80a0bfd6b6af70d9f75cf330c56  results/p12-grad-002/a2/logs/suite_nograd.log
e1f20d09058153e03609b591a3033971deb4831fb67f9dae35732d310b5ccc14  results/p12-grad-002/a2/logs/prod_cur_mb_12x30.log
b52e9e620e5c24afd88ee1f16fe6f36c0b87030c53d10e564c27b36822039e39  results/p12-grad-002/a2/logs/prod_cur_mb_18x45.log
5bd7a4f410e4e0756c803027c306130e994ec5b198242d08144ec97b9845200c  results/p12-grad-002/a2/logs/prod_cur_mb_8x20.log
5becd4416b21b671e3d5f1feb0c713877fad36f4db483e7cb72b16a58a0b7b34  results/p12-grad-002/a2/logs/prod_cur_sq_144x18.log
4d5b941e15b166b1366ae83ef73a795a7207f4813ee3807ee4b337d105eea319  results/p12-grad-002/a2/logs/prod_cur_sq_64x8.log
42050b19153c77e85e5f1afda8c6822c102650bb956bcfe6c6642d30a6ad5357  results/p12-grad-002/a2/logs/prod_cur_sq_96x12.log
9d88768e19607eb2c7731078b48c9a12549efe3cbbc295e32d10ca60b0606b27  results/p12-grad-002/a2/logs/prod_nograd_mb_12x30.log
e73b31d2e035fe997d4153f46dc7a4c46698075ca66a4c848a648252948a9d3e  results/p12-grad-002/a2/logs/prod_nograd_mb_18x45.log
3a12cc41dc9888c17a9e38f9808cee46148886e6f246c0827fe4996420808bce  results/p12-grad-002/a2/logs/prod_nograd_mb_8x20.log
dbf463eae7714dad2102b85ba5dbb04c98040dc70b9944c6c7b64179f80ffba5  results/p12-grad-002/a2/logs/prod_nograd_sq_144x18.log
e46328e54214c2f0afe03411d9dded6368ab832f4c4522629888e84425c4f60f  results/p12-grad-002/a2/logs/prod_nograd_sq_64x8.log
16de6a27a3ddf593263f71cfbed3d1ecd87c06c185cd14bf63a1337814ed99f0  results/p12-grad-002/a2/logs/prod_nograd_sq_96x12.log
