# P12-GRAD-002 A2 a2_c9  tree=repo  libcfdcore.a 143a1dda0680bc1d481a0360095ca7c643ffc9e2a2dc53bbd1d55d5a8202132a
# probe source b34edda68875  args:   start 2026-09-17T12:38:45Z
# A2 C9 dry-run: C3(b), C4a, C6-A1 on the sinusoidally deformed 3D family
C3b deformed  8^3 grad(x^3): Linf 2.0025e-02 (boundary cells 2.0025e-02) L2 1.3226e-02
C3b deformed 16^3 grad(x^3): Linf 5.6932e-03 (boundary cells 5.6932e-03) L2 3.5324e-03
C3b deformed 32^3 grad(x^3): Linf 1.4884e-03 (boundary cells 1.4884e-03) L2 9.1236e-04
C3b deformed order 8->16: Linf 1.814 L2 1.905 (frozen >= 1.8) PASS
C3b deformed order 16->32: Linf 1.935 L2 1.953 (frozen >= 1.8) PASS
C4a  deformed  8^3 L=1      geometry: volume 1.60e-15 centroid 3.87e-15 faceCentroid 4.19e-15 area 1.55e-15 -> VALID
C4a  deformed  8^3 L=1      constant  delta 1.226e-14 E 2.264e-13 rho 5.415e-02 PASS
C4a  deformed  8^3 L=1      linear    delta 1.078e-14 E 8.414e-13 rho 1.281e-02 PASS
C4a  deformed  8^3 L=1      quadratic delta 4.436e-15 E 4.117e-13 rho 1.077e-02 PASS
C4a  deformed 16^3 L=1      geometry: volume 3.23e-15 centroid 1.31e-14 faceCentroid 1.10e-14 area 2.96e-15 -> VALID
C4a  deformed 16^3 L=1      constant  delta 2.187e-14 E 4.543e-13 rho 4.814e-02 PASS
C4a  deformed 16^3 L=1      linear    delta 2.649e-14 E 2.558e-12 rho 1.036e-02 PASS
C4a  deformed 16^3 L=1      quadratic delta 1.130e-14 E 1.362e-12 rho 8.301e-03 PASS
C4a  deformed 32^3 L=1      geometry: volume 6.23e-15 centroid 2.31e-14 faceCentroid 2.49e-14 area 5.98e-15 -> VALID
C4a  deformed 32^3 L=1      constant  delta 6.233e-14 E 9.093e-13 rho 6.855e-02 PASS
C4a  deformed 32^3 L=1      linear    delta 5.905e-14 E 4.632e-12 rho 1.275e-02 PASS
C4a  deformed 32^3 L=1      quadratic delta 3.117e-14 E 2.461e-12 rho 1.267e-02 PASS
C6   deformed  8^3 L=0.001  geometry: volume 1.77e-15 centroid 4.67e-15 faceCentroid 4.34e-15 area 1.45e-15 -> VALID
C6   deformed  8^3 L=0.001  constant  delta 1.068e-11 E 2.264e-10 rho 4.718e-02 PASS
C6   deformed  8^3 L=0.001  linear    delta 1.213e-11 E 9.720e-10 rho 1.248e-02 PASS
C6   deformed  8^3 L=0.001  quadratic delta 5.399e-12 E 4.875e-10 rho 1.108e-02 PASS
C6   deformed  8^3 L=1      geometry: volume 1.60e-15 centroid 3.87e-15 faceCentroid 4.19e-15 area 1.55e-15 -> VALID
C6   deformed  8^3 L=1      constant  delta 1.226e-14 E 2.264e-13 rho 5.415e-02 PASS
C6   deformed  8^3 L=1      linear    delta 1.078e-14 E 8.414e-13 rho 1.281e-02 PASS
C6   deformed  8^3 L=1      quadratic delta 4.436e-15 E 4.117e-13 rho 1.077e-02 PASS
C6   deformed  8^3 L=1000   geometry: volume 4.32e-16 centroid 3.78e-15 faceCentroid 3.76e-15 area 4.28e-16 -> VALID
C6   deformed  8^3 L=1000   constant  delta 8.134e-18 E 2.264e-16 rho 3.593e-02 PASS
C6   deformed  8^3 L=1000   linear    delta 1.015e-17 E 8.260e-16 rho 1.229e-02 PASS
C6   deformed  8^3 L=1000   quadratic delta 4.612e-18 E 4.028e-16 rho 1.145e-02 PASS
C6s deformed  8^3 constant  rho spread 1.507e+00 (bound 100), every rho <= 1: yes -> PASS
C6s deformed  8^3 linear    rho spread 1.042e+00 (bound 100), every rho <= 1: yes -> PASS
C6s deformed  8^3 quadratic rho spread 1.063e+00 (bound 100), every rho <= 1: yes -> PASS
C6   deformed 16^3 L=0.001  geometry: volume 3.08e-15 centroid 1.21e-14 faceCentroid 1.14e-14 area 2.87e-15 -> VALID
C6   deformed 16^3 L=0.001  constant  delta 2.627e-11 E 4.543e-10 rho 5.783e-02 PASS
C6   deformed 16^3 L=0.001  linear    delta 2.917e-11 E 2.409e-09 rho 1.211e-02 PASS
C6   deformed 16^3 L=0.001  quadratic delta 1.470e-11 E 1.273e-09 rho 1.155e-02 PASS
C6   deformed 16^3 L=1      geometry: volume 3.23e-15 centroid 1.31e-14 faceCentroid 1.10e-14 area 2.96e-15 -> VALID
C6   deformed 16^3 L=1      constant  delta 2.187e-14 E 4.543e-13 rho 4.814e-02 PASS
C6   deformed 16^3 L=1      linear    delta 2.649e-14 E 2.558e-12 rho 1.036e-02 PASS
C6   deformed 16^3 L=1      quadratic delta 1.130e-14 E 1.362e-12 rho 8.301e-03 PASS
C6   deformed 16^3 L=1000   geometry: volume 8.19e-16 centroid 9.80e-15 faceCentroid 8.77e-15 area 1.04e-15 -> VALID
C6   deformed 16^3 L=1000   constant  delta 2.047e-17 E 4.543e-16 rho 4.506e-02 PASS
C6   deformed 16^3 L=1000   linear    delta 2.932e-17 E 2.026e-15 rho 1.447e-02 PASS
C6   deformed 16^3 L=1000   quadratic delta 1.037e-17 E 1.045e-15 rho 9.927e-03 PASS
C6s deformed 16^3 constant  rho spread 1.283e+00 (bound 100), every rho <= 1: yes -> PASS
C6s deformed 16^3 linear    rho spread 1.397e+00 (bound 100), every rho <= 1: yes -> PASS
C6s deformed 16^3 quadratic rho spread 1.391e+00 (bound 100), every rho <= 1: yes -> PASS
exit 0
# end 2026-09-17T12:38:46Z
