CHANGED AlePisoGalilean.StaticFormulationOnTheTranslatingMeshIsNotGalileanInvariant: nograd Passed -> cur Passed; 1 lines, max rel 2.573e-02
          - G6.4 translating cavity, static formulation: max |u_B - b - u_A| 1.205e-01 (>= 1e-4)
          + G6.4 translating cavity, static formulation: max |u_B - b - u_A| 1.174e-01 (>= 1e-4)
TEXT    AlePisoGalilean.TranslatingCavityIsTheFixedCavityPlusTheTranslation: nograd Failed -> cur Passed; 44 -> 31 lines
          -   G6.3 step  1: max |u_B - b - u_A| 6.938e-03, |dp| 7.781e-13, |F_rel,B - F_A| 1.243e-15, R_P 1.181e-14, global 1.599e-14
          +   G6.3 step  1: max |u_B - b - u_A| 2.268e-14, |dp| 7.781e-13, |F_rel,B - F_A| 1.243e-15, R_P 1.181e-14, global 1.599e-14
          -   G6.3 step  2: max |u_B - b - u_A| 1.487e-02, |dp| 4.289e-02, |F_rel,B - F_A| 4.173e-05, R_P 2.224e-14, global 3.819e-14
          +   G6.3 step  2: max |u_B - b - u_A| 3.568e-14, |dp| 5.115e-13, |F_rel,B - F_A| 7.772e-16, R_P 2.220e-14, global 3.819e-14
          -   G6.3 step  3: max |u_B - b - u_A| 2.073e-02, |dp| 7.612e-02, |F_rel,B - F_A| 6.846e-05, R_P 2.357e-14, global -7.294e-14
          +   G6.3 step  3: max |u_B - b - u_A| 1.885e-14, |dp| 4.592e-13, |F_rel,B - F_A| 1.086e-15, R_P 2.359e-14, global -7.294e-14
          -   G6.3 step  4: max |u_B - b - u_A| 2.413e-02, |dp| 9.658e-02, |F_rel,B - F_A| 1.344e-04, R_P 2.229e-14, global 6.056e-14
          +   G6.3 step  4: max |u_B - b - u_A| 2.227e-14, |dp| 3.587e-13, |F_rel,B - F_A| 7.780e-16, R_P 2.228e-14, global 6.056e-14
CHANGED AlePisoMovingWall.CouetteFlowIsUnchangedByTangentialMeshTranslation: nograd Passed -> cur Passed; 1 lines, max rel 3.704e-02
          - G7.2 Couette in a translating mesh: max |u - y_c|, |v| 1.188e-14 (<= 1e-9); with the bottom wall given the mesh velocity 2.874e-01 (>= 1e-3)
          + G7.2 Couette in a translating mesh: max |u - y_c|, |v| 1.144e-14 (<= 1e-9); with the bottom wall given the mesh velocity 2.875e-01 (>= 1e-3)
CHANGED AlePisoMovingWall.PistonPushesUniformFlowOutOfTheChannel: nograd Passed -> cur Passed; 1 lines, max rel 1.161e-01
          - G7.1 piston: 20 steps, channel length now 1.5000; max |u+Vp|/Vp 3.064e-14, |v|/Vp 3.669e-15 (<= 1e-9), |p|/(rho Vp^2) 3.996e-14 (<= 1e-8), outlet flux error 2.220e-16 (<=
          + G7.1 piston: 20 steps, channel length now 1.5000; max |u+Vp|/Vp 3.053e-14, |v|/Vp 4.151e-15 (<= 1e-9), |p|/(rho Vp^2) 4.004e-14 (<= 1e-8), outlet flux error 2.220e-16 (<=
CHANGED AlePisoUniformFlow.GclInconsistentVariantsBreakUniformFlow: nograd Passed -> cur Passed; 82 lines, max rel 9.865e-01
          -   U1 C16/SN2 N1 no-mesh-flux step  1 t 0.02: |u-u0| 1.987e-02 |v-v0| 1.385e-02 |p-p0| 1.390e+00 continuity 1.291e-15 mass 0.000e+00 GCL 9.021e-17 (global 0.000e+00) R_P/F
          +   U1 C16/SN2 N1 no-mesh-flux step  1 t 0.02: |u-u0| 2.656e-02 |v-v0| 1.383e-02 |p-p0| 1.390e+00 continuity 1.291e-15 mass 0.000e+00 GCL 9.021e-17 (global 0.000e+00) R_P/F
          -   U1 C16/SN2 N1 no-mesh-flux step  2 t 0.04: |u-u0| 2.711e-02 |v-v0| 2.097e-02 |p-p0| 6.825e-01 continuity 1.128e-15 mass 0.000e+00 GCL 1.180e-16 (global -9.992e-16) R_P/
          +   U1 C16/SN2 N1 no-mesh-flux step  2 t 0.04: |u-u0| 2.716e-02 |v-v0| 2.173e-02 |p-p0| 6.993e-01 continuity 3.181e-15 mass 0.000e+00 GCL 1.180e-16 (global -9.992e-16) R_P/
          -   U1 C16/SN2 N1 no-mesh-flux step  3 t 0.06: |u-u0| 3.676e-02 |v-v0| 2.931e-02 |p-p0| 7.211e-01 continuity 3.268e-15 mass 0.000e+00 GCL 1.180e-16 (global 0.000e+00) R_P/F
          +   U1 C16/SN2 N1 no-mesh-flux step  3 t 0.06: |u-u0| 3.715e-02 |v-v0| 2.975e-02 |p-p0| 7.425e-01 continuity 1.214e-16 mass 0.000e+00 GCL 1.180e-16 (global 0.000e+00) R_P/F
          -   U1 C16/SN2 N1 no-mesh-flux step  4 t 0.08: |u-u0| 4.587e-02 |v-v0| 3.121e-02 |p-p0| 4.354e-01 continuity 2.262e-15 mass 0.000e+00 GCL 1.249e-16 (global 9.992e-16) R_P/F
          +   U1 C16/SN2 N1 no-mesh-flux step  4 t 0.08: |u-u0| 4.615e-02 |v-v0| 3.103e-02 |p-p0| 4.289e-01 continuity 1.270e-15 mass 0.000e+00 GCL 1.249e-16 (global 9.992e-16) R_P/F
CHANGED AlePisoUniformFlow.UniformFlowStaysUniformUnderPrescribedMotion: nograd Passed -> cur Passed; 142 lines, max rel 5.209e-01
          -   U1 C16/SN2 ALE step  2 t 0.04: |u-u0| 1.728e-14 |v-v0| 1.023e-14 |p-p0| 8.527e-15 continuity 1.665e-16 mass 0.000e+00 GCL 1.180e-16 (global -9.992e-16) R_P/F 8.391e-14 
          +   U1 C16/SN2 ALE step  2 t 0.04: |u-u0| 1.728e-14 |v-v0| 1.033e-14 |p-p0| 8.349e-15 continuity 1.665e-16 mass 0.000e+00 GCL 1.180e-16 (global -9.992e-16) R_P/F 8.381e-14 
          -   U1 C16/SN2 ALE step  3 t 0.06: |u-u0| 1.132e-14 |v-v0| 5.213e-15 |p-p0| 1.110e-14 continuity 2.290e-16 mass 0.000e+00 GCL 1.180e-16 (global 0.000e+00) R_P/F 8.300e-14 m
          +   U1 C16/SN2 ALE step  3 t 0.06: |u-u0| 1.132e-14 |v-v0| 5.412e-15 |p-p0| 1.084e-14 continuity 2.290e-16 mass 0.000e+00 GCL 1.180e-16 (global 0.000e+00) R_P/F 8.310e-14 m
          -   U1 C16/SN2 ALE step  4 t 0.08: |u-u0| 1.370e-14 |v-v0| 6.752e-15 |p-p0| 1.652e-14 continuity 2.498e-16 mass 0.000e+00 GCL 1.249e-16 (global 9.992e-16) R_P/F 9.005e-14 m
          +   U1 C16/SN2 ALE step  4 t 0.08: |u-u0| 1.390e-14 |v-v0| 6.752e-15 |p-p0| 1.670e-14 continuity 2.359e-16 mass 0.000e+00 GCL 1.249e-16 (global 9.992e-16) R_P/F 9.015e-14 m
          -   U1 C16/SN2 ALE step  5 t 0.10: |u-u0| 1.271e-14 |v-v0| 7.448e-15 |p-p0| 1.741e-14 continuity 1.735e-16 mass 0.000e+00 GCL 1.249e-16 (global 0.000e+00) R_P/F 8.996e-14 m
          +   U1 C16/SN2 ALE step  5 t 0.10: |u-u0| 1.261e-14 |v-v0| 7.348e-15 |p-p0| 1.856e-14 continuity 1.665e-16 mass 0.000e+00 GCL 1.249e-16 (global 0.000e+00) R_P/F 8.986e-14 m
CHANGED CFDAppCli3D_valid_cube3d_cli_smoke: nograd Passed -> cur Passed; 6 lines, max rel 9.043e-02
          - U residual: 1.82654e-07
          + U residual: 1.8266e-07
          - V residual: 2.0604e-07
          + V residual: 2.06034e-07
          - W residual: 8.12173e-08
          + W residual: 8.1218e-08
          - P residual: 7.4728e-07
          + P residual: 7.47293e-07
CHANGED CFDAppCli3D_valid_duct3d_cli_smoke: nograd Passed -> cur Passed; 4 lines, max rel 8.806e-05
          - Continuity: 2.86241e-13
          + Continuity: 2.86252e-13
          - Mass imbalance: 4.41804e-11
          + Mass imbalance: 4.41815e-11
          - Mass balance: inflow 1, outflow 1, relative imbalance 4.41804e-11
          + Mass balance: inflow 1, outflow 1, relative imbalance 4.41815e-11
          - Cell continuity: max 5.33694e-13, rms 2.86241e-13, normalized 2.86241e-13
          + Cell continuity: max 5.33741e-13, rms 2.86252e-13, normalized 2.86252e-13
CHANGED CompressibleSimpleMMS.SystemConvergence: nograd Passed -> cur Passed; 5 lines, max rel 1.161e-02
          - | 8x8 | 4.3476e-10 | 8.5400e-10 | 6.0634e-09 |
          + | 8x8 | 4.3484e-10 | 8.6245e-10 | 6.1346e-09 |
          - | 16x16 | 7.3756e-10 | 2.9544e-09 | 4.6023e-08 |
          + | 16x16 | 7.3755e-10 | 2.9543e-09 | 4.6023e-08 |
          - | 32x32 | 1.3073e-09 | 1.1765e-08 | 3.7428e-07 |
          + | 32x32 | 1.3053e-09 | 1.1723e-08 | 3.7293e-07 |
          - - [x] compressible: discrete continuity satisfied (Linf per volume <= 1e-5) at 8x8: Linf 6.06e-09
          + - [x] compressible: discrete continuity satisfied (Linf per volume <= 1e-5) at 8x8: Linf 6.13e-09
CHANGED DiffusionTest.ClosedDomainGlobalBalanceIsUnchangedByCorrection: nograd Passed -> cur Passed; 1 lines, max rel 2.211e-14
          - Closed-domain global balance (distorted 10x10, 0.4h, green_gauss): sum(diff*V) uncorrected 0.030125142782892134, corrected 0.030125142782894354, sum|diff*V| 28.5563
          + Closed-domain global balance (distorted 10x10, 0.4h, green_gauss): sum(diff*V) uncorrected 0.030125142782892134, corrected 0.030125142782893688, sum|diff*V| 28.5563
CHANGED Duct3DProductionCase.CommittedDuctRunsConservesAndExports: nograd Passed -> cur Passed; 2 lines, max rel 5.092e-01
          - committed duct 48x8x8: 65 iterations, W residual 1.932e-10, relative imbalance 2.709e-12
          + committed duct 48x8x8: 65 iterations, W residual 1.932e-10, relative imbalance 1.334e-12
          - n= 8 cells   3072 | Converged, rhie_chow, 65 it, T | Linf 4.3957e-02 RMS 2.3711e-02 | dp/dx 2.806880 err 1.3543e-02 | u_max 1.99704 err 4.7330e-02 | cross-flow 4.76e-09 |
          + n= 8 cells   3072 | Converged, rhie_chow, 65 it, T | Linf 4.3957e-02 RMS 2.3711e-02 | dp/dx 2.806880 err 1.3543e-02 | u_max 1.99704 err 4.7330e-02 | cross-flow 4.76e-09 |
CHANGED GradedMeshProductionCase.CommittedCaseRunsConservesAndExportsGradedGeometry: nograd Passed -> cur Passed; 1 lines, max rel 8.130e-03
          - committed graded 48x24     cells  1152 | converged 1, 1714 it, T | mass imbalance 1.23e-11, inlet 1.000000000, outlet 1.000000000, max column error 4.77e-11 | y1 0.00632 
          + committed graded 48x24     cells  1152 | converged 1, 1714 it, T | mass imbalance 1.22e-11, inlet 1.000000000, outlet 1.000000000, max column error 4.75e-11 | y1 0.00632 
CHANGED GradedMeshProductionCase.GradedGridConvergence: nograd Passed -> cur Passed; 5 lines, max rel 3.070e-01
          - 32x16 (ratio 1.314534)     cells   512 | converged 1, 1599 it, T | mass imbalance 5.62e-12, inlet 1.000000000, outlet 1.000000000, max column error 2.73e-11 | y1 0.00993 
          + 32x16 (ratio 1.314534)     cells   512 | converged 1, 1599 it, T | mass imbalance 5.93e-12, inlet 1.000000000, outlet 1.000000000, max column error 2.68e-11 | y1 0.00993 
          - 48x24 (ratio 1.200000)     cells  1152 | converged 1, 1714 it, T | mass imbalance 1.23e-11, inlet 1.000000000, outlet 1.000000000, max column error 4.77e-11 | y1 0.00632 
          + 48x24 (ratio 1.200000)     cells  1152 | converged 1, 1714 it, T | mass imbalance 1.22e-11, inlet 1.000000000, outlet 1.000000000, max column error 4.75e-11 | y1 0.00632 
          - 72x36 (ratio 1.129243)     cells  2592 | converged 1, 1674 it, T | mass imbalance 3.16e-12, inlet 1.000000000, outlet 1.000000000, max column error 8.66e-11 | y1 0.00408 
          + 72x36 (ratio 1.129243)     cells  2592 | converged 1, 1674 it, T | mass imbalance 2.19e-12, inlet 1.000000000, outlet 1.000000000, max column error 8.38e-11 | y1 0.00408 
          - | extrapolated | -0.0035201649 | | -0.00352 | |
          + | extrapolated | -0.003520165 | | -0.00352 | |
CHANGED GradedMeshProductionCase.GradedMeshBeatsUniformAtEqualCellCount: nograd Passed -> cur Passed; 2 lines, max rel 1.988e-01
          - graded 48x24 (both, 1.2)   cells  1152 | converged 1, 1714 it, T | mass imbalance 1.23e-11, inlet 1.000000000, outlet 1.000000000, max column error 4.77e-11 | y1 0.00632 
          + graded 48x24 (both, 1.2)   cells  1152 | converged 1, 1714 it, T | mass imbalance 1.22e-11, inlet 1.000000000, outlet 1.000000000, max column error 4.75e-11 | y1 0.00632 
          - graded / uniform: dp/dx error 0.261, suction-wall shear error 0.415, velocity L2 0.185, L1 0.200, Linf 0.158, iterations 0.786, time 0.963
          + graded / uniform: dp/dx error 0.261, suction-wall shear error 0.415, velocity L2 0.185, L1 0.200, Linf 0.158, iterations 0.786, time 1.202
CHANGED GradedMeshProductionCase.GradedVertexGridOnNonOrthogonalStructuredQuad: nograd Passed -> cur Passed; 2 lines, max rel 9.192e-01
          - structured_quad graded     cells  1152 | converged 1, 1405 it, T | mass imbalance 7.26e-12, inlet 1.000000000, outlet 1.000000000, max column error 3.01e-11 | y1 0.00627 
          + structured_quad graded     cells  1152 | converged 1, 1890 it, T | mass imbalance 6.15e-12, inlet 1.000000000, outlet 1.000000000, max column error 3.77e-11 | y1 0.00627 
          - structured_quad uniform    cells  1152 | converged 1, 1588 it, T | mass imbalance 1.30e-10, inlet 1.000000000, outlet 1.000000000, max column error 1.31e-10 | y1 0.02038 
          + structured_quad uniform    cells  1152 | converged 1, 2246 it, T | mass imbalance 1.05e-11, inlet 1.000000000, outlet 1.000000000, max column error 3.18e-11 | y1 0.02038 
CHANGED GradedMeshProductionCase.XAndYGradingTogether: nograd Passed -> cur Passed; 1 lines, max rel 7.955e-02
          - x(left 1.05) + y(both 1.2) cells  1152 | converged 1, 2388 it, T | mass imbalance 1.63e-11, inlet 1.000000000, outlet 1.000000000, max column error 5.28e-11 | y1 0.00632 
          + x(left 1.05) + y(both 1.2) cells  1152 | converged 1, 2388 it, T | mass imbalance 1.52e-11, inlet 1.000000000, outlet 1.000000000, max column error 4.86e-11 | y1 0.00632 
CHANGED GridRefinementTest.DiffusionDistortedCorrectedGreenGaussInterior: nograd Passed -> cur Passed; 2 lines, max rel 1.904e-04
          - 8x8      0.10502      --       0.12155      --       0.21218      --      
          + 8x8      0.10504      --       0.12156      --       0.21217      --      
          - 16x16    0.026974     1.961    0.031644     1.942    0.061702     1.782   
          + 16x16    0.026974     1.961    0.031644     1.942    0.061701     1.782   
CHANGED GridRefinementTest.GreenGaussGradientDistortedConvergesAtSecondOrderInInterior: nograd Passed -> cur Passed; 1 lines, max rel 1.642e-06
          - 8x8        0.125        0.0609096        --          
          + 8x8        0.125        0.0609097        --          
TEXT    GridRefinementTest.GreenGaussGradientDistortedGlobalOrderReflectsBoundaryTreatment: nograd Failed -> cur Passed; 33 -> 17 lines
          - 8x8        0.125        0.0757177        --          
          + 8x8        0.125        0.0522508        --          
          - 16x16      0.0625       0.0236925        1.6762      
          + 16x16      0.0625       0.0136592        1.93558     
          - 32x32      0.03125      0.00766437       1.62819     
          + 32x32      0.03125      0.00348864       1.96913     
          - 64x64      0.015625     0.00256668       1.57826     
          + 64x64      0.015625     0.000881911      1.98396     
CHANGED LidDrivenCube3DProductionCase.CommittedLightCubeRunsAndIsMeasured: nograd Passed -> cur Passed; 1 lines, max rel 5.378e-01
          - light cube 16^3 Re=100: 85 iterations, symmetry 2.768e-08, net flux 0.000e+00, vortex (0.5312, 0.7500)
          + light cube 16^3 Re=100: 85 iterations, symmetry 5.989e-08, net flux 0.000e+00, vortex (0.5312, 0.7500)
CHANGED LowMachRegressionTest.GlobalMassImbalanceIsSmall: nograd Passed -> cur Passed; 1 lines, max rel 1.927e-04
          - global imbalance 4.509471e-05, derived bound 1.700656e-04, density variation 1.108304e-04
          + global imbalance 4.508602e-05, derived bound 1.700743e-04, density variation 1.108304e-04
CHANGED MomentumMMS.DistortedMesh: nograd Passed -> cur Passed; 32 lines, max rel 7.334e-02
          - | 16x16 | 6.6512e-03 | 9.2370e-03 | 2.3307e-02 |
          + | 16x16 | 6.7166e-03 | 9.2791e-03 | 2.3324e-02 |
          - | 32x32 | 3.1667e-03 | 4.4461e-03 | 1.1714e-02 |
          + | 32x32 | 3.1714e-03 | 4.4481e-03 | 1.1714e-02 |
          - | 64x64 | 1.5584e-03 | 2.1898e-03 | 5.8008e-03 |
          + | 64x64 | 1.5586e-03 | 2.1899e-03 | 5.8009e-03 |
          - | 128x128 | 7.7247e-04 | 1.0852e-03 | 2.8799e-03 |
          + | 128x128 | 7.7246e-04 | 1.0852e-03 | 2.8799e-03 |
CHANGED MomentumMMS.UConverges: nograd Passed -> cur Passed; 1 lines, max rel 1.250e-01
          - | 128x128 | 16384 | 0.0078125 | Converged | 7 | 9.63e-34 |T|
          + | 128x128 | 16384 | 0.0078125 | Converged | 8 | 9.63e-34 |T|
CHANGED MultiBlockProductionCase.CurvedChannelCommittedCaseGate: nograd Passed -> cur Passed; 1 lines, max rel 6.589e-01
          - committed 12x30 x3           cells  1080 | converged 1, 69 it, T | mass imbalance 1.22e-11, max radial-line flow error 3.78e-11 (interfaces 1.83e-11), max block net flow 
          + committed 12x30 x3           cells  1080 | converged 1, 74 it, T | mass imbalance 2.61e-11, max radial-line flow error 3.68e-11 (interfaces 9.71e-12), max block net flow 
CHANGED MultiBlockProductionCase.CurvedChannelGridConvergence: nograd Passed -> cur Passed; 29 lines, max rel 1.512e+00
          - 8x20 x3                      cells   480 | converged 1, 39 it, T | mass imbalance 5.70e-10, max radial-line flow error 6.19e-10 (interfaces 5.33e-10), max block net flow 
          + 8x20 x3                      cells   480 | converged 1, 44 it, T | mass imbalance 6.09e-12, max radial-line flow error 1.69e-11 (interfaces 1.14e-11), max block net flow 
          - 12x30 x3                     cells  1080 | converged 1, 69 it, T | mass imbalance 1.20e-11, max radial-line flow error 3.69e-11 (interfaces 1.86e-11), max block net flow 
          + 12x30 x3                     cells  1080 | converged 1, 74 it, T | mass imbalance 2.56e-11, max radial-line flow error 3.69e-11 (interfaces 1.00e-11), max block net flow 
          - 18x45 x3                     cells  2430 | converged 1, 129 it, T | mass imbalance 8.74e-12, max radial-line flow error 8.03e-11 (interfaces 2.92e-11), max block net flow
          + 18x45 x3                     cells  2430 | converged 1, 133 it, T | mass imbalance 2.47e-10, max radial-line flow error 2.61e-10 (interfaces 1.87e-10), max block net flow
          - | coarse | 8 x 60 | 480 | 0.121352 |T| Converged (39 it) | yes |
          + | coarse | 8 x 60 | 480 | 0.121352 |T| Converged (44 it) | yes |
CHANGED MultiBlockProductionCase.CurvedChannelInterfacesAreTransparent: nograd Passed -> cur Passed; 3 lines, max rel 6.589e-01
          - 3 blocks                     cells  1080 | converged 1, 69 it, T | mass imbalance 1.22e-11, max radial-line flow error 3.78e-11 (interfaces 1.83e-11), max block net flow 
          + 3 blocks                     cells  1080 | converged 1, 74 it, T | mass imbalance 2.61e-11, max radial-line flow error 3.68e-11 (interfaces 9.71e-12), max block net flow 
          - 1 block (same vertices)      cells  1080 | converged 1, 69 it, T | mass imbalance 1.25e-11, max radial-line flow error 3.92e-11 (interfaces 1.79e-11), max block net flow 
          + 1 block (same vertices)      cells  1080 | converged 1, 74 it, T | mass imbalance 2.52e-11, max radial-line flow error 3.68e-11 (interfaces 1.03e-11), max block net flow 
          - 3-block vs 1-block: max |du| 1.358e-11, max |dp| 3.253e-11 (3.776e-12 of the total pressure drop), iterations 69 vs 69
          + 3-block vs 1-block: max |du| 1.121e-11, max |dp| 6.240e-11 (7.242e-12 of the total pressure drop), iterations 74 vs 74
CHANGED MultiBlockProductionCase.ObstacleChannelInternalSolid: nograd Passed -> cur Passed; 1 lines, max rel 8.642e-02
          - obstacle channel: 3486 it, mass imbalance 1.23e-12, max face-line flow error 3.27e-11, symmetry max |du| 2.22e-10 |dv| 2.64e-10 |dp| 2.53e-09
          + obstacle channel: 3486 it, mass imbalance 1.27e-12, max face-line flow error 3.26e-11, symmetry max |du| 2.43e-10 |dv| 2.69e-10 |dp| 2.59e-09
CHANGED MultiBlockProductionCase.SectorConductionInterfaceConservation: nograd Passed -> cur Passed; 10 lines, max rel 9.914e-01
          - sector 8x20 x3: thermal converged 1 (3 it) | T L2 4.3066e-06 | heat flow hot end 0.1470374544, interface 1 0.1470374544, interface 2 0.1470374544, cold end 0.1470374544 (
          + sector 8x20 x3: thermal converged 1 (4 it) | T L2 4.3094e-06 | heat flow hot end 0.1470374558, interface 1 0.1470374558, interface 2 0.1470374558, cold end 0.1470374558 (
          -   max per-cell imbalance 1.267e-11 vs derived bound 1.471e-09
          +   max per-cell imbalance 1.505e-12 vs derived bound 1.471e-09
          -   energy balance: in 0.147037454443, out 0.147037454443, |in - out| = 2.944e-14 Q
          +   energy balance: in 0.147037455787, out 0.147037455787, |in - out| = 7.171e-14 Q
          - sector 12x30 x3: thermal converged 1 (3 it) | T L2 1.2776e-06 | heat flow hot end 0.1470663342, interface 1 0.1470663342, interface 2 0.1470663342, cold end 0.1470663342 
          + sector 12x30 x3: thermal converged 1 (4 it) | T L2 1.2780e-06 | heat flow hot end 0.1470663344, interface 1 0.1470663344, interface 2 0.1470663344, cold end 0.1470663344 
CHANGED MultiBlockProductionCase.StepChannelRegression: nograd Passed -> cur Passed; 1 lines, max rel 8.163e-03
          - step channel: 633 it, mass imbalance 2.43e-11, max face-line flow error 4.04e-11, reversed bottom-row cells 11 (last at x = 3.3125), far-field max |u - 3y(1-y)| 1.457e-03
          + step channel: 633 it, mass imbalance 2.45e-11, max face-line flow error 4.06e-11, reversed bottom-row cells 11 (last at x = 3.3125), far-field max |u - 3y(1-y)| 1.457e-03
CHANGED NaturalConvectionValidation.GridConvergence: nograd Passed -> cur Passed; 10 lines, max rel 2.771e-05
          - | extrapolated | 1.1172748 | | -0.002725 | |
          + | extrapolated | 1.1172753 | | -0.002725 | |
          - | 1.333 | 1.5 | 0.7688 | 1 | 1.1172748 | 0.02046 | 0.01805 | 0.02243 | 0.9217 | asymptotic | no |
          + | 1.333 | 1.5 | 0.7688 | 1 | 1.1172753 | 0.02046 | 0.01805 | 0.02243 | 0.9217 | asymptotic | no |
          - - monotonic convergence, observed order 0.768781 (formal 1); asymptotic ratio 0.921713 within 1 +/- 0.1
          + - monotonic convergence, observed order 0.768796 (formal 1); asymptotic ratio 0.921718 within 1 +/- 0.1
          - - grid independence: GCI21 0.0180462 > threshold 0.01
          + - grid independence: GCI21 0.0180457 > threshold 0.01
CHANGED ObliqueNeumannGradient.NonZeroPrescribedGradientsLinearFieldIsExact: nograd Passed -> cur Passed; 1 lines, max rel 4.766e-01
          - prescribed gradients: max |grad error| least_squares 4.890e-15, green_gauss 1.719e-07
          + prescribed gradients: max |grad error| least_squares 4.890e-15, green_gauss 3.284e-07
CHANGED ObliqueNeumannGradient.ZeroGradientWallsLinearFieldIsExact: nograd Passed -> cur Passed; 1 lines, max rel 4.986e-01
          - zero-gradient walls: max |grad error| least_squares 2.308e-16, green_gauss 3.331e-07
          + zero-gradient walls: max |grad error| least_squares 2.308e-16, green_gauss 6.643e-07
CHANGED PoiseuilleValidation.GridConvergence: nograd Passed -> cur Passed; 8 lines, max rel 7.915e-05
          - | extrapolated | 1.5000566 | | 5.655e-05 | |
          + | extrapolated | 1.5000565 | | 5.655e-05 | |
          - | 1.5 | 1.5 | 1.9842 | 2 | 1.5000566 | 0.008738 | 0.005852 | 0.01316 | 0.9936 | asymptotic | yes |
          + | 1.5 | 1.5 | 1.9842 | 2 | 1.5000565 | 0.008738 | 0.005852 | 0.01316 | 0.9936 | asymptotic | yes |
          - | coarse | 0.0075931284 | 0 (analytical) | 0.007593 | -- |
          + | coarse | 0.0075931286 | 0 (analytical) | 0.007593 | -- |
          - | medium | 0.0035093934 | 0 (analytical) | 0.003509 | -- |
          + | medium | 0.0035093918 | 0 (analytical) | 0.003509 | -- |
CHANGED PoiseuilleValidation.ProductionGridConvergence: nograd Passed -> cur Passed; 29 lines, max rel 8.753e-01
          - | poiseuille_re10/64x8/upwind | 10 | 64x8 | upwind | Converged | 1524 | 22532 / 104619 | 1.53e-09 |T| yes |
          + | poiseuille_re10/64x8/upwind | 10 | 64x8 | upwind | Converged | 1524 | 22529 / 104638 | 1.19e-09 |T| yes |
          - | poiseuille_re10/96x12/upwind | 10 | 96x12 | upwind | Converged | 1135 | 17048 / 106305 | 2.59e-09 |T| yes |
          + | poiseuille_re10/96x12/upwind | 10 | 96x12 | upwind | Converged | 1135 | 17050 / 106657 | 7.95e-10 |T| yes |
          - | poiseuille_re10/144x18/upwind | 10 | 144x18 | upwind | Converged | 856 | 14185 / 112563 | 2.24e-09 |T| yes |
          + | poiseuille_re10/144x18/upwind | 10 | 144x18 | upwind | Converged | 856 | 14183 / 111574 | 2.12e-09 |T| yes |
          - | poiseuille_re10/216x27/upwind | 10 | 216x27 | upwind | Converged | 700 | 13406 / 127924 | 4.55e-09 |T| yes |
          + | poiseuille_re10/216x27/upwind | 10 | 216x27 | upwind | Converged | 700 | 13408 / 128742 | 5.87e-09 |T| yes |
CHANGED SIMPLE3D.NonOrthogonalCorrectionPassesAgreeWithUncorrectedOnCartesianHexahedra: nograd Passed -> cur Passed; 1 lines, max rel 5.993e-01
          - G3.4'(b): max |du| 8.231e-15, |dF|/max|F| 2.170e-14, |dp|/range 1.351e-14
          + G3.4'(b): max |du| 3.826e-15, |dF|/max|F| 1.000e-14, |dp|/range 5.414e-15
CHANGED SIMPLE3D.PressureReferenceDoesNotChangeVelocityOrFlux: nograd Passed -> cur Passed; 1 lines, max rel 1.975e-01
          - G3.2: max |du| 2.850e-14, max |dF| / max|F| 5.857e-14, gauge-removed |dp| / range 5.099e-14 (iterations 76 / 76)
          + G3.2: max |du| 2.290e-14, max |dF| / max|F| 4.700e-14, gauge-removed |dp| / range 4.151e-14 (iterations 76 / 76)
CHANGED SIMPLEMMS.ConvergesFromNonExactInitialCondition: nograd Passed -> cur Passed; 1 lines, max rel 1.274e-02
          - SIMPLE MMS 16x16 upwind: from rest 1665 outer iterations, from (-0.5 U_exact, p = 10) 1676; max |difference| u 4.161e-09, v 5.059e-09, p (modulo gauge) 3.794e-07
          + SIMPLE MMS 16x16 upwind: from rest 1665 outer iterations, from (-0.5 U_exact, p = 10) 1676; max |difference| u 4.108e-09, v 5.006e-09, p (modulo gauge) 3.746e-07
CHANGED SIMPLEMMS.VelocityConvergesAtExpectedOrder: nograd Passed -> cur Passed; 13 lines, max rel 1.475e-01
          - | 32x32 | 2.8290e-04 | 3.2443e-04 | 7.8779e-04 |
          + | 32x32 | 2.8291e-04 | 3.2443e-04 | 7.8779e-04 |
          - | 8x8 | 1.4876e-10 | 6.0029e-10 | 4.7603e-09 |
          + | 8x8 | 1.4886e-10 | 6.0074e-10 | 4.7637e-09 |
          - | 16x16 | 2.9479e-10 | 2.3637e-09 | 3.7733e-08 |
          + | 16x16 | 2.9068e-10 | 2.3306e-09 | 3.7207e-08 |
          - | 32x32 | 6.2758e-10 | 1.0046e-08 | 3.2132e-07 |
          + | 32x32 | 5.7254e-10 | 9.1359e-09 | 2.9217e-07 |
CHANGED SIMPLENonOrthogonalTest.CartesianExtraPassesOnlyDifferByLinearSolverTolerance: nograd Passed -> cur Passed; 1 lines, max rel 1.582e-01
          - Cartesian cavity 4x4: N=0 406 iterations, N=3 406 iterations, max|du| 5.96e-17
          + Cartesian cavity 4x4: N=0 406 iterations, N=3 406 iterations, max|du| 7.08e-17
CHANGED SIMPLENonOrthogonalTest.DistortedMeshStrong: nograd Passed -> cur Passed; 3 lines, max rel 6.296e-01
          - Distorted cavity 10x10 strong 0.45h GG N=0: 1038 iterations, final continuity 8.14e-11, global imbalance 0, max continuity over history 1.87e-10, ||b_p|| 0.052 -> 9.98e-0
          + Distorted cavity 10x10 strong 0.45h GG N=0: 1474 iterations, final continuity 3.05e-11, global imbalance 0, max continuity over history 1.87e-10, ||b_p|| 0.052 -> 9.98e-0
          - Distorted cavity 10x10 strong 0.45h GG N=1: 1047 iterations, final continuity 8.1e-11, global imbalance 0, max continuity over history 1.77e-10, ||b_p|| 0.0519 -> 9.96e-0
          + Distorted cavity 10x10 strong 0.45h GG N=1: 1488 iterations, final continuity 3e-11, global imbalance 0, max continuity over history 2.61e-10, ||b_p|| 0.0519 -> 9.99e-07,
          - Distorted cavity 10x10 strong 0.45h GG N=2: 1047 iterations, final continuity 8.47e-11, global imbalance 0, max continuity over history 3.35e-10, ||b_p|| 0.0518 -> 9.95e-
          + Distorted cavity 10x10 strong 0.45h GG N=2: 1488 iterations, final continuity 4.67e-11, global imbalance 0, max continuity over history 3.73e-10, ||b_p|| 0.0518 -> 9.98e-
CHANGED SIMPLERobustnessTest.AdaptiveRelaxationRecovery: nograd Passed -> cur Passed; 1 lines, max rel 3.412e-01
          - Fixed 0.9/0.9: status 8, 21 iterations, final u 1.26e+13 v 1.71e+12 p 1.28e+06 continuity 1.39e-05, alpha 0.9/0.9 (min 0.9), increases 0 decreases 0, fallbacks 0 (recover
          + Fixed 0.9/0.9: status 8, 21 iterations, final u 1.26e+13 v 1.71e+12 p 1.28e+06 continuity 2.11e-05, alpha 0.9/0.9 (min 0.9), increases 0 decreases 0, fallbacks 0 (recover
CHANGED SIMPLERobustnessTest.BookkeepingOverheadIsSmall: nograd Passed -> cur Passed; 1 lines, max rel 8.429e-02
          - Cavity 8x8, 1093 iterations: robustness off T, detectors+fallback on T (ratio 1.044)
          + Cavity 8x8, 1093 iterations: robustness off T, detectors+fallback on T (ratio 0.956)
CHANGED SIMPLERobustnessTest.DivergenceStatus: nograd Passed -> cur Passed; 1 lines, max rel 3.412e-01
          - Aggressive fixed relaxation 0.9/0.9, divergence detection on: status 8, 21 iterations, final u 1.26e+13 v 1.71e+12 p 1.28e+06 continuity 1.39e-05, alpha 0.9/0.9 (min 0.9)
          + Aggressive fixed relaxation 0.9/0.9, divergence detection on: status 8, 21 iterations, final u 1.26e+13 v 1.71e+12 p 1.28e+06 continuity 2.11e-05, alpha 0.9/0.9 (min 0.9)
CHANGED SIMPLERobustnessTest.LinearSolverFallbackRecovery: nograd Passed -> cur Passed; 2 lines, max rel 2.367e-01
          - P12-COMP-002 channel, BiCGSTAB pressure, fallback off: status 1, 60 iterations, final u 0.0586 v 0.119 p 0.0051 continuity 5.07e-10, alpha 0.7/0.3 (min 0.7), increases 0 
          + P12-COMP-002 channel, BiCGSTAB pressure, fallback off: status 1, 60 iterations, final u 0.0586 v 0.119 p 0.0051 continuity 3.87e-10, alpha 0.7/0.3 (min 0.7), increases 0 
          - P12-COMP-002 channel, BiCGSTAB pressure, fallback on: status 1, 60 iterations, final u 0.0586 v 0.119 p 0.0051 continuity 5.07e-10, alpha 0.7/0.3 (min 0.7), increases 0 d
          + P12-COMP-002 channel, BiCGSTAB pressure, fallback on: status 1, 60 iterations, final u 0.0586 v 0.119 p 0.0051 continuity 3.87e-10, alpha 0.7/0.3 (min 0.7), increases 0 d
CHANGED ScalarMMS.DistortedMeshNonOrthogonalCorrection: nograd Passed -> cur Passed; 1 lines, max rel 2.863e-05
          - | 16x16 | 1.3757e-03 | 1.7029e-03 | 3.4926e-03 |
          + | 16x16 | 1.3757e-03 | 1.7029e-03 | 3.4927e-03 |
CHANGED SchemeValidation.AccuracyCostComparison: nograd Passed -> cur Passed; 4 lines, max rel 1.102e-03
          - | cavity_re100/20x20/upwind | 100 | 20x20 | upwind | Converged | 3312 | 40286 / 175654 | 0 |T| yes |
          + | cavity_re100/20x20/upwind | 100 | 20x20 | upwind | Converged | 3312 | 40262 / 175647 | 0 |T| yes |
          - | cavity_re100/20x20/central | 100 | 20x20 | central | Converged | 3208 | 41009 / 169026 | 0 |T| yes |
          + | cavity_re100/20x20/central | 100 | 20x20 | central | Converged | 3208 | 41025 / 169072 | 0 |T| yes |
          - | cavity_re100/20x20/linear_upwind | 100 | 20x20 | linear_upwind | Converged | 3359 | 42639 / 174044 | 0 |T| yes |
          + | cavity_re100/20x20/linear_upwind | 100 | 20x20 | linear_upwind | Converged | 3359 | 42633 / 174236 | 0 |T| yes |
          - | cavity_re100/20x20/quick | 100 | 20x20 | quick | Converged | 3265 | 42141 / 171471 | 0 |T| yes |
          + | cavity_re100/20x20/quick | 100 | 20x20 | quick | Converged | 3265 | 42117 / 171517 | 0 |T| yes |
CHANGED SkewnessTest.CorrectedProductionOperatorImprovesError: nograd Passed -> cur Passed; 1 lines, max rel 1.211e-03
          - Green-Gauss gradient, linear field, distorted 10x10 (0.45h): max error by sweep: 0:0.0876 1:0.000408 2:6.27e-06 3:4.82e-08 4:1.13e-09 5:8.26e-12
          + Green-Gauss gradient, linear field, distorted 10x10 (0.45h): max error by sweep: 0:0.0876 1:0.000408 2:6.27e-06 3:4.82e-08 4:1.13e-09 5:8.25e-12
CHANGED StructuredQuadProductionCase.CompressibleSimpleMatchesLubricationSolutionOnDistortedMesh: nograd Passed -> cur Passed; 1 lines, max rel 4.178e-01
          - distorted lubrication channel: iterations 3668, p error L2 9.9108e-03 Linf 2.5613e-02
          + distorted lubrication channel: iterations 2472, p error L2 5.7699e-03 Linf 1.9925e-02
CHANGED StructuredQuadProductionCase.DistortedPoiseuilleGridConvergence: nograd Passed -> cur Passed; 22 lines, max rel 7.467e-01
          - 64x8: non-orthogonality max 44.76 deg, skewness max 0.1318, iterations 36, velocity L2 1.0923e-02 (Cartesian 8.4927e-03), dp/dx -1.203739, column flow error 2.02e-11
          + 64x8: non-orthogonality max 44.76 deg, skewness max 0.1318, iterations 39, velocity L2 1.0921e-02 (Cartesian 8.4927e-03), dp/dx -1.203735, column flow error 6.14e-11
          - 96x12: non-orthogonality max 47.18 deg, skewness max 0.0910, iterations 62, velocity L2 4.6462e-03 (Cartesian 3.7905e-03), dp/dx -1.198751, column flow error 4.18e-11
          + 96x12: non-orthogonality max 47.18 deg, skewness max 0.0910, iterations 65, velocity L2 4.6453e-03 (Cartesian 3.7905e-03), dp/dx -1.198748, column flow error 1.65e-10
          - 144x18: non-orthogonality max 48.25 deg, skewness max 0.0609, iterations 114, velocity L2 2.0074e-03 (Cartesian 1.6879e-03), dp/dx -1.198703, column flow error 4.18e-11
          + 144x18: non-orthogonality max 48.25 deg, skewness max 0.0609, iterations 117, velocity L2 2.0069e-03 (Cartesian 1.6879e-03), dp/dx -1.198720, column flow error 8.15e-11
          - | coarse | 64 x 8 | 512 | 0.125 |T| Converged (36 it) | yes |
          + | coarse | 64 x 8 | 512 | 0.125 |T| Converged (39 it) | yes |
CHANGED StructuredQuadProductionCase.DistortedPoiseuilleMatchesAnalyticalSolution: nograd Passed -> cur Passed; 1 lines, max rel 9.708e-01
          - 64x8: iterations 36, velocity L2 1.0923e-02 (Cartesian 8.4927e-03), dp/dx -1.203739 (exact -1.200000), max column flow error 2.02e-11, mass imbalance 1.16e-12
          + 64x8: iterations 39, velocity L2 1.0921e-02 (Cartesian 8.4927e-03), dp/dx -1.203735 (exact -1.200000), max column flow error 6.14e-11, mass imbalance 3.97e-11
CHANGED StructuredQuadProductionCase.KEpsilonChannelMatchesCartesianOnTiltedMesh: nograd Passed -> cur Passed; 1 lines, max rel 1.253e-04
          - k_epsilon Re_tau: Cartesian 438.690, distorted 439.079
          + k_epsilon Re_tau: Cartesian 438.690, distorted 439.024
CHANGED StructuredQuadProductionCase.NonOrthogonalCorrectionIsActiveOnTheProductionPath: nograd Passed -> cur Passed; 1 lines, max rel 4.286e-04
          - activation: velocity L2 uncorrected 1.6324e-02, corrected 1.0923e-02, requirement 1.2739e-02 (1.5x Cartesian)
          + activation: velocity L2 uncorrected 1.6331e-02, corrected 1.0921e-02, requirement 1.2739e-02 (1.5x Cartesian)
CHANGED StructuredQuadProductionCase.SstChannelMatchesCartesianOnTiltedMesh: nograd Passed -> cur Passed; 1 lines, max rel 4.314e-03
          - sst Re_tau: Cartesian 298.014, distorted 307.170
          + sst Re_tau: Cartesian 298.014, distorted 308.501
CHANGED StructuredQuadProductionCase.ThermalAndSpeciesMatchLinearProfilesOnDistortedSlab: nograd Passed -> cur Passed; 1 lines, max rel 2.399e-02
          - green_gauss: max |T - T_exact| 1.459e-06 K, max |Y - Y_exact| 4.282e-07
          + green_gauss: max |T - T_exact| 1.424e-06 K, max |Y - Y_exact| 4.260e-07
CHANGED ThermalNonOrthogonalTest.NonOrthogonalDiffusion: nograd Passed -> cur Passed; 4 lines, max rel 7.283e-01
          - Conduction, distorted 0.45h, uncorrected: L1 0.01896 0.01012 0.005188 (p 0.905 0.965) | L2 0.02629 0.01404 0.007149 (p 0.905 0.974) | Linf 0.06182 0.03278 0.0167 (p 0.915
          + Conduction, distorted 0.45h, uncorrected: L1 0.01897 0.01012 0.005188 (p 0.906 0.965) | L2 0.0263 0.01404 0.007149 (p 0.905 0.974) | Linf 0.06184 0.03278 0.0167 (p 0.916 
          -   energy balance sum(A T - b): -1.38e-11 -3.24e-11 -9.02e-11
          +   energy balance sum(A T - b): -2.34e-11 -4.18e-11 -9.29e-11
          - Conduction, distorted 0.45h, corrected(GG): L1 0.001162 0.0003315 9.368e-05 (p 1.809 1.823) | L2 0.001525 0.0004285 0.0001194 (p 1.832 1.844) | Linf 0.003638 0.0009729 0.
          + Conduction, distorted 0.45h, corrected(GG): L1 0.001158 0.0003319 9.37e-05 (p 1.803 1.825) | L2 0.00154 0.0004293 0.0001194 (p 1.843 1.846) | Linf 0.00368 0.0009757 0.000
          -   energy balance sum(A T - b): 1.97e-11 1.28e-11 1.06e-11
          +   energy balance sum(A T - b): 1.76e-11 3.62e-12 2.88e-12
summary: CHANGED 53, SAME 1913, TEXT 2
exit 0
