# P12-GRAD-002 A2 a2_3d  tree=repo  libcfdcore.a 143a1dda0680bc1d481a0360095ca7c643ffc9e2a2dc53bbd1d55d5a8202132a
# probe source ea23914d547a  args:   start 2026-09-17T13:11:59Z
# P12-GRAD-002 A2 dry-run: linear-field Green-Gauss on skewed 2D/3D meshes, planar and warped faces
# phi = (1.3, -0.9, 0.4) . x + 0.7; all errors relative to |grad phi| = 1.630951; production sweeps K = 4
REF2D Q16 (C2's mesh)          geom | warp 0.000e+00 skew 2.065e-02 m_f 1.763e-01 t [0.493,0.507] alpha 5.881e-02 | floor 1.53e-13
REF2D Q16 (C2's mesh)          K    0:1.12e-01 1:1.41e-04 2:4.42e-06 3:2.71e-08 4:3.77e-10 5:5.28e-12 6:7.39e-14 7:2.63e-14 8:2.63e-14 64:2.63e-14
REF2D Q16 (C2's mesh)          K=4 | error 3.769e-10 | converged (K=64) 2.633e-14 | truncation |e4-e64| 3.769e-10 | |e4-PG| 3.769e-10 | bound max 9.455e-10 | recursion K=1..8: worst |e-PG|/(bound+floor) 9.459e-01, cells over 0 -> HOLDS | control PG:=0: cells over 0
REF2D NUM-003 10x10 0.45h      geom | warp 0.000e+00 skew 4.577e-02 m_f 2.874e-01 t [0.490,0.514] alpha 1.035e-01 | floor 9.71e-14
REF2D NUM-003 10x10 0.45h      K    0:1.54e-01 1:6.40e-04 2:6.89e-05 3:2.77e-07 4:2.74e-08 5:1.68e-10 6:1.12e-11 7:9.09e-14 8:8.99e-15 64:7.86e-15
REF2D NUM-003 10x10 0.45h      K=4 | error 2.738e-08 | converged (K=64) 7.857e-15 | truncation |e4-e64| 2.738e-08 | |e4-PG| 2.738e-08 | bound max 5.920e-08 | recursion K=1..8: worst |e-PG|/(bound+floor) 8.886e-01, cells over 0 -> HOLDS | control PG:=0: cells over 0
REF2D NUM-003 20x20 0.45h      geom | warp 0.000e+00 skew 1.157e-02 m_f 1.471e-01 t [0.497,0.503] alpha 2.647e-02 | floor 1.86e-13
REF2D NUM-003 20x20 0.45h      K    0:6.43e-02 1:3.55e-05 2:1.83e-06 3:1.01e-09 4:5.09e-11 5:4.80e-14 6:4.80e-14 7:4.80e-14 8:4.80e-14 64:4.80e-14
REF2D NUM-003 20x20 0.45h      K=4 | error 5.089e-11 | converged (K=64) 4.800e-14 | truncation |e4-e64| 5.089e-11 | |e4-PG| 5.089e-11 | bound max 1.006e-10 | recursion K=1..8: worst |e-PG|/(bound+floor) 9.679e-01, cells over 0 -> HOLDS | control PG:=0: cells over 0
PLANAR planar s=1 8^3           geom | warp 6.403e-17 skew 3.339e-02 m_f 3.363e-01 t [0.499,0.518] alpha 6.552e-02 | vol 2.44e-15 area 3.75e-16 | PG 5.111e-15 D 7.432e-15 | floor 1.31e-13
PLANAR planar s=1 8^3           K    0:2.37e-01 1:4.56e-02 2:8.82e-03 3:1.70e-03 4:3.28e-04 5:6.31e-05 6:1.22e-05 7:2.34e-06 8:4.53e-07 64:6.30e-15
PLANAR planar s=1 8^3           PG/floor 3.900e-02 -> not resolved (planar or round-off)
PLANAR planar s=1 8^3           K=4 | error 3.278e-04 | converged (K=64) 6.298e-15 | truncation |e4-e64| 3.278e-04 | |e4-PG| 3.278e-04 | bound max 7.738e-04 | recursion K=1..8: worst |e-PG|/(bound+floor) 6.361e-01, cells over 0 -> HOLDS | control PG:=0: cells over 0
PLANAR planar s=1 16^3          geom | warp 6.427e-17 skew 1.813e-02 m_f 3.408e-01 t [0.498,0.509] alpha 3.773e-02 | vol 5.11e-15 area 4.44e-16 | PG 1.502e-14 D 2.086e-14 | floor 2.68e-13
PLANAR planar s=1 16^3          K    0:2.34e-01 1:4.48e-02 2:8.61e-03 3:1.65e-03 4:3.17e-04 5:6.08e-05 6:1.17e-05 7:2.24e-06 8:4.30e-07 64:1.52e-14
PLANAR planar s=1 16^3          PG/floor 5.596e-02 -> not resolved (planar or round-off)
PLANAR planar s=1 16^3          K=4 | error 3.169e-04 | converged (K=64) 1.524e-14 | truncation |e4-e64| 3.169e-04 | |e4-PG| 3.169e-04 | bound max 7.331e-04 | recursion K=1..8: worst |e-PG|/(bound+floor) 7.668e-01, cells over 0 -> HOLDS | control PG:=0: cells over 0
PLANAR planar s=1 32^3          geom | warp 8.822e-17 skew 9.358e-03 m_f 3.406e-01 t [0.499,0.505] alpha 1.940e-02 | vol 1.17e-14 area 4.72e-16 | PG 3.293e-14 D 5.123e-14 | floor 5.43e-13
PLANAR planar s=1 32^3          K    0:2.32e-01 1:4.44e-02 2:8.51e-03 3:1.63e-03 4:3.12e-04 5:5.99e-05 6:1.15e-05 7:2.20e-06 8:4.22e-07 64:3.07e-14
PLANAR planar s=1 32^3          PG/floor 6.060e-02 -> not resolved (planar or round-off)
PLANAR planar s=1 32^3          K=4 | error 3.124e-04 | converged (K=64) 3.072e-14 | truncation |e4-e64| 3.124e-04 | |e4-PG| 3.124e-04 | bound max 7.219e-04 | recursion K=1..8: worst |e-PG|/(bound+floor) 7.982e-01, cells over 0 -> HOLDS | control PG:=0: cells over 0
PLANAR planar s=1e-06 16^3      geom | warp 5.294e-23 skew 1.802e-08 m_f 3.522e-07 t [0.500,0.500] alpha 3.536e-08 | vol 4.88e-15 area 4.44e-16 | PG 1.143e-14 D 1.796e-14 | floor 2.47e-13
PLANAR planar s=1e-06 16^3      K    0:1.85e-07 1:4.04e-14 2:1.39e-14 3:1.39e-14 4:1.39e-14 5:1.39e-14 6:1.39e-14 7:1.39e-14 8:1.39e-14 64:1.39e-14
PLANAR planar s=1e-06 16^3      PG/floor 4.633e-02 -> not resolved (planar or round-off)
PLANAR planar s=1e-06 16^3      K=4 | error 1.392e-14 | converged (K=64) 1.392e-14 | truncation |e4-e64| 0.000e+00 | |e4-PG| 1.067e-14 | bound max 3.120e-21 | recursion K=1..8: worst |e-PG|/(bound+floor) 1.199e-01, cells over 0 -> HOLDS | control PG:=0: cells over 0
PLANAR planar s=0.001 16^3      geom | warp 1.084e-19 skew 1.802e-05 m_f 3.522e-04 t [0.500,0.500] alpha 3.536e-05 | vol 4.44e-15 area 4.44e-16 | PG 1.428e-14 D 1.948e-14 | floor 2.47e-13
PLANAR planar s=0.001 16^3      K    0:1.85e-04 1:3.70e-08 2:7.40e-12 3:1.25e-14 4:1.25e-14 5:1.25e-14 6:1.25e-14 7:1.25e-14 8:1.25e-14 64:1.25e-14
PLANAR planar s=0.001 16^3      PG/floor 5.787e-02 -> not resolved (planar or round-off)
PLANAR planar s=0.001 16^3      K=4 | error 1.248e-14 | converged (K=64) 1.248e-14 | truncation |e4-e64| 1.361e-16 | |e4-PG| 1.378e-14 | bound max 3.613e-18 | recursion K=1..8: worst |e-PG|/(bound+floor) 4.917e-01, cells over 0 -> HOLDS | control PG:=0: cells over 0
PLANAR planar s=0.25 16^3       geom | warp 1.482e-17 skew 4.546e-03 m_f 8.829e-02 t [0.500,0.502] alpha 8.982e-03 | vol 4.88e-15 area 6.28e-16 | PG 1.237e-14 D 1.618e-14 | floor 2.51e-13
PLANAR planar s=0.25 16^3       K    0:4.92e-02 1:2.45e-03 2:1.23e-04 3:6.12e-06 4:3.05e-07 5:1.52e-08 6:7.61e-10 7:3.80e-11 8:1.90e-12 64:1.48e-14
PLANAR planar s=0.25 16^3       PG/floor 4.924e-02 -> not resolved (planar or round-off)
PLANAR planar s=0.25 16^3       K=4 | error 3.054e-07 | converged (K=64) 1.476e-14 | truncation |e4-e64| 3.054e-07 | |e4-PG| 3.054e-07 | bound max 6.704e-07 | recursion K=1..8: worst |e-PG|/(bound+floor) 7.149e-01, cells over 0 -> HOLDS | control PG:=0: cells over 0
PLANAR planar s=0.5 16^3        geom | warp 4.862e-17 skew 9.129e-03 m_f 1.757e-01 t [0.499,0.505] alpha 1.825e-02 | vol 5.33e-15 area 4.88e-16 | PG 1.206e-14 D 1.969e-14 | floor 2.56e-13
PLANAR planar s=0.5 16^3        K    0:1.05e-01 1:1.03e-02 2:1.03e-03 3:1.01e-04 4:1.01e-05 5:9.95e-07 6:9.86e-08 7:9.76e-09 8:9.67e-10 64:1.39e-14
PLANAR planar s=0.5 16^3        PG/floor 4.706e-02 -> not resolved (planar or round-off)
PLANAR planar s=0.5 16^3        K=4 | error 1.005e-05 | converged (K=64) 1.391e-14 | truncation |e4-e64| 1.005e-05 | |e4-PG| 1.005e-05 | bound max 2.234e-05 | recursion K=1..8: worst |e-PG|/(bound+floor) 7.408e-01, cells over 0 -> HOLDS | control PG:=0: cells over 0
PLANAR planar s=2 16^3          geom | warp 1.529e-16 skew 3.477e-02 m_f 6.012e-01 t [0.497,0.520] alpha 8.091e-02 | vol 6.00e-15 area 5.16e-16 | PG 1.580e-14 D 2.932e-14 | floor 3.01e-13
PLANAR planar s=2 16^3          K    0:5.61e-01 1:1.93e-01 2:6.63e-02 3:2.28e-02 4:7.85e-03 5:2.70e-03 6:9.29e-04 7:3.19e-04 8:1.10e-04 64:2.05e-14
PLANAR planar s=2 16^3          PG/floor 5.244e-02 -> not resolved (planar or round-off)
PLANAR planar s=2 16^3          K=4 | error 7.848e-03 | converged (K=64) 2.048e-14 | truncation |e4-e64| 7.848e-03 | |e4-PG| 7.848e-03 | bound max 2.070e-02 | recursion K=1..8: worst |e-PG|/(bound+floor) 8.207e-01, cells over 0 -> HOLDS | control PG:=0: cells over 0
WARPED warped A=0.05 8^3        geom | warp 6.228e-02 skew 1.763e-02 m_f 1.887e-01 t [0.489,0.515] alpha 9.129e-02 | vol 2.33e-15 area 4.41e-16 | PG 1.242e-03 D 1.242e-03 | floor 1.29e-13
WARPED warped A=0.05 8^3        K    0:6.16e-02 1:1.26e-03 2:1.24e-03 3:1.24e-03 4:1.24e-03 5:1.24e-03 6:1.24e-03 7:1.24e-03 8:1.24e-03 64:1.24e-03
WARPED warped A=0.05 8^3        PG/floor 9.645e+09 -> RESOLVED
WARPED warped A=0.05 8^3        K=4 | error 1.244e-03 | converged (K=64) 1.244e-03 | truncation |e4-e64| 5.013e-09 | |e4-PG| 3.613e-05 | bound max 4.618e-05 | recursion K=1..8: worst |e-PG|/(bound+floor) 8.633e-01, cells over 0 -> HOLDS | control PG:=0: cells over 3713
WARPED warped A=0.05 16^3       geom | warp 3.144e-02 skew 9.550e-03 m_f 2.033e-01 t [0.494,0.508] alpha 4.978e-02 | vol 6.55e-15 area 5.80e-16 | PG 3.273e-04 D 3.273e-04 | floor 2.63e-13
WARPED warped A=0.05 16^3       K    0:6.46e-02 1:3.28e-04 2:3.27e-04 3:3.27e-04 4:3.27e-04 5:3.27e-04 6:3.27e-04 7:3.27e-04 8:3.27e-04 64:3.27e-04
WARPED warped A=0.05 16^3       PG/floor 1.245e+09 -> RESOLVED
WARPED warped A=0.05 16^3       K=4 | error 3.275e-04 | converged (K=64) 3.275e-04 | truncation |e4-e64| 4.412e-10 | |e4-PG| 1.037e-05 | bound max 1.213e-05 | recursion K=1..8: worst |e-PG|/(bound+floor) 9.643e-01, cells over 0 -> HOLDS | control PG:=0: cells over 30582
WARPED warped A=0.05 32^3       geom | warp 1.576e-02 skew 4.851e-03 m_f 2.071e-01 t [0.497,0.504] alpha 2.527e-02 | vol 1.14e-14 area 6.50e-16 | PG 8.291e-05 D 8.291e-05 | floor 5.31e-13
WARPED warped A=0.05 32^3       K    0:6.53e-02 1:8.30e-05 2:8.29e-05 3:8.29e-05 4:8.29e-05 5:8.29e-05 6:8.29e-05 7:8.29e-05 8:8.29e-05 64:8.29e-05
WARPED warped A=0.05 32^3       PG/floor 1.562e+08 -> RESOLVED
WARPED warped A=0.05 32^3       K=4 | error 8.292e-05 | converged (K=64) 8.292e-05 | truncation |e4-e64| 2.998e-11 | |e4-PG| 2.646e-06 | bound max 3.026e-06 | recursion K=1..8: worst |e-PG|/(bound+floor) 9.917e-01, cells over 0 -> HOLDS | control PG:=0: cells over 251023
WARPED warped A=0 16^3          geom | warp 0.000e+00 skew 0.000e+00 m_f 0.000e+00 t [0.500,0.500] alpha 0.000e+00 | vol 7.11e-15 area 2.22e-16 | PG 8.504e-15 D 1.445e-14 | floor 2.47e-13
WARPED warped A=0 16^3          K    0:7.62e-15 1:7.62e-15 2:7.62e-15 3:7.62e-15 4:7.62e-15 5:7.62e-15 6:7.62e-15 7:7.62e-15 8:7.62e-15 64:7.62e-15
WARPED warped A=0 16^3          PG/floor 3.447e-02 -> not resolved (planar or round-off)
WARPED warped A=0 16^3          K=4 | error 7.621e-15 | converged (K=64) 7.621e-15 | truncation |e4-e64| 0.000e+00 | |e4-PG| 9.742e-15 | bound max 0.000e+00 | recursion K=1..8: worst |e-PG|/(bound+floor) 3.949e-02, cells over 0 -> HOLDS | control PG:=0: cells over 0
WARPED warped A=1e-08 16^3      geom | warp 6.090e-09 skew 1.885e-09 m_f 3.834e-08 t [0.500,0.500] alpha 9.782e-09 | vol 5.66e-15 area 4.44e-16 | PG 6.535e-11 D 6.535e-11 | floor 2.47e-13
WARPED warped A=1e-08 16^3      K    0:1.26e-08 1:6.53e-11 2:6.53e-11 3:6.53e-11 4:6.53e-11 5:6.53e-11 6:6.53e-11 7:6.53e-11 8:6.53e-11 64:6.53e-11
WARPED warped A=1e-08 16^3      PG/floor 2.649e+02 -> RESOLVED
WARPED warped A=1e-08 16^3      K=4 | error 6.535e-11 | converged (K=64) 6.535e-11 | truncation |e4-e64| 0.000e+00 | |e4-PG| 1.173e-14 | bound max 4.561e-19 | recursion K=1..8: worst |e-PG|/(bound+floor) 4.755e-02, cells over 0 -> HOLDS | control PG:=0: cells over 32512
WARPED warped A=1e-06 16^3      geom | warp 6.090e-07 skew 1.885e-07 m_f 3.834e-06 t [0.500,0.500] alpha 9.782e-07 | vol 5.77e-15 area 4.44e-16 | PG 6.534e-09 D 6.534e-09 | floor 2.47e-13
WARPED warped A=1e-06 16^3      K    0:1.26e-06 1:6.53e-09 2:6.53e-09 3:6.53e-09 4:6.53e-09 5:6.53e-09 6:6.53e-09 7:6.53e-09 8:6.53e-09 64:6.53e-09
WARPED warped A=1e-06 16^3      PG/floor 2.649e+04 -> RESOLVED
WARPED warped A=1e-06 16^3      K=4 | error 6.534e-09 | converged (K=64) 6.534e-09 | truncation |e4-e64| 0.000e+00 | |e4-PG| 1.378e-14 | bound max 4.561e-15 | recursion K=1..8: worst |e-PG|/(bound+floor) 1.029e-01, cells over 0 -> HOLDS | control PG:=0: cells over 32768
WARPED warped A=0.0001 16^3     geom | warp 6.090e-05 skew 1.885e-05 m_f 3.835e-04 t [0.500,0.500] alpha 9.782e-05 | vol 6.22e-15 area 4.44e-16 | PG 6.534e-07 D 6.534e-07 | floor 2.47e-13
WARPED warped A=0.0001 16^3     K    0:1.26e-04 1:6.53e-07 2:6.53e-07 3:6.53e-07 4:6.53e-07 5:6.53e-07 6:6.53e-07 7:6.53e-07 8:6.53e-07 64:6.53e-07
WARPED warped A=0.0001 16^3     PG/floor 2.648e+06 -> RESOLVED
WARPED warped A=0.0001 16^3     K=4 | error 6.534e-07 | converged (K=64) 6.534e-07 | truncation |e4-e64| 0.000e+00 | |e4-PG| 3.274e-11 | bound max 4.561e-11 | recursion K=1..8: worst |e-PG|/(bound+floor) 7.559e-01, cells over 0 -> HOLDS | control PG:=0: cells over 32712
WARPED warped A=0.001 16^3      geom | warp 6.094e-04 skew 1.885e-04 m_f 3.840e-03 t [0.500,0.500] alpha 9.783e-04 | vol 4.77e-15 area 4.44e-16 | PG 6.535e-06 D 6.535e-06 | floor 2.47e-13
WARPED warped A=0.001 16^3      K    0:1.26e-03 1:6.54e-06 2:6.53e-06 3:6.53e-06 4:6.53e-06 5:6.53e-06 6:6.53e-06 7:6.53e-06 8:6.53e-06 64:6.53e-06
WARPED warped A=0.001 16^3      PG/floor 2.646e+07 -> RESOLVED
WARPED warped A=0.001 16^3      K=4 | error 6.535e-06 | converged (K=64) 6.535e-06 | truncation |e4-e64| 0.000e+00 | |e4-PG| 3.285e-09 | bound max 4.565e-09 | recursion K=1..8: worst |e-PG|/(bound+floor) 7.724e-01, cells over 0 -> HOLDS | control PG:=0: cells over 32400
WARPED warped A=0.01 16^3       geom | warp 6.129e-03 skew 1.885e-03 m_f 3.891e-02 t [0.499,0.502] alpha 9.792e-03 | vol 5.33e-15 area 4.48e-16 | PG 6.537e-05 D 6.537e-05 | floor 2.49e-13
WARPED warped A=0.01 16^3       K    0:1.27e-02 1:6.54e-05 2:6.54e-05 3:6.54e-05 4:6.54e-05 5:6.54e-05 6:6.54e-05 7:6.54e-05 8:6.54e-05 64:6.54e-05
WARPED warped A=0.01 16^3       PG/floor 2.621e+08 -> RESOLVED
WARPED warped A=0.01 16^3       K=4 | error 6.537e-05 | converged (K=64) 6.537e-05 | truncation |e4-e64| 1.272e-13 | |e4-PG| 3.444e-07 | bound max 4.606e-07 | recursion K=1..8: worst |e-PG|/(bound+floor) 8.854e-01, cells over 0 -> HOLDS | control PG:=0: cells over 31626
WARPED warped A=0.025 16^3      geom | warp 1.547e-02 skew 4.712e-03 m_f 9.919e-02 t [0.497,0.504] alpha 2.461e-02 | vol 5.33e-15 area 4.43e-16 | PG 1.635e-04 D 1.635e-04 | floor 2.54e-13
WARPED warped A=0.025 16^3      K    0:3.20e-02 1:1.64e-04 2:1.64e-04 3:1.64e-04 4:1.64e-04 5:1.64e-04 6:1.64e-04 7:1.64e-04 8:1.64e-04 64:1.64e-04
WARPED warped A=0.025 16^3      PG/floor 6.442e+08 -> RESOLVED
WARPED warped A=0.025 16^3      K=4 | error 1.636e-04 | converged (K=64) 1.636e-04 | truncation |e4-e64| 1.299e-11 | |e4-PG| 2.320e-06 | bound max 2.926e-06 | recursion K=1..8: worst |e-PG|/(bound+floor) 9.427e-01, cells over 0 -> HOLDS | control PG:=0: cells over 31078
exit 0
# end 2026-09-17T13:12:21Z
