# A2 C13 dry-run tree=repo libcfdcore.a 143a1dda0680bc1d481a0360095ca7c643ffc9e2a2dc53bbd1d55d5a8202132a test source 113c1c18bc65916fe1be00a15a4393b1693d2b1854092b9796266ad79f2c9f93
# compile warnings: 1
/mnt/c/Users/Hasib/Desktop/CFDAPP/CFDApp/tests/unit/discretization/test_gradient_boundary_consistency.cpp:610:71: warning: conversion from ‘cfd::Index’ {aka ‘long unsigned int’} to ‘double’ may change value [-Wconversion]
Running main() from /mnt/c/Users/Hasib/Desktop/CFDAPP/CFDApp/build/release/_deps/googletest-src/googletest/src/gtest_main.cc
[==========] Running 9 tests from 1 test suite.
[----------] Global test environment set-up.
[----------] 9 tests from GradientBoundaryConsistency
[ RUN      ] GradientBoundaryConsistency.ConstantFieldGradientIsZeroWithinTheFloatingPointEnvelope
[       OK ] GradientBoundaryConsistency.ConstantFieldGradientIsZeroWithinTheFloatingPointEnvelope (25 ms)
[ RUN      ] GradientBoundaryConsistency.LinearFieldIsReproducedOnOrthogonalAndDistortedMeshes
[       OK ] GradientBoundaryConsistency.LinearFieldIsReproducedOnOrthogonalAndDistortedMeshes (14 ms)
[ RUN      ] GradientBoundaryConsistency.LinearFieldFixedPointIsExactOnPlanarFaced3DSkewedMesh
[       OK ] GradientBoundaryConsistency.LinearFieldFixedPointIsExactOnPlanarFaced3DSkewedMesh (32 ms)
[ RUN      ] GradientBoundaryConsistency.LinearFieldErrorOnWarpedFacesIsTheFaceQuadratureDefect
[       OK ] GradientBoundaryConsistency.LinearFieldErrorOnWarpedFacesIsTheFaceQuadratureDefect (29 ms)
[ RUN      ] GradientBoundaryConsistency.QuadraticFieldIsExactOnAlignedCartesianMeshes
[       OK ] GradientBoundaryConsistency.QuadraticFieldIsExactOnAlignedCartesianMeshes (7 ms)
[ RUN      ] GradientBoundaryConsistency.TranslatedMeshGivesTheSameGradient
[       OK ] GradientBoundaryConsistency.TranslatedMeshGivesTheSameGradient (56 ms)
[ RUN      ] GradientBoundaryConsistency.GradientErrorIsContinuousInTheBoundaryMisalignment
[       OK ] GradientBoundaryConsistency.GradientErrorIsContinuousInTheBoundaryMisalignment (4 ms)
[ RUN      ] GradientBoundaryConsistency.CellWithoutAnOppositeInteriorFaceFallsBackAndStaysExact
[       OK ] GradientBoundaryConsistency.CellWithoutAnOppositeInteriorFaceFallsBackAndStaysExact (0 ms)
[ RUN      ] GradientBoundaryConsistency.TwoBoundaryFacesClaimingOneOppositeFaceResolveDeterministically
[       OK ] GradientBoundaryConsistency.TwoBoundaryFacesClaimingOneOppositeFaceResolveDeterministically (0 ms)
[----------] 9 tests from GradientBoundaryConsistency (181 ms total)

[----------] Global test environment tear-down
[==========] 9 tests from 1 test suite ran. (183 ms total)
[  PASSED  ] 9 tests.
exit 0
