# P12-GRAD-002 A2 a2_prodmesh  tree=repo  libcfdcore.a 143a1dda0680bc1d481a0360095ca7c643ffc9e2a2dc53bbd1d55d5a8202132a
# probe source 3ef2db50b092  args:   start 2026-09-17T12:19:45Z
# A2 production-mesh sweep truncation: max|g_K - g_64| / max|grad|, K = production 4
TRUNC poiseuille_distorted 64x8  linear neumann   m_f 0.550 | 1:1.02e-02 2:1.83e-03 3:5.12e-05 4:6.39e-06 5:1.56e-07 6:1.93e-08 8:7.68e-11 12:8.75e-15 16:0.00e+00
TRUNC poiseuille_distorted 64x8  smooth neumann   m_f 0.550 | 1:4.90e-03 2:1.02e-03 3:2.54e-05 4:3.50e-06 5:7.98e-08 6:1.10e-08 8:4.45e-11 12:1.03e-15 16:0.00e+00
TRUNC poiseuille_distorted 64x8  linear dirichlet m_f 0.550 | 1:2.07e-02 2:4.23e-04 3:2.52e-05 4:1.19e-06 5:7.24e-08 6:1.62e-09 8:3.81e-12 12:0.00e+00 16:0.00e+00
TRUNC poiseuille_distorted 64x8  smooth dirichlet m_f 0.550 | 1:3.49e-03 2:1.44e-04 3:5.58e-06 4:2.77e-07 5:1.29e-08 6:5.83e-10 8:7.16e-13 12:2.75e-17 16:0.00e+00
TRUNC poiseuille_distorted 144x18 linear neumann   m_f 0.586 | 1:2.66e-03 2:2.63e-04 3:2.74e-06 4:1.63e-07 5:2.30e-09 6:1.11e-10 8:1.31e-13 12:0.00e+00 16:0.00e+00
TRUNC poiseuille_distorted 144x18 smooth neumann   m_f 0.586 | 1:1.45e-03 2:1.52e-04 3:1.52e-06 4:9.41e-08 5:1.27e-09 6:6.39e-11 8:6.61e-14 12:0.00e+00 16:0.00e+00
TRUNC poiseuille_distorted 144x18 linear dirichlet m_f 0.586 | 1:1.42e-03 2:3.82e-06 3:8.21e-08 4:1.24e-09 5:1.87e-11 6:7.56e-13 8:2.63e-14 12:0.00e+00 16:0.00e+00
TRUNC poiseuille_distorted 144x18 smooth dirichlet m_f 0.586 | 1:2.00e-04 2:2.69e-06 3:3.58e-08 4:7.22e-10 5:1.38e-11 6:4.68e-13 8:2.90e-15 12:0.00e+00 16:0.00e+00
TRUNC poiseuille_distorted 216x27 linear neumann   m_f 0.592 | 1:1.61e-03 2:1.06e-04 3:6.94e-07 4:2.70e-08 5:2.62e-10 6:7.98e-12 8:6.02e-14 12:0.00e+00 16:0.00e+00
TRUNC poiseuille_distorted 216x27 smooth neumann   m_f 0.592 | 1:9.01e-04 2:6.19e-05 3:3.94e-07 4:1.57e-08 5:1.49e-10 6:4.68e-12 8:6.16e-15 12:0.00e+00 16:0.00e+00
TRUNC poiseuille_distorted 216x27 linear dirichlet m_f 0.592 | 1:8.79e-04 2:1.58e-06 3:3.81e-09 4:3.46e-11 5:2.43e-13 6:5.99e-14 8:0.00e+00 12:0.00e+00 16:0.00e+00
TRUNC poiseuille_distorted 216x27 smooth dirichlet m_f 0.592 | 1:5.32e-05 2:2.69e-07 3:1.74e-09 4:1.96e-11 5:1.69e-13 6:7.39e-15 8:4.11e-16 12:0.00e+00 16:0.00e+00
TRUNC poiseuille_distorted 512x64 linear neumann   m_f 0.595 | 1:6.29e-04 2:1.74e-05 3:4.51e-08 4:7.15e-10 5:2.95e-12 6:1.28e-13 8:9.04e-14 12:5.80e-14 16:0.00e+00
TRUNC poiseuille_distorted 512x64 smooth neumann   m_f 0.595 | 1:3.61e-04 2:1.01e-05 3:2.60e-08 4:4.16e-10 5:1.69e-12 6:2.36e-14 8:0.00e+00 12:0.00e+00 16:0.00e+00
TRUNC poiseuille_distorted 512x64 linear dirichlet m_f 0.595 | 1:3.88e-04 2:2.99e-07 3:7.54e-11 4:1.42e-13 5:1.11e-13 6:0.00e+00 8:0.00e+00 12:0.00e+00 16:0.00e+00
TRUNC poiseuille_distorted 512x64 smooth dirichlet m_f 0.595 | 1:9.74e-06 2:7.48e-09 3:1.95e-12 4:1.36e-14 5:8.67e-15 6:0.00e+00 8:0.00e+00 12:0.00e+00 16:0.00e+00
TRUNC curved_channel 8x20        linear neumann   m_f 0.030 | 1:1.10e-05 2:1.84e-08 3:2.59e-11 4:4.35e-14 5:2.64e-15 6:0.00e+00 8:0.00e+00 12:0.00e+00 16:0.00e+00
TRUNC curved_channel 8x20        smooth neumann   m_f 0.030 | 1:3.10e-06 2:3.80e-09 3:4.48e-12 4:5.26e-15 5:5.36e-16 6:0.00e+00 8:0.00e+00 12:0.00e+00 16:0.00e+00
TRUNC curved_channel 8x20        linear dirichlet m_f 0.030 | 1:1.57e-04 2:1.36e-07 3:1.62e-10 4:1.44e-13 5:4.49e-15 6:0.00e+00 8:0.00e+00 12:0.00e+00 16:0.00e+00
TRUNC curved_channel 8x20        smooth dirichlet m_f 0.030 | 1:3.40e-05 2:3.07e-08 3:3.43e-11 4:3.95e-14 5:1.06e-15 6:0.00e+00 8:0.00e+00 12:0.00e+00 16:0.00e+00
TRUNC curved_channel 18x45       linear neumann   m_f 0.014 | 1:9.70e-07 2:3.29e-10 3:9.25e-14 4:5.36e-15 5:4.47e-15 6:0.00e+00 8:0.00e+00 12:0.00e+00 16:0.00e+00
TRUNC curved_channel 18x45       smooth neumann   m_f 0.014 | 1:3.11e-07 2:6.89e-11 3:1.42e-14 4:1.69e-15 5:1.49e-15 6:0.00e+00 8:0.00e+00 12:0.00e+00 16:0.00e+00
TRUNC curved_channel 18x45       linear dirichlet m_f 0.014 | 1:3.47e-05 2:6.11e-09 3:1.47e-12 4:6.36e-15 5:4.47e-15 6:0.00e+00 8:0.00e+00 12:0.00e+00 16:0.00e+00
TRUNC curved_channel 18x45       smooth dirichlet m_f 0.014 | 1:7.88e-06 2:1.39e-09 3:3.32e-13 4:2.11e-15 5:1.49e-15 6:0.00e+00 8:0.00e+00 12:0.00e+00 16:0.00e+00
TRUNC curved_channel 36x90       linear neumann   m_f 0.007 | 1:1.21e-07 2:1.04e-11 3:3.30e-14 4:5.97e-15 5:9.73e-15 6:0.00e+00 8:0.00e+00 12:0.00e+00 16:0.00e+00
TRUNC curved_channel 36x90       smooth neumann   m_f 0.007 | 1:4.08e-08 2:2.18e-12 3:4.51e-15 4:0.00e+00 5:1.11e-16 6:0.00e+00 8:0.00e+00 12:0.00e+00 16:0.00e+00
TRUNC curved_channel 36x90       linear dirichlet m_f 0.007 | 1:9.05e-06 2:4.02e-10 3:2.84e-14 4:5.97e-15 5:9.73e-15 6:0.00e+00 8:0.00e+00 12:0.00e+00 16:0.00e+00
TRUNC curved_channel 36x90       smooth dirichlet m_f 0.007 | 1:2.00e-06 2:8.87e-11 3:9.41e-15 4:0.00e+00 5:1.11e-16 6:0.00e+00 8:0.00e+00 12:0.00e+00 16:0.00e+00
exit 0
# end 2026-09-17T12:19:54Z
