VALUES        results/validation/cavity_re100/20x20/validation.json: 2 entries (nograd -> cur), max rel 8.451e-02 at /solver/continuity_residual (9.16881e-11 -> 8.39397e-11)
                /solver/continuity_residual: 9.16881e-11 -> 8.39397e-11
                /solver/v_residual: 3.23041e-08 -> 3.23042e-08
VALUES        results/validation/grid_convergence/natural_convection_ra1e3.json: 77 entries (nograd -> cur), max rel 1.604e-02 at /grids[2]/quantities/heat_imbalance (1.0602944504404091e-07 -> 1.0432877781989493e-07), 1 non-numeric
                /grids[0]/quantities/heat_imbalance: 8.6118141176334e-08 -> 8.611814195192711e-08
                /grids[0]/quantities/nu_avg: 1.1451601796962385 -> 1.1451601796962394
                /grids[0]/quantities/v_max: 3.1997916792864127 -> 3.199791679286411
                /grids[1]/quantities/heat_imbalance: 1.2851299049658516e-07 -> 1.285079181955049e-07
                /grids[1]/quantities/nu_avg: 1.1376922274285164 -> 1.1376922274306707
                /grids[1]/quantities/u_max: 3.4450523762879377 -> 3.445052376296682
VALUES        results/validation/grid_convergence/natural_convection_ra1e3.md: 10 entries (nograd -> cur), max rel 2.771e-05 at line 25: - grid independence (GCI21 0.0180462 > thresh -> - grid independence: GCI), 7 non-numeric
                table column 'value': 1.1172748 -> 1.1172753 (row: | extrapolated | 1.1172748 | | -0.002725 | |)
                table column 'phi_ext': 1.1172748 -> 1.1172753 (row: | 1.333 | 1.5 | 0.7688 | 1 | 1.1172748 | 0.02046 | 0.01805 |)
                line 24: - monotonic convergence, observed order 0.768781 (formal 1); asymptotic ratio 0.921713 wit -> - monotonic convergence, observed order 0.768796 (formal 1); asymptotic ratio
                line 25: - grid independence: GCI21 0.0180462 > threshold 0.01 -> - grid independence: GCI21 0.0180457 > threshold 0.01
                table column 'value': 3.4386846 -> 3.4386848 (row: | fine | 3.4386846 | 3.634 (benchmark) | -0.1953 | 0.05375 |)
                line 40: - epsilon21 and epsilon32 have opposite signs (R = -0.0206058): oscillatory convergence -- -> - epsilon21 and epsilon32 have opposite signs (R = -0.0206054): oscillatory c
VALUES        results/validation/grid_convergence/poiseuille_flow.json: 56 entries (nograd -> cur), max rel 1.061e-04 at /quantities[0]/reference/error_extrapolated (5.655321272168834e-05 -> 5.6547210102841916e-05)
                /grids[0]/quantities/centerline_velocity: 1.4651196688651935 -> 1.4651196688468147
                /grids[0]/quantities/velocity_profile_l2_error: 0.0075931284196034555 -> 0.007593128556059503
                /grids[1]/quantities/centerline_velocity: 1.4844290341311595 -> 1.4844290362478307
                /grids[1]/quantities/velocity_profile_l2_error: 0.0035093933780067916 -> 0.003509391790070405
                /grids[2]/quantities/centerline_velocity: 1.4930662517818538 -> 1.4930662518455187
                /grids[2]/quantities/velocity_profile_l2_error: 0.001601290053888658 -> 0.0016012901616846696
VALUES        results/validation/grid_convergence/poiseuille_flow.md: 8 entries (nograd -> cur), max rel 1.051e-06 at line 40 (- monotonic convergence, -> - monotonic convergence,), 7 non-numeric
                table column 'value': 1.5000566 -> 1.5000565 (row: | extrapolated | 1.5000566 | | 5.655e-05 | |)
                table column 'phi_ext': 1.5000566 -> 1.5000565 (row: | 1.5 | 1.5 | 1.9842 | 2 | 1.5000566 | 0.008738 | 0.005852 |)
                table column 'value': 0.0075931284 -> 0.0075931286 (row: | coarse | 0.0075931284 | 0 (analytical) | 0.007593 | -- |)
                table column 'value': 0.0035093934 -> 0.0035093918 (row: | medium | 0.0035093934 | 0 (analytical) | 0.003509 | -- |)
                table column 'value': 0.0016012901 -> 0.0016012902 (row: | fine | 0.0016012901 | 0 (analytical) | 0.001601 | -- |)
                table column 'value': -7.2181732e-05 -> -7.2176019e-05 (row: | extrapolated | -7.2181732e-05 | | -7.218e-05 | |)
VALUES        results/validation/mms/compressible_simple_mms.json: 116 entries (nograd -> cur), max rel 1.161e-02 at /levels[0]/errors/continuity/linf (6.063436863712468e-09 -> 6.134644348065876e-09)
                /gates[10]/detail: 'Linf 6.06e-09' -> 'Linf 6.13e-09'
                /gates[18]/detail: 'Linf 3.74e-07' -> 'Linf 3.73e-07'
                /levels[0]/diagnostics/global_mass_imbalance: 6.258144791643577e-19 -> 6.258144791527066e-19
                /levels[0]/errors/continuity/l1: 4.3475685430372776e-10 -> 4.348372573202389e-10
                /levels[0]/errors/continuity/l2: 8.540018059390912e-10 -> 8.624546512814125e-10
                /levels[0]/errors/continuity/linf: 6.063436863712468e-09 -> 6.134644348065876e-09
VALUES        results/validation/mms/compressible_simple_mms.md: 10 entries (nograd -> cur), max rel 0.000e+00 at , 10 non-numeric
                table column 'L1': 4.3476e-10 -> 4.3484e-10 (row: | 8x8 | 4.3476e-10 | 8.5400e-10 | 6.0634e-09 |)
                table column 'L2': 8.5400e-10 -> 8.6245e-10 (row: | 8x8 | 4.3476e-10 | 8.5400e-10 | 6.0634e-09 |)
                table column 'Linf': 6.0634e-09 -> 6.1346e-09 (row: | 8x8 | 4.3476e-10 | 8.5400e-10 | 6.0634e-09 |)
                table column 'L1': 7.3756e-10 -> 7.3755e-10 (row: | 16x16 | 7.3756e-10 | 2.9544e-09 | 4.6023e-08 |)
                table column 'L2': 2.9544e-09 -> 2.9543e-09 (row: | 16x16 | 7.3756e-10 | 2.9544e-09 | 4.6023e-08 |)
                table column 'L1': 1.3073e-09 -> 1.3053e-09 (row: | 32x32 | 1.3073e-09 | 1.1765e-08 | 3.7428e-07 |)
VALUES        results/validation/mms/distorted_mesh_mms.json: 48 entries (nograd -> cur), max rel 4.444e-05 at /orders[2]/triplets[0]/extrapolated_error (-0.0002942147271888171 -> -0.0002942016517440808)
                /levels[0]/errors/phi_boundary_ring_distorted_uncorrected/l1: 0.0013757443819734788 -> 0.0013757180209656983
                /levels[0]/errors/phi_boundary_ring_distorted_uncorrected/l2: 0.0017028706078837698 -> 0.0017028541616953383
                /levels[0]/errors/phi_boundary_ring_distorted_uncorrected/linf: 0.0034926131226894475 -> 0.00349267536658715
                /levels[0]/errors/phi_distorted_uncorrected/l1: 0.0035266653333685494 -> 0.0035266611059879484
                /levels[0]/errors/phi_distorted_uncorrected/l2: 0.004714129977506502 -> 0.004714137990963903
                /levels[0]/errors/phi_distorted_uncorrected/linf: 0.013711794282492473 -> 0.013711879695709861
VALUES        results/validation/mms/distorted_mesh_mms.md: 1 entries (nograd -> cur), max rel 0.000e+00 at , 1 non-numeric
                table column 'Linf': 3.4926e-03 -> 3.4927e-03 (row: | 16x16 | 1.3757e-03 | 1.7029e-03 | 3.4926e-03 |)
VALUES        results/validation/mms/distorted_mesh_momentum_mms.json: 193 entries (nograd -> cur), max rel 2.593e-01 at /orders[3]/triplets[1]/extrapolated_error (-2.6617803574032015e-06 -> -1.9716408126365954e-06)
                /gates[1]/detail: 'finest-triplet observed order 1.030 (asymptotic vs formal 1); reduction factors 2.078 2.030 2.018' -> 'finest-triplet observed order 1.032 (asymptotic vs formal 
                /gates[5]/detail: 'finest-triplet observed order 0.989 (asymptotic vs formal 1); reduction factors 2.014 1.987 1.988' -> 'finest-triplet observed order 0.990 (asymptotic vs formal 
                /levels[0]/errors/u_boundary_ring_cartesian/l1: 0.0010157968799096651 -> 0.0010157968799096157
                /levels[0]/errors/u_boundary_ring_cartesian/l2: 0.0013048975765315254 -> 0.001304897576531514
                /levels[0]/errors/u_boundary_ring_cartesian/linf: 0.004249836155212627 -> 0.004249836155212572
                /levels[0]/errors/u_boundary_ring_distorted_uncorrected/l1: 0.0013847947571237916 -> 0.0014901447793319346
VALUES        results/validation/mms/distorted_mesh_momentum_mms.md: 78 entries (nograd -> cur), max rel 0.000e+00 at , 78 non-numeric
                table column 'L1': 6.6512e-03 -> 6.7166e-03 (row: | 16x16 | 6.6512e-03 | 9.2370e-03 | 2.3307e-02 |)
                table column 'L2': 9.2370e-03 -> 9.2791e-03 (row: | 16x16 | 6.6512e-03 | 9.2370e-03 | 2.3307e-02 |)
                table column 'Linf': 2.3307e-02 -> 2.3324e-02 (row: | 16x16 | 6.6512e-03 | 9.2370e-03 | 2.3307e-02 |)
                table column 'L1': 3.1667e-03 -> 3.1714e-03 (row: | 32x32 | 3.1667e-03 | 4.4461e-03 | 1.1714e-02 |)
                table column 'L2': 4.4461e-03 -> 4.4481e-03 (row: | 32x32 | 3.1667e-03 | 4.4461e-03 | 1.1714e-02 |)
                table column 'L1': 1.5584e-03 -> 1.5586e-03 (row: | 64x64 | 1.5584e-03 | 2.1898e-03 | 5.8008e-03 |)
RUNTIME-ONLY  results/validation/mms/distorted_mesh_simple_mms.json
RUNTIME-ONLY  results/validation/mms/distorted_mesh_simple_mms.md
VALUES        results/validation/mms/momentum_mms.json: 173 entries (nograd -> cur), max rel 9.329e-06 at /orders[4]/triplets[1]/extrapolated_error (1.5181870303535065e-07 -> 1.5182011935803384e-07)
                /levels[0]/errors/u/l1: 0.001975868383202328 -> 0.001975868383202337
                /levels[0]/errors/u/l2: 0.0024479945770228104 -> 0.002447994577022835
                /levels[0]/errors/u/linf: 0.00796949473858638 -> 0.007969494738586269
                /levels[0]/errors/u_boundary_ring/l1: 0.0010157968799096651 -> 0.0010157968799096157
                /levels[0]/errors/u_boundary_ring/l2: 0.0013048975765315254 -> 0.001304897576531514
                /levels[0]/errors/u_boundary_ring/linf: 0.004249836155212627 -> 0.004249836155212572
RUNTIME-ONLY  results/validation/mms/momentum_mms.md
VALUES        results/validation/mms/momentum_mms_linear_upwind.json: 175 entries (nograd -> cur), max rel 1.250e-01 at /levels[3]/iterations (7 -> 8)
                /levels[0]/errors/u/l1: 0.002438484823947278 -> 0.002438484823947316
                /levels[0]/errors/u/l2: 0.003060161067148244 -> 0.003060161067148298
                /levels[0]/errors/u/linf: 0.009322047307644188 -> 0.009322047307644299
                /levels[0]/errors/u_boundary_ring/l1: 0.001187066673455244 -> 0.0011870666734552712
                /levels[0]/errors/u_boundary_ring/l2: 0.0014812996832660574 -> 0.0014812996832660901
                /levels[0]/errors/u_boundary_ring/linf: 0.004819720129010552 -> 0.004819720129010607
VALUES        results/validation/mms/momentum_mms_linear_upwind.md: 1 entries (nograd -> cur), max rel 0.000e+00 at , 1 non-numeric
                table column 'iterations': 7 -> 8 (row: | 128x128 | 16384 | 0.0078125 | Converged | 7 | 9.63e-34 | 2)
VALUES        results/validation/mms/momentum_mms_upwind.json: 174 entries (nograd -> cur), max rel 1.187e-05 at /orders[1]/triplets[1]/extrapolated_error (-4.731124898461371e-06 -> -4.7311810344665035e-06)
                /levels[0]/errors/u/l1: 0.018284141426815493 -> 0.01828414142679876
                /levels[0]/errors/u/l2: 0.023441211265932613 -> 0.023441211265905187
                /levels[0]/errors/u/linf: 0.05063200284830538 -> 0.05063200284834901
                /levels[0]/errors/u_boundary_ring/l1: 0.00503510260828872 -> 0.0050351026082752675
                /levels[0]/errors/u_boundary_ring/l2: 0.006682095970750232 -> 0.006682095970730446
                /levels[0]/errors/u_boundary_ring/linf: 0.016957253822261764 -> 0.01695725382217006
VALUES        results/validation/mms/pressure_gradient_mms.json: 84 entries (nograd -> cur), max rel 1.152e-09 at /orders[8]/triplets[1]/extrapolated_error (4.595531460949501e-05 -> 4.5955314662430094e-05)
                /levels[0]/errors/dpdx_green_gauss/l1: 0.01632052251959962 -> 0.01632052251959953
                /levels[0]/errors/dpdx_green_gauss/l2: 0.027869603012877876 -> 0.027869603012877563
                /levels[0]/errors/dpdx_green_gauss_boundary_ring/l1: 0.04204198833780725 -> 0.04204198833780686
                /levels[0]/errors/dpdx_green_gauss_boundary_ring/l2: 0.05467163879344543 -> 0.05467163879344475
                /levels[0]/errors/dpdy_green_gauss/l1: 0.016320522519599645 -> 0.016320522519599555
                /levels[0]/errors/dpdy_green_gauss/l2: 0.027869603012877886 -> 0.02786960301287757
RUNTIME-ONLY  results/validation/mms/scalar_advection_diffusion_mms.json
RUNTIME-ONLY  results/validation/mms/scalar_advection_diffusion_mms.md
VALUES        results/validation/mms/simple_mms.json: 196 entries (nograd -> cur), max rel 9.073e-02 at /levels[2]/errors/continuity/linf (3.213220494124869e-07 -> 2.9216882690974444e-07)
                /gates[10]/detail: 'Linf 4.76e-09, L2 6.00e-10' -> 'Linf 4.76e-09, L2 6.01e-10'
                /gates[11]/detail: 'Linf 3.77e-08, L2 2.36e-09' -> 'Linf 3.72e-08, L2 2.33e-09'
                /gates[12]/detail: 'Linf 3.21e-07, L2 1.00e-08' -> 'Linf 2.92e-07, L2 9.14e-09'
                /levels[0]/diagnostics/final_continuity_residual: 9.379470199592026e-12 -> 9.386554761536755e-12
                /levels[0]/diagnostics/final_pressure_residual: 9.933136828121008e-09 -> 9.941366029643736e-09
                /levels[0]/diagnostics/final_u_residual: 1.5393390843011446e-09 -> 1.5423017288198825e-09
VALUES        results/validation/mms/simple_mms.md: 13 entries (nograd -> cur), max rel 0.000e+00 at , 13 non-numeric
                table column 'L1': 2.8290e-04 -> 2.8291e-04 (row: | 32x32 | 2.8290e-04 | 3.2443e-04 | 7.8779e-04 |)
                table column 'L1': 1.4876e-10 -> 1.4886e-10 (row: | 8x8 | 1.4876e-10 | 6.0029e-10 | 4.7603e-09 |)
                table column 'L2': 6.0029e-10 -> 6.0074e-10 (row: | 8x8 | 1.4876e-10 | 6.0029e-10 | 4.7603e-09 |)
                table column 'Linf': 4.7603e-09 -> 4.7637e-09 (row: | 8x8 | 1.4876e-10 | 6.0029e-10 | 4.7603e-09 |)
                table column 'L1': 2.9479e-10 -> 2.9068e-10 (row: | 16x16 | 2.9479e-10 | 2.3637e-09 | 3.7733e-08 |)
                table column 'L2': 2.3637e-09 -> 2.3306e-09 (row: | 16x16 | 2.9479e-10 | 2.3637e-09 | 3.7733e-08 |)
VALUES        results/validation/mms/simple_mms_upwind.json: 195 entries (nograd -> cur), max rel 1.475e-01 at /gates[12]/detail ('Linf 3.06e-07, L2 9.56e -> 'Linf 2.61e-07, L2 8.15e)
                /gates[10]/detail: 'Linf 4.27e-09, L2 5.40e-10' -> 'Linf 3.70e-09, L2 4.69e-10'
                /gates[11]/detail: 'Linf 3.90e-08, L2 2.44e-09' -> 'Linf 3.88e-08, L2 2.43e-09'
                /gates[12]/detail: 'Linf 3.06e-07, L2 9.56e-09' -> 'Linf 2.61e-07, L2 8.15e-09'
                /levels[0]/diagnostics/final_continuity_residual: 8.433247103022284e-12 -> 7.324874268766081e-12
                /levels[0]/diagnostics/final_pressure_residual: 9.976156731403755e-09 -> 9.97571148247832e-09
                /levels[0]/diagnostics/final_u_residual: 2.2701049027304113e-09 -> 2.2699386083603518e-09
VALUES        results/validation/mms/simple_mms_upwind.md: 12 entries (nograd -> cur), max rel 0.000e+00 at , 12 non-numeric
                table column 'L1': 1.3352e-10 -> 1.2071e-10 (row: | 8x8 | 1.3352e-10 | 5.3973e-10 | 4.2725e-09 |)
                table column 'L2': 5.3973e-10 -> 4.6879e-10 (row: | 8x8 | 1.3352e-10 | 5.3973e-10 | 4.2725e-09 |)
                table column 'Linf': 4.2725e-09 -> 3.7030e-09 (row: | 8x8 | 1.3352e-10 | 5.3973e-10 | 4.2725e-09 |)
                table column 'L1': 3.0463e-10 -> 3.0289e-10 (row: | 16x16 | 3.0463e-10 | 2.4422e-09 | 3.8993e-08 |)
                table column 'L2': 2.4422e-09 -> 2.4283e-09 (row: | 16x16 | 3.0463e-10 | 2.4422e-09 | 3.8993e-08 |)
                table column 'Linf': 3.8993e-08 -> 3.8771e-08 (row: | 16x16 | 3.0463e-10 | 2.4422e-09 | 3.8993e-08 |)
RUNTIME-ONLY  results/validation/natural_convection/Ra1e3/10x10/validation.json
RUNTIME-ONLY  results/validation/natural_convection/Ra1e3/10x10_det_a/validation.json
RUNTIME-ONLY  results/validation/natural_convection/Ra1e3/10x10_det_b/validation.json
VALUES        results/validation/natural_convection/Ra1e3/10x10_refinement_pair/nusselt_hot_wall.csv: 1 entries (nograd -> cur), max rel 1.370e-06 at line 21 column 'numerical_nu' (0.729873 -> 0.729874)
                line 21 column 'numerical_nu': 0.729873 -> 0.729874
VALUES        results/validation/natural_convection/Ra1e3/10x10_refinement_pair/validation.json: 5 entries (nograd -> cur), max rel 9.000e-01 at /solver/flow_iterations (1 -> 10)
                /conservation/heat_imbalance: 1.06029e-07 -> 1.04329e-07
                /solver/final_outer_temperature_change: 8.9462e-09 -> 9.95324e-09
                /solver/flow_iterations: 1 -> 10
                /validation/u_max_error: 0.0537467 -> 0.0537466
                /validation/v_max_error: 0.0471276 -> 0.0471275
RUNTIME-ONLY  results/validation/natural_convection/Ra1e3/10x10_sign_check/validation.json
RUNTIME-ONLY  results/validation/natural_convection/Ra1e3/10x10_variable_property_regression/validation.json
RUNTIME-ONLY  results/validation/natural_convection/Ra1e3/10x10_zero_beta/validation.json
VALUES        results/validation/natural_convection/Ra1e3/15x15/u_centerline.csv: 1 entries (nograd -> cur), max rel 4.104e-05 at line 10 column 'numerical_u' (-4.62921e-07 -> -4.62902e-07)
                line 10 column 'numerical_u': -4.62921e-07 -> -4.62902e-07
VALUES        results/validation/natural_convection/Ra1e3/15x15/v_centerline.csv: 1 entries (nograd -> cur), max rel 3.233e-05 at line 10 column 'numerical_v' (-7.11483e-07 -> -7.1146e-07)
                line 10 column 'numerical_v': -7.11483e-07 -> -7.1146e-07
VALUES        results/validation/natural_convection/Ra1e3/15x15/validation.json: 2 entries (nograd -> cur), max rel 3.891e-05 at /conservation/heat_imbalance (1.28513e-07 -> 1.28508e-07)
                /conservation/heat_imbalance: 1.28513e-07 -> 1.28508e-07
                /solver/final_outer_temperature_change: 9.25262e-09 -> 9.25257e-09
VALUES        results/validation/natural_convection/Ra1e3/20x20/nusselt_hot_wall.csv: 1 entries (nograd -> cur), max rel 1.370e-06 at line 21 column 'numerical_nu' (0.729873 -> 0.729874)
                line 21 column 'numerical_nu': 0.729873 -> 0.729874
VALUES        results/validation/natural_convection/Ra1e3/20x20/validation.json: 5 entries (nograd -> cur), max rel 9.000e-01 at /solver/flow_iterations (1 -> 10)
                /conservation/heat_imbalance: 1.06029e-07 -> 1.04329e-07
                /solver/final_outer_temperature_change: 8.9462e-09 -> 9.95324e-09
                /solver/flow_iterations: 1 -> 10
                /validation/u_max_error: 0.0537467 -> 0.0537466
                /validation/v_max_error: 0.0471276 -> 0.0471275
VALUES        results/validation/natural_convection/Ra1e3/20x20_variable_property_regression/nusselt_hot_wall.csv: 1 entries (nograd -> cur), max rel 1.370e-06 at line 21 column 'numerical_nu' (0.729873 -> 0.729874)
                line 21 column 'numerical_nu': 0.729873 -> 0.729874
VALUES        results/validation/natural_convection/Ra1e3/20x20_variable_property_regression/validation.json: 5 entries (nograd -> cur), max rel 9.000e-01 at /solver/flow_iterations (1 -> 10)
                /conservation/heat_imbalance: 1.06029e-07 -> 1.04329e-07
                /solver/final_outer_temperature_change: 8.9462e-09 -> 9.95324e-09
                /solver/flow_iterations: 1 -> 10
                /validation/u_max_error: 0.0537467 -> 0.0537466
                /validation/v_max_error: 0.0471276 -> 0.0471275
VALUES        results/validation/poiseuille_flow/64x8/validation.json: 8 entries (nograd -> cur), max rel 2.406e-02 at /solver/global_mass_imbalance (1.47601e-07 -> 1.5124e-07)
                /solver/continuity_residual: 4.30518e-10 -> 4.33455e-10
                /solver/global_mass_imbalance: 1.47601e-07 -> 1.5124e-07
                /solver/u_residual: 1.99984e-05 -> 1.99985e-05
                /solver/v_residual: 3.78165e-07 -> 3.78237e-07
                /validation/pressure_gradient_relative_error: 0.019082 -> 0.0190822
                /validation/velocity_l2: 0.00759323 -> 0.00759321
VALUES        results/validation/production/cavity_re100/20x20_quick/validation.json: 18 entries (nograd -> cur), max rel 1.260e-01 at /runs[0]/diagnostics/final_continuity_residual (7.538012634009431e-11 -> 8.624721655139659e-11)
                /runs[0]/diagnostics/final_continuity_residual: 7.538012634009431e-11 -> 8.624721655139659e-11
                /runs[0]/diagnostics/final_pressure_residual: 9.990148482664348e-07 -> 9.990149153237515e-07
                /runs[0]/diagnostics/final_u_residual: 3.429959684570174e-08 -> 3.429931581348631e-08
                /runs[0]/diagnostics/final_v_residual: 3.4591853843819535e-08 -> 3.4592329306807786e-08
                /runs[0]/diagnostics/max_velocity_magnitude: 0.8471304373349458 -> 0.8471304373975068
                /runs[0]/diagnostics/momentum_linear_iterations: 42141.0 -> 42117.0
VALUES        results/validation/production/channel_transpiration_graded_grid_convergence.json: 78 entries (nograd -> cur), max rel 2.239e-08 at /quantities[0]/analysis/richardson_extrapolated_32 (-0.0035201649150065142 -> -0.003520164993840249)
                /grids[0]/quantities/pressure_gradient_relative_error: 0.019795237916345486 -> 0.01979523791272758
                /grids[0]/quantities/suction_wall_shear_relative_error: 0.1492503364308898 -> 0.14925033643105154
                /grids[0]/quantities/velocity_l2_error: 0.015495890890369325 -> 0.015495890890008608
                /grids[1]/quantities/pressure_gradient_relative_error: 0.010405279555768612 -> 0.010405279554126725
                /grids[1]/quantities/suction_wall_shear_relative_error: 0.10418817138792767 -> 0.10418817138803528
                /grids[1]/quantities/velocity_l2_error: 0.007446802342781927 -> 0.00744680234283113
VALUES        results/validation/production/curved_channel_multiblock_grid_convergence.json: 90 entries (nograd -> cur), max rel 1.512e+00 at /quantities[2]/reference/error_fine (-0.00026449846440645963 -> 0.0005167895837556724)
                /grids[0]/quantities/pressure_gradient: -1.8158800139106654 -> -1.815875332486235
                /grids[0]/quantities/radial_pressure_rise_ratio: 1.0067373582866905 -> 1.0146295917890076
                /grids[0]/quantities/velocity_l2_error: 0.011236225502699227 -> 0.011164238879399165
                /grids[0]/solver_iterations: 39 -> 44
                /grids[1]/quantities/pressure_gradient: -1.8226245654516113 -> -1.8226209612374946
                /grids[1]/quantities/radial_pressure_rise_ratio: 1.0013054288333443 -> 1.003826801210263
VALUES        results/validation/production/poiseuille.json: 199 entries (nograd -> cur), max rel 8.753e-01 at /runs[2]/checks[4]/detail ('|dp/dx - discrete exact -> '|dp/dx - discrete exact)
                /gates[2]/detail: 'monotonic convergence, observed order 2.10478 (formal 2); asymptotic ratio 1.0434 within 1 +/- 0.1' -> 'monotonic convergence, observed order 2.10328 (formal 2);
                /gates[3]/detail: 'fine relative error 0.000686 <= GCI21 0.000794' -> 'fine relative error 0.000685 <= GCI21 0.000795'
                /gates[4]/detail: 'monotonic convergence, observed order 1.98315 (formal 2); asymptotic ratio 0.993192 within 1 +/- 0.1' -> 'monotonic convergence, observed order 1.98315 (formal 2
                /grid_convergence[0]/grids[0]/quantities/centerline_velocity: 1.4651196688651935 -> 1.4651196688468147
                /grid_convergence[0]/grids[0]/quantities/pressure_gradient: -1.1897050008702952 -> -1.1897049876603984
                /grid_convergence[0]/grids[1]/quantities/centerline_velocity: 1.4844290341311595 -> 1.4844290362478307
VALUES        results/validation/production/poiseuille.md: 49 entries (nograd -> cur), max rel 1.591e-03 at line 88: - grid independence (asymptotic and GCI21 0.0 -> - grid independence: asy), 45 non-numeric
                table column 'linear its (mom / p)': 22532 / 104619 -> 22529 / 104638 (row: | poiseuille_re10/64x8/upwind | 10 | 64x8 | upwind | Converg)
                table column 'mass imbalance': 1.53e-09 -> 1.19e-09 (row: | poiseuille_re10/64x8/upwind | 10 | 64x8 | upwind | Converg)
                table column 'linear its (mom / p)': 17048 / 106305 -> 17050 / 106657 (row: | poiseuille_re10/96x12/upwind | 10 | 96x12 | upwind | Conve)
                table column 'mass imbalance': 2.59e-09 -> 7.95e-10 (row: | poiseuille_re10/96x12/upwind | 10 | 96x12 | upwind | Conve)
                table column 'linear its (mom / p)': 14185 / 112563 -> 14183 / 111574 (row: | poiseuille_re10/144x18/upwind | 10 | 144x18 | upwind | Con)
                table column 'mass imbalance': 2.24e-09 -> 2.12e-09 (row: | poiseuille_re10/144x18/upwind | 10 | 144x18 | upwind | Con)
VALUES        results/validation/production/poiseuille_distorted_grid_convergence.json: 60 entries (nograd -> cur), max rel 6.647e-01 at /quantities[0]/analysis/extrapolated_relative_error_21 (3.9269100139851003e-07 -> 1.3168769984897917e-07)
                /grids[0]/quantities/pressure_gradient: -1.2037386725459052 -> -1.203735365742871
                /grids[0]/quantities/velocity_l2_error: 0.010923331959786859 -> 0.010920735548058448
                /grids[0]/solver_iterations: 36 -> 39
                /grids[1]/quantities/pressure_gradient: -1.1987514403648825 -> -1.198747945206678
                /grids[1]/quantities/velocity_l2_error: 0.004646236206847907 -> 0.004645302383531714
                /grids[1]/solver_iterations: 62 -> 65
VALUES        results/validation/production/scheme_comparison_20x20.json: 72 entries (nograd -> cur), max rel 5.596e-01 at /runs[2]/diagnostics/final_continuity_residual (1.637295025523185e-11 -> 3.7175344430681494e-11)
                /runs[0]/diagnostics/final_continuity_residual: 9.168812409933441e-11 -> 8.393966435491173e-11
                /runs[0]/diagnostics/final_pressure_residual: 9.988576770676046e-07 -> 9.988576233814939e-07
                /runs[0]/diagnostics/final_u_residual: 3.293095880781474e-08 -> 3.2931045560032016e-08
                /runs[0]/diagnostics/final_v_residual: 3.230405712600838e-08 -> 3.2304163498546545e-08
                /runs[0]/diagnostics/max_velocity_magnitude: 0.8288655131466681 -> 0.8288655131246023
                /runs[0]/diagnostics/momentum_linear_iterations: 40286.0 -> 40262.0
VALUES        results/validation/production/scheme_comparison_20x20.md: 4 entries (nograd -> cur), max rel 0.000e+00 at , 4 non-numeric
                table column 'linear its (mom / p)': 40286 / 175654 -> 40262 / 175647 (row: | cavity_re100/20x20/upwind | 100 | 20x20 | upwind | Converg)
                table column 'linear its (mom / p)': 41009 / 169026 -> 41025 / 169072 (row: | cavity_re100/20x20/central | 100 | 20x20 | central | Conve)
                table column 'linear its (mom / p)': 42639 / 174044 -> 42633 / 174236 (row: | cavity_re100/20x20/linear_upwind | 100 | 20x20 | linear_up)
                table column 'linear its (mom / p)': 42141 / 171471 -> 42117 / 171517 (row: | cavity_re100/20x20/quick | 100 | 20x20 | quick | Converged)
VALUES        results/validation/production/turbulent_channel_ci.json: 32 entries (nograd -> cur), max rel 6.984e-02 at /runs[0]/mass_imbalance (2.7755100100168573e-08 -> 2.581675327684163e-08)
                /runs[0]/diagnostics/development_relative_difference: 0.008518718674188465 -> 0.008518718693847321
                /runs[0]/diagnostics/final_continuity_residual: 3.1072537915401926e-11 -> 3.090772914963154e-11
                /runs[0]/diagnostics/final_pressure_residual: 0.0001152584651530547 -> 0.00011525846567908206
                /runs[0]/diagnostics/final_u_residual: 7.634296041896621e-06 -> 7.634270060103414e-06
                /runs[0]/diagnostics/final_v_residual: 1.1205984748278484e-07 -> 1.1206060902815597e-07
                /runs[0]/diagnostics/first_cell_y_plus: 8.209785311782442 -> 8.209785322751298
VALUES        results/validation/production/turbulent_channel_ci.md: 2 entries (nograd -> cur), max rel 0.000e+00 at , 2 non-numeric
                table column 'linear its (mom / p)': 19422 / 121586 -> 19418 / 121241 (row: | turbulent_channel_re_tau_180_SST/medium/upwind | 180 | med)
                table column 'mass imbalance': 2.78e-08 -> 2.58e-08 (row: | turbulent_channel_re_tau_180_SST/medium/upwind | 180 | med)
VALUES        results/validation/transient_cavity/u_centerline.csv: 5 entries (nograd -> cur), max rel 2.901e-06 at line 3 column 'numerical_u' (-0.0344739 -> -0.034474)
                line 3 column 'numerical_u': -0.0344739 -> -0.034474
                line 4 column 'numerical_u': -0.0389053 -> -0.0389054
                line 5 column 'numerical_u': -0.0433367 -> -0.0433368
                line 6 column 'numerical_u': -0.0590589 -> -0.059059
                line 7 column 'numerical_u': -0.0902662 -> -0.0902663
VALUES        results/validation/transient_cavity/v_centerline.csv: 7 entries (nograd -> cur), max rel 4.920e-06 at line 12 column 'numerical_v' (-0.203247 -> -0.203248)
                line 3 column 'numerical_v': 0.0834197 -> 0.0834195
                line 4 column 'numerical_v': 0.0923501 -> 0.0923499
                line 10 column 'numerical_v': 0.0414338 -> 0.0414336
                line 12 column 'numerical_v': -0.203247 -> -0.203248
                line 15 column 'numerical_v': -0.0908028 -> -0.0908029
                line 16 column 'numerical_v': -0.0762722 -> -0.0762723
VALUES        results/validation/turbulence/channel_flow/k_epsilon/coarse/validation.json: 5 entries (nograd -> cur), max rel 8.935e-01 at /wall/tau_w_asymmetry (1.12036e-12 -> 1.19341e-13)
                /solver/continuity_residual: 3.67097e-11 -> 3.84673e-11
                /solver/global_mass_imbalance: 1.87198e-08 -> 1.73186e-08
                /solver/turbulence_residual: 1.5394e-07 -> 1.53919e-07
                /solver/v_residual: 5.01453e-07 -> 5.01454e-07
                /wall/tau_w_asymmetry: 1.12036e-12 -> 1.19341e-13
VALUES        results/validation/turbulence/channel_flow/k_epsilon/medium/validation.json: 3 entries (nograd -> cur), max rel 4.103e-01 at /wall/tau_w_asymmetry (1.47336e-13 -> 2.49846e-13)
                /solver/continuity_residual: 3.08617e-11 -> 3.09334e-11
                /solver/global_mass_imbalance: 1.3313e-08 -> 1.33821e-08
                /wall/tau_w_asymmetry: 1.47336e-13 -> 2.49846e-13
VALUES        results/validation/turbulence/channel_flow/k_omega/coarse/validation.json: 3 entries (nograd -> cur), max rel 4.733e-01 at /wall/tau_w_asymmetry (5.77932e-14 -> 3.04407e-14)
                /solver/continuity_residual: 4.11053e-11 -> 4.11058e-11
                /solver/global_mass_imbalance: 2.55392e-09 -> 2.55387e-09
                /wall/tau_w_asymmetry: 5.77932e-14 -> 3.04407e-14
VALUES        results/validation/turbulence/channel_flow/k_omega/medium/validation.json: 1 entries (nograd -> cur), max rel 3.464e-01 at /wall/tau_w_asymmetry (1.07285e-12 -> 7.01228e-13)
                /wall/tau_w_asymmetry: 1.07285e-12 -> 7.01228e-13
VALUES        results/validation/turbulence/channel_flow/sst/coarse/validation.json: 4 entries (nograd -> cur), max rel 6.058e-01 at /wall/tau_w_asymmetry (1.59531e-10 -> 6.2893e-11)
                /solver/continuity_residual: 2.9268e-11 -> 2.71096e-11
                /solver/global_mass_imbalance: 1.05986e-08 -> 1.13924e-08
                /solver/turbulence_residual: 9.98298e-06 -> 9.98275e-06
                /wall/tau_w_asymmetry: 1.59531e-10 -> 6.2893e-11
VALUES        results/validation/turbulence/channel_flow/sst/medium/validation.json: 6 entries (nograd -> cur), max rel 8.829e-01 at /wall/tau_w_asymmetry (1.33799e-12 -> 1.14275e-11)
                /solver/continuity_residual: 3.10725e-11 -> 3.09077e-11
                /solver/global_mass_imbalance: 2.77551e-08 -> 2.58168e-08
                /solver/turbulence_residual: 9.98853e-06 -> 9.98719e-06
                /solver/u_residual: 7.6343e-06 -> 7.63427e-06
                /solver/v_residual: 1.1206e-07 -> 1.12061e-07
                /wall/tau_w_asymmetry: 1.33799e-12 -> 1.14275e-11
VALUES        tests/data/cases/does_not_converge/results/fields.csv: 12 entries (nograd -> cur), max rel 2.010e-15 at line 16 column 'velocity_y' (-1.46693307896999543e-02 -> -1.46693307896999837e-02)
                line 5 column 'velocity_x': -7.20401521327786263e-03 -> -7.20401521327787304e-03
                line 5 column 'velocity_magnitude': 1.07681009949503765e-02 -> 1.07681009949503834e-02
                line 10 column 'velocity_x': 1.33757728235310014e-02 -> 1.33757728235309875e-02
                line 13 column 'velocity_x': 1.33757728208144244e-02 -> 1.33757728208144314e-02
                line 14 column 'velocity_x': 2.28756862614507728e-01 -> 2.28756862614507672e-01
                line 14 column 'velocity_y': 4.11905298643876761e-02 -> 4.11905298643877038e-02
VALUES        tests/data/cases/does_not_converge/results/solution.vtk: 10 entries (nograd -> cur), max rel 2.010e-15 at line 99 (1.87472647336991038e-01  -> 1.87472647336991038e-01 )
                line 88: -7.20401521327786263e-03 -8.00338452433171574e-03 0 -> -7.20401521327787304e-03 -8.00338452433171574e-03 0
                line 93: 1.33757728235310014e-02 1.22987387728142425e-01 0 -> 1.33757728235309875e-02 1.22987387728142425e-01 0
                line 96: 1.33757728208144244e-02 -1.22987387569160680e-01 0 -> 1.33757728208144314e-02 -1.22987387569160680e-01 0
                line 97: 2.28756862614507728e-01 4.11905298643876761e-02 0 -> 2.28756862614507672e-01 4.11905298643877038e-02 0
                line 98: 1.87472647341416193e-01 1.46693308235993081e-02 0 -> 1.87472647341416193e-01 1.46693308235993063e-02 0
                line 99: 1.87472647336991038e-01 -1.46693307896999543e-02 0 -> 1.87472647336991038e-01 -1.46693307896999837e-02 0
VALUES        tests/data/cases/mesh_quality_warning_cli/results/fields.csv: 62 entries (nograd -> cur), max rel 2.590e-12 at line 13 column 'pressure' (2.51684682236133928e-03 -> 2.51684682235481976e-03)
                line 2 column 'velocity_x': -5.18014904708588436e-02 -> -5.18014904708588575e-02
                line 2 column 'velocity_y': 5.38453855531372352e-04 -> 5.38453855532280588e-04
                line 2 column 'velocity_magnitude': 5.18042888915292016e-02 -> 5.18042888915292293e-02
                line 3 column 'velocity_x': -6.64576752497898215e-02 -> -6.64576752497897105e-02
                line 3 column 'velocity_y': -9.44104640783939922e-03 -> -9.44104640784139242e-03
                line 3 column 'velocity_magnitude': 6.71249279841811403e-02 -> 6.71249279841813068e-02
VALUES        tests/data/cases/mesh_quality_warning_cli/results/metadata.json: 8 entries (nograd -> cur), max rel 4.222e-08 at /residuals/continuity (2.4740938383051042e-11 -> 2.474093733847184e-11)
                /residuals/continuity: 2.4740938383051042e-11 -> 2.474093733847184e-11
                /residuals/p: 9.89376912288136e-07 -> 9.8937690699891e-07
                /residuals/u: 3.3244515317669223e-08 -> 3.3244515140619584e-08
                /residuals/v: 1.1388171923894747e-08 -> 1.1388171854231519e-08
                /robustness/normalized_residuals/continuity: 2.4740938383051043e-05 -> 2.474093733847184e-05
                /robustness/normalized_residuals/p: 9.090613085787574e-06 -> 9.090613037189003e-06
VALUES        tests/data/cases/mesh_quality_warning_cli/results/residuals.csv: 1999 entries (nograd -> cur), max rel 1.000e+00 at line 27 column 'continuity_residual' (1.34461074940746003e-10 -> 5.31019246823239913e-16)
                line 3 column 'u_residual': 3.16449689661125258e-02 -> 3.16449689661125189e-02
                line 3 column 'v_residual': 2.24509585626029538e-02 -> 2.24509585626029504e-02
                line 3 column 'continuity_residual': 1.41869747848894087e-11 -> 2.53219396583871320e-12
                line 4 column 'u_residual': 1.44748648942423890e-02 -> 1.44748648950093223e-02
                line 4 column 'v_residual': 2.17824726838655378e-02 -> 2.17824726857987726e-02
                line 4 column 'p_residual': 9.14628167130111386e-02 -> 9.14628167154379057e-02
VALUES        tests/data/cases/mesh_quality_warning_cli/results/solution.vtk: 47 entries (nograd -> cur), max rel 2.590e-12 at line 79 (2.51684682236133928e-03 -> 2.51684682235481976e-03)
                line 69: 3.96786136721421351e-02 -> 3.96786136721402685e-02
                line 70: 1.36258351452447721e-02 -> 1.36258351452454660e-02
                line 71: 1.30223258173156775e-01 -> 1.30223258173154971e-01
                line 72: 3.87696786501104743e-02 -> 3.87696786501063664e-02
                line 73: 1.01658138078750654e-01 -> 1.01658138078756524e-01
                line 74: 1.61632280227987472e-02 -> 1.61632280227919541e-02
VALUES        tests/data/cases/valid_cavity_cli_smoke/results/fields.csv: 53 entries (nograd -> cur), max rel 3.228e-14 at line 11 column 'pressure' (2.61998132408727824e-03 -> 2.61998132408736281e-03)
                line 2 column 'velocity_x': -4.48143466420344860e-02 -> -4.48143466420345069e-02
                line 2 column 'velocity_y': 1.70732153207960868e-02 -> 1.70732153207960625e-02
                line 2 column 'velocity_magnitude': 4.79564421776959363e-02 -> 4.79564421776959501e-02
                line 3 column 'velocity_x': -5.72332518179051106e-02 -> -5.72332518179051175e-02
                line 3 column 'velocity_y': -4.94885959150807679e-03 -> -4.94885959150800653e-03
                line 3 column 'pressure': 1.88495838735359030e-02 -> 1.88495838735359411e-02
VALUES        tests/data/cases/valid_cavity_cli_smoke/results/metadata.json: 8 entries (nograd -> cur), max rel 1.729e-08 at /robustness/normalized_residuals/continuity (5.109141037326266e-05 -> 5.109141125661539e-05)
                /residuals/continuity: 5.1091410373262655e-11 -> 5.1091411256615384e-11
                /residuals/p: 9.919147280289285e-07 -> 9.919147280794318e-07
                /residuals/u: 3.030968238240713e-08 -> 3.03096823853054e-08
                /residuals/v: 3.114859661403167e-08 -> 3.114859661747256e-08
                /robustness/normalized_residuals/continuity: 5.109141037326266e-05 -> 5.109141125661539e-05
                /robustness/normalized_residuals/p: 7.741358187520105e-06 -> 7.741358187914256e-06
VALUES        tests/data/cases/valid_cavity_cli_smoke/results/residuals.csv: 1619 entries (nograd -> cur), max rel 9.476e-01 at line 69 column 'continuity_residual' (1.32323317051344145e-12 -> 2.52680175730162793e-11)
                line 3 column 'u_residual': 2.08648900308081066e-02 -> 2.08648900308081031e-02
                line 3 column 'p_residual': 8.92499119390558343e-02 -> 8.92499119390558066e-02
                line 3 column 'continuity_residual': 5.95281664842224303e-10 -> 5.95276269296033798e-10
                line 4 column 'u_residual': 1.00344117611818971e-02 -> 1.00344117611822284e-02
                line 4 column 'v_residual': 7.77314477070846326e-03 -> 7.77314477070845198e-03
                line 4 column 'p_residual': 6.93124327684300073e-02 -> 6.93124327684312563e-02
VALUES        tests/data/cases/valid_cavity_cli_smoke/results/solution.vtk: 42 entries (nograd -> cur), max rel 3.228e-14 at line 77 (2.61998132408727824e-03 -> 2.61998132408736281e-03)
                line 69: 1.88495838735359030e-02 -> 1.88495838735359411e-02
                line 70: 1.89759330902292264e-03 -> 1.89759330902291245e-03
                line 71: 4.44570845240718493e-02 -> 4.44570845240718701e-02
                line 72: -6.95714881221985541e-03 -> -6.95714881221980424e-03
                line 73: 3.15389957741473922e-02 -> 3.15389957741473229e-02
                line 74: -6.88231247298203529e-03 -> -6.88231247298195029e-03
summary: IDENTICAL 118, RUNTIME-ONLY 11, VALUES 58
exit 0
