# C10/C11(a): NEW=/root/g2/c10_fresh/dump_nograd.txt  OLD=/root/g2/c10_fresh/dump_base.txt
aligned cart2d 16|quadratic                      ALIGNED skewedFaces     0 | interior: non-bitwise     0 max 0.000e+00 | boundary max 0.000e+00 | C10a PASS
                                                 C11a all cells max 0.000e+00 (bound 1e-13: PASS) floor/scale 8.794e-15
aligned cart2d 16|smooth                         ALIGNED skewedFaces     0 | interior: non-bitwise     0 max 0.000e+00 | boundary max 0.000e+00 | C10a PASS
                                                 C11a all cells max 0.000e+00 (bound 1e-13: PASS) floor/scale 7.654e-15
aligned cart2d 16|linear                         ALIGNED skewedFaces     0 | interior: non-bitwise     0 max 0.000e+00 | boundary max 0.000e+00 | C10a PASS
                                                 C11a all cells max 0.000e+00 (bound 1e-13: PASS) floor/scale 6.364e-15
aligned cart2d 64|quadratic                      ALIGNED skewedFaces     0 | interior: non-bitwise     0 max 0.000e+00 | boundary max 0.000e+00 | C10a PASS
                                                 C11a all cells max 0.000e+00 (bound 1e-13: PASS) floor/scale 8.947e-15
aligned cart2d 64|smooth                         ALIGNED skewedFaces     0 | interior: non-bitwise     0 max 0.000e+00 | boundary max 0.000e+00 | C10a PASS
                                                 C11a all cells max 0.000e+00 (bound 1e-13: PASS) floor/scale 7.668e-15
aligned cart2d 64|linear                         ALIGNED skewedFaces     0 | interior: non-bitwise     0 max 0.000e+00 | boundary max 0.000e+00 | C10a PASS
                                                 C11a all cells max 0.000e+00 (bound 1e-13: PASS) floor/scale 6.292e-15
aligned quad 16 plain|quadratic                  ALIGNED skewedFaces     0 | interior: non-bitwise     0 max 0.000e+00 | boundary max 0.000e+00 | C10a PASS
                                                 C11a all cells max 0.000e+00 (bound 1e-13: PASS) floor/scale 8.794e-15
aligned quad 16 plain|smooth                     ALIGNED skewedFaces     0 | interior: non-bitwise     0 max 0.000e+00 | boundary max 0.000e+00 | C10a PASS
                                                 C11a all cells max 0.000e+00 (bound 1e-13: PASS) floor/scale 7.654e-15
aligned quad 16 plain|linear                     ALIGNED skewedFaces     0 | interior: non-bitwise     0 max 0.000e+00 | boundary max 0.000e+00 | C10a PASS
                                                 C11a all cells max 0.000e+00 (bound 1e-13: PASS) floor/scale 6.364e-15
aligned quad 16 dyadic|quadratic                 ALIGNED skewedFaces     0 | interior: non-bitwise     0 max 0.000e+00 | boundary max 0.000e+00 | C10a PASS
                                                 C11a all cells max 0.000e+00 (bound 1e-13: PASS) floor/scale 8.922e-15
aligned quad 16 dyadic|smooth                    ALIGNED skewedFaces     0 | interior: non-bitwise     0 max 0.000e+00 | boundary max 0.000e+00 | C10a PASS
                                                 C11a all cells max 0.000e+00 (bound 1e-13: PASS) floor/scale 7.649e-15
aligned quad 16 dyadic|linear                    ALIGNED skewedFaces     0 | interior: non-bitwise     0 max 0.000e+00 | boundary max 0.000e+00 | C10a PASS
                                                 C11a all cells max 0.000e+00 (bound 1e-13: PASS) floor/scale 6.360e-15
aligned quad 64 dyadic|quadratic                 ALIGNED skewedFaces     0 | interior: non-bitwise     0 max 0.000e+00 | boundary max 0.000e+00 | C10a PASS
                                                 C11a all cells max 0.000e+00 (bound 1e-13: PASS) floor/scale 9.068e-15
aligned quad 64 dyadic|smooth                    ALIGNED skewedFaces     0 | interior: non-bitwise     0 max 0.000e+00 | boundary max 0.000e+00 | C10a PASS
                                                 C11a all cells max 0.000e+00 (bound 1e-13: PASS) floor/scale 7.662e-15
aligned quad 64 dyadic|linear                    ALIGNED skewedFaces     0 | interior: non-bitwise     0 max 0.000e+00 | boundary max 0.000e+00 | C10a PASS
                                                 C11a all cells max 0.000e+00 (bound 1e-13: PASS) floor/scale 6.288e-15
translated quad 16 small|quadratic               skewed  skewedFaces   408 | interior: non-bitwise     0 max 0.000e+00 | boundary max 0.000e+00 | C10b(1e-13) PASS | depth>5: 0/36 differ | coupling bound: worst 0.000 violations 0 t-out-of-range 0 | L1:0.0e+00 L2:0.0e+00 L3:0.0e+00 L4:0.0e+00 L5:0.0e+00 L6:0.0e+00 L7:0.0e+00
translated quad 16 small|smooth                  skewed  skewedFaces   408 | interior: non-bitwise     0 max 0.000e+00 | boundary max 0.000e+00 | C10b(1e-13) PASS | depth>5: 0/36 differ | coupling bound: worst 0.000 violations 0 t-out-of-range 0 | L1:0.0e+00 L2:0.0e+00 L3:0.0e+00 L4:0.0e+00 L5:0.0e+00 L6:0.0e+00 L7:0.0e+00
translated quad 16 small|linear                  skewed  skewedFaces   408 | interior: non-bitwise     0 max 0.000e+00 | boundary max 0.000e+00 | C10b(1e-13) PASS | depth>5: 0/36 differ | coupling bound: worst 0.000 violations 0 t-out-of-range 0 | L1:0.0e+00 L2:0.0e+00 L3:0.0e+00 L4:0.0e+00 L5:0.0e+00 L6:0.0e+00 L7:0.0e+00
translated quad 64 small|quadratic               skewed  skewedFaces  7884 | interior: non-bitwise     0 max 0.000e+00 | boundary max 0.000e+00 | C10b(1e-13) PASS | depth>5: 0/2916 differ | coupling bound: worst 0.000 violations 0 t-out-of-range 0 | L1:0.0e+00 L2:0.0e+00 L3:0.0e+00 L4:0.0e+00 L5:0.0e+00 L6:0.0e+00 L7:0.0e+00
translated quad 64 small|smooth                  skewed  skewedFaces  7884 | interior: non-bitwise     0 max 0.000e+00 | boundary max 0.000e+00 | C10b(1e-13) PASS | depth>5: 0/2916 differ | coupling bound: worst 0.000 violations 0 t-out-of-range 0 | L1:0.0e+00 L2:0.0e+00 L3:0.0e+00 L4:0.0e+00 L5:0.0e+00 L6:0.0e+00 L7:0.0e+00
translated quad 64 small|linear                  skewed  skewedFaces  7884 | interior: non-bitwise     0 max 0.000e+00 | boundary max 0.000e+00 | C10b(1e-13) PASS | depth>5: 0/2916 differ | coupling bound: worst 0.000 violations 0 t-out-of-range 0 | L1:0.0e+00 L2:0.0e+00 L3:0.0e+00 L4:0.0e+00 L5:0.0e+00 L6:0.0e+00 L7:0.0e+00
translated quad 16 LARGE|quadratic               skewed  skewedFaces   480 | interior: non-bitwise     0 max 0.000e+00 | boundary max 0.000e+00 | C10b(1e-13) PASS | depth>5: 0/36 differ | coupling bound: worst 0.000 violations 0 t-out-of-range 0 | L1:0.0e+00 L2:0.0e+00 L3:0.0e+00 L4:0.0e+00 L5:0.0e+00 L6:0.0e+00 L7:0.0e+00
translated quad 16 LARGE|smooth                  skewed  skewedFaces   480 | interior: non-bitwise     0 max 0.000e+00 | boundary max 0.000e+00 | C10b(1e-13) PASS | depth>5: 0/36 differ | coupling bound: worst 0.000 violations 0 t-out-of-range 0 | L1:0.0e+00 L2:0.0e+00 L3:0.0e+00 L4:0.0e+00 L5:0.0e+00 L6:0.0e+00 L7:0.0e+00
translated quad 16 LARGE|linear                  skewed  skewedFaces   480 | interior: non-bitwise     0 max 0.000e+00 | boundary max 0.000e+00 | C10b(1e-13) PASS | depth>5: 0/36 differ | coupling bound: worst 0.000 violations 0 t-out-of-range 0 | L1:0.0e+00 L2:0.0e+00 L3:0.0e+00 L4:0.0e+00 L5:0.0e+00 L6:0.0e+00 L7:0.0e+00
aligned graded 16 1.2|quadratic                  ALIGNED skewedFaces     0 | interior: non-bitwise     0 max 0.000e+00 | boundary max 0.000e+00 | C10a PASS
                                                 C11a all cells max 0.000e+00 (bound 1e-13: PASS) floor/scale 8.624e-15
aligned graded 16 1.2|smooth                     ALIGNED skewedFaces     0 | interior: non-bitwise     0 max 0.000e+00 | boundary max 0.000e+00 | C10a PASS
                                                 C11a all cells max 0.000e+00 (bound 1e-13: PASS) floor/scale 7.429e-15
aligned graded 16 1.2|linear                     ALIGNED skewedFaces     0 | interior: non-bitwise     0 max 0.000e+00 | boundary max 0.000e+00 | C10a PASS
                                                 C11a all cells max 0.000e+00 (bound 1e-13: PASS) floor/scale 6.120e-15
aligned cart3d 8|quadratic                       ALIGNED skewedFaces     0 | interior: non-bitwise     0 max 0.000e+00 | boundary max 0.000e+00 | C10a PASS
                                                 C11a all cells max 0.000e+00 (bound 1e-13: PASS) floor/scale 1.052e-14
aligned cart3d 8|smooth                          ALIGNED skewedFaces     0 | interior: non-bitwise     0 max 0.000e+00 | boundary max 0.000e+00 | C10a PASS
                                                 C11a all cells max 0.000e+00 (bound 1e-13: PASS) floor/scale 8.135e-15
aligned cart3d 8|linear                          ALIGNED skewedFaces     0 | interior: non-bitwise     0 max 0.000e+00 | boundary max 0.000e+00 | C10a PASS
                                                 C11a all cells max 0.000e+00 (bound 1e-13: PASS) floor/scale 8.005e-15
skewed Q16|quadratic                             skewed  skewedFaces   480 | interior: non-bitwise     0 max 0.000e+00 | boundary max 0.000e+00 | C10b(1e-13) PASS | depth>5: 0/36 differ | coupling bound: worst 0.000 violations 0 t-out-of-range 0 | L1:0.0e+00 L2:0.0e+00 L3:0.0e+00 L4:0.0e+00 L5:0.0e+00 L6:0.0e+00 L7:0.0e+00
skewed Q16|smooth                                skewed  skewedFaces   480 | interior: non-bitwise     0 max 0.000e+00 | boundary max 0.000e+00 | C10b(1e-13) PASS | depth>5: 0/36 differ | coupling bound: worst 0.000 violations 0 t-out-of-range 0 | L1:0.0e+00 L2:0.0e+00 L3:0.0e+00 L4:0.0e+00 L5:0.0e+00 L6:0.0e+00 L7:0.0e+00
skewed Q16|linear                                skewed  skewedFaces   480 | interior: non-bitwise     0 max 0.000e+00 | boundary max 0.000e+00 | C10b(1e-13) PASS | depth>5: 0/36 differ | coupling bound: worst 0.000 violations 0 t-out-of-range 0 | L1:0.0e+00 L2:0.0e+00 L3:0.0e+00 L4:0.0e+00 L5:0.0e+00 L6:0.0e+00 L7:0.0e+00
skewed C5 shear 5e-3|quadratic                   skewed  skewedFaces   345 | interior: non-bitwise     0 max 0.000e+00 | boundary max 0.000e+00 | C10b(1e-13) PASS | depth>5: 0/36 differ | coupling bound: worst 0.000 violations 0 t-out-of-range 0 | L1:0.0e+00 L2:0.0e+00 L3:0.0e+00 L4:0.0e+00 L5:0.0e+00 L6:0.0e+00 L7:0.0e+00
skewed C5 shear 5e-3|smooth                      skewed  skewedFaces   345 | interior: non-bitwise     0 max 0.000e+00 | boundary max 0.000e+00 | C10b(1e-13) PASS | depth>5: 0/36 differ | coupling bound: worst 0.000 violations 0 t-out-of-range 0 | L1:0.0e+00 L2:0.0e+00 L3:0.0e+00 L4:0.0e+00 L5:0.0e+00 L6:0.0e+00 L7:0.0e+00
skewed C5 shear 5e-3|linear                      skewed  skewedFaces   345 | interior: non-bitwise     0 max 0.000e+00 | boundary max 0.000e+00 | C10b(1e-13) PASS | depth>5: 0/36 differ | coupling bound: worst 0.000 violations 0 t-out-of-range 0 | L1:0.0e+00 L2:0.0e+00 L3:0.0e+00 L4:0.0e+00 L5:0.0e+00 L6:0.0e+00 L7:0.0e+00
skewed C5 shear 5e-9|quadratic                   skewed  skewedFaces   323 | interior: non-bitwise     0 max 0.000e+00 | boundary max 0.000e+00 | C10b(1e-13) PASS | depth>5: 0/36 differ | coupling bound: worst 0.000 violations 0 t-out-of-range 0 | L1:0.0e+00 L2:0.0e+00 L3:0.0e+00 L4:0.0e+00 L5:0.0e+00 L6:0.0e+00 L7:0.0e+00
skewed C5 shear 5e-9|smooth                      skewed  skewedFaces   323 | interior: non-bitwise     0 max 0.000e+00 | boundary max 0.000e+00 | C10b(1e-13) PASS | depth>5: 0/36 differ | coupling bound: worst 0.000 violations 0 t-out-of-range 0 | L1:0.0e+00 L2:0.0e+00 L3:0.0e+00 L4:0.0e+00 L5:0.0e+00 L6:0.0e+00 L7:0.0e+00
skewed C5 shear 5e-9|linear                      skewed  skewedFaces   323 | interior: non-bitwise     0 max 0.000e+00 | boundary max 0.000e+00 | C10b(1e-13) PASS | depth>5: 0/36 differ | coupling bound: worst 0.000 violations 0 t-out-of-range 0 | L1:0.0e+00 L2:0.0e+00 L3:0.0e+00 L4:0.0e+00 L5:0.0e+00 L6:0.0e+00 L7:0.0e+00
skewed NUM-003 20x20 0.45h|quadratic             skewed  skewedFaces   760 | interior: non-bitwise     0 max 0.000e+00 | boundary max 0.000e+00 | C10b(1e-13) PASS | depth>5: 0/100 differ | coupling bound: worst 0.000 violations 0 t-out-of-range 0 | L1:0.0e+00 L2:0.0e+00 L3:0.0e+00 L4:0.0e+00 L5:0.0e+00 L6:0.0e+00 L7:0.0e+00
skewed NUM-003 20x20 0.45h|smooth                skewed  skewedFaces   760 | interior: non-bitwise     0 max 0.000e+00 | boundary max 0.000e+00 | C10b(1e-13) PASS | depth>5: 0/100 differ | coupling bound: worst 0.000 violations 0 t-out-of-range 0 | L1:0.0e+00 L2:0.0e+00 L3:0.0e+00 L4:0.0e+00 L5:0.0e+00 L6:0.0e+00 L7:0.0e+00
skewed NUM-003 20x20 0.45h|linear                skewed  skewedFaces   760 | interior: non-bitwise     0 max 0.000e+00 | boundary max 0.000e+00 | C10b(1e-13) PASS | depth>5: 0/100 differ | coupling bound: worst 0.000 violations 0 t-out-of-range 0 | L1:0.0e+00 L2:0.0e+00 L3:0.0e+00 L4:0.0e+00 L5:0.0e+00 L6:0.0e+00 L7:0.0e+00
skewed production quad 64x8|quadratic            skewed  skewedFaces   952 | interior: non-bitwise     0 max 0.000e+00 | boundary max 0.000e+00 | C10b(1e-13) PASS | depth>5: 0/0 differ | coupling bound: worst 0.000 violations 0 t-out-of-range 0 | L1:0.0e+00 L2:0.0e+00 L3:0.0e+00 L4:0.0e+00
skewed production quad 64x8|smooth               skewed  skewedFaces   952 | interior: non-bitwise     0 max 0.000e+00 | boundary max 0.000e+00 | C10b(1e-13) PASS | depth>5: 0/0 differ | coupling bound: worst 0.000 violations 0 t-out-of-range 0 | L1:0.0e+00 L2:0.0e+00 L3:0.0e+00 L4:0.0e+00
skewed production quad 64x8|linear               skewed  skewedFaces   952 | interior: non-bitwise     0 max 0.000e+00 | boundary max 0.000e+00 | C10b(1e-13) PASS | depth>5: 0/0 differ | coupling bound: worst 0.000 violations 0 t-out-of-range 0 | L1:0.0e+00 L2:0.0e+00 L3:0.0e+00 L4:0.0e+00
SKIP translated cart3d 8 small|quadratic: absent from OLD
SKIP translated cart3d 8 small|smooth: absent from OLD
SKIP translated cart3d 8 small|linear: absent from OLD
SKIP skewed warped3d 8|quadratic: absent from OLD
SKIP skewed warped3d 8|smooth: absent from OLD
SKIP skewed warped3d 8|linear: absent from OLD
exit 0
