# P12-GRAD-002 A2 a2_prodmesh  tree=nograd  libcfdcore.a c74f6ab75714a3f1a008e29d892e60a5fc77a545627339f346f15b7664c1e074
# probe source 827bff98fd5c  args:   start 2026-09-17T13:51:54Z
# A2 production-mesh sweep truncation: max|g_K - g_64| / max|grad|, K = production 4
TRUNC poiseuille_distorted 64x8  linear neumann   m_f 0.550 | 1:6.62e-03 2:1.26e-03 3:2.13e-05 4:3.39e-06 5:6.29e-08 6:8.49e-09 8:3.01e-11 12:9.23e-15 16:0.00e+00
TRUNC poiseuille_distorted 64x8  smooth neumann   m_f 0.550 | 1:3.42e-03 2:6.89e-04 3:9.00e-06 4:1.85e-06 5:2.56e-08 6:4.82e-09 8:1.71e-11 12:1.50e-16 16:0.00e+00
TRUNC poiseuille_distorted 64x8  linear dirichlet m_f 0.550 | 1:1.62e-02 2:3.45e-04 3:1.96e-05 4:9.44e-07 5:5.45e-08 6:1.47e-09 8:2.84e-12 12:0.00e+00 16:0.00e+00
TRUNC poiseuille_distorted 64x8  smooth dirichlet m_f 0.550 | 1:3.42e-03 2:1.44e-04 3:5.53e-06 4:2.82e-07 5:1.05e-08 6:5.95e-10 8:7.58e-13 12:3.74e-17 16:0.00e+00
TRUNC poiseuille_distorted 144x18 linear neumann   m_f 0.586 | 1:7.06e-04 2:1.52e-04 3:3.23e-07 4:6.85e-08 5:2.22e-10 6:4.28e-11 8:2.69e-14 12:1.89e-14 16:0.00e+00
TRUNC poiseuille_distorted 144x18 smooth neumann   m_f 0.586 | 1:3.22e-04 2:8.70e-05 3:1.47e-07 4:3.92e-08 5:9.73e-11 6:2.46e-11 8:2.37e-14 12:0.00e+00 16:0.00e+00
TRUNC poiseuille_distorted 144x18 linear dirichlet m_f 0.586 | 1:1.09e-03 2:3.82e-06 3:6.43e-08 4:1.24e-09 5:1.73e-11 6:7.68e-13 8:2.63e-14 12:0.00e+00 16:0.00e+00
TRUNC poiseuille_distorted 144x18 smooth dirichlet m_f 0.586 | 1:1.98e-04 2:2.69e-06 3:3.58e-08 4:7.22e-10 5:1.38e-11 6:4.68e-13 8:2.90e-15 12:2.79e-16 16:0.00e+00
TRUNC poiseuille_distorted 216x27 linear neumann   m_f 0.592 | 1:2.64e-04 2:6.01e-05 3:4.88e-08 4:1.11e-08 5:1.47e-11 6:3.04e-12 8:3.01e-14 12:0.00e+00 16:0.00e+00
TRUNC poiseuille_distorted 216x27 smooth neumann   m_f 0.592 | 1:1.26e-04 2:3.48e-05 3:2.33e-08 4:6.42e-09 5:7.05e-12 6:1.78e-12 8:3.55e-15 12:0.00e+00 16:0.00e+00
TRUNC poiseuille_distorted 216x27 linear dirichlet m_f 0.592 | 1:2.92e-04 2:3.91e-07 3:2.95e-09 4:3.46e-11 5:2.43e-13 6:5.52e-14 8:0.00e+00 12:0.00e+00 16:0.00e+00
TRUNC poiseuille_distorted 216x27 smooth dirichlet m_f 0.592 | 1:4.05e-05 2:2.69e-07 3:1.74e-09 4:1.96e-11 5:1.69e-13 6:7.39e-15 8:4.11e-16 12:0.00e+00 16:0.00e+00
TRUNC poiseuille_distorted 512x64 linear neumann   m_f 0.595 | 1:4.07e-05 2:9.79e-06 3:1.24e-09 4:2.99e-10 5:1.28e-13 6:8.51e-14 8:0.00e+00 12:0.00e+00 16:0.00e+00
TRUNC poiseuille_distorted 512x64 smooth neumann   m_f 0.595 | 1:2.03e-05 2:5.69e-06 3:6.20e-10 4:1.74e-10 5:2.86e-14 6:9.96e-15 8:5.74e-16 12:0.00e+00 16:0.00e+00
TRUNC poiseuille_distorted 512x64 linear dirichlet m_f 0.595 | 1:1.26e-04 2:5.90e-08 3:1.08e-11 4:1.48e-13 5:1.11e-13 6:0.00e+00 8:0.00e+00 12:0.00e+00 16:0.00e+00
TRUNC poiseuille_distorted 512x64 smooth dirichlet m_f 0.595 | 1:3.21e-06 2:1.59e-09 3:1.95e-12 4:1.36e-14 5:8.50e-15 6:0.00e+00 8:0.00e+00 12:0.00e+00 16:0.00e+00
TRUNC curved_channel 8x20        linear neumann   m_f 0.030 | 1:1.45e-06 2:1.58e-09 3:1.76e-12 4:4.30e-15 5:2.64e-15 6:0.00e+00 8:0.00e+00 12:0.00e+00 16:0.00e+00
TRUNC curved_channel 8x20        smooth neumann   m_f 0.030 | 1:1.89e-06 2:2.05e-09 3:2.23e-12 4:2.66e-15 5:8.88e-16 6:0.00e+00 8:0.00e+00 12:0.00e+00 16:0.00e+00
TRUNC curved_channel 8x20        linear dirichlet m_f 0.030 | 1:1.21e-04 2:1.41e-07 3:1.23e-10 4:1.44e-13 5:3.18e-15 6:0.00e+00 8:0.00e+00 12:0.00e+00 16:0.00e+00
TRUNC curved_channel 8x20        smooth dirichlet m_f 0.030 | 1:2.90e-05 2:3.26e-08 3:2.71e-11 4:3.05e-14 5:7.53e-16 6:0.00e+00 8:0.00e+00 12:0.00e+00 16:0.00e+00
TRUNC curved_channel 18x45       linear neumann   m_f 0.014 | 1:6.08e-08 2:1.36e-11 3:1.39e-14 4:5.36e-15 5:4.47e-15 6:0.00e+00 8:0.00e+00 12:0.00e+00 16:0.00e+00
TRUNC curved_channel 18x45       smooth neumann   m_f 0.014 | 1:8.17e-08 2:1.90e-11 3:6.18e-15 4:1.69e-15 5:1.49e-15 6:0.00e+00 8:0.00e+00 12:0.00e+00 16:0.00e+00
TRUNC curved_channel 18x45       linear dirichlet m_f 0.014 | 1:2.63e-05 2:6.23e-09 3:1.10e-12 4:6.36e-15 5:4.47e-15 6:0.00e+00 8:0.00e+00 12:0.00e+00 16:0.00e+00
TRUNC curved_channel 18x45       smooth dirichlet m_f 0.014 | 1:6.12e-06 2:1.44e-09 3:2.56e-13 4:2.11e-15 5:1.49e-15 6:0.00e+00 8:0.00e+00 12:0.00e+00 16:0.00e+00
TRUNC curved_channel 36x90       linear neumann   m_f 0.007 | 1:3.89e-09 2:2.33e-13 3:2.69e-14 4:5.97e-15 5:9.73e-15 6:0.00e+00 8:0.00e+00 12:0.00e+00 16:0.00e+00
TRUNC curved_channel 36x90       smooth neumann   m_f 0.007 | 1:5.24e-09 2:3.11e-13 3:4.51e-15 4:0.00e+00 5:1.11e-16 6:0.00e+00 8:0.00e+00 12:0.00e+00 16:0.00e+00
TRUNC curved_channel 36x90       linear dirichlet m_f 0.007 | 1:6.82e-06 2:4.07e-10 3:2.69e-14 4:5.97e-15 5:9.73e-15 6:0.00e+00 8:0.00e+00 12:0.00e+00 16:0.00e+00
TRUNC curved_channel 36x90       smooth dirichlet m_f 0.007 | 1:1.52e-06 2:9.05e-11 3:5.95e-15 4:0.00e+00 5:1.11e-16 6:0.00e+00 8:0.00e+00 12:0.00e+00 16:0.00e+00
exit 0
# end 2026-09-17T13:51:57Z
