## Release-stage outputs vs the pre-regression snapshot (production code is unchanged since W10)
RUNTIME-ONLY  results/validation/grid_convergence/natural_convection_ra1e3.json
RUNTIME-ONLY  results/validation/grid_convergence/natural_convection_ra1e3.md
RUNTIME-ONLY  results/validation/grid_convergence/poiseuille_flow.json
RUNTIME-ONLY  results/validation/grid_convergence/poiseuille_flow.md
RUNTIME-ONLY  results/validation/mms/compressible_simple_mms.json
RUNTIME-ONLY  results/validation/mms/compressible_simple_mms.md
RUNTIME-ONLY  results/validation/mms/distorted_mesh_mms.json
RUNTIME-ONLY  results/validation/mms/distorted_mesh_mms.md
RUNTIME-ONLY  results/validation/mms/distorted_mesh_momentum_mms.json
RUNTIME-ONLY  results/validation/mms/distorted_mesh_momentum_mms.md
RUNTIME-ONLY  results/validation/mms/distorted_mesh_simple_mms.json
RUNTIME-ONLY  results/validation/mms/distorted_mesh_simple_mms.md
RUNTIME-ONLY  results/validation/mms/momentum_mms.json
RUNTIME-ONLY  results/validation/mms/momentum_mms.md
RUNTIME-ONLY  results/validation/mms/momentum_mms_linear_upwind.json
RUNTIME-ONLY  results/validation/mms/momentum_mms_linear_upwind.md
RUNTIME-ONLY  results/validation/mms/momentum_mms_upwind.json
RUNTIME-ONLY  results/validation/mms/momentum_mms_upwind.md
RUNTIME-ONLY  results/validation/mms/scalar_advection_diffusion_mms.json
RUNTIME-ONLY  results/validation/mms/scalar_advection_diffusion_mms.md
RUNTIME-ONLY  results/validation/mms/simple_mms.json
RUNTIME-ONLY  results/validation/mms/simple_mms.md
RUNTIME-ONLY  results/validation/mms/simple_mms_upwind.json
RUNTIME-ONLY  results/validation/mms/simple_mms_upwind.md
RUNTIME-ONLY  results/validation/natural_convection/Ra1e3/10x10/validation.json
RUNTIME-ONLY  results/validation/natural_convection/Ra1e3/10x10_det_a/validation.json
RUNTIME-ONLY  results/validation/natural_convection/Ra1e3/10x10_det_b/validation.json
RUNTIME-ONLY  results/validation/natural_convection/Ra1e3/10x10_refinement_pair/validation.json
RUNTIME-ONLY  results/validation/natural_convection/Ra1e3/10x10_sign_check/validation.json
RUNTIME-ONLY  results/validation/natural_convection/Ra1e3/10x10_variable_property_regression/validation.json
RUNTIME-ONLY  results/validation/natural_convection/Ra1e3/10x10_zero_beta/validation.json
RUNTIME-ONLY  results/validation/natural_convection/Ra1e3/15x15/validation.json
RUNTIME-ONLY  results/validation/natural_convection/Ra1e3/20x20/validation.json
RUNTIME-ONLY  results/validation/natural_convection/Ra1e3/20x20_variable_property_regression/validation.json
RUNTIME-ONLY  results/validation/production/cavity_re100/20x20_quick/validation.json
RUNTIME-ONLY  results/validation/production/channel_transpiration_graded_grid_convergence.json
RUNTIME-ONLY  results/validation/production/curved_channel_multiblock_grid_convergence.json
RUNTIME-ONLY  results/validation/production/poiseuille.json
RUNTIME-ONLY  results/validation/production/poiseuille.md
RUNTIME-ONLY  results/validation/production/poiseuille_distorted_grid_convergence.json
RUNTIME-ONLY  results/validation/production/scheme_comparison_20x20.json
RUNTIME-ONLY  results/validation/production/scheme_comparison_20x20.md
RUNTIME-ONLY  results/validation/production/turbulent_channel_ci.json
RUNTIME-ONLY  results/validation/production/turbulent_channel_ci.md
RUNTIME-ONLY  results/validation/turbulence/channel_flow/k_epsilon/coarse/validation.json
RUNTIME-ONLY  results/validation/turbulence/channel_flow/k_epsilon/medium/validation.json
RUNTIME-ONLY  results/validation/turbulence/channel_flow/k_omega/coarse/validation.json
RUNTIME-ONLY  results/validation/turbulence/channel_flow/k_omega/medium/validation.json
RUNTIME-ONLY  results/validation/turbulence/channel_flow/sst/coarse/validation.json
RUNTIME-ONLY  results/validation/turbulence/channel_flow/sst/medium/validation.json
checked 270 files; IDENTICAL 220, RUNTIME-ONLY 50, VALUES 0, NEW 0, GONE 0
exit 0
## final working tree (last writer: the ASan build) vs the snapshot
RUNTIME-ONLY  results/validation/grid_convergence/natural_convection_ra1e3.json
RUNTIME-ONLY  results/validation/grid_convergence/natural_convection_ra1e3.md
RUNTIME-ONLY  results/validation/grid_convergence/poiseuille_flow.json
RUNTIME-ONLY  results/validation/grid_convergence/poiseuille_flow.md
RUNTIME-ONLY  results/validation/mms/compressible_simple_mms.json
RUNTIME-ONLY  results/validation/mms/compressible_simple_mms.md
VALUES        results/validation/mms/distorted_mesh_mms.json (75 non-timing differences)
      /levels[1]/errors/phi_boundary_ring_distorted_corrected/l1: 9.273231616828335e-05 -> 9.27323164706436e-05
      /levels[1]/errors/phi_boundary_ring_distorted_corrected/l2: 0.00011940210281528377 -> 0.00011940210303688662
      /levels[1]/errors/phi_boundary_ring_distorted_corrected/linf: 0.0002581090358757532 -> 0.00025810903481038316
      /levels[1]/errors/phi_boundary_ring_distorted_uncorrected/l1: 0.0003683512342920959 -> 0.00036835123405359795
      /levels[1]/errors/phi_boundary_ring_distorted_uncorrected/l2: 0.0004549771762476679 -> 0.00045497717610293694
      /levels[1]/errors/phi_boundary_ring_distorted_uncorrected/linf: 0.0008939219597062786 -> 0.0008939219584547242
RUNTIME-ONLY  results/validation/mms/distorted_mesh_mms.md
VALUES        results/validation/mms/distorted_mesh_momentum_mms.json (146 non-timing differences)
      /levels[1]/errors/v_boundary_ring_distorted_corrected/l1: 7.340821889164321e-05 -> 7.340821885125966e-05
      /levels[1]/errors/v_boundary_ring_distorted_corrected/l2: 0.00013383418728935248 -> 0.00013383418726667037
      /levels[1]/errors/v_boundary_ring_distorted_corrected/linf: 0.0010190139502287143 -> 0.0010190139501107254
      /levels[1]/errors/v_boundary_ring_distorted_uncorrected/l1: 0.00031173524033489315 -> 0.0003117352403179237
      /levels[1]/errors/v_boundary_ring_distorted_uncorrected/l2: 0.00041167298300592 -> 0.00041167298294965843
      /levels[1]/errors/v_boundary_ring_distorted_uncorrected/linf: 0.0012258026265578037 -> 0.0012258026265145328
RUNTIME-ONLY  results/validation/mms/distorted_mesh_momentum_mms.md
VALUES        results/validation/mms/distorted_mesh_simple_mms.json (102 non-timing differences)
      /gates[12]/detail: 'Linf 2.86e-07, L2 8.97e-09' -> 'Linf 2.73e-07, L2 8.55e-09'
      /levels[2]/diagnostics/final_continuity_residual: 8.771439946400564e-12 -> 8.365070868220303e-12
      /levels[2]/diagnostics/final_pressure_residual: 9.991407817445614e-09 -> 9.995986754449575e-09
      /levels[2]/diagnostics/final_u_residual: 7.208579991157228e-10 -> 7.191650920473124e-10
      /levels[2]/diagnostics/final_v_residual: 1.8905582555328556e-09 -> 1.8906924739782464e-09
      /levels[2]/errors/continuity/l1: 5.741111587477269e-10 -> 5.419066600165102e-10
VALUES        results/validation/mms/distorted_mesh_simple_mms.md (5 non-timing differences)
      table column 'L2': 3.5785e-03 -> 3.5784e-03 (row: | 32x32 | 2.6732e-03 | 3.5785e-03 | 1.8469e-02 |)
      table column 'L1': 5.7411e-10 -> 5.4191e-10 (row: | 32x32 | 5.7411e-10 | 8.9659e-09 | 2.8622e-07 |)
      table column 'L2': 8.9659e-09 -> 8.5506e-09 (row: | 32x32 | 5.7411e-10 | 8.9659e-09 | 2.8622e-07 |)
      table column 'Linf': 2.8622e-07 -> 2.7294e-07 (row: | 32x32 | 5.7411e-10 | 8.9659e-09 | 2.8622e-07 |)
      line 136: - [x] continuity: discrete continuity satisfied (Linf per volume <= 1e-5) at 32x32: Linf 2 -> - [x] continuity: discrete continuity satisfied (Linf per volume <= 1e-5) at 32x32: Linf 2
RUNTIME-ONLY  results/validation/mms/momentum_mms.json
RUNTIME-ONLY  results/validation/mms/momentum_mms.md
RUNTIME-ONLY  results/validation/mms/momentum_mms_linear_upwind.json
RUNTIME-ONLY  results/validation/mms/momentum_mms_linear_upwind.md
RUNTIME-ONLY  results/validation/mms/momentum_mms_upwind.json
RUNTIME-ONLY  results/validation/mms/momentum_mms_upwind.md
RUNTIME-ONLY  results/validation/mms/scalar_advection_diffusion_mms.json
RUNTIME-ONLY  results/validation/mms/scalar_advection_diffusion_mms.md
RUNTIME-ONLY  results/validation/mms/simple_mms.json
RUNTIME-ONLY  results/validation/mms/simple_mms.md
RUNTIME-ONLY  results/validation/mms/simple_mms_upwind.json
RUNTIME-ONLY  results/validation/mms/simple_mms_upwind.md
RUNTIME-ONLY  results/validation/natural_convection/Ra1e3/10x10/validation.json
RUNTIME-ONLY  results/validation/natural_convection/Ra1e3/10x10_det_a/validation.json
RUNTIME-ONLY  results/validation/natural_convection/Ra1e3/10x10_det_b/validation.json
RUNTIME-ONLY  results/validation/natural_convection/Ra1e3/10x10_refinement_pair/validation.json
RUNTIME-ONLY  results/validation/natural_convection/Ra1e3/10x10_sign_check/validation.json
RUNTIME-ONLY  results/validation/natural_convection/Ra1e3/10x10_variable_property_regression/validation.json
RUNTIME-ONLY  results/validation/natural_convection/Ra1e3/10x10_zero_beta/validation.json
RUNTIME-ONLY  results/validation/natural_convection/Ra1e3/15x15/validation.json
RUNTIME-ONLY  results/validation/natural_convection/Ra1e3/20x20/validation.json
RUNTIME-ONLY  results/validation/natural_convection/Ra1e3/20x20_variable_property_regression/validation.json
RUNTIME-ONLY  results/validation/production/cavity_re100/20x20_quick/validation.json
RUNTIME-ONLY  results/validation/production/channel_transpiration_graded_grid_convergence.json
VALUES        results/validation/production/curved_channel_multiblock_grid_convergence.json (73 non-timing differences)
      /grids[1]/quantities/pressure_gradient: -1.8226209612374946 -> -1.822620961250822
      /grids[1]/quantities/radial_pressure_rise_ratio: 1.003826801210263 -> 1.0038268015951755
      /grids[1]/quantities/velocity_l2_error: 0.004837588904357929 -> 0.004837588915090896
      /grids[2]/quantities/pressure_gradient: -1.8257632018379946 -> -1.8257632018440049
      /grids[2]/quantities/radial_pressure_rise_ratio: 1.0005167895837557 -> 1.0005167897631273
      /grids[2]/quantities/velocity_l2_error: 0.002093591279180841 -> 0.0020935912797291185
RUNTIME-ONLY  results/validation/production/poiseuille.json
RUNTIME-ONLY  results/validation/production/poiseuille.md
RUNTIME-ONLY  results/validation/production/poiseuille_distorted_grid_convergence.json
RUNTIME-ONLY  results/validation/production/scheme_comparison_20x20.json
RUNTIME-ONLY  results/validation/production/scheme_comparison_20x20.md
RUNTIME-ONLY  results/validation/production/turbulent_channel_ci.json
RUNTIME-ONLY  results/validation/production/turbulent_channel_ci.md
RUNTIME-ONLY  results/validation/turbulence/channel_flow/k_epsilon/coarse/validation.json
RUNTIME-ONLY  results/validation/turbulence/channel_flow/k_epsilon/medium/validation.json
RUNTIME-ONLY  results/validation/turbulence/channel_flow/k_omega/coarse/validation.json
RUNTIME-ONLY  results/validation/turbulence/channel_flow/k_omega/medium/validation.json
RUNTIME-ONLY  results/validation/turbulence/channel_flow/sst/coarse/validation.json
RUNTIME-ONLY  results/validation/turbulence/channel_flow/sst/medium/validation.json
checked 270 files; IDENTICAL 220, RUNTIME-ONLY 45, VALUES 5, NEW 0, GONE 0
exit 1
