# LOWMACH-001 probe=current libcfdcore 143a1dda0680bc1d481a0360095ca7c643ffc9e2a2dc53bbd1d55d5a8202132a source 2831fa066e8f983c 2026-09-17T11:40:56Z
# LOWMACH-001: the test's runLowMachCase, verbatim, with the velocity source switched
    16x6   as-tested bound 1.128959e-04 (metric/bound 0.9556) | recomputed volumetric |eps'|/UH 0.000e+00 | sum|F'|/UH 2.0000
    16x6   as-tested status 0 it  1555 | metric 1.078870e-04 | dp_b/p_avg 1.078871e-04 | cell drho/rho 1.128959e-04 | boundary-incl drho/rho 1.128959e-04 | SIMPLE |net|/UH 1.321e-08 | maxRelFluxDiff 9.1325e-02 | Mach max 2.8802e-03
    16x6   solved    bound 1.858711e-04 (metric/bound 0.1879) | recomputed volumetric |eps'|/UH 7.297e-05 | sum|F'|/UH 2.0001
    16x6   solved    status 0 it  1555 | metric 3.491994e-05 | dp_b/p_avg 1.078871e-04 | cell drho/rho 1.128959e-04 | boundary-incl drho/rho 1.128959e-04 | SIMPLE |net|/UH 1.321e-08 | maxRelFluxDiff 3.7632e-05 | Mach max 4.1507e-03
    32x6   as-tested bound 1.117209e-04 (metric/bound 0.9258) | recomputed volumetric |eps'|/UH 0.000e+00 | sum|F'|/UH 2.0000
    32x6   as-tested status 0 it  1819 | metric 1.034329e-04 | dp_b/p_avg 1.034334e-04 | cell drho/rho 1.108304e-04 | boundary-incl drho/rho 1.117209e-04 | SIMPLE |net|/UH 1.681e-08 | maxRelFluxDiff 9.1330e-02 | Mach max 2.8802e-03
    32x6   solved    bound 1.700743e-04 (metric/bound 0.2651) | recomputed volumetric |eps'|/UH 5.835e-05 | sum|F'|/UH 2.0001
    32x6   solved    status 0 it  1819 | metric 4.508602e-05 | dp_b/p_avg 1.034334e-04 | cell drho/rho 1.108304e-04 | boundary-incl drho/rho 1.117209e-04 | SIMPLE |net|/UH 1.681e-08 | maxRelFluxDiff 3.3596e-05 | Mach max 4.1571e-03
    64x6   as-tested bound 1.171534e-04 (metric/bound 0.8792) | recomputed volumetric |eps'|/UH 0.000e+00 | sum|F'|/UH 2.0000
    64x6   as-tested status 0 it  1799 | metric 1.030011e-04 | dp_b/p_avg 1.030019e-04 | cell drho/rho 1.164235e-04 | boundary-incl drho/rho 1.171534e-04 | SIMPLE |net|/UH 7.743e-08 | maxRelFluxDiff 9.1360e-02 | Mach max 2.8802e-03
    64x6   solved    bound 1.173301e-04 (metric/bound 0.8764) | recomputed volumetric |eps'|/UH 1.768e-07 | sum|F'|/UH 2.0000
    64x6   solved    status 0 it  1799 | metric 1.028244e-04 | dp_b/p_avg 1.030019e-04 | cell drho/rho 1.164235e-04 | boundary-incl drho/rho 1.171534e-04 | SIMPLE |net|/UH 7.743e-08 | maxRelFluxDiff 1.4114e-05 | Mach max 4.1482e-03
    64x12  as-tested bound 1.313078e-04 (metric/bound 0.8063) | recomputed volumetric |eps'|/UH 0.000e+00 | sum|F'|/UH 2.0000
    64x12  as-tested status 0 it   931 | metric 1.058797e-04 | dp_b/p_avg 1.058811e-04 | cell drho/rho 1.305702e-04 | boundary-incl drho/rho 1.313078e-04 | SIMPLE |net|/UH 1.787e-07 | maxRelFluxDiff 6.3438e-02 | Mach max 2.8802e-03
    64x12  solved    bound 1.314358e-04 (metric/bound 0.8065) | recomputed volumetric |eps'|/UH 1.280e-07 | sum|F'|/UH 2.0000
    64x12  solved    status 0 it   931 | metric 1.060077e-04 | dp_b/p_avg 1.058811e-04 | cell drho/rho 1.305702e-04 | boundary-incl drho/rho 1.313078e-04 | SIMPLE |net|/UH 1.787e-07 | maxRelFluxDiff 9.5014e-06 | Mach max 4.2831e-03
   128x24  as-tested bound 1.717206e-04 (metric/bound 0.6328) | recomputed volumetric |eps'|/UH 0.000e+00 | sum|F'|/UH 2.0000
   128x24  as-tested status 0 it   540 | metric 1.086629e-04 | dp_b/p_avg 1.086663e-04 | cell drho/rho 1.713507e-04 | boundary-incl drho/rho 1.717206e-04 | SIMPLE |net|/UH 1.653e-07 | maxRelFluxDiff 3.6571e-02 | Mach max 2.8802e-03
   128x24  solved    bound 1.718780e-04 (metric/bound 0.6331) | recomputed volumetric |eps'|/UH 1.574e-07 | sum|F'|/UH 2.0000
   128x24  solved    status 0 it   540 | metric 1.088202e-04 | dp_b/p_avg 1.086663e-04 | cell drho/rho 1.713507e-04 | boundary-incl drho/rho 1.717206e-04 | SIMPLE |net|/UH 1.653e-07 | maxRelFluxDiff 5.3636e-06 | Mach max 4.3098e-03
exit 0
