# LOWMACH-001 probe=base libcfdcore 719d0fc7ae48c027756430a8473a9b47ef3f516167aa7eb7319fa3eb468c50fe source 2831fa066e8f983c 2026-09-17T11:40:56Z
# LOWMACH-001: the test's runLowMachCase, verbatim, with the velocity source switched
    16x6   as-tested bound 1.057924e-04 (metric/bound 0.9634) | recomputed volumetric |eps'|/UH 0.000e+00 | sum|F'|/UH 2.0000
    16x6   as-tested status 0 it  1529 | metric 1.019188e-04 | dp_b/p_avg 1.019189e-04 | cell drho/rho 1.057924e-04 | boundary-incl drho/rho 1.057924e-04 | SIMPLE |net|/UH 1.725e-08 | maxRelFluxDiff 8.7720e-02 | Mach max 2.8802e-03
    16x6   solved    bound 1.769987e-04 (metric/bound 0.1736) | recomputed volumetric |eps'|/UH 7.120e-05 | sum|F'|/UH 2.0001
    16x6   solved    status 0 it  1529 | metric 3.071992e-05 | dp_b/p_avg 1.019189e-04 | cell drho/rho 1.057924e-04 | boundary-incl drho/rho 1.057924e-04 | SIMPLE |net|/UH 1.725e-08 | maxRelFluxDiff 3.4695e-05 | Mach max 4.1001e-03
    32x6   as-tested bound 1.039036e-04 (metric/bound 0.9375) | recomputed volumetric |eps'|/UH 0.000e+00 | sum|F'|/UH 2.0000
    32x6   as-tested status 0 it  1484 | metric 9.741480e-05 | dp_b/p_avg 9.741517e-05 | cell drho/rho 1.028051e-04 | boundary-incl drho/rho 1.039036e-04 | SIMPLE |net|/UH 3.976e-08 | maxRelFluxDiff 8.7720e-02 | Mach max 2.8802e-03
    32x6   solved    bound 1.533271e-04 (metric/bound 0.3130) | recomputed volumetric |eps'|/UH 4.942e-05 | sum|F'|/UH 2.0000
    32x6   solved    status 0 it  1484 | metric 4.799645e-05 | dp_b/p_avg 9.741517e-05 | cell drho/rho 1.028051e-04 | boundary-incl drho/rho 1.039036e-04 | SIMPLE |net|/UH 3.976e-08 | maxRelFluxDiff 2.8525e-05 | Mach max 4.1059e-03
    64x6   as-tested bound 1.076583e-04 (metric/bound 0.8999) | recomputed volumetric |eps'|/UH 0.000e+00 | sum|F'|/UH 2.0000
    64x6   as-tested status 0 it  1522 | metric 9.688664e-05 | dp_b/p_avg 9.688720e-05 | cell drho/rho 1.069570e-04 | boundary-incl drho/rho 1.076583e-04 | SIMPLE |net|/UH 1.339e-07 | maxRelFluxDiff 8.7724e-02 | Mach max 2.8802e-03
    64x6   solved    bound 1.077714e-04 (metric/bound 0.9001) | recomputed volumetric |eps'|/UH 1.132e-07 | sum|F'|/UH 2.0000
    64x6   solved    status 0 it  1522 | metric 9.699980e-05 | dp_b/p_avg 9.688720e-05 | cell drho/rho 1.069570e-04 | boundary-incl drho/rho 1.076583e-04 | SIMPLE |net|/UH 1.339e-07 | maxRelFluxDiff 1.3226e-05 | Mach max 4.0965e-03
    64x12  as-tested bound 1.232685e-04 (metric/bound 0.8359) | recomputed volumetric |eps'|/UH 0.000e+00 | sum|F'|/UH 2.0000
    64x12  as-tested status 0 it   836 | metric 1.030376e-04 | dp_b/p_avg 1.030387e-04 | cell drho/rho 1.225384e-04 | boundary-incl drho/rho 1.232685e-04 | SIMPLE |net|/UH 1.391e-07 | maxRelFluxDiff 6.2786e-02 | Mach max 2.8802e-03
    64x12  solved    bound 1.233894e-04 (metric/bound 0.8360) | recomputed volumetric |eps'|/UH 1.210e-07 | sum|F'|/UH 2.0000
    64x12  solved    status 0 it   836 | metric 1.031586e-04 | dp_b/p_avg 1.030387e-04 | cell drho/rho 1.225384e-04 | boundary-incl drho/rho 1.232685e-04 | SIMPLE |net|/UH 1.391e-07 | maxRelFluxDiff 9.1963e-06 | Mach max 4.2677e-03
   128x24  as-tested bound 1.575926e-04 (metric/bound 0.6763) | recomputed volumetric |eps'|/UH 0.000e+00 | sum|F'|/UH 2.0000
   128x24  as-tested status 0 it   483 | metric 1.065781e-04 | dp_b/p_avg 1.065809e-04 | cell drho/rho 1.572237e-04 | boundary-incl drho/rho 1.575926e-04 | SIMPLE |net|/UH 2.497e-07 | maxRelFluxDiff 3.6477e-02 | Mach max 2.8802e-03
   128x24  solved    bound 1.578308e-04 (metric/bound 0.6768) | recomputed volumetric |eps'|/UH 2.382e-07 | sum|F'|/UH 2.0000
   128x24  solved    status 0 it   483 | metric 1.068163e-04 | dp_b/p_avg 1.065809e-04 | cell drho/rho 1.572237e-04 | boundary-incl drho/rho 1.575926e-04 | SIMPLE |net|/UH 2.497e-07 | maxRelFluxDiff 4.9191e-06 | Mach max 4.3059e-03
exit 0
