# LOWMACH-001 dry-run variant=bugfield; 2026-09-17T11:51:06Z
# test source 5db46c03aa05534d
# warnings in the test source: 0
# libcfdcore.a 143a1dda0680bc1d481a0360095ca7c643ffc9e2a2dc53bbd1d55d5a8202132a
Running main() from /mnt/c/Users/Hasib/Desktop/CFDAPP/CFDApp/build/release/_deps/googletest-src/googletest/src/gtest_main.cc
[==========] Running 7 tests from 1 test suite.
[----------] Global test environment set-up.
[----------] 7 tests from LowMachRegressionTest
[ RUN      ] LowMachRegressionTest.MachNumberStaysWellBelowPointOne
/root/lowmach_dry/bugfield/src_tree/tests/integration/compressible/test_low_mach_regression.cpp:271: Failure
Expected: (outcome.machMax) > (1.25 * outcome.inletMach), actual: 0.0028802133966756732 vs 0.0036002667458445914

[  FAILED  ] LowMachRegressionTest.MachNumberStaysWellBelowPointOne (2379 ms)
[ RUN      ] LowMachRegressionTest.DensityVariationIsSmallRelativeToReferenceDensity
[       OK ] LowMachRegressionTest.DensityVariationIsSmallRelativeToReferenceDensity (2289 ms)
[ RUN      ] LowMachRegressionTest.EosConsistencyErrorIsAtFloatingPointTolerance
[       OK ] LowMachRegressionTest.EosConsistencyErrorIsAtFloatingPointTolerance (2302 ms)
[ RUN      ] LowMachRegressionTest.CompressibleMassFluxApproachesTheIncompressibleLimit
[       OK ] LowMachRegressionTest.CompressibleMassFluxApproachesTheIncompressibleLimit (2290 ms)
[ RUN      ] LowMachRegressionTest.GlobalMassImbalanceIsSmall
global imbalance 1.034329e-04, derived bound 1.117209e-04, density variation 1.108304e-04
[       OK ] LowMachRegressionTest.GlobalMassImbalanceIsSmall (2297 ms)
[ RUN      ] LowMachRegressionTest.GridRefinementKeepsAllMetricsSmall
[       OK ] LowMachRegressionTest.GridRefinementKeepsAllMetricsSmall (6747 ms)
[ RUN      ] LowMachRegressionTest.RepeatedRunIsDeterministic
[       OK ] LowMachRegressionTest.RepeatedRunIsDeterministic (4650 ms)
[----------] 7 tests from LowMachRegressionTest (22967 ms total)

[----------] Global test environment tear-down
[==========] 7 tests from 1 test suite ran. (22969 ms total)
[  PASSED  ] 6 tests.
[  FAILED  ] 1 test, listed below:
[  FAILED  ] LowMachRegressionTest.MachNumberStaysWellBelowPointOne

 1 FAILED TEST
exit 1
