# LOWMACH-001 dry-run variant=cand; 2026-09-17T11:47:47Z
# test source e69d3a62a0db1697
# warnings in the test source: 0
# libcfdcore.a 143a1dda0680bc1d481a0360095ca7c643ffc9e2a2dc53bbd1d55d5a8202132a
Running main() from /mnt/c/Users/Hasib/Desktop/CFDAPP/CFDApp/build/release/_deps/googletest-src/googletest/src/gtest_main.cc
[==========] Running 7 tests from 1 test suite.
[----------] Global test environment set-up.
[----------] 7 tests from LowMachRegressionTest
[ RUN      ] LowMachRegressionTest.MachNumberStaysWellBelowPointOne
[       OK ] LowMachRegressionTest.MachNumberStaysWellBelowPointOne (3046 ms)
[ RUN      ] LowMachRegressionTest.DensityVariationIsSmallRelativeToReferenceDensity
[       OK ] LowMachRegressionTest.DensityVariationIsSmallRelativeToReferenceDensity (3014 ms)
[ RUN      ] LowMachRegressionTest.EosConsistencyErrorIsAtFloatingPointTolerance
[       OK ] LowMachRegressionTest.EosConsistencyErrorIsAtFloatingPointTolerance (3081 ms)
[ RUN      ] LowMachRegressionTest.CompressibleMassFluxApproachesTheIncompressibleLimit
[       OK ] LowMachRegressionTest.CompressibleMassFluxApproachesTheIncompressibleLimit (3178 ms)
[ RUN      ] LowMachRegressionTest.GlobalMassImbalanceIsSmall
global imbalance 4.508602e-05, derived bound 1.700743e-04, density variation 1.108304e-04
[       OK ] LowMachRegressionTest.GlobalMassImbalanceIsSmall (3164 ms)
[ RUN      ] LowMachRegressionTest.GridRefinementKeepsAllMetricsSmall
[       OK ] LowMachRegressionTest.GridRefinementKeepsAllMetricsSmall (9319 ms)
[ RUN      ] LowMachRegressionTest.RepeatedRunIsDeterministic
[       OK ] LowMachRegressionTest.RepeatedRunIsDeterministic (5468 ms)
[----------] 7 tests from LowMachRegressionTest (30281 ms total)

[----------] Global test environment tear-down
[==========] 7 tests from 1 test suite ran. (30282 ms total)
[  PASSED  ] 7 tests.
exit 0
