# LOWMACH-001 dry-run variant=mutant; 2026-09-17T11:47:47Z
# test source e69d3a62a0db1697
# warnings in the test source: 0
# libcfdcore.a bc06049c2216438a8f118ae6583946e0197f51f076d3d2bc8120340036d6024a
Running main() from /mnt/c/Users/Hasib/Desktop/CFDAPP/CFDApp/build/release/_deps/googletest-src/googletest/src/gtest_main.cc
[==========] Running 7 tests from 1 test suite.
[----------] Global test environment set-up.
[----------] 7 tests from LowMachRegressionTest
[ RUN      ] LowMachRegressionTest.MachNumberStaysWellBelowPointOne
[       OK ] LowMachRegressionTest.MachNumberStaysWellBelowPointOne (3028 ms)
[ RUN      ] LowMachRegressionTest.DensityVariationIsSmallRelativeToReferenceDensity
[       OK ] LowMachRegressionTest.DensityVariationIsSmallRelativeToReferenceDensity (3164 ms)
[ RUN      ] LowMachRegressionTest.EosConsistencyErrorIsAtFloatingPointTolerance
[       OK ] LowMachRegressionTest.EosConsistencyErrorIsAtFloatingPointTolerance (3195 ms)
[ RUN      ] LowMachRegressionTest.CompressibleMassFluxApproachesTheIncompressibleLimit
[       OK ] LowMachRegressionTest.CompressibleMassFluxApproachesTheIncompressibleLimit (3080 ms)
[ RUN      ] LowMachRegressionTest.GlobalMassImbalanceIsSmall
global imbalance 4.513111e-05, derived bound 1.700743e-04, density variation 1.108304e-04
[       OK ] LowMachRegressionTest.GlobalMassImbalanceIsSmall (3108 ms)
[ RUN      ] LowMachRegressionTest.GridRefinementKeepsAllMetricsSmall
[       OK ] LowMachRegressionTest.GridRefinementKeepsAllMetricsSmall (9136 ms)
[ RUN      ] LowMachRegressionTest.RepeatedRunIsDeterministic
[       OK ] LowMachRegressionTest.RepeatedRunIsDeterministic (5582 ms)
[----------] 7 tests from LowMachRegressionTest (30303 ms total)

[----------] Global test environment tear-down
[==========] 7 tests from 1 test suite ran. (30305 ms total)
[  PASSED  ] 7 tests.
exit 0
