# LOWMACH-001 dry-run variant=base; 2026-09-17T11:47:47Z
# test source e69d3a62a0db1697
# warnings in the test source: 0
# libcfdcore.a 719d0fc7ae48c027756430a8473a9b47ef3f516167aa7eb7319fa3eb468c50fe
Running main() from /mnt/c/Users/Hasib/Desktop/CFDAPP/CFDApp/build/release/_deps/googletest-src/googletest/src/gtest_main.cc
[==========] Running 7 tests from 1 test suite.
[----------] Global test environment set-up.
[----------] 7 tests from LowMachRegressionTest
[ RUN      ] LowMachRegressionTest.MachNumberStaysWellBelowPointOne
[       OK ] LowMachRegressionTest.MachNumberStaysWellBelowPointOne (2356 ms)
[ RUN      ] LowMachRegressionTest.DensityVariationIsSmallRelativeToReferenceDensity
[       OK ] LowMachRegressionTest.DensityVariationIsSmallRelativeToReferenceDensity (2437 ms)
[ RUN      ] LowMachRegressionTest.EosConsistencyErrorIsAtFloatingPointTolerance
[       OK ] LowMachRegressionTest.EosConsistencyErrorIsAtFloatingPointTolerance (2355 ms)
[ RUN      ] LowMachRegressionTest.CompressibleMassFluxApproachesTheIncompressibleLimit
[       OK ] LowMachRegressionTest.CompressibleMassFluxApproachesTheIncompressibleLimit (2438 ms)
[ RUN      ] LowMachRegressionTest.GlobalMassImbalanceIsSmall
global imbalance 4.799645e-05, derived bound 1.533271e-04, density variation 1.028051e-04
[       OK ] LowMachRegressionTest.GlobalMassImbalanceIsSmall (2415 ms)
[ RUN      ] LowMachRegressionTest.GridRefinementKeepsAllMetricsSmall
[       OK ] LowMachRegressionTest.GridRefinementKeepsAllMetricsSmall (7613 ms)
[ RUN      ] LowMachRegressionTest.RepeatedRunIsDeterministic
[       OK ] LowMachRegressionTest.RepeatedRunIsDeterministic (5516 ms)
[----------] 7 tests from LowMachRegressionTest (25140 ms total)

[----------] Global test environment tear-down
[==========] 7 tests from 1 test suite ran. (25143 ms total)
[  PASSED  ] 7 tests.
exit 0
