# A3 fresh CLI run 'x24' (n=24, axis x); start 2026-09-15T12:36:20Z; host Linux 6.6.87.2-microsoft-standard-WSL2 x86_64
# command: /root/m6a3/bin/cfdapp --case /root/m6a3/x24   (cfdapp sha256 df4ee6d0da11bba722dcb2aea47740875df8c41232d7970cc49f20d10618add6)

CFDApp

Case: Square Duct Re=10 (3D)
Mesh: 144 x 24 x 24 (3D)
Mesh quality: valid
  cells: 82944, cell area: 7.2338e-05 .. 7.2338e-05, degenerate cells: 0, invalid faces: 0
  max aspect ratio: 1 (cell 0 at (0.0208333, 0.0208333))
  max non-orthogonality (deg): 0 (face 1 at (0.0416667, 0.0208333))
  max skewness: 0 (face 1 at (0.0416667, 0.0208333))
  max expansion ratio: 1 (face 1 at (0.0416667, 0.0208333))
Solver: SIMPLE

Converged: yes
Iterations: 362

U residual: 9.94003e-10
V residual: 6.16911e-11
W residual: 6.16911e-11
P residual: 1.17589e-12
Continuity: 3.45838e-16
Mass imbalance: 3.52419e-12
NaN/Inf: no

Face flux: rhie_chow
Mass balance: inflow 1, outflow 1, relative imbalance 3.52419e-12
Cell continuity: max 5.50829e-16, rms 3.45838e-16, normalized 3.45838e-16

Results:
  JSON:      /root/m6a3/x24/results/metadata.json
  Residuals: /root/m6a3/x24/results/residuals.csv
  CSV:       /root/m6a3/x24/results/fields.csv
  VTK:       /root/m6a3/x24/results/solution.vtk
# elapsed 748.34 s, peak RSS 239976 KB
# exit: 0
# fields.csv sha256 9cae2328d7cbe95a3a1119a3fe53ffa994afc40174a983d4008a3adf87633543
# end 2026-09-15T12:48:48Z
