# A3 fresh CLI run 'z16' (n=16, axis z); start 2026-09-15T12:36:20Z; host Linux 6.6.87.2-microsoft-standard-WSL2 x86_64
# command: /root/m6a3/bin/cfdapp --case /root/m6a3/z16   (cfdapp sha256 df4ee6d0da11bba722dcb2aea47740875df8c41232d7970cc49f20d10618add6)

CFDApp

Case: Square Duct Re=10 (3D)
Mesh: 16 x 16 x 96 (3D)
Mesh quality: valid
  cells: 24576, cell area: 0.000244141 .. 0.000244141, degenerate cells: 0, invalid faces: 0
  max aspect ratio: 1 (cell 0 at (0.03125, 0.03125))
  max non-orthogonality (deg): 0 (face 1 at (0.0625, 0.03125))
  max skewness: 0 (face 1 at (0.0625, 0.03125))
  max expansion ratio: 1 (face 1 at (0.0625, 0.03125))
Solver: SIMPLE

Converged: yes
Iterations: 183

U residual: 8.45856e-11
V residual: 8.45856e-11
W residual: 9.97842e-10
P residual: 5.19723e-12
Continuity: 6.29827e-16
Mass imbalance: 2.53466e-12
NaN/Inf: no

Face flux: rhie_chow
Mass balance: inflow 1, outflow 1, relative imbalance 2.53466e-12
Cell continuity: max 1.47278e-15, rms 6.29827e-16, normalized 6.29827e-16

Results:
  JSON:      /root/m6a3/z16/results/metadata.json
  Residuals: /root/m6a3/z16/results/residuals.csv
  CSV:       /root/m6a3/z16/results/fields.csv
  VTK:       /root/m6a3/z16/results/solution.vtk
# elapsed 93.34 s, peak RSS 71940 KB
# exit: 0
# fields.csv sha256 93ec0bf35680c6ad6182d0787afbf5a17025f0633c956519e42a8c2f0f4c7b08
# end 2026-09-15T12:37:53Z
