# A3 fresh CLI run 'y16' (n=16, axis y); start 2026-09-15T12:36:20Z; host Linux 6.6.87.2-microsoft-standard-WSL2 x86_64
# command: /root/m6a3/bin/cfdapp --case /root/m6a3/y16   (cfdapp sha256 df4ee6d0da11bba722dcb2aea47740875df8c41232d7970cc49f20d10618add6)

CFDApp

Case: Square Duct Re=10 (3D)
Mesh: 16 x 96 x 16 (3D)
Mesh quality: valid
  cells: 24576, cell area: 0.000244141 .. 0.000244141, degenerate cells: 0, invalid faces: 0
  max aspect ratio: 1 (cell 0 at (0.03125, 0.03125))
  max non-orthogonality (deg): 0 (face 1 at (0.0625, 0.03125))
  max skewness: 0 (face 1 at (0.0625, 0.03125))
  max expansion ratio: 1 (face 1 at (0.0625, 0.03125))
Solver: SIMPLE

Converged: yes
Iterations: 183

U residual: 8.46175e-11
V residual: 9.97474e-10
W residual: 8.46167e-11
P residual: 5.19186e-12
Continuity: 6.37251e-16
Mass imbalance: 2.64525e-12
NaN/Inf: no

Face flux: rhie_chow
Mass balance: inflow 1, outflow 1, relative imbalance 2.64525e-12
Cell continuity: max 1.27333e-15, rms 6.37251e-16, normalized 6.37251e-16

Results:
  JSON:      /root/m6a3/y16/results/metadata.json
  Residuals: /root/m6a3/y16/results/residuals.csv
  CSV:       /root/m6a3/y16/results/fields.csv
  VTK:       /root/m6a3/y16/results/solution.vtk
# elapsed 93.88 s, peak RSS 71948 KB
# exit: 0
# fields.csv sha256 b77aab51c7851e006d9a4f7847b8f954ddcc8eea1247afba5b0c96c5a88952bc
# end 2026-09-15T12:37:54Z
