# A3 fresh CLI run 'x8' (n=8, axis x); start 2026-09-15T12:36:20Z; host Linux 6.6.87.2-microsoft-standard-WSL2 x86_64
# command: /root/m6a3/bin/cfdapp --case /root/m6a3/x8   (cfdapp sha256 df4ee6d0da11bba722dcb2aea47740875df8c41232d7970cc49f20d10618add6)

CFDApp

Case: Square Duct Re=10 (3D)
Mesh: 48 x 8 x 8 (3D)
Mesh quality: valid
  cells: 3072, cell area: 0.00195312 .. 0.00195312, degenerate cells: 0, invalid faces: 0
  max aspect ratio: 1 (cell 0 at (0.0625, 0.0625))
  max non-orthogonality (deg): 0 (face 1 at (0.125, 0.0625))
  max skewness: 0 (face 1 at (0.125, 0.0625))
  max expansion ratio: 1 (face 1 at (0.125, 0.0625))
Solver: SIMPLE

Converged: yes
Iterations: 67

U residual: 8.71993e-10
V residual: 1.89632e-10
W residual: 1.89632e-10
P residual: 8.00828e-11
Continuity: 1.34118e-15
Mass imbalance: 1.93034e-12
NaN/Inf: no

Face flux: rhie_chow
Mass balance: inflow 1, outflow 1, relative imbalance 1.93034e-12
Cell continuity: max 3.2474e-15, rms 1.34118e-15, normalized 1.34118e-15

Results:
  JSON:      /root/m6a3/x8/results/metadata.json
  Residuals: /root/m6a3/x8/results/residuals.csv
  CSV:       /root/m6a3/x8/results/fields.csv
  VTK:       /root/m6a3/x8/results/solution.vtk
# elapsed 2.86 s, peak RSS 13880 KB
# exit: 0
# fields.csv sha256 e5d8bc99a736d25e0fd9c479407881b648d38f341922f7a462fae5d488ca7e50
# end 2026-09-15T12:36:23Z
