# P12-MESH-006 G10.1 2D bit identity, FINAL sources; 2026-09-15T14:52:19Z
# BASE lib 42fbf5440e3767df (/root/m6ref/base, pre-MESH-006)
# NEW  lib eaadaa635e70adb1 (build/release, final)
# 2D committed cases probed: 16; 3D cases excluded (BASE rejects box): duct_3d lid_driven_cavity_3d lid_driven_cavity_3d_re1000
VERDICT probe5: BITWISE IDENTICAL (37 lines)
VERDICT probe6: BITWISE IDENTICAL (82 lines)

## probe6 NEW output
cartesian 4x3 (1 x 1)                    cells     12 operators f977f5290446bd2f
cartesian 13x7 (2.1 x 0.9)               cells     91 operators 167ea5fab12064cb
annular_sector_conduction_multiblock     cells   1080 operators 06c21684c0bbeac1
    solve case settings                it   1 Converged                17068a5b946ad465
    solve quick                        it   1 Converged                17068a5b946ad465
    solve least_squares + 2 corrections it   1 Converged                17068a5b946ad465
    solve linear_upwind + normalized/adaptive it   1 Converged                17068a5b946ad465
channel_transpiration_graded             cells   1152 operators 2a48b8d79339be2e
    solve case settings                it  25 MaxIterations            8098f11902267a5f
    solve quick                        it  25 MaxIterations            3745e11ea774e457
    solve least_squares + 2 corrections it  25 MaxIterations            8deb031a2ddac202
    solve linear_upwind + normalized/adaptive it  25 MaxIterations            bc0c0f7adb9af26e
compressible_channel_coupled             cells    384 operators bf5e6c0f167274cd
    solve case settings                it  25 MaxIterations            30469fca66098e11
    solve quick                        it  25 MaxIterations            c2b254fbad664f3b
    solve least_squares + 2 corrections it  25 MaxIterations            ee0f4ec5a9b1f080
    solve linear_upwind + normalized/adaptive it  25 MaxIterations            420ac646a8f32bf1
compressible_validation                  cells    144 operators d48cd52f15ad6d8b
    solve case settings                it  25 MaxIterations            fbe86cce3a57ef6b
    solve quick                        it  25 MaxIterations            ec1cfcc26ce574a0
    solve least_squares + 2 corrections it  25 MaxIterations            56e2468f8f738e82
    solve linear_upwind + normalized/adaptive it  25 MaxIterations            5d9e499d7926bf8e
curved_channel_multiblock                cells   1080 operators 06c21684c0bbeac1
    solve case settings                it  25 MaxIterations            2e703648b385cdd3
    solve quick                        it  25 MaxIterations            1e345f3d5c8f31ad
    solve least_squares + 2 corrections it  25 MaxIterations            8371d2dd89038300
    solve linear_upwind + normalized/adaptive it  25 MaxIterations            2e85ed862e28edb0
heated_cavity                            cells    400 operators 9f429feee1c0038b
    solve case settings                it   1 Converged                dd447a543c0790a5
    solve quick                        it   1 Converged                dd447a543c0790a5
    solve least_squares + 2 corrections it   1 Converged                dd447a543c0790a5
    solve linear_upwind + normalized/adaptive it   1 Converged                dd447a543c0790a5
heated_species_diffusion                 cells     80 operators c18ca7aa589a4f0f
    solve case settings                it   1 Converged                d2b0d43268fadea5
    solve quick                        it   1 Converged                d2b0d43268fadea5
    solve least_squares + 2 corrections it   1 Converged                d2b0d43268fadea5
    solve linear_upwind + normalized/adaptive it   1 Converged                d2b0d43268fadea5
lid_driven_cavity                        cells    400 operators 9f429feee1c0038b
    solve case settings                it  25 MaxIterations            c7b6cb6cb3c716ab
    solve quick                        it  25 MaxIterations            6267a99d744d6ce0
    solve least_squares + 2 corrections it  25 MaxIterations            91571594b7a2460d
    solve linear_upwind + normalized/adaptive it  25 MaxIterations            ebb868c67345a20a
lid_driven_cavity_40x40                  cells   1600 operators 74e1b115170398ab
    solve case settings                it  25 MaxIterations            287fd1efae71cd00
    solve quick                        it  25 MaxIterations            743726b4a45108e8
    solve least_squares + 2 corrections it  25 MaxIterations            e44b74aebc94facd
    solve linear_upwind + normalized/adaptive it  25 MaxIterations            301be34e69524513
lid_driven_cavity_80x80                  cells   6400 operators cffe55be9542cac1
    solve case settings                it  25 MaxIterations            64c8e84cc5ffc667
    solve quick                        it  25 MaxIterations            99ac1994c6422387
    solve least_squares + 2 corrections it  25 MaxIterations            9995410c93896a5d
    solve linear_upwind + normalized/adaptive it  25 MaxIterations            86f36fa2f3b9881c
multiphase_validation                    cells    100 operators 528bedd79a711925
    solve case settings                it   1 Converged                0613223f15119aa5
    solve quick                        it   1 Converged                0613223f15119aa5
    solve least_squares + 2 corrections it   1 Converged                0613223f15119aa5
    solve linear_upwind + normalized/adaptive it   1 Converged                0613223f15119aa5
obstacle_channel_multiblock              cells   1504 operators 5ae29ac3ac10208e
    solve case settings                it  25 MaxIterations            584d5e54207569ef
    solve quick                        it  25 MaxIterations            3350bc6fe41555b9
    solve least_squares + 2 corrections it  25 MaxIterations            25d3381b01924229
    solve linear_upwind + normalized/adaptive it  25 MaxIterations            04f0539424ba861d
poiseuille_distorted                     cells    512 operators 44b400282ee40da6
    solve case settings                it  25 MaxIterations            6a10983070ee1190
    solve quick                        it  25 MaxIterations            6f797880152572e5
    solve least_squares + 2 corrections it  25 MaxIterations            95e685647bf10b04
    solve linear_upwind + normalized/adaptive it  25 MaxIterations            126d8adc7715f940
poiseuille_flow                          cells    512 operators babf17026e231742
    solve case settings                it  25 MaxIterations            6401da4155595579
    solve quick                        it  25 MaxIterations            46b94bb184ab744c
    solve least_squares + 2 corrections it  25 MaxIterations            32f757298ab42aff
    solve linear_upwind + normalized/adaptive it  25 MaxIterations            5438befa13adfedc
species_diffusion                        cells     80 operators c18ca7aa589a4f0f
    solve case settings                it   1 Converged                d2b0d43268fadea5
    solve quick                        it   1 Converged                d2b0d43268fadea5
    solve least_squares + 2 corrections it   1 Converged                d2b0d43268fadea5
    solve linear_upwind + normalized/adaptive it   1 Converged                d2b0d43268fadea5
step_channel_multiblock                  cells   1664 operators 00ae76b0cd1ca355
    solve case settings                it  25 MaxIterations            91ca006f49c2f93b
    solve quick                        it  25 MaxIterations            04a3f16bde810eb8
    solve least_squares + 2 corrections it  25 MaxIterations            b3d43eb4daca4d41
    solve linear_upwind + normalized/adaptive it  25 MaxIterations            157421e625be22a2
