# P12-MESH-006 G10.5 generated-output classification vs BASE (/root/m6ref/base), 2026-09-15T17:05:00Z
# after: focused tests (logs/15), full regression Release/Debug+GUI/ASan (logs/16-18), ASan reruns (18a, 18b)
RUNTIME-ONLY  results/validation/grid_convergence/natural_convection_ra1e3.json
RUNTIME-ONLY  results/validation/grid_convergence/natural_convection_ra1e3.md
RUNTIME-ONLY  results/validation/grid_convergence/poiseuille_flow.json
RUNTIME-ONLY  results/validation/grid_convergence/poiseuille_flow.md
RUNTIME-ONLY  results/validation/mms/compressible_simple_mms.json
RUNTIME-ONLY  results/validation/mms/compressible_simple_mms.md
RUNTIME-ONLY  results/validation/mms/distorted_mesh_mms.json
RUNTIME-ONLY  results/validation/mms/distorted_mesh_mms.md
RUNTIME-ONLY  results/validation/mms/distorted_mesh_momentum_mms.json
RUNTIME-ONLY  results/validation/mms/distorted_mesh_momentum_mms.md
RUNTIME-ONLY  results/validation/mms/distorted_mesh_simple_mms.json
RUNTIME-ONLY  results/validation/mms/distorted_mesh_simple_mms.md
RUNTIME-ONLY  results/validation/mms/momentum_mms.json
RUNTIME-ONLY  results/validation/mms/momentum_mms.md
RUNTIME-ONLY  results/validation/mms/momentum_mms_linear_upwind.json
RUNTIME-ONLY  results/validation/mms/momentum_mms_linear_upwind.md
RUNTIME-ONLY  results/validation/mms/momentum_mms_upwind.json
RUNTIME-ONLY  results/validation/mms/momentum_mms_upwind.md
RUNTIME-ONLY  results/validation/mms/scalar_advection_diffusion_mms.json
RUNTIME-ONLY  results/validation/mms/scalar_advection_diffusion_mms.md
RUNTIME-ONLY  results/validation/mms/simple_mms.json
RUNTIME-ONLY  results/validation/mms/simple_mms.md
RUNTIME-ONLY  results/validation/mms/simple_mms_upwind.json
RUNTIME-ONLY  results/validation/mms/simple_mms_upwind.md
RUNTIME-ONLY  results/validation/natural_convection/Ra1e3/10x10/validation.json
RUNTIME-ONLY  results/validation/natural_convection/Ra1e3/10x10_det_a/validation.json
RUNTIME-ONLY  results/validation/natural_convection/Ra1e3/10x10_det_b/validation.json
RUNTIME-ONLY  results/validation/natural_convection/Ra1e3/10x10_sign_check/validation.json
RUNTIME-ONLY  results/validation/natural_convection/Ra1e3/10x10_variable_property_regression/validation.json
RUNTIME-ONLY  results/validation/natural_convection/Ra1e3/10x10_zero_beta/validation.json
RUNTIME-ONLY  results/validation/natural_convection/Ra1e3/15x15/validation.json
RUNTIME-ONLY  results/validation/natural_convection/Ra1e3/20x20/validation.json
RUNTIME-ONLY  results/validation/production/cavity_re100/20x20_quick/validation.json
RUNTIME-ONLY  results/validation/production/channel_transpiration_graded_grid_convergence.json
RUNTIME-ONLY  results/validation/production/curved_channel_multiblock_grid_convergence.json
RUNTIME-ONLY  results/validation/production/poiseuille.json
RUNTIME-ONLY  results/validation/production/poiseuille.md
RUNTIME-ONLY  results/validation/production/poiseuille_distorted_grid_convergence.json
RUNTIME-ONLY  results/validation/production/scheme_comparison_20x20.json
RUNTIME-ONLY  results/validation/production/scheme_comparison_20x20.md
RUNTIME-ONLY  results/validation/production/turbulent_channel_ci.json
RUNTIME-ONLY  results/validation/production/turbulent_channel_ci.md
RUNTIME-ONLY  results/validation/turbulence/channel_flow/k_epsilon/coarse/validation.json
RUNTIME-ONLY  results/validation/turbulence/channel_flow/k_epsilon/medium/validation.json
RUNTIME-ONLY  results/validation/turbulence/channel_flow/k_omega/coarse/validation.json
RUNTIME-ONLY  results/validation/turbulence/channel_flow/k_omega/medium/validation.json
RUNTIME-ONLY  results/validation/turbulence/channel_flow/sst/coarse/validation.json
RUNTIME-ONLY  results/validation/turbulence/channel_flow/sst/medium/validation.json
checked 580 files; IDENTICAL 532, RUNTIME-ONLY 48, VALUES 0, NEW 0
