A .ruff_cache
A benchmarks/cavity_20x20
A benchmarks/cavity_40x40
A benchmarks/cavity_80x80
A cases/backward_facing_step
A cases/channel_flow
A cases/duct_3d
A cases/lid_driven_cavity_3d
A cases/lid_driven_cavity_3d_re1000
A cmake_test_discovery_099cb22837.json
A cmake_test_discovery_217cfa5323.json
A cmake_test_discovery_25e4904a84.json
A cmake_test_discovery_302d93839f.json
A cmake_test_discovery_45b9d7f1d6.json
A cmake_test_discovery_58ff026418.json
A cmake_test_discovery_62e4ae62c0.json
A cmake_test_discovery_67f089883a.json
A cmake_test_discovery_6c74a5ee7e.json
A cmake_test_discovery_79f243fca3.json
A cmake_test_discovery_87d5f30a48.json
A cmake_test_discovery_8ed3a7d00b.json
A cmake_test_discovery_972775218d.json
A cmake_test_discovery_ae228e723a.json
A cmake_test_discovery_bfdd76a006.json
A cmake_test_discovery_c09921e662.json
A cmake_test_discovery_e156d938e3.json
A cmake_test_discovery_f207614085.json
A cmake_test_discovery_f4b5f49498.json
A cmake_test_discovery_fec6a9e4a0.json
A cuda/solvers
A docs/api
A docs/architecture
A docs/numerical_methods
A examples
A external
A include/cfd/parallel
A include/cfd/pressure_velocity/RhieChow.hpp
A logs
A python/.pytest_cache
A python/.ruff_cache
A python/cfdapp/ml
A python/cfdapp/optimisation
A python/cfdapp_tools.egg-info
A src/parallel
A src/pressure_velocity/RhieChow.cpp
A tests/cli_expect.cmake
A tests/data/cases/invalid_3d_box_without_nz
A tests/data/cases/invalid_3d_thermal
A tests/data/cases/invalid_3d_two_component_velocity
A tests/data/cases/valid_cube3d_cli_smoke
A tests/data/cases/valid_duct3d_cli_smoke
A tests/integration/case/test_3d_production_cases.cpp
A tests/integration/channel
A tests/integration/mms/test_mms_simple3d.cpp
A tests/numerical
A tests/regression
A tests/solver/linear
A tests/solver/simple/test_simple3d.cpp
A tests/unit/io/test_case3d.cpp
A tools
A validation/analytical
A validation/experimental
A validation/reference_data
M TODO.md
M apps/cli/main.cpp
M apps/gui/CaseModelAdapter.cpp
M apps/gui/CaseModelAdapter.hpp
M apps/gui/SimulationController.cpp
M apps/gui/SimulationController.hpp
M apps/gui/SimulationControllerEditing.cpp
M apps/gui/qml/BoundaryEditor.qml
M apps/gui/qml/MeshEditor.qml
M apps/gui/qml/ResultsPage.qml
M apps/gui/tests/test_case_editing.cpp
M docs/user_guide/case_format.md
M docs/user_guide/cli.md
M docs/user_guide/gui.md
M docs/user_guide/paraview.md
M include/cfd/app/VisualizationSnapshot.hpp
M include/cfd/discretization/Interpolation.hpp
M include/cfd/discretization/VectorGradient.hpp
M include/cfd/io/CSVWriter.hpp
M include/cfd/io/case/GeometryConfig.hpp
M include/cfd/io/case/InitialConditions.hpp
M include/cfd/io/case/MeshConfig.hpp
M include/cfd/io/case/SolverConfig.hpp
M include/cfd/physics/ContinuityEquation.hpp
M include/cfd/physics/MomentumEquation.hpp
M include/cfd/pressure_velocity/PressureCorrectionEquation.hpp
M include/cfd/pressure_velocity/RelaxedMomentum.hpp
M include/cfd/pressure_velocity/SIMPLEProgress.hpp
M include/cfd/pressure_velocity/SIMPLEResult.hpp
M include/cfd/pressure_velocity/SIMPLESettings.hpp
M include/cfd/solver/SolverRobustness.hpp
M src/CMakeLists.txt
M src/app/ProjectRunner.cpp
M src/app/VisualizationSnapshot.cpp
M src/compressible/CompressibleMassFlux.cpp
M src/compressible/CompressibleMomentum.cpp
M src/compressible/CompressiblePressureCorrection.cpp
M src/compressible/CompressibleRelaxedMomentum.cpp
M src/compressible/CompressibleSIMPLE.cpp
M src/discretization/Interpolation.cpp
M src/discretization/VectorGradient.cpp
M src/io/CSVWriter.cpp
M src/io/CaseBuilder.cpp
M src/io/CaseReader.cpp
M src/io/CaseWriter.cpp
M src/io/JSONWriter.cpp
M src/io/ResultExporter.cpp
M src/io/case/BoundaryConfigParser.cpp
M src/io/case/CaseConfigParser.cpp
M src/io/case/GeometryConfigParser.cpp
M src/io/case/JsonUtil.cpp
M src/io/case/JsonUtil.hpp
M src/io/case/MeshConfigParser.cpp
M src/io/case/Parsers.hpp
M src/io/case/SolverConfigParser.cpp
M src/physics/ContinuityEquation.cpp
M src/physics/MomentumEquation.cpp
M src/pressure_velocity/PISO.cpp
M src/pressure_velocity/PressureCorrectionEquation.cpp
M src/pressure_velocity/RelaxedMomentum.cpp
M src/pressure_velocity/SIMPLE.cpp
M src/pressure_velocity/SIMPLESettings.cpp
M src/pressure_velocity/TransientMomentum.cpp
M src/solver/SolverRobustness.cpp
M src/turbulence/KEpsilonModel.cpp
M src/turbulence/KOmegaModel.cpp
M tests/CMakeLists.txt
M tests/integration/case/CMakeLists.txt
M tests/integration/mms/CMakeLists.txt
M tests/solver/simple/CMakeLists.txt
M tests/unit/app/test_visualization_snapshot.cpp
M tests/unit/discretization/test_operators3d.cpp
M tests/unit/io/CMakeLists.txt
---- source/test line counts (diff -u, + / -)
TODO.md                                                                +41 -14
apps/cli/main.cpp                                                      +23 -4
apps/gui/CaseModelAdapter.cpp                                          +24 -5
apps/gui/CaseModelAdapter.hpp                                          +7 -2
apps/gui/SimulationController.cpp                                      +14 -6
apps/gui/SimulationController.hpp                                      +6 -0
apps/gui/SimulationControllerEditing.cpp                               +17 -5
apps/gui/qml/BoundaryEditor.qml                                        +23 -7
apps/gui/qml/MeshEditor.qml                                            +53 -10
apps/gui/qml/ResultsPage.qml                                           +11 -1
apps/gui/tests/test_case_editing.cpp                                   +120 -0
docs/user_guide/case_format.md                                         +120 -6
docs/user_guide/cli.md                                                 +27 -0
docs/user_guide/gui.md                                                 +21 -0
docs/user_guide/paraview.md                                            +5 -0
include/cfd/app/VisualizationSnapshot.hpp                              +13 -2
include/cfd/discretization/Interpolation.hpp                           +8 -5
include/cfd/discretization/VectorGradient.hpp                          +12 -4
include/cfd/io/CSVWriter.hpp                                           +9 -0
include/cfd/io/case/GeometryConfig.hpp                                 +11 -0
include/cfd/io/case/InitialConditions.hpp                              +4 -0
include/cfd/io/case/MeshConfig.hpp                                     +7 -2
include/cfd/io/case/SolverConfig.hpp                                   +4 -0
include/cfd/physics/ContinuityEquation.hpp                             +26 -0
include/cfd/physics/MomentumEquation.hpp                               +21 -4
include/cfd/pressure_velocity/PressureCorrectionEquation.hpp           +17 -5
include/cfd/pressure_velocity/RelaxedMomentum.hpp                      +7 -1
include/cfd/pressure_velocity/SIMPLEProgress.hpp                       +5 -0
include/cfd/pressure_velocity/SIMPLEResult.hpp                         +10 -0
include/cfd/pressure_velocity/SIMPLESettings.hpp                       +28 -0
include/cfd/solver/SolverRobustness.hpp                                +11 -0
src/CMakeLists.txt                                                     +1 -0
src/app/ProjectRunner.cpp                                              +1 -1
src/app/VisualizationSnapshot.cpp                                      +91 -21
src/compressible/CompressibleMassFlux.cpp                              +1 -0
src/compressible/CompressibleMomentum.cpp                              +1 -0
src/compressible/CompressiblePressureCorrection.cpp                    +1 -0
src/compressible/CompressibleRelaxedMomentum.cpp                       +1 -0
src/compressible/CompressibleSIMPLE.cpp                                +4 -0
src/discretization/Interpolation.cpp                                   +18 -6
src/discretization/VectorGradient.cpp                                  +24 -6
src/io/CSVWriter.cpp                                                   +43 -0
src/io/CaseBuilder.cpp                                                 +11 -0
src/io/CaseReader.cpp                                                  +51 -1
src/io/CaseWriter.cpp                                                  +19 -4
src/io/JSONWriter.cpp                                                  +45 -4
src/io/ResultExporter.cpp                                              +21 -1
src/io/case/BoundaryConfigParser.cpp                                   +10 -5
src/io/case/CaseConfigParser.cpp                                       +15 -2
src/io/case/GeometryConfigParser.cpp                                   +15 -4
src/io/case/JsonUtil.cpp                                               +25 -0
src/io/case/JsonUtil.hpp                                               +6 -0
src/io/case/MeshConfigParser.cpp                                       +23 -2
src/io/case/Parsers.hpp                                                +3 -1
src/io/case/SolverConfigParser.cpp                                     +9 -1
src/physics/ContinuityEquation.cpp                                     +37 -0
src/physics/MomentumEquation.cpp                                       +22 -20
src/pressure_velocity/PISO.cpp                                         +3 -0
src/pressure_velocity/PressureCorrectionEquation.cpp                   +71 -35
src/pressure_velocity/RelaxedMomentum.cpp                              +33 -4
src/pressure_velocity/SIMPLE.cpp                                       +103 -19
src/pressure_velocity/SIMPLESettings.cpp                               +25 -0
src/pressure_velocity/TransientMomentum.cpp                            +4 -0
src/solver/SolverRobustness.cpp                                        +27 -7
src/turbulence/KEpsilonModel.cpp                                       +2 -0
src/turbulence/KOmegaModel.cpp                                         +2 -0
tests/CMakeLists.txt                                                   +36 -0
tests/integration/case/CMakeLists.txt                                  +2 -0
tests/integration/mms/CMakeLists.txt                                   +4 -0
tests/solver/simple/CMakeLists.txt                                     +1 -0
tests/unit/app/test_visualization_snapshot.cpp                         +82 -0
tests/unit/discretization/test_operators3d.cpp                         +127 -47
tests/unit/io/CMakeLists.txt                                           +1 -0
---- base snapshot integrity
base hash check rc=0
