# P12-MESH-006 final integrity check, 2026-09-15T17:13:52Z
## 1. original gate + original G5/G6 evidence vs the investigation's start list
acceptance_gate.md: OK
logs/05a_g5_duct_n8.log: OK
logs/05b_g5_duct_n16.log: OK
logs/05c_g5_duct_n24.log: OK
logs/05d_g5_duct_gate.log: OK
logs/05e_diag_duct_fv_reference.log: OK
logs/06_g6_directional_symmetry.log: OK
data/duct3d_n8.json: OK
data/duct3d_n16.json: OK
data/duct3d_n24.json: OK
data/duct3d_gate.txt: OK
data/duct3d_symmetry.json: OK
data/duct3d_symmetry_gate.txt: OK
rc=0
## 2. A3 freeze list (frozen 2026-09-15T12:36:10Z)
acceptance_gate_A3.md: OK
a3/data/frozen_expected.json: OK
a3/tools/a3_gate.py: OK
a3/tools/freeze_expected.py: OK
a3/tools/a3_run.sh: OK
a3/tools/a3_dry_run.sh: OK
g5-investigation/tools/duct_reference.py: OK
g5-investigation/tools/duct_discrete.py: OK
g5-investigation/tools/gen_duct_case.py: OK
acceptance_gate.md: OK
rc=0
## 3. frozen_expected.json vs its recorded .sha256
frozen_expected.json: OK
rc=0
## 4. g5-investigation/
files: 37
newest (UTC): 2026-09-15T12:25:01Z g5-investigation/logs/original_evidence_sha256_check.txt
## 5. clang-format
clang-format-18 --dry-run --Werror: 0 of 555 files would change
