[1/53] Linking CXX executable tests/unit/viz/CFDVizTests
[2/53] Linking CXX executable tests/unit/fields/CFDFieldTests
[3/53] Linking CXX executable tests/unit/species/CFDSpeciesTests
[4/53] Linking CXX executable tests/unit/multiphase/CFDMultiphaseTests
[5/53] Linking CXX executable tests/unit/gpu/CFDGpuTests
[6/53] Linking CXX executable tests/unit/compressible/CFDCompressibleTests
[7/53] Linking CXX executable tests/unit/boundary/CFDBoundaryTests
[8/53] Linking CXX executable tests/integration/thermal/CFDNaturalConvectionValidationTests
[9/53] Linking CXX executable tests/unit/algebra/CFDAlgebraTests
[10/53] Linking CXX executable apps/cli/cfdapp
[11/53] Linking CXX executable tests/unit/thermal/CFDThermalTests
[12/53] Linking CXX executable tests/unit/physics/CFDPhysicsTests
[13/53] Linking CXX executable tests/unit/solver/CFDSolverTests
[14/53] Linking CXX executable tests/unit/mesh/CFDMeshTests
[15/53] Linking CXX executable tests/unit/turbulence/CFDTurbulenceTests
[16/53] Linking CXX executable tests/integration/thermal/CFDConjugateHeatTransferValidationTests
[17/53] Linking CXX executable tests/unit/validation/CFDValidationUnitTests
[18/53] Linking CXX executable tests/unit/app/CFDAppLayerTests
[19/53] Linking CXX executable tests/integration/thermal/CFDHeatedCavityValidationTests
[20/53] Linking CXX executable tests/solver/compressible_simple/CFDCompressibleSimpleTests
[21/53] Linking CXX executable tests/integration/species/CFDSpeciesDiffusionValidationTests
[22/53] Linking CXX executable tests/integration/thermal/CFDBoussinesqCouplingTests
[23/53] Linking CXX executable tests/solver/piso/CFDPisoTests
[24/53] Linking CXX executable tests/integration/species/CFDSpeciesAdvectionDiffusionValidationTests
[25/53] Linking CXX executable tests/integration/poiseuille/CFDPoiseuilleValidationTests
[26/53] Building CXX object tests/unit/core/CMakeFiles/CFDCoreTests.dir/test_gpu_backend.cpp.o
[27/53] Linking CXX executable tests/integration/cavity/CFDCavityValidationTests
[28/53] Linking CXX executable tests/unit/discretization/CFDDiscretizationTests
[29/53] Linking CXX executable tests/integration/restart/CFDRestartIntegrationTests
[30/53] Linking CXX executable tests/integration/species/CFDSpeciesConservationValidationTests
[31/53] Linking CXX executable tests/integration/multiphase/CFDMultiphaseUniformFieldTests
[32/53] Linking CXX executable benchmarks/cpu/cfd_benchmark_spmv_scaling
[33/53] Linking CXX executable benchmarks/cpu/cfd_benchmark_openmp_scaling
[34/53] Linking CXX executable tests/integration/multiphase/CFDMultiphaseAdvectionValidationTests
[35/53] Building CXX object benchmarks/gpu/CMakeFiles/cfd_benchmark_gpu_spmv.dir/benchmark_gpu_spmv.cpp.o
[36/53] Linking CXX executable tests/integration/multiphase/CFDMultiphaseConservationValidationTests
[37/53] Linking CXX executable tests/integration/multiphase/CFDMultiphaseSinglePhaseEquivalenceTests
[38/53] Linking CXX executable tests/integration/turbulence_channel/CFDTurbulenceChannelValidationTests
[39/53] Linking CXX executable tests/integration/species/CFDSpeciesCouplingValidationTests
[40/53] Linking CXX executable tests/solver/simple/CFDSimpleTests
[41/53] Linking CXX executable benchmarks/gpu/cfd_benchmark_gpu_spmv
[42/53] Linking CXX executable benchmarks/cpu/cfd_benchmark_cpu
[43/53] Linking CXX executable tests/integration/io/CFDResultExportIntegrationTests
[44/53] Linking CXX executable tests/integration/compressible/CFDLowMachRegressionTests
[45/53] Linking CXX executable tests/unit/core/CFDCoreTests
[46/53] Linking CXX executable tests/integration/backward_facing_step/CFDBackwardFacingStepTests
[47/53] Linking CXX executable tests/integration/mms/CFDMMSValidationTests
[48/53] Linking CXX executable tests/unit/io/CFDIoTests
[49/53] Linking CXX executable tests/integration/case/CFDCaseIntegrationTests
[50/53] Building CXX object benchmarks/gpu/CMakeFiles/cfd_benchmark_gpu_preconditioner.dir/benchmark_gpu_preconditioner.cpp.o
[51/53] Building CXX object benchmarks/gpu/CMakeFiles/cfd_benchmark_large_grid_stress.dir/benchmark_large_grid_stress.cpp.o
[52/53] Linking CXX executable benchmarks/gpu/cfd_benchmark_gpu_preconditioner
[53/53] Linking CXX executable benchmarks/gpu/cfd_benchmark_large_grid_stress
