# UC-001 grid sweep (libcfdcore.a sha256 143a1dda0680bc1d481a0360095ca7c643ffc9e2a2dc53bbd1d55d5a8202132a)
# 2026-09-16T17:33:34Z
# UC-001 Poiseuille grid sweep -- CFDApp PRODUCTION RESULT vs the independently
# derived DIFF-002 reference dp/dx = -1.2 * 2ny^2/(2ny^2+1)

   64x8   conv yes  dp/dx -1.189704987660398  reference -1.190697674418605
            extraction offset +9.926868e-04   odd-even amplitude 4.146429e-02
            centreline 1.465119668846815   profile Linf vs reference 4.068475e-06   2.9 s
   96x12  conv yes  dp/dx -1.195741448267857  reference -1.195847750865052
            extraction offset +1.063026e-04   odd-even amplitude 2.558103e-03
            centreline 1.484429036247831   profile Linf vs reference 3.594301e-08   5.4 s
  144x18  conv yes  dp/dx -1.198150788747067  reference -1.198151001540832
            extraction offset +2.127938e-07   odd-even amplitude 2.971381e-06
            centreline 1.493066251845519   profile Linf vs reference 5.479533e-09   11.1 s
  216x27  conv yes  dp/dx -1.199177691187090  reference -1.199177518848527
            extraction offset -1.723386e-07   odd-even amplitude 4.367578e-08
            centreline 1.498971906785702   profile Linf vs reference 8.225044e-09   26.5 s

## dp/dx observed order, production measurements
  current triplet 8/12/18                p =  2.2652   asymptotic ratio =  1.1135   monotonic_not_asymptotic
  refined triplet 12/18/27               p =  2.1033   asymptotic ratio =  1.0428   asymptotic

## dp/dx observed order, independent reference (no CFDApp)
  current triplet 8/12/18                p =  1.9846   asymptotic ratio =  0.9938   asymptotic
  refined triplet 12/18/27               p =  1.9931   asymptotic ratio =  0.9972   asymptotic

## centreline observed order, production measurements
  current triplet 8/12/18                p =  1.9842   asymptotic ratio =  0.9936   asymptotic
  refined triplet 12/18/27               p =  0.9376   asymptotic ratio =  0.6500   monotonic_not_asymptotic
exit 0
