# UC-001 Step 10 verification; 2026-09-16T17:47:01Z
# libcfdcore.a sha256 143a1dda0680bc1d481a0360095ca7c643ffc9e2a2dc53bbd1d55d5a8202132a (fresh --clean-first rebuild)
CFDPoiseuilleValidationTests: [==========] 10 tests from 3 test suites ran. (91814 ms total) [  PASSED  ] 10 tests. 
CFDDiscretizationTests: [==========] 169 tests from 25 test suites ran. (144 ms total) [  PASSED  ] 168 tests. [  FAILED  ] 1 test, listed below: 
    [  FAILED  ] GridRefinementTest.GreenGaussGradientDistortedGlobalOrderReflectsBoundaryTreatment (3 ms)
    [  FAILED  ] GridRefinementTest.GreenGaussGradientDistortedGlobalOrderReflectsBoundaryTreatment
CFDPhysicsTests: [==========] 98 tests from 15 test suites ran. (4 ms total) [  PASSED  ] 98 tests. 
CFDPisoTests: [==========] 81 tests from 17 test suites ran. (676 ms total) [  PASSED  ] 81 tests. 
CFDSimpleTests: [==========] 123 tests from 23 test suites ran. (50558 ms total) [  PASSED  ] 123 tests. 
CFDMMSValidationTests: 
CFDMeshTests: [==========] 156 tests from 23 test suites ran. (74 ms total) [  PASSED  ] 156 tests. 
CFDSolverTests: [==========] 90 tests from 10 test suites ran. (27 ms total) [  PASSED  ] 90 tests. 
CFDCoreTests: [==========] 30 tests from 8 test suites ran. (80 ms total) [  PASSED  ] 30 tests. 
CFDFieldTests: [==========] 40 tests from 6 test suites ran. (2 ms total) [  PASSED  ] 40 tests. 
CFDAlgebraTests: [==========] 97 tests from 13 test suites ran. (15 ms total) [  PASSED  ] 97 tests. 
CFDThermalTests: [==========] 99 tests from 16 test suites ran. (158 ms total) [  PASSED  ] 99 tests. 
CFDTurbulenceTests: [==========] 136 tests from 17 test suites ran. (5 ms total) [  PASSED  ] 136 tests. 
CFDCaseIntegrationTests: [==========] 63 tests from 12 test suites ran. (642388 ms total) [  PASSED  ] 61 tests. [  FAILED  ] 2 tests, listed below: 
    [  FAILED  ] StructuredQuadProductionCase.DistortedPoiseuilleGridConvergence (82611 ms)
    [  FAILED  ] MultiBlockProductionCase.CurvedChannelGridConvergence (77086 ms)
    [  FAILED  ] StructuredQuadProductionCase.DistortedPoiseuilleGridConvergence
    [  FAILED  ] MultiBlockProductionCase.CurvedChannelGridConvergence
