# UC-001 Step 10 MMS suite; 2026-09-16T18:02:04Z
# libcfdcore.a sha256 143a1dda0680bc1d481a0360095ca7c643ffc9e2a2dc53bbd1d55d5a8202132a
Running main() from /mnt/c/Users/Hasib/Desktop/CFDAPP/CFDApp/build/release/_deps/googletest-src/googletest/src/gtest_main.cc
[==========] Running 19 tests from 7 test suites.
[----------] Global test environment set-up.
[----------] 2 tests from ScalarMMS
[ RUN      ] ScalarMMS.AdvectionDiffusionConverges

### MMS: scalar_advection_diffusion_mms

Steady scalar advection-diffusion, production ThermalSolver (cp div(rho U phi) - k lap(phi) = Q), five systematically refined Cartesian grids

Manufactured solution: mms::scalar: phi = sin(pi x) sin(pi y) + x^2 y / 2 + 1/4 on [0,1]^2; advecting U = (1, 0.5) + (psi_y, -psi_x), psi = e^{0.5x} sin(pi x) e^{-0.4y} sin(pi y) / pi

| grid | cells | h | status | iterations | mass imbalance | runtime (s) |
|---|---|---|---|---|---|---|
| 16x16 | 256 | 0.0625 | Converged | 3 | 2.78e-17 | 0.0 |
| 32x32 | 1024 | 0.03125 | Converged | 3 | 6.94e-17 | 0.0 |
| 64x64 | 4096 | 0.015625 | Converged | 3 | 3.47e-17 | 0.0 |
| 128x128 | 16384 | 0.0078125 | Converged | 3 | 3.82e-17 | 0.2 |
| 256x256 | 65536 | 0.0039062 | Converged | 3 | 9.19e-17 | 1.3 |

**phi**

| grid | L1 | L2 | Linf |
|---|---|---|---|
| 16x16 | 4.1330e-02 | 5.3924e-02 | 1.1679e-01 |
| 32x32 | 2.3119e-02 | 3.0028e-02 | 6.4413e-02 |
| 64x64 | 1.2333e-02 | 1.5923e-02 | 3.3916e-02 |
| 128x128 | 6.3867e-03 | 8.2094e-03 | 1.7418e-02 |
| 256x256 | 3.2524e-03 | 4.1696e-03 | 8.8294e-03 |

**phi_interior**

| grid | L1 | L2 | Linf |
|---|---|---|---|
| 16x16 | 5.0909e-02 | 6.1192e-02 | 1.1679e-01 |
| 32x32 | 2.5902e-02 | 3.1998e-02 | 6.4413e-02 |
| 64x64 | 1.3090e-02 | 1.6434e-02 | 3.3916e-02 |
| 128x128 | 6.5844e-03 | 8.3396e-03 | 1.7418e-02 |
| 256x256 | 3.3030e-03 | 4.2024e-03 | 8.8294e-03 |

**phi_boundary_ring**

| grid | L1 | L2 | Linf |
|---|---|---|---|
| 16x16 | 1.0039e-02 | 1.3217e-02 | 3.0559e-02 |
| 32x32 | 2.9159e-03 | 3.8698e-03 | 9.2821e-03 |
| 64x64 | 7.9258e-04 | 1.0599e-03 | 2.6010e-03 |
| 128x128 | 2.0721e-04 | 2.7855e-04 | 6.9262e-04 |
| 256x256 | 5.3022e-05 | 7.1496e-05 | 1.7901e-04 |

| quantity | norm | formal | reduction factors | observed p (per triplet) | status (finest) |
|---|---|---|---|---|---|
| phi | l1 | 1 | 1.788, 1.875, 1.931, 1.964 | 0.756, 0.859, 0.924 | asymptotic |
| phi | l2 | 1 | 1.796, 1.886, 1.940, 1.969 | 0.760, 0.871, 0.933 | asymptotic |
| phi | linf | 1 | 1.813, 1.899, 1.947, 1.973 | 0.780, 0.886, 0.942 | asymptotic |
| phi_boundary_ring | l2 | 2 | 3.415, 3.651, 3.805, 3.896 | 1.734, 1.847, 1.916 | asymptotic |
| phi_interior | l2 | 1 | 1.912, 1.947, 1.971, 1.984 | 0.907, 0.943, 0.968 | asymptotic |

- [x] scalar: every solve Converged: ThermalStatus::Converged on all 5 grids
- [x] scalar: phi L1/L2/Linf decrease on every refinement: monotone
- [x] scalar: phi l1 observed order in [0.80, 1.20]: finest-triplet observed order 0.924 (asymptotic vs formal 1); reduction factors 1.788 1.875 1.931 1.964
- [x] scalar: phi l2 observed order in [0.80, 1.20]: finest-triplet observed order 0.933 (asymptotic vs formal 1); reduction factors 1.796 1.886 1.940 1.969
- [x] scalar: phi linf observed order in [0.80, 1.20]: finest-triplet observed order 0.942 (asymptotic vs formal 1); reduction factors 1.813 1.899 1.947 1.973
- [x] scalar: extrapolated L2 error |E_ext| <= 0.25 E_fine: E_ext -2.733e-04, E_fine 4.170e-03
- [x] boundary: phi_boundary_ring l2 observed order in [1.70, 2.30]: finest-triplet observed order 1.916 (asymptotic vs formal 2); reduction factors 3.415 3.651 3.805 3.896
- [x] boundary: phi_interior l2 observed order in [0.80, 1.20]: finest-triplet observed order 0.968 (asymptotic vs formal 1); reduction factors 1.912 1.947 1.971 1.984
[       OK ] ScalarMMS.AdvectionDiffusionConverges (1530 ms)
[ RUN      ] ScalarMMS.DistortedMeshNonOrthogonalCorrection

### MMS: distorted_mesh_mms

Scalar advection-diffusion MMS (diffusion-dominated, k = 5) on Cartesian vs distorted (0.25 h) meshes, with and without the P12-NUM-003 non-orthogonal correction; level status/iterations are the corrected distorted solve

Manufactured solution: mms::scalar (as scalar_advection_diffusion_mms)

| grid | cells | h | status | iterations | mass imbalance | runtime (s) |
|---|---|---|---|---|---|---|
| 16x16 | 256 | 0.0625 | Converged | 9 | 2.78e-17 | 0.0 |
| 32x32 | 1024 | 0.03125 | Converged | 8 | 6.94e-17 | 0.0 |
| 64x64 | 4096 | 0.015625 | Converged | 7 | 3.47e-17 | 0.1 |
| 128x128 | 16384 | 0.0078125 | Converged | 6 | 3.82e-17 | 0.8 |

**phi_cartesian**

| grid | L1 | L2 | Linf |
|---|---|---|---|
| 16x16 | 1.9234e-03 | 2.3621e-03 | 4.8393e-03 |
| 32x32 | 1.2176e-03 | 1.5159e-03 | 3.0986e-03 |
| 64x64 | 6.8922e-04 | 8.5710e-04 | 1.7422e-03 |
| 128x128 | 3.6689e-04 | 4.5526e-04 | 9.2164e-04 |

**phi_interior_cartesian**

| grid | L1 | L2 | Linf |
|---|---|---|---|
| 16x16 | 2.3851e-03 | 2.6835e-03 | 4.8393e-03 |
| 32x32 | 1.3723e-03 | 1.6163e-03 | 3.0986e-03 |
| 64x64 | 7.3292e-04 | 8.8472e-04 | 1.7422e-03 |
| 128x128 | 3.7845e-04 | 4.6249e-04 | 9.2164e-04 |

**phi_boundary_ring_cartesian**

| grid | L1 | L2 | Linf |
|---|---|---|---|
| 16x16 | 4.1499e-04 | 5.3056e-04 | 1.1246e-03 |
| 32x32 | 9.4549e-05 | 1.2296e-04 | 2.7187e-04 |
| 64x64 | 2.2668e-05 | 2.9545e-05 | 6.6482e-05 |
| 128x128 | 5.5576e-06 | 7.2394e-06 | 1.6415e-05 |

**phi_distorted_uncorrected**

| grid | L1 | L2 | Linf |
|---|---|---|---|
| 16x16 | 3.5267e-03 | 4.7141e-03 | 1.3712e-02 |
| 32x32 | 1.9086e-03 | 2.5950e-03 | 7.2960e-03 |
| 64x64 | 1.0052e-03 | 1.3725e-03 | 3.7729e-03 |
| 128x128 | 5.1814e-04 | 7.0722e-04 | 1.9180e-03 |

**phi_interior_distorted_uncorrected**

| grid | L1 | L2 | Linf |
|---|---|---|---|
| 16x16 | 4.1851e-03 | 5.3046e-03 | 1.3712e-02 |
| 32x32 | 2.1208e-03 | 2.7628e-03 | 7.2960e-03 |
| 64x64 | 1.0649e-03 | 1.4165e-03 | 3.7729e-03 |
| 128x128 | 5.3395e-04 | 7.1843e-04 | 1.9180e-03 |

**phi_boundary_ring_distorted_uncorrected**

| grid | L1 | L2 | Linf |
|---|---|---|---|
| 16x16 | 1.3757e-03 | 1.7029e-03 | 3.4927e-03 |
| 32x32 | 3.6835e-04 | 4.5498e-04 | 8.9392e-04 |
| 64x64 | 9.4997e-05 | 1.1751e-04 | 2.2741e-04 |
| 128x128 | 2.4099e-05 | 2.9853e-05 | 5.8600e-05 |

**phi_distorted_corrected**

| grid | L1 | L2 | Linf |
|---|---|---|---|
| 16x16 | 1.9387e-03 | 2.3943e-03 | 4.9934e-03 |
| 32x32 | 1.2232e-03 | 1.5247e-03 | 3.1310e-03 |
| 64x64 | 6.9087e-04 | 8.5946e-04 | 1.7490e-03 |
| 128x128 | 3.6733e-04 | 4.5587e-04 | 9.2320e-04 |

**phi_interior_distorted_corrected**

| grid | L1 | L2 | Linf |
|---|---|---|---|
| 16x16 | 2.4096e-03 | 2.7221e-03 | 4.9934e-03 |
| 32x32 | 1.3789e-03 | 1.6258e-03 | 3.1310e-03 |
| 64x64 | 7.3469e-04 | 8.8716e-04 | 1.7490e-03 |
| 128x128 | 3.7891e-04 | 4.6311e-04 | 9.2320e-04 |

**phi_boundary_ring_distorted_corrected**

| grid | L1 | L2 | Linf |
|---|---|---|---|
| 16x16 | 4.0024e-04 | 5.0259e-04 | 1.0144e-03 |
| 32x32 | 9.2732e-05 | 1.1940e-04 | 2.5811e-04 |
| 64x64 | 2.2441e-05 | 2.9101e-05 | 6.4761e-05 |
| 128x128 | 5.5293e-06 | 7.1841e-06 | 1.6199e-05 |

| quantity | norm | formal | reduction factors | observed p (per triplet) | status (finest) |
|---|---|---|---|---|---|
| phi_cartesian | l2 | 1 | 1.558, 1.769, 1.883 | 0.361, 0.713 | monotonic_not_asymptotic |
| phi_distorted_corrected | l2 | 1 | 1.570, 1.774, 1.885 | 0.386, 0.721 | monotonic_not_asymptotic |
| phi_distorted_uncorrected | l2 | 1 | 1.817, 1.891, 1.941 | 0.794, 0.878 | asymptotic |

- [x] distorted: phi_distorted_corrected L1/L2/Linf decrease on every refinement: monotone
- [x] distorted: phi_distorted_uncorrected L1/L2/Linf decrease on every refinement: monotone
- [x] distorted: corrected observed order equals Cartesian within 0.05: corrected 0.721, Cartesian 0.713
- [x] distorted: corrected reduction factors equal Cartesian within 2%: corrected/Cartesian: 1.570/1.558 1.774/1.769 1.885/1.883
- [x] distorted: corrected L2 within 5% of Cartesian at 16x16: corrected 2.3943e-03, Cartesian 2.3621e-03
- [x] distorted: corrected L2 within 5% of Cartesian at 32x32: corrected 1.5247e-03, Cartesian 1.5159e-03
- [x] distorted: corrected L2 within 5% of Cartesian at 64x64: corrected 8.5946e-04, Cartesian 8.5710e-04
- [x] distorted: uncorrected L2 >= 1.3x Cartesian at 64x64: uncorrected 1.3725e-03 = 1.60x Cartesian
- [x] distorted: corrected L2 within 5% of Cartesian at 128x128: corrected 4.5587e-04, Cartesian 4.5526e-04
- [x] distorted: uncorrected L2 >= 1.3x Cartesian at 128x128: uncorrected 7.0722e-04 = 1.55x Cartesian
[       OK ] ScalarMMS.DistortedMeshNonOrthogonalCorrection (929 ms)
[----------] 2 tests from ScalarMMS (2464 ms total)

[----------] 4 tests from MomentumMMS
[ RUN      ] MomentumMMS.UConverges

### MMS: momentum_mms_central

Momentum-only MMS: production relaxed-momentum assembly (alpha = 1) with exact pressure, exact face mass flux and analytical forcing; Picard on the lagged terms from U = 0

Manufactured solution: mms::velocity: U = (psi_y, -psi_x), psi = e^{0.5x} sin(pi x) e^{-0.4y} sin(pi y) / pi; mms::pressure: p = cos(pi x) cos(pi y) + x y / 2

| grid | cells | h | status | iterations | mass imbalance | runtime (s) |
|---|---|---|---|---|---|---|
| 16x16 | 256 | 0.0625 | Converged | 15 | 1.54e-33 | 0.0 |
| 32x32 | 1024 | 0.03125 | Converged | 10 | 7.7e-34 | 0.0 |
| 64x64 | 4096 | 0.015625 | Converged | 9 | 7.7e-34 | 0.2 |
| 128x128 | 16384 | 0.0078125 | Converged | 7 | 9.63e-34 | 1.3 |

**u**

| grid | L1 | L2 | Linf |
|---|---|---|---|
| 16x16 | 1.9759e-03 | 2.4480e-03 | 7.9695e-03 |
| 32x32 | 3.8757e-04 | 4.6955e-04 | 1.5372e-03 |
| 64x64 | 8.1910e-05 | 1.0017e-04 | 2.5950e-04 |
| 128x128 | 1.8926e-05 | 2.3637e-05 | 5.5553e-05 |

**v**

| grid | L1 | L2 | Linf |
|---|---|---|---|
| 16x16 | 1.5646e-03 | 1.9708e-03 | 8.0438e-03 |
| 32x32 | 3.9587e-04 | 4.8687e-04 | 1.8574e-03 |
| 64x64 | 1.0086e-04 | 1.2376e-04 | 3.2181e-04 |
| 128x128 | 2.5782e-05 | 3.1802e-05 | 6.6781e-05 |

**velocity**

| grid | L1 | L2 | Linf |
|---|---|---|---|
| 16x16 | 2.7734e-03 | 3.1427e-03 | 8.6622e-03 |
| 32x32 | 6.1299e-04 | 6.7641e-04 | 1.8574e-03 |
| 64x64 | 1.4270e-04 | 1.5922e-04 | 3.2183e-04 |
| 128x128 | 3.4697e-05 | 3.9624e-05 | 7.6860e-05 |

**u_interior**

| grid | L1 | L2 | Linf |
|---|---|---|---|
| 16x16 | 2.2698e-03 | 2.7029e-03 | 7.9695e-03 |
| 32x32 | 4.2294e-04 | 4.9726e-04 | 1.5372e-03 |
| 64x64 | 8.6185e-05 | 1.0326e-04 | 2.5950e-04 |
| 128x128 | 1.9464e-05 | 2.4007e-05 | 5.5553e-05 |

**v_interior**

| grid | L1 | L2 | Linf |
|---|---|---|---|
| 16x16 | 1.7311e-03 | 2.1186e-03 | 8.0438e-03 |
| 32x32 | 4.3361e-04 | 5.1583e-04 | 1.8574e-03 |
| 64x64 | 1.0657e-04 | 1.2766e-04 | 3.2181e-04 |
| 128x128 | 2.6553e-05 | 3.2304e-05 | 6.6781e-05 |

**u_boundary_ring**

| grid | L1 | L2 | Linf |
|---|---|---|---|
| 16x16 | 1.0158e-03 | 1.3049e-03 | 4.2498e-03 |
| 32x32 | 1.3086e-04 | 1.6124e-04 | 6.0962e-04 |
| 64x64 | 1.6697e-05 | 2.1124e-05 | 7.8686e-05 |
| 128x128 | 2.1132e-06 | 2.7371e-06 | 9.9041e-06 |

**v_boundary_ring**

| grid | L1 | L2 | Linf |
|---|---|---|---|
| 16x16 | 1.0207e-03 | 1.3819e-03 | 5.6773e-03 |
| 32x32 | 1.2193e-04 | 1.6220e-04 | 9.9693e-04 |
| 64x64 | 1.3810e-05 | 1.8337e-05 | 1.4238e-04 |
| 128x128 | 1.6931e-06 | 2.1702e-06 | 1.8857e-05 |

| quantity | norm | formal | reduction factors | observed p (per triplet) | status (finest) |
|---|---|---|---|---|---|
| u | l2 | 2 | 5.213, 4.687, 4.238 | 2.421, 2.271 | monotonic_not_asymptotic |
| u | l1 | 2 | 5.098, 4.732, 4.328 | 2.377, 2.279 | monotonic_not_asymptotic |
| u | linf | 2 | 5.184, 5.924, 4.671 | 2.332, 2.647 | monotonic_not_asymptotic |
| v | l2 | 2 | 4.048, 3.934, 3.892 | 2.031, 1.981 | asymptotic |
| v | l1 | 2 | 3.952, 3.925, 3.912 | 1.986, 1.974 | asymptotic |
| v | linf | 2 | 4.331, 5.772, 4.819 | 2.010, 2.590 | monotonic_not_asymptotic |
| velocity | l2 | 2 | 4.646, 4.248, 4.018 | 2.254, 2.112 | asymptotic |
| u_interior | l2 | 2 | 5.436, 4.815, 4.301 | 2.485, 2.314 | monotonic_not_asymptotic |
| u_boundary_ring | l2 | 3 | 8.093, 7.633, 7.718 | 3.029, 2.930 | asymptotic |

- [x] u: u L1/L2/Linf decrease on every refinement: monotone
- [x] u: u l2 finest-pairwise observed order in [1.80, 3.00]: finest-PAIRWISE observed order 2.083 (vs formal 2; the triplet estimator is not used here -- see MMSCases.hpp addPairwiseOrderGate); reduction factors 5.213 4.687 4.238
- [x] u: u l1 finest-pairwise observed order in [1.80, 3.00]: finest-PAIRWISE observed order 2.114 (vs formal 2; the triplet estimator is not used here -- see MMSCases.hpp addPairwiseOrderGate); reduction factors 5.098 4.732 4.328
- [x] u: u linf finest-pairwise observed order in [1.60, 3.00]: finest-PAIRWISE observed order 2.224 (vs formal 2; the triplet estimator is not used here -- see MMSCases.hpp addPairwiseOrderGate); reduction factors 5.184 5.924 4.671
- [x] v: v L1/L2/Linf decrease on every refinement: monotone
- [x] v: v l2 finest-pairwise observed order in [1.80, 3.00]: finest-PAIRWISE observed order 1.960 (vs formal 2; the triplet estimator is not used here -- see MMSCases.hpp addPairwiseOrderGate); reduction factors 4.048 3.934 3.892
- [x] v: v l1 finest-pairwise observed order in [1.80, 3.00]: finest-PAIRWISE observed order 1.968 (vs formal 2; the triplet estimator is not used here -- see MMSCases.hpp addPairwiseOrderGate); reduction factors 3.952 3.925 3.912
- [x] v: v linf finest-pairwise observed order in [1.60, 3.00]: finest-PAIRWISE observed order 2.269 (vs formal 2; the triplet estimator is not used here -- see MMSCases.hpp addPairwiseOrderGate); reduction factors 4.331 5.772 4.819
- [x] u: u_boundary_ring l2 finest-pairwise observed order in [2.50, 3.50]: finest-PAIRWISE observed order 2.948 (vs formal 3; the triplet estimator is not used here -- see MMSCases.hpp addPairwiseOrderGate); reduction factors 8.093 7.633 7.718

### MMS: momentum_mms_upwind

Momentum-only MMS: production relaxed-momentum assembly (alpha = 1) with exact pressure, exact face mass flux and analytical forcing; Picard on the lagged terms from U = 0

Manufactured solution: mms::velocity: U = (psi_y, -psi_x), psi = e^{0.5x} sin(pi x) e^{-0.4y} sin(pi y) / pi; mms::pressure: p = cos(pi x) cos(pi y) + x y / 2

| grid | cells | h | status | iterations | mass imbalance | runtime (s) |
|---|---|---|---|---|---|---|
| 16x16 | 256 | 0.0625 | Converged | 3 | 1.54e-33 | 0.0 |
| 32x32 | 1024 | 0.03125 | Converged | 3 | 7.7e-34 | 0.0 |
| 64x64 | 4096 | 0.015625 | Converged | 3 | 7.7e-34 | 0.1 |
| 128x128 | 16384 | 0.0078125 | Converged | 3 | 9.63e-34 | 0.4 |

**u**

| grid | L1 | L2 | Linf |
|---|---|---|---|
| 16x16 | 1.8284e-02 | 2.3441e-02 | 5.0632e-02 |
| 32x32 | 9.0852e-03 | 1.1735e-02 | 2.5457e-02 |
| 64x64 | 4.5515e-03 | 5.8952e-03 | 1.2830e-02 |
| 128x128 | 2.2791e-03 | 2.9550e-03 | 6.4390e-03 |

**v**

| grid | L1 | L2 | Linf |
|---|---|---|---|
| 16x16 | 1.5428e-02 | 1.9919e-02 | 4.4170e-02 |
| 32x32 | 8.2349e-03 | 1.0754e-02 | 2.4110e-02 |
| 64x64 | 4.2628e-03 | 5.5852e-03 | 1.2590e-02 |
| 128x128 | 2.1709e-03 | 2.8476e-03 | 6.4313e-03 |

**velocity**

| grid | L1 | L2 | Linf |
|---|---|---|---|
| 16x16 | 2.6881e-02 | 3.0761e-02 | 5.1555e-02 |
| 32x32 | 1.3785e-02 | 1.5917e-02 | 2.6351e-02 |
| 64x64 | 7.0095e-03 | 8.1208e-03 | 1.3413e-02 |
| 128x128 | 3.5373e-03 | 4.1038e-03 | 6.7750e-03 |

**u_interior**

| grid | L1 | L2 | Linf |
|---|---|---|---|
| 16x16 | 2.2340e-02 | 2.6534e-02 | 5.0632e-02 |
| 32x32 | 1.0159e-02 | 1.2501e-02 | 2.5457e-02 |
| 64x64 | 4.8282e-03 | 6.0843e-03 | 1.2830e-02 |
| 128x128 | 2.3493e-03 | 3.0018e-03 | 6.4390e-03 |

**v_interior**

| grid | L1 | L2 | Linf |
|---|---|---|---|
| 16x16 | 1.8644e-02 | 2.2499e-02 | 4.4170e-02 |
| 32x32 | 9.1873e-03 | 1.1453e-02 | 2.4110e-02 |
| 64x64 | 4.5199e-03 | 5.7643e-03 | 1.2590e-02 |
| 128x128 | 2.2376e-03 | 2.8928e-03 | 6.4313e-03 |

**u_boundary_ring**

| grid | L1 | L2 | Linf |
|---|---|---|---|
| 16x16 | 5.0351e-03 | 6.6821e-03 | 1.6957e-02 |
| 32x32 | 1.2905e-03 | 1.7223e-03 | 4.5417e-03 |
| 64x64 | 3.3187e-04 | 4.4142e-04 | 1.1789e-03 |
| 128x128 | 8.4353e-05 | 1.1196e-04 | 3.0058e-04 |

**v_boundary_ring**

| grid | L1 | L2 | Linf |
|---|---|---|---|
| 16x16 | 4.9231e-03 | 6.2667e-03 | 1.5438e-02 |
| 32x32 | 1.3220e-03 | 1.7249e-03 | 4.3880e-03 |
| 64x64 | 3.4172e-04 | 4.5206e-04 | 1.1688e-03 |
| 128x128 | 8.6868e-05 | 1.1573e-04 | 3.0176e-04 |

| quantity | norm | formal | reduction factors | observed p (per triplet) | status (finest) |
|---|---|---|---|---|---|
| u | l2 | 1 | 1.998, 1.991, 1.995 | 1.003, 0.990 | asymptotic |
| u | l1 | 1 | 2.013, 1.996, 1.997 | 1.021, 0.996 | asymptotic |
| u | linf | 1 | 1.989, 1.984, 1.993 | 0.995, 0.982 | asymptotic |
| v | l2 | 1 | 1.852, 1.925, 1.961 | 0.826, 0.917 | asymptotic |
| v | l1 | 1 | 1.874, 1.932, 1.964 | 0.857, 0.925 | asymptotic |
| v | linf | 1 | 1.832, 1.915, 1.958 | 0.800, 0.903 | asymptotic |
| velocity | l2 | 1 | 1.933, 1.960, 1.979 | 0.929, 0.957 | asymptotic |
| u_interior | l2 | 1 | 2.123, 2.055, 2.027 | 1.129, 1.058 | asymptotic |
| u_boundary_ring | l2 | 1 | 3.880, 3.902, 3.942 | 1.953, 1.959 | monotonic_not_asymptotic |

- [x] u: u L1/L2/Linf decrease on every refinement: monotone
- [x] u: u l2 finest-pairwise observed order in [0.80, 2.00]: finest-PAIRWISE observed order 0.996 (vs formal 1; the triplet estimator is not used here -- see MMSCases.hpp addPairwiseOrderGate); reduction factors 1.998 1.991 1.995
- [x] u: u l1 finest-pairwise observed order in [0.80, 2.00]: finest-PAIRWISE observed order 0.998 (vs formal 1; the triplet estimator is not used here -- see MMSCases.hpp addPairwiseOrderGate); reduction factors 2.013 1.996 1.997
- [x] u: u linf finest-pairwise observed order in [0.60, 2.00]: finest-PAIRWISE observed order 0.995 (vs formal 1; the triplet estimator is not used here -- see MMSCases.hpp addPairwiseOrderGate); reduction factors 1.989 1.984 1.993
- [x] v: v L1/L2/Linf decrease on every refinement: monotone
- [x] v: v l2 finest-pairwise observed order in [0.80, 2.00]: finest-PAIRWISE observed order 0.972 (vs formal 1; the triplet estimator is not used here -- see MMSCases.hpp addPairwiseOrderGate); reduction factors 1.852 1.925 1.961
- [x] v: v l1 finest-pairwise observed order in [0.80, 2.00]: finest-PAIRWISE observed order 0.974 (vs formal 1; the triplet estimator is not used here -- see MMSCases.hpp addPairwiseOrderGate); reduction factors 1.874 1.932 1.964
- [x] v: v linf finest-pairwise observed order in [0.60, 2.00]: finest-PAIRWISE observed order 0.969 (vs formal 1; the triplet estimator is not used here -- see MMSCases.hpp addPairwiseOrderGate); reduction factors 1.832 1.915 1.958

### MMS: momentum_mms_linear_upwind

Momentum-only MMS: production relaxed-momentum assembly (alpha = 1) with exact pressure, exact face mass flux and analytical forcing; Picard on the lagged terms from U = 0

Manufactured solution: mms::velocity: U = (psi_y, -psi_x), psi = e^{0.5x} sin(pi x) e^{-0.4y} sin(pi y) / pi; mms::pressure: p = cos(pi x) cos(pi y) + x y / 2

| grid | cells | h | status | iterations | mass imbalance | runtime (s) |
|---|---|---|---|---|---|---|
| 16x16 | 256 | 0.0625 | Converged | 18 | 1.54e-33 | 0.0 |
| 32x32 | 1024 | 0.03125 | Converged | 13 | 7.7e-34 | 0.1 |
| 64x64 | 4096 | 0.015625 | Converged | 9 | 7.7e-34 | 0.2 |
| 128x128 | 16384 | 0.0078125 | Converged | 8 | 9.63e-34 | 1.3 |

**u**

| grid | L1 | L2 | Linf |
|---|---|---|---|
| 16x16 | 2.4385e-03 | 3.0602e-03 | 9.3220e-03 |
| 32x32 | 4.9347e-04 | 6.3423e-04 | 1.7403e-03 |
| 64x64 | 1.0659e-04 | 1.4436e-04 | 3.8401e-04 |
| 128x128 | 2.4546e-05 | 3.5045e-05 | 9.6317e-05 |

**v**

| grid | L1 | L2 | Linf |
|---|---|---|---|
| 16x16 | 2.0238e-03 | 2.6821e-03 | 9.9904e-03 |
| 32x32 | 5.0623e-04 | 6.4282e-04 | 2.1439e-03 |
| 64x64 | 1.2350e-04 | 1.5457e-04 | 3.8834e-04 |
| 128x128 | 3.0251e-05 | 3.8251e-05 | 9.8568e-05 |

**velocity**

| grid | L1 | L2 | Linf |
|---|---|---|---|
| 16x16 | 3.5116e-03 | 4.0692e-03 | 1.0210e-02 |
| 32x32 | 7.8379e-04 | 9.0303e-04 | 2.1504e-03 |
| 64x64 | 1.8096e-04 | 2.1150e-04 | 4.1210e-04 |
| 128x128 | 4.3355e-05 | 5.1878e-05 | 1.0653e-04 |

**u_interior**

| grid | L1 | L2 | Linf |
|---|---|---|---|
| 16x16 | 2.8216e-03 | 3.3999e-03 | 9.3220e-03 |
| 32x32 | 5.4084e-04 | 6.7314e-04 | 1.7403e-03 |
| 64x64 | 1.1230e-04 | 1.4889e-04 | 3.8401e-04 |
| 128x128 | 2.5253e-05 | 3.5597e-05 | 9.6317e-05 |

**v_interior**

| grid | L1 | L2 | Linf |
|---|---|---|---|
| 16x16 | 2.2938e-03 | 2.9355e-03 | 9.9904e-03 |
| 32x32 | 5.5793e-04 | 6.8218e-04 | 2.1439e-03 |
| 64x64 | 1.3058e-04 | 1.5947e-04 | 3.8834e-04 |
| 128x128 | 3.1158e-05 | 3.8856e-05 | 9.8568e-05 |

**u_boundary_ring**

| grid | L1 | L2 | Linf |
|---|---|---|---|
| 16x16 | 1.1871e-03 | 1.4813e-03 | 4.8197e-03 |
| 32x32 | 1.4967e-04 | 1.8173e-04 | 6.6189e-04 |
| 64x64 | 1.9481e-05 | 2.3615e-05 | 8.2657e-05 |
| 128x128 | 2.4443e-06 | 3.0187e-06 | 1.0191e-05 |

**v_boundary_ring**

| grid | L1 | L2 | Linf |
|---|---|---|---|
| 16x16 | 1.1419e-03 | 1.5947e-03 | 6.6327e-03 |
| 32x32 | 1.3099e-04 | 1.8632e-04 | 1.0847e-03 |
| 64x64 | 1.5465e-05 | 2.1308e-05 | 1.4930e-04 |
| 128x128 | 1.9169e-06 | 2.5369e-06 | 1.9368e-05 |

| quantity | norm | formal | reduction factors | observed p (per triplet) | status (finest) |
|---|---|---|---|---|---|
| u | l2 | 2 | 4.825, 4.393, 4.119 | 2.308, 2.164 | monotonic_not_asymptotic |
| u | l1 | 2 | 4.942, 4.630, 4.343 | 2.330, 2.237 | monotonic_not_asymptotic |
| u | linf | 2 | 5.356, 4.532, 3.987 | 2.483, 2.237 | monotonic_not_asymptotic |
| v | l2 | 2 | 4.172, 4.159, 4.041 | 2.062, 2.069 | asymptotic |
| v | l1 | 2 | 3.998, 4.099, 4.082 | 1.987, 2.037 | asymptotic |
| v | linf | 2 | 4.660, 5.521, 3.940 | 2.160, 2.599 | monotonic_not_asymptotic |
| velocity | l2 | 2 | 4.506, 4.270, 4.077 | 2.195, 2.115 | asymptotic |
| u_interior | l2 | 2 | 5.051, 4.521, 4.183 | 2.379, 2.210 | monotonic_not_asymptotic |
| u_boundary_ring | l2 | 3 | 8.151, 7.695, 7.823 | 3.039, 2.940 | asymptotic |

- [x] u: u L1/L2/Linf decrease on every refinement: monotone
- [x] u: u l2 finest-pairwise observed order in [1.80, 3.00]: finest-PAIRWISE observed order 2.042 (vs formal 2; the triplet estimator is not used here -- see MMSCases.hpp addPairwiseOrderGate); reduction factors 4.825 4.393 4.119
- [x] u: u l1 finest-pairwise observed order in [1.80, 3.00]: finest-PAIRWISE observed order 2.119 (vs formal 2; the triplet estimator is not used here -- see MMSCases.hpp addPairwiseOrderGate); reduction factors 4.942 4.630 4.343
- [x] u: u linf finest-pairwise observed order in [1.60, 3.00]: finest-PAIRWISE observed order 1.995 (vs formal 2; the triplet estimator is not used here -- see MMSCases.hpp addPairwiseOrderGate); reduction factors 5.356 4.532 3.987
- [x] v: v L1/L2/Linf decrease on every refinement: monotone
- [x] v: v l2 finest-pairwise observed order in [1.80, 3.00]: finest-PAIRWISE observed order 2.015 (vs formal 2; the triplet estimator is not used here -- see MMSCases.hpp addPairwiseOrderGate); reduction factors 4.172 4.159 4.041
- [x] v: v l1 finest-pairwise observed order in [1.80, 3.00]: finest-PAIRWISE observed order 2.029 (vs formal 2; the triplet estimator is not used here -- see MMSCases.hpp addPairwiseOrderGate); reduction factors 3.998 4.099 4.082
- [x] v: v linf finest-pairwise observed order in [1.60, 3.00]: finest-PAIRWISE observed order 1.978 (vs formal 2; the triplet estimator is not used here -- see MMSCases.hpp addPairwiseOrderGate); reduction factors 4.660 5.521 3.940
- [x] u: u_boundary_ring l2 finest-pairwise observed order in [2.50, 3.50]: finest-PAIRWISE observed order 2.968 (vs formal 3; the triplet estimator is not used here -- see MMSCases.hpp addPairwiseOrderGate); reduction factors 8.151 7.695 7.823
[       OK ] MomentumMMS.UConverges (3612 ms)
[ RUN      ] MomentumMMS.VConverges
[       OK ] MomentumMMS.VConverges (0 ms)
[ RUN      ] MomentumMMS.PressureGradientBalance

### MMS: pressure_gradient_mms

Production momentum pressure source -V grad(p) of the exact pressure vs the analytical -V grad p (per unit volume), x and y, Green-Gauss and least-squares

Manufactured solution: mms::pressure: p = cos(pi x) cos(pi y) + x y / 2

| grid | cells | h | status | iterations | mass imbalance | runtime (s) |
|---|---|---|---|---|---|---|
| 16x16 | 256 | 0.0625 | Evaluated | 0 | -- | 0.0 |
| 32x32 | 1024 | 0.03125 | Evaluated | 0 | -- | 0.0 |
| 64x64 | 4096 | 0.015625 | Evaluated | 0 | -- | 0.0 |
| 128x128 | 16384 | 0.0078125 | Evaluated | 0 | -- | 0.0 |

**dpdx_green_gauss**

| grid | L1 | L2 | Linf |
|---|---|---|---|
| 16x16 | 1.6321e-02 | 2.7870e-02 | 1.0346e-01 |
| 32x32 | 4.0880e-03 | 9.4551e-03 | 5.1486e-02 |
| 64x64 | 1.0225e-03 | 3.2763e-03 | 2.5712e-02 |
| 128x128 | 2.5565e-04 | 1.1470e-03 | 1.2852e-02 |

**dpdx_green_gauss_interior**

| grid | L1 | L2 | Linf |
|---|---|---|---|
| 16x16 | 8.4466e-03 | 9.9744e-03 | 1.9187e-02 |
| 32x32 | 2.0896e-03 | 2.5165e-03 | 4.9836e-03 |
| 64x64 | 5.1753e-04 | 6.3042e-04 | 1.2577e-03 |
| 128x128 | 1.2865e-04 | 1.5768e-04 | 3.1517e-04 |

**dpdx_green_gauss_boundary_ring**

| grid | L1 | L2 | Linf |
|---|---|---|---|
| 16x16 | 4.2042e-02 | 5.4672e-02 | 1.0346e-01 |
| 32x32 | 1.8593e-02 | 2.6311e-02 | 5.1486e-02 |
| 64x64 | 8.7251e-03 | 1.2977e-02 | 2.5712e-02 |
| 128x128 | 4.2248e-03 | 6.4538e-03 | 1.2852e-02 |

**dpdy_green_gauss**

| grid | L1 | L2 | Linf |
|---|---|---|---|
| 16x16 | 1.6321e-02 | 2.7870e-02 | 1.0346e-01 |
| 32x32 | 4.0880e-03 | 9.4551e-03 | 5.1486e-02 |
| 64x64 | 1.0225e-03 | 3.2763e-03 | 2.5712e-02 |
| 128x128 | 2.5565e-04 | 1.1470e-03 | 1.2852e-02 |

**dpdy_green_gauss_interior**

| grid | L1 | L2 | Linf |
|---|---|---|---|
| 16x16 | 8.4466e-03 | 9.9744e-03 | 1.9187e-02 |
| 32x32 | 2.0896e-03 | 2.5165e-03 | 4.9836e-03 |
| 64x64 | 5.1753e-04 | 6.3042e-04 | 1.2577e-03 |
| 128x128 | 1.2865e-04 | 1.5768e-04 | 3.1517e-04 |

**dpdy_green_gauss_boundary_ring**

| grid | L1 | L2 | Linf |
|---|---|---|---|
| 16x16 | 4.2042e-02 | 5.4672e-02 | 1.0346e-01 |
| 32x32 | 1.8593e-02 | 2.6311e-02 | 5.1486e-02 |
| 64x64 | 8.7251e-03 | 1.2977e-02 | 2.5712e-02 |
| 128x128 | 4.2248e-03 | 6.4538e-03 | 1.2852e-02 |

**dpdx_least_squares**

| grid | L1 | L2 | Linf |
|---|---|---|---|
| 16x16 | 8.1918e-03 | 1.0074e-02 | 1.9954e-02 |
| 32x32 | 2.0460e-03 | 2.5221e-03 | 5.0320e-03 |
| 64x64 | 5.1137e-04 | 6.3075e-04 | 1.2607e-03 |
| 128x128 | 1.2783e-04 | 1.5770e-04 | 3.1536e-04 |

**dpdx_least_squares_interior**

| grid | L1 | L2 | Linf |
|---|---|---|---|
| 16x16 | 8.4466e-03 | 9.9744e-03 | 1.9187e-02 |
| 32x32 | 2.0896e-03 | 2.5165e-03 | 4.9836e-03 |
| 64x64 | 5.1753e-04 | 6.3042e-04 | 1.2577e-03 |
| 128x128 | 1.2865e-04 | 1.5768e-04 | 3.1517e-04 |

**dpdx_least_squares_boundary_ring**

| grid | L1 | L2 | Linf |
|---|---|---|---|
| 16x16 | 7.3593e-03 | 1.0392e-02 | 1.9954e-02 |
| 32x32 | 1.7295e-03 | 2.5621e-03 | 5.0320e-03 |
| 64x64 | 4.1736e-04 | 6.3572e-04 | 1.2607e-03 |
| 128x128 | 1.0239e-04 | 1.5832e-04 | 3.1536e-04 |

**dpdy_least_squares**

| grid | L1 | L2 | Linf |
|---|---|---|---|
| 16x16 | 8.1918e-03 | 1.0074e-02 | 1.9954e-02 |
| 32x32 | 2.0460e-03 | 2.5221e-03 | 5.0320e-03 |
| 64x64 | 5.1137e-04 | 6.3075e-04 | 1.2607e-03 |
| 128x128 | 1.2783e-04 | 1.5770e-04 | 3.1536e-04 |

**dpdy_least_squares_interior**

| grid | L1 | L2 | Linf |
|---|---|---|---|
| 16x16 | 8.4466e-03 | 9.9744e-03 | 1.9187e-02 |
| 32x32 | 2.0896e-03 | 2.5165e-03 | 4.9836e-03 |
| 64x64 | 5.1753e-04 | 6.3042e-04 | 1.2577e-03 |
| 128x128 | 1.2865e-04 | 1.5768e-04 | 3.1517e-04 |

**dpdy_least_squares_boundary_ring**

| grid | L1 | L2 | Linf |
|---|---|---|---|
| 16x16 | 7.3593e-03 | 1.0392e-02 | 1.9954e-02 |
| 32x32 | 1.7295e-03 | 2.5621e-03 | 5.0320e-03 |
| 64x64 | 4.1736e-04 | 6.3572e-04 | 1.2607e-03 |
| 128x128 | 1.0239e-04 | 1.5832e-04 | 3.1536e-04 |

| quantity | norm | formal | reduction factors | observed p (per triplet) | status (finest) |
|---|---|---|---|---|---|
| dpdx_green_gauss_interior | l2 | 2 | 3.964, 3.992, 3.998 | 1.983, 1.996 | asymptotic |
| dpdx_least_squares_interior | l2 | 2 | 3.964, 3.992, 3.998 | 1.983, 1.996 | asymptotic |
| dpdx_green_gauss_boundary_ring | linf | 1 | 2.009, 2.002, 2.001 | 1.012, 1.003 | asymptotic |
| dpdx_green_gauss | l2 | 1.5 | 2.948, 2.886, 2.856 | 1.575, 1.537 | asymptotic |
| dpdx_least_squares_boundary_ring | linf | 1 | 3.965, 3.991, 3.998 | 1.984, 1.996 | monotonic_not_asymptotic |
| dpdx_least_squares | l2 | 2 | 3.994, 3.999, 4.000 | 1.997, 1.999 | asymptotic |
| dpdy_green_gauss_interior | l2 | 2 | 3.964, 3.992, 3.998 | 1.983, 1.996 | asymptotic |
| dpdy_least_squares_interior | l2 | 2 | 3.964, 3.992, 3.998 | 1.983, 1.996 | asymptotic |
| dpdy_green_gauss_boundary_ring | linf | 1 | 2.009, 2.002, 2.001 | 1.012, 1.003 | asymptotic |
| dpdy_green_gauss | l2 | 1.5 | 2.948, 2.886, 2.856 | 1.575, 1.537 | asymptotic |
| dpdy_least_squares_boundary_ring | linf | 1 | 3.965, 3.991, 3.998 | 1.984, 1.996 | monotonic_not_asymptotic |
| dpdy_least_squares | l2 | 2 | 3.994, 3.999, 4.000 | 1.997, 1.999 | asymptotic |

- [x] balance: dpdx_green_gauss_interior l2 observed order in [1.80, 2.30]: finest-triplet observed order 1.996 (asymptotic vs formal 2); reduction factors 3.964 3.992 3.998
- [x] balance: dpdx_green_gauss L1/L2/Linf decrease on every refinement: monotone
- [x] balance: dpdx_least_squares_interior l2 observed order in [1.80, 2.30]: finest-triplet observed order 1.996 (asymptotic vs formal 2); reduction factors 3.964 3.992 3.998
- [x] balance: dpdx_least_squares L1/L2/Linf decrease on every refinement: monotone
- [x] balance: dpdx_green_gauss_boundary_ring linf observed order in [0.80, 1.20]: finest-triplet observed order 1.003 (asymptotic vs formal 1); reduction factors 2.009 2.002 2.001
- [x] balance: dpdx_green_gauss l2 observed order in [1.30, 1.70]: finest-triplet observed order 1.537 (asymptotic vs formal 2); reduction factors 2.948 2.886 2.856
- [x] balance: dpdx_least_squares_boundary_ring linf observed order in [0.80, 2.30]: finest-triplet observed order 1.996 (monotonic_not_asymptotic vs formal 1); reduction factors 3.965 3.991 3.998
- [x] balance: dpdx_least_squares l2 observed order in [1.80, 2.30]: finest-triplet observed order 1.999 (asymptotic vs formal 2); reduction factors 3.994 3.999 4.000
- [x] balance: dpdy_green_gauss_interior l2 observed order in [1.80, 2.30]: finest-triplet observed order 1.996 (asymptotic vs formal 2); reduction factors 3.964 3.992 3.998
- [x] balance: dpdy_green_gauss L1/L2/Linf decrease on every refinement: monotone
- [x] balance: dpdy_least_squares_interior l2 observed order in [1.80, 2.30]: finest-triplet observed order 1.996 (asymptotic vs formal 2); reduction factors 3.964 3.992 3.998
- [x] balance: dpdy_least_squares L1/L2/Linf decrease on every refinement: monotone
- [x] balance: dpdy_green_gauss_boundary_ring linf observed order in [0.80, 1.20]: finest-triplet observed order 1.003 (asymptotic vs formal 1); reduction factors 2.009 2.002 2.001
- [x] balance: dpdy_green_gauss l2 observed order in [1.30, 1.70]: finest-triplet observed order 1.537 (asymptotic vs formal 2); reduction factors 2.948 2.886 2.856
- [x] balance: dpdy_least_squares_boundary_ring linf observed order in [0.80, 2.30]: finest-triplet observed order 1.996 (monotonic_not_asymptotic vs formal 1); reduction factors 3.965 3.991 3.998
- [x] balance: dpdy_least_squares l2 observed order in [1.80, 2.30]: finest-triplet observed order 1.999 (asymptotic vs formal 2); reduction factors 3.994 3.999 4.000
[       OK ] MomentumMMS.PressureGradientBalance (25 ms)
[ RUN      ] MomentumMMS.DistortedMesh

### MMS: distorted_mesh_momentum_mms

Momentum-only MMS (central convection) on Cartesian vs distorted (0.25 h) meshes, uncorrected (Green-Gauss) vs non-orthogonal-corrected (least-squares); level status/iterations are the corrected distorted solve

Manufactured solution: mms::velocity / mms::pressure (as momentum_mms)

| grid | cells | h | status | iterations | mass imbalance | runtime (s) |
|---|---|---|---|---|---|---|
| 16x16 | 256 | 0.0625 | Converged | 14 | 1.54e-33 | 0.0 |
| 32x32 | 1024 | 0.03125 | Converged | 10 | 7.7e-34 | 0.1 |
| 64x64 | 4096 | 0.015625 | Converged | 9 | 7.7e-34 | 0.8 |
| 128x128 | 16384 | 0.0078125 | Converged | 7 | 9.63e-34 | 4.2 |

**u_cartesian**

| grid | L1 | L2 | Linf |
|---|---|---|---|
| 16x16 | 1.9759e-03 | 2.4480e-03 | 7.9695e-03 |
| 32x32 | 3.8757e-04 | 4.6955e-04 | 1.5372e-03 |
| 64x64 | 8.1910e-05 | 1.0017e-04 | 2.5950e-04 |
| 128x128 | 1.8926e-05 | 2.3637e-05 | 5.5553e-05 |

**v_cartesian**

| grid | L1 | L2 | Linf |
|---|---|---|---|
| 16x16 | 1.5646e-03 | 1.9708e-03 | 8.0438e-03 |
| 32x32 | 3.9587e-04 | 4.8687e-04 | 1.8574e-03 |
| 64x64 | 1.0086e-04 | 1.2376e-04 | 3.2181e-04 |
| 128x128 | 2.5782e-05 | 3.1802e-05 | 6.6781e-05 |

**velocity_cartesian**

| grid | L1 | L2 | Linf |
|---|---|---|---|
| 16x16 | 2.7734e-03 | 3.1427e-03 | 8.6622e-03 |
| 32x32 | 6.1299e-04 | 6.7641e-04 | 1.8574e-03 |
| 64x64 | 1.4270e-04 | 1.5922e-04 | 3.2183e-04 |
| 128x128 | 3.4697e-05 | 3.9624e-05 | 7.6860e-05 |

**u_interior_cartesian**

| grid | L1 | L2 | Linf |
|---|---|---|---|
| 16x16 | 2.2698e-03 | 2.7029e-03 | 7.9695e-03 |
| 32x32 | 4.2294e-04 | 4.9726e-04 | 1.5372e-03 |
| 64x64 | 8.6185e-05 | 1.0326e-04 | 2.5950e-04 |
| 128x128 | 1.9464e-05 | 2.4007e-05 | 5.5553e-05 |

**v_interior_cartesian**

| grid | L1 | L2 | Linf |
|---|---|---|---|
| 16x16 | 1.7311e-03 | 2.1186e-03 | 8.0438e-03 |
| 32x32 | 4.3361e-04 | 5.1583e-04 | 1.8574e-03 |
| 64x64 | 1.0657e-04 | 1.2766e-04 | 3.2181e-04 |
| 128x128 | 2.6553e-05 | 3.2304e-05 | 6.6781e-05 |

**u_boundary_ring_cartesian**

| grid | L1 | L2 | Linf |
|---|---|---|---|
| 16x16 | 1.0158e-03 | 1.3049e-03 | 4.2498e-03 |
| 32x32 | 1.3086e-04 | 1.6124e-04 | 6.0962e-04 |
| 64x64 | 1.6697e-05 | 2.1124e-05 | 7.8686e-05 |
| 128x128 | 2.1132e-06 | 2.7371e-06 | 9.9041e-06 |

**v_boundary_ring_cartesian**

| grid | L1 | L2 | Linf |
|---|---|---|---|
| 16x16 | 1.0207e-03 | 1.3819e-03 | 5.6773e-03 |
| 32x32 | 1.2193e-04 | 1.6220e-04 | 9.9693e-04 |
| 64x64 | 1.3810e-05 | 1.8337e-05 | 1.4238e-04 |
| 128x128 | 1.6931e-06 | 2.1702e-06 | 1.8857e-05 |

**u_distorted_uncorrected**

| grid | L1 | L2 | Linf |
|---|---|---|---|
| 16x16 | 6.7166e-03 | 9.2791e-03 | 2.3324e-02 |
| 32x32 | 3.1714e-03 | 4.4481e-03 | 1.1714e-02 |
| 64x64 | 1.5586e-03 | 2.1899e-03 | 5.8009e-03 |
| 128x128 | 7.7246e-04 | 1.0852e-03 | 2.8799e-03 |

**v_distorted_uncorrected**

| grid | L1 | L2 | Linf |
|---|---|---|---|
| 16x16 | 4.9173e-03 | 6.3731e-03 | 1.6726e-02 |
| 32x32 | 2.4019e-03 | 3.1564e-03 | 8.2042e-03 |
| 64x64 | 1.2076e-03 | 1.5885e-03 | 4.0380e-03 |
| 128x128 | 6.0723e-04 | 7.9898e-04 | 2.0096e-03 |

**velocity_distorted_uncorrected**

| grid | L1 | L2 | Linf |
|---|---|---|---|
| 16x16 | 9.0838e-03 | 1.1257e-02 | 2.4150e-02 |
| 32x32 | 4.3375e-03 | 5.4542e-03 | 1.2265e-02 |
| 64x64 | 2.1515e-03 | 2.7054e-03 | 6.1214e-03 |
| 128x128 | 1.0732e-03 | 1.3476e-03 | 3.0503e-03 |

**u_interior_distorted_uncorrected**

| grid | L1 | L2 | Linf |
|---|---|---|---|
| 16x16 | 8.3165e-03 | 1.0562e-02 | 2.3324e-02 |
| 32x32 | 3.5574e-03 | 4.7421e-03 | 1.1714e-02 |
| 64x64 | 1.6544e-03 | 2.2603e-03 | 5.8009e-03 |
| 128x128 | 7.9638e-04 | 1.1024e-03 | 2.8799e-03 |

**v_interior_distorted_uncorrected**

| grid | L1 | L2 | Linf |
|---|---|---|---|
| 16x16 | 5.9879e-03 | 7.2055e-03 | 1.6726e-02 |
| 32x32 | 2.6899e-03 | 3.3634e-03 | 8.2042e-03 |
| 64x64 | 1.2817e-03 | 1.6396e-03 | 4.0380e-03 |
| 128x128 | 6.2603e-04 | 8.1165e-04 | 2.0096e-03 |

**u_boundary_ring_distorted_uncorrected**

| grid | L1 | L2 | Linf |
|---|---|---|---|
| 16x16 | 1.4901e-03 | 1.7233e-03 | 3.4675e-03 |
| 32x32 | 3.6969e-04 | 4.1856e-04 | 8.2190e-04 |
| 64x64 | 9.6607e-05 | 1.1074e-04 | 2.4137e-04 |
| 128x128 | 2.4913e-05 | 2.8810e-05 | 6.5097e-05 |

**v_boundary_ring_distorted_uncorrected**

| grid | L1 | L2 | Linf |
|---|---|---|---|
| 16x16 | 1.4201e-03 | 1.9229e-03 | 6.2697e-03 |
| 32x32 | 3.1174e-04 | 4.1167e-04 | 1.2258e-03 |
| 64x64 | 7.7273e-05 | 1.0016e-04 | 2.7145e-04 |
| 128x128 | 1.9725e-05 | 2.5368e-05 | 6.8395e-05 |

**u_distorted_corrected**

| grid | L1 | L2 | Linf |
|---|---|---|---|
| 16x16 | 1.8567e-03 | 2.3159e-03 | 5.8325e-03 |
| 32x32 | 3.7346e-04 | 4.6210e-04 | 1.3128e-03 |
| 64x64 | 8.1225e-05 | 1.0063e-04 | 2.4683e-04 |
| 128x128 | 1.8970e-05 | 2.3834e-05 | 5.5833e-05 |

**v_distorted_corrected**

| grid | L1 | L2 | Linf |
|---|---|---|---|
| 16x16 | 1.1479e-03 | 1.5688e-03 | 8.1487e-03 |
| 32x32 | 3.4043e-04 | 4.3558e-04 | 1.9018e-03 |
| 64x64 | 9.3623e-05 | 1.1712e-04 | 3.3381e-04 |
| 128x128 | 2.4814e-05 | 3.0938e-05 | 6.5582e-05 |

**velocity_distorted_corrected**

| grid | L1 | L2 | Linf |
|---|---|---|---|
| 16x16 | 2.4205e-03 | 2.7972e-03 | 8.1516e-03 |
| 32x32 | 5.6188e-04 | 6.3503e-04 | 1.9021e-03 |
| 64x64 | 1.3600e-04 | 1.5442e-04 | 3.3381e-04 |
| 128x128 | 3.3856e-05 | 3.9054e-05 | 7.6039e-05 |

**u_interior_distorted_corrected**

| grid | L1 | L2 | Linf |
|---|---|---|---|
| 16x16 | 2.1846e-03 | 2.5838e-03 | 5.8325e-03 |
| 32x32 | 4.1393e-04 | 4.9119e-04 | 1.3128e-03 |
| 64x64 | 8.5918e-05 | 1.0382e-04 | 2.4683e-04 |
| 128x128 | 1.9538e-05 | 2.4211e-05 | 5.5833e-05 |

**v_interior_distorted_corrected**

| grid | L1 | L2 | Linf |
|---|---|---|---|
| 16x16 | 1.3063e-03 | 1.6939e-03 | 8.1487e-03 |
| 32x32 | 3.7722e-04 | 4.6195e-04 | 1.9018e-03 |
| 64x64 | 9.9126e-05 | 1.2084e-04 | 3.3381e-04 |
| 128x128 | 2.5566e-05 | 3.1427e-05 | 6.5582e-05 |

**u_boundary_ring_distorted_corrected**

| grid | L1 | L2 | Linf |
|---|---|---|---|
| 16x16 | 7.8574e-04 | 1.0371e-03 | 3.6692e-03 |
| 32x32 | 7.9801e-05 | 1.1074e-04 | 5.5961e-04 |
| 64x64 | 9.6501e-06 | 1.2897e-05 | 7.3273e-05 |
| 128x128 | 1.2120e-06 | 1.5444e-06 | 9.2583e-06 |

**v_boundary_ring_distorted_corrected**

| grid | L1 | L2 | Linf |
|---|---|---|---|
| 16x16 | 6.3028e-04 | 1.0620e-03 | 5.7186e-03 |
| 32x32 | 7.3408e-05 | 1.3383e-04 | 1.0190e-03 |
| 64x64 | 9.6942e-06 | 1.5798e-05 | 1.4664e-04 |
| 128x128 | 1.3183e-06 | 1.9756e-06 | 1.9461e-05 |

| quantity | norm | formal | reduction factors | observed p (per triplet) | status (finest) |
|---|---|---|---|---|---|
| u_distorted_corrected | l2 | 2 | 5.012, 4.592, 4.222 | 2.359, 2.235 | monotonic_not_asymptotic |
| u_distorted_uncorrected | l2 | 1 | 2.086, 2.031, 2.018 | 1.097, 1.032 | asymptotic |
| v_distorted_corrected | l2 | 2 | 3.602, 3.719, 3.786 | 1.831, 1.886 | asymptotic |
| v_distorted_uncorrected | l2 | 1 | 2.019, 1.987, 1.988 | 1.037, 0.990 | asymptotic |

- [x] distorted: u_distorted_corrected l2 observed order in [1.80, 2.40]: finest-triplet observed order 2.235 (monotonic_not_asymptotic vs formal 2); reduction factors 5.012 4.592 4.222
- [x] distorted: u_distorted_uncorrected l2 observed order in [0.70, 1.30]: finest-triplet observed order 1.032 (asymptotic vs formal 1); reduction factors 2.086 2.031 2.018
- [x] distorted: u corrected L2 within 10% of Cartesian (finest grid): corrected 2.3834e-05, Cartesian 2.3637e-05
- [x] distorted: u uncorrected L2 >= 3x corrected (finest grid): ratio 45.5
- [x] distorted: v_distorted_corrected l2 observed order in [1.80, 2.40]: finest-triplet observed order 1.886 (asymptotic vs formal 2); reduction factors 3.602 3.719 3.786
- [x] distorted: v_distorted_uncorrected l2 observed order in [0.70, 1.30]: finest-triplet observed order 0.990 (asymptotic vs formal 1); reduction factors 2.019 1.987 1.988
- [x] distorted: v corrected L2 within 10% of Cartesian (finest grid): corrected 3.0938e-05, Cartesian 3.1802e-05
- [x] distorted: v uncorrected L2 >= 3x corrected (finest grid): ratio 25.8
[       OK ] MomentumMMS.DistortedMesh (5203 ms)
[----------] 4 tests from MomentumMMS (8842 ms total)

[----------] 1 test from ContinuityMMS
[ RUN      ] ContinuityMMS.DivergenceFreeField

### MMS: continuity_mms

Production face-flux interpolation (calculateMassFlux) and continuity evaluation (evaluateContinuity) of the exact divergence-free velocity

Manufactured solution: mms::velocity (streamfunction curl; div U = 0 analytically)

| grid | cells | h | status | iterations | mass imbalance | runtime (s) |
|---|---|---|---|---|---|---|
| 16x16 | 256 | 0.0625 | Evaluated | 0 | 7.95e-20 | 0.0 |
| 32x32 | 1024 | 0.03125 | Evaluated | 0 | 1.98e-20 | 0.0 |
| 64x64 | 4096 | 0.015625 | Evaluated | 0 | 4.96e-21 | 0.0 |
| 128x128 | 16384 | 0.0078125 | Evaluated | 0 | 1.24e-21 | 0.0 |

**divergence**

| grid | L1 | L2 | Linf |
|---|---|---|---|
| 16x16 | 6.5125e-03 | 9.5315e-03 | 4.6666e-02 |
| 32x32 | 1.7926e-03 | 3.2694e-03 | 2.4064e-02 |
| 64x64 | 4.6929e-04 | 1.1326e-03 | 1.2144e-02 |
| 128x128 | 1.2002e-04 | 3.9578e-04 | 6.0905e-03 |

**divergence_interior**

| grid | L1 | L2 | Linf |
|---|---|---|---|
| 16x16 | 3.9290e-03 | 4.4354e-03 | 7.6308e-03 |
| 32x32 | 9.9925e-04 | 1.1250e-03 | 2.0387e-03 |
| 64x64 | 2.5091e-04 | 2.8250e-04 | 5.2404e-04 |
| 128x128 | 6.2814e-05 | 7.0739e-05 | 1.3271e-04 |

**divergence_boundary_ring**

| grid | L1 | L2 | Linf |
|---|---|---|---|
| 16x16 | 1.4952e-02 | 1.7982e-02 | 4.6666e-02 |
| 32x32 | 7.5506e-03 | 8.8931e-03 | 2.4064e-02 |
| 64x64 | 3.8004e-03 | 4.4308e-03 | 1.2144e-02 |
| 128x128 | 1.9079e-03 | 2.2126e-03 | 6.0905e-03 |

**face_flux**

| grid | L1 | L2 | Linf |
|---|---|---|---|
| 16x16 | 1.6235e-03 | 2.0444e-03 | 4.8220e-03 |
| 32x32 | 4.0079e-04 | 5.0588e-04 | 1.2266e-03 |
| 64x64 | 9.9583e-05 | 1.2581e-04 | 3.0838e-04 |
| 128x128 | 2.4820e-05 | 3.1367e-05 | 7.7291e-05 |

| quantity | norm | formal | reduction factors | observed p (per triplet) | status (finest) |
|---|---|---|---|---|---|
| face_flux | l2 | 2 | 4.041, 4.021, 4.011 | 2.017, 2.009 | asymptotic |
| divergence_interior | l2 | 2 | 3.943, 3.982, 3.994 | 1.974, 1.992 | asymptotic |
| divergence | l1 | 2 | 3.633, 3.820, 3.910 | 1.835, 1.922 | asymptotic |
| divergence_boundary_ring | linf | 1 | 1.939, 1.982, 1.994 | 0.923, 0.978 | asymptotic |

- [x] continuity: exact face flux divergence-free per cell at 16x16: max |imbalance| 1.39e-17
- [x] continuity: global mass imbalance ~ 0 at 16x16: -7.95e-20 (zero normal wall velocity)
- [x] continuity: exact face flux divergence-free per cell at 32x32: max |imbalance| 6.94e-18
- [x] continuity: global mass imbalance ~ 0 at 32x32: -1.98e-20 (zero normal wall velocity)
- [x] continuity: exact face flux divergence-free per cell at 64x64: max |imbalance| 3.47e-18
- [x] continuity: global mass imbalance ~ 0 at 64x64: -4.96e-21 (zero normal wall velocity)
- [x] continuity: exact face flux divergence-free per cell at 128x128: max |imbalance| 1.73e-18
- [x] continuity: global mass imbalance ~ 0 at 128x128: -1.24e-21 (zero normal wall velocity)
- [x] continuity: face_flux l2 observed order in [1.80, 2.30]: finest-triplet observed order 2.009 (asymptotic vs formal 2); reduction factors 4.041 4.021 4.011
- [x] continuity: divergence_interior l2 observed order in [1.80, 2.30]: finest-triplet observed order 1.992 (asymptotic vs formal 2); reduction factors 3.943 3.982 3.994
- [x] continuity: divergence l1 observed order in [1.50, 2.30]: finest-triplet observed order 1.922 (asymptotic vs formal 2); reduction factors 3.633 3.820 3.910
- [x] continuity: divergence L1/L2/Linf decrease on every refinement: monotone
[       OK ] ContinuityMMS.DivergenceFreeField (12 ms)
[----------] 1 test from ContinuityMMS (12 ms total)

[----------] 7 tests from SIMPLEMMS
[ RUN      ] SIMPLEMMS.ConvergesFromNonExactInitialCondition

SIMPLE MMS 16x16 upwind: from rest 1665 outer iterations, from (-0.5 U_exact, p = 10) 1676; max |difference| u 4.108e-09, v 5.006e-09, p (modulo gauge) 3.746e-07
[       OK ] SIMPLEMMS.ConvergesFromNonExactInitialCondition (3632 ms)
[ RUN      ] SIMPLEMMS.VelocityConvergesAtExpectedOrder

### MMS: simple_mms

Full SIMPLE MMS from rest (U = 0, p = 0), Cartesian meshes

Manufactured solution: mms::velocity: U = (psi_y, -psi_x), psi = e^{0.5x} sin(pi x) e^{-0.4y} sin(pi y) / pi; mms::pressure: p = cos(pi x) cos(pi y) + x y / 2 (compared modulo gauge)

| grid | cells | h | status | iterations | mass imbalance | runtime (s) |
|---|---|---|---|---|---|---|
| 8x8 | 64 | 0.125 | Converged | 745 | 3.2e-19 | 0.2 |
| 16x16 | 256 | 0.0625 | Converged | 2003 | 7.95e-20 | 1.5 |
| 32x32 | 1024 | 0.03125 | Converged | 4353 | 1.98e-20 | 11.4 |

**u**

| grid | L1 | L2 | Linf |
|---|---|---|---|
| 8x8 | 5.3120e-03 | 6.6710e-03 | 1.6031e-02 |
| 16x16 | 9.3881e-04 | 1.1317e-03 | 3.4766e-03 |
| 32x32 | 2.1937e-04 | 2.6438e-04 | 6.6761e-04 |

**v**

| grid | L1 | L2 | Linf |
|---|---|---|---|
| 8x8 | 5.2305e-03 | 6.5093e-03 | 1.6920e-02 |
| 16x16 | 6.7003e-04 | 8.4662e-04 | 3.2023e-03 |
| 32x32 | 1.5189e-04 | 1.8803e-04 | 5.8343e-04 |

**velocity**

| grid | L1 | L2 | Linf |
|---|---|---|---|
| 8x8 | 8.2691e-03 | 9.3206e-03 | 1.8679e-02 |
| 16x16 | 1.2301e-03 | 1.4133e-03 | 3.9467e-03 |
| 32x32 | 2.8291e-04 | 3.2443e-04 | 7.8779e-04 |

**u_interior**

| grid | L1 | L2 | Linf |
|---|---|---|---|
| 8x8 | 6.3781e-03 | 7.7173e-03 | 1.6031e-02 |
| 16x16 | 9.7350e-04 | 1.1668e-03 | 3.4766e-03 |
| 32x32 | 2.2641e-04 | 2.6968e-04 | 6.6761e-04 |

**v_interior**

| grid | L1 | L2 | Linf |
|---|---|---|---|
| 8x8 | 4.7124e-03 | 5.5309e-03 | 1.0965e-02 |
| 16x16 | 6.3681e-04 | 7.8333e-04 | 1.9067e-03 |
| 32x32 | 1.5393e-04 | 1.8774e-04 | 5.0370e-04 |

**u_boundary_ring**

| grid | L1 | L2 | Linf |
|---|---|---|---|
| 8x8 | 3.9412e-03 | 5.0146e-03 | 1.3351e-02 |
| 16x16 | 8.2548e-04 | 1.0084e-03 | 2.3904e-03 |
| 32x32 | 1.6827e-04 | 2.2215e-04 | 5.3129e-04 |

**v_boundary_ring**

| grid | L1 | L2 | Linf |
|---|---|---|---|
| 8x8 | 5.8966e-03 | 7.5841e-03 | 1.6920e-02 |
| 16x16 | 7.7855e-04 | 1.0265e-03 | 3.2023e-03 |
| 32x32 | 1.3712e-04 | 1.9012e-04 | 5.8343e-04 |

**p**

| grid | L1 | L2 | Linf |
|---|---|---|---|
| 8x8 | 4.2950e-02 | 5.6464e-02 | 1.8345e-01 |
| 16x16 | 1.2212e-02 | 1.6699e-02 | 8.1948e-02 |
| 32x32 | 3.4611e-03 | 4.9813e-03 | 2.9603e-02 |

**p_interior**

| grid | L1 | L2 | Linf |
|---|---|---|---|
| 8x8 | 3.6327e-02 | 4.4827e-02 | 1.0520e-01 |
| 16x16 | 1.1390e-02 | 1.5065e-02 | 5.9388e-02 |
| 32x32 | 3.2671e-03 | 4.6393e-03 | 2.5713e-02 |

**p_boundary_ring**

| grid | L1 | L2 | Linf |
|---|---|---|---|
| 8x8 | 5.1465e-02 | 6.8584e-02 | 1.8345e-01 |
| 16x16 | 1.4896e-02 | 2.1176e-02 | 8.1948e-02 |
| 32x32 | 4.8693e-03 | 6.9782e-03 | 2.9603e-02 |

**continuity**

| grid | L1 | L2 | Linf |
|---|---|---|---|
| 8x8 | 1.4886e-10 | 6.0074e-10 | 4.7637e-09 |
| 16x16 | 2.9068e-10 | 2.3306e-09 | 3.7207e-08 |
| 32x32 | 5.7254e-10 | 9.1359e-09 | 2.9217e-07 |

**face_flux**

| grid | L1 | L2 | Linf |
|---|---|---|---|
| 8x8 | 8.0038e-03 | 1.0931e-02 | 2.8679e-02 |
| 16x16 | 1.4898e-03 | 1.9437e-03 | 5.4443e-03 |
| 32x32 | 3.1574e-04 | 4.0386e-04 | 1.2426e-03 |

| quantity | norm | formal | reduction factors | observed p (per triplet) | status (finest) |
|---|---|---|---|---|---|
| u | l2 | 2 | 5.895, 4.281 | 2.675 | monotonic_not_asymptotic |
| u | l1 | 2 | 5.658, 4.280 | 2.604 | monotonic_not_asymptotic |
| v | l2 | 2 | 7.689, 4.503 | 3.104 | monotonic_not_asymptotic |
| v | l1 | 2 | 7.806, 4.411 | 3.138 | monotonic_not_asymptotic |
| velocity | l2 | 2 | 6.595, 4.356 | 2.860 | monotonic_not_asymptotic |
| u | linf | 2 | 4.611, 5.208 | 2.160 | monotonic_not_asymptotic |
| p | l2 | 2 | 3.381, 3.352 | 1.763 | monotonic_not_asymptotic |
| p | l1 | 2 | 3.517, 3.528 | 1.813 | monotonic_not_asymptotic |
| p | linf | 2 | 2.239, 2.768 | 0.955 | monotonic_not_asymptotic |
| p_interior | l2 | 2 | 2.976, 3.247 | 1.513 | monotonic_not_asymptotic |
| p_boundary_ring | l2 | 2 | 3.239, 3.035 | 1.739 | monotonic_not_asymptotic |
| face_flux | l2 | 2 | 5.624, 4.813 | 2.545 | monotonic_not_asymptotic |

- [x] velocity: u L1/L2/Linf decrease on every refinement: monotone
- [x] velocity: u l2 finest-pairwise observed order in [1.60, 3.00]: finest-PAIRWISE observed order 2.098 (vs formal 2; the triplet estimator is not used here -- see MMSCases.hpp addPairwiseOrderGate); reduction factors 5.895 4.281
- [x] velocity: u l1 finest-pairwise observed order in [1.60, 3.00]: finest-PAIRWISE observed order 2.097 (vs formal 2; the triplet estimator is not used here -- see MMSCases.hpp addPairwiseOrderGate); reduction factors 5.658 4.280
- [x] velocity: v L1/L2/Linf decrease on every refinement: monotone
- [x] velocity: v l2 finest-pairwise observed order in [1.60, 3.00]: finest-PAIRWISE observed order 2.171 (vs formal 2; the triplet estimator is not used here -- see MMSCases.hpp addPairwiseOrderGate); reduction factors 7.689 4.503
- [x] velocity: v l1 finest-pairwise observed order in [1.60, 3.00]: finest-PAIRWISE observed order 2.141 (vs formal 2; the triplet estimator is not used here -- see MMSCases.hpp addPairwiseOrderGate); reduction factors 7.806 4.411
- [x] velocity: u L2 finest reduction factor >= 3.0: E_coarse/E_fine = 4.281
- [x] pressure: p L1/L2/Linf decrease on every refinement: monotone
- [x] pressure: p l2 observed order in [1.50, 2.40]: finest-triplet observed order 1.763 (monotonic_not_asymptotic vs formal 2); reduction factors 3.381 3.352
- [x] pressure: p l1 observed order in [1.50, 2.40]: finest-triplet observed order 1.813 (monotonic_not_asymptotic vs formal 2); reduction factors 3.517 3.528
- [x] continuity: discrete continuity satisfied (Linf per volume <= 1e-5) at 8x8: Linf 4.76e-09, L2 6.01e-10
- [x] continuity: discrete continuity satisfied (Linf per volume <= 1e-5) at 16x16: Linf 3.72e-08, L2 2.33e-09
- [x] continuity: discrete continuity satisfied (Linf per volume <= 1e-5) at 32x32: Linf 2.92e-07, L2 9.14e-09
- [x] continuity: face_flux L1/L2/Linf decrease on every refinement: monotone
- [x] continuity: face_flux l2 observed order in [1.60, 4.00]: finest-triplet observed order 2.545 (monotonic_not_asymptotic vs formal 2); reduction factors 5.624 4.813
- [x] mass: global mass imbalance <= 1e-14 at 8x8: 3.20e-19
- [x] mass: global mass imbalance <= 1e-14 at 16x16: 7.95e-20
- [x] mass: global mass imbalance <= 1e-14 at 32x32: 1.98e-20

### MMS: simple_mms_upwind

Full SIMPLE MMS from rest (U = 0, p = 0), Cartesian meshes

Manufactured solution: mms::velocity: U = (psi_y, -psi_x), psi = e^{0.5x} sin(pi x) e^{-0.4y} sin(pi y) / pi; mms::pressure: p = cos(pi x) cos(pi y) + x y / 2 (compared modulo gauge)

| grid | cells | h | status | iterations | mass imbalance | runtime (s) |
|---|---|---|---|---|---|---|
| 8x8 | 64 | 0.125 | Converged | 960 | 3.2e-19 | 0.2 |
| 16x16 | 256 | 0.0625 | Converged | 1665 | 7.95e-20 | 1.2 |
| 32x32 | 1024 | 0.03125 | Converged | 3084 | 1.98e-20 | 7.5 |

**u**

| grid | L1 | L2 | Linf |
|---|---|---|---|
| 8x8 | 2.8789e-02 | 3.7101e-02 | 8.2682e-02 |
| 16x16 | 1.6199e-02 | 2.1373e-02 | 4.8443e-02 |
| 32x32 | 8.7085e-03 | 1.1531e-02 | 2.6715e-02 |

**v**

| grid | L1 | L2 | Linf |
|---|---|---|---|
| 8x8 | 2.8675e-02 | 3.7368e-02 | 8.2961e-02 |
| 16x16 | 1.6484e-02 | 2.1674e-02 | 5.3589e-02 |
| 32x32 | 8.8017e-03 | 1.1690e-02 | 2.8758e-02 |

**velocity**

| grid | L1 | L2 | Linf |
|---|---|---|---|
| 8x8 | 4.6588e-02 | 5.2658e-02 | 8.5532e-02 |
| 16x16 | 2.6279e-02 | 3.0440e-02 | 5.3616e-02 |
| 32x32 | 1.4033e-02 | 1.6420e-02 | 2.8815e-02 |

**u_interior**

| grid | L1 | L2 | Linf |
|---|---|---|---|
| 8x8 | 4.0334e-02 | 4.6128e-02 | 8.2682e-02 |
| 16x16 | 1.9960e-02 | 2.4168e-02 | 4.8443e-02 |
| 32x32 | 9.7657e-03 | 1.2282e-02 | 2.6715e-02 |

**v_interior**

| grid | L1 | L2 | Linf |
|---|---|---|---|
| 8x8 | 3.8994e-02 | 4.5141e-02 | 8.2961e-02 |
| 16x16 | 2.0283e-02 | 2.4459e-02 | 5.3589e-02 |
| 32x32 | 9.8694e-03 | 1.2449e-02 | 2.8758e-02 |

**u_boundary_ring**

| grid | L1 | L2 | Linf |
|---|---|---|---|
| 8x8 | 1.3946e-02 | 2.0261e-02 | 5.0865e-02 |
| 16x16 | 3.9134e-03 | 6.4062e-03 | 1.8192e-02 |
| 32x32 | 1.0351e-03 | 1.7627e-03 | 5.2788e-03 |

**v_boundary_ring**

| grid | L1 | L2 | Linf |
|---|---|---|---|
| 8x8 | 1.5407e-02 | 2.3914e-02 | 6.5925e-02 |
| 16x16 | 4.0721e-03 | 7.0783e-03 | 2.1838e-02 |
| 32x32 | 1.0521e-03 | 1.9190e-03 | 6.2179e-03 |

**p**

| grid | L1 | L2 | Linf |
|---|---|---|---|
| 8x8 | 5.7895e-02 | 7.5189e-02 | 2.5742e-01 |
| 16x16 | 2.5898e-02 | 3.2503e-02 | 9.4096e-02 |
| 32x32 | 1.2542e-02 | 1.5683e-02 | 4.7016e-02 |

**p_interior**

| grid | L1 | L2 | Linf |
|---|---|---|---|
| 8x8 | 5.5013e-02 | 6.9758e-02 | 1.6478e-01 |
| 16x16 | 2.4987e-02 | 3.1315e-02 | 7.3512e-02 |
| 32x32 | 1.2349e-02 | 1.5450e-02 | 3.6739e-02 |

**p_boundary_ring**

| grid | L1 | L2 | Linf |
|---|---|---|---|
| 8x8 | 6.1602e-02 | 8.1642e-02 | 2.5742e-01 |
| 16x16 | 2.8874e-02 | 3.6114e-02 | 9.4096e-02 |
| 32x32 | 1.3939e-02 | 1.7282e-02 | 4.7016e-02 |

**continuity**

| grid | L1 | L2 | Linf |
|---|---|---|---|
| 8x8 | 1.2071e-10 | 4.6879e-10 | 3.7030e-09 |
| 16x16 | 3.0289e-10 | 2.4283e-09 | 3.8771e-08 |
| 32x32 | 5.0913e-10 | 8.1517e-09 | 2.6066e-07 |

**face_flux**

| grid | L1 | L2 | Linf |
|---|---|---|---|
| 8x8 | 2.9532e-02 | 4.0412e-02 | 9.6017e-02 |
| 16x16 | 1.6598e-02 | 2.2320e-02 | 5.6584e-02 |
| 32x32 | 8.8166e-03 | 1.1810e-02 | 2.9631e-02 |

| quantity | norm | formal | reduction factors | observed p (per triplet) | status (finest) |
|---|---|---|---|---|---|
| u | l2 | 1 | 1.736, 1.854 | 0.676 | monotonic_not_asymptotic |
| u | l1 | 1 | 1.777, 1.860 | 0.749 | monotonic_not_asymptotic |
| v | l2 | 1 | 1.724, 1.854 | 0.653 | monotonic_not_asymptotic |
| v | l1 | 1 | 1.740, 1.873 | 0.666 | monotonic_not_asymptotic |
| velocity | l2 | 1 | 1.730, 1.854 | 0.664 | monotonic_not_asymptotic |
| u | linf | 1 | 1.707, 1.813 | 0.656 | monotonic_not_asymptotic |
| p | l2 | 1 | 2.313, 2.072 | 1.344 | monotonic_not_asymptotic |
| p | l1 | 1 | 2.236, 2.065 | 1.260 | monotonic_not_asymptotic |
| p | linf | 1 | 2.736, 2.001 | 1.795 | monotonic_not_asymptotic |
| p_interior | l2 | 1 | 2.228, 2.027 | 1.277 | monotonic_not_asymptotic |
| p_boundary_ring | l2 | 1 | 2.261, 2.090 | 1.274 | monotonic_not_asymptotic |
| face_flux | l2 | 1 | 1.811, 1.890 | 0.784 | monotonic_not_asymptotic |

- [x] velocity: u L1/L2/Linf decrease on every refinement: monotone
- [x] velocity: u l2 finest-pairwise observed order in [0.55, 2.00]: finest-PAIRWISE observed order 0.890 (vs formal 1; the triplet estimator is not used here -- see MMSCases.hpp addPairwiseOrderGate); reduction factors 1.736 1.854
- [x] velocity: u l1 finest-pairwise observed order in [0.55, 2.00]: finest-PAIRWISE observed order 0.895 (vs formal 1; the triplet estimator is not used here -- see MMSCases.hpp addPairwiseOrderGate); reduction factors 1.777 1.860
- [x] velocity: v L1/L2/Linf decrease on every refinement: monotone
- [x] velocity: v l2 finest-pairwise observed order in [0.55, 2.00]: finest-PAIRWISE observed order 0.891 (vs formal 1; the triplet estimator is not used here -- see MMSCases.hpp addPairwiseOrderGate); reduction factors 1.724 1.854
- [x] velocity: v l1 finest-pairwise observed order in [0.55, 2.00]: finest-PAIRWISE observed order 0.905 (vs formal 1; the triplet estimator is not used here -- see MMSCases.hpp addPairwiseOrderGate); reduction factors 1.740 1.873
- [x] velocity: u L2 finest reduction factor >= 1.6: E_coarse/E_fine = 1.854
- [x] pressure: p L1/L2/Linf decrease on every refinement: monotone
- [x] pressure: p l2 observed order in [0.80, 1.60]: finest-triplet observed order 1.344 (monotonic_not_asymptotic vs formal 1); reduction factors 2.313 2.072
- [x] pressure: p l1 observed order in [0.80, 1.60]: finest-triplet observed order 1.260 (monotonic_not_asymptotic vs formal 1); reduction factors 2.236 2.065
- [x] continuity: discrete continuity satisfied (Linf per volume <= 1e-5) at 8x8: Linf 3.70e-09, L2 4.69e-10
- [x] continuity: discrete continuity satisfied (Linf per volume <= 1e-5) at 16x16: Linf 3.88e-08, L2 2.43e-09
- [x] continuity: discrete continuity satisfied (Linf per volume <= 1e-5) at 32x32: Linf 2.61e-07, L2 8.15e-09
- [x] continuity: face_flux L1/L2/Linf decrease on every refinement: monotone
- [x] continuity: face_flux l2 observed order in [0.55, 4.00]: finest-triplet observed order 0.784 (monotonic_not_asymptotic vs formal 1); reduction factors 1.811 1.890
- [x] mass: global mass imbalance <= 1e-14 at 8x8: 3.20e-19
- [x] mass: global mass imbalance <= 1e-14 at 16x16: 7.95e-20
- [x] mass: global mass imbalance <= 1e-14 at 32x32: 1.98e-20
[       OK ] SIMPLEMMS.VelocityConvergesAtExpectedOrder (21891 ms)
[ RUN      ] SIMPLEMMS.PressureConvergesAtExpectedOrder
[       OK ] SIMPLEMMS.PressureConvergesAtExpectedOrder (0 ms)
[ RUN      ] SIMPLEMMS.ContinuityConverges
[       OK ] SIMPLEMMS.ContinuityConverges (0 ms)
[ RUN      ] SIMPLEMMS.GlobalMassBalance
[       OK ] SIMPLEMMS.GlobalMassBalance (0 ms)
[ RUN      ] SIMPLEMMS.Deterministic
[       OK ] SIMPLEMMS.Deterministic (312 ms)
[ RUN      ] SIMPLEMMS.DistortedMesh

### MMS: distorted_mesh_simple_mms

Full SIMPLE MMS from rest (U = 0, p = 0), distorted (0.25 h) meshes, 2 non-orthogonal corrections, least-squares gradient

Manufactured solution: mms::velocity: U = (psi_y, -psi_x), psi = e^{0.5x} sin(pi x) e^{-0.4y} sin(pi y) / pi; mms::pressure: p = cos(pi x) cos(pi y) + x y / 2 (compared modulo gauge)

| grid | cells | h | status | iterations | mass imbalance | runtime (s) |
|---|---|---|---|---|---|---|
| 8x8 | 64 | 0.125 | Converged | 903 | 3.2e-19 | 0.7 |
| 16x16 | 256 | 0.0625 | Converged | 1740 | 7.95e-20 | 5.0 |
| 32x32 | 1024 | 0.03125 | Converged | 3895 | 1.98e-20 | 38.8 |

**u**

| grid | L1 | L2 | Linf |
|---|---|---|---|
| 8x8 | 7.4115e-03 | 9.2712e-03 | 2.0078e-02 |
| 16x16 | 1.0654e-03 | 1.3050e-03 | 3.3232e-03 |
| 32x32 | 2.0733e-04 | 2.5303e-04 | 6.1176e-04 |

**v**

| grid | L1 | L2 | Linf |
|---|---|---|---|
| 8x8 | 6.6549e-03 | 8.2693e-03 | 1.8433e-02 |
| 16x16 | 8.5023e-04 | 1.0327e-03 | 2.8297e-03 |
| 32x32 | 1.5921e-04 | 1.8916e-04 | 5.3399e-04 |

**velocity**

| grid | L1 | L2 | Linf |
|---|---|---|---|
| 8x8 | 1.1293e-02 | 1.2423e-02 | 2.0091e-02 |
| 16x16 | 1.5181e-03 | 1.6641e-03 | 3.6104e-03 |
| 32x32 | 2.7595e-04 | 3.1592e-04 | 7.1630e-04 |

**u_interior**

| grid | L1 | L2 | Linf |
|---|---|---|---|
| 8x8 | 9.1074e-03 | 1.0726e-02 | 2.0078e-02 |
| 16x16 | 1.1370e-03 | 1.3706e-03 | 3.3232e-03 |
| 32x32 | 2.1315e-04 | 2.5679e-04 | 6.1176e-04 |

**v_interior**

| grid | L1 | L2 | Linf |
|---|---|---|---|
| 8x8 | 7.9817e-03 | 9.7633e-03 | 1.8433e-02 |
| 16x16 | 8.9171e-04 | 1.0697e-03 | 2.8297e-03 |
| 32x32 | 1.6202e-04 | 1.8921e-04 | 4.7604e-04 |

**u_boundary_ring**

| grid | L1 | L2 | Linf |
|---|---|---|---|
| 8x8 | 5.2310e-03 | 6.9684e-03 | 1.4906e-02 |
| 16x16 | 8.3176e-04 | 1.0627e-03 | 2.8822e-03 |
| 32x32 | 1.6506e-04 | 2.2382e-04 | 5.6080e-04 |

**v_boundary_ring**

| grid | L1 | L2 | Linf |
|---|---|---|---|
| 8x8 | 4.9490e-03 | 5.8088e-03 | 1.4690e-02 |
| 16x16 | 7.1472e-04 | 9.0114e-04 | 2.3440e-03 |
| 32x32 | 1.3881e-04 | 1.8881e-04 | 5.3399e-04 |

**p**

| grid | L1 | L2 | Linf |
|---|---|---|---|
| 8x8 | 3.6003e-02 | 4.4572e-02 | 1.2455e-01 |
| 16x16 | 9.7130e-03 | 1.2692e-02 | 5.8909e-02 |
| 32x32 | 2.7812e-03 | 3.7814e-03 | 2.1595e-02 |

**p_interior**

| grid | L1 | L2 | Linf |
|---|---|---|---|
| 8x8 | 3.4038e-02 | 4.2827e-02 | 1.2455e-01 |
| 16x16 | 9.4540e-03 | 1.1985e-02 | 4.3938e-02 |
| 32x32 | 2.6732e-03 | 3.5785e-03 | 1.8469e-02 |

**p_boundary_ring**

| grid | L1 | L2 | Linf |
|---|---|---|---|
| 8x8 | 3.8529e-02 | 4.6719e-02 | 1.2059e-01 |
| 16x16 | 1.0559e-02 | 1.4766e-02 | 5.8909e-02 |
| 32x32 | 3.5649e-03 | 5.0137e-03 | 2.1595e-02 |

**continuity**

| grid | L1 | L2 | Linf |
|---|---|---|---|
| 8x8 | 9.7880e-11 | 3.1227e-10 | 2.3689e-09 |
| 16x16 | 2.9917e-10 | 2.3819e-09 | 3.7762e-08 |
| 32x32 | 5.7411e-10 | 8.9659e-09 | 2.8622e-07 |

**face_flux**

| grid | L1 | L2 | Linf |
|---|---|---|---|
| 8x8 | 9.3582e-03 | 1.2694e-02 | 3.1093e-02 |
| 16x16 | 1.7455e-03 | 2.2550e-03 | 5.6623e-03 |
| 32x32 | 3.5199e-04 | 4.4656e-04 | 1.2683e-03 |

| quantity | norm | formal | reduction factors | observed p (per triplet) | status (finest) |
|---|---|---|---|---|---|
| u | l2 | 2 | 7.105, 5.157 | 2.921 | monotonic_not_asymptotic |
| u | l1 | 2 | 6.956, 5.139 | 2.887 | monotonic_not_asymptotic |
| v | l2 | 2 | 8.007, 5.459 | 3.101 | monotonic_not_asymptotic |
| v | l1 | 2 | 7.827, 5.340 | 3.070 | monotonic_not_asymptotic |
| velocity | l2 | 2 | 7.465, 5.268 | 2.996 | monotonic_not_asymptotic |
| u | linf | 2 | 6.042, 5.432 | 2.627 | monotonic_not_asymptotic |
| p | l2 | 2 | 3.512, 3.356 | 1.839 | monotonic_not_asymptotic |
| p | l1 | 2 | 3.707, 3.492 | 1.923 | asymptotic |
| p | linf | 2 | 2.114, 2.728 | 0.815 | monotonic_not_asymptotic |
| p_interior | l2 | 2 | 3.573, 3.349 | 1.875 | asymptotic |
| p_boundary_ring | l2 | 2 | 3.164, 2.945 | 1.712 | monotonic_not_asymptotic |
| face_flux | l2 | 2 | 5.629, 5.050 | 2.529 | monotonic_not_asymptotic |

- [x] velocity: u L1/L2/Linf decrease on every refinement: monotone
- [x] velocity: u l2 finest-pairwise observed order in [1.60, 3.00]: finest-PAIRWISE observed order 2.367 (vs formal 2; the triplet estimator is not used here -- see MMSCases.hpp addPairwiseOrderGate); reduction factors 7.105 5.157
- [x] velocity: u l1 finest-pairwise observed order in [1.60, 3.00]: finest-PAIRWISE observed order 2.361 (vs formal 2; the triplet estimator is not used here -- see MMSCases.hpp addPairwiseOrderGate); reduction factors 6.956 5.139
- [x] velocity: v L1/L2/Linf decrease on every refinement: monotone
- [x] velocity: v l2 finest-pairwise observed order in [1.60, 3.00]: finest-PAIRWISE observed order 2.449 (vs formal 2; the triplet estimator is not used here -- see MMSCases.hpp addPairwiseOrderGate); reduction factors 8.007 5.459
- [x] velocity: v l1 finest-pairwise observed order in [1.60, 3.00]: finest-PAIRWISE observed order 2.417 (vs formal 2; the triplet estimator is not used here -- see MMSCases.hpp addPairwiseOrderGate); reduction factors 7.827 5.340
- [x] velocity: u L2 finest reduction factor >= 3.0: E_coarse/E_fine = 5.157
- [x] pressure: p L1/L2/Linf decrease on every refinement: monotone
- [x] pressure: p l2 observed order in [1.50, 2.40]: finest-triplet observed order 1.839 (monotonic_not_asymptotic vs formal 2); reduction factors 3.512 3.356
- [x] pressure: p l1 observed order in [1.50, 2.40]: finest-triplet observed order 1.923 (asymptotic vs formal 2); reduction factors 3.707 3.492
- [x] continuity: discrete continuity satisfied (Linf per volume <= 1e-5) at 8x8: Linf 2.37e-09, L2 3.12e-10
- [x] continuity: discrete continuity satisfied (Linf per volume <= 1e-5) at 16x16: Linf 3.78e-08, L2 2.38e-09
- [x] continuity: discrete continuity satisfied (Linf per volume <= 1e-5) at 32x32: Linf 2.86e-07, L2 8.97e-09
- [x] continuity: face_flux L1/L2/Linf decrease on every refinement: monotone
- [x] continuity: face_flux l2 observed order in [1.60, 4.00]: finest-triplet observed order 2.529 (monotonic_not_asymptotic vs formal 2); reduction factors 5.629 5.050
- [x] mass: global mass imbalance <= 1e-14 at 8x8: 3.20e-19
- [x] mass: global mass imbalance <= 1e-14 at 16x16: 7.95e-20
- [x] mass: global mass imbalance <= 1e-14 at 32x32: 1.98e-20
[       OK ] SIMPLEMMS.DistortedMesh (44486 ms)
[ DISABLED ] SIMPLEMMS.DISABLED_FineGridStudy
[----------] 7 tests from SIMPLEMMS (70325 ms total)

[----------] 1 test from CompressibleSimpleMMS
[ RUN      ] CompressibleSimpleMMS.SystemConvergence

### MMS: compressible_simple_mms

CompressibleSIMPLE MMS, isothermal ideal gas in a closed box, from rest; upwind convection (the only scheme of the compressible momentum assembly)

Manufactured solution: p = cos(pi x) cos(pi y) + x y / 2 (gauge); rho = (P_ref + p)/(R T0); rho U = (psi_y, -psi_x), psi = e^{0.5x} sin(pi x) e^{-0.4y} sin(pi y) / pi

| grid | cells | h | status | iterations | mass imbalance | runtime (s) |
|---|---|---|---|---|---|---|
| 8x8 | 64 | 0.125 | Converged | 978 | 6.26e-19 | 0.2 |
| 16x16 | 256 | 0.0625 | Converged | 2424 | 1.69e-19 | 1.8 |
| 32x32 | 1024 | 0.03125 | Converged | 3507 | 4.45e-20 | 9.2 |

**u**

| grid | L1 | L2 | Linf |
|---|---|---|---|
| 8x8 | 2.8708e-02 | 3.7098e-02 | 8.4015e-02 |
| 16x16 | 1.6150e-02 | 2.1337e-02 | 4.9367e-02 |
| 32x32 | 8.6638e-03 | 1.1496e-02 | 2.7121e-02 |

**v**

| grid | L1 | L2 | Linf |
|---|---|---|---|
| 8x8 | 2.8248e-02 | 3.6936e-02 | 8.3807e-02 |
| 16x16 | 1.6191e-02 | 2.1450e-02 | 5.4381e-02 |
| 32x32 | 8.6495e-03 | 1.1568e-02 | 2.9140e-02 |

**velocity**

| grid | L1 | L2 | Linf |
|---|---|---|---|
| 8x8 | 4.6238e-02 | 5.2350e-02 | 8.6399e-02 |
| 16x16 | 2.6068e-02 | 3.0254e-02 | 5.4488e-02 |
| 32x32 | 1.3910e-02 | 1.6309e-02 | 2.9237e-02 |

**p**

| grid | L1 | L2 | Linf |
|---|---|---|---|
| 8x8 | 9.8045e-02 | 1.1530e-01 | 2.5065e-01 |
| 16x16 | 5.7460e-02 | 6.4832e-02 | 1.3120e-01 |
| 32x32 | 3.3900e-02 | 3.7056e-02 | 7.1255e-02 |

**p_gauge**

| grid | L1 | L2 | Linf |
|---|---|---|---|
| 8x8 | 5.6856e-02 | 7.4530e-02 | 2.6592e-01 |
| 16x16 | 2.5213e-02 | 3.1722e-02 | 9.5980e-02 |
| 32x32 | 1.2087e-02 | 1.5123e-02 | 4.5705e-02 |

**density**

| grid | L1 | L2 | Linf |
|---|---|---|---|
| 8x8 | 4.9022e-03 | 5.7650e-03 | 1.2532e-02 |
| 16x16 | 2.8730e-03 | 3.2416e-03 | 6.5600e-03 |
| 32x32 | 1.6950e-03 | 1.8528e-03 | 3.5627e-03 |

**continuity**

| grid | L1 | L2 | Linf |
|---|---|---|---|
| 8x8 | 4.3484e-10 | 8.6245e-10 | 6.1346e-09 |
| 16x16 | 7.3755e-10 | 2.9543e-09 | 4.6023e-08 |
| 32x32 | 1.3053e-09 | 1.1723e-08 | 3.7293e-07 |

**mass_flux**

| grid | L1 | L2 | Linf |
|---|---|---|---|
| 8x8 | 2.8018e-02 | 3.8346e-02 | 9.0774e-02 |
| 16x16 | 1.5479e-02 | 2.0932e-02 | 5.4275e-02 |
| 32x32 | 8.1098e-03 | 1.0962e-02 | 2.8021e-02 |

| quantity | norm | formal | reduction factors | observed p (per triplet) | status (finest) |
|---|---|---|---|---|---|
| u | l2 | 1 | 1.739, 1.856 | 0.680 | monotonic_not_asymptotic |
| v | l2 | 1 | 1.722, 1.854 | 0.648 | monotonic_not_asymptotic |
| p | l2 | 1 | 1.778, 1.750 | 0.862 | asymptotic |
| p_gauge | l2 | 1 | 2.349, 2.098 | 1.367 | monotonic_not_asymptotic |
| density | l2 | 1 | 1.778, 1.750 | 0.862 | asymptotic |
| mass_flux | l2 | 1 | 1.832, 1.909 | 0.805 | monotonic_not_asymptotic |

- [x] compressible: u L1/L2/Linf decrease on every refinement: monotone
- [x] compressible: u l2 observed order in [0.55, 1.30]: finest-triplet observed order 0.680 (monotonic_not_asymptotic vs formal 1); reduction factors 1.739 1.856
- [x] compressible: v L1/L2/Linf decrease on every refinement: monotone
- [x] compressible: v l2 observed order in [0.55, 1.30]: finest-triplet observed order 0.648 (monotonic_not_asymptotic vs formal 1); reduction factors 1.722 1.854
- [x] compressible: p L1/L2/Linf decrease on every refinement: monotone
- [x] compressible: p l2 observed order in [0.80, 1.60]: finest-triplet observed order 0.862 (asymptotic vs formal 1); reduction factors 1.778 1.750
- [x] compressible: p_gauge L1/L2/Linf decrease on every refinement: monotone
- [x] compressible: p_gauge l2 observed order in [0.80, 1.60]: finest-triplet observed order 1.367 (monotonic_not_asymptotic vs formal 1); reduction factors 2.349 2.098
- [x] compressible: EOS consistency at 8x8: max |rho - EOS(p)|/rho = 0.00e+00
- [x] compressible: density error = pressure error / (R T0) at 8x8: rho L2 5.7650e-03, p L2 / RT 5.7650e-03
- [x] compressible: discrete continuity satisfied (Linf per volume <= 1e-5) at 8x8: Linf 6.13e-09
- [x] compressible: global mass imbalance <= 1e-14 at 8x8: 6.26e-19
- [x] compressible: EOS consistency at 16x16: max |rho - EOS(p)|/rho = 0.00e+00
- [x] compressible: density error = pressure error / (R T0) at 16x16: rho L2 3.2416e-03, p L2 / RT 3.2416e-03
- [x] compressible: discrete continuity satisfied (Linf per volume <= 1e-5) at 16x16: Linf 4.60e-08
- [x] compressible: global mass imbalance <= 1e-14 at 16x16: 1.69e-19
- [x] compressible: EOS consistency at 32x32: max |rho - EOS(p)|/rho = 0.00e+00
- [x] compressible: density error = pressure error / (R T0) at 32x32: rho L2 1.8528e-03, p L2 / RT 1.8528e-03
- [x] compressible: discrete continuity satisfied (Linf per volume <= 1e-5) at 32x32: Linf 3.73e-07
- [x] compressible: global mass imbalance <= 1e-14 at 32x32: 4.45e-20
[       OK ] CompressibleSimpleMMS.SystemConvergence (11197 ms)
[----------] 1 test from CompressibleSimpleMMS (11197 ms total)

[----------] 2 tests from MMS3DTest
[ RUN      ] MMS3DTest.ForcingMatchesFiniteDifferencesOfClosedForms
F0: worst relative deviation from 4th-order central differences: 4.315e-10
[       OK ] MMS3DTest.ForcingMatchesFiniteDifferencesOfClosedForms (0 ms)
[ RUN      ] MMS3DTest.OperatorErrorsDecreaseOnCoarseLevels
level 8x8x8: poisson Converged, transport Converged (0.0 s)
level 16x16x16: poisson Converged, transport Converged (0.1 s)
[       OK ] MMS3DTest.OperatorErrorsDecreaseOnCoarseLevels (94 ms)
[ DISABLED ] MMS3DTest.DISABLED_OperatorRefinementStudy
[----------] 2 tests from MMS3DTest (96 ms total)

[----------] 2 tests from MMSSimple3DTest
[ RUN      ] MMSSimple3DTest.ForcingMatchesFiniteDifferencesOfClosedForms
G4.0: worst relative deviation from 4th-order central differences 1.774e-10, max |div U| 1.965e-13
[       OK ] MMSSimple3DTest.ForcingMatchesFiniteDifferencesOfClosedForms (0 ms)
[ RUN      ] MMSSimple3DTest.ErrorsDecreaseOnCoarseLevels
level 6x6x6: Converged, 32 iterations (0.1 s)
level 12x12x12: Converged, 72 iterations (1.5 s)
[       OK ] MMSSimple3DTest.ErrorsDecreaseOnCoarseLevels (1609 ms)
[ DISABLED ] MMSSimple3DTest.DISABLED_RefinementStudy
[----------] 2 tests from MMSSimple3DTest (1611 ms total)

[----------] Global test environment tear-down
[==========] 19 tests from 7 test suites ran. (94554 ms total)
[  PASSED  ] 19 tests.

  YOU HAVE 3 DISABLED TESTS

exit 0
