=== END-TO-END (simple_solve_seconds, median) ===
     grid    cells       CPU   GPU base   GPU new   base x    new x  GPU gain
    20x20      400     0.284     12.401     5.780   0.023x   0.049x    -53.4%
    40x40     1600     1.382     25.450    15.695   0.054x   0.088x    -38.3%
    80x80     6400     6.334     37.382    22.908   0.169x   0.277x    -38.7%
  160x160    25600    10.886     20.696    15.500   0.526x   0.702x    -25.1%
  320x320   102400    26.953     21.715    15.199   1.241x   1.773x    -30.0%
  640x640   409600    89.304     29.372    24.812   3.040x   3.599x    -15.5%

=== TRANSFERS AND SYNCHRONIZATION (GPU, median) ===
     grid   D2H base   D2H new   change  H2D base  H2D new  D2H MB base  D2H MB new
    20x20     73,840    53,132   -28.0%     1,804    1,804          3.1         3.1
    40x40    133,476    95,733   -28.3%     1,804    1,804         15.1        15.1
    80x80    159,930   114,626   -28.3%     1,804    1,804         62.6        62.6
  160x160     82,869    59,312   -28.4%       544      544        103.0       103.0
  320x320     53,446    38,217   -28.5%       184      184        220.0       220.0
  640x640     40,492    28,939   -28.5%        76       76        596.6       596.6

=== REDUCTIONS PER KRYLOV ITERATION ===
     grid  krylov base  per it base  krylov new  per it new
    20x20       10,516         7.02      10,516        5.05
    40x40       19,047         7.01      19,047        5.03
    80x80       22,818         7.01      22,818        5.02
  160x160       11,838         7.00      11,838        5.01
  320x320        7,639         7.00       7,639        5.00
  640x640        5,785         7.00       5,785        5.00

=== CROSSOVER ===
  baseline   GPU slower at: 20x20, 40x40, 80x80, 160x160     GPU faster at: 320x320, 640x640
  optimized  GPU slower at: 20x20, 40x40, 80x80, 160x160     GPU faster at: 320x320, 640x640

=== CLEANLINESS ===
      20x20 ran_cleanly=yes status=MaxIterations
      40x40 ran_cleanly=yes status=MaxIterations
      80x80 ran_cleanly=yes status=MaxIterations
    160x160 ran_cleanly=yes status=MaxIterations
    320x320 ran_cleanly=yes status=MaxIterations
    640x640 ran_cleanly=yes status=MaxIterations
