# W10 stage 6 restore 2026-09-17T13:46:13Z
restored from the snapshot (RUNTIME-ONLY): 45 files
  results/validation/grid_convergence/natural_convection_ra1e3.json
  results/validation/grid_convergence/natural_convection_ra1e3.md
  results/validation/grid_convergence/poiseuille_flow.json
  results/validation/grid_convergence/poiseuille_flow.md
  results/validation/mms/compressible_simple_mms.json
  results/validation/mms/compressible_simple_mms.md
  results/validation/mms/distorted_mesh_mms.md
  results/validation/mms/distorted_mesh_momentum_mms.md
  results/validation/mms/momentum_mms.json
  results/validation/mms/momentum_mms.md
  results/validation/mms/momentum_mms_linear_upwind.json
  results/validation/mms/momentum_mms_linear_upwind.md
  results/validation/mms/momentum_mms_upwind.json
  results/validation/mms/momentum_mms_upwind.md
  results/validation/mms/scalar_advection_diffusion_mms.json
  results/validation/mms/scalar_advection_diffusion_mms.md
  results/validation/mms/simple_mms.json
  results/validation/mms/simple_mms.md
  results/validation/mms/simple_mms_upwind.json
  results/validation/mms/simple_mms_upwind.md
  results/validation/natural_convection/Ra1e3/10x10/validation.json
  results/validation/natural_convection/Ra1e3/10x10_det_a/validation.json
  results/validation/natural_convection/Ra1e3/10x10_det_b/validation.json
  results/validation/natural_convection/Ra1e3/10x10_refinement_pair/validation.json
  results/validation/natural_convection/Ra1e3/10x10_sign_check/validation.json
  results/validation/natural_convection/Ra1e3/10x10_variable_property_regression/validation.json
  results/validation/natural_convection/Ra1e3/10x10_zero_beta/validation.json
  results/validation/natural_convection/Ra1e3/15x15/validation.json
  results/validation/natural_convection/Ra1e3/20x20/validation.json
  results/validation/natural_convection/Ra1e3/20x20_variable_property_regression/validation.json
  results/validation/production/cavity_re100/20x20_quick/validation.json
  results/validation/production/channel_transpiration_graded_grid_convergence.json
  results/validation/production/poiseuille.json
  results/validation/production/poiseuille.md
  results/validation/production/poiseuille_distorted_grid_convergence.json
  results/validation/production/scheme_comparison_20x20.json
  results/validation/production/scheme_comparison_20x20.md
  results/validation/production/turbulent_channel_ci.json
  results/validation/production/turbulent_channel_ci.md
  results/validation/turbulence/channel_flow/k_epsilon/coarse/validation.json
  results/validation/turbulence/channel_flow/k_epsilon/medium/validation.json
  results/validation/turbulence/channel_flow/k_omega/coarse/validation.json
  results/validation/turbulence/channel_flow/k_omega/medium/validation.json
  results/validation/turbulence/channel_flow/sst/coarse/validation.json
  results/validation/turbulence/channel_flow/sst/medium/validation.json
restored (Release-identical values) results/validation/mms/distorted_mesh_mms.json
restored (Release-identical values) results/validation/mms/distorted_mesh_momentum_mms.json
restored (Release-identical values) results/validation/mms/distorted_mesh_simple_mms.json
restored (Release-identical values) results/validation/mms/distorted_mesh_simple_mms.md
restored (Release-identical values) results/validation/production/curved_channel_multiblock_grid_convergence.json
## after restore: snapshot files differing from the working tree: 0
# end 2026-09-17T13:46:18Z
