# P12-GRAD-002 A3 freeze 2026-09-17T14:03:38Z; git HEAD b66310ca871811c4c7671056beec291a451af55c
f4d579faa3d1ed33c2c02dcc2f9c951aa5dff4c1c117441f2186848944c4b664  results/p12-grad-002/acceptance_gate_A3.md
ea88f10fd04b34453a24d29d6714116d53385f78d1e4f9ac06afcb2bb0db2ee4  results/p12-grad-002/acceptance_gate_A2.md
d408027341cfe2b622d69038ec833ba8c8a432496018a9da7073cd36f584978b  results/p12-grad-002/a2/logs/00_freeze.log
a3af86b2e77a1a3ad91e4b599a2293c36b6b08d4614c7ec723bdaf26bc45ae6a  results/p12-grad-002/a2/dryrun.md
## A3 instruments and dry-run
bc550cf5d035400c3153195928bebbfad0f5341ef3c55e5e5d96d4496ad7841a  results/p12-grad-002/a3/tools/selftest_c10.py
b7c18088d4b19c2b8126ae04f06c2df3a96b1bde957322da691965e830066948  results/p12-grad-002/a3/tools/dry_selftest.sh
0a9b098222276a5a48c12f3e8d310c184934883148c7f36bd494871d86f776b4  results/p12-grad-002/a3/tools/freeze_a3.sh
b2d99ea694c296b2426e7ca0248fbf79910c3abba7fd349819a81c68cffbc5f4  results/p12-grad-002/a3/tools/fresh_a3.sh
626eef9e9fa312309e5ce7892da90a9dd827e58238eb33e2839ded1a8e0ea821  results/p12-grad-002/a3/tools/mutant_c10.sh
72c58ff483d9b4984b31cf233bf4a467dcdecf9b8d005518b27a70b91dfe2252  results/p12-grad-002/a3/logs/dry_mutant_c10.log
10fdf53c09a66fd81de1f0ae35f67d633fc8db10a3438aae1f1d7538b5864801  results/p12-grad-002/a3/logs/dry_selftest.log
## A2 instruments used by the carried-over steps (added after the A2 freeze: run_regression.sh, classify_scope.py, step2.sh, clean_rebuild.sh)
2c30b8b39240c64921a0a53e7212814846046bed5374ada2a2433d17f5102f1f  results/p12-grad-002/a2/tools/run_regression.sh
f3d353406c51d8e459f5a05f690984ae0fcf5dc796ed7171910bdc6df9afec5a  results/p12-grad-002/a2/tools/classify_scope.py
c849baa10d975778d797188a7f7fddc039effbf01ca9af20f4a2fecc9b2daf78  results/p12-grad-002/a2/tools/step2.sh
f1c38ce5fccfb4b9a11a4bc787962bd2edf96d1c0bfdbe7c5cafdacb12be2126  results/p12-grad-002/a2/tools/clean_rebuild.sh
bdfb56dd94ee4ceb96641487fccd8c92a58b99f8eef398901c2d0b81114a3aa0  results/p12-grad-002/a2/tools/run_suite.sh
dbd8f9a7dad4e567ba517d1d0d9e0e91a71741966e26fe711a22a27107517ebc  results/p12-grad-002/a2/tools/dry_c8_c11.sh
220571acf4a5c90e6740b13cddb029e327308608780c14cd3cd4c51d3ae14e18  results/p12-grad-002/a2/tools/c8_categorize.py
7210f56b82379ff9b913a94d4e3ab52c8c9245dacfd32cfe9524c56a7b47ec40  results/p12-grad-002/a2/tools/c11b_fields.py
## the A2 failure record (unchanged)
0d0771d7df1661edda60dd3310337b97e21fc6d8cb3f622dfaa7dec14b801123  results/p12-grad-002/a2/logs/fresh_c10_selftest_mutated.log
8ffc99e04fa96505f53c5b8dfd9bc609953ba86695a84cab50be4d1c86003c46  results/p12-grad-002/a2/logs/dry_c10_selftest_mutated.log
## production and tests
src/ + include/ tree: 42c3d9df70e83705d5052bbb880ab6239ce8fb3054e7831b7a68daf4c46c1aa6
9cc2d1635e74627eb86c0c2afeb4e1fbe6618d44d6f54b847972347c7adf9f5d  tests/unit/discretization/test_gradient_boundary_consistency.cpp
42f9beb515c5d6766bd267f38d828a4e9d5728beb2fd67dea9843fe6e2455748  tests/unit/discretization/CMakeLists.txt
143a1dda0680bc1d481a0360095ca7c643ffc9e2a2dc53bbd1d55d5a8202132a  build/release/src/libcfdcore.a
