self-test: 1e-5 change ratio 10.000 (must be > 1), one printed unit 1.000 (must be <= 1) -> OK
B   diagnostic  results/validation/cavity_re100/20x20/validation.json
B   diagnostic  results/validation/grid_convergence/natural_convection_ra1e3.json
B   diagnostic  results/validation/grid_convergence/natural_convection_ra1e3.md
B   diagnostic  results/validation/grid_convergence/poiseuille_flow.json
B   diagnostic  results/validation/grid_convergence/poiseuille_flow.md
B   diagnostic  results/validation/mms/compressible_simple_mms.json
B   diagnostic  results/validation/mms/compressible_simple_mms.md
A   quantified  results/validation/mms/distorted_mesh_mms.json
A   quantified  results/validation/mms/distorted_mesh_mms.md
A   quantified  results/validation/mms/distorted_mesh_momentum_mms.json
A   quantified  results/validation/mms/distorted_mesh_momentum_mms.md
B   diagnostic  results/validation/mms/momentum_mms.json
B   diagnostic  results/validation/mms/momentum_mms_linear_upwind.json
B   diagnostic  results/validation/mms/momentum_mms_linear_upwind.md
B   diagnostic  results/validation/mms/momentum_mms_upwind.json
B   diagnostic  results/validation/mms/pressure_gradient_mms.json
B   diagnostic  results/validation/mms/simple_mms.json
B   diagnostic  results/validation/mms/simple_mms.md
B   diagnostic  results/validation/mms/simple_mms_upwind.json
B   diagnostic  results/validation/mms/simple_mms_upwind.md
B   FIELD PASS  results/validation/natural_convection/Ra1e3/10x10_refinement_pair/nusselt_hot_wall.csv  worst |d|/allowed 6.616e-01
        numerical_nu: max|d| 1.000e-06 scale 1.511e+00 rel 6.616e-07
B   diagnostic  results/validation/natural_convection/Ra1e3/10x10_refinement_pair/validation.json
B   FIELD PASS  results/validation/natural_convection/Ra1e3/15x15/u_centerline.csv  worst |d|/allowed 5.515e-06
        numerical_u: max|d| 1.900e-11 scale 3.445e+00 rel 5.515e-12
B   FIELD PASS  results/validation/natural_convection/Ra1e3/15x15/v_centerline.csv  worst |d|/allowed 6.667e-06
        numerical_v: max|d| 2.300e-11 scale 3.450e+00 rel 6.667e-12
B   diagnostic  results/validation/natural_convection/Ra1e3/15x15/validation.json
B   FIELD PASS  results/validation/natural_convection/Ra1e3/20x20/nusselt_hot_wall.csv  worst |d|/allowed 6.616e-01
        numerical_nu: max|d| 1.000e-06 scale 1.511e+00 rel 6.616e-07
B   diagnostic  results/validation/natural_convection/Ra1e3/20x20/validation.json
B   FIELD PASS  results/validation/natural_convection/Ra1e3/20x20_variable_property_regression/nusselt_hot_wall.csv  worst |d|/allowed 6.616e-01
        numerical_nu: max|d| 1.000e-06 scale 1.511e+00 rel 6.616e-07
B   diagnostic  results/validation/natural_convection/Ra1e3/20x20_variable_property_regression/validation.json
B   diagnostic  results/validation/poiseuille_flow/64x8/validation.json
B   diagnostic  results/validation/production/cavity_re100/20x20_quick/validation.json
B   diagnostic  results/validation/production/channel_transpiration_graded_grid_convergence.json
A   quantified  results/validation/production/curved_channel_multiblock_grid_convergence.json
B   diagnostic  results/validation/production/poiseuille.json
B   diagnostic  results/validation/production/poiseuille.md
A   quantified  results/validation/production/poiseuille_distorted_grid_convergence.json
B   diagnostic  results/validation/production/scheme_comparison_20x20.json
B   diagnostic  results/validation/production/scheme_comparison_20x20.md
B   diagnostic  results/validation/production/turbulent_channel_ci.json
B   diagnostic  results/validation/production/turbulent_channel_ci.md
B   FIELD PASS  results/validation/transient_cavity/u_centerline.csv  worst |d|/allowed 1.000e-01
        numerical_u: max|d| 1.000e-07 scale 1.000e+00 rel 1.000e-07
B   FIELD PASS  results/validation/transient_cavity/v_centerline.csv  worst |d|/allowed 1.000e+00
        numerical_v: max|d| 1.000e-06 scale 2.033e-01 rel 4.920e-06
B   diagnostic  results/validation/turbulence/channel_flow/k_epsilon/coarse/validation.json
B   diagnostic  results/validation/turbulence/channel_flow/k_epsilon/medium/validation.json
B   diagnostic  results/validation/turbulence/channel_flow/k_omega/coarse/validation.json
B   diagnostic  results/validation/turbulence/channel_flow/k_omega/medium/validation.json
B   diagnostic  results/validation/turbulence/channel_flow/sst/coarse/validation.json
B   diagnostic  results/validation/turbulence/channel_flow/sst/medium/validation.json
B   FIELD PASS  tests/data/cases/does_not_converge/results/fields.csv  worst |d|/allowed 2.821e-10
        velocity_x: max|d| 5.600e-17 scale 2.288e-01 rel 2.448e-16
        velocity_y: max|d| 3.470e-17 scale 1.230e-01 rel 2.821e-16
        velocity_magnitude: max|d| 5.500e-17 scale 2.324e-01 rel 2.366e-16
B   FIELD PASS  tests/data/cases/does_not_converge/results/solution.vtk  worst |d|/allowed 2.448e-10
        VECTORS velocity: max|d| 5.600e-17 scale 2.288e-01 rel 2.448e-16
        SCALARS velocity_magnitude: max|d| 5.500e-17 scale 2.324e-01 rel 2.366e-16
B   FIELD PASS  tests/data/cases/mesh_quality_warning_cli/results/fields.csv  worst |d|/allowed 2.222e-08
        velocity_x: max|d| 9.298e-15 scale 4.185e-01 rel 2.222e-14
        velocity_y: max|d| 1.993e-15 scale 4.306e-01 rel 4.629e-15
        velocity_magnitude: max|d| 4.219e-15 scale 4.394e-01 rel 9.601e-15
        pressure: max|d| 8.139e-15 scale 3.921e-01 rel 2.076e-14
B   diagnostic  tests/data/cases/mesh_quality_warning_cli/results/metadata.json
B   diagnostic  tests/data/cases/mesh_quality_warning_cli/results/residuals.csv
B   FIELD PASS  tests/data/cases/mesh_quality_warning_cli/results/solution.vtk  worst |d|/allowed 2.160e-08
        SCALARS pressure: max|d| 8.139e-15 scale 3.921e-01 rel 2.076e-14
        VECTORS velocity: max|d| 9.298e-15 scale 4.306e-01 rel 2.160e-14
        SCALARS velocity_magnitude: max|d| 4.219e-15 scale 4.394e-01 rel 9.601e-15
B   FIELD PASS  tests/data/cases/valid_cavity_cli_smoke/results/fields.csv  worst |d|/allowed 4.597e-10
        velocity_x: max|d| 8.300e-17 scale 2.074e-01 rel 4.001e-16
        velocity_y: max|d| 8.400e-17 scale 2.361e-01 rel 3.558e-16
        velocity_magnitude: max|d| 5.500e-17 scale 2.372e-01 rel 2.318e-16
        pressure: max|d| 8.680e-17 scale 1.888e-01 rel 4.597e-16
B   diagnostic  tests/data/cases/valid_cavity_cli_smoke/results/metadata.json
B   diagnostic  tests/data/cases/valid_cavity_cli_smoke/results/residuals.csv
B   FIELD PASS  tests/data/cases/valid_cavity_cli_smoke/results/solution.vtk  worst |d|/allowed 4.597e-10
        SCALARS pressure: max|d| 8.680e-17 scale 1.888e-01 rel 4.597e-16
        VECTORS velocity: max|d| 8.400e-17 scale 2.361e-01 rel 3.558e-16
        SCALARS velocity_magnitude: max|d| 5.500e-17 scale 2.372e-01 rel 2.318e-16
C11(b) aligned field exports: PASS (0 failing/uncategorized)
exit 0
