# P12-GRAD-002 C14 re-verification: a1_3d (final library, sha256 143a1dda0680bc1d); 2026-09-17T15:50:30Z
# P12-GRAD-002 A1 C9: 3D translation and deformation (new library only -- the baseline has no offset-capable 3D path)
V3D 3D 8^3 translated small            volume 1.998e-15 centroid 2.551e-15 -> VALID GEOMETRY
C9  3D 8^3 translated small            constant  delta 5.024e-15 E 2.132e-13 ratio 2.357e-02 PASS
C9  3D 8^3 translated small            linear    delta 7.350e-15 E 6.138e-13 ratio 1.197e-02 PASS
C9  3D 8^3 translated small            quadratic delta 1.337e-15 E 2.818e-13 ratio 4.744e-03 PASS
V3D 3D 16^3 translated small           volume 4.552e-15 centroid 5.687e-15 -> VALID GEOMETRY
C9  3D 16^3 translated small           constant  delta 1.421e-14 E 4.263e-13 ratio 3.333e-02 PASS
C9  3D 16^3 translated small           linear    delta 2.033e-14 E 1.330e-12 ratio 1.528e-02 PASS
C9  3D 16^3 translated small           quadratic delta 3.554e-15 E 6.362e-13 ratio 5.587e-03 PASS
V3D 3D 8^3 translated dyadic           volume 1.110e-16 centroid 2.176e-15 -> VALID GEOMETRY
C9  3D 8^3 translated dyadic           constant  delta 3.553e-15 E 2.132e-13 ratio 1.667e-02 PASS
C9  3D 8^3 translated dyadic           linear    delta 5.627e-15 E 5.525e-13 ratio 1.018e-02 PASS
C9  3D 8^3 translated dyadic           quadratic delta 9.155e-16 E 2.466e-13 ratio 3.713e-03 PASS
V3D 3D 8^3 translated LARGE            volume 1.110e-16 centroid 2.728e-12 -> VALID GEOMETRY
C9  3D 8^3 translated LARGE            constant  delta 0.000e+00 E 2.132e-13 ratio 0.000e+00 PASS
C9  3D 8^3 translated LARGE            linear    delta 3.346e-12 E 4.452e-10 ratio 7.516e-03 PASS
C9  3D 8^3 translated LARGE            quadratic delta 2.412e-12 E 2.558e-10 ratio 9.427e-03 PASS
C9  3D 8^3 deformed                    constant  delta 7.802e-15 E(floor) 2.264e-13 | max m_f 1.887e-01 PASS
C9  3D 8^3 deformed                    linear    delta 2.029e-03 E(floor) 2.100e-13 | max m_f 1.887e-01 FAIL
C9  3D 16^3 deformed                   constant  delta 1.904e-14 E(floor) 4.543e-13 | max m_f 2.033e-01 PASS
C9  3D 16^3 deformed                   linear    delta 5.341e-04 E(floor) 4.287e-13 | max m_f 2.033e-01 FAIL
exit 0
