# P12-GRAD-002 C14 re-verification: a1_convergence (final library, sha256 143a1dda0680bc1d); 2026-09-17T15:50:27Z
# P12-GRAD-002 A1: convergence of grad(x^3), exact per-patch boundary values
CV  2D Cartesian plain               n   16 Linf 3.906e-03 L2 3.719e-03 boundary 3.906e-03  (reference level)
CV  2D Cartesian plain               n   32 Linf 9.766e-04 L2 9.534e-04 boundary 9.766e-04 order Linf 2.000000 L2 1.963622 boundary 2.000000
CV  2D Cartesian plain               n   64 Linf 2.441e-04 L2 2.413e-04 boundary 2.441e-04 order Linf 2.000000 L2 1.982477 boundary 2.000000
CV  2D Cartesian plain               n  128 Linf 6.104e-05 L2 6.068e-05 boundary 6.104e-05 order Linf 2.000000 L2 1.991395 boundary 2.000000
CV  2D Cartesian translated small    n   16 Linf 3.906e-03 L2 3.719e-03 boundary 3.906e-03  (reference level)
CV  2D Cartesian translated small    n   32 Linf 9.766e-04 L2 9.534e-04 boundary 9.766e-04 order Linf 2.000000 L2 1.963622 boundary 2.000000
CV  2D Cartesian translated small    n   64 Linf 2.441e-04 L2 2.413e-04 boundary 2.441e-04 order Linf 2.000000 L2 1.982477 boundary 2.000000
CV  2D Cartesian translated small    n  128 Linf 6.104e-05 L2 6.068e-05 boundary 6.104e-05 order Linf 2.000000 L2 1.991395 boundary 2.000000
CV  2D distorted (non-orthogonal)    n   16 Linf 6.366e-03 L2 3.937e-03 boundary 6.366e-03  (reference level)
CV  2D distorted (non-orthogonal)    n   32 Linf 1.719e-03 L2 1.015e-03 boundary 1.719e-03 order Linf 1.888297 L2 1.955708 boundary 1.888297
CV  2D distorted (non-orthogonal)    n   64 Linf 4.398e-04 L2 2.582e-04 boundary 4.398e-04 order Linf 1.967036 L2 1.974948 boundary 1.967036
CV  2D distorted (non-orthogonal)    n  128 Linf 1.725e-04 L2 6.545e-05 boundary 1.725e-04 order Linf 1.350064 L2 1.980013 boundary 1.350064
CV  2D distorted translated small    n   16 Linf 6.366e-03 L2 3.937e-03 boundary 6.366e-03  (reference level)
CV  2D distorted translated small    n   32 Linf 1.719e-03 L2 1.015e-03 boundary 1.719e-03 order Linf 1.888297 L2 1.955708 boundary 1.888297
CV  2D distorted translated small    n   64 Linf 4.398e-04 L2 2.582e-04 boundary 4.398e-04 order Linf 1.967036 L2 1.974948 boundary 1.967036
CV  2D distorted translated small    n  128 Linf 1.725e-04 L2 6.545e-05 boundary 1.725e-04 order Linf 1.350064 L2 1.980013 boundary 1.350064
CV  3D Cartesian plain               n    8 Linf 1.562e-02 L2 1.408e-02 boundary 1.562e-02  (reference level)
CV  3D Cartesian plain               n   16 Linf 3.906e-03 L2 3.719e-03 boundary 3.906e-03 order Linf 2.000000 L2 1.921229 boundary 2.000000
CV  3D Cartesian plain               n   32 Linf 9.766e-04 L2 9.534e-04 boundary 9.766e-04 order Linf 2.000000 L2 1.963622 boundary 2.000000
exit 0
