# P12-GRAD-002 C14 re-verification: a1_envelope (base library, sha256 eaadaa635e70adb1); 2026-09-17T15:50:14Z
# P12-GRAD-002 A1 envelope: K_face 8 K_geom 100 eps 2.2204460492503131e-16
C1  2D 16^2 plain                          constant  delta 5.024e-15 E 2.842e-13 ratio 1.768e-02 | artefact 1.256e-16 PASS
C1  2D 16^2 plain                          linear    delta 8.150e-15 E 2.242e-13 ratio 3.636e-02 | artefact 2.583e-16 PASS
C1  2D 16^2 translated small               constant  delta 1.421e-14 E 2.842e-13 ratio 5.000e-02 | artefact 3.553e-16 PASS
C1  2D 16^2 translated small               linear    delta 4.951e-14 E 3.505e-11 ratio 1.413e-03 | artefact 1.566e-15 PASS
C1  2D 64^2 plain                          constant  delta 2.010e-14 E 1.137e-12 ratio 1.768e-02 | artefact 1.256e-16 PASS
C1  2D 64^2 plain                          linear    delta 2.318e-14 E 9.063e-13 ratio 2.558e-02 | artefact 1.817e-16 PASS
C1  2D 64^2 translated small               constant  delta 2.842e-14 E 1.137e-12 ratio 2.500e-02 | artefact 1.776e-16 PASS
C1  2D 64^2 translated small               linear    delta 7.496e-13 E 2.193e-09 ratio 3.419e-04 | artefact 5.864e-15 PASS
C1  2D 256^2 plain                         constant  delta 8.039e-14 E 4.547e-12 ratio 1.768e-02 | artefact 1.256e-16 PASS
C1  2D 256^2 plain                         linear    delta 1.297e-13 E 3.635e-12 ratio 3.568e-02 | artefact 2.535e-16 PASS
C1  2D 256^2 translated small              constant  delta 1.705e-13 E 4.547e-12 ratio 3.750e-02 | artefact 2.665e-16 PASS
C1  2D 256^2 translated small              linear    delta 1.731e-11 E 1.594e-07 ratio 1.086e-04 | artefact 3.376e-14 PASS
C1  2D 16^2 translated dyadic              constant  delta 5.024e-15 E 2.842e-13 ratio 1.768e-02 | artefact 1.256e-16 PASS
C1  2D 16^2 translated dyadic              linear    delta 7.625e-15 E 2.249e-13 ratio 3.390e-02 | artefact 2.409e-16 PASS
C1  2D 16^2 L=1e-3 translated              constant  delta 1.637e-11 E 2.842e-10 ratio 5.760e-02 | artefact 4.093e-16 PASS
C1  2D 16^2 L=1e-3 translated              linear    delta 4.404e-12 E 1.151e-10 ratio 3.826e-02 | artefact 3.925e-16 PASS
C1  2D 16^2 L=1e3 translated               constant  delta 4.907e-18 E 2.842e-16 ratio 1.726e-02 | artefact 1.227e-16 PASS
C1  2D 16^2 L=1e3 translated               linear    delta 4.108e-15 E 1.452e-13 ratio 2.830e-02 | artefact 2.011e-16 PASS
C1  2D 16^2 graded 1.2                     constant  delta 3.015e-14 E 5.862e-13 ratio 5.143e-02 | artefact 7.536e-16 PASS
C1  2D 16^2 graded 1.2                     linear    delta 2.604e-14 E 4.657e-13 ratio 5.591e-02 | artefact 8.194e-16 PASS
C2  2D Q16 distorted                       linear    relative 1.091e-10 bound 1.000e-09 PASS
C2  2D Q16 distorted                       quadratic relative 8.938e-03 bound (C3b, not bounded here) REPORTED
C1  3D 8^3 exact Cartesian                 constant  delta 3.077e-15 E 2.132e-13 ratio 1.443e-02 | artefact 1.538e-16 PASS
C1  3D 8^3 exact Cartesian                 linear    delta 6.127e-15 E 1.977e-13 ratio 3.099e-02 | artefact 3.303e-16 PASS
V   2D 16^2 translated small               volume 2.842e-14 centroid 2.202e-13 faceCentroid 1.986e-15 area 1.776e-15 closure 0.000e+00 -> VALID GEOMETRY
C4a 2D 16^2 translated small               constant  delta 1.421e-14 E 2.842e-13 ratio 5.000e-02 PASS
C4a 2D 16^2 translated small               linear    delta 5.476e-14 E 3.505e-11 ratio 1.562e-03 PASS
C4a 2D 16^2 translated small               quadratic delta 7.813e-03 E 2.139e-11 ratio 3.652e+08 FAIL
V   2D 16^2 translated dyadic              volume 0.000e+00 centroid 0.000e+00 faceCentroid 0.000e+00 area 0.000e+00 closure 0.000e+00 -> VALID GEOMETRY
C4a 2D 16^2 translated dyadic              constant  delta 0.000e+00 E 2.842e-13 ratio 0.000e+00 PASS
C4a 2D 16^2 translated dyadic              linear    delta 0.000e+00 E 2.242e-13 ratio 0.000e+00 PASS
C4a 2D 16^2 translated dyadic              quadratic delta 0.000e+00 E 5.684e-14 ratio 0.000e+00 PASS
V   2D 32^2 translated small               volume 1.137e-13 centroid 1.704e-12 faceCentroid 3.972e-15 area 3.553e-15 closure 0.000e+00 -> VALID GEOMETRY
C4a 2D 32^2 translated small               constant  delta 2.132e-14 E 5.684e-13 ratio 3.750e-02 PASS
C4a 2D 32^2 translated small               linear    delta 1.997e-13 E 2.700e-10 ratio 7.396e-04 PASS
C4a 2D 32^2 translated small               quadratic delta 3.906e-03 E 1.679e-10 ratio 2.327e+07 FAIL
V   2D 32^2 translated dyadic              volume 0.000e+00 centroid 0.000e+00 faceCentroid 0.000e+00 area 0.000e+00 closure 0.000e+00 -> VALID GEOMETRY
C4a 2D 32^2 translated dyadic              constant  delta 0.000e+00 E 5.684e-13 ratio 0.000e+00 PASS
C4a 2D 32^2 translated dyadic              linear    delta 0.000e+00 E 4.515e-13 ratio 0.000e+00 PASS
C4a 2D 32^2 translated dyadic              quadratic delta 0.000e+00 E 1.137e-13 ratio 0.000e+00 PASS
V   2D 64^2 translated small               volume 4.547e-13 centroid 1.386e-11 faceCentroid 7.944e-15 area 7.105e-15 closure 0.000e+00 -> VALID GEOMETRY
C4a 2D 64^2 translated small               constant  delta 4.263e-14 E 1.137e-12 ratio 3.750e-02 PASS
C4a 2D 64^2 translated small               linear    delta 7.504e-13 E 2.193e-09 ratio 3.422e-04 PASS
C4a 2D 64^2 translated small               quadratic delta 1.953e-03 E 1.376e-09 ratio 1.420e+06 FAIL
V   2D 64^2 translated dyadic              volume 0.000e+00 centroid 0.000e+00 faceCentroid 0.000e+00 area 0.000e+00 closure 0.000e+00 -> VALID GEOMETRY
C4a 2D 64^2 translated dyadic              constant  delta 0.000e+00 E 1.137e-12 ratio 0.000e+00 PASS
C4a 2D 64^2 translated dyadic              linear    delta 0.000e+00 E 9.063e-13 ratio 0.000e+00 PASS
C4a 2D 64^2 translated dyadic              quadratic delta 0.000e+00 E 2.274e-13 ratio 0.000e+00 PASS
V   2D 128^2 translated small              volume 1.819e-12 centroid 1.099e-10 faceCentroid 1.589e-14 area 1.421e-14 closure 0.000e+00 -> VALID GEOMETRY
C4a 2D 128^2 translated small              constant  delta 8.527e-14 E 2.274e-12 ratio 3.750e-02 PASS
C4a 2D 128^2 translated small              linear    delta 2.939e-12 E 1.738e-08 ratio 1.691e-04 PASS
C4a 2D 128^2 translated small              quadratic delta 9.766e-04 E 1.095e-08 ratio 8.920e+04 FAIL
V   2D 128^2 translated dyadic             volume 0.000e+00 centroid 0.000e+00 faceCentroid 0.000e+00 area 0.000e+00 closure 0.000e+00 -> VALID GEOMETRY
C4a 2D 128^2 translated dyadic             constant  delta 0.000e+00 E 2.274e-12 ratio 0.000e+00 PASS
C4a 2D 128^2 translated dyadic             linear    delta 0.000e+00 E 1.816e-12 ratio 0.000e+00 PASS
C4a 2D 128^2 translated dyadic             quadratic delta 0.000e+00 E 4.547e-13 ratio 0.000e+00 PASS
V   2D 256^2 translated small              volume 1.091e-11 centroid 1.008e-09 faceCentroid 3.178e-14 area 2.842e-14 closure 0.000e+00 -> VALID GEOMETRY
C4a 2D 256^2 translated small              constant  delta 2.274e-13 E 4.547e-12 ratio 5.000e-02 PASS
C4a 2D 256^2 translated small              linear    delta 1.734e-11 E 1.594e-07 ratio 1.088e-04 PASS
C4a 2D 256^2 translated small              quadratic delta 4.883e-04 E 1.006e-07 ratio 4.854e+03 FAIL
V   2D 256^2 translated dyadic             volume 0.000e+00 centroid 0.000e+00 faceCentroid 0.000e+00 area 0.000e+00 closure 0.000e+00 -> VALID GEOMETRY
C4a 2D 256^2 translated dyadic             constant  delta 0.000e+00 E 4.547e-12 ratio 0.000e+00 PASS
C4a 2D 256^2 translated dyadic             linear    delta 0.000e+00 E 3.635e-12 ratio 0.000e+00 PASS
C4a 2D 256^2 translated dyadic             quadratic delta 0.000e+00 E 9.095e-13 ratio 0.000e+00 PASS
V   2D Q16 distorted translated small      volume 2.576e-14 centroid 1.426e-13 faceCentroid 2.512e-15 area 1.953e-15 closure 2.779e-17 -> VALID GEOMETRY
C4a 2D Q16 distorted translated small      constant  delta 8.110e-15 E 3.063e-13 ratio 2.648e-02 PASS
C4a 2D Q16 distorted translated small      linear    delta 5.125e-14 E 2.279e-11 ratio 2.249e-03 PASS
C4a 2D Q16 distorted translated small      quadratic delta 2.022e-14 E 1.392e-11 ratio 1.453e-03 PASS
V   2D 16^2 L=0.001 translated             volume 5.421e-14 centroid 3.634e-13 faceCentroid 1.735e-15 area 1.735e-15 closure 0.000e+00 -> VALID GEOMETRY
C6  2D 16^2 L=0.001 translated             constant  delta 1.273e-11 E 2.842e-10 ratio 4.480e-02 PASS
C6  2D 16^2 L=0.001 translated             linear    delta 5.485e-12 E 1.372e-10 ratio 3.998e-02 PASS
C6  2D 16^2 L=0.001 translated             quadratic delta 7.813e-06 E 3.526e-14 ratio 2.216e+08 FAIL
V   2D 16^2 L=1 translated                 volume 2.842e-14 centroid 2.202e-13 faceCentroid 1.986e-15 area 1.776e-15 closure 0.000e+00 -> VALID GEOMETRY
C6  2D 16^2 L=1 translated                 constant  delta 1.421e-14 E 2.842e-13 ratio 5.000e-02 PASS
C6  2D 16^2 L=1 translated                 linear    delta 5.476e-14 E 3.505e-11 ratio 1.562e-03 PASS
C6  2D 16^2 L=1 translated                 quadratic delta 7.813e-03 E 2.139e-11 ratio 3.652e+08 FAIL
V   2D 16^2 L=1000 translated              volume 0.000e+00 centroid 0.000e+00 faceCentroid 0.000e+00 area 0.000e+00 closure 0.000e+00 -> VALID GEOMETRY
C6  2D 16^2 L=1000 translated              constant  delta 0.000e+00 E 2.842e-16 ratio 0.000e+00 PASS
C6  2D 16^2 L=1000 translated              linear    delta 0.000e+00 E 1.447e-13 ratio 0.000e+00 PASS
C6  2D 16^2 L=1000 translated              quadratic delta 0.000e+00 E 5.684e-11 ratio 0.000e+00 PASS
C6s 2D 16^2 across L                       constant  rho spread 1.116e+00 bound 1.000e+02 PASS
C6s 2D 16^2 across L                       linear    rho spread 2.559e+01 bound 1.000e+02 PASS
C6s 2D 16^2 across L                       quadratic rho spread 1.648e+00 bound 1.000e+02 PASS
V   2D 16^2 translated LARGE               volume 5.960e-08 centroid 5.030e-04 faceCentroid 0.000e+00 area 0.000e+00 closure 0.000e+00 -> INVALID GEOMETRY (excluded from C4a)
C4b 2D 16^2 translated LARGE               constant  delta 5.024e-15 E 2.842e-13 ratio 1.768e-02 DIAGNOSTIC
C4b 2D 16^2 translated LARGE               linear    delta 9.425e-08 E 7.953e-02 ratio 1.185e-06 DIAGNOSTIC
C4b 2D 16^2 translated LARGE               quadratic delta 7.819e-03 E 4.873e-02 ratio 1.605e-01 DIAGNOSTIC
V   2D 64^2 translated LARGE               volume 9.537e-07 centroid 3.219e-02 faceCentroid 0.000e+00 area 0.000e+00 closure 0.000e+00 -> INVALID GEOMETRY (excluded from C4a)
C4b 2D 64^2 translated LARGE               constant  delta 2.010e-14 E 1.137e-12 ratio 1.768e-02 DIAGNOSTIC
C4b 2D 64^2 translated LARGE               linear    delta 1.519e-06 E 5.090e+00 ratio 2.984e-07 DIAGNOSTIC
C4b 2D 64^2 translated LARGE               quadratic delta 2.051e-03 E 3.194e+00 ratio 6.422e-04 DIAGNOSTIC
V   2D 256^2 translated LARGE              volume 1.526e-05 centroid 2.060e+00 faceCentroid 0.000e+00 area 0.000e+00 closure 0.000e+00 -> INVALID GEOMETRY (excluded from C4a)
C4b 2D 256^2 translated LARGE              constant  delta 4.138e-13 E 4.547e-12 ratio 9.100e-02 DIAGNOSTIC
C4b 2D 256^2 translated LARGE              linear    delta 1.349e+01 E 3.258e+02 ratio 4.140e-02 DIAGNOSTIC
C4b 2D 256^2 translated LARGE              quadratic delta 1.760e+00 E 2.056e+02 ratio 8.559e-03 DIAGNOSTIC
# C4b sweep: where createStructuredQuad2D geometry leaves the 1e-6 validity domain (16^2)
C4b sweep offset 1.235e-02 X/h 8.099e+00 | volume 2.842e-14 centroid 2.129e-13 area 8.882e-16 -> valid
C4b sweep offset 1.235e-01 X/h 8.988e+00 | volume 2.842e-14 centroid 2.214e-13 area 1.776e-15 -> valid
C4b sweep offset 1.235e+00 X/h 1.788e+01 | volume 1.137e-13 centroid 1.593e-12 area 3.553e-15 -> valid
C4b sweep offset 1.235e+01 X/h 1.068e+02 | volume 3.638e-12 centroid 2.937e-10 area 0.000e+00 -> valid
C4b sweep offset 1.235e+02 X/h 9.957e+02 | volume 2.328e-10 centroid 1.731e-07 area 0.000e+00 -> valid
C4b sweep offset 1.235e+03 X/h 9.885e+03 | volume 2.980e-08 centroid 2.196e-04 area 0.000e+00 -> INVALID
C4b sweep offset 1.235e+04 X/h 9.877e+04 | volume 3.815e-06 centroid 2.808e-01 area 0.000e+00 -> INVALID
C4b sweep offset 1.235e+05 X/h 9.877e+05 | volume 2.441e-04 centroid 1.798e+02 area 0.000e+00 -> INVALID
C4b sweep offset 1.235e+06 X/h 9.877e+06 | volume 3.125e-02 centroid 2.375e+05 area 0.000e+00 -> INVALID
exit 0
