# P12-GRAD-002 C14 re-verification: a1_3d (grad001 library, sha256 4fa871b8175b5648); 2026-09-17T15:50:19Z
# P12-GRAD-002 A1 C9: 3D translation and deformation (new library only -- the baseline has no offset-capable 3D path)
V3D 3D 8^3 translated small            volume 1.998e-15 centroid 2.551e-15 -> VALID GEOMETRY
C9  3D 8^3 translated small            constant  delta 5.958e-15 E 2.132e-13 ratio 2.795e-02 PASS
C9  3D 8^3 translated small            linear    delta 9.970e-15 E 6.138e-13 ratio 1.624e-02 PASS
C9  3D 8^3 translated small            quadratic delta 1.180e-15 E 2.818e-13 ratio 4.188e-03 PASS
V3D 3D 16^3 translated small           volume 4.552e-15 centroid 5.687e-15 -> VALID GEOMETRY
C9  3D 16^3 translated small           constant  delta 1.855e-14 E 4.263e-13 ratio 4.350e-02 PASS
C9  3D 16^3 translated small           linear    delta 2.088e-14 E 1.330e-12 ratio 1.570e-02 PASS
C9  3D 16^3 translated small           quadratic delta 3.189e-15 E 6.362e-13 ratio 5.012e-03 PASS
V3D 3D 8^3 translated dyadic           volume 1.110e-16 centroid 2.176e-15 -> VALID GEOMETRY
C9  3D 8^3 translated dyadic           constant  delta 6.937e-15 E 2.132e-13 ratio 3.254e-02 PASS
C9  3D 8^3 translated dyadic           linear    delta 5.709e-15 E 5.525e-13 ratio 1.033e-02 PASS
C9  3D 8^3 translated dyadic           quadratic delta 9.155e-16 E 2.466e-13 ratio 3.713e-03 PASS
V3D 3D 8^3 translated LARGE            volume 1.110e-16 centroid 2.728e-12 -> VALID GEOMETRY
C9  3D 8^3 translated LARGE            constant  delta 3.871e-15 E 2.132e-13 ratio 1.816e-02 PASS
C9  3D 8^3 translated LARGE            linear    delta 5.552e-15 E 4.452e-10 ratio 1.247e-05 PASS
C9  3D 8^3 translated LARGE            quadratic delta 2.274e-13 E 2.558e-10 ratio 8.887e-04 PASS
C9  3D 8^3 deformed                    constant  delta 7.802e-15 E(floor) 2.264e-13 | max m_f 1.887e-01 PASS
C9  3D 8^3 deformed                    linear    delta 2.028e-03 E(floor) 2.100e-13 | max m_f 1.887e-01 FAIL
C9  3D 16^3 deformed                   constant  delta 1.904e-14 E(floor) 4.543e-13 | max m_f 2.033e-01 PASS
C9  3D 16^3 deformed                   linear    delta 5.341e-04 E(floor) 4.287e-13 | max m_f 2.033e-01 FAIL
exit 0
