# A3 operator mutant 2026-09-17T14:00:06Z
80:inline constexpr Index kGreenGaussSkewCorrectionSweeps = 3;  // A3 MUTANT
mutant differs from nograd in: include/cfd/discretization/Gradient.hpp
mutant libcfdcore.a 036a329e133e221509f5d4adae1e38348f98f863a12d8a9a3ca19883ad620049
mutant dump lines 135724
## C10-A2(b) evaluation, NEW = repo (/root/g2/c10/dump_repo.txt), OLD = mutant
translated quad 16 small|quadratic               deep 0/36 worst 0.000 violations 0
translated quad 16 small|smooth                  deep 0/36 worst 0.000 violations 0
translated quad 16 small|linear                  deep 0/36 worst 0.000 violations 0
translated quad 64 small|quadratic               deep 0/2916 worst 0.000 violations 0
translated quad 64 small|smooth                  deep 0/2916 worst 0.000 violations 0
translated quad 64 small|linear                  deep 0/2916 worst 0.000 violations 0
translated quad 16 LARGE|quadratic               deep 0/36 worst 0.021 violations 0
translated quad 16 LARGE|smooth                  deep 0/36 worst 0.018 violations 0
translated quad 16 LARGE|linear                  deep 0/36 worst 0.022 violations 0
skewed Q16|quadratic                             deep 36/36 worst 25665.889 violations 105
skewed Q16|smooth                                deep 36/36 worst 19248.011 violations 106
skewed Q16|linear                                deep 36/36 worst 14056.049 violations 104
skewed C5 shear 5e-3|quadratic                   deep 0/36 worst 0.003 violations 0
skewed C5 shear 5e-3|smooth                      deep 0/36 worst 0.003 violations 0
skewed C5 shear 5e-3|linear                      deep 0/36 worst 0.003 violations 0
skewed C5 shear 5e-9|quadratic                   deep 0/36 worst 0.000 violations 0
skewed C5 shear 5e-9|smooth                      deep 0/36 worst 0.000 violations 0
skewed C5 shear 5e-9|linear                      deep 0/36 worst 0.000 violations 0
skewed NUM-003 20x20 0.45h|quadratic             deep 100/100 worst 24.594 violations 195
skewed NUM-003 20x20 0.45h|smooth                deep 100/100 worst 17.892 violations 195
skewed NUM-003 20x20 0.45h|linear                deep 100/100 worst 14.734 violations 196
skewed production quad 64x8|quadratic            deep 0/0 worst 209253.477 violations 173
skewed production quad 64x8|smooth               deep 0/0 worst 36774.836 violations 169
skewed production quad 64x8|linear               deep 0/0 worst 112790.520 violations 177
translated cart3d 8 small|quadratic              deep 0/0 worst 0.000 violations 0
translated cart3d 8 small|smooth                 deep 0/0 worst 0.000 violations 0
translated cart3d 8 small|linear                 deep 0/0 worst 0.000 violations 0
skewed warped3d 8|quadratic                      deep 0/0 worst 2923.078 violations 8
skewed warped3d 8|smooth                         deep 0/0 worst 3048.122 violations 8
skewed warped3d 8|linear                         deep 0/0 worst 1174.630 violations 8
