== snapshot: 270 generated-output files
# A2 regression integrity + format; 2026-09-17T14:11:50Z
src/ + include/ tree: 42c3d9df70e83705d5052bbb880ab6239ce8fb3054e7831b7a68daf4c46c1aa6  (A2 freeze: 42c3d9df...)
build/release libcfdcore.a (before rebuild): 143a1dda0680bc1d481a0360095ca7c643ffc9e2a2dc53bbd1d55d5a8202132a
test file: 9cc2d1635e74627eb86c0c2afeb4e1fbe6618d44d6f54b847972347c7adf9f5d; CMakeLists: 42f9beb515c5d6766bd267f38d828a4e9d5728beb2fd67dea9843fe6e2455748
clang-format-18 files: 568
clang-format-18 --dry-run --Werror exit 0  violations 0
== release: 100% tests passed, 0 tests failed out of 1932 | ctest exit 0  (198 s)
== debug_gui: 100% tests passed, 0 tests failed out of 1984 | ctest exit 0  (1273 s)
== asan_ubsan: 100% tests passed, 0 tests failed out of 1932 | ctest exit 0  (3619 s)
# sanitizer diagnostics: AddressSanitizer 0, UBSan runtime errors 0, LeakSanitizer 0, timeouts 0
## Release-stage outputs vs the pre-regression snapshot (production code is unchanged since W10)
checked 270 files; IDENTICAL 220, RUNTIME-ONLY 50, VALUES 0, NEW 0, GONE 0
exit 0
## final working tree (last writer: the ASan build) vs the snapshot
checked 270 files; IDENTICAL 220, RUNTIME-ONLY 45, VALUES 5, NEW 0, GONE 0
exit 1
# restore 2026-09-17T15:49:13Z
restored 50 files from the snapshot; kept 0
snapshot files differing from the working tree afterwards: 0
