# g2_sign_reversal -- restored cuda/kernels/DeviceMomentumResponseKernel.cu
# sha256 b607713a298db48ba10563e19147b65159d6433cdb71e1fb303e94bd0c680e99
# matches baseline: True
# clean baseline re-passes: True

########## harness momentum_response -> exit 0 ##########
      a=0.7   cells=27     differing=0    maxAbs=0          maxRel=0          scale=1.678
  PASS L2 warped 3d 3      V  central       a=0.3   cells=27     differing=0    maxAbs=0          maxRel=0          scale=0.7193
  PASS L2 warped 3d 3      V  central       a=0.05  cells=27     differing=0    maxAbs=0          maxRel=0          scale=0.1199
  PASS L2 warped 3d 3      V  linear_upwind a=1     cells=27     differing=0    maxAbs=0          maxRel=0          scale=2.398
  PASS L2 warped 3d 3      V  linear_upwind a=0.7   cells=27     differing=0    maxAbs=0          maxRel=0          scale=1.678
  PASS L2 warped 3d 3      V  linear_upwind a=0.3   cells=27     differing=0    maxAbs=0          maxRel=0          scale=0.7193
  PASS L2 warped 3d 3      V  linear_upwind a=0.05  cells=27     differing=0    maxAbs=0          maxRel=0          scale=0.1199
  PASS L2 warped 3d 3      V  quick         a=1     cells=27     differing=0    maxAbs=0          maxRel=0          scale=2.398
  PASS L2 warped 3d 3      V  quick         a=0.7   cells=27     differing=0    maxAbs=0          maxRel=0          scale=1.678
  PASS L2 warped 3d 3      V  quick         a=0.3   cells=27     differing=0    maxAbs=0          maxRel=0          scale=0.7193
  PASS L2 warped 3d 3      V  quick         a=0.05  cells=27     differing=0    maxAbs=0          maxRel=0          scale=0.1199
  PASS L2 warped 3d 3      W  upwind        a=1     cells=27     differing=0    maxAbs=0          maxRel=0          scale=2.398
  PASS L2 warped 3d 3      W  upwind        a=0.7   cells=27     differing=0    maxAbs=0          maxRel=0          scale=1.678
  PASS L2 warped 3d 3      W  upwind        a=0.3   cells=27     differing=0    maxAbs=0          maxRel=0          scale=0.7193
  PASS L2 warped 3d 3      W  upwind        a=0.05  cells=27     differing=0    maxAbs=0          maxRel=0          scale=0.1199
  PASS L2 warped 3d 3      W  central       a=1     cells=27     differing=0    maxAbs=0          maxRel=0          scale=2.398
  PASS L2 warped 3d 3      W  central       a=0.7   cells=27     differing=0    maxAbs=0          maxRel=0          scale=1.678
  PASS L2 warped 3d 3      W  central       a=0.3   cells=27     differing=0    maxAbs=0          maxRel=0          scale=0.7193
  PASS L2 warped 3d 3      W  central       a=0.05  cells=27     differing=0    maxAbs=0          maxRel=0          scale=0.1199
  PASS L2 warped 3d 3      W  linear_upwind a=1     cells=27     differing=0    maxAbs=0          maxRel=0          scale=2.398
  PASS L2 warped 3d 3      W  linear_upwind a=0.7   cells=27     differing=0    maxAbs=0          maxRel=0          scale=1.678
  PASS L2 warped 3d 3      W  linear_upwind a=0.3   cells=27     differing=0    maxAbs=0          maxRel=0          scale=0.7193
  PASS L2 warped 3d 3      W  linear_upwind a=0.05  cells=27     differing=0    maxAbs=0          maxRel=0          scale=0.1199
  PASS L2 warped 3d 3      W  quick         a=1     cells=27     differing=0    maxAbs=0          maxRel=0          scale=2.398
  PASS L2 warped 3d 3      W  quick         a=0.7   cells=27     differing=0    maxAbs=0          maxRel=0          scale=1.678
  PASS L2 warped 3d 3      W  quick         a=0.3   cells=27     differing=0    maxAbs=0          maxRel=0          scale=0.7193
  PASS L2 warped 3d 3      W  quick         a=0.05  cells=27     differing=0    maxAbs=0          maxRel=0          scale=0.1199

=== coverage ===
  component U/V/W integrated cases  32 / 32 / 16
  2D / 3D integrated cases          32 / 48
  relaxation factors                4 (alpha = 1.0, 0.7, 0.3, 0.05)
  uniform / nonuniform diagonals    4 / 2
  small / large diagonal cases      4 / 2
  synthetic cases                   12
  integrated chain cases            80
  values compared                   11186
  bitwise-identical values          11186
  max absolute discrepancy          0
  max relative discrepancy          0

cases=92 failures=0
MOMENTUM RESPONSE EQUIVALENCE: PASS (bitwise)
