# P12-GRAD-002-DRIFT-001 drift_probe  tree=repo
# libcfdcore.a 143a1dda0680bc1d481a0360095ca7c643ffc9e2a2dc53bbd1d55d5a8202132a
# probe binary 4ed91767ce897d53f215165ffa7e614462fb3480b0f3fd7461d0dbb7943ba547
# case inputs  c1d4c750b66cc7ec (poiseuille_distorted) 2b5d1c097786ef6b (curved_channel_multiblock)
# args: mb 8 20 bicg ckpt 5000,20000,20001
# start 2026-09-17T09:50:20Z
# case mb 8x20 variant bicg mode ckpt; cells 480
# settings: tol u 2.0e-05 p 5.0e-04 c 1.0e-06 | alpha 0.70/0.30 | nonOrth 1 | grad GG | conv 2 | flux automatic | mom 1 rel 1e-08 | pres 1 rel 1e-08
# exact G -1.8282207204

  committed gate
    iters status            velocity L2                G     q signed err     cb(i+j)       cb(i)       cb(j)     fit rms     u res     v res     p res      cont      sec
     1551 Converged     1.109266800e-02    -1.8199632992 +8.257421181e-03  +1.984e-03  -4.663e-16  +1.768e-02  2.7104e-02  1.54e-05  2.00e-05  1.92e-04  1.30e-12     18.5

  checkpoints (unreachable tolerance; state after exactly N iterations)
    iters status            velocity L2                G     q signed err     cb(i+j)       cb(i)       cb(j)     fit rms     u res     v res     p res      cont      sec
     5000 MaxIterations 1.111340648e-02    -1.8347031192 -6.482398786e-03  +1.302e-02  +4.385e-16  +9.611e-02  1.0735e-01  3.66e-06  4.66e-06  8.13e-05  1.59e-12     66.2
    20000 MaxIterations 1.108129393e-02    -1.8617851670 -3.356444666e-02  +3.419e-02  -2.998e-16  +2.430e-01  2.5234e-01  1.48e-06  1.44e-06  3.49e-05  2.84e-13    301.1
    20001 MaxIterations 1.108129298e-02    -1.8617862748 -3.356555441e-02  +3.419e-02  +3.331e-16  +2.430e-01  2.5235e-01  1.48e-06  1.44e-06  3.49e-05  1.45e-12    193.6

  field change: max |du| and max |dp| between consecutive rows (first row vs gate)
     1551 ->    5000  max|du| 1.6968e-03  max|dp| 1.7555e-01  d(velocity L2) +2.0738e-05  d(q) -1.4740e-02
     5000 ->   20000  max|du| 1.2973e-02  max|dp| 3.6844e-01  d(velocity L2) -3.2113e-05  d(q) -2.7082e-02
    20000 ->   20001  max|du| 6.6698e-07  max|dp| 1.8847e-05  d(velocity L2) -9.5224e-10  d(q) -1.1078e-06
exit 0
# end 2026-09-17T10:00:00Z
