# P12-GRAD-002-DRIFT-001 drift_probe  tree=repo
# libcfdcore.a 143a1dda0680bc1d481a0360095ca7c643ffc9e2a2dc53bbd1d55d5a8202132a
# probe binary 4ed91767ce897d53f215165ffa7e614462fb3480b0f3fd7461d0dbb7943ba547
# case inputs  c1d4c750b66cc7ec (poiseuille_distorted) 2b5d1c097786ef6b (curved_channel_multiblock)
# args: mb 8 20 tight ckpt 5000,20000,20001
# start 2026-09-17T09:50:20Z
# case mb 8x20 variant tight mode ckpt; cells 480
# settings: tol u 2.0e-05 p 5.0e-04 c 1.0e-06 | alpha 0.70/0.30 | nonOrth 1 | grad GG | conv 2 | flux automatic | mom 1 rel 1e-13 | pres 0 rel 1e-13
# exact G -1.8282207204

  committed gate
    iters status            velocity L2                G     q signed err     cb(i+j)       cb(i)       cb(j)     fit rms     u res     v res     p res      cont      sec
        5 PressureFailure 4.345783370e-02    -1.9587388613 -1.305181409e-01  +1.067e-07  -1.998e-16  -1.407e-06  7.3478e-04  1.32e-01  1.08e-01  3.31e-02  1.46e-16      0.1

  checkpoints (unreachable tolerance; state after exactly N iterations)
    iters status            velocity L2                G     q signed err     cb(i+j)       cb(i)       cb(j)     fit rms     u res     v res     p res      cont      sec
        5 PressureFailure 4.345783370e-02    -1.9587388613 -1.305181409e-01  +1.067e-07  -1.998e-16  -1.407e-06  7.3478e-04  1.32e-01  1.08e-01  3.31e-02  1.46e-16      0.1
        5 PressureFailure 4.345783370e-02    -1.9587388613 -1.305181409e-01  +1.067e-07  -1.998e-16  -1.407e-06  7.3478e-04  1.32e-01  1.08e-01  3.31e-02  1.46e-16      0.1
        5 PressureFailure 4.345783370e-02    -1.9587388613 -1.305181409e-01  +1.067e-07  -1.998e-16  -1.407e-06  7.3478e-04  1.32e-01  1.08e-01  3.31e-02  1.46e-16      0.1

  field change: max |du| and max |dp| between consecutive rows (first row vs gate)
        5 ->       5  max|du| 0.0000e+00  max|dp| 0.0000e+00  d(velocity L2) +0.0000e+00  d(q) +0.0000e+00
        5 ->       5  max|du| 0.0000e+00  max|dp| 0.0000e+00  d(velocity L2) +0.0000e+00  d(q) +0.0000e+00
        5 ->       5  max|du| 0.0000e+00  max|dp| 0.0000e+00  d(velocity L2) +0.0000e+00  d(q) +0.0000e+00
exit 0
# end 2026-09-17T09:50:21Z
