# P12-GRAD-002-DRIFT-001 drift_probe  tree=repo
# libcfdcore.a 143a1dda0680bc1d481a0360095ca7c643ffc9e2a2dc53bbd1d55d5a8202132a
# probe binary 4ed91767ce897d53f215165ffa7e614462fb3480b0f3fd7461d0dbb7943ba547
# case inputs  c1d4c750b66cc7ec (poiseuille_distorted) 2b5d1c097786ef6b (curved_channel_multiblock)
# args: mb 8 20 ls hist 20000 1000
# start 2026-09-17T09:50:20Z
# case mb 8x20 variant ls mode hist; cells 480
# settings: tol u 2.0e-05 p 5.0e-04 c 1.0e-06 | alpha 0.70/0.30 | nonOrth 1 | grad LS | conv 2 | flux automatic | mom 1 rel 1e-08 | pres 0 rel 1e-08
# exact G -1.8282207204

  residual history (value at the iteration, and the window minimum/maximum since the previous row)
     iter          u          v          p       cont     global |      u min      u max |      p min      p max
        1  0.000e+00  1.197e+00  2.466e-01  8.631e-11  2.103e-10 |  0.000e+00  0.000e+00 |  2.466e-01  2.466e-01
        2  2.443e+00  2.427e+00  1.415e-01  5.872e-11  3.039e-10 |  2.443e+00  2.443e+00 |  1.415e-01  1.415e-01
        3  5.362e-01  4.901e-01  5.418e-02  2.156e-11  1.122e-11 |  5.362e-01  5.362e-01 |  5.418e-02  5.418e-02
     1000  1.370e-05  1.764e-05  1.374e-04  4.101e-12  3.072e-10 |  1.370e-05  2.303e-01 |  1.374e-04  3.827e-02
     2000  5.479e-06  7.822e-06  8.122e-05  4.438e-12  2.277e-10 |  5.479e-06  1.368e-05 |  8.122e-05  1.373e-04
     3000  3.117e-06  4.811e-06  6.017e-05  4.079e-12  1.477e-10 |  3.117e-06  5.476e-06 |  6.017e-05  8.119e-05
     4000  2.183e-06  3.313e-06  4.933e-05  3.911e-12  1.005e-11 |  2.183e-06  3.115e-06 |  4.933e-05  6.015e-05
     5000  1.723e-06  2.396e-06  4.303e-05  3.496e-12  6.855e-11 |  1.723e-06  2.182e-06 |  4.303e-05  4.932e-05
     6000  1.463e-06  1.823e-06  3.902e-05  4.134e-12  3.332e-11 |  1.463e-06  1.722e-06 |  3.902e-05  4.303e-05
     7000  1.303e-06  1.477e-06  3.622e-05  4.288e-12  1.564e-10 |  1.303e-06  1.462e-06 |  3.622e-05  3.902e-05
     8000  1.195e-06  1.272e-06  3.406e-05  4.552e-12  4.915e-12 |  1.195e-06  1.303e-06 |  3.406e-05  3.622e-05
     9000  1.116e-06  1.145e-06  3.224e-05  4.548e-12  3.823e-11 |  1.116e-06  1.194e-06 |  3.224e-05  3.406e-05
    10000  1.054e-06  1.059e-06  3.064e-05  4.437e-12  2.463e-10 |  1.054e-06  1.116e-06 |  3.064e-05  3.224e-05
    11000  1.000e-06  9.959e-07  2.916e-05  4.232e-12  5.470e-10 |  1.000e-06  1.054e-06 |  2.916e-05  3.063e-05
    12000  9.513e-07  9.429e-07  2.778e-05  4.413e-12  6.142e-11 |  9.513e-07  1.000e-06 |  2.778e-05  2.916e-05
    13000  9.071e-07  8.962e-07  2.648e-05  4.271e-12  1.311e-10 |  9.071e-07  9.512e-07 |  2.648e-05  2.778e-05
    14000  8.687e-07  8.518e-07  2.524e-05  4.098e-12  1.052e-10 |  8.687e-07  9.071e-07 |  2.524e-05  2.648e-05
    15000  8.293e-07  8.109e-07  2.407e-05  4.472e-12  2.365e-10 |  8.293e-07  8.686e-07 |  2.407e-05  2.524e-05
    16000  7.909e-07  7.730e-07  2.294e-05  4.311e-12  6.485e-11 |  7.909e-07  8.293e-07 |  2.294e-05  2.406e-05
    17000  7.542e-07  7.371e-07  2.187e-05  4.524e-12  4.103e-10 |  7.542e-07  7.909e-07 |  2.187e-05  2.294e-05
    18000  7.190e-07  7.030e-07  2.085e-05  4.248e-12  2.858e-10 |  7.190e-07  7.541e-07 |  2.085e-05  2.187e-05
    19000  6.855e-07  6.704e-07  1.988e-05  4.330e-12  2.412e-10 |  6.855e-07  7.190e-07 |  1.988e-05  2.085e-05
    20000  6.535e-07  6.393e-07  1.895e-05  4.561e-12  7.764e-11 |  6.535e-07  6.855e-07 |  1.895e-05  1.988e-05

  final state
    iters status            velocity L2                G     q signed err     cb(i+j)       cb(i)       cb(j)     fit rms     u res     v res     p res      cont      sec
    20000 MaxIterations 1.104129424e-02    -1.8380567535 -9.836033070e-03  +1.236e-02  +6.384e-17  +1.307e-01  1.3495e-01  6.54e-07  6.39e-07  1.90e-05  4.56e-12    231.6
exit 0
# end 2026-09-17T09:54:12Z
