# P12-GRAD-002-DRIFT-001 drift_probe  tree=repo
# libcfdcore.a 143a1dda0680bc1d481a0360095ca7c643ffc9e2a2dc53bbd1d55d5a8202132a
# probe binary 4ed91767ce897d53f215165ffa7e614462fb3480b0f3fd7461d0dbb7943ba547
# case inputs  c1d4c750b66cc7ec (poiseuille_distorted) 2b5d1c097786ef6b (curved_channel_multiblock)
# args: mb 8 20 tight hist 20000 1000
# start 2026-09-17T09:50:20Z
# case mb 8x20 variant tight mode hist; cells 480
# settings: tol u 2.0e-05 p 5.0e-04 c 1.0e-06 | alpha 0.70/0.30 | nonOrth 1 | grad GG | conv 2 | flux automatic | mom 1 rel 1e-13 | pres 0 rel 1e-13
# exact G -1.8282207204

  residual history (value at the iteration, and the window minimum/maximum since the previous row)
     iter          u          v          p       cont     global |      u min      u max |      p min      p max
        1  0.000e+00  1.197e+00  2.466e-01  1.029e-14  6.854e-14 |  0.000e+00  0.000e+00 |  2.466e-01  2.466e-01
        2  2.442e+00  2.434e+00  1.422e-01  5.089e-15  1.610e-15 |  2.442e+00  2.442e+00 |  1.422e-01  1.422e-01
        3  5.375e-01  5.003e-01  5.877e-02  8.671e-16  2.137e-15 |  5.375e-01  5.375e-01 |  5.877e-02  5.877e-02
        5  1.323e-01  1.082e-01  3.313e-02  1.460e-16  3.608e-16 |  1.323e-01  2.285e-01 |  3.313e-02  4.263e-02

  final state
    iters status            velocity L2                G     q signed err     cb(i+j)       cb(i)       cb(j)     fit rms     u res     v res     p res      cont      sec
        5 PressureFailure 4.345783370e-02    -1.9587388613 -1.305181409e-01  +1.067e-07  -1.998e-16  -1.407e-06  7.3478e-04  1.32e-01  1.08e-01  3.31e-02  1.46e-16      0.0
exit 0
# end 2026-09-17T09:50:20Z
