# P12-GRAD-002-DRIFT-001 drift_probe  tree=repo
# libcfdcore.a 143a1dda0680bc1d481a0360095ca7c643ffc9e2a2dc53bbd1d55d5a8202132a
# probe binary 4ed91767ce897d53f215165ffa7e614462fb3480b0f3fd7461d0dbb7943ba547
# case inputs  c1d4c750b66cc7ec (poiseuille_distorted) 2b5d1c097786ef6b (curved_channel_multiblock)
# args: mb 8 20 up hist 20000 1000
# start 2026-09-17T09:50:20Z
# case mb 8x20 variant up mode hist; cells 480
# settings: tol u 2.0e-05 p 5.0e-04 c 1.0e-06 | alpha 0.70/0.30 | nonOrth 1 | grad GG | conv 0 | flux automatic | mom 1 rel 1e-08 | pres 0 rel 1e-08
# exact G -1.8282207204

  residual history (value at the iteration, and the window minimum/maximum since the previous row)
     iter          u          v          p       cont     global |      u min      u max |      p min      p max
        1  0.000e+00  1.197e+00  2.466e-01  8.621e-11  2.109e-10 |  0.000e+00  0.000e+00 |  2.466e-01  2.466e-01
        2  2.435e+00  2.428e+00  1.418e-01  5.904e-11  2.768e-10 |  2.435e+00  2.435e+00 |  1.418e-01  1.418e-01
        3  5.351e-01  4.982e-01  5.895e-02  2.455e-11  1.130e-10 |  5.351e-01  5.351e-01 |  5.895e-02  5.895e-02
     1000  2.250e-05  2.980e-05  2.761e-04  3.729e-12  1.112e-12 |  2.250e-05  2.251e-01 |  2.761e-04  4.278e-02
     2000  8.662e-06  1.338e-05  1.619e-04  4.201e-12  6.647e-12 |  8.662e-06  2.247e-05 |  1.619e-04  2.759e-04
     3000  5.237e-06  8.039e-06  1.199e-04  3.337e-12  1.680e-12 |  5.237e-06  8.656e-06 |  1.199e-04  1.618e-04
     4000  3.938e-06  5.367e-06  9.911e-05  4.092e-12  6.557e-12 |  3.938e-06  5.235e-06 |  9.911e-05  1.199e-04
     5000  3.303e-06  3.947e-06  8.741e-05  3.484e-12  1.729e-12 |  3.303e-06  3.938e-06 |  8.741e-05  9.910e-05
     6000  2.957e-06  3.211e-06  7.987e-05  3.841e-12  2.799e-12 |  2.957e-06  3.303e-06 |  7.987e-05  8.740e-05
     7000  2.736e-06  2.817e-06  7.424e-05  4.068e-12  3.194e-12 |  2.736e-06  2.956e-06 |  7.424e-05  7.986e-05
     8000  2.567e-06  2.579e-06  6.954e-05  3.959e-12  3.276e-12 |  2.567e-06  2.736e-06 |  6.954e-05  7.423e-05
     9000  2.420e-06  2.405e-06  6.536e-05  3.939e-12  3.233e-12 |  2.420e-06  2.567e-06 |  6.536e-05  6.953e-05
    10000  2.285e-06  2.261e-06  6.152e-05  3.732e-12  3.130e-12 |  2.285e-06  2.420e-06 |  6.152e-05  6.535e-05
    11000  2.157e-06  2.130e-06  5.794e-05  3.581e-12  2.998e-12 |  2.157e-06  2.285e-06 |  5.794e-05  6.152e-05
    12000  2.036e-06  2.009e-06  5.459e-05  3.406e-12  2.858e-12 |  2.036e-06  2.157e-06 |  5.459e-05  5.794e-05
    13000  1.920e-06  1.894e-06  5.144e-05  3.221e-12  2.711e-12 |  1.920e-06  2.035e-06 |  5.144e-05  5.459e-05
    14000  1.811e-06  1.786e-06  4.847e-05  4.481e-12  1.313e-13 |  1.811e-06  1.920e-06 |  4.847e-05  5.143e-05
    15000  1.707e-06  1.684e-06  4.567e-05  4.225e-12  2.179e-13 |  1.707e-06  1.811e-06 |  4.567e-05  4.847e-05
    16000  1.609e-06  1.587e-06  4.304e-05  3.855e-12  6.343e-13 |  1.609e-06  1.707e-06 |  4.304e-05  4.567e-05
    17000  1.517e-06  1.496e-06  4.056e-05  3.777e-12  9.039e-14 |  1.517e-06  1.609e-06 |  4.056e-05  4.304e-05
    18000  1.429e-06  1.410e-06  3.822e-05  4.544e-12  1.810e-12 |  1.429e-06  1.517e-06 |  3.822e-05  4.055e-05
    19000  1.347e-06  1.329e-06  3.602e-05  4.205e-12  1.739e-12 |  1.347e-06  1.429e-06 |  3.602e-05  3.822e-05
    20000  1.269e-06  1.252e-06  3.394e-05  4.069e-12  1.585e-12 |  1.269e-06  1.347e-06 |  3.394e-05  3.601e-05

  final state
    iters status            velocity L2                G     q signed err     cb(i+j)       cb(i)       cb(j)     fit rms     u res     v res     p res      cont      sec
    20000 MaxIterations 1.163351270e-02    -1.9245435013 -9.632278090e-02  +3.669e-02  +3.136e-16  +2.606e-01  2.6993e-01  1.27e-06  1.25e-06  3.39e-05  4.07e-12    204.3
exit 0
# end 2026-09-17T09:53:45Z
