# P12-GRAD-002-DRIFT-001 drift_probe  tree=repo
# libcfdcore.a 143a1dda0680bc1d481a0360095ca7c643ffc9e2a2dc53bbd1d55d5a8202132a
# probe binary 4ed91767ce897d53f215165ffa7e614462fb3480b0f3fd7461d0dbb7943ba547
# case inputs  c1d4c750b66cc7ec (poiseuille_distorted) 2b5d1c097786ef6b (curved_channel_multiblock)
# args: mb 8 20 n0 ckpt 5000,20000,20001
# start 2026-09-17T09:50:20Z
# case mb 8x20 variant n0 mode ckpt; cells 480
# settings: tol u 2.0e-05 p 5.0e-04 c 1.0e-06 | alpha 0.70/0.30 | nonOrth 0 | grad GG | conv 2 | flux automatic | mom 1 rel 1e-08 | pres 0 rel 1e-08
# exact G -1.8282207204

  committed gate
    iters status            velocity L2                G     q signed err     cb(i+j)       cb(i)       cb(j)     fit rms     u res     v res     p res      cont      sec
     1551 Converged     1.109266765e-02    -1.8199632116 +8.257508744e-03  +1.984e-03  -2.665e-16  +1.768e-02  2.7103e-02  1.54e-05  2.00e-05  1.92e-04  3.45e-12     15.9

  checkpoints (unreachable tolerance; state after exactly N iterations)
    iters status            velocity L2                G     q signed err     cb(i+j)       cb(i)       cb(j)     fit rms     u res     v res     p res      cont      sec
     5000 MaxIterations 1.111340629e-02    -1.8347030135 -6.482293109e-03  +1.302e-02  -2.498e-17  +9.611e-02  1.0735e-01  3.66e-06  4.66e-06  8.13e-05  4.55e-12     61.7
    20000 MaxIterations 1.108129386e-02    -1.8617851105 -3.356439011e-02  +3.419e-02  -2.942e-16  +2.430e-01  2.5234e-01  1.48e-06  1.44e-06  3.49e-05  3.52e-12    266.4
    20001 MaxIterations 1.108129261e-02    -1.8617862401 -3.356551972e-02  +3.419e-02  +2.776e-18  +2.430e-01  2.5235e-01  1.48e-06  1.44e-06  3.49e-05  4.44e-12    190.5

  field change: max |du| and max |dp| between consecutive rows (first row vs gate)
     1551 ->    5000  max|du| 1.6968e-03  max|dp| 1.7555e-01  d(velocity L2) +2.0739e-05  d(q) -1.4740e-02
     5000 ->   20000  max|du| 1.2973e-02  max|dp| 3.6845e-01  d(velocity L2) -3.2112e-05  d(q) -2.7082e-02
    20000 ->   20001  max|du| 6.6740e-07  max|dp| 1.8851e-05  d(velocity L2) -1.2493e-09  d(q) -1.1296e-06
exit 0
# end 2026-09-17T09:59:15Z
