# P12-GRAD-002-DRIFT-001 drift_probe  tree=repo
# libcfdcore.a 143a1dda0680bc1d481a0360095ca7c643ffc9e2a2dc53bbd1d55d5a8202132a
# probe binary 4ed91767ce897d53f215165ffa7e614462fb3480b0f3fd7461d0dbb7943ba547
# case inputs  c1d4c750b66cc7ec (poiseuille_distorted) 2b5d1c097786ef6b (curved_channel_multiblock)
# args: mb 8 20 rc ckpt 5000,20000,20001
# start 2026-09-17T09:50:20Z
# case mb 8x20 variant rc mode ckpt; cells 480
# settings: tol u 2.0e-05 p 5.0e-04 c 1.0e-06 | alpha 0.70/0.30 | nonOrth 1 | grad GG | conv 2 | flux rhie_chow | mom 1 rel 1e-08 | pres 0 rel 1e-08
# exact G -1.8282207204

  committed gate
    iters status            velocity L2                G     q signed err     cb(i+j)       cb(i)       cb(j)     fit rms     u res     v res     p res      cont      sec
       44 Converged     1.116423888e-02    -1.8158753325 +1.234538790e-02  -1.629e-06  +4.718e-17  -1.312e-06  7.9054e-04  1.61e-05  1.80e-05  3.38e-06  3.03e-12      0.7

  checkpoints (unreachable tolerance; state after exactly N iterations)
    iters status            velocity L2                G     q signed err     cb(i+j)       cb(i)       cb(j)     fit rms     u res     v res     p res      cont      sec
     5000 MaxIterations 1.116677828e-02    -1.8158739157 +1.234680470e-02  -1.621e-06  -3.192e-16  -1.315e-06  7.9034e-04  9.66e-11  9.76e-11  6.61e-11  3.02e-12     49.5
    20000 MaxIterations 1.116677828e-02    -1.8158739157 +1.234680470e-02  -1.621e-06  -3.192e-16  -1.315e-06  7.9034e-04  9.66e-11  9.76e-11  6.61e-11  3.02e-12    228.0
    20001 MaxIterations 1.116677828e-02    -1.8158739157 +1.234680470e-02  -1.621e-06  -3.192e-16  -1.315e-06  7.9034e-04  9.66e-11  9.76e-11  6.61e-11  3.02e-12    197.2

  field change: max |du| and max |dp| between consecutive rows (first row vs gate)
       44 ->    5000  max|du| 6.7374e-05  max|dp| 6.7048e-05  d(velocity L2) +2.5394e-06  d(q) +1.4168e-06
     5000 ->   20000  max|du| 0.0000e+00  max|dp| 0.0000e+00  d(velocity L2) +0.0000e+00  d(q) +0.0000e+00
    20000 ->   20001  max|du| 0.0000e+00  max|dp| 0.0000e+00  d(velocity L2) +0.0000e+00  d(q) +0.0000e+00
exit 0
# end 2026-09-17T09:58:16Z
