# P12-GRAD-002-DRIFT-001 drift_probe  tree=repo
# libcfdcore.a 143a1dda0680bc1d481a0360095ca7c643ffc9e2a2dc53bbd1d55d5a8202132a
# probe binary 4ed91767ce897d53f215165ffa7e614462fb3480b0f3fd7461d0dbb7943ba547
# case inputs  c1d4c750b66cc7ec (poiseuille_distorted) 2b5d1c097786ef6b (curved_channel_multiblock)
# args: mb 8 20 ls ckpt 5000,20000,20001
# start 2026-09-17T09:50:20Z
# case mb 8x20 variant ls mode ckpt; cells 480
# settings: tol u 2.0e-05 p 5.0e-04 c 1.0e-06 | alpha 0.70/0.30 | nonOrth 1 | grad LS | conv 2 | flux automatic | mom 1 rel 1e-08 | pres 0 rel 1e-08
# exact G -1.8282207204

  committed gate
    iters status            velocity L2                G     q signed err     cb(i+j)       cb(i)       cb(j)     fit rms     u res     v res     p res      cont      sec
      905 Converged     1.104038942e-02    -1.8135819419 +1.463877844e-02  +1.508e-04  -7.994e-16  +2.445e-03  5.9230e-03  1.54e-05  2.00e-05  1.48e-04  4.31e-12      8.6

  checkpoints (unreachable tolerance; state after exactly N iterations)
    iters status            velocity L2                G     q signed err     cb(i+j)       cb(i)       cb(j)     fit rms     u res     v res     p res      cont      sec
     5000 MaxIterations 1.105302192e-02    -1.8234802424 +4.740477991e-03  +4.704e-03  -1.971e-16  +5.166e-02  5.7453e-02  1.72e-06  2.40e-06  4.30e-05  3.50e-12     59.4
    20000 MaxIterations 1.104129424e-02    -1.8380567535 -9.836033070e-03  +1.236e-02  +6.384e-17  +1.307e-01  1.3495e-01  6.54e-07  6.39e-07  1.90e-05  4.56e-12    262.6
    20001 MaxIterations 1.104129373e-02    -1.8380573666 -9.836646215e-03  +1.236e-02  +3.886e-17  +1.307e-01  1.3496e-01  6.54e-07  6.39e-07  1.90e-05  4.00e-12    193.6

  field change: max |du| and max |dp| between consecutive rows (first row vs gate)
      905 ->    5000  max|du| 1.4750e-03  max|dp| 1.1778e-01  d(velocity L2) +1.2633e-05  d(q) -9.8983e-03
     5000 ->   20000  max|du| 9.2798e-04  max|dp| 1.3226e-01  d(velocity L2) -1.1728e-05  d(q) -1.4577e-02
    20000 ->   20001  max|du| 4.7757e-08  max|dp| 6.7116e-06  d(velocity L2) -5.0553e-10  d(q) -6.1314e-07
exit 0
# end 2026-09-17T09:59:04Z
