# P12-GRAD-002-DRIFT-001 drift_probe  tree=pregrad
# libcfdcore.a eaadaa635e70adb180703875b4d8916fb0baee6277feac08c98c206a85330d6e
# probe binary 207426f0298e635a069d21c236e20a842b5c0f09fb1ac7a76a81b7cfbe991640
# case inputs  c1d4c750b66cc7ec (poiseuille_distorted) 2b5d1c097786ef6b (curved_channel_multiblock)
# args: mb 8 20 base hist 40000 1000
# start 2026-09-17T09:50:20Z
# case mb 8x20 variant base mode hist; cells 480
# settings: tol u 2.0e-05 p 5.0e-04 c 1.0e-06 | alpha 0.70/0.30 | nonOrth 1 | grad GG | conv 2 | flux automatic | mom 1 rel 1e-08 | pres 0 rel 1e-08
# exact G -1.8282207204

  residual history (value at the iteration, and the window minimum/maximum since the previous row)
     iter          u          v          p       cont     global |      u min      u max |      p min      p max
        1  0.000e+00  9.852e-01  2.413e-01  9.159e-11  3.571e-10 |  0.000e+00  0.000e+00 |  2.413e-01  2.413e-01
        2  2.415e+00  2.384e+00  1.385e-01  5.162e-11  1.169e-10 |  2.415e+00  2.415e+00 |  1.385e-01  1.385e-01
        3  5.238e-01  4.762e-01  5.280e-02  2.018e-11  3.853e-11 |  5.238e-01  5.238e-01 |  5.280e-02  5.280e-02
     1000  1.130e-05  1.430e-05  1.116e-04  3.968e-12  1.635e-10 |  1.130e-05  2.352e-01 |  1.116e-04  3.730e-02
     2000  4.435e-06  6.277e-06  6.559e-05  4.523e-12  6.410e-10 |  4.435e-06  1.128e-05 |  6.559e-05  1.115e-04
     3000  2.450e-06  3.836e-06  4.867e-05  4.292e-12  4.099e-10 |  2.450e-06  4.432e-06 |  4.867e-05  6.556e-05
     4000  1.698e-06  2.601e-06  4.000e-05  4.391e-12  1.146e-11 |  1.698e-06  2.449e-06 |  4.000e-05  4.866e-05
     5000  1.332e-06  1.867e-06  3.494e-05  4.365e-12  1.908e-10 |  1.332e-06  1.698e-06 |  3.494e-05  4.000e-05
     6000  1.124e-06  1.409e-06  3.173e-05  4.467e-12  2.886e-10 |  1.124e-06  1.332e-06 |  3.173e-05  3.494e-05
     7000  9.962e-07  1.129e-06  2.949e-05  4.462e-12  2.108e-10 |  9.962e-07  1.124e-06 |  2.949e-05  3.173e-05
     8000  9.128e-07  9.628e-07  2.777e-05  4.554e-12  2.908e-10 |  9.128e-07  9.961e-07 |  2.777e-05  2.949e-05
     9000  8.524e-07  8.618e-07  2.633e-05  4.397e-12  4.143e-10 |  8.524e-07  9.127e-07 |  2.633e-05  2.777e-05
    10000  8.045e-07  7.962e-07  2.505e-05  4.215e-12  3.455e-10 |  8.045e-07  8.524e-07 |  2.505e-05  2.633e-05
    11000  7.637e-07  7.486e-07  2.387e-05  4.266e-12  2.978e-10 |  7.637e-07  8.045e-07 |  2.387e-05  2.505e-05
    12000  7.271e-07  7.101e-07  2.277e-05  4.497e-12  3.313e-10 |  7.271e-07  7.637e-07 |  2.277e-05  2.387e-05
    13000  6.933e-07  6.764e-07  2.173e-05  4.284e-12  2.279e-10 |  6.933e-07  7.271e-07 |  2.173e-05  2.277e-05
    14000  6.621e-07  6.431e-07  2.075e-05  4.465e-12  1.262e-10 |  6.621e-07  6.933e-07 |  2.075e-05  2.173e-05
    15000  6.329e-07  6.130e-07  1.980e-05  4.555e-12  2.110e-11 |  6.329e-07  6.621e-07 |  1.980e-05  2.075e-05
    16000  6.045e-07  5.850e-07  1.891e-05  4.061e-12  1.914e-10 |  6.045e-07  6.329e-07 |  1.891e-05  1.980e-05
    17000  5.863e-07  5.557e-07  1.805e-05  3.927e-12  2.469e-10 |  5.821e-07  6.045e-07 |  1.805e-05  1.891e-05
    18000  5.639e-07  5.274e-07  1.724e-05  4.536e-12  2.295e-10 |  5.639e-07  5.863e-07 |  1.724e-05  1.805e-05
    19000  5.393e-07  5.032e-07  1.646e-05  4.273e-12  2.532e-10 |  5.393e-07  5.638e-07 |  1.646e-05  1.724e-05
    20000  5.153e-07  4.804e-07  1.572e-05  4.053e-12  3.026e-10 |  5.153e-07  5.393e-07 |  1.572e-05  1.646e-05
    21000  4.922e-07  4.588e-07  1.502e-05  4.563e-12  3.716e-10 |  4.922e-07  5.153e-07 |  1.502e-05  1.572e-05
    22000  4.702e-07  4.381e-07  1.434e-05  4.498e-12  3.323e-10 |  4.702e-07  4.922e-07 |  1.434e-05  1.501e-05
    23000  4.491e-07  4.185e-07  1.370e-05  4.142e-12  1.259e-10 |  4.491e-07  4.702e-07 |  1.370e-05  1.434e-05
    24000  4.289e-07  3.996e-07  1.308e-05  4.213e-12  2.969e-10 |  4.289e-07  4.491e-07 |  1.308e-05  1.369e-05
    25000  4.099e-07  3.810e-07  1.249e-05  4.459e-12  1.744e-10 |  4.099e-07  4.289e-07 |  1.249e-05  1.308e-05
    26000  3.918e-07  3.636e-07  1.193e-05  4.502e-12  2.043e-10 |  3.918e-07  4.100e-07 |  1.193e-05  1.249e-05
    27000  3.735e-07  3.481e-07  1.139e-05  3.681e-12  2.611e-10 |  3.735e-07  3.918e-07 |  1.139e-05  1.193e-05
    28000  3.564e-07  3.326e-07  1.088e-05  4.266e-12  1.883e-10 |  3.564e-07  3.735e-07 |  1.088e-05  1.139e-05
    29000  3.344e-07  3.197e-07  1.038e-05  4.434e-12  1.519e-10 |  3.344e-07  3.563e-07 |  1.038e-05  1.088e-05
    30000  3.181e-07  3.062e-07  9.912e-06  4.097e-12  8.412e-11 |  3.181e-07  3.344e-07 |  9.912e-06  1.038e-05
    31000  3.034e-07  2.925e-07  9.461e-06  3.983e-12  7.603e-11 |  3.034e-07  3.181e-07 |  9.461e-06  9.911e-06
    32000  2.897e-07  2.789e-07  9.030e-06  3.748e-12  9.649e-11 |  2.897e-07  3.034e-07 |  9.030e-06  9.460e-06
    33000  2.765e-07  2.662e-07  8.619e-06  3.932e-12  1.186e-10 |  2.765e-07  2.897e-07 |  8.619e-06  9.030e-06
    34000  2.639e-07  2.540e-07  8.226e-06  3.899e-12  8.966e-11 |  2.639e-07  2.765e-07 |  8.226e-06  8.619e-06
    35000  2.519e-07  2.425e-07  7.852e-06  4.180e-12  1.112e-10 |  2.519e-07  2.639e-07 |  7.852e-06  8.226e-06
    36000  2.405e-07  2.314e-07  7.494e-06  4.010e-12  1.069e-10 |  2.405e-07  2.519e-07 |  7.494e-06  7.852e-06
    37000  2.295e-07  2.209e-07  7.153e-06  3.818e-12  1.029e-10 |  2.295e-07  2.404e-07 |  7.153e-06  7.494e-06
    38000  2.191e-07  2.109e-07  6.827e-06  4.533e-12  1.313e-10 |  2.191e-07  2.295e-07 |  6.827e-06  7.153e-06
    39000  2.091e-07  2.012e-07  6.516e-06  4.420e-12  5.030e-11 |  2.091e-07  2.191e-07 |  6.516e-06  6.827e-06
    40000  1.996e-07  1.920e-07  6.219e-06  4.219e-12  1.049e-10 |  1.996e-07  2.091e-07 |  6.219e-06  6.516e-06

  final state
    iters status            velocity L2                G     q signed err     cb(i+j)       cb(i)       cb(j)     fit rms     u res     v res     p res      cont      sec
    40000 MaxIterations 2.041622123e-02    -1.7939929991 +3.422772133e-02  +1.285e-02  +4.247e-16  +1.367e-01  1.4051e-01  2.00e-07  1.92e-07  6.22e-06  4.22e-12    385.4
exit 0
# end 2026-09-17T09:56:45Z
