# P12-GRAD-002-DRIFT-001 drift_probe  tree=repo
# libcfdcore.a 143a1dda0680bc1d481a0360095ca7c643ffc9e2a2dc53bbd1d55d5a8202132a
# probe binary 4ed91767ce897d53f215165ffa7e614462fb3480b0f3fd7461d0dbb7943ba547
# case inputs  c1d4c750b66cc7ec (poiseuille_distorted) 2b5d1c097786ef6b (curved_channel_multiblock)
# args: mb 8 20 base ckpt 5000,10000,20000,20001,40000
# start 2026-09-17T09:50:20Z
# case mb 8x20 variant base mode ckpt; cells 480
# settings: tol u 2.0e-05 p 5.0e-04 c 1.0e-06 | alpha 0.70/0.30 | nonOrth 1 | grad GG | conv 2 | flux automatic | mom 1 rel 1e-08 | pres 0 rel 1e-08
# exact G -1.8282207204

  committed gate
    iters status            velocity L2                G     q signed err     cb(i+j)       cb(i)       cb(j)     fit rms     u res     v res     p res      cont      sec
     1551 Converged     1.109266759e-02    -1.8199632859 +8.257434535e-03  +1.984e-03  +2.387e-16  +1.768e-02  2.7104e-02  1.54e-05  2.00e-05  1.92e-04  3.46e-12     15.7

  checkpoints (unreachable tolerance; state after exactly N iterations)
    iters status            velocity L2                G     q signed err     cb(i+j)       cb(i)       cb(j)     fit rms     u res     v res     p res      cont      sec
     5000 MaxIterations 1.111340603e-02    -1.8347031212 -6.482400850e-03  +1.302e-02  +4.774e-16  +9.611e-02  1.0735e-01  3.66e-06  4.66e-06  8.13e-05  4.36e-12     58.1
    10000 MaxIterations 1.110066422e-02    -1.8469534317 -1.873271130e-02  +2.273e-02  -4.691e-16  +1.635e-01  1.7305e-01  2.38e-06  2.33e-06  5.70e-05  3.58e-12    137.2
    20000 MaxIterations 1.108129382e-02    -1.8617851515 -3.356443116e-02  +3.419e-02  +3.858e-16  +2.430e-01  2.5234e-01  1.48e-06  1.44e-06  3.49e-05  4.56e-12    247.8
    20001 MaxIterations 1.108129257e-02    -1.8617862812 -3.356556077e-02  +3.419e-02  -4.580e-16  +2.430e-01  2.5235e-01  1.48e-06  1.44e-06  3.49e-05  4.44e-12    144.7
    40000 MaxIterations 1.106989840e-02    -1.8761635562 -4.794283582e-02  +4.526e-02  -5.940e-16  +3.197e-01  3.3063e-01  5.60e-07  5.43e-07  1.32e-05  4.15e-12    202.0

  field change: max |du| and max |dp| between consecutive rows (first row vs gate)
     1551 ->    5000  max|du| 1.6968e-03  max|dp| 1.7555e-01  d(velocity L2) +2.0738e-05  d(q) -1.4740e-02
     5000 ->   10000  max|du| 4.5937e-03  max|dp| 1.3851e-01  d(velocity L2) -1.2742e-05  d(q) -1.2250e-02
    10000 ->   20000  max|du| 8.3790e-03  max|dp| 2.3686e-01  d(velocity L2) -1.9370e-05  d(q) -1.4832e-02
    20000 ->   20001  max|du| 6.6740e-07  max|dp| 1.8851e-05  d(velocity L2) -1.2491e-09  d(q) -1.1296e-06
    20001 ->   40000  max|du| 8.5532e-03  max|dp| 2.4167e-01  d(velocity L2) -1.1394e-05  d(q) -1.4377e-02
exit 0
# end 2026-09-17T10:03:46Z
