# P12-GRAD-002-DRIFT-001 drift_probe  tree=repo
# libcfdcore.a 143a1dda0680bc1d481a0360095ca7c643ffc9e2a2dc53bbd1d55d5a8202132a
# probe binary 4ed91767ce897d53f215165ffa7e614462fb3480b0f3fd7461d0dbb7943ba547
# case inputs  c1d4c750b66cc7ec (poiseuille_distorted) 2b5d1c097786ef6b (curved_channel_multiblock)
# args: mb 8 20 rc hist 20000 1000
# start 2026-09-17T09:50:20Z
# case mb 8x20 variant rc mode hist; cells 480
# settings: tol u 2.0e-05 p 5.0e-04 c 1.0e-06 | alpha 0.70/0.30 | nonOrth 1 | grad GG | conv 2 | flux rhie_chow | mom 1 rel 1e-08 | pres 0 rel 1e-08
# exact G -1.8282207204

  residual history (value at the iteration, and the window minimum/maximum since the previous row)
     iter          u          v          p       cont     global |      u min      u max |      p min      p max
        1  0.000e+00  1.197e+00  2.466e-01  8.621e-11  2.109e-10 |  0.000e+00  0.000e+00 |  2.466e-01  2.466e-01
        2  2.442e+00  2.434e+00  1.357e-01  5.324e-11  8.796e-11 |  2.442e+00  2.442e+00 |  1.357e-01  1.357e-01
        3  5.388e-01  4.909e-01  4.640e-02  1.629e-11  5.152e-11 |  5.388e-01  5.388e-01 |  4.640e-02  4.640e-02
     1000  9.657e-11  9.756e-11  6.611e-11  3.017e-12  1.280e-10 |  9.656e-11  2.292e-01 |  5.770e-11  3.109e-02
     2000  9.657e-11  9.756e-11  6.611e-11  3.017e-12  1.280e-10 |  9.657e-11  9.657e-11 |  6.611e-11  6.611e-11
     3000  9.657e-11  9.756e-11  6.611e-11  3.017e-12  1.280e-10 |  9.657e-11  9.657e-11 |  6.611e-11  6.611e-11
     4000  9.657e-11  9.756e-11  6.611e-11  3.017e-12  1.280e-10 |  9.657e-11  9.657e-11 |  6.611e-11  6.611e-11
     5000  9.657e-11  9.756e-11  6.611e-11  3.017e-12  1.280e-10 |  9.657e-11  9.657e-11 |  6.611e-11  6.611e-11
     6000  9.657e-11  9.756e-11  6.611e-11  3.017e-12  1.280e-10 |  9.657e-11  9.657e-11 |  6.611e-11  6.611e-11
     7000  9.657e-11  9.756e-11  6.611e-11  3.017e-12  1.280e-10 |  9.657e-11  9.657e-11 |  6.611e-11  6.611e-11
     8000  9.657e-11  9.756e-11  6.611e-11  3.017e-12  1.280e-10 |  9.657e-11  9.657e-11 |  6.611e-11  6.611e-11
     9000  9.657e-11  9.756e-11  6.611e-11  3.017e-12  1.280e-10 |  9.657e-11  9.657e-11 |  6.611e-11  6.611e-11
    10000  9.657e-11  9.756e-11  6.611e-11  3.017e-12  1.280e-10 |  9.657e-11  9.657e-11 |  6.611e-11  6.611e-11
    11000  9.657e-11  9.756e-11  6.611e-11  3.017e-12  1.280e-10 |  9.657e-11  9.657e-11 |  6.611e-11  6.611e-11
    12000  9.657e-11  9.756e-11  6.611e-11  3.017e-12  1.280e-10 |  9.657e-11  9.657e-11 |  6.611e-11  6.611e-11
    13000  9.657e-11  9.756e-11  6.611e-11  3.017e-12  1.280e-10 |  9.657e-11  9.657e-11 |  6.611e-11  6.611e-11
    14000  9.657e-11  9.756e-11  6.611e-11  3.017e-12  1.280e-10 |  9.657e-11  9.657e-11 |  6.611e-11  6.611e-11
    15000  9.657e-11  9.756e-11  6.611e-11  3.017e-12  1.280e-10 |  9.657e-11  9.657e-11 |  6.611e-11  6.611e-11
    16000  9.657e-11  9.756e-11  6.611e-11  3.017e-12  1.280e-10 |  9.657e-11  9.657e-11 |  6.611e-11  6.611e-11
    17000  9.657e-11  9.756e-11  6.611e-11  3.017e-12  1.280e-10 |  9.657e-11  9.657e-11 |  6.611e-11  6.611e-11
    18000  9.657e-11  9.756e-11  6.611e-11  3.017e-12  1.280e-10 |  9.657e-11  9.657e-11 |  6.611e-11  6.611e-11
    19000  9.657e-11  9.756e-11  6.611e-11  3.017e-12  1.280e-10 |  9.657e-11  9.657e-11 |  6.611e-11  6.611e-11
    20000  9.657e-11  9.756e-11  6.611e-11  3.017e-12  1.280e-10 |  9.657e-11  9.657e-11 |  6.611e-11  6.611e-11

  final state
    iters status            velocity L2                G     q signed err     cb(i+j)       cb(i)       cb(j)     fit rms     u res     v res     p res      cont      sec
    20000 MaxIterations 1.116677828e-02    -1.8158739157 +1.234680470e-02  -1.621e-06  -3.192e-16  -1.315e-06  7.9034e-04  9.66e-11  9.76e-11  6.61e-11  3.02e-12    208.1
exit 0
# end 2026-09-17T09:53:48Z
