# P12-GRAD-002-DRIFT-001 drift_probe  tree=repo
# libcfdcore.a 143a1dda0680bc1d481a0360095ca7c643ffc9e2a2dc53bbd1d55d5a8202132a
# probe binary 4ed91767ce897d53f215165ffa7e614462fb3480b0f3fd7461d0dbb7943ba547
# case inputs  c1d4c750b66cc7ec (poiseuille_distorted) 2b5d1c097786ef6b (curved_channel_multiblock)
# args: sq 64 8 n2 ckpt 5000,20000,20001
# start 2026-09-17T09:50:20Z
# case sq 64x8 variant n2 mode ckpt; cells 512
# settings: tol u 2.0e-05 p 5.0e-04 c 1.0e-06 | alpha 0.70/0.30 | nonOrth 2 | grad GG | conv 2 | flux automatic | mom 1 rel 1e-08 | pres 0 rel 1e-08
# exact dp/dx -1.2000000000

  committed gate
    iters status            velocity L2            dp/dx     q signed err     cb(i+j)       cb(i)       cb(j)     fit rms     u res     v res     p res      cont      sec
     2238 Converged     1.082731452e-02    -1.2020859728 -2.085972754e-03  -1.535e-03  +1.232e-01  +9.020e-04  1.3199e-01  2.00e-05  1.16e-05  3.83e-04  4.01e-12     51.1

  checkpoints (unreachable tolerance; state after exactly N iterations)
    iters status            velocity L2            dp/dx     q signed err     cb(i+j)       cb(i)       cb(j)     fit rms     u res     v res     p res      cont      sec
     5000 MaxIterations 1.096901417e-02    -1.2018930967 -1.893096749e-03  -4.174e-03  +3.033e-01  +8.170e-04  3.0894e-01  1.32e-05  8.43e-06  2.76e-04  3.54e-12    144.3
    20000 MaxIterations 1.162427005e-02    -1.2015525831 -1.552583118e-03  -1.031e-02  +7.180e-01  +6.298e-04  7.2292e-01  2.20e-06  1.46e-06  4.85e-05  4.16e-12    407.0
    20001 MaxIterations 1.162429193e-02    -1.2015525724 -1.552572419e-03  -1.031e-02  +7.180e-01  +6.298e-04  7.2293e-01  2.20e-06  1.46e-06  4.85e-05  4.16e-12    213.4

  field change: max |du| and max |dp| between consecutive rows (first row vs gate)
     2238 ->    5000  max|du| 6.4328e-03  max|dp| 3.3059e-01  d(velocity L2) +1.4170e-04  d(q) +1.9288e-04
     5000 ->   20000  max|du| 1.3839e-02  max|dp| 7.1313e-01  d(velocity L2) +6.5526e-04  d(q) +3.4051e-04
    20000 ->   20001  max|du| 3.4062e-07  max|dp| 1.7695e-05  d(velocity L2) +2.1874e-08  d(q) +1.0699e-08
exit 0
# end 2026-09-17T10:03:56Z
