# P12-GRAD-002-DRIFT-001 drift_probe  tree=repo
# libcfdcore.a 143a1dda0680bc1d481a0360095ca7c643ffc9e2a2dc53bbd1d55d5a8202132a
# probe binary 4ed91767ce897d53f215165ffa7e614462fb3480b0f3fd7461d0dbb7943ba547
# case inputs  c1d4c750b66cc7ec (poiseuille_distorted) 2b5d1c097786ef6b (curved_channel_multiblock)
# args: sq 64 8 bicg hist 20000 1000
# start 2026-09-17T09:50:20Z
# case sq 64x8 variant bicg mode hist; cells 512
# settings: tol u 2.0e-05 p 5.0e-04 c 1.0e-06 | alpha 0.70/0.30 | nonOrth 1 | grad GG | conv 2 | flux automatic | mom 1 rel 1e-08 | pres 1 rel 1e-08
# exact dp/dx -1.2000000000

  residual history (value at the iteration, and the window minimum/maximum since the previous row)
     iter          u          v          p       cont     global |      u min      u max |      p min      p max
        1  1.109e+00  0.000e+00  2.486e-01  9.385e-11  3.642e-08 |  1.109e+00  1.109e+00 |  2.486e-01  2.486e-01
        2  3.435e+00  6.156e-01  5.132e-01  1.311e-10  4.086e-08 |  3.435e+00  3.435e+00 |  5.132e-01  5.132e-01
        3  8.893e-01  9.289e-01  2.599e-01  1.102e-10  4.874e-08 |  8.893e-01  8.893e-01 |  2.599e-01  2.599e-01
     1000  4.960e-05  1.485e-05  5.206e-04  2.845e-12  1.126e-09 |  4.960e-05  6.574e-01 |  5.206e-04  1.274e-01
     2000  2.213e-05  1.189e-05  3.978e-04  3.427e-12  1.290e-09 |  2.213e-05  4.954e-05 |  3.978e-04  5.204e-04
     3000  1.645e-05  1.046e-05  3.471e-04  1.526e-12  6.505e-10 |  1.645e-05  2.211e-05 |  3.471e-04  3.977e-04
     4000  1.456e-05  9.425e-06  3.091e-04  2.725e-12  1.008e-09 |  1.456e-05  1.645e-05 |  3.091e-04  3.470e-04
     5000  1.306e-05  8.381e-06  2.762e-04  1.168e-12  4.581e-10 |  1.306e-05  1.456e-05 |  2.762e-04  3.091e-04
     6000  1.168e-05  7.490e-06  2.467e-04  4.400e-12  1.757e-09 |  1.168e-05  1.306e-05 |  2.467e-04  2.761e-04
     7000  1.047e-05  6.266e-06  2.202e-04  2.832e-12  1.117e-09 |  1.047e-05  1.168e-05 |  2.202e-04  2.467e-04
     8000  9.232e-06  5.650e-06  1.963e-04  1.752e-12  6.609e-10 |  9.232e-06  1.047e-05 |  1.963e-04  2.202e-04
     9000  8.148e-06  5.105e-06  1.749e-04  9.922e-13  3.926e-10 |  8.148e-06  9.231e-06 |  1.749e-04  1.963e-04
    10000  7.219e-06  4.587e-06  1.557e-04  4.387e-12  1.711e-09 |  7.219e-06  8.148e-06 |  1.557e-04  1.749e-04
    11000  6.423e-06  4.075e-06  1.387e-04  1.271e-12  4.432e-10 |  6.423e-06  7.222e-06 |  1.387e-04  1.557e-04
    12000  5.714e-06  3.640e-06  1.234e-04  1.259e-12  4.244e-10 |  5.714e-06  6.422e-06 |  1.234e-04  1.386e-04
    13000  5.056e-06  3.268e-06  1.098e-04  3.554e-12  1.448e-09 |  5.056e-06  5.714e-06 |  1.098e-04  1.234e-04
    14000  4.492e-06  2.918e-06  9.774e-05  2.116e-12  8.635e-10 |  4.492e-06  5.055e-06 |  9.774e-05  1.098e-04
    15000  3.995e-06  2.592e-06  8.699e-05  1.443e-12  5.330e-10 |  3.995e-06  4.492e-06 |  8.699e-05  9.773e-05
    16000  3.557e-06  2.300e-06  7.741e-05  2.816e-12  9.069e-10 |  3.557e-06  3.994e-06 |  7.741e-05  8.698e-05
    17000  3.148e-06  2.054e-06  6.891e-05  3.869e-12  1.337e-09 |  3.148e-06  3.557e-06 |  6.891e-05  7.740e-05
    18000  2.802e-06  1.827e-06  6.133e-05  2.978e-12  5.649e-10 |  2.802e-06  3.148e-06 |  6.133e-05  6.890e-05
    19000  2.463e-06  1.633e-06  5.457e-05  5.704e-13  2.297e-10 |  2.463e-06  2.801e-06 |  5.457e-05  6.132e-05
    20000  2.184e-06  1.453e-06  4.852e-05  3.743e-12  1.359e-09 |  2.184e-06  2.462e-06 |  4.852e-05  5.456e-05

  final state
    iters status            velocity L2            dp/dx     q signed err     cb(i+j)       cb(i)       cb(j)     fit rms     u res     v res     p res      cont      sec
    20000 MaxIterations 1.162411790e-02    -1.2015526366 -1.552636640e-03  -1.031e-02  +7.179e-01  +6.299e-04  7.2285e-01  2.18e-06  1.45e-06  4.85e-05  3.74e-12    306.7
exit 0
# end 2026-09-17T09:55:27Z
