# P12-GRAD-002-DRIFT-001 drift_probe  tree=repo
# libcfdcore.a 143a1dda0680bc1d481a0360095ca7c643ffc9e2a2dc53bbd1d55d5a8202132a
# probe binary 4ed91767ce897d53f215165ffa7e614462fb3480b0f3fd7461d0dbb7943ba547
# case inputs  c1d4c750b66cc7ec (poiseuille_distorted) 2b5d1c097786ef6b (curved_channel_multiblock)
# args: sq 64 8 tight ckpt 5000,20000,20001
# start 2026-09-17T09:50:20Z
# case sq 64x8 variant tight mode ckpt; cells 512
# settings: tol u 2.0e-05 p 5.0e-04 c 1.0e-06 | alpha 0.70/0.30 | nonOrth 1 | grad GG | conv 2 | flux automatic | mom 1 rel 1e-13 | pres 0 rel 1e-13
# exact dp/dx -1.2000000000

  committed gate
    iters status            velocity L2            dp/dx     q signed err     cb(i+j)       cb(i)       cb(j)     fit rms     u res     v res     p res      cont      sec
        6 PressureFailure 3.404607684e-02    -1.0680053848 +1.319946152e-01  +1.231e-04  -4.402e-04  +5.571e-03  3.7974e-02  1.52e-01  9.91e-02  5.03e-02  2.16e-16      0.1

  checkpoints (unreachable tolerance; state after exactly N iterations)
    iters status            velocity L2            dp/dx     q signed err     cb(i+j)       cb(i)       cb(j)     fit rms     u res     v res     p res      cont      sec
        6 PressureFailure 3.404607684e-02    -1.0680053848 +1.319946152e-01  +1.231e-04  -4.402e-04  +5.571e-03  3.7974e-02  1.52e-01  9.91e-02  5.03e-02  2.16e-16      0.1
        6 PressureFailure 3.404607684e-02    -1.0680053848 +1.319946152e-01  +1.231e-04  -4.402e-04  +5.571e-03  3.7974e-02  1.52e-01  9.91e-02  5.03e-02  2.16e-16      0.1
        6 PressureFailure 3.404607684e-02    -1.0680053848 +1.319946152e-01  +1.231e-04  -4.402e-04  +5.571e-03  3.7974e-02  1.52e-01  9.91e-02  5.03e-02  2.16e-16      0.1

  field change: max |du| and max |dp| between consecutive rows (first row vs gate)
        6 ->       6  max|du| 0.0000e+00  max|dp| 0.0000e+00  d(velocity L2) +0.0000e+00  d(q) +0.0000e+00
        6 ->       6  max|du| 0.0000e+00  max|dp| 0.0000e+00  d(velocity L2) +0.0000e+00  d(q) +0.0000e+00
        6 ->       6  max|du| 0.0000e+00  max|dp| 0.0000e+00  d(velocity L2) +0.0000e+00  d(q) +0.0000e+00
exit 0
# end 2026-09-17T09:50:20Z
