# P12-GRAD-002-DRIFT-001 drift_probe  tree=repo
# libcfdcore.a 143a1dda0680bc1d481a0360095ca7c643ffc9e2a2dc53bbd1d55d5a8202132a
# probe binary 4ed91767ce897d53f215165ffa7e614462fb3480b0f3fd7461d0dbb7943ba547
# case inputs  c1d4c750b66cc7ec (poiseuille_distorted) 2b5d1c097786ef6b (curved_channel_multiblock)
# args: sq 64 8 bicg ckpt 5000,20000,20001
# start 2026-09-17T09:50:20Z
# case sq 64x8 variant bicg mode ckpt; cells 512
# settings: tol u 2.0e-05 p 5.0e-04 c 1.0e-06 | alpha 0.70/0.30 | nonOrth 1 | grad GG | conv 2 | flux automatic | mom 1 rel 1e-08 | pres 1 rel 1e-08
# exact dp/dx -1.2000000000

  committed gate
    iters status            velocity L2            dp/dx     q signed err     cb(i+j)       cb(i)       cb(j)     fit rms     u res     v res     p res      cont      sec
     2222 Converged     1.082671362e-02    -1.2020884013 -2.088401250e-03  -1.522e-03  +1.222e-01  +9.025e-04  1.3102e-01  2.00e-05  1.16e-05  3.84e-04  3.95e-12     27.2

  checkpoints (unreachable tolerance; state after exactly N iterations)
    iters status            velocity L2            dp/dx     q signed err     cb(i+j)       cb(i)       cb(j)     fit rms     u res     v res     p res      cont      sec
     5000 MaxIterations 1.096905745e-02    -1.2018929433 -1.892943320e-03  -4.175e-03  +3.033e-01  +8.171e-04  3.0895e-01  1.31e-05  8.38e-06  2.76e-04  1.17e-12     77.6
    20000 MaxIterations 1.162411790e-02    -1.2015526366 -1.552636640e-03  -1.031e-02  +7.179e-01  +6.299e-04  7.2285e-01  2.18e-06  1.45e-06  4.85e-05  3.74e-12    309.3
    20001 MaxIterations 1.162413913e-02    -1.2015526521 -1.552652122e-03  -1.031e-02  +7.179e-01  +6.299e-04  7.2286e-01  2.18e-06  1.45e-06  4.85e-05  9.02e-13    188.4

  field change: max |du| and max |dp| between consecutive rows (first row vs gate)
     2222 ->    5000  max|du| 6.4747e-03  max|dp| 3.3278e-01  d(velocity L2) +1.4234e-04  d(q) +1.9546e-04
     5000 ->   20000  max|du| 1.3836e-02  max|dp| 7.1297e-01  d(velocity L2) +6.5506e-04  d(q) +3.4031e-04
    20000 ->   20001  max|du| 3.3962e-07  max|dp| 1.7707e-05  d(velocity L2) +2.1231e-08  d(q) -1.5482e-08
exit 0
# end 2026-09-17T10:00:23Z
