# P12-GRAD-002-DRIFT-001 drift_probe  tree=repo
# libcfdcore.a 143a1dda0680bc1d481a0360095ca7c643ffc9e2a2dc53bbd1d55d5a8202132a
# probe binary 4ed91767ce897d53f215165ffa7e614462fb3480b0f3fd7461d0dbb7943ba547
# case inputs  c1d4c750b66cc7ec (poiseuille_distorted) 2b5d1c097786ef6b (curved_channel_multiblock)
# args: sq 64 8 tight hist 20000 1000
# start 2026-09-17T09:50:20Z
# case sq 64x8 variant tight mode hist; cells 512
# settings: tol u 2.0e-05 p 5.0e-04 c 1.0e-06 | alpha 0.70/0.30 | nonOrth 1 | grad GG | conv 2 | flux automatic | mom 1 rel 1e-13 | pres 0 rel 1e-13
# exact dp/dx -1.2000000000

  residual history (value at the iteration, and the window minimum/maximum since the previous row)
     iter          u          v          p       cont     global |      u min      u max |      p min      p max
        1  1.109e+00  0.000e+00  2.486e-01  1.164e-14  2.243e-14 |  1.109e+00  1.109e+00 |  2.486e-01  2.486e-01
        2  3.435e+00  6.156e-01  5.132e-01  5.353e-15  1.391e-14 |  3.435e+00  3.435e+00 |  5.132e-01  5.132e-01
        3  8.893e-01  9.289e-01  2.599e-01  9.598e-16  3.511e-15 |  8.893e-01  8.893e-01 |  2.599e-01  2.599e-01
        6  1.522e-01  9.909e-02  5.025e-02  2.159e-16  6.939e-16 |  1.522e-01  6.574e-01 |  5.025e-02  1.274e-01

  final state
    iters status            velocity L2            dp/dx     q signed err     cb(i+j)       cb(i)       cb(j)     fit rms     u res     v res     p res      cont      sec
        6 PressureFailure 3.404607684e-02    -1.0680053848 +1.319946152e-01  +1.231e-04  -4.402e-04  +5.571e-03  3.7974e-02  1.52e-01  9.91e-02  5.03e-02  2.16e-16      0.2
exit 0
# end 2026-09-17T09:50:20Z
