# P12-GRAD-002-DRIFT-001 drift_probe  tree=repo
# libcfdcore.a 143a1dda0680bc1d481a0360095ca7c643ffc9e2a2dc53bbd1d55d5a8202132a
# probe binary 4ed91767ce897d53f215165ffa7e614462fb3480b0f3fd7461d0dbb7943ba547
# case inputs  c1d4c750b66cc7ec (poiseuille_distorted) 2b5d1c097786ef6b (curved_channel_multiblock)
# args: sq 64 8 ls hist 20000 1000
# start 2026-09-17T09:50:20Z
# case sq 64x8 variant ls mode hist; cells 512
# settings: tol u 2.0e-05 p 5.0e-04 c 1.0e-06 | alpha 0.70/0.30 | nonOrth 1 | grad LS | conv 2 | flux automatic | mom 1 rel 1e-08 | pres 0 rel 1e-08
# exact dp/dx -1.2000000000

  residual history (value at the iteration, and the window minimum/maximum since the previous row)
     iter          u          v          p       cont     global |      u min      u max |      p min      p max
        1  1.107e+00  0.000e+00  2.489e-01  9.369e-11  1.308e-12 |  1.107e+00  1.107e+00 |  2.489e-01  2.489e-01
        2  3.379e+00  5.624e-01  5.014e-01  1.633e-10  7.666e-10 |  3.379e+00  3.379e+00 |  5.014e-01  5.014e-01
        3  1.018e+00  8.230e-01  2.208e-01  7.551e-11  2.492e-10 |  1.018e+00  1.018e+00 |  2.208e-01  2.208e-01
     1000  2.226e-05  1.794e-05  1.869e-04  3.719e-12  4.371e-11 |  2.226e-05  5.686e-01 |  1.869e-04  1.436e-01
     2000  9.391e-06  1.042e-05  1.047e-04  3.548e-12  8.275e-12 |  9.391e-06  2.223e-05 |  1.047e-04  1.868e-04
     3000  5.367e-06  6.767e-06  6.749e-05  4.013e-12  8.477e-12 |  5.367e-06  9.386e-06 |  6.749e-05  1.046e-04
     4000  3.387e-06  4.660e-06  4.580e-05  3.905e-12  1.308e-11 |  3.387e-06  5.365e-06 |  4.580e-05  6.747e-05
     5000  2.260e-06  3.231e-06  3.186e-05  3.627e-12  2.008e-13 |  2.260e-06  3.385e-06 |  3.186e-05  4.579e-05
     6000  1.546e-06  2.267e-06  2.242e-05  3.865e-12  3.772e-12 |  1.546e-06  2.259e-06 |  2.242e-05  3.184e-05
     7000  1.076e-06  1.586e-06  1.586e-05  3.857e-12  7.858e-12 |  1.076e-06  1.545e-06 |  1.586e-05  2.241e-05
     8000  7.580e-07  1.123e-06  1.129e-05  4.148e-12  2.095e-11 |  7.580e-07  1.076e-06 |  1.129e-05  1.586e-05
     9000  5.386e-07  7.990e-07  8.045e-06  4.381e-12  1.888e-10 |  5.386e-07  7.578e-07 |  8.045e-06  1.128e-05
    10000  3.829e-07  5.679e-07  5.735e-06  4.279e-12  1.292e-10 |  3.829e-07  5.384e-07 |  5.735e-06  8.043e-06
    11000  2.725e-07  4.043e-07  4.089e-06  4.415e-12  6.250e-11 |  2.725e-07  3.828e-07 |  4.089e-06  5.733e-06
    12000  1.941e-07  2.879e-07  2.916e-06  4.066e-12  1.833e-10 |  1.941e-07  2.724e-07 |  2.916e-06  4.088e-06
    13000  1.383e-07  2.051e-07  2.079e-06  4.218e-12  4.250e-10 |  1.383e-07  1.940e-07 |  2.079e-06  2.915e-06
    14000  9.861e-08  1.462e-07  1.483e-06  3.997e-12  2.499e-10 |  9.861e-08  1.383e-07 |  1.483e-06  2.079e-06
    15000  7.030e-08  1.042e-07  1.058e-06  4.118e-12  1.307e-10 |  7.030e-08  9.858e-08 |  1.058e-06  1.482e-06
    16000  5.014e-08  7.431e-08  7.542e-07  4.021e-12  2.072e-10 |  5.014e-08  7.028e-08 |  7.542e-07  1.057e-06
    17000  3.574e-08  5.297e-08  5.377e-07  4.167e-12  3.987e-10 |  3.574e-08  5.011e-08 |  5.377e-07  7.539e-07
    18000  2.557e-08  3.770e-08  3.831e-07  3.894e-12  4.149e-11 |  2.557e-08  3.574e-08 |  3.831e-07  5.376e-07
    19000  1.821e-08  2.684e-08  2.728e-07  3.465e-12  4.674e-10 |  1.821e-08  2.558e-08 |  2.728e-07  3.830e-07
    20000  1.295e-08  1.911e-08  1.942e-07  4.065e-12  3.934e-10 |  1.295e-08  1.829e-08 |  1.942e-07  2.727e-07

  final state
    iters status            velocity L2            dp/dx     q signed err     cb(i+j)       cb(i)       cb(j)     fit rms     u res     v res     p res      cont      sec
    20000 MaxIterations 1.098419219e-02    -1.2017744480 -1.774448010e-03  +4.468e-04  +7.776e-02  +7.578e-04  8.0994e-02  1.29e-08  1.91e-08  1.94e-07  4.06e-12    249.0
exit 0
# end 2026-09-17T09:54:29Z
