# P12-GRAD-002-DRIFT-001 drift_probe  tree=repo
# libcfdcore.a 143a1dda0680bc1d481a0360095ca7c643ffc9e2a2dc53bbd1d55d5a8202132a
# probe binary 4ed91767ce897d53f215165ffa7e614462fb3480b0f3fd7461d0dbb7943ba547
# case inputs  c1d4c750b66cc7ec (poiseuille_distorted) 2b5d1c097786ef6b (curved_channel_multiblock)
# args: sq 64 8 n0 ckpt 5000,20000,20001
# start 2026-09-17T09:50:20Z
# case sq 64x8 variant n0 mode ckpt; cells 512
# settings: tol u 2.0e-05 p 5.0e-04 c 1.0e-06 | alpha 0.70/0.30 | nonOrth 0 | grad GG | conv 2 | flux automatic | mom 1 rel 1e-08 | pres 0 rel 1e-08
# exact dp/dx -1.2000000000

  committed gate
    iters status            velocity L2            dp/dx     q signed err     cb(i+j)       cb(i)       cb(j)     fit rms     u res     v res     p res      cont      sec
     2294 Converged     1.654699051e-02    -1.1877812209 +1.221877913e-02  -1.561e-03  +1.278e-01  -2.059e-04  1.4083e-01  2.00e-05  1.16e-05  3.79e-04  3.78e-12     24.7

  checkpoints (unreachable tolerance; state after exactly N iterations)
    iters status            velocity L2            dp/dx     q signed err     cb(i+j)       cb(i)       cb(j)     fit rms     u res     v res     p res      cont      sec
     5000 MaxIterations 1.667529782e-02    -1.1876674841 +1.233251589e-02  -4.024e-03  +3.062e-01  -2.433e-04  3.1368e-01  1.32e-05  8.81e-06  2.75e-04  4.36e-12     70.0
    20000 MaxIterations 1.723472606e-02    -1.1874544731 +1.254552691e-02  -1.015e-02  +7.224e-01  -3.457e-04  7.2843e-01  2.19e-06  1.47e-06  4.66e-05  3.68e-12    278.0
    20001 MaxIterations 1.723474374e-02    -1.1874544690 +1.254553098e-02  -1.015e-02  +7.224e-01  -3.457e-04  7.2844e-01  2.19e-06  1.47e-06  4.66e-05  3.68e-12    189.6

  field change: max |du| and max |dp| between consecutive rows (first row vs gate)
     2294 ->    5000  max|du| 6.0986e-03  max|dp| 3.2580e-01  d(velocity L2) +1.2831e-04  d(q) +1.1374e-04
     5000 ->   20000  max|du| 1.3871e-02  max|dp| 7.1873e-01  d(velocity L2) +5.5943e-04  d(q) +2.1301e-04
    20000 ->   20001  max|du| 3.3606e-07  max|dp| 1.7522e-05  d(velocity L2) +1.7679e-08  d(q) +4.0664e-09
exit 0
# end 2026-09-17T09:59:42Z
