# P12-GRAD-002-DRIFT-001 drift_probe  tree=repo
# libcfdcore.a 143a1dda0680bc1d481a0360095ca7c643ffc9e2a2dc53bbd1d55d5a8202132a
# probe binary 4ed91767ce897d53f215165ffa7e614462fb3480b0f3fd7461d0dbb7943ba547
# case inputs  c1d4c750b66cc7ec (poiseuille_distorted) 2b5d1c097786ef6b (curved_channel_multiblock)
# args: sq 64 8 base hist 40000 1000
# start 2026-09-17T09:50:20Z
# case sq 64x8 variant base mode hist; cells 512
# settings: tol u 2.0e-05 p 5.0e-04 c 1.0e-06 | alpha 0.70/0.30 | nonOrth 1 | grad GG | conv 2 | flux automatic | mom 1 rel 1e-08 | pres 0 rel 1e-08
# exact dp/dx -1.2000000000

  residual history (value at the iteration, and the window minimum/maximum since the previous row)
     iter          u          v          p       cont     global |      u min      u max |      p min      p max
        1  1.109e+00  0.000e+00  2.486e-01  9.354e-11  3.603e-12 |  1.109e+00  1.109e+00 |  2.486e-01  2.486e-01
        2  3.435e+00  6.156e-01  5.132e-01  2.156e-10  1.011e-09 |  3.435e+00  3.435e+00 |  5.132e-01  5.132e-01
        3  8.893e-01  9.289e-01  2.599e-01  9.101e-11  4.082e-10 |  8.893e-01  8.893e-01 |  2.599e-01  2.599e-01
     1000  4.960e-05  1.485e-05  5.206e-04  3.188e-12  8.049e-13 |  4.960e-05  6.574e-01 |  5.206e-04  1.274e-01
     2000  2.213e-05  1.189e-05  3.978e-04  4.248e-12  4.119e-12 |  2.213e-05  4.954e-05 |  3.978e-04  5.204e-04
     3000  1.645e-05  1.046e-05  3.471e-04  3.402e-12  3.625e-12 |  1.645e-05  2.211e-05 |  3.471e-04  3.977e-04
     4000  1.456e-05  9.425e-06  3.091e-04  3.868e-12  2.382e-12 |  1.456e-05  1.645e-05 |  3.091e-04  3.470e-04
     5000  1.306e-05  8.381e-06  2.762e-04  3.534e-12  2.775e-12 |  1.306e-05  1.456e-05 |  2.762e-04  3.091e-04
     6000  1.168e-05  7.490e-06  2.467e-04  4.038e-12  8.715e-12 |  1.168e-05  1.306e-05 |  2.467e-04  2.761e-04
     7000  1.047e-05  6.266e-06  2.202e-04  3.618e-12  8.196e-12 |  1.047e-05  1.168e-05 |  2.202e-04  2.467e-04
     8000  9.232e-06  5.650e-06  1.963e-04  3.289e-12  7.375e-12 |  9.232e-06  1.047e-05 |  1.963e-04  2.202e-04
     9000  8.148e-06  5.105e-06  1.749e-04  4.031e-12  2.541e-12 |  8.148e-06  9.231e-06 |  1.749e-04  1.963e-04
    10000  7.219e-06  4.587e-06  1.557e-04  3.670e-12  1.322e-12 |  7.219e-06  8.148e-06 |  1.557e-04  1.749e-04
    11000  6.423e-06  4.075e-06  1.387e-04  3.306e-12  1.649e-12 |  6.423e-06  7.222e-06 |  1.387e-04  1.557e-04
    12000  5.714e-06  3.639e-06  1.234e-04  4.034e-12  5.808e-12 |  5.714e-06  6.422e-06 |  1.234e-04  1.386e-04
    13000  5.056e-06  3.268e-06  1.098e-04  4.330e-12  2.258e-12 |  5.056e-06  5.714e-06 |  1.098e-04  1.234e-04
    14000  4.492e-06  2.918e-06  9.774e-05  3.873e-12  1.925e-12 |  4.492e-06  5.055e-06 |  9.774e-05  1.098e-04
    15000  3.995e-06  2.592e-06  8.699e-05  4.216e-12  5.757e-12 |  3.995e-06  4.492e-06 |  8.699e-05  9.773e-05
    16000  3.557e-06  2.300e-06  7.741e-05  3.722e-12  5.074e-12 |  3.557e-06  3.994e-06 |  7.741e-05  8.698e-05
    17000  3.148e-06  2.054e-06  6.891e-05  3.311e-12  4.531e-12 |  3.148e-06  3.557e-06 |  6.891e-05  7.740e-05
    18000  2.802e-06  1.827e-06  6.133e-05  3.950e-12  1.901e-12 |  2.802e-06  3.148e-06 |  6.133e-05  6.890e-05
    19000  2.463e-06  1.633e-06  5.457e-05  3.472e-12  1.749e-12 |  2.463e-06  2.801e-06 |  5.457e-05  6.132e-05
    20000  2.184e-06  1.453e-06  4.852e-05  4.160e-12  2.779e-12 |  2.184e-06  2.462e-06 |  4.852e-05  5.456e-05
    21000  1.940e-06  1.299e-06  4.315e-05  3.709e-12  2.443e-12 |  1.940e-06  2.184e-06 |  4.315e-05  4.852e-05
    22000  1.727e-06  1.156e-06  3.841e-05  4.135e-12  6.694e-13 |  1.727e-06  1.940e-06 |  3.841e-05  4.315e-05
    23000  1.533e-06  1.031e-06  3.419e-05  3.680e-12  5.814e-13 |  1.533e-06  1.726e-06 |  3.419e-05  3.840e-05
    24000  1.364e-06  9.174e-07  3.042e-05  3.276e-12  5.360e-13 |  1.364e-06  1.533e-06 |  3.042e-05  3.418e-05
    25000  1.214e-06  8.164e-07  2.708e-05  4.236e-12  2.980e-12 |  1.214e-06  1.364e-06 |  2.708e-05  3.042e-05
    26000  1.081e-06  7.261e-07  2.410e-05  3.741e-12  2.601e-12 |  1.081e-06  1.214e-06 |  2.410e-05  2.707e-05
    27000  9.617e-07  6.460e-07  2.144e-05  3.331e-12  2.327e-12 |  9.617e-07  1.081e-06 |  2.144e-05  2.409e-05
    28000  8.557e-07  5.748e-07  1.908e-05  3.979e-12  1.263e-12 |  8.557e-07  9.616e-07 |  1.908e-05  2.144e-05
    29000  7.616e-07  5.115e-07  1.698e-05  3.541e-12  1.117e-12 |  7.616e-07  8.556e-07 |  1.698e-05  1.908e-05
    30000  6.779e-07  4.545e-07  1.511e-05  4.277e-12  2.537e-12 |  6.779e-07  7.615e-07 |  1.511e-05  1.698e-05
    31000  6.033e-07  4.046e-07  1.345e-05  3.812e-12  2.260e-12 |  6.033e-07  6.778e-07 |  1.345e-05  1.511e-05
    32000  5.369e-07  3.601e-07  1.197e-05  3.395e-12  2.014e-12 |  5.369e-07  6.032e-07 |  1.197e-05  1.345e-05
    33000  4.776e-07  3.206e-07  1.066e-05  4.078e-12  7.066e-13 |  4.776e-07  5.369e-07 |  1.066e-05  1.197e-05
    34000  4.252e-07  2.854e-07  9.489e-06  3.632e-12  6.226e-13 |  4.252e-07  4.776e-07 |  9.489e-06  1.066e-05
    35000  3.786e-07  2.541e-07  8.448e-06  4.139e-12  6.703e-12 |  3.786e-07  4.252e-07 |  8.448e-06  9.488e-06
    36000  3.371e-07  2.262e-07  7.521e-06  3.685e-12  5.979e-12 |  3.371e-07  3.785e-07 |  7.521e-06  8.447e-06
    37000  3.001e-07  2.014e-07  6.697e-06  4.152e-12  6.784e-12 |  3.001e-07  3.370e-07 |  6.697e-06  7.521e-06
    38000  2.672e-07  1.793e-07  5.962e-06  3.697e-12  6.040e-12 |  2.672e-07  3.001e-07 |  5.962e-06  6.696e-06
    39000  2.379e-07  1.597e-07  5.308e-06  3.291e-12  5.379e-12 |  2.379e-07  2.671e-07 |  5.308e-06  5.962e-06
    40000  2.118e-07  1.421e-07  4.726e-06  4.144e-12  1.472e-12 |  2.118e-07  2.378e-07 |  4.726e-06  5.308e-06

  final state
    iters status            velocity L2            dp/dx     q signed err     cb(i+j)       cb(i)       cb(j)     fit rms     u res     v res     p res      cont      sec
    40000 MaxIterations 1.180515421e-02    -1.2014856668 -1.485666759e-03  -1.151e-02  +7.969e-01  +6.075e-04  8.0204e-01  2.12e-07  1.42e-07  4.73e-06  4.14e-12    496.1
exit 0
# end 2026-09-17T09:58:36Z
