# P12-GRAD-002-DRIFT-001 drift_probe  tree=repo
# libcfdcore.a 143a1dda0680bc1d481a0360095ca7c643ffc9e2a2dc53bbd1d55d5a8202132a
# probe binary 4ed91767ce897d53f215165ffa7e614462fb3480b0f3fd7461d0dbb7943ba547
# case inputs  c1d4c750b66cc7ec (poiseuille_distorted) 2b5d1c097786ef6b (curved_channel_multiblock)
# args: sq 64 8 rc hist 20000 1000
# start 2026-09-17T09:50:20Z
# case sq 64x8 variant rc mode hist; cells 512
# settings: tol u 2.0e-05 p 5.0e-04 c 1.0e-06 | alpha 0.70/0.30 | nonOrth 1 | grad GG | conv 2 | flux rhie_chow | mom 1 rel 1e-08 | pres 0 rel 1e-08
# exact dp/dx -1.2000000000

  residual history (value at the iteration, and the window minimum/maximum since the previous row)
     iter          u          v          p       cont     global |      u min      u max |      p min      p max
        1  1.109e+00  0.000e+00  2.486e-01  9.354e-11  3.603e-12 |  1.109e+00  1.109e+00 |  2.486e-01  2.486e-01
        2  3.435e+00  6.156e-01  5.723e-01  2.285e-10  6.936e-10 |  3.435e+00  3.435e+00 |  5.723e-01  5.723e-01
        3  8.937e-01  9.532e-01  3.253e-01  1.328e-10  1.067e-09 |  8.937e-01  8.937e-01 |  3.253e-01  3.253e-01
     1000  9.755e-11  9.763e-11  8.154e-11  3.604e-12  4.497e-10 |  9.755e-11  6.831e-01 |  7.047e-11  1.262e-01
     2000  9.755e-11  9.763e-11  8.154e-11  3.604e-12  4.497e-10 |  9.755e-11  9.755e-11 |  8.154e-11  8.154e-11
     3000  9.755e-11  9.763e-11  8.154e-11  3.604e-12  4.497e-10 |  9.755e-11  9.755e-11 |  8.154e-11  8.154e-11
     4000  9.755e-11  9.763e-11  8.154e-11  3.604e-12  4.497e-10 |  9.755e-11  9.755e-11 |  8.154e-11  8.154e-11
     5000  9.755e-11  9.763e-11  8.154e-11  3.604e-12  4.497e-10 |  9.755e-11  9.755e-11 |  8.154e-11  8.154e-11
     6000  9.755e-11  9.763e-11  8.154e-11  3.604e-12  4.497e-10 |  9.755e-11  9.755e-11 |  8.154e-11  8.154e-11
     7000  9.755e-11  9.763e-11  8.154e-11  3.604e-12  4.497e-10 |  9.755e-11  9.755e-11 |  8.154e-11  8.154e-11
     8000  9.755e-11  9.763e-11  8.154e-11  3.604e-12  4.497e-10 |  9.755e-11  9.755e-11 |  8.154e-11  8.154e-11
     9000  9.755e-11  9.763e-11  8.154e-11  3.604e-12  4.497e-10 |  9.755e-11  9.755e-11 |  8.154e-11  8.154e-11
    10000  9.755e-11  9.763e-11  8.154e-11  3.604e-12  4.497e-10 |  9.755e-11  9.755e-11 |  8.154e-11  8.154e-11
    11000  9.755e-11  9.763e-11  8.154e-11  3.604e-12  4.497e-10 |  9.755e-11  9.755e-11 |  8.154e-11  8.154e-11
    12000  9.755e-11  9.763e-11  8.154e-11  3.604e-12  4.497e-10 |  9.755e-11  9.755e-11 |  8.154e-11  8.154e-11
    13000  9.755e-11  9.763e-11  8.154e-11  3.604e-12  4.497e-10 |  9.755e-11  9.755e-11 |  8.154e-11  8.154e-11
    14000  9.755e-11  9.763e-11  8.154e-11  3.604e-12  4.497e-10 |  9.755e-11  9.755e-11 |  8.154e-11  8.154e-11
    15000  9.755e-11  9.763e-11  8.154e-11  3.604e-12  4.497e-10 |  9.755e-11  9.755e-11 |  8.154e-11  8.154e-11
    16000  9.755e-11  9.763e-11  8.154e-11  3.604e-12  4.497e-10 |  9.755e-11  9.755e-11 |  8.154e-11  8.154e-11
    17000  9.755e-11  9.763e-11  8.154e-11  3.604e-12  4.497e-10 |  9.755e-11  9.755e-11 |  8.154e-11  8.154e-11
    18000  9.755e-11  9.763e-11  8.154e-11  3.604e-12  4.497e-10 |  9.755e-11  9.755e-11 |  8.154e-11  8.154e-11
    19000  9.755e-11  9.763e-11  8.154e-11  3.604e-12  4.497e-10 |  9.755e-11  9.755e-11 |  8.154e-11  8.154e-11
    20000  9.755e-11  9.763e-11  8.154e-11  3.604e-12  4.497e-10 |  9.755e-11  9.755e-11 |  8.154e-11  8.154e-11

  final state
    iters status            velocity L2            dp/dx     q signed err     cb(i+j)       cb(i)       cb(j)     fit rms     u res     v res     p res      cont      sec
    20000 MaxIterations 1.092057820e-02    -1.2037347750 -3.734774997e-03  +3.475e-05  -1.168e-05  +1.112e-04  1.1117e-02  9.75e-11  9.76e-11  8.15e-11  3.60e-12    227.3
exit 0
# end 2026-09-17T09:54:07Z
