# P12-GRAD-002-DRIFT-001 drift_probe  tree=repo
# libcfdcore.a 143a1dda0680bc1d481a0360095ca7c643ffc9e2a2dc53bbd1d55d5a8202132a
# probe binary 4ed91767ce897d53f215165ffa7e614462fb3480b0f3fd7461d0dbb7943ba547
# case inputs  c1d4c750b66cc7ec (poiseuille_distorted) 2b5d1c097786ef6b (curved_channel_multiblock)
# args: sq 64 8 up hist 20000 1000
# start 2026-09-17T09:50:20Z
# case sq 64x8 variant up mode hist; cells 512
# settings: tol u 2.0e-05 p 5.0e-04 c 1.0e-06 | alpha 0.70/0.30 | nonOrth 1 | grad GG | conv 0 | flux automatic | mom 1 rel 1e-08 | pres 0 rel 1e-08
# exact dp/dx -1.2000000000

  residual history (value at the iteration, and the window minimum/maximum since the previous row)
     iter          u          v          p       cont     global |      u min      u max |      p min      p max
        1  1.109e+00  0.000e+00  2.486e-01  9.354e-11  3.603e-12 |  1.109e+00  1.109e+00 |  2.486e-01  2.486e-01
        2  3.435e+00  6.025e-01  5.103e-01  2.106e-10  9.755e-10 |  3.435e+00  3.435e+00 |  5.103e-01  5.103e-01
        3  8.687e-01  9.223e-01  2.540e-01  8.292e-11  3.018e-10 |  8.687e-01  8.687e-01 |  2.540e-01  2.540e-01
     1000  3.924e-05  1.266e-05  4.833e-04  4.250e-12  4.361e-12 |  3.924e-05  6.331e-01 |  4.833e-04  1.225e-01
     2000  1.814e-05  1.049e-05  3.772e-04  3.836e-12  3.888e-12 |  1.814e-05  3.919e-05 |  3.772e-04  4.831e-04
     3000  1.444e-05  9.380e-06  3.306e-04  4.298e-12  3.881e-12 |  1.444e-05  1.814e-05 |  3.306e-04  3.771e-04
     4000  1.277e-05  8.355e-06  2.931e-04  3.768e-12  3.215e-12 |  1.277e-05  1.444e-05 |  2.931e-04  3.306e-04
     5000  1.134e-05  7.417e-06  2.601e-04  4.231e-12  8.765e-12 |  1.134e-05  1.277e-05 |  2.601e-04  2.931e-04
     6000  1.006e-05  6.579e-06  2.308e-04  3.776e-12  7.841e-12 |  1.006e-05  1.134e-05 |  2.308e-04  2.601e-04
     7000  8.917e-06  5.836e-06  2.049e-04  3.369e-12  6.994e-12 |  8.917e-06  1.006e-05 |  2.049e-04  2.308e-04
     8000  7.909e-06  5.177e-06  1.819e-04  4.411e-12  1.305e-12 |  7.909e-06  8.916e-06 |  1.819e-04  2.048e-04
     9000  7.017e-06  4.594e-06  1.614e-04  3.926e-12  1.227e-12 |  7.017e-06  7.908e-06 |  1.614e-04  1.818e-04
    10000  6.226e-06  4.077e-06  1.433e-04  3.491e-12  1.132e-12 |  6.226e-06  7.016e-06 |  1.433e-04  1.614e-04
    11000  5.526e-06  3.619e-06  1.272e-04  4.087e-12  6.086e-12 |  5.526e-06  6.225e-06 |  1.272e-04  1.433e-04
    12000  4.904e-06  3.212e-06  1.129e-04  4.388e-12  2.476e-12 |  4.904e-06  5.525e-06 |  1.129e-04  1.272e-04
    13000  4.353e-06  2.851e-06  1.003e-04  3.898e-12  2.206e-12 |  4.353e-06  4.904e-06 |  1.003e-04  1.129e-04
    14000  3.864e-06  2.531e-06  8.900e-05  4.223e-12  5.708e-12 |  3.864e-06  4.353e-06 |  8.900e-05  1.002e-04
    15000  3.430e-06  2.247e-06  7.901e-05  3.750e-12  5.060e-12 |  3.430e-06  3.864e-06 |  7.901e-05  8.899e-05
    16000  3.045e-06  1.995e-06  7.014e-05  3.330e-12  4.486e-12 |  3.045e-06  3.430e-06 |  7.014e-05  7.900e-05
    17000  2.703e-06  1.771e-06  6.226e-05  3.973e-12  3.210e-12 |  2.703e-06  3.045e-06 |  6.226e-05  7.013e-05
    18000  2.400e-06  1.572e-06  5.527e-05  3.527e-12  2.849e-12 |  2.400e-06  2.703e-06 |  5.527e-05  6.226e-05
    19000  2.130e-06  1.396e-06  4.907e-05  4.218e-12  1.998e-12 |  2.130e-06  2.399e-06 |  4.907e-05  5.527e-05
    20000  1.891e-06  1.239e-06  4.356e-05  3.745e-12  1.770e-12 |  1.891e-06  2.130e-06 |  4.356e-05  4.906e-05

  final state
    iters status            velocity L2            dp/dx     q signed err     cb(i+j)       cb(i)       cb(j)     fit rms     u res     v res     p res      cont      sec
    20000 MaxIterations 2.283100003e-02    -1.2428878770 -4.288787704e-02  -1.047e-02  +6.735e-01  +4.648e-04  6.7821e-01  1.89e-06  1.24e-06  4.36e-05  3.74e-12    219.8
exit 0
# end 2026-09-17T09:54:00Z
