# P12-GRAD-002-DRIFT-001 drift_probe  tree=repo
# libcfdcore.a 143a1dda0680bc1d481a0360095ca7c643ffc9e2a2dc53bbd1d55d5a8202132a
# probe binary 9b3a59b712f6a7c1fffda3fdd8cb1c6f667e32493258e668310c42764f0f183c
# case inputs  c1d4c750b66cc7ec (poiseuille_distorted) 2b5d1c097786ef6b (curved_channel_multiblock)
# args: dir:cases/channel_transpiration_graded 48 0 rc ckpt 5000,20000,20001
# start 2026-09-17T10:06:06Z
# case dir:cases/channel_transpiration_graded 48x0 variant rc mode ckpt; cells 1152
# settings: tol u 2.0e-05 p 5.0e-04 c 1.0e-06 | alpha 0.70/0.30 | nonOrth 0 | grad GG | conv 2 | flux rhie_chow | mom 1 rel 1e-08 | pres 0 rel 1e-08
# generic committed case (no analytical reference): 'velocity L2' = RMS speed, q = fitted mean dp/dx, q signed err = q

  committed gate
    iters status            velocity L2        fit dp/dx     q signed err     cb(i+j)       cb(i)       cb(j)     fit rms     u res     v res     p res      cont      sec
       72 Converged     2.343138184e+00    -4.2784861341 +0.000000000e+00  +1.307e-02  +2.373e-02  +2.670e-03  1.7984e+00  1.78e-05  1.02e-05  5.47e-07  2.87e-12      0.8

  checkpoints (unreachable tolerance; state after exactly N iterations)
    iters status            velocity L2        fit dp/dx     q signed err     cb(i+j)       cb(i)       cb(j)     fit rms     u res     v res     p res      cont      sec
     5000 MaxIterations 2.343138459e+00    -4.2784864095 +0.000000000e+00  +1.307e-02  +2.373e-02  +2.670e-03  1.7984e+00  8.92e-11  9.67e-11  7.90e-11  2.33e-12     51.6
    20000 MaxIterations 2.343138459e+00    -4.2784864095 +0.000000000e+00  +1.307e-02  +2.373e-02  +2.670e-03  1.7984e+00  8.92e-11  9.67e-11  7.90e-11  2.33e-12    238.4
    20001 MaxIterations 2.343138459e+00    -4.2784864095 +0.000000000e+00  +1.307e-02  +2.373e-02  +2.670e-03  1.7984e+00  8.92e-11  9.67e-11  7.90e-11  2.33e-12    208.8

  field change: max |du| and max |dp| between consecutive rows (first row vs gate)
       72 ->    5000  max|du| 5.8540e-05  max|dp| 1.8987e-04  d(velocity L2) +2.7514e-07  d(q) -2.7534e-07
     5000 ->   20000  max|du| 0.0000e+00  max|dp| 0.0000e+00  d(velocity L2) +0.0000e+00  d(q) +0.0000e+00
    20000 ->   20001  max|du| 0.0000e+00  max|dp| 0.0000e+00  d(velocity L2) +0.0000e+00  d(q) +0.0000e+00
exit 0
# end 2026-09-17T10:14:26Z
