# P12-GRAD-002-DRIFT-001 drift_probe  tree=repo
# libcfdcore.a 143a1dda0680bc1d481a0360095ca7c643ffc9e2a2dc53bbd1d55d5a8202132a
# probe binary 9b3a59b712f6a7c1fffda3fdd8cb1c6f667e32493258e668310c42764f0f183c
# case inputs  c1d4c750b66cc7ec (poiseuille_distorted) 2b5d1c097786ef6b (curved_channel_multiblock)
# args: dir:cases/lid_driven_cavity_40x40 40 0 base ckpt 5000,20000,20001
# start 2026-09-17T10:06:07Z
# case dir:cases/lid_driven_cavity_40x40 40x0 variant base mode ckpt; cells 1600
# settings: tol u 1.0e-06 p 1.0e-06 c 1.0e-06 | alpha 0.70/0.30 | nonOrth 0 | grad GG | conv 0 | flux automatic | mom 1 rel 1e-08 | pres 1 rel 1e-06
# generic committed case (no analytical reference): 'velocity L2' = RMS speed, q = fitted mean dp/dx, q signed err = q

  committed gate
    iters status            velocity L2        fit dp/dx     q signed err     cb(i+j)       cb(i)       cb(j)     fit rms     u res     v res     p res      cont      sec
     6159 Converged     2.491166557e-01     0.1009973204 +0.000000000e+00  +4.398e-03  -1.717e-02  -3.128e-03  9.4961e-02  2.80e-08  1.73e-08  9.99e-07  9.22e-09     81.0

  checkpoints (unreachable tolerance; state after exactly N iterations)
    iters status            velocity L2        fit dp/dx     q signed err     cb(i+j)       cb(i)       cb(j)     fit rms     u res     v res     p res      cont      sec
     5000 MaxIterations 2.491166416e-01     0.1009933544 +0.000000000e+00  +4.340e-03  -1.691e-02  -3.085e-03  9.4917e-02  5.30e-08  2.68e-08  1.93e-06  7.47e-09     78.6
    20000 MaxIterations 2.491166706e-01     0.1010011371 +0.000000000e+00  +4.532e-03  -1.741e-02  -3.168e-03  9.5003e-02  7.52e-11  6.76e-11  1.00e-08  6.82e-09    266.0
    20001 MaxIterations 2.491166706e-01     0.1010011371 +0.000000000e+00  +4.532e-03  -1.741e-02  -3.168e-03  9.5003e-02  7.52e-11  6.76e-11  1.00e-08  6.82e-09    215.1

  field change: max |du| and max |dp| between consecutive rows (first row vs gate)
     6159 ->    5000  max|du| 2.0593e-05  max|dp| 6.4471e-04  d(velocity L2) -1.4090e-08  d(q) -3.9661e-06
     5000 ->   20000  max|du| 4.2894e-05  max|dp| 1.4334e-03  d(velocity L2) +2.9047e-08  d(q) +7.7828e-06
    20000 ->   20001  max|du| 0.0000e+00  max|dp| 0.0000e+00  d(velocity L2) +0.0000e+00  d(q) +0.0000e+00
exit 0
# end 2026-09-17T10:16:47Z
