# P12-GRAD-002-DRIFT-001 drift_probe  tree=repo
# libcfdcore.a 143a1dda0680bc1d481a0360095ca7c643ffc9e2a2dc53bbd1d55d5a8202132a
# probe binary 9b3a59b712f6a7c1fffda3fdd8cb1c6f667e32493258e668310c42764f0f183c
# case inputs  c1d4c750b66cc7ec (poiseuille_distorted) 2b5d1c097786ef6b (curved_channel_multiblock)
# args: dir:cases/lid_driven_cavity 20 0 rc ckpt 5000,20000,20001
# start 2026-09-17T10:06:06Z
# case dir:cases/lid_driven_cavity 20x0 variant rc mode ckpt; cells 400
# settings: tol u 1.0e-06 p 1.0e-06 c 1.0e-06 | alpha 0.70/0.30 | nonOrth 0 | grad GG | conv 0 | flux rhie_chow | mom 1 rel 1e-08 | pres 1 rel 1e-08
# generic committed case (no analytical reference): 'velocity L2' = RMS speed, q = fitted mean dp/dx, q signed err = q

  committed gate
    iters status            velocity L2        fit dp/dx     q signed err     cb(i+j)       cb(i)       cb(j)     fit rms     u res     v res     p res      cont      sec
      115 Converged     2.366164333e-01     0.1034542540 +0.000000000e+00  +1.390e-03  -2.131e-03  -1.271e-03  6.9602e-02  9.81e-07  9.70e-07  1.83e-07  4.80e-11      0.4

  checkpoints (unreachable tolerance; state after exactly N iterations)
    iters status            velocity L2        fit dp/dx     q signed err     cb(i+j)       cb(i)       cb(j)     fit rms     u res     v res     p res      cont      sec
     5000 MaxIterations 2.366342854e-01     0.1034540992 +0.000000000e+00  +1.390e-03  -2.131e-03  -1.271e-03  6.9605e-02  8.87e-11  9.86e-11  8.46e-11  2.67e-11     14.9
    20000 MaxIterations 2.366342854e-01     0.1034540992 +0.000000000e+00  +1.390e-03  -2.131e-03  -1.271e-03  6.9605e-02  8.87e-11  9.86e-11  8.46e-11  2.67e-11     65.2
    20001 MaxIterations 2.366342854e-01     0.1034540992 +0.000000000e+00  +1.390e-03  -2.131e-03  -1.271e-03  6.9605e-02  8.87e-11  9.86e-11  8.46e-11  2.67e-11     72.1

  field change: max |du| and max |dp| between consecutive rows (first row vs gate)
      115 ->    5000  max|du| 6.6519e-05  max|dp| 2.4661e-05  d(velocity L2) +1.7852e-05  d(q) -1.5480e-07
     5000 ->   20000  max|du| 0.0000e+00  max|dp| 0.0000e+00  d(velocity L2) +0.0000e+00  d(q) +0.0000e+00
    20000 ->   20001  max|du| 0.0000e+00  max|dp| 0.0000e+00  d(velocity L2) +0.0000e+00  d(q) +0.0000e+00
exit 0
# end 2026-09-17T10:08:39Z
