# P12-GRAD-002-DRIFT-001 drift_probe  tree=repo
# libcfdcore.a 143a1dda0680bc1d481a0360095ca7c643ffc9e2a2dc53bbd1d55d5a8202132a
# probe binary 9b3a59b712f6a7c1fffda3fdd8cb1c6f667e32493258e668310c42764f0f183c
# case inputs  c1d4c750b66cc7ec (poiseuille_distorted) 2b5d1c097786ef6b (curved_channel_multiblock)
# args: dir:cases/poiseuille_flow 64 0 base ckpt 5000,20000,20001
# start 2026-09-17T10:06:07Z
# case dir:cases/poiseuille_flow 64x0 variant base mode ckpt; cells 512
# settings: tol u 2.0e-05 p 5.0e-04 c 1.0e-06 | alpha 0.70/0.30 | nonOrth 0 | grad GG | conv 0 | flux automatic | mom 1 rel 1e-08 | pres 1 rel 1e-06
# generic committed case (no analytical reference): 'velocity L2' = RMS speed, q = fitted mean dp/dx, q signed err = q

  committed gate
    iters status            velocity L2        fit dp/dx     q signed err     cb(i+j)       cb(i)       cb(j)     fit rms     u res     v res     p res      cont      sec
     1524 Converged     1.083494416e+00    -1.2120494301 +0.000000000e+00  -5.515e-10  +9.076e-02  -3.617e-12  2.4206e-01  2.00e-05  3.78e-07  2.22e-04  4.33e-10      4.6

  checkpoints (unreachable tolerance; state after exactly N iterations)
    iters status            velocity L2        fit dp/dx     q signed err     cb(i+j)       cb(i)       cb(j)     fit rms     u res     v res     p res      cont      sec
     5000 MaxIterations 1.083506103e+00    -1.2122189611 +0.000000000e+00  -5.788e-10  +1.626e-01  -4.855e-12  2.7789e-01  4.13e-06  6.57e-08  9.76e-05  4.39e-10     22.2
    20000 MaxIterations 1.083514625e+00    -1.2134970763 +0.000000000e+00  -2.046e-09  +3.162e-01  -9.116e-12  3.7061e-01  1.28e-06  1.40e-08  4.21e-05  4.35e-10    104.6
    20001 MaxIterations 1.083514623e+00    -1.2134973346 +0.000000000e+00  -2.041e-09  +3.162e-01  -9.112e-12  3.7062e-01  1.28e-06  1.39e-08  4.21e-05  4.23e-10    125.7

  field change: max |du| and max |dp| between consecutive rows (first row vs gate)
     1524 ->    5000  max|du| 1.7824e-03  max|dp| 1.3535e-01  d(velocity L2) +1.1687e-05  d(q) -1.6953e-04
     5000 ->   20000  max|du| 1.3166e-03  max|dp| 3.2194e-01  d(velocity L2) +8.5227e-06  d(q) -1.2781e-03
    20000 ->   20001  max|du| 8.7955e-08  max|dp| 1.5344e-05  d(velocity L2) -2.7603e-09  d(q) -2.5833e-07
exit 0
# end 2026-09-17T10:10:24Z
