# P12-GRAD-002-DRIFT-001 drift_probe  tree=repo
# libcfdcore.a 143a1dda0680bc1d481a0360095ca7c643ffc9e2a2dc53bbd1d55d5a8202132a
# probe binary 9b3a59b712f6a7c1fffda3fdd8cb1c6f667e32493258e668310c42764f0f183c
# case inputs  c1d4c750b66cc7ec (poiseuille_distorted) 2b5d1c097786ef6b (curved_channel_multiblock)
# args: dir:cases/poiseuille_flow 64 0 rc ckpt 5000,20000,20001
# start 2026-09-17T10:06:07Z
# case dir:cases/poiseuille_flow 64x0 variant rc mode ckpt; cells 512
# settings: tol u 2.0e-05 p 5.0e-04 c 1.0e-06 | alpha 0.70/0.30 | nonOrth 0 | grad GG | conv 0 | flux rhie_chow | mom 1 rel 1e-08 | pres 1 rel 1e-06
# generic committed case (no analytical reference): 'velocity L2' = RMS speed, q = fitted mean dp/dx, q signed err = q

  committed gate
    iters status            velocity L2        fit dp/dx     q signed err     cb(i+j)       cb(i)       cb(j)     fit rms     u res     v res     p res      cont      sec
       29 Converged     1.082796354e+00    -1.2101602292 +0.000000000e+00  -6.138e-11  +6.362e-03  +1.174e-13  1.4241e-01  1.52e-05  9.39e-06  5.01e-06  4.24e-10      0.1

  checkpoints (unreachable tolerance; state after exactly N iterations)
    iters status            velocity L2        fit dp/dx     q signed err     cb(i+j)       cb(i)       cb(j)     fit rms     u res     v res     p res      cont      sec
     5000 MaxIterations 1.082796802e+00    -1.2101546028 +0.000000000e+00  +5.010e-11  +6.362e-03  -6.838e-13  1.4241e-01  9.29e-11  9.46e-11  8.55e-09  3.78e-10     14.6
    20000 MaxIterations 1.082796802e+00    -1.2101546028 +0.000000000e+00  +5.010e-11  +6.362e-03  -6.838e-13  1.4241e-01  9.29e-11  9.46e-11  8.55e-09  3.78e-10     73.6
    20001 MaxIterations 1.082796802e+00    -1.2101546028 +0.000000000e+00  +5.010e-11  +6.362e-03  -6.838e-13  1.4241e-01  9.29e-11  9.46e-11  8.55e-09  3.78e-10     85.8

  field change: max |du| and max |dp| between consecutive rows (first row vs gate)
       29 ->    5000  max|du| 2.2204e-05  max|dp| 4.0606e-05  d(velocity L2) +4.4852e-07  d(q) +5.6265e-06
     5000 ->   20000  max|du| 0.0000e+00  max|dp| 0.0000e+00  d(velocity L2) +0.0000e+00  d(q) +0.0000e+00
    20000 ->   20001  max|du| 0.0000e+00  max|dp| 0.0000e+00  d(velocity L2) +0.0000e+00  d(q) +0.0000e+00
exit 0
# end 2026-09-17T10:09:01Z
