round5 done 2026-09-17T11:09:22Z
/CFDApp/results/p12-grad-002/drift-001/tools/drift_probe.cpp:348:15: warning: missing terminating " character
  348 |   std::printf("  (sq rows add: split-window dp/dx signed errors [0.50,0.675]L | [0.675,0.85]L)
      |               ^
/mnt/c/Users/Hasib/Desktop/CFDAPP/CFDApp/results/p12-grad-002/drift-001/tools/drift_probe.cpp:348:15: error: missing terminating " character
  348 |   std::printf("  (sq rows add: split-window dp/dx signed errors [0.50,0.675]L | [0.675,0.85]L)
      |               ^~~~~~~~~~~~~~~~~~~~~~~~~~~~~~~~~~~~~~~~~~~~~~~~~~~~~~~~~~~~~~~~~~~~~~~~~~~~~~~~
/mnt/c/Users/Hasib/Desktop/CFDAPP/CFDApp/results/p12-grad-002/drift-001/tools/drift_probe.cpp:349:1: warning: missing terminating " character
  349 | ");
      | ^
/mnt/c/Users/Hasib/Desktop/CFDAPP/CFDApp/results/p12-grad-002/drift-001/tools/drift_probe.cpp:349:1: error: missing terminating " character
  349 | ");
      | ^~~
/mnt/c/Users/Hasib/Desktop/CFDAPP/CFDApp/results/p12-grad-002/drift-001/tools/drift_probe.cpp:359:47: warning: missing terminating " character
  359 |   if (m.qA != 0.0 || m.qB != 0.0) std::printf("          split dp/dx err %+.6e | %+.6e
      |                                               ^
/mnt/c/Users/Hasib/Desktop/CFDAPP/CFDApp/results/p12-grad-002/drift-001/tools/drift_probe.cpp:359:47: error: missing terminating " character
  359 |   if (m.qA != 0.0 || m.qB != 0.0) std::printf("          split dp/dx err %+.6e | %+.6e
      |                                               ^~~~~~~~~~~~~~~~~~~~~~~~~~~~~~~~~~~~~~~~
/mnt/c/Users/Hasib/Desktop/CFDAPP/CFDApp/results/p12-grad-002/drift-001/tools/drift_probe.cpp:360:1: warning: missing terminating " character
  360 | ", m.qA, m.qB);
      | ^
/mnt/c/Users/Hasib/Desktop/CFDAPP/CFDApp/results/p12-grad-002/drift-001/tools/drift_probe.cpp:360:1: error: missing terminating " character
  360 | ", m.qA, m.qB);
      | ^~~~~~~~~~~~~~~
/mnt/c/Users/Hasib/Desktop/CFDAPP/CFDApp/results/p12-grad-002/drift-001/tools/drift_probe.cpp: In function ‘void {anonymous}::printHeader(const char*)’:
/mnt/c/Users/Hasib/Desktop/CFDAPP/CFDApp/results/p12-grad-002/drift-001/tools/drift_probe.cpp:350:1: error: expected primary-expression before ‘}’ token
  350 | }
      | ^
/mnt/c/Users/Hasib/Desktop/CFDAPP/CFDApp/results/p12-grad-002/drift-001/tools/drift_probe.cpp: In function ‘void {anonymous}::printRow(const {anonymous}::Run&)’:
/mnt/c/Users/Hasib/Desktop/CFDAPP/CFDApp/results/p12-grad-002/drift-001/tools/drift_probe.cpp:361:1: error: expected primary-expression before ‘}’ token
  361 | }
      | ^
/mnt/c/Users/Hasib/Desktop/CFDAPP/CFDApp/results/p12-grad-002/drift-001/tools/drift_probe.cpp:348:15: warning: missing terminating " character
  348 |   std::printf("  (sq rows add: split-window dp/dx signed errors [0.50,0.675]L | [0.675,0.85]L)
      |               ^
/mnt/c/Users/Hasib/Desktop/CFDAPP/CFDApp/results/p12-grad-002/drift-001/tools/drift_probe.cpp:348:15: error: missing terminating " character
  348 |   std::printf("  (sq rows add: split-window dp/dx signed errors [0.50,0.675]L | [0.675,0.85]L)
      |               ^~~~~~~~~~~~~~~~~~~~~~~~~~~~~~~~~~~~~~~~~~~~~~~~~~~~~~~~~~~~~~~~~~~~~~~~~~~~~~~~
/mnt/c/Users/Hasib/Desktop/CFDAPP/CFDApp/results/p12-grad-002/drift-001/tools/drift_probe.cpp:349:1: warning: missing terminating " character
  349 | ");
      | ^
/mnt/c/Users/Hasib/Desktop/CFDAPP/CFDApp/results/p12-grad-002/drift-001/tools/drift_probe.cpp:349:1: error: missing terminating " character
  349 | ");
      | ^~~
/mnt/c/Users/Hasib/Desktop/CFDAPP/CFDApp/results/p12-grad-002/drift-001/tools/drift_probe.cpp:359:47: warning: missing terminating " character
  359 |   if (m.qA != 0.0 || m.qB != 0.0) std::printf("          split dp/dx err %+.6e | %+.6e
      |                                               ^
/mnt/c/Users/Hasib/Desktop/CFDAPP/CFDApp/results/p12-grad-002/drift-001/tools/drift_probe.cpp:359:47: error: missing terminating " character
  359 |   if (m.qA != 0.0 || m.qB != 0.0) std::printf("          split dp/dx err %+.6e | %+.6e
      |                                               ^~~~~~~~~~~~~~~~~~~~~~~~~~~~~~~~~~~~~~~~
/mnt/c/Users/Hasib/Desktop/CFDAPP/CFDApp/results/p12-grad-002/drift-001/tools/drift_probe.cpp:360:1: warning: missing terminating " character
  360 | ", m.qA, m.qB);
      | ^
/mnt/c/Users/Hasib/Desktop/CFDAPP/CFDApp/results/p12-grad-002/drift-001/tools/drift_probe.cpp:360:1: error: missing terminating " character
  360 | ", m.qA, m.qB);
      | ^~~~~~~~~~~~~~~
/mnt/c/Users/Hasib/Desktop/CFDAPP/CFDApp/results/p12-grad-002/drift-001/tools/drift_probe.cpp: In function ‘void {anonymous}::printHeader(const char*)’:
/mnt/c/Users/Hasib/Desktop/CFDAPP/CFDApp/results/p12-grad-002/drift-001/tools/drift_probe.cpp:350:1: error: expected primary-expression before ‘}’ token
  350 | }
      | ^
/mnt/c/Users/Hasib/Desktop/CFDAPP/CFDApp/results/p12-grad-002/drift-001/tools/drift_probe.cpp: In function ‘void {anonymous}::printRow(const {anonymous}::Run&)’:
/mnt/c/Users/Hasib/Desktop/CFDAPP/CFDApp/results/p12-grad-002/drift-001/tools/drift_probe.cpp:361:1: error: expected primary-expression before ‘}’ token
  361 | }
      | ^
/mnt/c/Users/Hasib/Desktop/CFDAPP/CFDApp/results/p12-grad-002/drift-001/tools/drift_probe.cpp:348:15: warning: missing terminating " character
  348 |   std::printf("  (sq rows add: split-window dp/dx signed errors [0.50,0.675]L | [0.675,0.85]L)
      |               ^
/mnt/c/Users/Hasib/Desktop/CFDAPP/CFDApp/results/p12-grad-002/drift-001/tools/drift_probe.cpp:348:15: error: missing terminating " character
  348 |   std::printf("  (sq rows add: split-window dp/dx signed errors [0.50,0.675]L | [0.675,0.85]L)
      |               ^~~~~~~~~~~~~~~~~~~~~~~~~~~~~~~~~~~~~~~~~~~~~~~~~~~~~~~~~~~~~~~~~~~~~~~~~~~~~~~~
/mnt/c/Users/Hasib/Desktop/CFDAPP/CFDApp/results/p12-grad-002/drift-001/tools/drift_probe.cpp:349:1: warning: missing terminating " character
  349 | ");
      | ^
/mnt/c/Users/Hasib/Desktop/CFDAPP/CFDApp/results/p12-grad-002/drift-001/tools/drift_probe.cpp:349:1: error: missing terminating " character
  349 | ");
      | ^~~
/mnt/c/Users/Hasib/Desktop/CFDAPP/CFDApp/results/p12-grad-002/drift-001/tools/drift_probe.cpp:359:47: warning: missing terminating " character
  359 |   if (m.qA != 0.0 || m.qB != 0.0) std::printf("          split dp/dx err %+.6e | %+.6e
      |                                               ^
/mnt/c/Users/Hasib/Desktop/CFDAPP/CFDApp/results/p12-grad-002/drift-001/tools/drift_probe.cpp:359:47: error: missing terminating " character
  359 |   if (m.qA != 0.0 || m.qB != 0.0) std::printf("          split dp/dx err %+.6e | %+.6e
      |                                               ^~~~~~~~~~~~~~~~~~~~~~~~~~~~~~~~~~~~~~~~
/mnt/c/Users/Hasib/Desktop/CFDAPP/CFDApp/results/p12-grad-002/drift-001/tools/drift_probe.cpp:360:1: warning: missing terminating " character
  360 | ", m.qA, m.qB);
      | ^
/mnt/c/Users/Hasib/Desktop/CFDAPP/CFDApp/results/p12-grad-002/drift-001/tools/drift_probe.cpp:360:1: error: missing terminating " character
  360 | ", m.qA, m.qB);
      | ^~~~~~~~~~~~~~~
/mnt/c/Users/Hasib/Desktop/CFDAPP/CFDApp/results/p12-grad-002/drift-001/tools/drift_probe.cpp: In function ‘void {anonymous}::printHeader(const char*)’:
/mnt/c/Users/Hasib/Desktop/CFDAPP/CFDApp/results/p12-grad-002/drift-001/tools/drift_probe.cpp:350:1: error: expected primary-expression before ‘}’ token
  350 | }
      | ^
/mnt/c/Users/Hasib/Desktop/CFDAPP/CFDApp/results/p12-grad-002/drift-001/tools/drift_probe.cpp: In function ‘void {anonymous}::printRow(const {anonymous}::Run&)’:
/mnt/c/Users/Hasib/Desktop/CFDAPP/CFDApp/results/p12-grad-002/drift-001/tools/drift_probe.cpp:361:1: error: expected primary-expression before ‘}’ token
  361 | }
      | ^
/mnt/c/Users/Hasib/Desktop/CFDAPP/CFDApp/results/p12-grad-002/drift-001/tools/drift_probe.cpp:348:15: warning: missing terminating " character
  348 |   std::printf("  (sq rows add: split-window dp/dx signed errors [0.50,0.675]L | [0.675,0.85]L)
      |               ^
/mnt/c/Users/Hasib/Desktop/CFDAPP/CFDApp/results/p12-grad-002/drift-001/tools/drift_probe.cpp:348:15: error: missing terminating " character
  348 |   std::printf("  (sq rows add: split-window dp/dx signed errors [0.50,0.675]L | [0.675,0.85]L)
      |               ^~~~~~~~~~~~~~~~~~~~~~~~~~~~~~~~~~~~~~~~~~~~~~~~~~~~~~~~~~~~~~~~~~~~~~~~~~~~~~~~
/mnt/c/Users/Hasib/Desktop/CFDAPP/CFDApp/results/p12-grad-002/drift-001/tools/drift_probe.cpp:349:1: warning: missing terminating " character
  349 | ");
      | ^
/mnt/c/Users/Hasib/Desktop/CFDAPP/CFDApp/results/p12-grad-002/drift-001/tools/drift_probe.cpp:349:1: error: missing terminating " character
  349 | ");
      | ^~~
/mnt/c/Users/Hasib/Desktop/CFDAPP/CFDApp/results/p12-grad-002/drift-001/tools/drift_probe.cpp:359:47: warning: missing terminating " character
  359 |   if (m.qA != 0.0 || m.qB != 0.0) std::printf("          split dp/dx err %+.6e | %+.6e
      |                                               ^
/mnt/c/Users/Hasib/Desktop/CFDAPP/CFDApp/results/p12-grad-002/drift-001/tools/drift_probe.cpp:359:47: error: missing terminating " character
  359 |   if (m.qA != 0.0 || m.qB != 0.0) std::printf("          split dp/dx err %+.6e | %+.6e
      |                                               ^~~~~~~~~~~~~~~~~~~~~~~~~~~~~~~~~~~~~~~~
/mnt/c/Users/Hasib/Desktop/CFDAPP/CFDApp/results/p12-grad-002/drift-001/tools/drift_probe.cpp:360:1: warning: missing terminating " character
  360 | ", m.qA, m.qB);
      | ^
/mnt/c/Users/Hasib/Desktop/CFDAPP/CFDApp/results/p12-grad-002/drift-001/tools/drift_probe.cpp:360:1: error: missing terminating " character
  360 | ", m.qA, m.qB);
      | ^~~~~~~~~~~~~~~
/mnt/c/Users/Hasib/Desktop/CFDAPP/CFDApp/results/p12-grad-002/drift-001/tools/drift_probe.cpp: In function ‘void {anonymous}::printHeader(const char*)’:
/mnt/c/Users/Hasib/Desktop/CFDAPP/CFDApp/results/p12-grad-002/drift-001/tools/drift_probe.cpp:350:1: error: expected primary-expression before ‘}’ token
  350 | }
      | ^
/mnt/c/Users/Hasib/Desktop/CFDAPP/CFDApp/results/p12-grad-002/drift-001/tools/drift_probe.cpp: In function ‘void {anonymous}::printRow(const {anonymous}::Run&)’:
/mnt/c/Users/Hasib/Desktop/CFDAPP/CFDApp/results/p12-grad-002/drift-001/tools/drift_probe.cpp:361:1: error: expected primary-expression before ‘}’ token
  361 | }
      | ^
/mnt/c/Users/Hasib/Desktop/CFDAPP/CFDApp/results/p12-grad-002/drift-001/tools/drift_probe.cpp:348:15: warning: missing terminating " character
  348 |   std::printf("  (sq rows add: split-window dp/dx signed errors [0.50,0.675]L | [0.675,0.85]L)
      |               ^
/mnt/c/Users/Hasib/Desktop/CFDAPP/CFDApp/results/p12-grad-002/drift-001/tools/drift_probe.cpp:348:15: error: missing terminating " character
  348 |   std::printf("  (sq rows add: split-window dp/dx signed errors [0.50,0.675]L | [0.675,0.85]L)
      |               ^~~~~~~~~~~~~~~~~~~~~~~~~~~~~~~~~~~~~~~~~~~~~~~~~~~~~~~~~~~~~~~~~~~~~~~~~~~~~~~~
/mnt/c/Users/Hasib/Desktop/CFDAPP/CFDApp/results/p12-grad-002/drift-001/tools/drift_probe.cpp:349:1: warning: missing terminating " character
  349 | ");
      | ^
/mnt/c/Users/Hasib/Desktop/CFDAPP/CFDApp/results/p12-grad-002/drift-001/tools/drift_probe.cpp:349:1: error: missing terminating " character
  349 | ");
      | ^~~
/mnt/c/Users/Hasib/Desktop/CFDAPP/CFDApp/results/p12-grad-002/drift-001/tools/drift_probe.cpp:359:47: warning: missing terminating " character
  359 |   if (m.qA != 0.0 || m.qB != 0.0) std::printf("          split dp/dx err %+.6e | %+.6e
      |                                               ^
/mnt/c/Users/Hasib/Desktop/CFDAPP/CFDApp/results/p12-grad-002/drift-001/tools/drift_probe.cpp:359:47: error: missing terminating " character
  359 |   if (m.qA != 0.0 || m.qB != 0.0) std::printf("          split dp/dx err %+.6e | %+.6e
      |                                               ^~~~~~~~~~~~~~~~~~~~~~~~~~~~~~~~~~~~~~~~
/mnt/c/Users/Hasib/Desktop/CFDAPP/CFDApp/results/p12-grad-002/drift-001/tools/drift_probe.cpp:360:1: warning: missing terminating " character
  360 | ", m.qA, m.qB);
      | ^
/mnt/c/Users/Hasib/Desktop/CFDAPP/CFDApp/results/p12-grad-002/drift-001/tools/drift_probe.cpp:360:1: error: missing terminating " character
  360 | ", m.qA, m.qB);
      | ^~~~~~~~~~~~~~~
/mnt/c/Users/Hasib/Desktop/CFDAPP/CFDApp/results/p12-grad-002/drift-001/tools/drift_probe.cpp: In function ‘void {anonymous}::printHeader(const char*)’:
/mnt/c/Users/Hasib/Desktop/CFDAPP/CFDApp/results/p12-grad-002/drift-001/tools/drift_probe.cpp:350:1: error: expected primary-expression before ‘}’ token
  350 | }
      | ^
/mnt/c/Users/Hasib/Desktop/CFDAPP/CFDApp/results/p12-grad-002/drift-001/tools/drift_probe.cpp: In function ‘void {anonymous}::printRow(const {anonymous}::Run&)’:
/mnt/c/Users/Hasib/Desktop/CFDAPP/CFDApp/results/p12-grad-002/drift-001/tools/drift_probe.cpp:361:1: error: expected primary-expression before ‘}’ token
  361 | }
      | ^
/mnt/c/Users/Hasib/Desktop/CFDAPP/CFDApp/results/p12-grad-002/drift-001/tools/drift_probe.cpp:348:15: warning: missing terminating " character
  348 |   std::printf("  (sq rows add: split-window dp/dx signed errors [0.50,0.675]L | [0.675,0.85]L)
      |               ^
/mnt/c/Users/Hasib/Desktop/CFDAPP/CFDApp/results/p12-grad-002/drift-001/tools/drift_probe.cpp:348:15: error: missing terminating " character
  348 |   std::printf("  (sq rows add: split-window dp/dx signed errors [0.50,0.675]L | [0.675,0.85]L)
      |               ^~~~~~~~~~~~~~~~~~~~~~~~~~~~~~~~~~~~~~~~~~~~~~~~~~~~~~~~~~~~~~~~~~~~~~~~~~~~~~~~
/mnt/c/Users/Hasib/Desktop/CFDAPP/CFDApp/results/p12-grad-002/drift-001/tools/drift_probe.cpp:349:1: warning: missing terminating " character
  349 | ");
      | ^
/mnt/c/Users/Hasib/Desktop/CFDAPP/CFDApp/results/p12-grad-002/drift-001/tools/drift_probe.cpp:349:1: error: missing terminating " character
  349 | ");
      | ^~~
/mnt/c/Users/Hasib/Desktop/CFDAPP/CFDApp/results/p12-grad-002/drift-001/tools/drift_probe.cpp:359:47: warning: missing terminating " character
  359 |   if (m.qA != 0.0 || m.qB != 0.0) std::printf("          split dp/dx err %+.6e | %+.6e
      |                                               ^
/mnt/c/Users/Hasib/Desktop/CFDAPP/CFDApp/results/p12-grad-002/drift-001/tools/drift_probe.cpp:359:47: error: missing terminating " character
  359 |   if (m.qA != 0.0 || m.qB != 0.0) std::printf("          split dp/dx err %+.6e | %+.6e
      |                                               ^~~~~~~~~~~~~~~~~~~~~~~~~~~~~~~~~~~~~~~~
/mnt/c/Users/Hasib/Desktop/CFDAPP/CFDApp/results/p12-grad-002/drift-001/tools/drift_probe.cpp:360:1: warning: missing terminating " character
  360 | ", m.qA, m.qB);
      | ^
/mnt/c/Users/Hasib/Desktop/CFDAPP/CFDApp/results/p12-grad-002/drift-001/tools/drift_probe.cpp:360:1: error: missing terminating " character
  360 | ", m.qA, m.qB);
      | ^~~~~~~~~~~~~~~
/mnt/c/Users/Hasib/Desktop/CFDAPP/CFDApp/results/p12-grad-002/drift-001/tools/drift_probe.cpp: In function ‘void {anonymous}::printHeader(const char*)’:
/mnt/c/Users/Hasib/Desktop/CFDAPP/CFDApp/results/p12-grad-002/drift-001/tools/drift_probe.cpp:350:1: error: expected primary-expression before ‘}’ token
  350 | }
      | ^
/mnt/c/Users/Hasib/Desktop/CFDAPP/CFDApp/results/p12-grad-002/drift-001/tools/drift_probe.cpp: In function ‘void {anonymous}::printRow(const {anonymous}::Run&)’:
/mnt/c/Users/Hasib/Desktop/CFDAPP/CFDApp/results/p12-grad-002/drift-001/tools/drift_probe.cpp:361:1: error: expected primary-expression before ‘}’ token
  361 | }
      | ^
/mnt/c/Users/Hasib/Desktop/CFDAPP/CFDApp/results/p12-grad-002/drift-001/tools/drift_probe.cpp:348:15: warning: missing terminating " character
  348 |   std::printf("  (sq rows add: split-window dp/dx signed errors [0.50,0.675]L | [0.675,0.85]L)
      |               ^
/mnt/c/Users/Hasib/Desktop/CFDAPP/CFDApp/results/p12-grad-002/drift-001/tools/drift_probe.cpp:348:15: error: missing terminating " character
  348 |   std::printf("  (sq rows add: split-window dp/dx signed errors [0.50,0.675]L | [0.675,0.85]L)
      |               ^~~~~~~~~~~~~~~~~~~~~~~~~~~~~~~~~~~~~~~~~~~~~~~~~~~~~~~~~~~~~~~~~~~~~~~~~~~~~~~~
/mnt/c/Users/Hasib/Desktop/CFDAPP/CFDApp/results/p12-grad-002/drift-001/tools/drift_probe.cpp:349:1: warning: missing terminating " character
  349 | ");
      | ^
/mnt/c/Users/Hasib/Desktop/CFDAPP/CFDApp/results/p12-grad-002/drift-001/tools/drift_probe.cpp:349:1: error: missing terminating " character
  349 | ");
      | ^~~
/mnt/c/Users/Hasib/Desktop/CFDAPP/CFDApp/results/p12-grad-002/drift-001/tools/drift_probe.cpp:359:47: warning: missing terminating " character
  359 |   if (m.qA != 0.0 || m.qB != 0.0) std::printf("          split dp/dx err %+.6e | %+.6e
      |                                               ^
/mnt/c/Users/Hasib/Desktop/CFDAPP/CFDApp/results/p12-grad-002/drift-001/tools/drift_probe.cpp:359:47: error: missing terminating " character
  359 |   if (m.qA != 0.0 || m.qB != 0.0) std::printf("          split dp/dx err %+.6e | %+.6e
      |                                               ^~~~~~~~~~~~~~~~~~~~~~~~~~~~~~~~~~~~~~~~
/mnt/c/Users/Hasib/Desktop/CFDAPP/CFDApp/results/p12-grad-002/drift-001/tools/drift_probe.cpp:360:1: warning: missing terminating " character
  360 | ", m.qA, m.qB);
      | ^
/mnt/c/Users/Hasib/Desktop/CFDAPP/CFDApp/results/p12-grad-002/drift-001/tools/drift_probe.cpp:360:1: error: missing terminating " character
  360 | ", m.qA, m.qB);
      | ^~~~~~~~~~~~~~~
/mnt/c/Users/Hasib/Desktop/CFDAPP/CFDApp/results/p12-grad-002/drift-001/tools/drift_probe.cpp: In function ‘void {anonymous}::printHeader(const char*)’:
/mnt/c/Users/Hasib/Desktop/CFDAPP/CFDApp/results/p12-grad-002/drift-001/tools/drift_probe.cpp:350:1: error: expected primary-expression before ‘}’ token
  350 | }
      | ^
/mnt/c/Users/Hasib/Desktop/CFDAPP/CFDApp/results/p12-grad-002/drift-001/tools/drift_probe.cpp: In function ‘void {anonymous}::printRow(const {anonymous}::Run&)’:
/mnt/c/Users/Hasib/Desktop/CFDAPP/CFDApp/results/p12-grad-002/drift-001/tools/drift_probe.cpp:361:1: error: expected primary-expression before ‘}’ token
  361 | }
      | ^
/mnt/c/Users/Hasib/Desktop/CFDAPP/CFDApp/results/p12-grad-002/drift-001/tools/drift_probe.cpp:348:15: warning: missing terminating " character
  348 |   std::printf("  (sq rows add: split-window dp/dx signed errors [0.50,0.675]L | [0.675,0.85]L)
      |               ^
/mnt/c/Users/Hasib/Desktop/CFDAPP/CFDApp/results/p12-grad-002/drift-001/tools/drift_probe.cpp:348:15: error: missing terminating " character
  348 |   std::printf("  (sq rows add: split-window dp/dx signed errors [0.50,0.675]L | [0.675,0.85]L)
      |               ^~~~~~~~~~~~~~~~~~~~~~~~~~~~~~~~~~~~~~~~~~~~~~~~~~~~~~~~~~~~~~~~~~~~~~~~~~~~~~~~
/mnt/c/Users/Hasib/Desktop/CFDAPP/CFDApp/results/p12-grad-002/drift-001/tools/drift_probe.cpp:349:1: warning: missing terminating " character
  349 | ");
      | ^
/mnt/c/Users/Hasib/Desktop/CFDAPP/CFDApp/results/p12-grad-002/drift-001/tools/drift_probe.cpp:349:1: error: missing terminating " character
  349 | ");
      | ^~~
/mnt/c/Users/Hasib/Desktop/CFDAPP/CFDApp/results/p12-grad-002/drift-001/tools/drift_probe.cpp:359:47: warning: missing terminating " character
  359 |   if (m.qA != 0.0 || m.qB != 0.0) std::printf("          split dp/dx err %+.6e | %+.6e
      |                                               ^
/mnt/c/Users/Hasib/Desktop/CFDAPP/CFDApp/results/p12-grad-002/drift-001/tools/drift_probe.cpp:359:47: error: missing terminating " character
  359 |   if (m.qA != 0.0 || m.qB != 0.0) std::printf("          split dp/dx err %+.6e | %+.6e
      |                                               ^~~~~~~~~~~~~~~~~~~~~~~~~~~~~~~~~~~~~~~~
/mnt/c/Users/Hasib/Desktop/CFDAPP/CFDApp/results/p12-grad-002/drift-001/tools/drift_probe.cpp:360:1: warning: missing terminating " character
  360 | ", m.qA, m.qB);
      | ^
/mnt/c/Users/Hasib/Desktop/CFDAPP/CFDApp/results/p12-grad-002/drift-001/tools/drift_probe.cpp:360:1: error: missing terminating " character
  360 | ", m.qA, m.qB);
      | ^~~~~~~~~~~~~~~
/mnt/c/Users/Hasib/Desktop/CFDAPP/CFDApp/results/p12-grad-002/drift-001/tools/drift_probe.cpp: In function ‘void {anonymous}::printHeader(const char*)’:
/mnt/c/Users/Hasib/Desktop/CFDAPP/CFDApp/results/p12-grad-002/drift-001/tools/drift_probe.cpp:350:1: error: expected primary-expression before ‘}’ token
  350 | }
      | ^
/mnt/c/Users/Hasib/Desktop/CFDAPP/CFDApp/results/p12-grad-002/drift-001/tools/drift_probe.cpp: In function ‘void {anonymous}::printRow(const {anonymous}::Run&)’:
/mnt/c/Users/Hasib/Desktop/CFDAPP/CFDApp/results/p12-grad-002/drift-001/tools/drift_probe.cpp:361:1: error: expected primary-expression before ‘}’ token
  361 | }
      | ^
/mnt/c/Users/Hasib/Desktop/CFDAPP/CFDApp/results/p12-grad-002/drift-001/tools/drift_probe.cpp:348:15: warning: missing terminating " character
  348 |   std::printf("  (sq rows add: split-window dp/dx signed errors [0.50,0.675]L | [0.675,0.85]L)
      |               ^
/mnt/c/Users/Hasib/Desktop/CFDAPP/CFDApp/results/p12-grad-002/drift-001/tools/drift_probe.cpp:348:15: error: missing terminating " character
  348 |   std::printf("  (sq rows add: split-window dp/dx signed errors [0.50,0.675]L | [0.675,0.85]L)
      |               ^~~~~~~~~~~~~~~~~~~~~~~~~~~~~~~~~~~~~~~~~~~~~~~~~~~~~~~~~~~~~~~~~~~~~~~~~~~~~~~~
/mnt/c/Users/Hasib/Desktop/CFDAPP/CFDApp/results/p12-grad-002/drift-001/tools/drift_probe.cpp:349:1: warning: missing terminating " character
  349 | ");
      | ^
/mnt/c/Users/Hasib/Desktop/CFDAPP/CFDApp/results/p12-grad-002/drift-001/tools/drift_probe.cpp:349:1: error: missing terminating " character
  349 | ");
      | ^~~
/mnt/c/Users/Hasib/Desktop/CFDAPP/CFDApp/results/p12-grad-002/drift-001/tools/drift_probe.cpp:359:47: warning: missing terminating " character
  359 |   if (m.qA != 0.0 || m.qB != 0.0) std::printf("          split dp/dx err %+.6e | %+.6e
      |                                               ^
/mnt/c/Users/Hasib/Desktop/CFDAPP/CFDApp/results/p12-grad-002/drift-001/tools/drift_probe.cpp:359:47: error: missing terminating " character
  359 |   if (m.qA != 0.0 || m.qB != 0.0) std::printf("          split dp/dx err %+.6e | %+.6e
      |                                               ^~~~~~~~~~~~~~~~~~~~~~~~~~~~~~~~~~~~~~~~
/mnt/c/Users/Hasib/Desktop/CFDAPP/CFDApp/results/p12-grad-002/drift-001/tools/drift_probe.cpp:360:1: warning: missing terminating " character
  360 | ", m.qA, m.qB);
      | ^
/mnt/c/Users/Hasib/Desktop/CFDAPP/CFDApp/results/p12-grad-002/drift-001/tools/drift_probe.cpp:360:1: error: missing terminating " character
  360 | ", m.qA, m.qB);
      | ^~~~~~~~~~~~~~~
/mnt/c/Users/Hasib/Desktop/CFDAPP/CFDApp/results/p12-grad-002/drift-001/tools/drift_probe.cpp: In function ‘void {anonymous}::printHeader(const char*)’:
/mnt/c/Users/Hasib/Desktop/CFDAPP/CFDApp/results/p12-grad-002/drift-001/tools/drift_probe.cpp:350:1: error: expected primary-expression before ‘}’ token
  350 | }
      | ^
/mnt/c/Users/Hasib/Desktop/CFDAPP/CFDApp/results/p12-grad-002/drift-001/tools/drift_probe.cpp: In function ‘void {anonymous}::printRow(const {anonymous}::Run&)’:
/mnt/c/Users/Hasib/Desktop/CFDAPP/CFDApp/results/p12-grad-002/drift-001/tools/drift_probe.cpp:361:1: error: expected primary-expression before ‘}’ token
  361 | }
      | ^
/mnt/c/Users/Hasib/Desktop/CFDAPP/CFDApp/results/p12-grad-002/drift-001/tools/drift_probe.cpp:348:15: warning: missing terminating " character
  348 |   std::printf("  (sq rows add: split-window dp/dx signed errors [0.50,0.675]L | [0.675,0.85]L)
      |               ^
/mnt/c/Users/Hasib/Desktop/CFDAPP/CFDApp/results/p12-grad-002/drift-001/tools/drift_probe.cpp:348:15: error: missing terminating " character
  348 |   std::printf("  (sq rows add: split-window dp/dx signed errors [0.50,0.675]L | [0.675,0.85]L)
      |               ^~~~~~~~~~~~~~~~~~~~~~~~~~~~~~~~~~~~~~~~~~~~~~~~~~~~~~~~~~~~~~~~~~~~~~~~~~~~~~~~
/mnt/c/Users/Hasib/Desktop/CFDAPP/CFDApp/results/p12-grad-002/drift-001/tools/drift_probe.cpp:349:1: warning: missing terminating " character
  349 | ");
      | ^
/mnt/c/Users/Hasib/Desktop/CFDAPP/CFDApp/results/p12-grad-002/drift-001/tools/drift_probe.cpp:349:1: error: missing terminating " character
  349 | ");
      | ^~~
/mnt/c/Users/Hasib/Desktop/CFDAPP/CFDApp/results/p12-grad-002/drift-001/tools/drift_probe.cpp:359:47: warning: missing terminating " character
  359 |   if (m.qA != 0.0 || m.qB != 0.0) std::printf("          split dp/dx err %+.6e | %+.6e
      |                                               ^
/mnt/c/Users/Hasib/Desktop/CFDAPP/CFDApp/results/p12-grad-002/drift-001/tools/drift_probe.cpp:359:47: error: missing terminating " character
  359 |   if (m.qA != 0.0 || m.qB != 0.0) std::printf("          split dp/dx err %+.6e | %+.6e
      |                                               ^~~~~~~~~~~~~~~~~~~~~~~~~~~~~~~~~~~~~~~~
/mnt/c/Users/Hasib/Desktop/CFDAPP/CFDApp/results/p12-grad-002/drift-001/tools/drift_probe.cpp:360:1: warning: missing terminating " character
  360 | ", m.qA, m.qB);
      | ^
/mnt/c/Users/Hasib/Desktop/CFDAPP/CFDApp/results/p12-grad-002/drift-001/tools/drift_probe.cpp:360:1: error: missing terminating " character
  360 | ", m.qA, m.qB);
      | ^~~~~~~~~~~~~~~
/mnt/c/Users/Hasib/Desktop/CFDAPP/CFDApp/results/p12-grad-002/drift-001/tools/drift_probe.cpp: In function ‘void {anonymous}::printHeader(const char*)’:
/mnt/c/Users/Hasib/Desktop/CFDAPP/CFDApp/results/p12-grad-002/drift-001/tools/drift_probe.cpp:350:1: error: expected primary-expression before ‘}’ token
  350 | }
      | ^
/mnt/c/Users/Hasib/Desktop/CFDAPP/CFDApp/results/p12-grad-002/drift-001/tools/drift_probe.cpp: In function ‘void {anonymous}::printRow(const {anonymous}::Run&)’:
/mnt/c/Users/Hasib/Desktop/CFDAPP/CFDApp/results/p12-grad-002/drift-001/tools/drift_probe.cpp:361:1: error: expected primary-expression before ‘}’ token
  361 | }
      | ^
/mnt/c/Users/Hasib/Desktop/CFDAPP/CFDApp/results/p12-grad-002/drift-001/tools/drift_probe.cpp:348:15: warning: missing terminating " character
  348 |   std::printf("  (sq rows add: split-window dp/dx signed errors [0.50,0.675]L | [0.675,0.85]L)
      |               ^
/mnt/c/Users/Hasib/Desktop/CFDAPP/CFDApp/results/p12-grad-002/drift-001/tools/drift_probe.cpp:348:15: error: missing terminating " character
  348 |   std::printf("  (sq rows add: split-window dp/dx signed errors [0.50,0.675]L | [0.675,0.85]L)
      |               ^~~~~~~~~~~~~~~~~~~~~~~~~~~~~~~~~~~~~~~~~~~~~~~~~~~~~~~~~~~~~~~~~~~~~~~~~~~~~~~~
/mnt/c/Users/Hasib/Desktop/CFDAPP/CFDApp/results/p12-grad-002/drift-001/tools/drift_probe.cpp:349:1: warning: missing terminating " character
  349 | ");
      | ^
/mnt/c/Users/Hasib/Desktop/CFDAPP/CFDApp/results/p12-grad-002/drift-001/tools/drift_probe.cpp:349:1: error: missing terminating " character
  349 | ");
      | ^~~
/mnt/c/Users/Hasib/Desktop/CFDAPP/CFDApp/results/p12-grad-002/drift-001/tools/drift_probe.cpp:359:47: warning: missing terminating " character
  359 |   if (m.qA != 0.0 || m.qB != 0.0) std::printf("          split dp/dx err %+.6e | %+.6e
      |                                               ^
/mnt/c/Users/Hasib/Desktop/CFDAPP/CFDApp/results/p12-grad-002/drift-001/tools/drift_probe.cpp:359:47: error: missing terminating " character
  359 |   if (m.qA != 0.0 || m.qB != 0.0) std::printf("          split dp/dx err %+.6e | %+.6e
      |                                               ^~~~~~~~~~~~~~~~~~~~~~~~~~~~~~~~~~~~~~~~
/mnt/c/Users/Hasib/Desktop/CFDAPP/CFDApp/results/p12-grad-002/drift-001/tools/drift_probe.cpp:360:1: warning: missing terminating " character
  360 | ", m.qA, m.qB);
      | ^
/mnt/c/Users/Hasib/Desktop/CFDAPP/CFDApp/results/p12-grad-002/drift-001/tools/drift_probe.cpp:360:1: error: missing terminating " character
  360 | ", m.qA, m.qB);
      | ^~~~~~~~~~~~~~~
/mnt/c/Users/Hasib/Desktop/CFDAPP/CFDApp/results/p12-grad-002/drift-001/tools/drift_probe.cpp: In function ‘void {anonymous}::printHeader(const char*)’:
/mnt/c/Users/Hasib/Desktop/CFDAPP/CFDApp/results/p12-grad-002/drift-001/tools/drift_probe.cpp:350:1: error: expected primary-expression before ‘}’ token
  350 | }
      | ^
/mnt/c/Users/Hasib/Desktop/CFDAPP/CFDApp/results/p12-grad-002/drift-001/tools/drift_probe.cpp: In function ‘void {anonymous}::printRow(const {anonymous}::Run&)’:
/mnt/c/Users/Hasib/Desktop/CFDAPP/CFDApp/results/p12-grad-002/drift-001/tools/drift_probe.cpp:361:1: error: expected primary-expression before ‘}’ token
  361 | }
      | ^
/mnt/c/Users/Hasib/Desktop/CFDAPP/CFDApp/results/p12-grad-002/drift-001/tools/drift_probe.cpp:348:15: warning: missing terminating " character
  348 |   std::printf("  (sq rows add: split-window dp/dx signed errors [0.50,0.675]L | [0.675,0.85]L)
      |               ^
/mnt/c/Users/Hasib/Desktop/CFDAPP/CFDApp/results/p12-grad-002/drift-001/tools/drift_probe.cpp:348:15: error: missing terminating " character
  348 |   std::printf("  (sq rows add: split-window dp/dx signed errors [0.50,0.675]L | [0.675,0.85]L)
      |               ^~~~~~~~~~~~~~~~~~~~~~~~~~~~~~~~~~~~~~~~~~~~~~~~~~~~~~~~~~~~~~~~~~~~~~~~~~~~~~~~
/mnt/c/Users/Hasib/Desktop/CFDAPP/CFDApp/results/p12-grad-002/drift-001/tools/drift_probe.cpp:349:1: warning: missing terminating " character
  349 | ");
      | ^
/mnt/c/Users/Hasib/Desktop/CFDAPP/CFDApp/results/p12-grad-002/drift-001/tools/drift_probe.cpp:349:1: error: missing terminating " character
  349 | ");
      | ^~~
/mnt/c/Users/Hasib/Desktop/CFDAPP/CFDApp/results/p12-grad-002/drift-001/tools/drift_probe.cpp:359:47: warning: missing terminating " character
  359 |   if (m.qA != 0.0 || m.qB != 0.0) std::printf("          split dp/dx err %+.6e | %+.6e
      |                                               ^
/mnt/c/Users/Hasib/Desktop/CFDAPP/CFDApp/results/p12-grad-002/drift-001/tools/drift_probe.cpp:359:47: error: missing terminating " character
  359 |   if (m.qA != 0.0 || m.qB != 0.0) std::printf("          split dp/dx err %+.6e | %+.6e
      |                                               ^~~~~~~~~~~~~~~~~~~~~~~~~~~~~~~~~~~~~~~~
/mnt/c/Users/Hasib/Desktop/CFDAPP/CFDApp/results/p12-grad-002/drift-001/tools/drift_probe.cpp:360:1: warning: missing terminating " character
  360 | ", m.qA, m.qB);
      | ^
/mnt/c/Users/Hasib/Desktop/CFDAPP/CFDApp/results/p12-grad-002/drift-001/tools/drift_probe.cpp:360:1: error: missing terminating " character
  360 | ", m.qA, m.qB);
      | ^~~~~~~~~~~~~~~
/mnt/c/Users/Hasib/Desktop/CFDAPP/CFDApp/results/p12-grad-002/drift-001/tools/drift_probe.cpp: In function ‘void {anonymous}::printHeader(const char*)’:
/mnt/c/Users/Hasib/Desktop/CFDAPP/CFDApp/results/p12-grad-002/drift-001/tools/drift_probe.cpp:350:1: error: expected primary-expression before ‘}’ token
  350 | }
      | ^
/mnt/c/Users/Hasib/Desktop/CFDAPP/CFDApp/results/p12-grad-002/drift-001/tools/drift_probe.cpp: In function ‘void {anonymous}::printRow(const {anonymous}::Run&)’:
/mnt/c/Users/Hasib/Desktop/CFDAPP/CFDApp/results/p12-grad-002/drift-001/tools/drift_probe.cpp:361:1: error: expected primary-expression before ‘}’ token
  361 | }
      | ^
/mnt/c/Users/Hasib/Desktop/CFDAPP/CFDApp/results/p12-grad-002/drift-001/tools/drift_probe.cpp:348:15: warning: missing terminating " character
  348 |   std::printf("  (sq rows add: split-window dp/dx signed errors [0.50,0.675]L | [0.675,0.85]L)
      |               ^
/mnt/c/Users/Hasib/Desktop/CFDAPP/CFDApp/results/p12-grad-002/drift-001/tools/drift_probe.cpp:348:15: error: missing terminating " character
  348 |   std::printf("  (sq rows add: split-window dp/dx signed errors [0.50,0.675]L | [0.675,0.85]L)
      |               ^~~~~~~~~~~~~~~~~~~~~~~~~~~~~~~~~~~~~~~~~~~~~~~~~~~~~~~~~~~~~~~~~~~~~~~~~~~~~~~~
/mnt/c/Users/Hasib/Desktop/CFDAPP/CFDApp/results/p12-grad-002/drift-001/tools/drift_probe.cpp:349:1: warning: missing terminating " character
  349 | ");
      | ^
/mnt/c/Users/Hasib/Desktop/CFDAPP/CFDApp/results/p12-grad-002/drift-001/tools/drift_probe.cpp:349:1: error: missing terminating " character
  349 | ");
      | ^~~
/mnt/c/Users/Hasib/Desktop/CFDAPP/CFDApp/results/p12-grad-002/drift-001/tools/drift_probe.cpp:359:47: warning: missing terminating " character
  359 |   if (m.qA != 0.0 || m.qB != 0.0) std::printf("          split dp/dx err %+.6e | %+.6e
      |                                               ^
/mnt/c/Users/Hasib/Desktop/CFDAPP/CFDApp/results/p12-grad-002/drift-001/tools/drift_probe.cpp:359:47: error: missing terminating " character
  359 |   if (m.qA != 0.0 || m.qB != 0.0) std::printf("          split dp/dx err %+.6e | %+.6e
      |                                               ^~~~~~~~~~~~~~~~~~~~~~~~~~~~~~~~~~~~~~~~
/mnt/c/Users/Hasib/Desktop/CFDAPP/CFDApp/results/p12-grad-002/drift-001/tools/drift_probe.cpp:360:1: warning: missing terminating " character
  360 | ", m.qA, m.qB);
      | ^
/mnt/c/Users/Hasib/Desktop/CFDAPP/CFDApp/results/p12-grad-002/drift-001/tools/drift_probe.cpp:360:1: error: missing terminating " character
  360 | ", m.qA, m.qB);
      | ^~~~~~~~~~~~~~~
/mnt/c/Users/Hasib/Desktop/CFDAPP/CFDApp/results/p12-grad-002/drift-001/tools/drift_probe.cpp: In function ‘void {anonymous}::printHeader(const char*)’:
/mnt/c/Users/Hasib/Desktop/CFDAPP/CFDApp/results/p12-grad-002/drift-001/tools/drift_probe.cpp:350:1: error: expected primary-expression before ‘}’ token
  350 | }
      | ^
/mnt/c/Users/Hasib/Desktop/CFDAPP/CFDApp/results/p12-grad-002/drift-001/tools/drift_probe.cpp: In function ‘void {anonymous}::printRow(const {anonymous}::Run&)’:
/mnt/c/Users/Hasib/Desktop/CFDAPP/CFDApp/results/p12-grad-002/drift-001/tools/drift_probe.cpp:361:1: error: expected primary-expression before ‘}’ token
  361 | }
      | ^
/mnt/c/Users/Hasib/Desktop/CFDAPP/CFDApp/results/p12-grad-002/drift-001/tools/drift_probe.cpp:348:15: warning: missing terminating " character
  348 |   std::printf("  (sq rows add: split-window dp/dx signed errors [0.50,0.675]L | [0.675,0.85]L)
      |               ^
/mnt/c/Users/Hasib/Desktop/CFDAPP/CFDApp/results/p12-grad-002/drift-001/tools/drift_probe.cpp:348:15: error: missing terminating " character
  348 |   std::printf("  (sq rows add: split-window dp/dx signed errors [0.50,0.675]L | [0.675,0.85]L)
      |               ^~~~~~~~~~~~~~~~~~~~~~~~~~~~~~~~~~~~~~~~~~~~~~~~~~~~~~~~~~~~~~~~~~~~~~~~~~~~~~~~
/mnt/c/Users/Hasib/Desktop/CFDAPP/CFDApp/results/p12-grad-002/drift-001/tools/drift_probe.cpp:349:1: warning: missing terminating " character
  349 | ");
      | ^
/mnt/c/Users/Hasib/Desktop/CFDAPP/CFDApp/results/p12-grad-002/drift-001/tools/drift_probe.cpp:349:1: error: missing terminating " character
  349 | ");
      | ^~~
/mnt/c/Users/Hasib/Desktop/CFDAPP/CFDApp/results/p12-grad-002/drift-001/tools/drift_probe.cpp:359:47: warning: missing terminating " character
  359 |   if (m.qA != 0.0 || m.qB != 0.0) std::printf("          split dp/dx err %+.6e | %+.6e
      |                                               ^
/mnt/c/Users/Hasib/Desktop/CFDAPP/CFDApp/results/p12-grad-002/drift-001/tools/drift_probe.cpp:359:47: error: missing terminating " character
  359 |   if (m.qA != 0.0 || m.qB != 0.0) std::printf("          split dp/dx err %+.6e | %+.6e
      |                                               ^~~~~~~~~~~~~~~~~~~~~~~~~~~~~~~~~~~~~~~~
/mnt/c/Users/Hasib/Desktop/CFDAPP/CFDApp/results/p12-grad-002/drift-001/tools/drift_probe.cpp:360:1: warning: missing terminating " character
  360 | ", m.qA, m.qB);
      | ^
/mnt/c/Users/Hasib/Desktop/CFDAPP/CFDApp/results/p12-grad-002/drift-001/tools/drift_probe.cpp:360:1: error: missing terminating " character
  360 | ", m.qA, m.qB);
      | ^~~~~~~~~~~~~~~
/mnt/c/Users/Hasib/Desktop/CFDAPP/CFDApp/results/p12-grad-002/drift-001/tools/drift_probe.cpp: In function ‘void {anonymous}::printHeader(const char*)’:
/mnt/c/Users/Hasib/Desktop/CFDAPP/CFDApp/results/p12-grad-002/drift-001/tools/drift_probe.cpp:350:1: error: expected primary-expression before ‘}’ token
  350 | }
      | ^
/mnt/c/Users/Hasib/Desktop/CFDAPP/CFDApp/results/p12-grad-002/drift-001/tools/drift_probe.cpp: In function ‘void {anonymous}::printRow(const {anonymous}::Run&)’:
/mnt/c/Users/Hasib/Desktop/CFDAPP/CFDApp/results/p12-grad-002/drift-001/tools/drift_probe.cpp:361:1: error: expected primary-expression before ‘}’ token
  361 | }
      | ^
/mnt/c/Users/Hasib/Desktop/CFDAPP/CFDApp/results/p12-grad-002/drift-001/tools/drift_probe.cpp:348:15: warning: missing terminating " character
  348 |   std::printf("  (sq rows add: split-window dp/dx signed errors [0.50,0.675]L | [0.675,0.85]L)
      |               ^
/mnt/c/Users/Hasib/Desktop/CFDAPP/CFDApp/results/p12-grad-002/drift-001/tools/drift_probe.cpp:348:15: error: missing terminating " character
  348 |   std::printf("  (sq rows add: split-window dp/dx signed errors [0.50,0.675]L | [0.675,0.85]L)
      |               ^~~~~~~~~~~~~~~~~~~~~~~~~~~~~~~~~~~~~~~~~~~~~~~~~~~~~~~~~~~~~~~~~~~~~~~~~~~~~~~~
/mnt/c/Users/Hasib/Desktop/CFDAPP/CFDApp/results/p12-grad-002/drift-001/tools/drift_probe.cpp:349:1: warning: missing terminating " character
  349 | ");
      | ^
/mnt/c/Users/Hasib/Desktop/CFDAPP/CFDApp/results/p12-grad-002/drift-001/tools/drift_probe.cpp:349:1: error: missing terminating " character
  349 | ");
      | ^~~
/mnt/c/Users/Hasib/Desktop/CFDAPP/CFDApp/results/p12-grad-002/drift-001/tools/drift_probe.cpp:359:47: warning: missing terminating " character
  359 |   if (m.qA != 0.0 || m.qB != 0.0) std::printf("          split dp/dx err %+.6e | %+.6e
      |                                               ^
/mnt/c/Users/Hasib/Desktop/CFDAPP/CFDApp/results/p12-grad-002/drift-001/tools/drift_probe.cpp:359:47: error: missing terminating " character
  359 |   if (m.qA != 0.0 || m.qB != 0.0) std::printf("          split dp/dx err %+.6e | %+.6e
      |                                               ^~~~~~~~~~~~~~~~~~~~~~~~~~~~~~~~~~~~~~~~
/mnt/c/Users/Hasib/Desktop/CFDAPP/CFDApp/results/p12-grad-002/drift-001/tools/drift_probe.cpp:360:1: warning: missing terminating " character
  360 | ", m.qA, m.qB);
      | ^
/mnt/c/Users/Hasib/Desktop/CFDAPP/CFDApp/results/p12-grad-002/drift-001/tools/drift_probe.cpp:360:1: error: missing terminating " character
  360 | ", m.qA, m.qB);
      | ^~~~~~~~~~~~~~~
/mnt/c/Users/Hasib/Desktop/CFDAPP/CFDApp/results/p12-grad-002/drift-001/tools/drift_probe.cpp: In function ‘void {anonymous}::printHeader(const char*)’:
/mnt/c/Users/Hasib/Desktop/CFDAPP/CFDApp/results/p12-grad-002/drift-001/tools/drift_probe.cpp:350:1: error: expected primary-expression before ‘}’ token
  350 | }
      | ^
/mnt/c/Users/Hasib/Desktop/CFDAPP/CFDApp/results/p12-grad-002/drift-001/tools/drift_probe.cpp: In function ‘void {anonymous}::printRow(const {anonymous}::Run&)’:
/mnt/c/Users/Hasib/Desktop/CFDAPP/CFDApp/results/p12-grad-002/drift-001/tools/drift_probe.cpp:361:1: error: expected primary-expression before ‘}’ token
  361 | }
      | ^
/mnt/c/Users/Hasib/Desktop/CFDAPP/CFDApp/results/p12-grad-002/drift-001/tools/drift_probe.cpp:348:15: warning: missing terminating " character
  348 |   std::printf("  (sq rows add: split-window dp/dx signed errors [0.50,0.675]L | [0.675,0.85]L)
      |               ^
/mnt/c/Users/Hasib/Desktop/CFDAPP/CFDApp/results/p12-grad-002/drift-001/tools/drift_probe.cpp:348:15: error: missing terminating " character
  348 |   std::printf("  (sq rows add: split-window dp/dx signed errors [0.50,0.675]L | [0.675,0.85]L)
      |               ^~~~~~~~~~~~~~~~~~~~~~~~~~~~~~~~~~~~~~~~~~~~~~~~~~~~~~~~~~~~~~~~~~~~~~~~~~~~~~~~
/mnt/c/Users/Hasib/Desktop/CFDAPP/CFDApp/results/p12-grad-002/drift-001/tools/drift_probe.cpp:349:1: warning: missing terminating " character
  349 | ");
      | ^
/mnt/c/Users/Hasib/Desktop/CFDAPP/CFDApp/results/p12-grad-002/drift-001/tools/drift_probe.cpp:349:1: error: missing terminating " character
  349 | ");
      | ^~~
/mnt/c/Users/Hasib/Desktop/CFDAPP/CFDApp/results/p12-grad-002/drift-001/tools/drift_probe.cpp:359:47: warning: missing terminating " character
  359 |   if (m.qA != 0.0 || m.qB != 0.0) std::printf("          split dp/dx err %+.6e | %+.6e
      |                                               ^
/mnt/c/Users/Hasib/Desktop/CFDAPP/CFDApp/results/p12-grad-002/drift-001/tools/drift_probe.cpp:359:47: error: missing terminating " character
  359 |   if (m.qA != 0.0 || m.qB != 0.0) std::printf("          split dp/dx err %+.6e | %+.6e
      |                                               ^~~~~~~~~~~~~~~~~~~~~~~~~~~~~~~~~~~~~~~~
/mnt/c/Users/Hasib/Desktop/CFDAPP/CFDApp/results/p12-grad-002/drift-001/tools/drift_probe.cpp:360:1: warning: missing terminating " character
  360 | ", m.qA, m.qB);
      | ^
/mnt/c/Users/Hasib/Desktop/CFDAPP/CFDApp/results/p12-grad-002/drift-001/tools/drift_probe.cpp:360:1: error: missing terminating " character
  360 | ", m.qA, m.qB);
      | ^~~~~~~~~~~~~~~
/mnt/c/Users/Hasib/Desktop/CFDAPP/CFDApp/results/p12-grad-002/drift-001/tools/drift_probe.cpp: In function ‘void {anonymous}::printHeader(const char*)’:
/mnt/c/Users/Hasib/Desktop/CFDAPP/CFDApp/results/p12-grad-002/drift-001/tools/drift_probe.cpp:350:1: error: expected primary-expression before ‘}’ token
  350 | }
      | ^
/mnt/c/Users/Hasib/Desktop/CFDAPP/CFDApp/results/p12-grad-002/drift-001/tools/drift_probe.cpp: In function ‘void {anonymous}::printRow(const {anonymous}::Run&)’:
/mnt/c/Users/Hasib/Desktop/CFDAPP/CFDApp/results/p12-grad-002/drift-001/tools/drift_probe.cpp:361:1: error: expected primary-expression before ‘}’ token
  361 | }
      | ^
/mnt/c/Users/Hasib/Desktop/CFDAPP/CFDApp/results/p12-grad-002/drift-001/tools/drift_probe.cpp:348:15: warning: missing terminating " character
  348 |   std::printf("  (sq rows add: split-window dp/dx signed errors [0.50,0.675]L | [0.675,0.85]L)
      |               ^
/mnt/c/Users/Hasib/Desktop/CFDAPP/CFDApp/results/p12-grad-002/drift-001/tools/drift_probe.cpp:348:15: error: missing terminating " character
  348 |   std::printf("  (sq rows add: split-window dp/dx signed errors [0.50,0.675]L | [0.675,0.85]L)
      |               ^~~~~~~~~~~~~~~~~~~~~~~~~~~~~~~~~~~~~~~~~~~~~~~~~~~~~~~~~~~~~~~~~~~~~~~~~~~~~~~~
/mnt/c/Users/Hasib/Desktop/CFDAPP/CFDApp/results/p12-grad-002/drift-001/tools/drift_probe.cpp:349:1: warning: missing terminating " character
  349 | ");
      | ^
/mnt/c/Users/Hasib/Desktop/CFDAPP/CFDApp/results/p12-grad-002/drift-001/tools/drift_probe.cpp:349:1: error: missing terminating " character
  349 | ");
      | ^~~
/mnt/c/Users/Hasib/Desktop/CFDAPP/CFDApp/results/p12-grad-002/drift-001/tools/drift_probe.cpp:359:47: warning: missing terminating " character
  359 |   if (m.qA != 0.0 || m.qB != 0.0) std::printf("          split dp/dx err %+.6e | %+.6e
      |                                               ^
/mnt/c/Users/Hasib/Desktop/CFDAPP/CFDApp/results/p12-grad-002/drift-001/tools/drift_probe.cpp:359:47: error: missing terminating " character
  359 |   if (m.qA != 0.0 || m.qB != 0.0) std::printf("          split dp/dx err %+.6e | %+.6e
      |                                               ^~~~~~~~~~~~~~~~~~~~~~~~~~~~~~~~~~~~~~~~
/mnt/c/Users/Hasib/Desktop/CFDAPP/CFDApp/results/p12-grad-002/drift-001/tools/drift_probe.cpp:360:1: warning: missing terminating " character
  360 | ", m.qA, m.qB);
      | ^
/mnt/c/Users/Hasib/Desktop/CFDAPP/CFDApp/results/p12-grad-002/drift-001/tools/drift_probe.cpp:360:1: error: missing terminating " character
  360 | ", m.qA, m.qB);
      | ^~~~~~~~~~~~~~~
/mnt/c/Users/Hasib/Desktop/CFDAPP/CFDApp/results/p12-grad-002/drift-001/tools/drift_probe.cpp: In function ‘void {anonymous}::printHeader(const char*)’:
/mnt/c/Users/Hasib/Desktop/CFDAPP/CFDApp/results/p12-grad-002/drift-001/tools/drift_probe.cpp:350:1: error: expected primary-expression before ‘}’ token
  350 | }
      | ^
/mnt/c/Users/Hasib/Desktop/CFDAPP/CFDApp/results/p12-grad-002/drift-001/tools/drift_probe.cpp: In function ‘void {anonymous}::printRow(const {anonymous}::Run&)’:
/mnt/c/Users/Hasib/Desktop/CFDAPP/CFDApp/results/p12-grad-002/drift-001/tools/drift_probe.cpp:361:1: error: expected primary-expression before ‘}’ token
  361 | }
      | ^
/mnt/c/Users/Hasib/Desktop/CFDAPP/CFDApp/results/p12-grad-002/drift-001/tools/drift_probe.cpp:348:15: warning: missing terminating " character
  348 |   std::printf("  (sq rows add: split-window dp/dx signed errors [0.50,0.675]L | [0.675,0.85]L)
      |               ^
/mnt/c/Users/Hasib/Desktop/CFDAPP/CFDApp/results/p12-grad-002/drift-001/tools/drift_probe.cpp:348:15: error: missing terminating " character
  348 |   std::printf("  (sq rows add: split-window dp/dx signed errors [0.50,0.675]L | [0.675,0.85]L)
      |               ^~~~~~~~~~~~~~~~~~~~~~~~~~~~~~~~~~~~~~~~~~~~~~~~~~~~~~~~~~~~~~~~~~~~~~~~~~~~~~~~
/mnt/c/Users/Hasib/Desktop/CFDAPP/CFDApp/results/p12-grad-002/drift-001/tools/drift_probe.cpp:349:1: warning: missing terminating " character
  349 | ");
      | ^
/mnt/c/Users/Hasib/Desktop/CFDAPP/CFDApp/results/p12-grad-002/drift-001/tools/drift_probe.cpp:349:1: error: missing terminating " character
  349 | ");
      | ^~~
/mnt/c/Users/Hasib/Desktop/CFDAPP/CFDApp/results/p12-grad-002/drift-001/tools/drift_probe.cpp:359:47: warning: missing terminating " character
  359 |   if (m.qA != 0.0 || m.qB != 0.0) std::printf("          split dp/dx err %+.6e | %+.6e
      |                                               ^
/mnt/c/Users/Hasib/Desktop/CFDAPP/CFDApp/results/p12-grad-002/drift-001/tools/drift_probe.cpp:359:47: error: missing terminating " character
  359 |   if (m.qA != 0.0 || m.qB != 0.0) std::printf("          split dp/dx err %+.6e | %+.6e
      |                                               ^~~~~~~~~~~~~~~~~~~~~~~~~~~~~~~~~~~~~~~~
/mnt/c/Users/Hasib/Desktop/CFDAPP/CFDApp/results/p12-grad-002/drift-001/tools/drift_probe.cpp:360:1: warning: missing terminating " character
  360 | ", m.qA, m.qB);
      | ^
/mnt/c/Users/Hasib/Desktop/CFDAPP/CFDApp/results/p12-grad-002/drift-001/tools/drift_probe.cpp:360:1: error: missing terminating " character
  360 | ", m.qA, m.qB);
      | ^~~~~~~~~~~~~~~
/mnt/c/Users/Hasib/Desktop/CFDAPP/CFDApp/results/p12-grad-002/drift-001/tools/drift_probe.cpp: In function ‘void {anonymous}::printHeader(const char*)’:
/mnt/c/Users/Hasib/Desktop/CFDAPP/CFDApp/results/p12-grad-002/drift-001/tools/drift_probe.cpp:350:1: error: expected primary-expression before ‘}’ token
  350 | }
      | ^
/mnt/c/Users/Hasib/Desktop/CFDAPP/CFDApp/results/p12-grad-002/drift-001/tools/drift_probe.cpp: In function ‘void {anonymous}::printRow(const {anonymous}::Run&)’:
/mnt/c/Users/Hasib/Desktop/CFDAPP/CFDApp/results/p12-grad-002/drift-001/tools/drift_probe.cpp:361:1: error: expected primary-expression before ‘}’ token
  361 | }
      | ^
/mnt/c/Users/Hasib/Desktop/CFDAPP/CFDApp/results/p12-grad-002/drift-001/tools/run.sh: line 47: syntax error near unexpected token `)'
/mnt/c/Users/Hasib/Desktop/CFDAPP/CFDApp/results/p12-grad-002/drift-001/tools/run.sh: line 47: `curved_channel_multiblock/*.json | sha256sum | cut -c1-16) (curved_channel_multiblock)"'
/mnt/c/Users/Hasib/Desktop/CFDAPP/CFDApp/results/p12-grad-002/drift-001/tools/run.sh: line 47: syntax error near unexpected token `)'
/mnt/c/Users/Hasib/Desktop/CFDAPP/CFDApp/results/p12-grad-002/drift-001/tools/run.sh: line 47: `curved_channel_multiblock/*.json | sha256sum | cut -c1-16) (curved_channel_multiblock)"'
/mnt/c/Users/Hasib/Desktop/CFDAPP/CFDApp/results/p12-grad-002/drift-001/tools/run.sh: line 47: syntax error near unexpected token `)'
/mnt/c/Users/Hasib/Desktop/CFDAPP/CFDApp/results/p12-grad-002/drift-001/tools/run.sh: line 47: `curved_channel_multiblock/*.json | sha256sum | cut -c1-16) (curved_channel_multiblock)"'
/mnt/c/Users/Hasib/Desktop/CFDAPP/CFDApp/results/p12-grad-002/drift-001/tools/run.sh: line 47: syntax error near unexpected token `)'
/mnt/c/Users/Hasib/Desktop/CFDAPP/CFDApp/results/p12-grad-002/drift-001/tools/run.sh: line 47: `curved_channel_multiblock/*.json | sha256sum | cut -c1-16) (curved_channel_multiblock)"'
/mnt/c/Users/Hasib/Desktop/CFDAPP/CFDApp/results/p12-grad-002/drift-001/tools/run.sh: line 47: syntax error near unexpected token `)'
/mnt/c/Users/Hasib/Desktop/CFDAPP/CFDApp/results/p12-grad-002/drift-001/tools/run.sh: line 47: `curved_channel_multiblock/*.json | sha256sum | cut -c1-16) (curved_channel_multiblock)"'
/mnt/c/Users/Hasib/Desktop/CFDAPP/CFDApp/results/p12-grad-002/drift-001/tools/run.sh: line 47: syntax error near unexpected token `)'
/mnt/c/Users/Hasib/Desktop/CFDAPP/CFDApp/results/p12-grad-002/drift-001/tools/run.sh: line 47: `curved_channel_multiblock/*.json | sha256sum | cut -c1-16) (curved_channel_multiblock)"'
