# P12-GRAD-002-DRIFT-001 drift_probe  tree=repo
# libcfdcore.a 143a1dda0680bc1d481a0360095ca7c643ffc9e2a2dc53bbd1d55d5a8202132a
# probe source 5d8523db91c60e71  binary a013e302ab38c71d48384dcc96b717ddaa6055118119a9104fe0b310fe01e727
# case inputs  c1d4c750b66cc7ec (poiseuille_distorted) 2b5d1c097786ef6b (curved_channel_multiblock)
# args: sq0 144 18 base ckpt 20000
# start 2026-09-17T11:00:24Z
# case sq0 144x18 variant base mode ckpt; cells 2592
# settings: tol u 2.0e-05 p 5.0e-04 c 1.0e-06 | alpha 0.70/0.30 | nonOrth 1 | grad GG | conv 2 | flux automatic | mom 1 rel 1e-08 | pres 0 rel 1e-08
# exact dp/dx -1.2000000000

  committed gate
    iters status            velocity L2            dp/dx     q signed err     cb(i+j)       cb(i)       cb(j)     fit rms     u res     v res     p res      cont      sec
  (sq rows add: split-window dp/dx signed errors [0.50,0.675]L | [0.675,0.85]L)
      917 Converged     1.687898508e-03    -1.1981503436 +1.849656423e-03  -1.463e-10  -1.830e-06  -8.832e-13  6.1774e-06  2.00e-05  2.81e-06  1.04e-04  1.92e-12     36.6
          split dp/dx err +1.849039e-03 | +1.851654e-03

  checkpoints (unreachable tolerance; state after exactly N iterations)
    iters status            velocity L2            dp/dx     q signed err     cb(i+j)       cb(i)       cb(j)     fit rms     u res     v res     p res      cont      sec
  (sq rows add: split-window dp/dx signed errors [0.50,0.675]L | [0.675,0.85]L)
    20000 MaxIterations 1.697769501e-03    -1.2006351640 -6.351640247e-04  -1.054e-10  +4.909e-02  +2.798e-11  5.3514e-02  4.29e-07  2.24e-08  1.14e-05  1.88e-12    540.3
          split dp/dx err -2.406879e-03 | +3.943472e-03

  field change: max |du| and max |dp| between consecutive rows (first row vs gate)
      917 ->   20000  max|du| 2.1132e-03  max|dp| 2.6159e-01  d(velocity L2) +9.8710e-06  d(q) -2.4848e-03
exit 0
# end 2026-09-17T11:10:01Z
