# P12-GRAD-002-DRIFT-001 drift_probe  tree=repo
# libcfdcore.a 143a1dda0680bc1d481a0360095ca7c643ffc9e2a2dc53bbd1d55d5a8202132a
# probe source 5d8523db91c60e71  binary a013e302ab38c71d48384dcc96b717ddaa6055118119a9104fe0b310fe01e727
# case inputs  c1d4c750b66cc7ec (poiseuille_distorted) 2b5d1c097786ef6b (curved_channel_multiblock)
# args: sq0 96 12 base ckpt 20000
# start 2026-09-17T11:00:24Z
# case sq0 96x12 variant base mode ckpt; cells 1152
# settings: tol u 2.0e-05 p 5.0e-04 c 1.0e-06 | alpha 0.70/0.30 | nonOrth 1 | grad GG | conv 2 | flux automatic | mom 1 rel 1e-08 | pres 0 rel 1e-08
# exact dp/dx -1.2000000000

  committed gate
    iters status            velocity L2            dp/dx     q signed err     cb(i+j)       cb(i)       cb(j)     fit rms     u res     v res     p res      cont      sec
  (sq rows add: split-window dp/dx signed errors [0.50,0.675]L | [0.675,0.85]L)
     1228 Converged     3.790706137e-03    -1.1958567583 +4.143241696e-03  -6.026e-11  +1.969e-05  +1.222e-12  9.7351e-05  2.00e-05  1.60e-06  1.53e-04  2.45e-12     21.2
          split dp/dx err +4.103907e-03 | +4.162887e-03

  checkpoints (unreachable tolerance; state after exactly N iterations)
    iters status            velocity L2            dp/dx     q signed err     cb(i+j)       cb(i)       cb(j)     fit rms     u res     v res     p res      cont      sec
  (sq rows add: split-window dp/dx signed errors [0.50,0.675]L | [0.675,0.85]L)
    20000 MaxIterations 3.812064792e-03    -1.2046645260 -4.664525953e-03  -6.576e-11  +1.337e-01  +4.205e-12  1.3609e-01  6.51e-07  3.43e-08  2.47e-05  2.46e-12    301.1
          split dp/dx err -2.479447e-03 | +8.011172e-03

  field change: max |du| and max |dp| between consecutive rows (first row vs gate)
     1228 ->   20000  max|du| 3.0069e-03  max|dp| 2.9692e-01  d(velocity L2) +2.1359e-05  d(q) -8.8078e-03
exit 0
# end 2026-09-17T11:05:46Z
