# P12-GRAD-002-DRIFT-001 drift_probe  tree=repo
# libcfdcore.a 143a1dda0680bc1d481a0360095ca7c643ffc9e2a2dc53bbd1d55d5a8202132a
# probe source 5d8523db91c60e71  binary a013e302ab38c71d48384dcc96b717ddaa6055118119a9104fe0b310fe01e727
# case inputs  c1d4c750b66cc7ec (poiseuille_distorted) 2b5d1c097786ef6b (curved_channel_multiblock)
# args: sq0 64 8 rc+n2 ckpt 4000
# start 2026-09-17T11:00:24Z
# case sq0 64x8 variant rc+n2 mode ckpt; cells 512
# settings: tol u 2.0e-05 p 5.0e-04 c 1.0e-06 | alpha 0.70/0.30 | nonOrth 2 | grad GG | conv 2 | flux rhie_chow | mom 1 rel 1e-08 | pres 0 rel 1e-08
# exact dp/dx -1.2000000000

  committed gate
    iters status            velocity L2            dp/dx     q signed err     cb(i+j)       cb(i)       cb(j)     fit rms     u res     v res     p res      cont      sec
  (sq rows add: split-window dp/dx signed errors [0.50,0.675]L | [0.675,0.85]L)
       29 Converged     8.493356789e-03    -1.1907039144 +9.296085559e-03  -8.187e-13  -1.058e-10  +6.290e-14  1.8873e-09  1.66e-05  1.16e-05  5.99e-06  2.74e-12      0.3
          split dp/dx err +9.296086e-03 | +9.296087e-03

  checkpoints (unreachable tolerance; state after exactly N iterations)
    iters status            velocity L2            dp/dx     q signed err     cb(i+j)       cb(i)       cb(j)     fit rms     u res     v res     p res      cont      sec
  (sq rows add: split-window dp/dx signed errors [0.50,0.675]L | [0.675,0.85]L)
     4000 MaxIterations 8.492729373e-03    -1.1906976746 +9.302325449e-03  +1.582e-12  -3.780e-11  +1.232e-12  5.0216e-10  9.72e-11  6.93e-11  9.04e-11  4.00e-12     26.4
          split dp/dx err +9.302326e-03 | +9.302325e-03

  field change: max |du| and max |dp| between consecutive rows (first row vs gate)
       29 ->    4000  max|du| 2.3617e-05  max|dp| 5.0262e-05  d(velocity L2) -6.2742e-07  d(q) +6.2399e-06
exit 0
# end 2026-09-17T11:00:50Z
