# P12-GRAD-002-DRIFT-001 drift_probe  tree=repo
# libcfdcore.a 143a1dda0680bc1d481a0360095ca7c643ffc9e2a2dc53bbd1d55d5a8202132a
# probe source 5d8523db91c60e71  binary a013e302ab38c71d48384dcc96b717ddaa6055118119a9104fe0b310fe01e727
# case inputs  c1d4c750b66cc7ec (poiseuille_distorted) 2b5d1c097786ef6b (curved_channel_multiblock)
# args: sq0 144 18 rc+n2 ckpt 4000
# start 2026-09-17T11:00:24Z
# case sq0 144x18 variant rc+n2 mode ckpt; cells 2592
# settings: tol u 2.0e-05 p 5.0e-04 c 1.0e-06 | alpha 0.70/0.30 | nonOrth 2 | grad GG | conv 2 | flux rhie_chow | mom 1 rel 1e-08 | pres 0 rel 1e-08
# exact dp/dx -1.2000000000

  committed gate
    iters status            velocity L2            dp/dx     q signed err     cb(i+j)       cb(i)       cb(j)     fit rms     u res     v res     p res      cont      sec
  (sq rows add: split-window dp/dx signed errors [0.50,0.675]L | [0.675,0.85]L)
       87 Converged     1.691742636e-03    -1.1981873313 +1.812668683e-03  +6.674e-13  -3.016e-12  +1.581e-14  1.4177e-10  1.87e-05  4.36e-06  2.54e-07  1.87e-12      7.5
          split dp/dx err +1.812669e-03 | +1.812669e-03

  checkpoints (unreachable tolerance; state after exactly N iterations)
    iters status            velocity L2            dp/dx     q signed err     cb(i+j)       cb(i)       cb(j)     fit rms     u res     v res     p res      cont      sec
  (sq rows add: split-window dp/dx signed errors [0.50,0.675]L | [0.675,0.85]L)
     4000 MaxIterations 1.687902842e-03    -1.1981510038 +1.848996164e-03  -1.062e-12  -8.861e-13  -2.338e-14  2.2300e-10  9.87e-11  9.72e-11  9.36e-11  1.84e-12    240.0
          split dp/dx err +1.848997e-03 | +1.848996e-03

  field change: max |du| and max |dp| between consecutive rows (first row vs gate)
       87 ->    4000  max|du| 5.7223e-05  max|dp| 2.2269e-04  d(velocity L2) -3.8398e-06  d(q) +3.6327e-05
exit 0
# end 2026-09-17T11:04:31Z
