# P12-GRAD-002-DRIFT-001 drift_probe  tree=repo
# libcfdcore.a 143a1dda0680bc1d481a0360095ca7c643ffc9e2a2dc53bbd1d55d5a8202132a
# probe source 5d8523db91c60e71  binary a013e302ab38c71d48384dcc96b717ddaa6055118119a9104fe0b310fe01e727
# case inputs  c1d4c750b66cc7ec (poiseuille_distorted) 2b5d1c097786ef6b (curved_channel_multiblock)
# args: sq0 256 32 rc+n2 ckpt 4000
# start 2026-09-17T11:00:24Z
# case sq0 256x32 variant rc+n2 mode ckpt; cells 8192
# settings: tol u 2.0e-05 p 5.0e-04 c 1.0e-06 | alpha 0.70/0.30 | nonOrth 2 | grad GG | conv 2 | flux rhie_chow | mom 1 rel 1e-08 | pres 0 rel 1e-08
# exact dp/dx -1.2000000000

  committed gate
    iters status            velocity L2            dp/dx     q signed err     cb(i+j)       cb(i)       cb(j)     fit rms     u res     v res     p res      cont      sec
  (sq rows add: split-window dp/dx signed errors [0.50,0.675]L | [0.675,0.85]L)
      227 Converged     5.433717776e-04    -1.1994898660 +5.101339909e-04  +2.383e-12  +3.149e-12  -3.200e-11  9.5190e-10  1.94e-05  1.95e-06  2.54e-08  9.92e-13     52.4
          split dp/dx err +5.101341e-04 | +5.101340e-04

  checkpoints (unreachable tolerance; state after exactly N iterations)
    iters status            velocity L2            dp/dx     q signed err     cb(i+j)       cb(i)       cb(j)     fit rms     u res     v res     p res      cont      sec
  (sq rows add: split-window dp/dx signed errors [0.50,0.675]L | [0.675,0.85]L)
     4000 MaxIterations 5.346215200e-04    -1.1994143545 +5.856454612e-04  +2.613e-12  +2.371e-12  -8.031e-14  5.5177e-10  9.92e-11  8.86e-11  9.62e-11  1.06e-12    362.1
          split dp/dx err +5.856467e-04 | +5.856442e-04

  field change: max |du| and max |dp| between consecutive rows (first row vs gate)
      227 ->    4000  max|du| 7.8438e-05  max|dp| 4.7332e-04  d(velocity L2) -8.7503e-06  d(q) +7.5511e-05
exit 0
# end 2026-09-17T11:07:18Z
