# P12-GRAD-002-DRIFT-001 drift_probe  tree=signflip
# libcfdcore.a 1e5fbb7b3e7582808c8babe73e6346204ded619be56be76692a008bca13e3715
# probe source 5d8523db91c60e71  binary 58b6a211948b1029862a5a273f8a9afab154c03cd6be813e1a86345243110cd7
# case inputs  c1d4c750b66cc7ec (poiseuille_distorted) 2b5d1c097786ef6b (curved_channel_multiblock)
# args: mb 18 45 rc ckpt 3000
# start 2026-09-17T11:01:50Z
# case mb 18x45 variant rc mode ckpt; cells 2430
# settings: tol u 2.0e-05 p 5.0e-04 c 1.0e-06 | alpha 0.70/0.30 | nonOrth 1 | grad GG | conv 2 | flux rhie_chow | mom 1 rel 1e-08 | pres 0 rel 1e-08
# exact G -1.8282207204

  committed gate
    iters status            velocity L2                G     q signed err     cb(i+j)       cb(i)       cb(j)     fit rms     u res     v res     p res      cont      sec
  (sq rows add: split-window dp/dx signed errors [0.50,0.675]L | [0.675,0.85]L)
      126 Converged     4.362487366e-02    -2.0058879224 -1.776672020e-01  +4.672e-07  +1.464e-16  -1.619e-05  1.5367e-04  1.79e-05  2.00e-05  4.41e-07  1.99e-12     11.7

  checkpoints (unreachable tolerance; state after exactly N iterations)
    iters status            velocity L2                G     q signed err     cb(i+j)       cb(i)       cb(j)     fit rms     u res     v res     p res      cont      sec
  (sq rows add: split-window dp/dx signed errors [0.50,0.675]L | [0.675,0.85]L)
     3000 MaxIterations 4.362263890e-02    -2.0058779800 -1.776572596e-01  +4.570e-07  +5.307e-16  -1.620e-05  1.5164e-04  9.47e-11  9.80e-11  8.61e-11  1.75e-12    113.4

  field change: max |du| and max |dp| between consecutive rows (first row vs gate)
      126 ->    3000  max|du| 1.4470e-04  max|dp| 8.1989e-05  d(velocity L2) -2.2348e-06  d(q) +9.9424e-06
exit 0
# end 2026-09-17T11:03:55Z
