# P12-GRAD-002-DRIFT-001 drift_probe  tree=nodiff
# libcfdcore.a 719d0fc7ae48c027756430a8473a9b47ef3f516167aa7eb7319fa3eb468c50fe
# probe source 5d8523db91c60e71  binary 36c0cdba60cf81cf3a90ac4cc5eb1b96f4f65c0f250033e6d5840052625184fb
# case inputs  c1d4c750b66cc7ec (poiseuille_distorted) 2b5d1c097786ef6b (curved_channel_multiblock)
# args: mb 12 30 rc ckpt 3000
# start 2026-09-17T11:01:50Z
# case mb 12x30 variant rc mode ckpt; cells 1080
# settings: tol u 2.0e-05 p 5.0e-04 c 1.0e-06 | alpha 0.70/0.30 | nonOrth 1 | grad GG | conv 2 | flux rhie_chow | mom 1 rel 1e-08 | pres 0 rel 1e-08
# exact G -1.8282207204

  committed gate
    iters status            velocity L2                G     q signed err     cb(i+j)       cb(i)       cb(j)     fit rms     u res     v res     p res      cont      sec
  (sq rows add: split-window dp/dx signed errors [0.50,0.675]L | [0.675,0.85]L)
       75 Converged     9.394502392e-03    -1.8009281222 +2.729259820e-02  -4.714e-07  -1.579e-16  +2.961e-07  3.3670e-04  1.64e-05  1.87e-05  1.21e-06  2.80e-12      2.6

  checkpoints (unreachable tolerance; state after exactly N iterations)
    iters status            velocity L2                G     q signed err     cb(i+j)       cb(i)       cb(j)     fit rms     u res     v res     p res      cont      sec
  (sq rows add: split-window dp/dx signed errors [0.50,0.675]L | [0.675,0.85]L)
     3000 MaxIterations 9.401571034e-03    -1.8009245513 +2.729616906e-02  -4.590e-07  -4.934e-17  +2.848e-07  3.3589e-04  9.85e-11  9.93e-11  9.96e-11  3.03e-12     63.5

  field change: max |du| and max |dp| between consecutive rows (first row vs gate)
       75 ->    3000  max|du| 1.0799e-04  max|dp| 7.2538e-05  d(velocity L2) +7.0686e-06  d(q) +3.5709e-06
exit 0
# end 2026-09-17T11:02:56Z
