# P12-GRAD-002-DRIFT-001 drift_probe  tree=farx2
# libcfdcore.a 078668bacc2d454ec0c9565fbb8450846c2bbac2d16487ef7c1a7badba2e02e1
# probe source 5d8523db91c60e71  binary c1f9ea9f3e98d6a6a9970e7366b590fed94357316d968e45902e80548aa12037
# case inputs  c1d4c750b66cc7ec (poiseuille_distorted) 2b5d1c097786ef6b (curved_channel_multiblock)
# args: mb 12 30 rc ckpt 3000
# start 2026-09-17T11:01:50Z
# case mb 12x30 variant rc mode ckpt; cells 1080
# settings: tol u 2.0e-05 p 5.0e-04 c 1.0e-06 | alpha 0.70/0.30 | nonOrth 1 | grad GG | conv 2 | flux rhie_chow | mom 1 rel 1e-08 | pres 0 rel 1e-08
# exact G -1.8282207204

  committed gate
    iters status            velocity L2                G     q signed err     cb(i+j)       cb(i)       cb(j)     fit rms     u res     v res     p res      cont      sec
  (sq rows add: split-window dp/dx signed errors [0.50,0.675]L | [0.675,0.85]L)
       76 Converged     3.863948470e-02    -1.6715076645 +1.567130559e-01  -4.694e-07  -2.282e-16  +4.959e-07  3.2881e-04  1.70e-05  1.96e-05  1.15e-06  2.54e-12      3.0

  checkpoints (unreachable tolerance; state after exactly N iterations)
    iters status            velocity L2                G     q signed err     cb(i+j)       cb(i)       cb(j)     fit rms     u res     v res     p res      cont      sec
  (sq rows add: split-window dp/dx signed errors [0.50,0.675]L | [0.675,0.85]L)
     3000 MaxIterations 3.864221441e-02    -1.6715021930 +1.567185274e-01  -4.545e-07  -2.924e-16  +4.814e-07  3.2776e-04  9.77e-11  9.79e-11  9.69e-11  2.95e-12     63.7

  field change: max |du| and max |dp| between consecutive rows (first row vs gate)
       76 ->    3000  max|du| 1.0158e-04  max|dp| 7.7861e-05  d(velocity L2) +2.7297e-06  d(q) +5.4715e-06
exit 0
# end 2026-09-17T11:02:57Z
