# P12-GRAD-002-DRIFT-001 drift_probe  tree=signflip
# libcfdcore.a 1e5fbb7b3e7582808c8babe73e6346204ded619be56be76692a008bca13e3715
# probe source 5d8523db91c60e71  binary 58b6a211948b1029862a5a273f8a9afab154c03cd6be813e1a86345243110cd7
# case inputs  c1d4c750b66cc7ec (poiseuille_distorted) 2b5d1c097786ef6b (curved_channel_multiblock)
# args: mb 12 30 rc ckpt 3000
# start 2026-09-17T11:01:50Z
# case mb 12x30 variant rc mode ckpt; cells 1080
# settings: tol u 2.0e-05 p 5.0e-04 c 1.0e-06 | alpha 0.70/0.30 | nonOrth 1 | grad GG | conv 2 | flux rhie_chow | mom 1 rel 1e-08 | pres 0 rel 1e-08
# exact G -1.8282207204

  committed gate
    iters status            velocity L2                G     q signed err     cb(i+j)       cb(i)       cb(j)     fit rms     u res     v res     p res      cont      sec
  (sq rows add: split-window dp/dx signed errors [0.50,0.675]L | [0.675,0.85]L)
       70 Converged     6.351368942e-02    -2.0898147262 -2.615940058e-01  -2.182e-07  -3.762e-16  +4.679e-07  3.5249e-04  1.58e-05  1.81e-05  1.25e-06  3.03e-12      2.8

  checkpoints (unreachable tolerance; state after exactly N iterations)
    iters status            velocity L2                G     q signed err     cb(i+j)       cb(i)       cb(j)     fit rms     u res     v res     p res      cont      sec
  (sq rows add: split-window dp/dx signed errors [0.50,0.675]L | [0.675,0.85]L)
     3000 MaxIterations 6.351318271e-02    -2.0898114652 -2.615907448e-01  -2.086e-07  +7.401e-17  +4.631e-07  3.5202e-04  9.38e-11  9.47e-11  8.01e-11  2.44e-12     64.1

  field change: max |du| and max |dp| between consecutive rows (first row vs gate)
       70 ->    3000  max|du| 1.0093e-04  max|dp| 7.0876e-05  d(velocity L2) -5.0671e-07  d(q) +3.2610e-06
exit 0
# end 2026-09-17T11:02:57Z
