# P12-GRAD-002-DRIFT-001 drift_probe  tree=signflip
# libcfdcore.a 1e5fbb7b3e7582808c8babe73e6346204ded619be56be76692a008bca13e3715
# probe source 5d8523db91c60e71  binary 58b6a211948b1029862a5a273f8a9afab154c03cd6be813e1a86345243110cd7
# case inputs  c1d4c750b66cc7ec (poiseuille_distorted) 2b5d1c097786ef6b (curved_channel_multiblock)
# args: mb 8 20 rc ckpt 3000
# start 2026-09-17T11:01:50Z
# case mb 8x20 variant rc mode ckpt; cells 480
# settings: tol u 2.0e-05 p 5.0e-04 c 1.0e-06 | alpha 0.70/0.30 | nonOrth 1 | grad GG | conv 2 | flux rhie_chow | mom 1 rel 1e-08 | pres 0 rel 1e-08
# exact G -1.8282207204

  committed gate
    iters status            velocity L2                G     q signed err     cb(i+j)       cb(i)       cb(j)     fit rms     u res     v res     p res      cont      sec
  (sq rows add: split-window dp/dx signed errors [0.50,0.675]L | [0.675,0.85]L)
       42 Converged     8.922445193e-02    -2.2047688414 -3.765481210e-01  -1.729e-06  -2.026e-16  -1.332e-06  8.5402e-04  1.59e-05  1.68e-05  3.54e-06  3.90e-12      0.6

  checkpoints (unreachable tolerance; state after exactly N iterations)
    iters status            velocity L2                G     q signed err     cb(i+j)       cb(i)       cb(j)     fit rms     u res     v res     p res      cont      sec
  (sq rows add: split-window dp/dx signed errors [0.50,0.675]L | [0.675,0.85]L)
     3000 MaxIterations 8.922440434e-02    -2.2047681224 -3.765474020e-01  -1.725e-06  +2.720e-16  -1.332e-06  8.5396e-04  9.55e-11  9.83e-11  6.99e-11  3.19e-12     35.5

  field change: max |du| and max |dp| between consecutive rows (first row vs gate)
       42 ->    3000  max|du| 6.0726e-05  max|dp| 5.9685e-05  d(velocity L2) -4.7584e-08  d(q) +7.1898e-07
exit 0
# end 2026-09-17T11:02:26Z
