# P12-GRAD-002-DRIFT-001 drift_probe  tree=nodiff
# libcfdcore.a 719d0fc7ae48c027756430a8473a9b47ef3f516167aa7eb7319fa3eb468c50fe
# probe source 5d8523db91c60e71  binary 36c0cdba60cf81cf3a90ac4cc5eb1b96f4f65c0f250033e6d5840052625184fb
# case inputs  c1d4c750b66cc7ec (poiseuille_distorted) 2b5d1c097786ef6b (curved_channel_multiblock)
# args: mb 8 20 rc ckpt 3000
# start 2026-09-17T11:01:50Z
# case mb 8x20 variant rc mode ckpt; cells 480
# settings: tol u 2.0e-05 p 5.0e-04 c 1.0e-06 | alpha 0.70/0.30 | nonOrth 1 | grad GG | conv 2 | flux rhie_chow | mom 1 rel 1e-08 | pres 0 rel 1e-08
# exact G -1.8282207204

  committed gate
    iters status            velocity L2                G     q signed err     cb(i+j)       cb(i)       cb(j)     fit rms     u res     v res     p res      cont      sec
  (sq rows add: split-window dp/dx signed errors [0.50,0.675]L | [0.675,0.85]L)
       45 Converged     2.048272698e-02    -1.7692980463 +5.892267410e-02  -2.278e-06  -2.970e-16  -2.366e-06  7.8250e-04  1.80e-05  1.93e-05  3.66e-06  4.37e-12      0.6

  checkpoints (unreachable tolerance; state after exactly N iterations)
    iters status            velocity L2                G     q signed err     cb(i+j)       cb(i)       cb(j)     fit rms     u res     v res     p res      cont      sec
  (sq rows add: split-window dp/dx signed errors [0.50,0.675]L | [0.675,0.85]L)
     3000 MaxIterations 2.048521809e-02    -1.7692969035 +5.892381691e-02  -2.271e-06  -2.776e-18  -2.370e-06  7.8225e-04  9.53e-11  9.85e-11  9.34e-11  4.26e-12     34.6

  field change: max |du| and max |dp| between consecutive rows (first row vs gate)
       45 ->    3000  max|du| 7.7260e-05  max|dp| 6.9155e-05  d(velocity L2) +2.4911e-06  d(q) +1.1428e-06
exit 0
# end 2026-09-17T11:02:25Z
