# P12-GRAD-002-DRIFT-001 drift_probe  tree=signflip
# libcfdcore.a 1e5fbb7b3e7582808c8babe73e6346204ded619be56be76692a008bca13e3715
# probe source 5d8523db91c60e71  binary 58b6a211948b1029862a5a273f8a9afab154c03cd6be813e1a86345243110cd7
# case inputs  c1d4c750b66cc7ec (poiseuille_distorted) 2b5d1c097786ef6b (curved_channel_multiblock)
# args: sq 144 18 rc ckpt 3000
# start 2026-09-17T11:01:50Z
# case sq 144x18 variant rc mode ckpt; cells 2592
# settings: tol u 2.0e-05 p 5.0e-04 c 1.0e-06 | alpha 0.70/0.30 | nonOrth 1 | grad GG | conv 2 | flux rhie_chow | mom 1 rel 1e-08 | pres 0 rel 1e-08
# exact dp/dx -1.2000000000

  committed gate
    iters status            velocity L2            dp/dx     q signed err     cb(i+j)       cb(i)       cb(j)     fit rms     u res     v res     p res      cont      sec
  (sq rows add: split-window dp/dx signed errors [0.50,0.675]L | [0.675,0.85]L)
      112 Converged     4.429903206e-02    -1.3194656461 -1.194656461e-01  +2.622e-05  -7.273e-05  -1.169e-04  9.8692e-03  1.90e-05  1.06e-05  3.34e-07  1.88e-12     12.3
          split dp/dx err -1.187763e-01 | -1.186607e-01

  checkpoints (unreachable tolerance; state after exactly N iterations)
    iters status            velocity L2            dp/dx     q signed err     cb(i+j)       cb(i)       cb(j)     fit rms     u res     v res     p res      cont      sec
  (sq rows add: split-window dp/dx signed errors [0.50,0.675]L | [0.675,0.85]L)
     3000 MaxIterations 4.430037248e-02    -1.3194590560 -1.194590560e-01  +2.623e-05  -7.277e-05  -1.166e-04  9.8677e-03  9.88e-11  8.77e-11  7.62e-11  1.50e-12    121.3
          split dp/dx err -1.187697e-01 | -1.186549e-01

  field change: max |du| and max |dp| between consecutive rows (first row vs gate)
      112 ->    3000  max|du| 1.3479e-04  max|dp| 5.5241e-05  d(velocity L2) +1.3404e-06  d(q) +6.5900e-06
exit 0
# end 2026-09-17T11:04:04Z
