# P12-GRAD-002-DRIFT-001 drift_probe  tree=nodiff
# libcfdcore.a 719d0fc7ae48c027756430a8473a9b47ef3f516167aa7eb7319fa3eb468c50fe
# probe source 5d8523db91c60e71  binary 36c0cdba60cf81cf3a90ac4cc5eb1b96f4f65c0f250033e6d5840052625184fb
# case inputs  c1d4c750b66cc7ec (poiseuille_distorted) 2b5d1c097786ef6b (curved_channel_multiblock)
# args: sq 144 18 rc ckpt 3000
# start 2026-09-17T11:01:50Z
# case sq 144x18 variant rc mode ckpt; cells 2592
# settings: tol u 2.0e-05 p 5.0e-04 c 1.0e-06 | alpha 0.70/0.30 | nonOrth 1 | grad GG | conv 2 | flux rhie_chow | mom 1 rel 1e-08 | pres 0 rel 1e-08
# exact dp/dx -1.2000000000

  committed gate
    iters status            velocity L2            dp/dx     q signed err     cb(i+j)       cb(i)       cb(j)     fit rms     u res     v res     p res      cont      sec
  (sq rows add: split-window dp/dx signed errors [0.50,0.675]L | [0.675,0.85]L)
      117 Converged     3.280966693e-03    -1.1930618233 +6.938176655e-03  -4.182e-06  +5.286e-06  -5.998e-06  1.8110e-03  1.92e-05  9.99e-06  3.02e-07  1.88e-12     12.8
          split dp/dx err +7.479109e-03 | +7.561395e-03

  checkpoints (unreachable tolerance; state after exactly N iterations)
    iters status            velocity L2            dp/dx     q signed err     cb(i+j)       cb(i)       cb(j)     fit rms     u res     v res     p res      cont      sec
  (sq rows add: split-window dp/dx signed errors [0.50,0.675]L | [0.675,0.85]L)
     3000 MaxIterations 3.279184066e-03    -1.1930534518 +6.946548183e-03  -4.176e-06  +5.235e-06  -5.772e-06  1.8102e-03  9.60e-11  9.86e-11  7.86e-11  1.54e-12    117.7
          split dp/dx err +7.488223e-03 | +7.568168e-03

  field change: max |du| and max |dp| between consecutive rows (first row vs gate)
      117 ->    3000  max|du| 1.4025e-04  max|dp| 6.2373e-05  d(velocity L2) -1.7826e-06  d(q) +8.3715e-06
exit 0
# end 2026-09-17T11:04:01Z
