# P12-GRAD-002-DRIFT-001 drift_probe  tree=farx2
# libcfdcore.a 078668bacc2d454ec0c9565fbb8450846c2bbac2d16487ef7c1a7badba2e02e1
# probe source 5d8523db91c60e71  binary c1f9ea9f3e98d6a6a9970e7366b590fed94357316d968e45902e80548aa12037
# case inputs  c1d4c750b66cc7ec (poiseuille_distorted) 2b5d1c097786ef6b (curved_channel_multiblock)
# args: sq 144 18 rc ckpt 3000
# start 2026-09-17T11:01:50Z
# case sq 144x18 variant rc mode ckpt; cells 2592
# settings: tol u 2.0e-05 p 5.0e-04 c 1.0e-06 | alpha 0.70/0.30 | nonOrth 1 | grad GG | conv 2 | flux rhie_chow | mom 1 rel 1e-08 | pres 0 rel 1e-08
# exact dp/dx -1.2000000000

  committed gate
    iters status            velocity L2            dp/dx     q signed err     cb(i+j)       cb(i)       cb(j)     fit rms     u res     v res     p res      cont      sec
  (sq rows add: split-window dp/dx signed errors [0.50,0.675]L | [0.675,0.85]L)
      120 Converged     2.782480172e-02    -1.1253172975 +7.468270252e-02  -1.262e-05  +3.145e-05  +2.600e-05  3.2851e-03  1.94e-05  9.99e-06  3.97e-07  1.96e-12     12.8
          split dp/dx err +7.517078e-02 | +7.528696e-02

  checkpoints (unreachable tolerance; state after exactly N iterations)
    iters status            velocity L2            dp/dx     q signed err     cb(i+j)       cb(i)       cb(j)     fit rms     u res     v res     p res      cont      sec
  (sq rows add: split-window dp/dx signed errors [0.50,0.675]L | [0.675,0.85]L)
     3000 MaxIterations 2.782277317e-02    -1.1253163739 +7.468362613e-02  -1.262e-05  +3.137e-05  +2.623e-05  3.2860e-03  9.67e-11  7.90e-11  9.13e-11  1.79e-12    119.8
          split dp/dx err +7.516613e-02 | +7.529159e-02

  field change: max |du| and max |dp| between consecutive rows (first row vs gate)
      120 ->    3000  max|du| 1.4175e-04  max|dp| 4.6066e-05  d(velocity L2) -2.0285e-06  d(q) +9.2361e-07
exit 0
# end 2026-09-17T11:04:03Z
