# P12-GRAD-002-DRIFT-001 drift_probe  tree=farx2
# libcfdcore.a 078668bacc2d454ec0c9565fbb8450846c2bbac2d16487ef7c1a7badba2e02e1
# probe source 5d8523db91c60e71  binary c1f9ea9f3e98d6a6a9970e7366b590fed94357316d968e45902e80548aa12037
# case inputs  c1d4c750b66cc7ec (poiseuille_distorted) 2b5d1c097786ef6b (curved_channel_multiblock)
# args: sq 96 12 rc ckpt 3000
# start 2026-09-17T11:01:50Z
# case sq 96x12 variant rc mode ckpt; cells 1152
# settings: tol u 2.0e-05 p 5.0e-04 c 1.0e-06 | alpha 0.70/0.30 | nonOrth 1 | grad GG | conv 2 | flux rhie_chow | mom 1 rel 1e-08 | pres 0 rel 1e-08
# exact dp/dx -1.2000000000

  committed gate
    iters status            velocity L2            dp/dx     q signed err     cb(i+j)       cb(i)       cb(j)     fit rms     u res     v res     p res      cont      sec
  (sq rows add: split-window dp/dx signed errors [0.50,0.675]L | [0.675,0.85]L)
       67 Converged     3.886435219e-02    -1.0966480444 +1.033519556e-01  -4.451e-05  -1.004e-04  +7.680e-05  5.2337e-03  1.92e-05  1.09e-05  8.12e-07  2.60e-12      2.4
          split dp/dx err +1.043957e-01 | +1.047794e-01

  checkpoints (unreachable tolerance; state after exactly N iterations)
    iters status            velocity L2            dp/dx     q signed err     cb(i+j)       cb(i)       cb(j)     fit rms     u res     v res     p res      cont      sec
  (sq rows add: split-window dp/dx signed errors [0.50,0.675]L | [0.675,0.85]L)
     3000 MaxIterations 3.886370950e-02    -1.0966456763 +1.033543237e-01  -4.450e-05  -1.004e-04  +7.713e-05  5.2337e-03  9.67e-11  9.76e-11  7.47e-11  2.20e-12     67.8
          split dp/dx err +1.043984e-01 | +1.047816e-01

  field change: max |du| and max |dp| between consecutive rows (first row vs gate)
       67 ->    3000  max|du| 1.0072e-04  max|dp| 4.2107e-05  d(velocity L2) -6.4269e-07  d(q) +2.3681e-06
exit 0
# end 2026-09-17T11:03:00Z
