# P12-GRAD-002-DRIFT-001 drift_probe  tree=nodiff
# libcfdcore.a 719d0fc7ae48c027756430a8473a9b47ef3f516167aa7eb7319fa3eb468c50fe
# probe source 5d8523db91c60e71  binary 36c0cdba60cf81cf3a90ac4cc5eb1b96f4f65c0f250033e6d5840052625184fb
# case inputs  c1d4c750b66cc7ec (poiseuille_distorted) 2b5d1c097786ef6b (curved_channel_multiblock)
# args: sq 96 12 rc ckpt 3000
# start 2026-09-17T11:01:50Z
# case sq 96x12 variant rc mode ckpt; cells 1152
# settings: tol u 2.0e-05 p 5.0e-04 c 1.0e-06 | alpha 0.70/0.30 | nonOrth 1 | grad GG | conv 2 | flux rhie_chow | mom 1 rel 1e-08 | pres 0 rel 1e-08
# exact dp/dx -1.2000000000

  committed gate
    iters status            velocity L2            dp/dx     q signed err     cb(i+j)       cb(i)       cb(j)     fit rms     u res     v res     p res      cont      sec
  (sq rows add: split-window dp/dx signed errors [0.50,0.675]L | [0.675,0.85]L)
       65 Converged     7.447815984e-03    -1.1859125346 +1.408746544e-02  -1.545e-05  -6.489e-05  +2.762e-05  4.6030e-03  1.92e-05  1.20e-05  9.26e-07  2.66e-12      2.3
          split dp/dx err +1.523409e-02 | +1.542962e-02

  checkpoints (unreachable tolerance; state after exactly N iterations)
    iters status            velocity L2            dp/dx     q signed err     cb(i+j)       cb(i)       cb(j)     fit rms     u res     v res     p res      cont      sec
  (sq rows add: split-window dp/dx signed errors [0.50,0.675]L | [0.675,0.85]L)
     3000 MaxIterations 7.447059415e-03    -1.1859096285 +1.409037151e-02  -1.545e-05  -6.486e-05  +2.790e-05  4.6028e-03  9.68e-11  9.80e-11  9.53e-11  2.81e-12     65.9
          split dp/dx err +1.523727e-02 | +1.543228e-02

  field change: max |du| and max |dp| between consecutive rows (first row vs gate)
       65 ->    3000  max|du| 1.0257e-04  max|dp| 4.0271e-05  d(velocity L2) -7.5657e-07  d(q) +2.9061e-06
exit 0
# end 2026-09-17T11:02:58Z
