# P12-GRAD-002-DRIFT-001 drift_probe  tree=signflip
# libcfdcore.a 1e5fbb7b3e7582808c8babe73e6346204ded619be56be76692a008bca13e3715
# probe source 5d8523db91c60e71  binary 58b6a211948b1029862a5a273f8a9afab154c03cd6be813e1a86345243110cd7
# case inputs  c1d4c750b66cc7ec (poiseuille_distorted) 2b5d1c097786ef6b (curved_channel_multiblock)
# args: sq 64 8 rc ckpt 3000
# start 2026-09-17T11:01:50Z
# case sq 64x8 variant rc mode ckpt; cells 512
# settings: tol u 2.0e-05 p 5.0e-04 c 1.0e-06 | alpha 0.70/0.30 | nonOrth 1 | grad GG | conv 2 | flux rhie_chow | mom 1 rel 1e-08 | pres 0 rel 1e-08
# exact dp/dx -1.2000000000

  committed gate
    iters status            velocity L2            dp/dx     q signed err     cb(i+j)       cb(i)       cb(j)     fit rms     u res     v res     p res      cont      sec
  (sq rows add: split-window dp/dx signed errors [0.50,0.675]L | [0.675,0.85]L)
       36 Converged     9.037745325e-02    -1.4691192699 -2.691192699e-01  +3.998e-04  -4.221e-04  -1.594e-04  2.6664e-02  1.84e-05  1.66e-05  3.75e-06  3.88e-12      0.5
          split dp/dx err -2.673915e-01 | -2.683310e-01

  checkpoints (unreachable tolerance; state after exactly N iterations)
    iters status            velocity L2            dp/dx     q signed err     cb(i+j)       cb(i)       cb(j)     fit rms     u res     v res     p res      cont      sec
  (sq rows add: split-window dp/dx signed errors [0.50,0.675]L | [0.675,0.85]L)
     3000 MaxIterations 9.037758644e-02    -1.4691184514 -2.691184514e-01  +3.998e-04  -4.221e-04  -1.593e-04  2.6664e-02  8.92e-11  9.39e-11  9.12e-11  4.03e-12     37.5
          split dp/dx err -2.673908e-01 | -2.683302e-01

  field change: max |du| and max |dp| between consecutive rows (first row vs gate)
       36 ->    3000  max|du| 6.1258e-05  max|dp| 4.9598e-05  d(velocity L2) +1.3319e-07  d(q) +8.1846e-07
exit 0
# end 2026-09-17T11:02:28Z
