# P12-GRAD-002-DRIFT-001 drift_probe  tree=signflip
# libcfdcore.a 1e5fbb7b3e7582808c8babe73e6346204ded619be56be76692a008bca13e3715
# probe source 5d8523db91c60e71  binary 58b6a211948b1029862a5a273f8a9afab154c03cd6be813e1a86345243110cd7
# case inputs  c1d4c750b66cc7ec (poiseuille_distorted) 2b5d1c097786ef6b (curved_channel_multiblock)
# args: sq 96 12 rc ckpt 3000
# start 2026-09-17T11:01:50Z
# case sq 96x12 variant rc mode ckpt; cells 1152
# settings: tol u 2.0e-05 p 5.0e-04 c 1.0e-06 | alpha 0.70/0.30 | nonOrth 1 | grad GG | conv 2 | flux rhie_chow | mom 1 rel 1e-08 | pres 0 rel 1e-08
# exact dp/dx -1.2000000000

  committed gate
    iters status            velocity L2            dp/dx     q signed err     cb(i+j)       cb(i)       cb(j)     fit rms     u res     v res     p res      cont      sec
  (sq rows add: split-window dp/dx signed errors [0.50,0.675]L | [0.675,0.85]L)
       61 Converged     6.482422797e-02    -1.3787388611 -1.787388611e-01  +9.334e-05  +8.039e-05  -1.959e-04  1.6532e-02  1.95e-05  1.31e-05  1.09e-06  2.77e-12      2.6
          split dp/dx err -1.772976e-01 | -1.774550e-01

  checkpoints (unreachable tolerance; state after exactly N iterations)
    iters status            velocity L2            dp/dx     q signed err     cb(i+j)       cb(i)       cb(j)     fit rms     u res     v res     p res      cont      sec
  (sq rows add: split-window dp/dx signed errors [0.50,0.675]L | [0.675,0.85]L)
     3000 MaxIterations 6.482463271e-02    -1.3787363350 -1.787363350e-01  +9.335e-05  +8.040e-05  -1.957e-04  1.6531e-02  9.52e-11  9.46e-11  6.93e-11  2.04e-12     68.7
          split dp/dx err -1.772949e-01 | -1.774527e-01

  field change: max |du| and max |dp| between consecutive rows (first row vs gate)
       61 ->    3000  max|du| 9.8172e-05  max|dp| 4.5844e-05  d(velocity L2) +4.0474e-07  d(q) +2.5261e-06
exit 0
# end 2026-09-17T11:03:01Z
