# P12-DIFF-002-INV-002 state freeze; 2026-09-16T13:17:18Z
# git HEAD b66310ca871811c4c7671056beec291a451af55c

## DIFF-002 production numerical files
29af1927587558e52fd30a53b2c0bb03438b71044f370f902c414455e50ee7e3  src/physics/MomentumEquation.cpp
c1dcac484330c17c2160da997dcf68e5097f5b8bedb2f72b384b20f7a6f69b82  include/cfd/physics/MomentumEquation.hpp
4689ea01db674b577b01f2e5089bc1efe6710d1d3ac83ef47e099476c5b98bba  src/thermal/EnergyEquation.cpp
887947ee41510e83685b72f0a2e37c9ec4b28e21342d9fd28da4fa8fc6145360  include/cfd/thermal/EnergyEquation.hpp
a9865ef59338e71a052e38536507265fee8dba7869b4e989789248061ef68cc1  src/thermal/ThermalInterface.cpp
8c03ba6816ad6f85c35143f316cc8058a04c6b59705a7c7335be8fd668135299  src/thermal/ThermalSolver.cpp
d7240a8f2aef1fc9c79e9a339bb86b37f479d481345c8e13aa48b9a65c6c37dd  src/species/SpeciesEquation.cpp
f4db5e688cee45258c4efb546bd930f07888f7fe06624f6e49814536f5a29acf  include/cfd/species/SpeciesEquation.hpp
4c9750f53d81630ea2768bd7df7b8a2af3ad5c41b913c4b2ce8c347576ed1092  src/turbulence/KEpsilonEquation.cpp
264f99680ab8e49e57ab07798736945299e51c4cf7c376722a841315d7381593  include/cfd/turbulence/KEpsilonEquation.hpp
20a02b16499fa7b0aca07667baae638714e1a176ed6eba33b414a194cf701e1c  src/discretization/NonOrthogonalDiffusion.cpp
076859b950fe0e140d4c6cd961a046a2f363cf1125865f968655298b55cbb8b2  include/cfd/discretization/NonOrthogonalDiffusion.hpp
e8e17477465bcaea0415443284088169a936f4bbde8c0392d7abd6492ba7e0df  src/discretization/Diffusion.cpp
2b4fbb66b636a79d0d44fb4d48ee8bd80b89cb29360e67ee70628a13d3f23426  include/cfd/discretization/Diffusion.hpp
d24882a96e5cbc0025121a71eb9f88e13ffe0ef9a8a09f2e2f9f4d40fd8c03b6  src/discretization/Gradient.cpp
b41c5d1bb3b388b3f78a89e3ae26ba731f03483455b01683834e4e39e1ef5c91  include/cfd/discretization/Gradient.hpp
7691beb1faaf47a1b15f53652c5d9dfbcda21fa51a1edd9144d742205e7b743c  src/discretization/VectorGradient.cpp
20b4673bab1e4d13fd9fd62542122df8be9bfa2739ec5805405e2758902bdb8f  src/discretization/Interpolation.cpp
04c964c24d6098dbe20def251fa0eba611a1725f17d9e352acf38631e67645b0  src/mesh/MeshGeometry.cpp
39e539b2f9064fdd6ba4940dab6f42aded2eb3d3d5339e0fc20534b3c77a8cc5  include/cfd/mesh/MeshGeometry.hpp
00d7d9158ed8cc309627178e78bd29a58a4bde6420a9541ab4e9dad301d82e4a  src/pressure_velocity/SIMPLESettings.cpp
d38c2bb3d86b62b693a625b30b002d2deac511b5c324b92c197af4a810c462cd  src/pressure_velocity/SIMPLE.cpp

## libcfdcore.a
58be6b751328c9bb9c3ea5edb6d829b5ff47e2a119cd0371723b341157d05394  build/release/src/libcfdcore.a

## the four sub-class F tests
5e34e6bd488b387612c0bc38e99a7e1c51660f5573769e3b37e23b9691906dfb  tests/integration/species/test_species_conservation.cpp
ca7ab2b2297c2754b19e2e90dd83ada9db36fef76854e1ce90817bbd0299fa45  tests/integration/thermal/test_natural_convection_validation.cpp
782eded58582bb404465a5f46b36c77f52189d17a7927e66b70e80830d9660ea  tests/integration/compressible/test_low_mach_regression.cpp

## their case / config inputs
da8770098282d53154c87915ce77b368f4172edb70f9ed44d61b67bc729bc42d  cases/species_diffusion/boundaries.json
e479f775df4791ee1df32c1f0efa40fc69c8cd023e08e6e04fc338efc0290c39  cases/species_diffusion/case.json
2eb436a274ed8a455b2c2ba60229b591295992c2849db510e0b03bc311e5e75b  cases/species_diffusion/geometry.json
e46e3493d86aaa65cc55c469504fac36d82ba21b272c360d100e24d184538d72  cases/species_diffusion/mesh.json
bfad4a7501a727fe10005973840582f8590cde63180d50a2af48e27c0355e38c  cases/species_diffusion/physics.json
b1a93f4ea6458d9c7555b7827bd6a40436380073d172cd952a8847d14cc84f47  cases/species_diffusion/solver.json
06f405810443c241c8505f51a9315e24ffdfd64f496fff8084481240f345617d  cases/heated_cavity/boundaries.json
f03c6d1e3a21cc7f0450c6bcaf546a99a13740701977d4c7db49916613bf4e3e  cases/heated_cavity/case.json
7e1fbbc85a0bc0d9c66ace295c2a04c47bf992ff16defe8013cb14ac69cfcfc8  cases/heated_cavity/geometry.json
976bb506fcb30ade7c843b22a96c77b35a9340a02fb827dac826a62840e2b139  cases/heated_cavity/mesh.json
c31f31b25559fcb9a4b63482179b456bc8905d7d27c70b85ce76470cbd73b82e  cases/heated_cavity/physics.json
b1a93f4ea6458d9c7555b7827bd6a40436380073d172cd952a8847d14cc84f47  cases/heated_cavity/solver.json
