baseline da51b5b25d963a926642c6c93469bfb0bc71907700b304a868cce6dae2a71bbe  cuda/kernels/GpuSimpleDiscretizationCuda.cpp
baseline ef5ee3c959ce9bcdeb0eaca73cd386fa683a904d203d3d3aebd1c4c8c5fc3283  src/pressure_velocity/SIMPLE.cpp

compiled 4 harness objects

=== rl1_wrong_resident_component (detect) ===
  mutated: DETECTED
  restored: sha-match=True repass=True  ok  [56s]
=== rl2_momentum_rhs_not_copied (detect) ===
  mutated: DETECTED
  restored: sha-match=True repass=True  ok  [58s]
=== rl3_momentum_guess_zeroed (detect) ===
  mutated: DETECTED
  restored: sha-match=True repass=True  ok  [59s]
=== rl4_predictor_wrong_component (detect) ===
  mutated: DETECTED
  restored: sha-match=True repass=True  ok  [57s]
=== rl5_krylov_guess_not_reset (detect) ===
  mutated: DETECTED
  restored: sha-match=True repass=True  ok  [61s]
=== rl12_momentum_assembly_skipped (detect) ===
  mutated: DETECTED
  restored: sha-match=True repass=True  ok  [59s]
=== rl11_2d_w_predictor_fill_removed (detect) ===
  mutated: DETECTED
  restored: sha-match=True repass=True  ok  [59s]
=== rl6_velocity_authority_not_marked (detect) ===
  mutated: UNDETECTED
  restored: sha-match=True repass=True  GAP  [56s]
=== rl7_velocity_redownloaded_every_iteration (detect) ===
  mutated: DETECTED
  restored: sha-match=True repass=True  ok  [68s]
=== rl8_resident_loop_disabled (detect) ===
  mutated: DETECTED
  restored: sha-match=True repass=True  ok  [67s]
=== rl9_backend_condition_dropped (detect) ===
  mutated: DETECTED
  restored: sha-match=True repass=True  ok  [68s]
=== rl10_laminar_condition_dropped (detect) ===
  mutated: DETECTED
  restored: sha-match=True repass=True  ok  [67s]

=== GPU-PIPE-001 final residency negative controls ===
  rl1_wrong_resident_component                         detect  DETECTED      sha=True repass=True  ok
  rl2_momentum_rhs_not_copied                          detect  DETECTED      sha=True repass=True  ok
  rl3_momentum_guess_zeroed                            detect  DETECTED      sha=True repass=True  ok
  rl4_predictor_wrong_component                        detect  DETECTED      sha=True repass=True  ok
  rl5_krylov_guess_not_reset                           detect  DETECTED      sha=True repass=True  ok
  rl12_momentum_assembly_skipped                       detect  DETECTED      sha=True repass=True  ok
  rl11_2d_w_predictor_fill_removed                     detect  DETECTED      sha=True repass=True  ok
  rl6_velocity_authority_not_marked                    detect  UNDETECTED    sha=True repass=True  GAP
  rl7_velocity_redownloaded_every_iteration            detect  DETECTED      sha=True repass=True  ok
  rl8_resident_loop_disabled                           detect  DETECTED      sha=True repass=True  ok
  rl9_backend_condition_dropped                        detect  DETECTED      sha=True repass=True  ok
  rl10_laminar_condition_dropped                       detect  DETECTED      sha=True repass=True  ok

observable controls:          12
detected observable controls: 11/12
documented null controls:     0
RESULT: FAIL
