# rl1_wrong_resident_component
# layer:       resident-simple-loop
# origin:      GPU-PIPE-001 final residency
# expectation: detect
# the relaxation's phiOld is taken from the resident U component for EVERY momentum component, so V and W are assembled against the wrong resident velocity field. The defect class the brief calls 'stale U/V/W device field': the device holds the state and the wrong part of it is read.
# mutation applied to cuda/kernels/GpuSimpleDiscretizationCuda.cpp
# --- anchor ---
  const DeviceBuffer<Real>& source = component == kVelocityU   ? impl_->velocity.x
                                     : component == kVelocityV ? impl_->velocity.y
                                                               : impl_->velocity.z;
# --- became ---
  const DeviceBuffer<Real>& source = impl_->velocity.x;  // MUTATED
# verdict: DETECTED
# first divergence: n/a

########## harness loop_comparison --quick -> exit 1 (DETECTED) ##########
=== GPU-PIPE-001 final residency: resident SIMPLE loop, controlled comparison ===
Arms differ ONLY in whether the GPU outer iteration is device-resident.
Every comparison is BITWISE.

  FAIL  cavity 2d 16             MaxIterations it=8  mom=191 p=543  red=2940  fields=DIFFER  first divergence: 2 (momentum solve (v residual))
        transfers/iteration   host-arm H2D   49.38 /     176877 B  D2H   394.00 /       68001 B  sync   376.50  alloc 375
        transfers/iteration   resident H2D   37.12 /     135468 B  D2H   376.00 /       10538 B  sync   367.50  alloc 359
        non-reduction D2H/iteration   host-arm   17.50   resident    8.50
  FAIL  cavity 2d 32             MaxIterations it=6  mom=145 p=828  red=3898  fields=DIFFER  first divergence: 2 (momentum solve (v residual))
        transfers/iteration   host-arm H2D   61.83 /     870332 B  D2H   674.33 /      292539 B  sync   656.67  alloc 375
        transfers/iteration   resident H2D   49.50 /     700517 B  D2H   658.33 /       58691 B  sync   649.67  alloc 359
        non-reduction D2H/iteration   host-arm   17.67   resident    8.67
  FAIL  channel 2d 16            MaxIterations it=8  mom=295 p=487  red=3124  fields=DIFFER  first divergence: 1 (momentum solve (v residual))
        transfers/iteration   host-arm H2D   49.38 /     176879 B  D2H   388.75 /       67926 B  sync   371.25  alloc 373
        transfers/iteration   resident H2D   37.12 /     135470 B  D2H   399.00 /       10858 B  sync   390.50  alloc 359
        non-reduction D2H/iteration   host-arm   17.50   resident    8.50
  FAIL  cavity 3d 6              MaxIterations it=6  mom=163 p=228  red=1566  fields=DIFFER  first divergence: 2 (momentum solve (v residual))
        transfers/iteration   host-arm H2D   67.83 /     302272 B  D2H   272.00 /       93641 B  sync   249.33  alloc 389
        transfers/iteration   resident H2D   49.50 /     243231 B  D2H   270.67 /       10871 B  sync   261.00  alloc 374
        non-reduction D2H/iteration   host-arm   22.67   resident    9.67

cases=4 failures=4  values compared=10998  bitwise=2012
NOT every compared value was bitwise identical
RESIDENT SIMPLE LOOP COMPARISON: FAIL
