# rl2_momentum_rhs_not_copied
# layer:       resident-simple-loop
# origin:      GPU-PIPE-001 final residency
# expectation: detect
# the assembled momentum right-hand side never reaches the Krylov workspace, so each momentum solve runs against whatever the PREVIOUS solve left in b -- the previous component's RHS, or the pressure correction's. Stale RHS and shared-workspace contamination in one.
# mutation applied to cuda/kernels/GpuSimpleDiscretizationCuda.cpp
# --- anchor ---
  copyToWorkspaceRhs(system.rhs, impl_->krylov);
  // The warm start. The host path passes `toVector(previousU)`, which is the
# --- became ---
  // MUTATED: the momentum RHS never reaches the solver workspace.
  // The warm start. The host path passes `toVector(previousU)`, which is the
# verdict: DETECTED
# first divergence: n/a

########## harness loop_comparison --quick -> exit 1 (DETECTED) ##########
=== GPU-PIPE-001 final residency: resident SIMPLE loop, controlled comparison ===
Arms differ ONLY in whether the GPU outer iteration is device-resident.
Every comparison is BITWISE.

  FAIL  cavity 2d 16             MaxIterations it=8  mom=245 p=581  red=3298  fields=DIFFER  first divergence: 1 (momentum solve (u residual))
        transfers/iteration   host-arm H2D   49.38 /     176877 B  D2H   394.00 /       68001 B  sync   376.50  alloc 375
        transfers/iteration   resident H2D   37.12 /     135468 B  D2H   420.75 /       11162 B  sync   412.25  alloc 359
        non-reduction D2H/iteration   host-arm   17.50   resident    8.50
  FAIL  cavity 2d 32             Converged it=1  mom=0 p=0  red=3  fields=DIFFER  first divergence: 1 (momentum solve (u residual))
        transfers/iteration   host-arm H2D  371.00 /    5221992 B  D2H  4046.00 /     1755232 B  sync  3940.00  alloc 375
        transfers/iteration   resident H2D  297.00 /    4203104 B  D2H    15.00 /       49800 B  sync     3.00  alloc 359
        non-reduction D2H/iteration   host-arm  106.00   resident   12.00
  FAIL  channel 2d 16            MaxIterations it=8  mom=234 p=483  red=2876  fields=DIFFER  first divergence: 1 (momentum solve (u residual))
        transfers/iteration   host-arm H2D   49.38 /     176879 B  D2H   388.75 /       67926 B  sync   371.25  alloc 373
        transfers/iteration   resident H2D   37.12 /     135470 B  D2H   368.00 /       10427 B  sync   359.50  alloc 359
        non-reduction D2H/iteration   host-arm   17.50   resident    8.50
  FAIL  cavity 3d 6              MaxIterations it=6  mom=269 p=246  red=2058  fields=DIFFER  first divergence: 1 (momentum solve (u residual))
        transfers/iteration   host-arm H2D   67.83 /     302272 B  D2H   272.00 /       93641 B  sync   249.33  alloc 389
        transfers/iteration   resident H2D   49.50 /     243231 B  D2H   352.67 /       12017 B  sync   343.00  alloc 374
        non-reduction D2H/iteration   host-arm   22.67   resident    9.67

cases=4 failures=4  values compared=10978  bitwise=1996
NOT every compared value was bitwise identical
RESIDENT SIMPLE LOOP COMPARISON: FAIL
