# rl5_krylov_guess_not_reset
# layer:       resident-simple-loop
# origin:      GPU-PIPE-001 final residency
# expectation: detect
# the initial guess is never written into the shared workspace at all, so each momentum solve inherits whatever x the previous solve left there -- the previous component's u*, or the pressure correction's p'. This is exactly 'workspace reuse without the required reset', and it is the control that justifies sharing ONE Krylov workspace between four resident solves per outer iteration.
# mutation applied to cuda/kernels/GpuSimpleDiscretizationCuda.cpp
# --- anchor ---
  copyToWorkspaceGuess(guess, impl_->krylov);

  cfd::algebra::SolverResult result =
# --- became ---
  // MUTATED: the workspace keeps the previous solve's x.

  cfd::algebra::SolverResult result =
# verdict: DETECTED
# first divergence: n/a

########## harness loop_comparison --quick -> exit 1 (DETECTED) ##########
=== GPU-PIPE-001 final residency: resident SIMPLE loop, controlled comparison ===
Arms differ ONLY in whether the GPU outer iteration is device-resident.
Every comparison is BITWISE.

  FAIL  cavity 2d 16             MaxIterations it=8  mom=202 p=554  red=3026  fields=DIFFER  first divergence: 1 (momentum solve (u residual))
        transfers/iteration   host-arm H2D   49.38 /     176877 B  D2H   394.00 /       68001 B  sync   376.50  alloc 375
        transfers/iteration   resident H2D   37.12 /     135468 B  D2H   386.75 /       10688 B  sync   378.25  alloc 359
        non-reduction D2H/iteration   host-arm   17.50   resident    8.50
  FAIL  cavity 2d 32             MaxIterations it=6  mom=158 p=831  red=3940  fields=DIFFER  first divergence: 1 (momentum solve (v residual))
        transfers/iteration   host-arm H2D   61.83 /     870332 B  D2H   674.33 /      292539 B  sync   656.67  alloc 375
        transfers/iteration   resident H2D   49.50 /     700517 B  D2H   665.33 /       59053 B  sync   656.67  alloc 359
        non-reduction D2H/iteration   host-arm   17.67   resident    8.67
  FAIL  channel 2d 16            MaxIterations it=8  mom=310 p=475  red=3134  fields=DIFFER  first divergence: 1 (momentum solve (u residual))
        transfers/iteration   host-arm H2D   49.38 /     176879 B  D2H   388.75 /       67926 B  sync   371.25  alloc 373
        transfers/iteration   resident H2D   37.12 /     135470 B  D2H   400.25 /       10875 B  sync   391.75  alloc 359
        non-reduction D2H/iteration   host-arm   17.50   resident    8.50
  FAIL  cavity 3d 6              MaxIterations it=6  mom=178 p=224  red=1606  fields=DIFFER  first divergence: 1 (momentum solve (u residual))
        transfers/iteration   host-arm H2D   67.83 /     302272 B  D2H   272.00 /       93641 B  sync   249.33  alloc 389
        transfers/iteration   resident H2D   49.50 /     243231 B  D2H   277.33 /       10963 B  sync   267.67  alloc 374
        non-reduction D2H/iteration   host-arm   22.67   resident    9.67

cases=4 failures=4  values compared=10983  bitwise=1997
NOT every compared value was bitwise identical
RESIDENT SIMPLE LOOP COMPARISON: FAIL
