# rl7_velocity_redownloaded_every_iteration -- restored src/pressure_velocity/SIMPLE.cpp
# sha256 ef5ee3c959ce9bcdeb0eaca73cd386fa683a904d203d3d3aebd1c4c8c5fc3283
# matches baseline: True
# clean baseline re-passes: True

########## harness loop_transfers -> exit 0 ##########
=== GPU-PIPE-001 final residency: resident SIMPLE loop transfer guard (AMENDMENT A1) ===
The RESIDENT arm. Every criterion must PASS here.

  --- cavity 2d 16  cells=256 faces=544 blocks=1  arm=RESIDENT  (budgets n=4,8,16) ---
      resident loop engaged: yes   resident pressure solve: yes
      H2D                0.00 calls              0.0 bytes/iteration
      D2H total        378.50 calls           9556.0 bytes/iteration
      D2H reductions   370.50 groups          5164.0 bytes/iteration  (645.5 quantities x 1 blocks x 8 B)
      D2H remaining      8.00 calls           4392.0 bytes/iteration
      of which the justified face-flux download is         4352.0 bytes; everything else       40.0 bytes
      sync   370.50/iteration   allocations 0.00   reallocations 0.00
      pass   [detection]  C1 H2D bytes/iteration < one cell field        0.000000 < 2048.000000
      pass   [detection]  C2 non-reduction D2H calls == enumeration      8.000000 == 8.000000
      pass   [detection]  C3 non-reduction D2H bytes < face + one field  4392.000000 < 6400.000000
      pass   [preserve]   C4 allocations/iteration == 0                  0.000000
      pass   [preserve]   C5 reallocations/iteration == 0                0.000000
      PASS
  --- channel 2d 16  cells=256 faces=544 blocks=1  arm=RESIDENT  (budgets n=4,8,16) ---
      resident loop engaged: yes   resident pressure solve: yes
      H2D                0.00 calls              0.0 bytes/iteration
      D2H total        396.50 calls           9806.7 bytes/iteration
      D2H reductions   388.50 groups          5414.7 bytes/iteration  (676.8 quantities x 1 blocks x 8 B)
      D2H remaining      8.00 calls           4392.0 bytes/iteration
      of which the justified face-flux download is         4352.0 bytes; everything else       40.0 bytes
      sync   388.50/iteration   allocations 0.00   reallocations 0.00
      pass   [detection]  C1 H2D bytes/iteration < one cell field        0.000000 < 2048.000000
      pass   [detection]  C2 non-reduction D2H calls == enumeration      8.000000 == 8.000000
      pass   [detection]  C3 non-reduction D2H bytes < face + one field  4392.000000 < 6400.000000
      pass   [preserve]   C4 allocations/iteration == 0                  0.000000
      pass   [preserve]   C5 reallocations/iteration == 0                0.000000
      PASS
  --- cavity 3d 6  cells=216 faces=756 blocks=1  arm=RESIDENT  (budgets n=4,8,16) ---
      resident loop engaged: yes   resident pressure solve: yes
      H2D                0.00 calls              0.0 bytes/iteration
      D2H total        229.33 calls           9150.0 bytes/iteration
      D2H reductions   220.33 groups          3054.0 bytes/iteration  (381.8 quantities x 1 blocks x 8 B)
      D2H remaining      9.00 calls           6096.0 bytes/iteration
      of which the justified face-flux download is         6048.0 bytes; everything else       48.0 bytes
      sync   220.33/iteration   allocations 0.00   reallocations 0.00
      pass   [detection]  C1 H2D bytes/iteration < one cell field        0.000000 < 1728.000000
      pass   [detection]  C2 non-reduction D2H calls == enumeration      9.000000 == 9.000000
      pass   [detection]  C3 non-reduction D2H bytes < face + one field  6096.000000 < 7776.000000
      pass   [preserve]   C4 allocations/iteration == 0                  0.000000
      pass   [preserve]   C5 reallocations/iteration == 0                0.000000
      PASS

LOOP TRANSFER GUARD: PASS
