# n2_stale_pprime_one_iteration
# the pressure correction upload is skipped on the 3rd outer iteration, so that iteration's corrections use the PREVIOUS p'
# mutation applied to src/pressure_velocity/SIMPLE.cpp
# --- anchor ---
    if (useGpuDiscretization) gpuDiscretization.setPressureCorrection(pResult.solution);
# --- became ---
    if (useGpuDiscretization && outerIteration != 3)
      gpuDiscretization.setPressureCorrection(pResult.solution);
# verdict: DETECTED (exit 1)
# first divergent iteration observed: 3
# expected:                          3
# first divergent stage:              velocity / face-flux correction -> continuity
# first divergent metric:             continuity

=== GPU-DISC-001N: full production solves, CPU vs GPU discretization ===
CUDA available: yes
Configuration and bounds adopted from tests/solver/simple/test_simple_gpu_solver.cpp: 3000 outer, 1e-6 outer tolerances, 1e-10/1e-8 linear, velocity/pressure bound 1e-6

  PASS C  cavity 2d 8 (controls) cpu[MaxIterations it=30] gpu[MaxIterations it=30 gpuDisc=1] residuals cpu[u=0.000281 v=0.000321 p=0.00496 cont=5.94e-11 mass=0]
                              gpu residuals   [u=0.000283 v=0.000322 p=0.00496 cont=5.54e-11 mass=0] linear iterations cpu[mom=759 p=1113] gpu[mom=761 p=1111]
  FAIL H  cavity 2d 8 (controls) 30 outer iterations compared, max history discrepancy 0.00361, first divergent iteration: 3
       first divergent stage: velocity / face-flux correction -> continuity   first divergent metric: continuity
  PASS F  cavity 2d 8 (controls) p[Linf=7.02e-05 L2=2.62e-05 rel=0.0251 bit=1/64] u[Linf=4.96e-05 L2=1.33e-05] v[Linf=4.91e-05] w[Linf=0] flux[Linf=3.64e-06 L2=9.99e-07 bit=32/144]   (TRANSIENT comparison -- not an acceptance result)
  PASS N  cavity 2d 8 (controls) finite[cpu+gpu] pairs=112 |dImbalance|=3.14e-11 maxCellImbalance=4.7e-10 globalNet cpu=0 gpu=0 maxBoundaryFlux=0 errors=0
       T                         cpu-arm[h2d=0 d2h=0 kern=0 sync=0] gpu-arm[h2d=650/486768B d2h=480/588240B kern=750 sync=0 alloc=345] per-iteration[h2d=21 d2h=16 kern=25]
       P                         cpu=0.008s gpu=0.172s outer=30  cpu/iter=0.0002651s gpu/iter=0.005742s ratio=21.7
  FAIL S  cavity 2d 8 (controls) per-iteration FIELD comparison over 30 iterations, max 0.039, first divergent iteration: 3
  PASS D  cavity 2d 8 (controls) each arm repeated: fields, iteration count and residual history bitwise identical (errors=0)

cases=6 failures=2
FULL SOLVE EQUIVALENCE: FAIL
