# n6_predictor_flux_from_previous_iteration
# the pressure correction is assembled from the PREVIOUS iteration's mass flux instead of this iteration's predicted flux
# mutation applied to cuda/kernels/GpuSimpleDiscretizationCuda.cpp
# --- anchor ---
  assemblePressureCorrectionDevice(
      impl_->pressureCorrection, impl_->predictorFlux, impl_->responseU, impl_->responseV,
# --- became ---
  assemblePressureCorrectionDevice(
      impl_->pressureCorrection, impl_->massFlux, impl_->responseU, impl_->responseV,
# verdict: DETECTED (exit 1)
# first divergent iteration observed: 1
# expected:                          1
# first divergent stage:              pressure-correction solve
# first divergent metric:             pressure residual

=== GPU-DISC-001N: full production solves, CPU vs GPU discretization ===
CUDA available: yes
Configuration and bounds adopted from tests/solver/simple/test_simple_gpu_solver.cpp: 3000 outer, 1e-6 outer tolerances, 1e-10/1e-8 linear, velocity/pressure bound 1e-6

  PASS C  cavity 2d 8 (controls) cpu[MaxIterations it=30] gpu[MaxIterations it=30 gpuDisc=1] residuals cpu[u=0.000281 v=0.000321 p=0.00496 cont=5.94e-11 mass=0]
                              gpu residuals   [u=0.000584 v=0.000489 p=0.00545 cont=0.000462 mass=0] linear iterations cpu[mom=759 p=1113] gpu[mom=779 p=1043]
  FAIL H  cavity 2d 8 (controls) 30 outer iterations compared, max history discrepancy 0.065, first divergent iteration: 1
       first divergent stage: pressure-correction solve   first divergent metric: pressure residual
  PASS F  cavity 2d 8 (controls) p[Linf=0.0173 L2=0.0064 rel=16.6 bit=1/64] u[Linf=0.0136 L2=0.00362] v[Linf=0.0111] w[Linf=0] flux[Linf=0.00116 L2=0.000324 bit=32/144]   (TRANSIENT comparison -- not an acceptance result)
  PASS N  cavity 2d 8 (controls) finite[cpu+gpu] pairs=112 |dImbalance|=0.00122 maxCellImbalance=4.7e-10 globalNet cpu=0 gpu=0 maxBoundaryFlux=0 errors=0
       T                         cpu-arm[h2d=0 d2h=0 kern=0 sync=0] gpu-arm[h2d=651/487280B d2h=480/588240B kern=750 sync=0 alloc=345] per-iteration[h2d=21 d2h=16 kern=25]
       P                         cpu=0.008s gpu=0.162s outer=30  cpu/iter=0.0002749s gpu/iter=0.00539s ratio=19.6
  FAIL S  cavity 2d 8 (controls) per-iteration FIELD comparison over 30 iterations, max 0.18, first divergent iteration: 1
  PASS D  cavity 2d 8 (controls) each arm repeated: fields, iteration count and residual history bitwise identical (errors=0)

cases=6 failures=2
FULL SOLVE EQUIVALENCE: FAIL
