CFDApp

Case: Lid-Driven Cavity Re=100 (40x40)
Mesh: 40 x 40
Mesh quality: valid
  cells: 1600, cell area: 0.000625 .. 0.000625, degenerate cells: 0, invalid faces: 0
  max aspect ratio: 1 (cell 0 at (0.0125, 0.0125))
  max non-orthogonality (deg): 0 (face 1 at (0.025, 0.0125))
  max skewness: 0 (face 1 at (0.025, 0.0125))
  max expansion ratio: 1 (face 1 at (0.025, 0.0125))
Solver: SIMPLE

Converged: yes
Iterations: 6159

U residual: 2.80274e-08
V residual: 1.7286e-08
P residual: 9.99489e-07
Continuity: 8.7233e-09
Mass imbalance: 0
NaN/Inf: no

Results:
  JSON:      /tmp/gpudisc-smoke/case/results/metadata.json
  Residuals: /tmp/gpudisc-smoke/case/results/residuals.csv
  CSV:       /tmp/gpudisc-smoke/case/results/fields.csv
  VTK:       /tmp/gpudisc-smoke/case/results/solution.vtk
