# P12-DIFF-002 A2 diff2_activation (libcfdcore.a sha256 58be6b751328c9bb); 2026-09-16T07:50:52Z
# git HEAD b66310ca871811c4c7671056beec291a451af55c
# probe sha256 68e0643783a5242f

# P12-DIFF-002 A2 activation consistency: does the Dirichlet wall-flux SCHEME
# depend on solver.json non_orthogonal_corrections (N = 0, 1, 2)?  It must not.
# bvc = the exact per-row boundaryValueCoefficient, isolated by differencing the
# prescribed boundary value (assembly is linear in it, so this is exact).
# REQUIRED AFTER A2: every 'N0==N1' and 'N1==N2' reads BITWISE-SAME.
# NEGATIVE CONTROL (pre-A2): 'N0==N1' must read DIFFERENT somewhere, or the
# instrument cannot detect the live activation defect.

## thermal
thermal  orthogonal Cartesian 16x16            scale 3.200000e+00 | bvc: N0==N1 BITWISE-SAME  (max|d| 0.000000e+00)  N1==N2 BITWISE-SAME  (max|d| 0.000000e+00) | system: N0==N1 BITWISE-SAME, N1==N2 BITWISE-SAME
thermal  orthogonal Cartesian 3D 8x8x8         scale 6.000000e-01 | bvc: N0==N1 BITWISE-SAME  (max|d| 0.000000e+00)  N1==N2 BITWISE-SAME  (max|d| 0.000000e+00) | system: N0==N1 BITWISE-SAME, N1==N2 BITWISE-SAME
thermal  orthogonal graded 16x16 r=1.2         scale 5.643510e+00 | bvc: N0==N1 BITWISE-SAME  (max|d| 0.000000e+00)  N1==N2 BITWISE-SAME  (max|d| 0.000000e+00) | system: N0==N1 BITWISE-SAME, N1==N2 BITWISE-SAME
thermal  DISTORTED 16x16 shear 0.45            scale 4.937065e+00 | bvc: N0==N1 DIFFERENT     (max|d| 8.808252e-01)  N1==N2 BITWISE-SAME  (max|d| 0.000000e+00) | system: n/a (non-orthogonal: internal correction legitimately differs)

## species
species  orthogonal Cartesian 16x16            scale 5.322667e-02 | bvc: N0==N1 BITWISE-SAME  (max|d| 0.000000e+00)  N1==N2 BITWISE-SAME  (max|d| 0.000000e+00) | system: N0==N1 BITWISE-SAME, N1==N2 BITWISE-SAME
species  orthogonal Cartesian 3D 8x8x8         scale 9.980000e-03 | bvc: N0==N1 BITWISE-SAME  (max|d| 0.000000e+00)  N1==N2 BITWISE-SAME  (max|d| 0.000000e+00) | system: N0==N1 BITWISE-SAME, N1==N2 BITWISE-SAME
species  orthogonal graded 16x16 r=1.2         scale 9.387038e-02 | bvc: N0==N1 BITWISE-SAME  (max|d| 0.000000e+00)  N1==N2 BITWISE-SAME  (max|d| 0.000000e+00) | system: N0==N1 BITWISE-SAME, N1==N2 BITWISE-SAME
species  DISTORTED 16x16 shear 0.45            scale 8.211984e-02 | bvc: N0==N1 DIFFERENT     (max|d| 1.465106e-02)  N1==N2 BITWISE-SAME  (max|d| 0.000000e+00) | system: n/a (non-orthogonal: internal correction legitimately differs)

## k-epsilon
k-epsilon  orthogonal Cartesian 16x16          scale 1.973333e+00 | bvc: N0==N1 BITWISE-SAME  (max|d| 0.000000e+00)  N1==N2 BITWISE-SAME  (max|d| 0.000000e+00) | system: N0==N1 BITWISE-SAME, N1==N2 BITWISE-SAME
k-epsilon  orthogonal Cartesian 3D 8x8x8       scale 3.700000e-01 | bvc: N0==N1 BITWISE-SAME  (max|d| 0.000000e+00)  N1==N2 BITWISE-SAME  (max|d| 0.000000e+00) | system: N0==N1 BITWISE-SAME, N1==N2 BITWISE-SAME
k-epsilon  orthogonal graded 16x16 r=1.2       scale 3.480164e+00 | bvc: N0==N1 BITWISE-SAME  (max|d| 0.000000e+00)  N1==N2 BITWISE-SAME  (max|d| 0.000000e+00) | system: N0==N1 BITWISE-SAME, N1==N2 BITWISE-SAME
k-epsilon  DISTORTED 16x16 shear 0.45          scale 3.044523e+00 | bvc: N0==N1 DIFFERENT     (max|d| 5.431755e-01)  N1==N2 BITWISE-SAME  (max|d| 0.000000e+00) | system: n/a (non-orthogonal: internal correction legitimately differs)

## momentum
momentum  orthogonal Cartesian 16x16           scale 5.333333e-03 | bvc: N0==N1 BITWISE-SAME  (max|d| 0.000000e+00)  N1==N2 BITWISE-SAME  (max|d| 0.000000e+00) | system: N0==N1 BITWISE-SAME, N1==N2 BITWISE-SAME
momentum  orthogonal Cartesian 3D 8x8x8        scale 1.000000e-03 | bvc: N0==N1 BITWISE-SAME  (max|d| 0.000000e+00)  N1==N2 BITWISE-SAME  (max|d| 0.000000e+00) | system: N0==N1 BITWISE-SAME, N1==N2 BITWISE-SAME
momentum  orthogonal graded 16x16 r=1.2        scale 9.405850e-03 | bvc: N0==N1 BITWISE-SAME  (max|d| 0.000000e+00)  N1==N2 BITWISE-SAME  (max|d| 0.000000e+00) | system: N0==N1 BITWISE-SAME, N1==N2 BITWISE-SAME
momentum  DISTORTED 16x16 shear 0.45           scale 7.727811e-03 | bvc: N0==N1 DIFFERENT     (max|d| 9.770379e-04)  N1==N2 BITWISE-SAME  (max|d| 0.000000e+00) | system: n/a (non-orthogonal: internal correction legitimately differs)

exit 0
